1.247.48.236 - - [01/Jan/2020:00:08:00 +0900] "GET /home/main/main.do HTTP/1.1" 200 8898
1.247.48.236 - - [01/Jan/2020:00:08:01 +0900] "GET /error/kr/error.jsp HTTP/1.1" 500 3762
125.209.235.179 - - [01/Jan/2020:00:08:20 +0900] "GET /error/kr/error.jsp HTTP/1.1" 500 3570
1.247.48.236 - - [01/Jan/2020:00:08:23 +0900] "GET /home/whoweare/korea.do HTTP/1.1" 200 45742
87.18.233.188 - - [01/Jan/2020:00:09:07 +0900] "GET /index.jsp HTTP/1.1" 302 -
40.77.167.42 - - [01/Jan/2020:00:09:12 +0900] "GET /error/kr/error.jsp HTTP/1.1" 500 3570
1.247.48.236 - - [01/Jan/2020:00:10:11 +0900] "GET /home/main/main.do HTTP/1.1" 200 8898
193.111.62.163 - - [01/Jan/2020:00:10:31 +0900] "GET /home/news/news/list.do HTTP/1.1" 200 7091
115.46.87.192 - - [01/Jan/2020:00:11:36 +0900] "GET /index.jsp HTTP/1.1" 302 -
5.101.0.209 - - [01/Jan/2020:00:14:00 +0900] "GET /error/kr/error.jsp HTTP/1.1" 500 3570
207.46.13.7 - - [01/Jan/2020:00:18:50 +0900] "GET /error/kr/error.jsp HTTP/1.1" 500 3570
5.101.0.209 - - [01/Jan/2020:00:18:57 +0900] "GET /index.jsp?XDEBUG_SESSION_START=phpstorm HTTP/1.1" 302 -
5.101.0.209 - - [01/Jan/2020:00:18:57 +0900] "GET /index.jsp?a=fetch&content=<php>die(@md5(HelloThinkCMF))</php> HTTP/1.1" 302 -
5.101.0.209 - - [01/Jan/2020:00:18:57 +0900] "GET /home/main/main.do HTTP/1.1" 200 12222
5.101.0.209 - - [01/Jan/2020:00:18:58 +0900] "GET /home/main/main.do HTTP/1.1" 200 12222
5.101.0.209 - - [01/Jan/2020:00:19:33 +0900] "GET /error/kr/error.jsp HTTP/1.1" 500 3570
211.218.213.79 - - [01/Jan/2020:00:34:15 +0900] "GET /home/whoweare/korea.do HTTP/1.1" 200 45742
45.33.66.85 - - [01/Jan/2020:00:42:08 +0900] "GET /error/kr/error.jsp HTTP/1.1" 500 3570
119.200.89.107 - - [01/Jan/2020:00:47:28 +0900] "GET /index.jsp HTTP/1.1" 302 -
193.57.40.46 - - [01/Jan/2020:00:51:05 +0900] "GET /index.jsp?XDEBUG_SESSION_START=phpstorm HTTP/1.1" 302 -
193.57.40.46 - - [01/Jan/2020:00:51:06 +0900] "GET /home/main/main.do HTTP/1.1" 200 12222
188.113.141.229 - - [01/Jan/2020:01:00:40 +0900] "GET /index.jsp HTTP/1.1" 302 -
34.199.176.251 - - [01/Jan/2020:01:00:53 +0900] "GET /home/news/news/view.do?num=1 HTTP/1.1" 200 8971
34.199.176.251 - - [01/Jan/2020:01:00:54 +0900] "GET /home/news/news/view.do HTTP/1.1" 500 3570
200.100.198.15 - - [01/Jan/2020:01:02:32 +0900] "GET /index.jsp HTTP/1.1" 302 -
200.100.198.15 - - [01/Jan/2020:01:02:33 +0900] "GET /index.jsp HTTP/1.1" 302 -
17.58.96.118 - - [01/Jan/2020:01:03:57 +0900] "GET /home/news/news/view.do?num=3 HTTP/1.1" 200 5573
85.185.195.32 - - [01/Jan/2020:01:09:11 +0900] "GET /index.jsp HTTP/1.1" 302 -
121.254.147.237 - - [01/Jan/2020:01:12:14 +0900] "GET /index.jsp HTTP/1.1" 302 -
121.254.147.237 - - [01/Jan/2020:01:12:14 +0900] "GET /home/en/main/main.do HTTP/1.1" 200 11080
193.111.62.163 - - [01/Jan/2020:01:15:16 +0900] "GET /home/news/news/list.do HTTP/1.1" 200 7091
119.207.72.79 - - [01/Jan/2020:01:21:37 +0900] "GET /index.jsp HTTP/1.1" 302 -
119.207.72.79 - - [01/Jan/2020:01:21:37 +0900] "GET /home/main/main.do HTTP/1.1" 200 12222
85.204.246.240 - - [01/Jan/2020:01:22:12 +0900] "GET /error/kr/error.jsp HTTP/1.1" 500 3570
85.204.246.240 - - [01/Jan/2020:01:22:12 +0900] "GET /error/kr/error.jsp HTTP/1.1" 500 3570
113.98.117.182 - - [01/Jan/2020:01:23:01 +0900] "GET /error/kr/error.jsp HTTP/1.1" 500 3570
219.250.44.191 - - [01/Jan/2020:01:23:54 +0900] "GET /index.jsp?ko HTTP/1.1" 302 -
219.250.44.191 - - [01/Jan/2020:01:23:54 +0900] "GET /home/main/main.do HTTP/1.1" 200 12222
219.250.44.191 - - [01/Jan/2020:01:23:55 +0900] "GET /index.jsp?ko HTTP/1.1" 302 -
219.250.44.191 - - [01/Jan/2020:01:23:55 +0900] "GET /home/main/main.do HTTP/1.1" 200 12222
219.250.44.191 - - [01/Jan/2020:01:23:55 +0900] "GET /home/main/main.do HTTP/1.1" 200 12222
180.163.220.96 - - [01/Jan/2020:01:32:44 +0900] "GET /index.jsp HTTP/1.1" 302 -
180.163.220.96 - - [01/Jan/2020:01:32:44 +0900] "GET /home/en/main/main.do HTTP/1.1" 200 11080
34.199.176.251 - - [01/Jan/2020:01:32:47 +0900] "GET /index.jsp HTTP/1.1" 302 -
34.199.176.251 - - [01/Jan/2020:01:32:47 +0900] "GET /home/main/main.do HTTP/1.1" 200 12222
119.207.72.77 - - [01/Jan/2020:01:33:43 +0900] "GET /home/main/main.do HTTP/1.1" 200 12222
119.207.72.161 - - [01/Jan/2020:01:33:46 +0900] "GET /home/main/main.do HTTP/1.1" 200 12222
34.199.176.251 - - [01/Jan/2020:01:34:43 +0900] "GET /index.jsp HTTP/1.1" 302 -
34.199.176.251 - - [01/Jan/2020:01:34:43 +0900] "GET /home/main/main.do HTTP/1.1" 200 12222
119.207.72.73 - - [01/Jan/2020:01:45:15 +0900] "GET /home/main/main.do HTTP/1.1" 200 12222
119.207.72.113 - - [01/Jan/2020:01:45:16 +0900] "GET /home/main/main.do HTTP/1.1" 200 12222
139.9.133.16 - - [01/Jan/2020:01:48:47 +0900] "GET /error/kr/error.jsp HTTP/1.1" 500 3570
139.9.133.16 - - [01/Jan/2020:01:48:48 +0900] "GET /error/kr/error.jsp HTTP/1.1" 500 3570
3.11.8.156 - - [01/Jan/2020:01:50:46 +0900] "HEAD /index.jsp HTTP/1.1" 302 -
3.11.8.156 - - [01/Jan/2020:01:51:16 +0900] "HEAD /home/main/main.do HTTP/1.1" 200 -
119.207.72.68 - - [01/Jan/2020:01:55:12 +0900] "GET /home/meetourpartners/all.do HTTP/1.1" 200 101569
207.46.13.83 - - [01/Jan/2020:01:59:00 +0900] "GET /error/kr/error.jsp HTTP/1.1" 500 3570
35.163.58.191 - - [01/Jan/2020:02:05:07 +0900] "HEAD /index.jsp HTTP/1.1" 302 -
35.163.58.191 - - [01/Jan/2020:02:05:08 +0900] "HEAD /home/main/main.do HTTP/1.1" 200 -
125.209.235.172 - - [01/Jan/2020:02:08:19 +0900] "GET /error/kr/error.jsp HTTP/1.1" 500 3570
91.240.109.1 - - [01/Jan/2020:02:10:51 +0900] "GET /index.jsp HTTP/1.1" 302 -
91.240.109.1 - - [01/Jan/2020:02:10:51 +0900] "GET /home/main/main.do HTTP/1.1" 200 12222
104.196.29.143 - - [01/Jan/2020:02:15:36 +0900] "GET /error/kr/error.jsp HTTP/1.0" 500 3570
104.196.29.143 - - [01/Jan/2020:02:15:36 +0900] "GET /home/en/about/about.do HTTP/1.0" 200 14811
193.111.62.163 - - [01/Jan/2020:02:17:10 +0900] "GET /home/news/news/list.do HTTP/1.1" 200 7091
104.196.29.143 - - [01/Jan/2020:02:21:23 +0900] "GET /error/kr/error.jsp HTTP/1.0" 500 3570
104.196.29.143 - - [01/Jan/2020:02:21:23 +0900] "GET /home/en/watwedo/overview.do HTTP/1.0" 200 6156
104.196.29.143 - - [01/Jan/2020:02:22:27 +0900] "GET /error/kr/error.jsp HTTP/1.0" 500 3570
104.196.29.143 - - [01/Jan/2020:02:22:27 +0900] "GET /home/main/main.do HTTP/1.0" 200 12222
5.32.135.181 - - [01/Jan/2020:02:23:46 +0900] "GET /index.jsp HTTP/1.1" 302 -
207.46.13.83 - - [01/Jan/2020:02:25:36 +0900] "GET /error/kr/error.jsp HTTP/1.1" 500 3570
104.196.29.143 - - [01/Jan/2020:02:27:27 +0900] "GET /error/kr/error.jsp HTTP/1.0" 500 3570
104.196.29.143 - - [01/Jan/2020:02:27:27 +0900] "GET /home/en/meetourpartners/all.do HTTP/1.0" 200 95227
104.196.29.143 - - [01/Jan/2020:02:35:34 +0900] "GET /error/kr/error.jsp HTTP/1.0" 500 3570
104.196.29.143 - - [01/Jan/2020:02:35:35 +0900] "GET /home/en/watwedo/philosophy.do HTTP/1.0" 200 7112
104.196.29.143 - - [01/Jan/2020:02:39:24 +0900] "GET /error/kr/error.jsp HTTP/1.0" 500 3570
104.196.29.143 - - [01/Jan/2020:02:39:25 +0900] "GET /home/en/whoweare/korea.do HTTP/1.0" 200 31310
104.196.29.143 - - [01/Jan/2020:02:41:58 +0900] "GET /error/kr/error.jsp HTTP/1.0" 500 3570
104.196.29.143 - - [01/Jan/2020:02:41:59 +0900] "GET /home/en/contact/contact.do HTTP/1.0" 200 5187
104.196.29.143 - - [01/Jan/2020:02:42:49 +0900] "GET /error/kr/error.jsp HTTP/1.0" 500 3570
104.196.29.143 - - [01/Jan/2020:02:42:49 +0900] "GET /home/en/meetourpartners/all.do HTTP/1.0" 200 95227
104.196.29.143 - - [01/Jan/2020:02:42:53 +0900] "GET /error/kr/error.jsp HTTP/1.0" 500 3570
104.196.29.143 - - [01/Jan/2020:02:42:54 +0900] "GET /home/en/watwedo/overview.do HTTP/1.0" 200 6156
104.196.29.143 - - [01/Jan/2020:02:42:55 +0900] "GET /error/kr/error.jsp HTTP/1.0" 500 3570
104.196.29.143 - - [01/Jan/2020:02:42:56 +0900] "GET /home/en/whoweare/korea.do HTTP/1.0" 200 31310
104.196.29.143 - - [01/Jan/2020:02:42:58 +0900] "GET /error/kr/error.jsp HTTP/1.0" 500 3570
104.196.29.143 - - [01/Jan/2020:02:42:58 +0900] "GET /home/en/about/about.do HTTP/1.0" 200 14811
104.196.29.143 - - [01/Jan/2020:02:42:59 +0900] "GET /error/kr/error.jsp HTTP/1.0" 500 3570
104.196.29.143 - - [01/Jan/2020:02:43:00 +0900] "GET /home/en/contact/contact.do HTTP/1.0" 200 5187
104.196.29.143 - - [01/Jan/2020:02:43:01 +0900] "GET /error/kr/error.jsp HTTP/1.0" 500 3570
104.196.29.143 - - [01/Jan/2020:02:43:02 +0900] "GET /home/en/watwedo/philosophy.do HTTP/1.0" 200 7112
104.196.29.143 - - [01/Jan/2020:02:43:03 +0900] "GET /error/kr/error.jsp HTTP/1.0" 500 3570
104.196.29.143 - - [01/Jan/2020:02:43:03 +0900] "GET /home/main/main.do HTTP/1.0" 200 12222
24.210.162.103 - - [01/Jan/2020:02:44:45 +0900] "GET /index.jsp HTTP/1.1" 302 -
24.210.162.103 - - [01/Jan/2020:02:44:45 +0900] "GET /home/en/main/main.do HTTP/1.1" 200 11080
24.210.162.103 - - [01/Jan/2020:02:44:54 +0900] "GET /home/en/whoweare/korea.do HTTP/1.1" 200 31310
24.210.162.103 - - [01/Jan/2020:02:45:01 +0900] "GET /home/en/contact/contact.do HTTP/1.1" 200 5187
24.210.162.103 - - [01/Jan/2020:02:45:07 +0900] "GET /home/en/whoweare/korea.do HTTP/1.1" 200 31310
24.210.162.103 - - [01/Jan/2020:02:45:20 +0900] "GET /home/en/watwedo/overview.do HTTP/1.1" 200 6156
24.210.162.103 - - [01/Jan/2020:02:45:34 +0900] "GET /home/en/meetourpartners/all.do HTTP/1.1" 200 95227
24.210.162.103 - - [01/Jan/2020:02:45:37 +0900] "GET /home/en/meetourpartners/domestic.do HTTP/1.1" 200 69240
24.210.162.103 - - [01/Jan/2020:02:45:38 +0900] "GET /home/en/meetourpartners/domestic.do HTTP/1.1" 200 69240
24.210.162.103 - - [01/Jan/2020:02:45:42 +0900] "GET /home/en/meetourpartners/all.do HTTP/1.1" 200 95227
24.210.162.103 - - [01/Jan/2020:02:45:46 +0900] "GET /home/en/meetourpartners/all.do HTTP/1.1" 200 95227
24.210.162.103 - - [01/Jan/2020:02:45:49 +0900] "GET /home/en/whoweare/korea.do HTTP/1.1" 200 31310
13.233.51.20 - - [01/Jan/2020:02:52:13 +0900] "HEAD /index.jsp HTTP/1.1" 302 -
13.233.51.20 - - [01/Jan/2020:02:52:13 +0900] "HEAD /home/main/main.do HTTP/1.1" 200 -
103.131.71.43 - - [01/Jan/2020:02:55:24 +0900] "GET /error/kr/error.jsp HTTP/1.1" 500 3570
83.97.20.46 - - [01/Jan/2020:02:56:29 +0900] "GET /index.jsp HTTP/1.0" 302 -
157.55.39.43 - - [01/Jan/2020:02:57:31 +0900] "GET /error/kr/error.jsp HTTP/1.1" 500 3570
66.249.64.214 - - [01/Jan/2020:02:57:47 +0900] "GET /error/kr/error.jsp HTTP/1.1" 500 3570
157.55.39.203 - - [01/Jan/2020:03:03:34 +0900] "GET /error/kr/error.jsp HTTP/1.1" 500 3570
54.146.43.69 - - [01/Jan/2020:03:10:28 +0900] "GET /error/kr/error.jsp HTTP/1.0" 500 3570
193.111.62.163 - - [01/Jan/2020:03:17:14 +0900] "GET /home/news/news/list.do HTTP/1.1" 200 7091
207.46.13.191 - - [01/Jan/2020:03:24:37 +0900] "GET /error/kr/error.jsp HTTP/1.1" 500 3570
157.55.39.203 - - [01/Jan/2020:03:37:12 +0900] "GET /error/kr/error.jsp HTTP/1.1" 500 3570
103.131.71.140 - - [01/Jan/2020:03:38:46 +0900] "GET /error/kr/error.jsp HTTP/1.1" 500 3570
3.112.209.4 - - [01/Jan/2020:03:42:24 +0900] "GET /index.jsp HTTP/1.1" 302 -
3.112.209.4 - - [01/Jan/2020:03:42:24 +0900] "GET /home/main/main.do HTTP/1.1" 200 12222
46.245.39.37 - - [01/Jan/2020:04:06:05 +0900] "GET /index.jsp HTTP/1.1" 302 -
125.209.235.181 - - [01/Jan/2020:04:08:20 +0900] "GET /error/kr/error.jsp HTTP/1.1" 500 3570
178.73.215.171 - - [01/Jan/2020:04:09:39 +0900] "GET /index.jsp HTTP/1.0" 302 -
193.111.62.163 - - [01/Jan/2020:04:12:46 +0900] "GET /home/news/news/list.do HTTP/1.1" 200 7091
157.55.39.203 - - [01/Jan/2020:04:19:37 +0900] "GET /home/en/watwedo/history.do HTTP/1.1" 200 10541
216.244.66.242 - - [01/Jan/2020:04:23:11 +0900] "GET /error/kr/error.jsp HTTP/1.1" 500 3570
178.216.26.175 - - [01/Jan/2020:04:24:32 +0900] "GET /index.jsp HTTP/1.1" 302 -
23.100.232.233 - - [01/Jan/2020:04:39:46 +0900] "GET /index.jsp HTTP/1.1" 302 -
23.100.232.233 - - [01/Jan/2020:04:39:46 +0900] "GET /home/en/main/main.do HTTP/1.1" 200 11080
207.46.13.7 - - [01/Jan/2020:04:41:06 +0900] "GET /error/kr/error.jsp HTTP/1.1" 500 3570
54.196.77.217 - - [01/Jan/2020:04:42:12 +0900] "GET /error/kr/error.jsp HTTP/1.1" 500 3570
54.196.77.217 - - [01/Jan/2020:04:42:14 +0900] "GET /error/kr/error.jsp HTTP/1.1" 500 3570
17.58.96.118 - - [01/Jan/2020:04:55:02 +0900] "GET /home/meetourpartners/all.do HTTP/1.1" 200 101569
66.249.64.212 - - [01/Jan/2020:05:07:19 +0900] "GET /error/kr/error.jsp HTTP/1.1" 500 3570
23.100.232.233 - - [01/Jan/2020:05:12:18 +0900] "GET /index.jsp HTTP/1.1" 302 -
23.100.232.233 - - [01/Jan/2020:05:12:18 +0900] "GET /home/en/main/main.do HTTP/1.1" 200 11080
193.111.62.163 - - [01/Jan/2020:05:13:03 +0900] "GET /home/news/news/list.do HTTP/1.1" 200 7091
103.82.235.2 - - [01/Jan/2020:05:21:17 +0900] "GET /error/kr/error.jsp HTTP/1.1" 500 3570
89.163.242.78 - - [01/Jan/2020:05:21:27 +0900] "GET /error/kr/error.jsp HTTP/1.1" 500 3570
34.199.176.251 - - [01/Jan/2020:05:25:21 +0900] "GET /index.jsp HTTP/1.1" 302 -
34.199.176.251 - - [01/Jan/2020:05:25:21 +0900] "GET /home/main/main.do HTTP/1.1" 200 12222
45.33.66.85 - - [01/Jan/2020:05:42:07 +0900] "GET /error/kr/error.jsp HTTP/1.1" 500 3570
138.197.77.243 - - [01/Jan/2020:05:46:28 +0900] "GET /index.jsp HTTP/1.1" 302 -
138.197.77.243 - - [01/Jan/2020:05:46:28 +0900] "GET /home/main/main.do HTTP/1.1" 200 12222
138.197.77.243 - - [01/Jan/2020:05:46:49 +0900] "GET /error/kr/error.jsp HTTP/1.1" 500 3570
138.197.77.243 - - [01/Jan/2020:05:46:53 +0900] "GET /home/watwedo/overview.do HTTP/1.1" 200 6147
138.197.77.243 - - [01/Jan/2020:05:46:53 +0900] "GET /home/whoweare/korea.do HTTP/1.1" 200 31387
138.197.77.243 - - [01/Jan/2020:05:46:53 +0900] "GET /home/en/main/main.do HTTP/1.1" 200 11080
138.197.77.243 - - [01/Jan/2020:05:46:53 +0900] "GET /home/meetourpartners/all.do HTTP/1.1" 200 101569
138.197.77.243 - - [01/Jan/2020:05:46:53 +0900] "GET /home/news/news/list.do HTTP/1.1" 200 7091
138.197.77.243 - - [01/Jan/2020:05:46:54 +0900] "GET /home/contact/contact.do HTTP/1.1" 200 5224
138.197.77.243 - - [01/Jan/2020:05:46:54 +0900] "GET /home/news/news/view.do?num=1 HTTP/1.1" 200 8971
138.197.77.243 - - [01/Jan/2020:05:46:54 +0900] "GET /home/news/news/view.do?num=3 HTTP/1.1" 200 5573
138.197.77.243 - - [01/Jan/2020:05:46:54 +0900] "GET /home/about/about.do HTTP/1.1" 200 14216
138.197.77.243 - - [01/Jan/2020:05:46:54 +0900] "GET /home/watwedo/philosophy.do HTTP/1.1" 200 7162
138.197.77.243 - - [01/Jan/2020:05:46:54 +0900] "GET /home/news/news/view.do?num=2 HTTP/1.1" 200 6974
125.209.235.186 - - [01/Jan/2020:06:08:19 +0900] "GET /error/kr/error.jsp HTTP/1.1" 500 3570
23.100.232.233 - - [01/Jan/2020:06:10:48 +0900] "GET /index.jsp HTTP/1.1" 302 -
23.100.232.233 - - [01/Jan/2020:06:10:48 +0900] "GET /home/en/main/main.do HTTP/1.1" 200 11080
157.55.39.203 - - [01/Jan/2020:06:12:57 +0900] "GET /error/kr/error.jsp HTTP/1.1" 500 3570
193.111.62.163 - - [01/Jan/2020:06:15:56 +0900] "GET /home/news/news/list.do HTTP/1.1" 200 7091
207.46.13.191 - - [01/Jan/2020:06:16:27 +0900] "GET /error/kr/error.jsp HTTP/1.1" 500 3570
17.58.96.118 - - [01/Jan/2020:06:27:27 +0900] "GET /home/news/news/view.do?num=3 HTTP/1.1" 200 5573
122.228.19.80 - - [01/Jan/2020:06:43:44 +0900] "GET /error/kr/error.jsp HTTP/1.1" 500 3570
157.55.39.125 - - [01/Jan/2020:06:49:42 +0900] "GET /error/kr/error.jsp HTTP/1.1" 500 3570
77.75.76.165 - - [01/Jan/2020:07:00:43 +0900] "GET /error/kr/error.jsp HTTP/1.1" 500 3570
222.231.30.115 - - [01/Jan/2020:07:06:19 +0900] "GET /index.jsp HTTP/1.1" 302 -
222.231.30.115 - - [01/Jan/2020:07:06:19 +0900] "GET /home/main/main.do HTTP/1.1" 200 12222
222.231.30.115 - - [01/Jan/2020:07:06:21 +0900] "GET /home/main/main.do HTTP/1.1" 200 12222
222.231.30.115 - - [01/Jan/2020:07:06:21 +0900] "GET /home/main/main.do HTTP/1.1" 200 12222
193.111.62.163 - - [01/Jan/2020:07:12:23 +0900] "GET /home/news/news/list.do HTTP/1.1" 200 7091
45.182.156.3 - - [01/Jan/2020:07:23:19 +0900] "GET /index.jsp HTTP/1.1" 302 -
119.207.72.73 - - [01/Jan/2020:07:23:40 +0900] "GET /home/watwedo/overview.do HTTP/1.1" 200 6147
138.255.220.19 - - [01/Jan/2020:07:35:39 +0900] "GET /index.jsp HTTP/1.1" 302 -
89.163.146.232 - - [01/Jan/2020:07:45:20 +0900] "GET /error/kr/error.jsp HTTP/1.1" 500 3570
207.46.13.166 - - [01/Jan/2020:07:46:11 +0900] "GET /home/en/meetourpartners/domestic.do HTTP/1.1" 200 69240
119.207.72.160 - - [01/Jan/2020:07:48:22 +0900] "GET /index.jsp HTTP/1.1" 302 -
119.207.72.160 - - [01/Jan/2020:07:48:22 +0900] "GET /home/main/main.do HTTP/1.1" 200 12222
40.77.167.148 - - [01/Jan/2020:07:51:06 +0900] "GET /error/kr/error.jsp HTTP/1.1" 500 3570
38.99.62.91 - - [01/Jan/2020:08:02:54 +0900] "GET /home/news/news/list.do?page=1 HTTP/1.1" 200 7091
38.99.62.91 - - [01/Jan/2020:08:03:34 +0900] "GET /home/news/news/list.do?page=2 HTTP/1.1" 200 6849
38.99.62.91 - - [01/Jan/2020:08:04:14 +0900] "GET /home/news/news/list.do HTTP/1.1" 200 7091
38.99.62.91 - - [01/Jan/2020:08:04:53 +0900] "GET /home/contact/contact.do HTTP/1.1" 200 5224
38.99.62.91 - - [01/Jan/2020:08:05:44 +0900] "GET /home/about/about.do HTTP/1.1" 200 14216
38.99.62.91 - - [01/Jan/2020:08:06:48 +0900] "GET /home/news/news/view.do?num=1 HTTP/1.1" 200 8971
38.99.62.91 - - [01/Jan/2020:08:07:14 +0900] "GET /home/news/news/view.do?page=&num=2 HTTP/1.1" 200 6974
38.99.62.91 - - [01/Jan/2020:08:07:39 +0900] "GET /home/news/news/list.do?page= HTTP/1.1" 200 7091
125.209.235.170 - - [01/Jan/2020:08:08:17 +0900] "GET /error/kr/error.jsp HTTP/1.1" 500 3570
38.99.62.91 - - [01/Jan/2020:08:08:19 +0900] "GET /home/news/news/view.do?num=1 HTTP/1.1" 200 8971
125.209.235.177 - - [01/Jan/2020:08:08:20 +0900] "GET /error/kr/error.jsp HTTP/1.1" 500 3570
38.99.62.91 - - [01/Jan/2020:08:08:58 +0900] "GET /home/news/news/view.do?num=3 HTTP/1.1" 200 5573
38.99.62.91 - - [01/Jan/2020:08:09:37 +0900] "GET /home/news/news/view.do?page=&num=4 HTTP/1.1" 200 9120
38.99.62.91 - - [01/Jan/2020:08:10:17 +0900] "GET /home/news/news/view.do?num=3 HTTP/1.1" 200 5573
38.99.62.91 - - [01/Jan/2020:08:10:56 +0900] "GET /home/news/news/view.do?num=2 HTTP/1.1" 200 6974
38.99.62.91 - - [01/Jan/2020:08:11:36 +0900] "GET /home/meetourpartners/all.do HTTP/1.1" 200 101569
38.99.62.91 - - [01/Jan/2020:08:12:16 +0900] "GET /home/news/news/view.do?page=&num=3 HTTP/1.1" 200 5573
38.99.62.91 - - [01/Jan/2020:08:12:41 +0900] "GET /home/news/news/view.do?page=&num=1 HTTP/1.1" 200 8971
38.99.62.91 - - [01/Jan/2020:08:13:21 +0900] "GET /home/news/news/view.do?num=2 HTTP/1.1" 200 6974
38.99.62.91 - - [01/Jan/2020:08:14:00 +0900] "GET /home/news/news/view.do?page=1&num=1 HTTP/1.1" 200 8973
38.99.62.91 - - [01/Jan/2020:08:14:51 +0900] "GET /home/news/news/view.do?page=1&num=2 HTTP/1.1" 200 6977
38.99.62.91 - - [01/Jan/2020:08:16:09 +0900] "GET /home/news/news/view.do?page=1&num=3 HTTP/1.1" 200 5576
193.111.62.163 - - [01/Jan/2020:08:16:58 +0900] "GET /home/news/news/list.do HTTP/1.1" 200 7091
38.99.62.91 - - [01/Jan/2020:08:17:28 +0900] "GET /home/meetourpartners/all.do HTTP/1.1" 200 101569
38.99.62.91 - - [01/Jan/2020:08:18:08 +0900] "GET /home/news/news/view.do?page=1&num=4 HTTP/1.1" 200 9123
38.99.62.91 - - [01/Jan/2020:08:19:26 +0900] "GET /home/news/news/view.do?page=1&num=5 HTTP/1.1" 200 9112
38.99.62.91 - - [01/Jan/2020:08:20:31 +0900] "GET /home/news/news/view.do?page=1&num=6 HTTP/1.1" 200 9121
38.99.62.91 - - [01/Jan/2020:08:21:49 +0900] "GET /home/news/news/view.do?page=1&num=7 HTTP/1.1" 200 5548
34.245.26.107 - - [01/Jan/2020:08:22:49 +0900] "GET /error/kr/error.jsp HTTP/1.1" 500 3570
34.245.26.107 - - [01/Jan/2020:08:23:00 +0900] "GET /error/kr/error.jsp HTTP/1.1" 500 3570
38.99.62.91 - - [01/Jan/2020:08:23:09 +0900] "GET /home/news/news/list.do?page=2 HTTP/1.1" 200 6849
34.245.26.107 - - [01/Jan/2020:08:23:12 +0900] "GET /error/kr/error.jsp HTTP/1.1" 500 3570
34.245.26.107 - - [01/Jan/2020:08:23:12 +0900] "GET /index.jsp HTTP/1.1" 302 -
34.245.26.107 - - [01/Jan/2020:08:23:13 +0900] "GET /home/main/main.do HTTP/1.1" 200 12222
38.99.62.91 - - [01/Jan/2020:08:23:49 +0900] "GET /home/news/news/view.do?page=2&num=11 HTTP/1.1" 200 5548
38.99.62.91 - - [01/Jan/2020:08:24:28 +0900] "GET /home/news/news/view.do?page=2&num=12 HTTP/1.1" 200 9083
38.99.62.91 - - [01/Jan/2020:08:25:08 +0900] "GET /home/en/meetourpartners/all.do HTTP/1.1" 200 95227
38.99.62.91 - - [01/Jan/2020:08:25:48 +0900] "GET /home/news/news/view.do?page=2&num=13 HTTP/1.1" 200 9159
38.99.62.91 - - [01/Jan/2020:08:26:29 +0900] "GET /home/news/news/view.do?page=2&num=14 HTTP/1.1" 200 6736
38.99.62.91 - - [01/Jan/2020:08:27:09 +0900] "GET /home/news/news/view.do?page=2&num=15 HTTP/1.1" 200 9181
38.99.62.91 - - [01/Jan/2020:08:27:48 +0900] "GET /home/news/news/view.do?page=2&num=16 HTTP/1.1" 200 5666
38.99.62.91 - - [01/Jan/2020:08:28:28 +0900] "GET /home/news/news/view.do?page=2&num=17 HTTP/1.1" 200 5761
38.99.62.91 - - [01/Jan/2020:08:29:08 +0900] "GET /home/news/news/view.do?page=2&num=18 HTTP/1.1" 200 9137
38.99.62.91 - - [01/Jan/2020:08:29:48 +0900] "GET /home/news/news/view.do?page=2&num=19 HTTP/1.1" 200 6164
38.99.62.91 - - [01/Jan/2020:08:30:27 +0900] "GET /home/news/news/list.do?page=2 HTTP/1.1" 200 6849
38.99.62.91 - - [01/Jan/2020:08:31:08 +0900] "GET /home/news/news/view.do?page=&num=4 HTTP/1.1" 200 9120
38.99.62.91 - - [01/Jan/2020:08:31:47 +0900] "GET /home/news/news/view.do?page=&num=5 HTTP/1.1" 200 9109
38.99.62.91 - - [01/Jan/2020:08:32:31 +0900] "GET /home/news/news/view.do?page=&num=4 HTTP/1.1" 200 9120
66.249.64.94 - - [01/Jan/2020:08:33:00 +0900] "GET /error/kr/error.jsp HTTP/1.1" 500 3762
38.99.62.91 - - [01/Jan/2020:08:33:16 +0900] "GET /home/en/watwedo/overview.do HTTP/1.1" 200 6156
5.9.112.210 - - [01/Jan/2020:08:33:51 +0900] "GET /error/kr/error.jsp HTTP/1.1" 500 3570
38.99.62.91 - - [01/Jan/2020:08:33:57 +0900] "GET /error/kr/error.jsp HTTP/1.1" 500 3570
38.99.62.91 - - [01/Jan/2020:08:35:40 +0900] "GET /home/en/watwedo/history.do HTTP/1.1" 200 10541
38.99.62.91 - - [01/Jan/2020:08:37:38 +0900] "GET /home/en/watwedo/overview.do HTTP/1.1" 200 6156
38.99.62.91 - - [01/Jan/2020:08:38:18 +0900] "GET /home/en/whoweare/korea.do HTTP/1.1" 200 31310
38.99.62.91 - - [01/Jan/2020:08:38:58 +0900] "GET /home/en/whoweare/china.do HTTP/1.1" 200 10353
159.203.201.249 - - [01/Jan/2020:08:39:45 +0900] "GET /error/kr/error.jsp HTTP/1.1" 500 3570
38.99.62.91 - - [01/Jan/2020:08:40:55 +0900] "GET /home/en/whoweare/korea.do HTTP/1.1" 200 31310
38.99.62.91 - - [01/Jan/2020:08:41:35 +0900] "GET /home/en/meetourpartners/domestic.do HTTP/1.1" 200 69240
38.99.62.91 - - [01/Jan/2020:08:42:14 +0900] "GET /home/en/meetourpartners/overseas.do HTTP/1.1" 200 31428
38.99.62.91 - - [01/Jan/2020:08:42:54 +0900] "GET /home/en/meetourpartners/all.do HTTP/1.1" 200 95227
38.99.62.91 - - [01/Jan/2020:08:44:19 +0900] "GET /home/meetourpartners/all.do HTTP/1.1" 200 101569
38.99.62.91 - - [01/Jan/2020:08:44:59 +0900] "GET /home/en/meetourpartners/all.do HTTP/1.1" 200 95227
207.46.13.166 - - [01/Jan/2020:08:47:00 +0900] "GET /error/kr/error.jsp HTTP/1.1" 500 3570
207.46.13.166 - - [01/Jan/2020:08:47:00 +0900] "GET /error/kr/error.jsp HTTP/1.1" 500 3570
193.57.40.46 - - [01/Jan/2020:08:48:27 +0900] "GET /index.jsp?XDEBUG_SESSION_START=phpstorm HTTP/1.1" 302 -
193.57.40.46 - - [01/Jan/2020:08:48:29 +0900] "GET /home/main/main.do HTTP/1.1" 200 12222
38.99.62.91 - - [01/Jan/2020:08:49:20 +0900] "GET /home/en/meetourpartners/all.do HTTP/1.1" 200 95227
38.99.62.91 - - [01/Jan/2020:08:50:00 +0900] "GET /home/en/meetourpartners/all.do HTTP/1.1" 200 95227
38.99.62.91 - - [01/Jan/2020:08:52:37 +0900] "GET /home/meetourpartners/all.do HTTP/1.1" 200 101569
38.99.62.91 - - [01/Jan/2020:08:53:19 +0900] "GET /home/en/meetourpartners/all.do HTTP/1.1" 200 95227
38.99.62.91 - - [01/Jan/2020:08:55:58 +0900] "GET /home/meetourpartners/all.do HTTP/1.1" 200 101569
38.99.62.91 - - [01/Jan/2020:08:56:24 +0900] "GET /home/en/meetourpartners/all.do HTTP/1.1" 200 95227
38.99.62.91 - - [01/Jan/2020:08:57:03 +0900] "GET /home/en/meetourpartners/all.do HTTP/1.1" 200 95227
38.99.62.91 - - [01/Jan/2020:09:00:42 +0900] "GET /home/meetourpartners/all.do HTTP/1.1" 200 101569
38.99.62.91 - - [01/Jan/2020:09:01:21 +0900] "GET /home/en/meetourpartners/all.do HTTP/1.1" 200 95227
207.46.13.166 - - [01/Jan/2020:09:07:57 +0900] "GET /error/kr/error.jsp HTTP/1.1" 500 3570
193.111.62.163 - - [01/Jan/2020:09:15:49 +0900] "GET /home/news/news/list.do HTTP/1.1" 200 7091
121.254.147.237 - - [01/Jan/2020:09:16:47 +0900] "GET /index.jsp HTTP/1.1" 302 -
121.254.147.237 - - [01/Jan/2020:09:16:47 +0900] "GET /home/en/main/main.do HTTP/1.1" 200 11080
66.249.70.26 - - [01/Jan/2020:09:47:51 +0900] "GET /error/kr/error.jsp HTTP/1.1" 500 3570
34.199.176.251 - - [01/Jan/2020:09:59:59 +0900] "GET /home/news/news/view.do?num=2 HTTP/1.1" 200 6974
34.199.176.251 - - [01/Jan/2020:10:00:00 +0900] "GET /home/news/news/view.do HTTP/1.1" 500 3570
34.199.176.251 - - [01/Jan/2020:10:00:25 +0900] "GET /home/news/news/view.do?num=2 HTTP/1.1" 200 6974
34.199.176.251 - - [01/Jan/2020:10:00:26 +0900] "GET /home/news/news/view.do HTTP/1.1" 500 3570
169.197.108.38 - - [01/Jan/2020:10:01:50 +0900] "GET /index.jsp HTTP/1.1" 302 -
169.197.108.38 - - [01/Jan/2020:10:01:50 +0900] "GET /home/main/main.do HTTP/1.1" 200 12222
125.209.235.183 - - [01/Jan/2020:10:08:19 +0900] "GET /error/kr/error.jsp HTTP/1.1" 500 3570
90.95.26.136 - - [01/Jan/2020:10:12:13 +0900] "GET /error/kr/error.jsp HTTP/1.1" 500 3570
40.77.167.148 - - [01/Jan/2020:10:13:06 +0900] "GET /error/kr/error.jsp HTTP/1.1" 500 3570
193.111.62.163 - - [01/Jan/2020:10:15:34 +0900] "GET /home/news/news/list.do HTTP/1.1" 200 7091
122.37.193.193 - - [01/Jan/2020:10:21:21 +0900] "GET /index.jsp HTTP/1.1" 302 -
122.37.193.193 - - [01/Jan/2020:10:21:21 +0900] "GET /home/main/main.do HTTP/1.1" 302 -
122.37.193.193 - - [01/Jan/2020:10:21:21 +0900] "GET /home/main/main.do HTTP/1.1" 200 8898
122.37.193.193 - - [01/Jan/2020:10:21:21 +0900] "GET /error/kr/error.jsp HTTP/1.1" 500 3762
122.37.193.193 - - [01/Jan/2020:10:21:41 +0900] "GET /home/watwedo/overview.do HTTP/1.1" 200 7044
122.37.193.193 - - [01/Jan/2020:10:22:16 +0900] "GET /home/watwedo/history.do HTTP/1.1" 200 8921
122.37.193.193 - - [01/Jan/2020:10:22:24 +0900] "GET /home/meetourpartners/all.do HTTP/1.1" 200 105128
77.75.76.168 - - [01/Jan/2020:10:32:36 +0900] "GET /error/kr/error.jsp HTTP/1.1" 500 3570
54.216.199.230 - - [01/Jan/2020:10:33:15 +0900] "GET /index.jsp HTTP/1.1" 302 -
54.216.199.230 - - [01/Jan/2020:10:33:15 +0900] "GET /home/main/main.do HTTP/1.1" 200 12222
45.33.66.85 - - [01/Jan/2020:10:37:10 +0900] "GET /error/kr/error.jsp HTTP/1.1" 500 3570
220.181.108.146 - - [01/Jan/2020:10:44:40 +0900] "GET /error/kr/error.jsp HTTP/1.1" 500 3570
193.111.62.163 - - [01/Jan/2020:11:10:44 +0900] "GET /home/news/news/list.do HTTP/1.1" 200 7091
157.55.39.22 - - [01/Jan/2020:11:19:10 +0900] "GET /error/kr/error.jsp HTTP/1.1" 500 3570
157.55.39.22 - - [01/Jan/2020:11:25:15 +0900] "GET /error/kr/error.jsp HTTP/1.1" 500 3570
138.197.111.242 - - [01/Jan/2020:11:35:44 +0900] "GET /index.jsp HTTP/1.0" 302 -
138.197.111.242 - - [01/Jan/2020:11:35:46 +0900] "GET /home/en/main/main.do HTTP/1.0" 200 11080
124.156.211.137 - - [01/Jan/2020:11:40:55 +0900] "GET /index.jsp HTTP/1.0" 302 -
124.156.211.137 - - [01/Jan/2020:11:40:55 +0900] "GET /index.jsp HTTP/1.0" 302 -
124.156.211.137 - - [01/Jan/2020:11:40:56 +0900] "GET /home/main/main.do HTTP/1.1" 200 12222
124.156.211.137 - - [01/Jan/2020:11:40:56 +0900] "GET /home/main/main.do HTTP/1.1" 200 12222
34.199.176.251 - - [01/Jan/2020:11:42:05 +0900] "GET /home/news/news/list.do HTTP/1.1" 200 7091
34.199.176.251 - - [01/Jan/2020:11:42:32 +0900] "GET /home/news/news/list.do HTTP/1.1" 200 7091
34.199.176.251 - - [01/Jan/2020:11:43:02 +0900] "GET /home/news/news/list.do HTTP/1.1" 200 7091
66.249.64.214 - - [01/Jan/2020:11:43:12 +0900] "GET /error/kr/error.jsp HTTP/1.1" 500 3570
77.75.77.72 - - [01/Jan/2020:11:50:26 +0900] "GET /error/kr/error.jsp HTTP/1.1" 500 3570
49.7.20.138 - - [01/Jan/2020:11:51:37 +0900] "GET /error/kr/error.jsp HTTP/1.1" 500 3570
207.46.13.191 - - [01/Jan/2020:12:07:59 +0900] "GET /home/meetourpartners/all.do HTTP/1.1" 200 105128
125.209.235.178 - - [01/Jan/2020:12:08:19 +0900] "GET /error/kr/error.jsp HTTP/1.1" 500 3570
49.7.20.138 - - [01/Jan/2020:12:08:42 +0900] "GET /error/kr/error.jsp HTTP/1.1" 500 3570
193.111.62.163 - - [01/Jan/2020:12:15:43 +0900] "GET /home/news/news/list.do HTTP/1.1" 200 7091
216.173.67.66 - - [01/Jan/2020:12:18:29 +0900] "GET /home/en/whoweare/korea.do HTTP/1.1" 200 31310
157.55.39.203 - - [01/Jan/2020:12:22:11 +0900] "GET /index.jsp HTTP/1.1" 302 -
66.249.64.214 - - [01/Jan/2020:12:23:45 +0900] "GET /error/kr/error.jsp HTTP/1.1" 500 3570
66.249.64.90 - - [01/Jan/2020:12:34:04 +0900] "GET /error/kr/error.jsp HTTP/1.1" 500 3762
157.55.39.203 - - [01/Jan/2020:12:41:42 +0900] "GET /index.jsp HTTP/1.1" 302 -
77.75.79.62 - - [01/Jan/2020:12:50:37 +0900] "GET /error/kr/error.jsp HTTP/1.1" 500 3570
66.249.64.94 - - [01/Jan/2020:12:54:18 +0900] "GET /error/kr/error.jsp HTTP/1.1" 500 3762
119.207.72.117 - - [01/Jan/2020:13:08:35 +0900] "GET /index.jsp HTTP/1.1" 302 -
119.207.72.117 - - [01/Jan/2020:13:08:35 +0900] "GET /home/main/main.do HTTP/1.1" 200 12222
193.111.62.163 - - [01/Jan/2020:13:13:22 +0900] "GET /home/news/news/list.do HTTP/1.1" 200 7091
66.249.64.90 - - [01/Jan/2020:13:13:55 +0900] "GET /error/kr/error.jsp HTTP/1.1" 500 3762
66.249.64.90 - - [01/Jan/2020:13:23:54 +0900] "GET /error/kr/error.jsp HTTP/1.1" 500 3762
157.55.39.203 - - [01/Jan/2020:13:26:44 +0900] "GET /error/kr/error.jsp HTTP/1.1" 500 3762
66.249.64.90 - - [01/Jan/2020:13:33:55 +0900] "GET /error/kr/error.jsp HTTP/1.1" 500 3762
34.199.176.251 - - [01/Jan/2020:13:41:47 +0900] "GET /home/news/news/view.do?num=2 HTTP/1.1" 200 6974
34.199.176.251 - - [01/Jan/2020:13:41:48 +0900] "GET /home/news/news/view.do HTTP/1.1" 500 3570
34.199.176.251 - - [01/Jan/2020:13:42:22 +0900] "GET /home/news/news/view.do?num=2 HTTP/1.1" 200 6974
34.199.176.251 - - [01/Jan/2020:13:42:22 +0900] "GET /home/news/news/view.do HTTP/1.1" 500 3570
34.199.176.251 - - [01/Jan/2020:13:43:32 +0900] "GET /home/news/news/view.do?num=2 HTTP/1.1" 200 6974
34.199.176.251 - - [01/Jan/2020:13:43:33 +0900] "GET /home/news/news/view.do HTTP/1.1" 500 3570
66.249.64.90 - - [01/Jan/2020:13:44:15 +0900] "GET /error/kr/error.jsp HTTP/1.1" 500 3762
37.49.230.100 - - [01/Jan/2020:13:47:54 +0900] "GET /index.jsp HTTP/1.1" 302 -
37.49.230.100 - - [01/Jan/2020:13:47:55 +0900] "GET /home/main/main.do HTTP/1.1" 200 12222
37.49.230.100 - - [01/Jan/2020:13:47:55 +0900] "GET /index.jsp HTTP/1.1" 302 -
37.49.230.100 - - [01/Jan/2020:13:47:56 +0900] "GET /home/main/main.do HTTP/1.1" 200 12222
37.49.230.100 - - [01/Jan/2020:13:47:56 +0900] "GET /index.jsp HTTP/1.1" 302 -
37.49.230.100 - - [01/Jan/2020:13:47:57 +0900] "GET /home/main/main.do HTTP/1.1" 200 12222
66.249.64.90 - - [01/Jan/2020:13:54:25 +0900] "GET /error/kr/error.jsp HTTP/1.1" 500 3762
110.70.58.55 - - [01/Jan/2020:13:54:53 +0900] "GET /filter/checker.jsp?campaignID=359&email=yss3633@naver.com&responseEnd=2018-12-09 HTTP/1.1" 404 3570
180.163.220.46 - - [01/Jan/2020:13:55:15 +0900] "GET /index.jsp HTTP/1.1" 302 -
180.163.220.46 - - [01/Jan/2020:13:55:16 +0900] "GET /home/en/main/main.do HTTP/1.1" 200 11080
58.219.171.241 - - [01/Jan/2020:13:57:46 +0900] "GET /home/en/meetourpartners/domestic.do HTTP/1.1" 200 69240
154.223.188.180 - - [01/Jan/2020:13:58:22 +0900] "GET /error/kr/error.jsp HTTP/1.1" 500 3570
66.249.64.92 - - [01/Jan/2020:14:04:29 +0900] "GET /error/kr/error.jsp HTTP/1.1" 500 3762
125.209.235.180 - - [01/Jan/2020:14:08:19 +0900] "GET /error/kr/error.jsp HTTP/1.1" 500 3570
77.75.79.32 - - [01/Jan/2020:14:12:04 +0900] "GET /error/kr/error.jsp HTTP/1.1" 500 3570
66.249.64.90 - - [01/Jan/2020:14:14:24 +0900] "GET /error/kr/error.jsp HTTP/1.1" 500 3762
193.111.62.163 - - [01/Jan/2020:14:14:38 +0900] "GET /home/news/news/list.do HTTP/1.1" 200 7091
64.225.4.245 - - [01/Jan/2020:14:19:36 +0900] "GET /error/kr/error.jsp HTTP/1.0" 500 3570
40.77.167.74 - - [01/Jan/2020:14:32:21 +0900] "GET /home/en/whoweare/korea.do HTTP/1.1" 200 44648
207.46.13.191 - - [01/Jan/2020:14:38:15 +0900] "GET /error/kr/error.jsp HTTP/1.1" 500 3570
49.7.20.138 - - [01/Jan/2020:14:45:46 +0900] "GET /index.jsp HTTP/1.1" 302 -
49.7.20.138 - - [01/Jan/2020:14:46:27 +0900] "GET /index.jsp HTTP/1.1" 302 -
77.75.79.32 - - [01/Jan/2020:15:02:34 +0900] "GET /error/kr/error.jsp HTTP/1.1" 500 3570
66.249.64.92 - - [01/Jan/2020:15:02:41 +0900] "GET /error/kr/error.jsp HTTP/1.1" 500 3762
157.55.39.22 - - [01/Jan/2020:15:05:02 +0900] "GET /error/kr/error.jsp HTTP/1.1" 500 3570
103.131.71.134 - - [01/Jan/2020:15:07:33 +0900] "GET /error/kr/error.jsp HTTP/1.1" 500 3570
193.111.62.163 - - [01/Jan/2020:15:10:13 +0900] "GET /home/news/news/list.do HTTP/1.1" 200 7091
111.202.101.84 - - [01/Jan/2020:15:14:24 +0900] "GET /index.jsp HTTP/1.1" 302 -
17.58.96.164 - - [01/Jan/2020:15:14:39 +0900] "GET /error/kr/error.jsp HTTP/1.1" 500 3570
17.58.96.118 - - [01/Jan/2020:15:14:40 +0900] "GET /home/news/news/view.do?num=1 HTTP/1.1" 200 8971
111.202.101.84 - - [01/Jan/2020:15:15:27 +0900] "GET /home/en/main/main.do HTTP/1.1" 200 11080
185.208.149.116 - - [01/Jan/2020:15:16:13 +0900] "GET /index.jsp HTTP/1.1" 302 -
45.33.66.85 - - [01/Jan/2020:15:37:08 +0900] "GET /error/kr/error.jsp HTTP/1.1" 500 3570
125.209.235.175 - - [01/Jan/2020:15:45:42 +0900] "GET /index.jsp HTTP/1.1" 302 -
125.209.235.175 - - [01/Jan/2020:15:45:42 +0900] "GET /home/main/main.do HTTP/1.1" 200 12222
175.120.89.93 - - [01/Jan/2020:15:47:22 +0900] "GET /filter/checker.jsp?campaignID=276&email=yuso1009@naver.com&responseEnd=2018-12-04 HTTP/1.1" 404 3570
185.216.140.6 - - [01/Jan/2020:15:50:00 +0900] "GET /index.jsp HTTP/1.1" 302 -
119.207.72.79 - - [01/Jan/2020:15:50:41 +0900] "GET /home/news/news/list.do HTTP/1.1" 200 7091
223.33.165.11 - - [01/Jan/2020:15:53:49 +0900] "GET /filter/checker.jsp?campaignID=466&email=sunok0102@naver.com&responseEnd=2018-12-16 HTTP/1.1" 404 3570
218.94.117.234 - - [01/Jan/2020:16:06:56 +0900] "GET /index.jsp HTTP/1.1" 302 -
218.94.117.234 - - [01/Jan/2020:16:06:56 +0900] "GET /home/main/main.do HTTP/1.1" 200 8898
125.209.235.186 - - [01/Jan/2020:16:08:19 +0900] "GET /error/kr/error.jsp HTTP/1.1" 500 3570
77.75.76.160 - - [01/Jan/2020:16:12:58 +0900] "GET /error/kr/error.jsp HTTP/1.1" 500 3570
193.111.62.163 - - [01/Jan/2020:16:15:38 +0900] "GET /home/news/news/list.do HTTP/1.1" 200 7091
119.207.72.166 - - [01/Jan/2020:16:16:05 +0900] "GET /home/whoweare/korea.do HTTP/1.1" 200 31387
223.38.47.185 - - [01/Jan/2020:16:19:13 +0900] "GET /filter/checker.jsp?campaignID=789&email=love26106@naver.com&responseEnd=2019-01-04 HTTP/1.1" 404 3570
49.7.20.138 - - [01/Jan/2020:16:27:52 +0900] "GET /home/en/main/main.do HTTP/1.1" 200 11080
34.199.176.251 - - [01/Jan/2020:16:37:53 +0900] "GET /home/news/news/view.do?num=3 HTTP/1.1" 200 5573
34.199.176.251 - - [01/Jan/2020:16:37:54 +0900] "GET /home/news/news/view.do HTTP/1.1" 500 3570
141.8.142.12 - - [01/Jan/2020:16:44:07 +0900] "GET /error/kr/error.jsp HTTP/1.1" 500 3762
141.8.142.12 - - [01/Jan/2020:16:44:11 +0900] "GET /home/whoweare/korea.do HTTP/1.1" 200 45742
114.30.75.166 - - [01/Jan/2020:16:46:08 +0900] "GET /index.jsp HTTP/1.1" 302 -
54.236.1.12 - - [01/Jan/2020:16:48:09 +0900] "GET /error/kr/error.jsp HTTP/1.1" 500 3570
54.236.1.12 - - [01/Jan/2020:16:48:09 +0900] "GET /index.jsp?ko HTTP/1.1" 302 -
54.236.1.12 - - [01/Jan/2020:16:48:09 +0900] "GET /home/main/main.do HTTP/1.1" 200 12222
54.236.1.12 - - [01/Jan/2020:16:48:10 +0900] "GET /error/kr/error.jsp HTTP/1.1" 500 3570
49.7.20.138 - - [01/Jan/2020:16:55:44 +0900] "GET /home/en/main/main.do HTTP/1.1" 200 11080
157.55.39.203 - - [01/Jan/2020:16:56:47 +0900] "GET /error/kr/error.jsp HTTP/1.1" 500 3570
193.111.62.163 - - [01/Jan/2020:17:11:54 +0900] "GET /home/news/news/list.do HTTP/1.1" 200 7091
34.199.176.251 - - [01/Jan/2020:17:20:07 +0900] "GET /home/news/news/view.do?num=2 HTTP/1.1" 200 6974
34.199.176.251 - - [01/Jan/2020:17:20:08 +0900] "GET /home/news/news/view.do HTTP/1.1" 500 3570
17.58.96.118 - - [01/Jan/2020:17:33:14 +0900] "GET /home/watwedo/philosophy.do HTTP/1.1" 200 7162
119.207.72.113 - - [01/Jan/2020:17:39:07 +0900] "GET /home/whoweare/china.do HTTP/1.1" 200 10340
59.6.214.95 - - [01/Jan/2020:17:41:12 +0900] "GET /index.jsp HTTP/1.1" 302 -
59.6.214.95 - - [01/Jan/2020:17:41:12 +0900] "GET /home/main/main.do HTTP/1.1" 200 12222
66.249.64.212 - - [01/Jan/2020:17:42:13 +0900] "GET /error/kr/error.jsp HTTP/1.1" 500 3570
119.207.72.109 - - [01/Jan/2020:17:44:09 +0900] "GET /home/news/news/view.do?page=1&num=8 HTTP/1.1" 200 9169
121.254.147.237 - - [01/Jan/2020:17:54:10 +0900] "GET /index.jsp HTTP/1.1" 302 -
121.254.147.237 - - [01/Jan/2020:17:54:10 +0900] "GET /home/en/main/main.do HTTP/1.1" 200 11080
54.149.238.48 - - [01/Jan/2020:17:58:00 +0900] "GET /error/kr/error.jsp HTTP/1.1" 500 3570
125.209.235.177 - - [01/Jan/2020:18:08:19 +0900] "GET /error/kr/error.jsp HTTP/1.1" 500 3570
193.111.62.163 - - [01/Jan/2020:18:09:45 +0900] "GET /home/news/news/list.do HTTP/1.1" 200 7091
3.81.148.18 - - [01/Jan/2020:18:10:13 +0900] "GET /error/kr/error.jsp HTTP/1.1" 500 3570
3.81.148.18 - - [01/Jan/2020:18:10:15 +0900] "GET /error/kr/error.jsp HTTP/1.1" 500 3570
204.14.239.55 - - [01/Jan/2020:18:12:45 +0900] "HEAD /index.jsp HTTP/1.1" 302 -
216.185.150.165 - - [01/Jan/2020:18:12:48 +0900] "GET /error/kr/error.jsp HTTP/1.1" 500 3570
139.9.61.200 - - [01/Jan/2020:18:16:29 +0900] "GET /error/kr/error.jsp HTTP/1.1" 500 3570
58.226.172.210 - - [01/Jan/2020:18:26:32 +0900] "GET /index.jsp HTTP/1.1" 302 -
58.226.172.210 - - [01/Jan/2020:18:26:32 +0900] "GET /home/main/main.do HTTP/1.1" 302 -
58.226.172.210 - - [01/Jan/2020:18:26:33 +0900] "GET /home/main/main.do HTTP/1.1" 200 8898
58.226.172.210 - - [01/Jan/2020:18:26:33 +0900] "GET /error/kr/error.jsp HTTP/1.1" 500 3762
159.65.91.112 - - [01/Jan/2020:18:36:26 +0900] "GET /index.jsp HTTP/1.1" 302 -
159.65.91.112 - - [01/Jan/2020:18:36:26 +0900] "GET /home/main/main.do HTTP/1.1" 200 12222
17.58.96.118 - - [01/Jan/2020:18:41:23 +0900] "GET /home/contact/contact.do HTTP/1.1" 200 5224
154.126.215.125 - - [01/Jan/2020:18:45:51 +0900] "GET /index.jsp HTTP/1.1" 302 -
116.36.123.142 - - [01/Jan/2020:18:48:42 +0900] "GET /index.jsp HTTP/1.1" 302 -
116.36.123.142 - - [01/Jan/2020:18:48:42 +0900] "GET /home/main/main.do HTTP/1.1" 200 12222
116.36.123.142 - - [01/Jan/2020:18:49:26 +0900] "GET /home/meetourpartners/all.do HTTP/1.1" 200 101569
116.36.123.142 - - [01/Jan/2020:18:49:48 +0900] "GET /home/meetourpartners/domestic.do HTTP/1.1" 200 73451
116.36.123.142 - - [01/Jan/2020:18:49:50 +0900] "GET /home/meetourpartners/overseas.do HTTP/1.1" 200 32620
116.36.123.142 - - [01/Jan/2020:18:49:55 +0900] "GET /home/meetourpartners/domestic.do HTTP/1.1" 200 73451
119.207.72.72 - - [01/Jan/2020:18:50:55 +0900] "GET /home/contact/contact.do HTTP/1.1" 200 5224
116.36.123.142 - - [01/Jan/2020:18:51:13 +0900] "GET /home/meetourpartners/all.do HTTP/1.1" 200 101569
116.36.123.142 - - [01/Jan/2020:18:51:28 +0900] "GET /home/meetourpartners/all.do HTTP/1.1" 200 101569
116.36.123.142 - - [01/Jan/2020:18:51:40 +0900] "GET /home/meetourpartners/domestic.do HTTP/1.1" 200 73451
34.212.220.96 - - [01/Jan/2020:18:52:37 +0900] "GET /index.jsp HTTP/1.1" 302 -
116.36.123.142 - - [01/Jan/2020:18:54:08 +0900] "GET /home/about/about.do HTTP/1.1" 200 14216
116.36.123.142 - - [01/Jan/2020:18:54:13 +0900] "GET /home/contact/contact.do HTTP/1.1" 200 5224
116.36.123.142 - - [01/Jan/2020:18:54:19 +0900] "GET /home/news/news/list.do HTTP/1.1" 200 7091
116.36.123.142 - - [01/Jan/2020:18:54:27 +0900] "GET /home/meetourpartners/all.do HTTP/1.1" 200 101569
116.36.123.142 - - [01/Jan/2020:18:54:31 +0900] "GET /home/whoweare/korea.do HTTP/1.1" 200 31387
116.36.123.142 - - [01/Jan/2020:18:55:17 +0900] "GET /index.jsp HTTP/1.1" 302 -
116.36.123.142 - - [01/Jan/2020:18:55:17 +0900] "GET /home/main/main.do HTTP/1.1" 200 12222
116.36.123.142 - - [01/Jan/2020:18:55:21 +0900] "GET /home/whoweare/korea.do HTTP/1.1" 200 31387
116.36.123.142 - - [01/Jan/2020:18:55:34 +0900] "GET /home/whoweare/korea.do HTTP/1.1" 200 31387
95.163.255.12 - - [01/Jan/2020:18:55:43 +0900] "GET /error/kr/error.jsp HTTP/1.0" 500 3570
95.163.255.14 - - [01/Jan/2020:18:55:46 +0900] "GET /error/kr/error.jsp HTTP/1.1" 500 3570
116.36.123.142 - - [01/Jan/2020:18:57:35 +0900] "GET /home/whoweare/korea.do HTTP/1.1" 200 31387
116.36.123.142 - - [01/Jan/2020:18:57:38 +0900] "GET /home/watwedo/overview.do HTTP/1.1" 200 6147
116.36.123.142 - - [01/Jan/2020:18:57:45 +0900] "GET /home/news/news/list.do HTTP/1.1" 200 7091
116.36.123.142 - - [01/Jan/2020:18:57:48 +0900] "GET /home/en/main/main.do HTTP/1.1" 200 11080
116.36.123.142 - - [01/Jan/2020:18:57:55 +0900] "GET /home/en/contact/contact.do HTTP/1.1" 200 5187
116.36.123.142 - - [01/Jan/2020:18:58:00 +0900] "GET /home/main/main.do HTTP/1.1" 200 12222
116.36.123.142 - - [01/Jan/2020:18:58:03 +0900] "GET /home/contact/contact.do HTTP/1.1" 200 5224
116.36.123.142 - - [01/Jan/2020:18:59:03 +0900] "GET /home/main/main.do HTTP/1.1" 200 12222
116.36.123.142 - - [01/Jan/2020:18:59:04 +0900] "GET /home/main/main.do HTTP/1.1" 200 12222
116.36.123.142 - - [01/Jan/2020:18:59:28 +0900] "GET /index.jsp HTTP/1.1" 302 -
116.36.123.142 - - [01/Jan/2020:18:59:28 +0900] "GET /home/main/main.do HTTP/1.1" 200 12222
116.36.123.142 - - [01/Jan/2020:18:59:32 +0900] "GET /home/meetourpartners/all.do HTTP/1.1" 200 101569
116.36.123.142 - - [01/Jan/2020:18:59:40 +0900] "GET /home/meetourpartners/domestic.do HTTP/1.1" 200 73451
157.55.39.203 - - [01/Jan/2020:19:00:36 +0900] "GET /error/kr/error.jsp HTTP/1.1" 500 3570
77.75.77.95 - - [01/Jan/2020:19:09:23 +0900] "GET /error/kr/error.jsp HTTP/1.1" 500 3570
193.111.62.163 - - [01/Jan/2020:19:11:34 +0900] "GET /home/news/news/list.do HTTP/1.1" 200 7091
40.77.167.74 - - [01/Jan/2020:19:16:05 +0900] "GET /error/kr/error.jsp HTTP/1.1" 500 3570
207.46.13.191 - - [01/Jan/2020:19:30:15 +0900] "GET /error/kr/error.jsp HTTP/1.1" 500 3570
38.99.62.91 - - [01/Jan/2020:19:32:13 +0900] "GET /home/en/meetourpartners/all.do HTTP/1.1" 200 95227
38.99.62.91 - - [01/Jan/2020:19:32:53 +0900] "GET /home/meetourpartners/all.do HTTP/1.1" 200 101569
38.99.62.91 - - [01/Jan/2020:19:33:32 +0900] "GET /home/en/meetourpartners/all.do HTTP/1.1" 200 95227
38.99.62.91 - - [01/Jan/2020:19:37:10 +0900] "GET /home/meetourpartners/all.do HTTP/1.1" 200 101569
38.99.62.91 - - [01/Jan/2020:19:37:50 +0900] "GET /home/meetourpartners/all.do HTTP/1.1" 200 101569
38.99.62.91 - - [01/Jan/2020:19:38:29 +0900] "GET /home/en/meetourpartners/all.do HTTP/1.1" 200 95227
83.97.20.46 - - [01/Jan/2020:19:42:23 +0900] "GET /index.jsp HTTP/1.0" 302 -
38.99.62.91 - - [01/Jan/2020:19:42:36 +0900] "GET /home/meetourpartners/all.do HTTP/1.1" 200 101569
38.99.62.91 - - [01/Jan/2020:19:43:17 +0900] "GET /home/en/contact/contact.do HTTP/1.1" 200 5187
38.99.62.91 - - [01/Jan/2020:19:44:39 +0900] "GET /home/en/about/about.do HTTP/1.1" 200 14811
1.232.0.177 - - [01/Jan/2020:19:45:40 +0900] "GET /filter/checker.jsp?campaignID=731&email=foring_@naver.com&responseEnd=2019-01-01 HTTP/1.1" 404 3570
1.232.0.177 - - [01/Jan/2020:19:45:41 +0900] "GET /filter/clickDetecter.jsp?campaignID=731&duplicationYN=N&targetIndex=1253&encoding=yes&maillink=false&email=foring_%40naver.com&url=http%3A%2F%2Fs122.sendmail08.com%2Freject.html&linkID=2796&type=reject HTTP/1.1" 404 3570
1.232.0.177 - - [01/Jan/2020:19:45:45 +0900] "GET /home/main/main.do HTTP/1.1" 200 12222
38.99.62.91 - - [01/Jan/2020:19:45:57 +0900] "GET /home/en/watwedo/philosophy.do HTTP/1.1" 200 7112
38.99.62.91 - - [01/Jan/2020:19:47:16 +0900] "GET /home/watwedo/history.do HTTP/1.1" 200 10614
38.99.62.91 - - [01/Jan/2020:19:48:35 +0900] "GET /home/whoweare/china.do HTTP/1.1" 200 10340
112.133.232.98 - - [01/Jan/2020:19:49:28 +0900] "GET /index.jsp HTTP/1.1" 302 -
112.133.232.98 - - [01/Jan/2020:19:49:29 +0900] "GET /home/en/main/main.do HTTP/1.1" 200 11080
38.99.62.91 - - [01/Jan/2020:19:49:58 +0900] "GET /home/news/news/view.do?page=1&num=1 HTTP/1.1" 200 8973
157.55.39.1 - - [01/Jan/2020:19:50:21 +0900] "GET /error/kr/error.jsp HTTP/1.1" 500 3570
40.77.167.74 - - [01/Jan/2020:19:50:23 +0900] "GET /error/kr/error.jsp HTTP/1.1" 500 3570
38.99.62.91 - - [01/Jan/2020:19:50:24 +0900] "GET /home/en/meetourpartners/all.do HTTP/1.1" 200 95227
38.99.62.91 - - [01/Jan/2020:19:51:28 +0900] "GET /home/news/news/view.do?page=1&num=1 HTTP/1.1" 200 8973
38.99.62.91 - - [01/Jan/2020:19:52:08 +0900] "GET /home/meetourpartners/all.do HTTP/1.1" 200 101569
38.99.62.91 - - [01/Jan/2020:19:52:47 +0900] "GET /home/news/news/view.do?page=1&num=2 HTTP/1.1" 200 6977
38.99.62.91 - - [01/Jan/2020:19:54:06 +0900] "GET /home/news/news/view.do?page=1&num=3 HTTP/1.1" 200 5576
40.77.167.74 - - [01/Jan/2020:19:54:10 +0900] "GET /error/kr/error.jsp HTTP/1.1" 500 3570
38.99.62.91 - - [01/Jan/2020:19:55:24 +0900] "GET /home/news/news/view.do?page=1&num=4 HTTP/1.1" 200 9123
38.99.62.91 - - [01/Jan/2020:19:56:43 +0900] "GET /home/news/news/view.do?page=1&num=5 HTTP/1.1" 200 9112
38.99.62.91 - - [01/Jan/2020:19:58:01 +0900] "GET /home/meetourpartners/all.do HTTP/1.1" 200 101569
38.99.62.91 - - [01/Jan/2020:19:58:41 +0900] "GET /home/news/news/view.do?page=1&num=6 HTTP/1.1" 200 9121
207.46.13.191 - - [01/Jan/2020:19:59:43 +0900] "GET /error/kr/error.jsp HTTP/1.1" 500 3570
38.99.62.91 - - [01/Jan/2020:20:00:00 +0900] "GET /home/news/news/view.do?page=1&num=7 HTTP/1.1" 200 5548
38.99.62.91 - - [01/Jan/2020:20:01:19 +0900] "GET /home/news/news/view.do?page=1&num=8 HTTP/1.1" 200 9169
222.122.190.78 - - [01/Jan/2020:20:01:46 +0900] "GET /index.jsp HTTP/1.1" 302 -
222.122.190.78 - - [01/Jan/2020:20:01:46 +0900] "GET /home/main/main.do HTTP/1.1" 200 12222
222.122.190.78 - - [01/Jan/2020:20:01:46 +0900] "GET /index.jsp HTTP/1.1" 302 -
222.122.190.78 - - [01/Jan/2020:20:01:46 +0900] "GET /home/main/main.do HTTP/1.1" 200 12222
222.122.190.78 - - [01/Jan/2020:20:01:46 +0900] "GET /error/kr/error.jsp HTTP/1.1" 500 3570
35.231.41.235 - - [01/Jan/2020:20:02:18 +0900] "GET /error/kr/error.jsp HTTP/1.0" 500 3570
35.231.41.235 - - [01/Jan/2020:20:02:18 +0900] "GET /index.jsp HTTP/1.0" 302 -
35.231.41.235 - - [01/Jan/2020:20:02:19 +0900] "GET /error/kr/error.jsp HTTP/1.0" 500 3570
35.231.41.235 - - [01/Jan/2020:20:02:19 +0900] "GET /home/en/main/main.do HTTP/1.0" 200 11080
38.99.62.91 - - [01/Jan/2020:20:02:38 +0900] "GET /home/news/news/view.do?page=1&num=9 HTTP/1.1" 200 9135
38.99.62.91 - - [01/Jan/2020:20:03:58 +0900] "GET /home/news/news/view.do?page=1&num=10 HTTP/1.1" 200 6756
38.99.62.91 - - [01/Jan/2020:20:04:37 +0900] "GET /home/news/news/view.do?page=1&num=11 HTTP/1.1" 200 5548
157.55.39.22 - - [01/Jan/2020:20:05:03 +0900] "GET /error/kr/error.jsp HTTP/1.1" 500 3570
38.99.62.91 - - [01/Jan/2020:20:05:17 +0900] "GET /home/news/news/view.do?page=1&num=10 HTTP/1.1" 200 6756
38.99.62.91 - - [01/Jan/2020:20:05:42 +0900] "GET /home/news/news/list.do?page=1 HTTP/1.1" 200 7091
163.47.145.202 - - [01/Jan/2020:20:06:12 +0900] "GET /index.jsp HTTP/1.1" 302 -
38.99.62.91 - - [01/Jan/2020:20:07:01 +0900] "GET /home/news/news/list.do?page=2 HTTP/1.1" 200 6849
38.99.62.91 - - [01/Jan/2020:20:07:41 +0900] "GET /home/news/news/view.do?page=2&num=11 HTTP/1.1" 200 5548
125.209.235.170 - - [01/Jan/2020:20:08:19 +0900] "GET /error/kr/error.jsp HTTP/1.1" 500 3570
38.99.62.91 - - [01/Jan/2020:20:08:21 +0900] "GET /home/news/news/view.do?page=2&num=12 HTTP/1.1" 200 9083
176.36.50.166 - - [01/Jan/2020:20:08:32 +0900] "GET /index.jsp HTTP/1.1" 302 -
38.99.62.91 - - [01/Jan/2020:20:09:01 +0900] "GET /home/news/news/view.do?page=2&num=13 HTTP/1.1" 200 9159
38.99.62.91 - - [01/Jan/2020:20:09:40 +0900] "GET /home/news/news/view.do?page=2&num=14 HTTP/1.1" 200 6736
193.111.62.163 - - [01/Jan/2020:20:10:12 +0900] "GET /home/news/news/list.do HTTP/1.1" 200 7091
38.99.62.91 - - [01/Jan/2020:20:10:19 +0900] "GET /home/news/news/view.do?page=2&num=15 HTTP/1.1" 200 9181
35.231.41.235 - - [01/Jan/2020:20:10:42 +0900] "GET /error/kr/error.jsp HTTP/1.0" 500 3570
35.231.41.235 - - [01/Jan/2020:20:10:42 +0900] "GET /index.jsp HTTP/1.0" 302 -
35.231.41.235 - - [01/Jan/2020:20:10:43 +0900] "GET /error/kr/error.jsp HTTP/1.0" 500 3570
35.231.41.235 - - [01/Jan/2020:20:10:43 +0900] "GET /home/en/main/main.do HTTP/1.0" 200 11080
38.99.62.91 - - [01/Jan/2020:20:10:59 +0900] "GET /home/news/news/view.do?page=2&num=16 HTTP/1.1" 200 5666
38.99.62.91 - - [01/Jan/2020:20:11:39 +0900] "GET /home/news/news/view.do?page=2&num=17 HTTP/1.1" 200 5761
38.99.62.91 - - [01/Jan/2020:20:12:18 +0900] "GET /home/news/news/view.do?page=2&num=18 HTTP/1.1" 200 9137
38.99.62.91 - - [01/Jan/2020:20:12:57 +0900] "GET /home/news/news/view.do?page=2&num=19 HTTP/1.1" 200 6164
38.99.62.91 - - [01/Jan/2020:20:13:37 +0900] "GET /home/news/news/list.do?page=2 HTTP/1.1" 200 6849
34.199.176.251 - - [01/Jan/2020:20:14:05 +0900] "GET /home/news/news/view.do?num=1 HTTP/1.1" 200 8971
38.99.62.91 - - [01/Jan/2020:20:14:16 +0900] "GET /home/en/meetourpartners/all.do HTTP/1.1" 200 95227
34.199.176.251 - - [01/Jan/2020:20:14:21 +0900] "GET /home/news/news/view.do HTTP/1.1" 500 3570
38.99.62.91 - - [01/Jan/2020:20:14:56 +0900] "GET /home/news/news/view.do?page=&num=2 HTTP/1.1" 200 6974
38.99.62.91 - - [01/Jan/2020:20:16:14 +0900] "GET /home/news/news/list.do?page= HTTP/1.1" 200 7091
38.99.62.91 - - [01/Jan/2020:20:17:19 +0900] "GET /home/news/news/view.do?page=&num=4 HTTP/1.1" 200 9120
38.99.62.91 - - [01/Jan/2020:20:17:58 +0900] "GET /home/en/meetourpartners/all.do HTTP/1.1" 200 95227
38.99.62.91 - - [01/Jan/2020:20:18:38 +0900] "GET /home/meetourpartners/all.do HTTP/1.1" 200 101569
38.99.62.91 - - [01/Jan/2020:20:19:17 +0900] "GET /home/news/news/view.do?page=&num=5 HTTP/1.1" 200 9109
38.99.62.91 - - [01/Jan/2020:20:19:57 +0900] "GET /home/news/news/view.do?page=&num=4 HTTP/1.1" 200 9120
38.99.62.91 - - [01/Jan/2020:20:20:36 +0900] "GET /home/news/news/view.do?page=&num=3 HTTP/1.1" 200 5573
23.100.232.233 - - [01/Jan/2020:20:21:15 +0900] "GET /index.jsp HTTP/1.1" 302 -
23.100.232.233 - - [01/Jan/2020:20:21:15 +0900] "GET /home/en/main/main.do HTTP/1.1" 200 11080
