47.113.225.249 - - [08/Mar/2020:00:02:58 +0900] "GET /error/kr/error.jsp HTTP/1.1" 500 3570
47.113.225.249 - - [08/Mar/2020:00:02:58 +0900] "GET /error/kr/error.jsp HTTP/1.1" 500 3570
47.113.225.249 - - [08/Mar/2020:00:03:10 +0900] "GET /error/kr/error.jsp HTTP/1.1" 500 3570
47.113.225.249 - - [08/Mar/2020:00:04:45 +0900] "GET /error/kr/error.jsp HTTP/1.1" 500 3570
47.113.225.249 - - [08/Mar/2020:00:07:24 +0900] "GET /error/kr/error.jsp HTTP/1.1" 500 3570
66.249.72.20 - - [08/Mar/2020:00:08:34 +0900] "GET /error/kr/error.jsp HTTP/1.1" 500 3570
207.46.13.144 - - [08/Mar/2020:00:11:37 +0900] "GET /error/kr/error.jsp HTTP/1.1" 500 3762
40.77.167.32 - - [08/Mar/2020:00:14:29 +0900] "GET /error/kr/error.jsp HTTP/1.1" 500 3570
207.46.13.142 - - [08/Mar/2020:00:15:06 +0900] "GET /error/kr/error.jsp HTTP/1.1" 500 3570
157.55.39.132 - - [08/Mar/2020:00:15:17 +0900] "GET /error/kr/error.jsp HTTP/1.1" 500 3570
193.111.62.163 - - [08/Mar/2020:00:16:59 +0900] "GET /home/news/news/list.do HTTP/1.1" 200 7091
66.249.72.18 - - [08/Mar/2020:00:18:41 +0900] "GET /error/kr/error.jsp HTTP/1.1" 500 3570
207.46.13.142 - - [08/Mar/2020:00:18:44 +0900] "GET /error/kr/error.jsp HTTP/1.1" 500 3570
207.46.13.144 - - [08/Mar/2020:00:18:48 +0900] "GET /error/kr/error.jsp HTTP/1.1" 500 3762
47.113.197.149 - - [08/Mar/2020:00:22:35 +0900] "GET /error/kr/error.jsp HTTP/1.1" 500 3570
76.8.205.133 - - [08/Mar/2020:00:24:48 +0900] "GET /index.jsp HTTP/1.1" 302 -
62.138.2.243 - - [08/Mar/2020:00:25:08 +0900] "GET /error/kr/error.jsp HTTP/1.1" 500 3570
46.165.230.5 - - [08/Mar/2020:00:25:15 +0900] "GET /error/kr/error.jsp HTTP/1.1" 500 3570
125.185.128.61 - - [08/Mar/2020:00:31:55 +0900] "GET /index.jsp HTTP/1.1" 302 -
125.185.128.61 - - [08/Mar/2020:00:31:55 +0900] "GET /home/main/main.do HTTP/1.1" 302 -
125.185.128.61 - - [08/Mar/2020:00:31:55 +0900] "GET /home/main/main.do HTTP/1.1" 200 8898
125.185.128.61 - - [08/Mar/2020:00:31:55 +0900] "GET /error/kr/error.jsp HTTP/1.1" 500 3762
125.185.128.61 - - [08/Mar/2020:00:31:58 +0900] "GET /home/watwedo/overview.do HTTP/1.1" 200 7044
40.77.167.32 - - [08/Mar/2020:00:32:18 +0900] "GET /error/kr/error.jsp HTTP/1.1" 500 3570
125.185.128.61 - - [08/Mar/2020:00:32:30 +0900] "GET /home/watwedo/history.do HTTP/1.1" 200 8921
207.46.13.142 - - [08/Mar/2020:00:32:38 +0900] "GET /error/kr/error.jsp HTTP/1.1" 500 3570
119.207.72.77 - - [08/Mar/2020:00:32:40 +0900] "GET /home/main/main.do HTTP/1.1" 200 12222
157.55.39.132 - - [08/Mar/2020:00:32:42 +0900] "GET /error/kr/error.jsp HTTP/1.1" 500 3570
157.55.39.132 - - [08/Mar/2020:00:32:42 +0900] "GET /error/kr/error.jsp HTTP/1.1" 500 3570
125.185.128.61 - - [08/Mar/2020:00:33:03 +0900] "GET /home/whoweare/korea.do HTTP/1.1" 200 43261
125.185.128.61 - - [08/Mar/2020:00:34:04 +0900] "GET /home/whoweare/korea.do HTTP/1.1" 200 43261
125.185.128.61 - - [08/Mar/2020:00:34:54 +0900] "GET /home/watwedo/overview.do HTTP/1.1" 200 7044
125.185.128.61 - - [08/Mar/2020:00:35:01 +0900] "GET /home/watwedo/philosophy.do HTTP/1.1" 200 7553
125.185.128.61 - - [08/Mar/2020:00:35:04 +0900] "GET /home/whoweare/korea.do HTTP/1.1" 200 43261
125.209.235.169 - - [08/Mar/2020:00:35:15 +0900] "GET /home/whoweare/korea.do HTTP/1.1" 200 29677
125.185.128.61 - - [08/Mar/2020:00:35:34 +0900] "GET /home/whoweare/korea.do HTTP/1.1" 200 43261
5.188.84.6 - - [08/Mar/2020:00:36:04 +0900] "GET /home/news/news/view.do?page=1&num=6 HTTP/1.0" 200 9121
125.185.128.61 - - [08/Mar/2020:00:36:06 +0900] "GET /home/whoweare/korea.do HTTP/1.1" 200 43261
119.207.72.74 - - [08/Mar/2020:00:42:01 +0900] "GET /home/en/watwedo/philosophy.do HTTP/1.1" 200 7112
125.185.128.61 - - [08/Mar/2020:00:43:55 +0900] "GET /home/whoweare/china.do HTTP/1.1" 200 11536
125.185.128.61 - - [08/Mar/2020:00:45:23 +0900] "GET /home/whoweare/korea.do HTTP/1.1" 200 43261
125.185.128.61 - - [08/Mar/2020:00:45:31 +0900] "GET /home/watwedo/overview.do HTTP/1.1" 200 7044
125.185.128.61 - - [08/Mar/2020:00:45:44 +0900] "GET /home/meetourpartners/all.do HTTP/1.1" 200 105128
47.113.197.149 - - [08/Mar/2020:00:46:11 +0900] "GET /error/kr/error.jsp HTTP/1.1" 500 3570
125.185.128.61 - - [08/Mar/2020:00:47:45 +0900] "GET /home/meetourpartners/domestic.do HTTP/1.1" 200 76259
125.185.128.61 - - [08/Mar/2020:00:48:29 +0900] "GET /home/meetourpartners/overseas.do HTTP/1.1" 200 34535
125.185.128.61 - - [08/Mar/2020:00:48:34 +0900] "GET /home/meetourpartners/domestic.do HTTP/1.1" 200 76259
125.185.128.61 - - [08/Mar/2020:00:49:31 +0900] "GET /home/meetourpartners/overseas.do HTTP/1.1" 200 34535
125.185.128.61 - - [08/Mar/2020:00:49:42 +0900] "GET /home/news/news/list.do HTTP/1.1" 200 71778
125.185.128.61 - - [08/Mar/2020:00:49:54 +0900] "GET /home/contact/contact.do HTTP/1.1" 200 7487
125.185.128.61 - - [08/Mar/2020:00:50:09 +0900] "GET /home/about/about.do HTTP/1.1" 200 15329
125.185.128.61 - - [08/Mar/2020:00:50:09 +0900] "GET /error/kr/error.jsp HTTP/1.1" 500 3762
157.55.39.111 - - [08/Mar/2020:00:54:23 +0900] "GET /home/watwedo/overview.do HTTP/1.1" 200 6147
66.249.69.251 - - [08/Mar/2020:00:58:59 +0900] "GET /error/kr/error.jsp HTTP/1.1" 500 3762
66.249.72.22 - - [08/Mar/2020:00:59:01 +0900] "GET /error/kr/error.jsp HTTP/1.1" 500 3570
17.58.96.118 - - [08/Mar/2020:01:00:48 +0900] "GET /home/news/news/view.do?num=2 HTTP/1.1" 200 6974
40.77.167.68 - - [08/Mar/2020:01:03:04 +0900] "GET /home/main/main.do HTTP/1.1" 200 12222
40.77.167.32 - - [08/Mar/2020:01:04:02 +0900] "GET /error/kr/error.jsp HTTP/1.1" 500 3570
40.77.167.32 - - [08/Mar/2020:01:05:43 +0900] "GET /home/meetourpartners/domestic.do HTTP/1.1" 200 73451
203.217.245.11 - - [08/Mar/2020:01:05:51 +0900] "GET /index.jsp HTTP/1.1" 302 -
203.217.240.128 - - [08/Mar/2020:01:05:51 +0900] "GET /home/main/main.do HTTP/1.1" 200 12222
203.217.244.192 - - [08/Mar/2020:01:05:51 +0900] "GET /home/main/main.do HTTP/1.1" 200 12222
203.217.244.128 - - [08/Mar/2020:01:05:51 +0900] "GET /home/main/main.do HTTP/1.1" 200 12222
203.217.246.11 - - [08/Mar/2020:01:05:51 +0900] "GET /home/main/main.do HTTP/1.1" 200 12222
203.217.244.192 - - [08/Mar/2020:01:05:52 +0900] "GET /home/main/main.do HTTP/1.1" 200 12222
180.163.220.67 - - [08/Mar/2020:01:08:15 +0900] "GET /error/kr/error.jsp HTTP/1.1" 500 3570
42.236.10.117 - - [08/Mar/2020:01:08:31 +0900] "GET /error/kr/error.jsp HTTP/1.1" 500 3570
42.236.10.114 - - [08/Mar/2020:01:08:32 +0900] "GET /error/kr/error.jsp HTTP/1.1" 500 3570
42.236.10.117 - - [08/Mar/2020:01:08:48 +0900] "GET /index.jsp HTTP/1.1" 302 -
42.236.10.117 - - [08/Mar/2020:01:08:48 +0900] "GET /home/main/main.do HTTP/1.1" 200 8898
66.249.69.249 - - [08/Mar/2020:01:08:58 +0900] "GET /error/kr/error.jsp HTTP/1.1" 500 3762
42.236.10.117 - - [08/Mar/2020:01:09:06 +0900] "GET /error/kr/error.jsp HTTP/1.1" 500 3570
193.111.62.163 - - [08/Mar/2020:01:24:22 +0900] "GET /home/news/news/list.do HTTP/1.1" 200 7091
40.77.167.32 - - [08/Mar/2020:01:29:55 +0900] "GET /error/kr/error.jsp HTTP/1.1" 500 3570
178.156.202.37 - - [08/Mar/2020:01:43:14 +0900] "GET /index.jsp HTTP/1.1" 302 -
40.77.167.68 - - [08/Mar/2020:01:54:20 +0900] "GET /error/kr/error.jsp HTTP/1.1" 500 3570
119.207.72.67 - - [08/Mar/2020:02:04:37 +0900] "GET /home/news/news/view.do?num=2 HTTP/1.1" 200 6974
207.46.13.142 - - [08/Mar/2020:02:07:16 +0900] "GET /error/kr/error.jsp HTTP/1.1" 500 3570
40.77.167.32 - - [08/Mar/2020:02:07:23 +0900] "GET /error/kr/error.jsp HTTP/1.1" 500 3570
193.111.62.163 - - [08/Mar/2020:02:16:07 +0900] "GET /home/news/news/list.do HTTP/1.1" 200 7091
207.46.13.142 - - [08/Mar/2020:02:24:10 +0900] "GET /error/kr/error.jsp HTTP/1.1" 500 3570
40.77.167.68 - - [08/Mar/2020:02:24:17 +0900] "GET /error/kr/error.jsp HTTP/1.1" 500 3570
47.113.225.249 - - [08/Mar/2020:02:28:22 +0900] "GET /error/kr/error.jsp HTTP/1.1" 500 3570
47.113.225.249 - - [08/Mar/2020:02:28:22 +0900] "GET /error/kr/error.jsp HTTP/1.1" 500 3570
47.113.225.249 - - [08/Mar/2020:02:28:22 +0900] "GET /error/kr/error.jsp HTTP/1.1" 500 3570
47.113.225.249 - - [08/Mar/2020:02:28:22 +0900] "GET /error/kr/error.jsp HTTP/1.1" 500 3570
207.46.13.142 - - [08/Mar/2020:02:29:22 +0900] "GET /error/kr/error.jsp HTTP/1.1" 500 3570
40.77.167.68 - - [08/Mar/2020:02:29:38 +0900] "GET /error/kr/error.jsp HTTP/1.1" 500 3570
5.188.84.66 - - [08/Mar/2020:02:31:43 +0900] "GET /home/whoweare/korea.do HTTP/1.0" 200 29677
5.188.84.6 - - [08/Mar/2020:02:34:39 +0900] "GET /home/news/news/view.do?page=1&num=16 HTTP/1.0" 200 5666
40.77.167.32 - - [08/Mar/2020:02:45:16 +0900] "GET /error/kr/error.jsp HTTP/1.1" 500 3570
157.55.39.111 - - [08/Mar/2020:02:49:06 +0900] "GET /error/kr/error.jsp HTTP/1.1" 500 3570
211.56.145.140 - - [08/Mar/2020:02:50:28 +0900] "GET /index.jsp HTTP/1.1" 302 -
211.56.145.140 - - [08/Mar/2020:02:50:28 +0900] "GET /home/main/main.do HTTP/1.1" 302 -
211.56.145.140 - - [08/Mar/2020:02:50:28 +0900] "GET /home/main/main.do HTTP/1.1" 200 8898
157.55.39.111 - - [08/Mar/2020:02:55:00 +0900] "GET /error/kr/error.jsp HTTP/1.1" 500 3570
77.75.76.164 - - [08/Mar/2020:02:57:13 +0900] "GET /error/kr/error.jsp HTTP/1.1" 500 3570
40.77.167.68 - - [08/Mar/2020:03:03:01 +0900] "GET /error/kr/error.jsp HTTP/1.1" 500 3570
82.204.162.195 - - [08/Mar/2020:03:06:15 +0900] "GET /error/kr/error.jsp HTTP/1.1" 500 3570
94.185.83.194 - - [08/Mar/2020:03:17:17 +0900] "GET /error/kr/error.jsp HTTP/1.1" 500 3570
40.77.167.32 - - [08/Mar/2020:03:17:42 +0900] "GET /home/meetourpartners/all.do HTTP/1.1" 200 101569
193.111.62.163 - - [08/Mar/2020:03:23:51 +0900] "GET /home/news/news/list.do HTTP/1.1" 200 7091
40.77.167.68 - - [08/Mar/2020:03:29:08 +0900] "GET /home/whoweare/korea.do HTTP/1.1" 200 29677
125.209.235.174 - - [08/Mar/2020:03:35:15 +0900] "GET /index.jsp HTTP/1.1" 302 -
125.209.235.174 - - [08/Mar/2020:03:35:15 +0900] "GET /home/main/main.do HTTP/1.1" 200 12222
178.128.94.31 - - [08/Mar/2020:03:39:10 +0900] "GET /index.jsp HTTP/1.0" 302 -
40.77.167.68 - - [08/Mar/2020:04:10:31 +0900] "GET /error/kr/error.jsp HTTP/1.1" 500 3570
172.69.24.145 - - [08/Mar/2020:04:16:00 +0900] "GET /error/kr/error.jsp HTTP/1.1" 500 3570
162.158.69.94 - - [08/Mar/2020:04:16:01 +0900] "GET /error/kr/error.jsp HTTP/1.1" 500 3570
193.111.62.163 - - [08/Mar/2020:04:18:55 +0900] "GET /home/news/news/list.do HTTP/1.1" 200 7091
219.248.139.10 - - [08/Mar/2020:04:22:09 +0900] "GET /index.jsp HTTP/1.1" 302 -
219.248.139.10 - - [08/Mar/2020:04:22:10 +0900] "GET /home/main/main.do HTTP/1.1" 302 -
219.248.139.10 - - [08/Mar/2020:04:22:10 +0900] "GET /home/main/main.do HTTP/1.1" 200 8898
219.248.139.10 - - [08/Mar/2020:04:22:10 +0900] "GET /error/kr/error.jsp HTTP/1.1" 500 3762
219.248.139.10 - - [08/Mar/2020:04:22:16 +0900] "GET /home/watwedo/overview.do HTTP/1.1" 200 7044
219.248.139.10 - - [08/Mar/2020:04:22:35 +0900] "GET /home/watwedo/history.do HTTP/1.1" 200 8921
219.248.139.10 - - [08/Mar/2020:04:22:47 +0900] "GET /home/watwedo/philosophy.do HTTP/1.1" 200 7553
157.55.39.203 - - [08/Mar/2020:04:23:17 +0900] "GET /error/kr/error.jsp HTTP/1.1" 500 3570
186.226.219.127 - - [08/Mar/2020:04:24:46 +0900] "GET /index.jsp HTTP/1.1" 302 -
35.243.151.77 - - [08/Mar/2020:04:31:59 +0900] "GET /error/kr/error.jsp HTTP/1.0" 500 3570
35.243.151.77 - - [08/Mar/2020:04:32:00 +0900] "GET /index.jsp HTTP/1.0" 302 -
35.243.151.77 - - [08/Mar/2020:04:32:00 +0900] "GET /error/kr/error.jsp HTTP/1.0" 500 3570
35.243.151.77 - - [08/Mar/2020:04:32:01 +0900] "GET /home/en/main/main.do HTTP/1.0" 200 11080
35.243.151.77 - - [08/Mar/2020:04:41:05 +0900] "GET /error/kr/error.jsp HTTP/1.0" 500 3570
35.243.151.77 - - [08/Mar/2020:04:41:05 +0900] "GET /index.jsp HTTP/1.0" 302 -
35.243.151.77 - - [08/Mar/2020:04:41:05 +0900] "GET /error/kr/error.jsp HTTP/1.0" 500 3570
35.243.151.77 - - [08/Mar/2020:04:41:06 +0900] "GET /home/en/main/main.do HTTP/1.0" 200 11080
119.207.72.111 - - [08/Mar/2020:04:47:40 +0900] "GET /home/en/watwedo/history.do HTTP/1.1" 200 10541
54.212.40.92 - - [08/Mar/2020:04:49:12 +0900] "GET /error/kr/error.jsp HTTP/1.1" 500 3570
54.212.40.92 - - [08/Mar/2020:04:49:12 +0900] "GET /error/kr/error.jsp HTTP/1.1" 500 3570
207.46.13.144 - - [08/Mar/2020:04:50:22 +0900] "GET /error/kr/error.jsp HTTP/1.1" 500 3762
157.55.39.203 - - [08/Mar/2020:04:50:28 +0900] "GET /home/contact/contact.do HTTP/1.1" 200 7487
207.46.13.144 - - [08/Mar/2020:04:55:18 +0900] "GET /error/kr/error.jsp HTTP/1.1" 500 3762
40.77.167.32 - - [08/Mar/2020:04:55:26 +0900] "GET /error/kr/error.jsp HTTP/1.1" 500 3762
157.55.39.203 - - [08/Mar/2020:04:57:35 +0900] "GET /error/kr/error.jsp HTTP/1.1" 500 3570
207.46.13.142 - - [08/Mar/2020:05:06:01 +0900] "GET /error/kr/error.jsp HTTP/1.1" 500 3570
40.77.167.32 - - [08/Mar/2020:05:06:06 +0900] "GET /index.jsp HTTP/1.1" 302 -
157.55.39.203 - - [08/Mar/2020:05:07:40 +0900] "GET /error/kr/error.jsp HTTP/1.1" 500 3570
138.186.218.158 - - [08/Mar/2020:05:11:54 +0900] "GET /index.jsp HTTP/1.1" 302 -
5.188.84.6 - - [08/Mar/2020:05:14:57 +0900] "GET /home/news/news/view.do?page=1&num=15 HTTP/1.0" 200 9181
193.111.62.163 - - [08/Mar/2020:05:15:22 +0900] "GET /home/news/news/list.do HTTP/1.1" 200 7091
121.254.147.237 - - [08/Mar/2020:05:22:18 +0900] "GET /index.jsp HTTP/1.1" 302 -
121.254.147.237 - - [08/Mar/2020:05:22:18 +0900] "GET /home/en/main/main.do HTTP/1.1" 200 11080
103.131.71.51 - - [08/Mar/2020:05:33:04 +0900] "GET /error/kr/error.jsp HTTP/1.1" 500 3570
103.131.71.45 - - [08/Mar/2020:05:33:07 +0900] "GET /error/kr/error.jsp HTTP/1.1" 500 3762
103.131.71.49 - - [08/Mar/2020:05:33:15 +0900] "GET /error/kr/error.jsp HTTP/1.1" 500 3570
207.46.13.142 - - [08/Mar/2020:05:33:19 +0900] "GET /error/kr/error.jsp HTTP/1.1" 500 3570
40.77.167.51 - - [08/Mar/2020:05:33:28 +0900] "GET /home/whoweare/korea.do HTTP/1.1" 200 29677
207.46.13.142 - - [08/Mar/2020:05:35:26 +0900] "GET /error/kr/error.jsp HTTP/1.1" 500 3570
207.46.13.144 - - [08/Mar/2020:05:39:02 +0900] "GET /error/kr/error.jsp HTTP/1.1" 500 3762
40.77.167.32 - - [08/Mar/2020:05:39:06 +0900] "GET /index.jsp HTTP/1.1" 302 -
211.38.199.108 - - [08/Mar/2020:05:47:19 +0900] "GET /index.jsp HTTP/1.1" 302 -
211.38.199.108 - - [08/Mar/2020:05:47:19 +0900] "GET /home/main/main.do HTTP/1.1" 302 -
211.38.199.108 - - [08/Mar/2020:05:47:19 +0900] "GET /home/main/main.do HTTP/1.1" 200 8898
211.38.199.108 - - [08/Mar/2020:05:47:19 +0900] "GET /error/kr/error.jsp HTTP/1.1" 500 3762
207.46.13.142 - - [08/Mar/2020:05:59:40 +0900] "GET /error/kr/error.jsp HTTP/1.1" 500 3570
40.77.167.51 - - [08/Mar/2020:05:59:41 +0900] "GET /error/kr/error.jsp HTTP/1.1" 500 3570
40.77.167.51 - - [08/Mar/2020:05:59:42 +0900] "GET /home/news/news/view.do?page=2&num=15 HTTP/1.1" 200 9181
112.213.103.88 - - [08/Mar/2020:06:11:53 +0900] "GET /error/kr/error.jsp HTTP/1.1" 500 3570
112.213.103.88 - - [08/Mar/2020:06:11:54 +0900] "GET /error/kr/error.jsp HTTP/1.1" 500 3570
103.216.184.62 - - [08/Mar/2020:06:18:56 +0900] "GET /index.jsp HTTP/1.1" 302 -
40.77.167.32 - - [08/Mar/2020:06:24:13 +0900] "GET /error/kr/error.jsp HTTP/1.1" 500 3570
118.47.209.149 - - [08/Mar/2020:06:24:35 +0900] "GET /index.jsp HTTP/1.1" 302 -
118.47.209.149 - - [08/Mar/2020:06:24:35 +0900] "GET /home/main/main.do HTTP/1.1" 200 12222
157.55.39.111 - - [08/Mar/2020:06:24:40 +0900] "GET /error/kr/error.jsp HTTP/1.1" 500 3570
118.47.209.149 - - [08/Mar/2020:06:24:40 +0900] "GET /home/watwedo/overview.do HTTP/1.1" 200 6147
118.47.209.149 - - [08/Mar/2020:06:24:56 +0900] "GET /home/watwedo/history.do HTTP/1.1" 200 10614
118.47.209.149 - - [08/Mar/2020:06:25:09 +0900] "GET /home/whoweare/korea.do HTTP/1.1" 200 29677
82.204.162.195 - - [08/Mar/2020:06:25:53 +0900] "GET /error/kr/error.jsp HTTP/1.1" 500 3570
193.111.62.163 - - [08/Mar/2020:06:26:42 +0900] "GET /home/news/news/list.do HTTP/1.1" 200 7091
40.77.167.32 - - [08/Mar/2020:06:32:57 +0900] "GET /error/kr/error.jsp HTTP/1.1" 500 3570
128.14.133.58 - - [08/Mar/2020:06:46:25 +0900] "GET /index.jsp HTTP/1.1" 302 -
128.14.133.58 - - [08/Mar/2020:06:46:26 +0900] "GET /home/main/main.do HTTP/1.1" 200 12222
66.249.69.251 - - [08/Mar/2020:06:50:32 +0900] "GET /error/kr/error.jsp HTTP/1.1" 500 3762
66.249.75.96 - - [08/Mar/2020:06:50:33 +0900] "GET /error/kr/error.jsp HTTP/1.1" 500 3570
157.55.39.203 - - [08/Mar/2020:06:51:09 +0900] "GET /error/kr/error.jsp HTTP/1.1" 500 3570
122.51.154.89 - - [08/Mar/2020:06:54:44 +0900] "GET /error/kr/error.jsp HTTP/1.1" 500 3570
122.51.154.89 - - [08/Mar/2020:06:54:44 +0900] "GET /error/kr/error.jsp HTTP/1.1" 500 3570
122.51.154.89 - - [08/Mar/2020:06:54:45 +0900] "GET /error/kr/error.jsp HTTP/1.1" 500 3570
122.51.154.89 - - [08/Mar/2020:06:54:45 +0900] "GET /error/kr/error.jsp HTTP/1.1" 500 3570
119.207.72.78 - - [08/Mar/2020:06:58:20 +0900] "GET /index.jsp HTTP/1.1" 302 -
119.207.72.78 - - [08/Mar/2020:06:58:20 +0900] "GET /home/main/main.do HTTP/1.1" 200 12222
65.155.30.101 - - [08/Mar/2020:07:02:30 +0900] "GET /index.jsp HTTP/1.1" 302 -
65.155.30.101 - - [08/Mar/2020:07:02:31 +0900] "GET /home/main/main.do HTTP/1.1" 200 12222
207.46.13.142 - - [08/Mar/2020:07:05:55 +0900] "GET /error/kr/error.jsp HTTP/1.1" 500 3570
157.55.39.111 - - [08/Mar/2020:07:06:04 +0900] "GET /error/kr/error.jsp HTTP/1.1" 500 3570
40.77.167.32 - - [08/Mar/2020:07:08:58 +0900] "GET /error/kr/error.jsp HTTP/1.1" 500 3570
66.249.75.124 - - [08/Mar/2020:07:10:19 +0900] "GET /error/kr/error.jsp HTTP/1.1" 500 3570
193.111.62.163 - - [08/Mar/2020:07:20:52 +0900] "GET /home/news/news/list.do HTTP/1.1" 200 7091
104.37.28.2 - - [08/Mar/2020:07:22:53 +0900] "GET /index.jsp HTTP/1.1" 302 -
104.37.28.2 - - [08/Mar/2020:07:22:54 +0900] "GET /home/en/main/main.do HTTP/1.1" 200 11080
104.37.28.2 - - [08/Mar/2020:07:23:04 +0900] "GET /error/kr/error.jsp HTTP/1.1" 500 3570
117.135.187.18 - - [08/Mar/2020:07:47:02 +0900] "GET /index.jsp HTTP/1.1" 302 -
117.135.187.18 - - [08/Mar/2020:07:47:03 +0900] "GET /home/main/main.do HTTP/1.1" 200 12222
38.99.62.91 - - [08/Mar/2020:07:58:05 +0900] "GET /home/en/meetourpartners/overseas.do HTTP/1.1" 200 31428
38.99.62.91 - - [08/Mar/2020:07:58:45 +0900] "GET /home/en/meetourpartners/all.do HTTP/1.1" 200 95227
38.99.62.91 - - [08/Mar/2020:07:59:25 +0900] "GET /home/en/meetourpartners/overseas.do HTTP/1.1" 200 31428
94.140.114.53 - - [08/Mar/2020:08:03:22 +0900] "GET /index.jsp HTTP/1.0" 302 -
207.46.13.142 - - [08/Mar/2020:08:07:49 +0900] "GET /error/kr/error.jsp HTTP/1.1" 500 3570
40.77.167.51 - - [08/Mar/2020:08:07:56 +0900] "GET /error/kr/error.jsp HTTP/1.1" 500 3570
38.99.62.91 - - [08/Mar/2020:08:08:26 +0900] "GET /home/meetourpartners/all.do HTTP/1.1" 200 101569
38.99.62.91 - - [08/Mar/2020:08:09:05 +0900] "GET /home/en/meetourpartners/overseas.do HTTP/1.1" 200 31428
38.99.62.91 - - [08/Mar/2020:08:12:21 +0900] "GET /home/meetourpartners/all.do HTTP/1.1" 200 101569
38.99.62.91 - - [08/Mar/2020:08:12:47 +0900] "GET /home/en/meetourpartners/overseas.do HTTP/1.1" 200 31428
38.99.62.91 - - [08/Mar/2020:08:16:03 +0900] "GET /home/meetourpartners/all.do HTTP/1.1" 200 101569
38.99.62.91 - - [08/Mar/2020:08:16:42 +0900] "GET /home/en/meetourpartners/overseas.do HTTP/1.1" 200 31428
38.99.62.91 - - [08/Mar/2020:08:17:22 +0900] "GET /home/en/meetourpartners/all.do HTTP/1.1" 200 95227
38.99.62.91 - - [08/Mar/2020:08:17:47 +0900] "GET /home/meetourpartners/all.do HTTP/1.1" 200 101569
38.99.62.91 - - [08/Mar/2020:08:18:27 +0900] "GET /home/en/meetourpartners/all.do HTTP/1.1" 200 95227
193.111.62.163 - - [08/Mar/2020:08:18:34 +0900] "GET /home/news/news/list.do HTTP/1.1" 200 7091
207.46.13.142 - - [08/Mar/2020:08:18:39 +0900] "GET /error/kr/error.jsp HTTP/1.1" 500 3570
157.55.39.203 - - [08/Mar/2020:08:18:42 +0900] "GET /error/kr/error.jsp HTTP/1.1" 500 3570
38.99.62.91 - - [08/Mar/2020:08:19:06 +0900] "GET /home/meetourpartners/all.do HTTP/1.1" 200 101569
38.99.62.91 - - [08/Mar/2020:08:19:46 +0900] "GET /home/en/meetourpartners/all.do HTTP/1.1" 200 95227
38.99.62.91 - - [08/Mar/2020:08:22:23 +0900] "GET /home/meetourpartners/all.do HTTP/1.1" 200 101569
38.99.62.91 - - [08/Mar/2020:08:23:02 +0900] "GET /home/en/meetourpartners/all.do HTTP/1.1" 200 95227
38.99.62.91 - - [08/Mar/2020:08:23:42 +0900] "GET /home/meetourpartners/all.do HTTP/1.1" 200 101569
38.99.62.91 - - [08/Mar/2020:08:24:21 +0900] "GET /home/en/meetourpartners/all.do HTTP/1.1" 200 95227
38.99.62.91 - - [08/Mar/2020:08:25:01 +0900] "GET /home/en/meetourpartners/all.do HTTP/1.1" 200 95227
38.99.62.91 - - [08/Mar/2020:08:26:59 +0900] "GET /home/meetourpartners/all.do HTTP/1.1" 200 101569
38.99.62.91 - - [08/Mar/2020:08:28:18 +0900] "GET /home/en/meetourpartners/all.do HTTP/1.1" 200 95227
38.99.62.91 - - [08/Mar/2020:08:29:37 +0900] "GET /home/en/meetourpartners/all.do HTTP/1.1" 200 95227
38.99.62.91 - - [08/Mar/2020:08:30:16 +0900] "GET /home/en/meetourpartners/all.do HTTP/1.1" 200 95227
38.99.62.91 - - [08/Mar/2020:08:31:35 +0900] "GET /home/meetourpartners/all.do HTTP/1.1" 200 101569
38.99.62.91 - - [08/Mar/2020:08:32:54 +0900] "GET /home/en/meetourpartners/all.do HTTP/1.1" 200 95227
207.46.13.142 - - [08/Mar/2020:08:33:05 +0900] "GET /error/kr/error.jsp HTTP/1.1" 500 3570
157.55.39.111 - - [08/Mar/2020:08:33:11 +0900] "GET /error/kr/error.jsp HTTP/1.1" 500 3570
38.99.62.91 - - [08/Mar/2020:08:33:36 +0900] "GET /home/meetourpartners/all.do HTTP/1.1" 200 101569
38.99.62.91 - - [08/Mar/2020:08:34:16 +0900] "GET /home/meetourpartners/all.do HTTP/1.1" 200 101569
38.99.62.91 - - [08/Mar/2020:08:34:55 +0900] "GET /home/en/meetourpartners/all.do HTTP/1.1" 200 95227
40.77.167.32 - - [08/Mar/2020:08:37:19 +0900] "GET /home/news/news/view.do?page=2&num=10 HTTP/1.1" 200 6756
38.99.62.91 - - [08/Mar/2020:08:37:57 +0900] "GET /home/meetourpartners/all.do HTTP/1.1" 200 101569
38.99.62.91 - - [08/Mar/2020:08:38:36 +0900] "GET /home/en/meetourpartners/all.do HTTP/1.1" 200 95227
38.99.62.91 - - [08/Mar/2020:08:39:55 +0900] "GET /home/en/contact/contact.do HTTP/1.1" 200 5187
38.99.62.91 - - [08/Mar/2020:08:40:36 +0900] "GET /home/en/main/main.do HTTP/1.1" 200 11080
38.99.62.91 - - [08/Mar/2020:08:41:54 +0900] "GET /home/meetourpartners/all.do HTTP/1.1" 200 101569
38.99.62.91 - - [08/Mar/2020:08:42:34 +0900] "GET /home/en/watwedo/philosophy.do HTTP/1.1" 200 7112
38.99.62.91 - - [08/Mar/2020:08:43:13 +0900] "GET /home/en/main/main.do HTTP/1.1" 200 11080
38.99.62.91 - - [08/Mar/2020:08:43:39 +0900] "GET /home/watwedo/overview.do HTTP/1.1" 200 6147
38.99.62.91 - - [08/Mar/2020:08:44:18 +0900] "GET /home/watwedo/history.do HTTP/1.1" 200 10614
38.99.62.91 - - [08/Mar/2020:08:44:44 +0900] "GET /home/watwedo/overview.do HTTP/1.1" 200 6147
38.99.62.91 - - [08/Mar/2020:08:45:09 +0900] "GET /home/whoweare/korea.do HTTP/1.1" 200 29677
38.99.62.91 - - [08/Mar/2020:08:45:49 +0900] "GET /home/whoweare/china.do HTTP/1.1" 200 10340
66.249.75.122 - - [08/Mar/2020:08:46:00 +0900] "GET /error/kr/error.jsp HTTP/1.1" 500 3570
38.99.62.91 - - [08/Mar/2020:08:46:54 +0900] "GET /home/meetourpartners/all.do HTTP/1.1" 200 101569
38.99.62.91 - - [08/Mar/2020:08:47:19 +0900] "GET /home/meetourpartners/all.do HTTP/1.1" 200 101569
38.99.62.91 - - [08/Mar/2020:08:47:45 +0900] "GET /home/whoweare/china.do HTTP/1.1" 200 10340
38.99.62.91 - - [08/Mar/2020:08:48:24 +0900] "GET /home/en/meetourpartners/all.do HTTP/1.1" 200 95227
38.99.62.91 - - [08/Mar/2020:08:49:04 +0900] "GET /home/whoweare/korea.do HTTP/1.1" 200 29677
38.99.62.91 - - [08/Mar/2020:08:49:44 +0900] "GET /home/about/about.do HTTP/1.1" 200 14216
66.249.75.120 - - [08/Mar/2020:08:49:46 +0900] "GET /error/kr/error.jsp HTTP/1.1" 500 3570
38.99.62.91 - - [08/Mar/2020:08:50:09 +0900] "GET /index.jsp HTTP/1.1" 302 -
38.99.62.91 - - [08/Mar/2020:08:50:09 +0900] "GET /home/en/main/main.do HTTP/1.1" 200 11080
38.99.62.91 - - [08/Mar/2020:08:50:49 +0900] "GET /home/news/news/view.do?num=1 HTTP/1.1" 200 8971
38.99.62.91 - - [08/Mar/2020:08:51:15 +0900] "GET /home/news/news/view.do?page=&num=2 HTTP/1.1" 200 6974
38.99.62.91 - - [08/Mar/2020:08:51:40 +0900] "GET /home/meetourpartners/all.do HTTP/1.1" 200 101569
38.99.62.91 - - [08/Mar/2020:08:52:05 +0900] "GET /home/news/news/list.do?page= HTTP/1.1" 200 7091
38.99.62.91 - - [08/Mar/2020:08:52:45 +0900] "GET /home/en/meetourpartners/all.do HTTP/1.1" 200 95227
38.99.62.91 - - [08/Mar/2020:08:53:11 +0900] "GET /home/news/news/view.do?num=1 HTTP/1.1" 200 8971
38.99.62.91 - - [08/Mar/2020:08:53:50 +0900] "GET /home/news/news/view.do?num=2 HTTP/1.1" 200 6974
38.99.62.91 - - [08/Mar/2020:08:54:30 +0900] "GET /home/news/news/view.do?page=&num=3 HTTP/1.1" 200 5573
38.99.62.91 - - [08/Mar/2020:08:55:09 +0900] "GET /home/news/news/view.do?page=&num=1 HTTP/1.1" 200 8971
38.99.62.91 - - [08/Mar/2020:08:55:35 +0900] "GET /home/en/meetourpartners/all.do HTTP/1.1" 200 95227
38.99.62.91 - - [08/Mar/2020:08:56:14 +0900] "GET /home/news/news/view.do?num=2 HTTP/1.1" 200 6974
38.99.62.91 - - [08/Mar/2020:08:56:54 +0900] "GET /home/watwedo/philosophy.do HTTP/1.1" 200 7162
38.99.62.91 - - [08/Mar/2020:08:57:33 +0900] "GET /home/en/meetourpartners/all.do HTTP/1.1" 200 95227
38.99.62.91 - - [08/Mar/2020:08:58:13 +0900] "GET /home/meetourpartners/all.do HTTP/1.1" 200 101569
157.55.39.111 - - [08/Mar/2020:08:59:13 +0900] "GET /error/kr/error.jsp HTTP/1.1" 500 3570
40.77.167.32 - - [08/Mar/2020:09:00:54 +0900] "GET /home/news/news/view.do?num=3 HTTP/1.1" 200 71892
40.77.167.32 - - [08/Mar/2020:09:02:13 +0900] "GET /index.jsp HTTP/1.1" 302 -
193.111.62.163 - - [08/Mar/2020:09:16:37 +0900] "GET /home/news/news/list.do HTTP/1.1" 200 7091
103.131.71.143 - - [08/Mar/2020:09:23:03 +0900] "GET /error/kr/error.jsp HTTP/1.1" 500 3570
103.131.71.135 - - [08/Mar/2020:09:23:05 +0900] "GET /error/kr/error.jsp HTTP/1.1" 500 3762
103.131.71.134 - - [08/Mar/2020:09:23:07 +0900] "GET /home/en/whoweare/korea.do HTTP/1.1" 200 43296
103.131.71.136 - - [08/Mar/2020:09:23:09 +0900] "GET /error/kr/error.jsp HTTP/1.1" 500 3570
103.131.71.143 - - [08/Mar/2020:09:23:11 +0900] "GET /home/en/main/main.do HTTP/1.1" 200 11080
80.82.77.33 - - [08/Mar/2020:09:27:48 +0900] "GET /index.jsp HTTP/1.1" 302 -
80.82.77.33 - - [08/Mar/2020:09:27:49 +0900] "GET /home/main/main.do HTTP/1.1" 200 12222
80.82.77.33 - - [08/Mar/2020:09:27:49 +0900] "GET /error/kr/error.jsp HTTP/1.1" 500 3570
80.82.77.33 - - [08/Mar/2020:09:27:50 +0900] "GET /error/kr/error.jsp HTTP/1.1" 500 3570
80.82.77.33 - - [08/Mar/2020:09:27:50 +0900] "GET /error/kr/error.jsp HTTP/1.1" 500 3570
39.98.124.123 - - [08/Mar/2020:09:33:31 +0900] "GET /error/kr/error.jsp HTTP/1.1" 500 3570
40.77.167.32 - - [08/Mar/2020:09:37:52 +0900] "GET /error/kr/error.jsp HTTP/1.1" 500 3570
66.249.69.249 - - [08/Mar/2020:09:40:32 +0900] "GET /error/kr/error.jsp HTTP/1.1" 500 3762
119.207.72.67 - - [08/Mar/2020:09:46:13 +0900] "GET /index.jsp HTTP/1.1" 302 -
119.207.72.67 - - [08/Mar/2020:09:46:13 +0900] "GET /home/main/main.do HTTP/1.1" 200 12222
222.231.30.115 - - [08/Mar/2020:09:49:20 +0900] "GET /index.jsp HTTP/1.1" 302 -
222.231.30.115 - - [08/Mar/2020:09:49:20 +0900] "GET /home/main/main.do HTTP/1.1" 200 12222
222.231.30.115 - - [08/Mar/2020:09:49:21 +0900] "GET /home/main/main.do HTTP/1.1" 200 12222
222.231.30.115 - - [08/Mar/2020:09:49:22 +0900] "GET /home/main/main.do HTTP/1.1" 200 12222
40.77.167.94 - - [08/Mar/2020:10:04:04 +0900] "GET /error/kr/error.jsp HTTP/1.1" 500 3570
157.55.39.111 - - [08/Mar/2020:10:04:10 +0900] "GET /error/kr/error.jsp HTTP/1.1" 500 3570
119.207.72.70 - - [08/Mar/2020:10:12:18 +0900] "GET /index.jsp HTTP/1.1" 302 -
119.207.72.70 - - [08/Mar/2020:10:12:18 +0900] "GET /home/main/main.do HTTP/1.1" 200 12222
193.111.62.163 - - [08/Mar/2020:10:18:53 +0900] "GET /home/news/news/list.do HTTP/1.1" 200 7091
66.249.72.20 - - [08/Mar/2020:10:33:46 +0900] "GET /error/kr/error.jsp HTTP/1.1" 500 3570
40.77.167.94 - - [08/Mar/2020:10:46:17 +0900] "GET /error/kr/error.jsp HTTP/1.1" 500 3570
51.38.57.199 - - [08/Mar/2020:10:54:35 +0900] "GET /index.jsp HTTP/1.0" 302 -
40.77.167.32 - - [08/Mar/2020:10:56:22 +0900] "GET /error/kr/error.jsp HTTP/1.1" 500 3570
158.69.27.201 - - [08/Mar/2020:10:56:46 +0900] "GET /error/kr/error.jsp HTTP/1.1" 500 3570
158.69.27.201 - - [08/Mar/2020:10:56:47 +0900] "GET /error/kr/error.jsp HTTP/1.1" 500 3570
158.69.27.201 - - [08/Mar/2020:10:56:47 +0900] "GET /error/kr/error.jsp HTTP/1.1" 500 3570
158.69.27.201 - - [08/Mar/2020:10:56:48 +0900] "GET /error/kr/error.jsp HTTP/1.1" 500 3570
40.77.167.32 - - [08/Mar/2020:11:01:49 +0900] "GET /error/kr/error.jsp HTTP/1.1" 500 3570
193.111.62.163 - - [08/Mar/2020:11:19:47 +0900] "GET /home/news/news/list.do HTTP/1.1" 200 7091
143.255.242.143 - - [08/Mar/2020:11:19:58 +0900] "GET /index.jsp HTTP/1.1" 302 -
62.4.16.86 - - [08/Mar/2020:11:20:59 +0900] "GET /index.jsp HTTP/1.1" 302 -
62.4.16.86 - - [08/Mar/2020:11:20:59 +0900] "GET /home/main/main.do HTTP/1.1" 200 12222
183.91.11.75 - - [08/Mar/2020:11:26:16 +0900] "GET /error/kr/error.jsp HTTP/1.1" 500 3570
157.55.39.111 - - [08/Mar/2020:11:27:27 +0900] "GET /error/kr/error.jsp HTTP/1.1" 500 3570
207.46.13.252 - - [08/Mar/2020:11:31:10 +0900] "GET /error/kr/error.jsp HTTP/1.1" 500 3570
40.77.167.94 - - [08/Mar/2020:11:31:11 +0900] "GET /home/meetourpartners/domestic.do HTTP/1.1" 200 76259
40.77.167.32 - - [08/Mar/2020:11:31:31 +0900] "GET /error/kr/error.jsp HTTP/1.1" 500 3762
40.77.167.32 - - [08/Mar/2020:11:31:31 +0900] "GET /error/kr/error.jsp HTTP/1.1" 500 3762
40.77.167.32 - - [08/Mar/2020:11:31:32 +0900] "GET /error/kr/error.jsp HTTP/1.1" 500 3762
40.77.167.32 - - [08/Mar/2020:11:31:32 +0900] "GET /error/kr/error.jsp HTTP/1.1" 500 3762
40.77.167.32 - - [08/Mar/2020:11:31:33 +0900] "GET /error/kr/error.jsp HTTP/1.1" 500 3762
40.77.167.32 - - [08/Mar/2020:11:31:33 +0900] "GET /error/kr/error.jsp HTTP/1.1" 500 3762
40.77.167.32 - - [08/Mar/2020:11:31:33 +0900] "GET /error/kr/error.jsp HTTP/1.1" 500 3762
40.77.167.32 - - [08/Mar/2020:11:31:34 +0900] "GET /error/kr/error.jsp HTTP/1.1" 500 3762
185.181.102.18 - - [08/Mar/2020:11:39:53 +0900] "GET /index.jsp HTTP/1.1" 302 -
185.181.102.18 - - [08/Mar/2020:11:39:56 +0900] "GET /home/main/main.do HTTP/1.1" 200 12222
185.181.102.18 - - [08/Mar/2020:11:40:02 +0900] "GET /error/kr/error.jsp HTTP/1.1" 500 3570
207.46.13.252 - - [08/Mar/2020:11:48:43 +0900] "GET /error/kr/error.jsp HTTP/1.1" 500 3570
183.253.149.216 - - [08/Mar/2020:11:49:33 +0900] "GET /error/kr/error.jsp HTTP/1.1" 500 3570
222.231.30.115 - - [08/Mar/2020:11:54:46 +0900] "GET /index.jsp HTTP/1.1" 302 -
222.231.30.115 - - [08/Mar/2020:11:54:46 +0900] "GET /home/main/main.do HTTP/1.1" 200 12222
222.231.30.115 - - [08/Mar/2020:11:54:47 +0900] "GET /home/main/main.do HTTP/1.1" 200 12222
222.231.30.115 - - [08/Mar/2020:11:54:48 +0900] "GET /home/main/main.do HTTP/1.1" 200 12222
79.143.186.114 - - [08/Mar/2020:12:07:16 +0900] "GET /index.jsp HTTP/1.0" 302 -
40.77.167.94 - - [08/Mar/2020:12:15:20 +0900] "GET /home/whoweare/korea.do HTTP/1.1" 200 29677
54.201.192.104 - - [08/Mar/2020:12:18:23 +0900] "GET /index.jsp HTTP/1.1" 302 -
77.75.78.160 - - [08/Mar/2020:12:20:48 +0900] "GET /error/kr/error.jsp HTTP/1.1" 500 3570
193.111.62.163 - - [08/Mar/2020:12:22:15 +0900] "GET /home/news/news/list.do HTTP/1.1" 200 7091
207.46.13.144 - - [08/Mar/2020:12:22:45 +0900] "GET /error/kr/error.jsp HTTP/1.1" 500 3762
207.46.13.144 - - [08/Mar/2020:12:46:08 +0900] "GET /error/kr/error.jsp HTTP/1.1" 500 3762
207.46.13.144 - - [08/Mar/2020:12:48:45 +0900] "GET /error/kr/error.jsp HTTP/1.1" 500 3762
211.38.144.230 - - [08/Mar/2020:13:00:50 +0900] "GET /error/kr/error.jsp HTTP/1.1" 500 3570
52.79.148.246 - - [08/Mar/2020:13:02:11 +0900] "GET /index.jsp HTTP/1.1" 302 -
52.79.148.246 - - [08/Mar/2020:13:02:12 +0900] "GET /home/en/main/main.do HTTP/1.1" 200 11080
34.74.57.169 - - [08/Mar/2020:13:09:07 +0900] "GET /error/kr/error.jsp HTTP/1.0" 500 3570
34.74.57.169 - - [08/Mar/2020:13:09:07 +0900] "GET /home/en/about/about.do HTTP/1.0" 200 14811
193.111.62.163 - - [08/Mar/2020:13:13:42 +0900] "GET /home/news/news/list.do HTTP/1.1" 200 7091
34.74.57.169 - - [08/Mar/2020:13:15:07 +0900] "GET /error/kr/error.jsp HTTP/1.0" 500 3570
34.74.57.169 - - [08/Mar/2020:13:15:08 +0900] "GET /home/en/watwedo/overview.do HTTP/1.0" 200 6156
34.74.57.169 - - [08/Mar/2020:13:16:13 +0900] "GET /error/kr/error.jsp HTTP/1.0" 500 3570
34.74.57.169 - - [08/Mar/2020:13:16:13 +0900] "GET /home/main/main.do HTTP/1.0" 200 12222
189.69.67.243 - - [08/Mar/2020:13:17:38 +0900] "GET /index.jsp HTTP/1.1" 302 -
213.221.10.134 - - [08/Mar/2020:13:18:39 +0900] "GET /index.jsp HTTP/1.1" 302 -
34.74.57.169 - - [08/Mar/2020:13:21:18 +0900] "GET /error/kr/error.jsp HTTP/1.0" 500 3570
34.74.57.169 - - [08/Mar/2020:13:21:19 +0900] "GET /home/en/meetourpartners/all.do HTTP/1.0" 200 95227
183.102.43.91 - - [08/Mar/2020:13:24:20 +0900] "GET /index.jsp HTTP/1.1" 302 -
183.102.43.91 - - [08/Mar/2020:13:24:20 +0900] "GET /home/main/main.do HTTP/1.1" 200 12222
24.5.187.130 - - [08/Mar/2020:13:24:39 +0900] "GET /index.jsp HTTP/1.1" 302 -
24.5.187.130 - - [08/Mar/2020:13:24:43 +0900] "GET /home/en/main/main.do HTTP/1.1" 200 11080
66.249.84.221 - - [08/Mar/2020:13:24:44 +0900] "GET /index.jsp HTTP/1.1" 302 -
66.249.84.221 - - [08/Mar/2020:13:24:45 +0900] "GET /home/main/main.do HTTP/1.1" 200 12222
207.46.13.142 - - [08/Mar/2020:13:25:41 +0900] "GET /error/kr/error.jsp HTTP/1.1" 500 3570
157.55.39.111 - - [08/Mar/2020:13:25:46 +0900] "GET /home/en/meetourpartners/all.do HTTP/1.1" 200 95227
119.207.72.116 - - [08/Mar/2020:13:28:21 +0900] "GET /home/watwedo/overview.do HTTP/1.1" 200 6147
24.5.187.130 - - [08/Mar/2020:13:29:37 +0900] "GET /home/en/watwedo/overview.do HTTP/1.1" 200 6156
24.5.187.130 - - [08/Mar/2020:13:29:42 +0900] "GET /home/en/main/main.do HTTP/1.1" 200 11080
121.254.147.237 - - [08/Mar/2020:13:29:57 +0900] "GET /index.jsp HTTP/1.1" 302 -
121.254.147.237 - - [08/Mar/2020:13:29:57 +0900] "GET /home/en/main/main.do HTTP/1.1" 200 11080
17.58.96.118 - - [08/Mar/2020:13:30:09 +0900] "GET /error/kr/error.jsp HTTP/1.1" 500 3570
24.5.187.130 - - [08/Mar/2020:13:30:16 +0900] "GET /home/en/meetourpartners/all.do HTTP/1.1" 200 95227
61.135.190.72 - - [08/Mar/2020:13:30:28 +0900] "GET /home/en/main/main.do HTTP/1.0" 200 8279
34.74.57.169 - - [08/Mar/2020:13:30:39 +0900] "GET /error/kr/error.jsp HTTP/1.0" 500 3570
34.74.57.169 - - [08/Mar/2020:13:30:39 +0900] "GET /home/en/watwedo/philosophy.do HTTP/1.0" 200 7112
3.90.223.104 - - [08/Mar/2020:13:30:48 +0900] "GET /error/kr/error.jsp HTTP/1.1" 500 3570
3.90.223.104 - - [08/Mar/2020:13:30:49 +0900] "GET /error/kr/error.jsp HTTP/1.1" 500 3570
24.5.187.130 - - [08/Mar/2020:13:31:03 +0900] "GET /home/en/meetourpartners/overseas.do HTTP/1.1" 200 31428
24.5.187.130 - - [08/Mar/2020:13:31:18 +0900] "GET /home/en/watwedo/overview.do HTTP/1.1" 200 6156
24.5.187.130 - - [08/Mar/2020:13:31:46 +0900] "GET /home/en/watwedo/history.do HTTP/1.1" 200 10541
24.5.187.130 - - [08/Mar/2020:13:32:16 +0900] "GET /home/en/watwedo/philosophy.do HTTP/1.1" 200 7112
24.5.187.130 - - [08/Mar/2020:13:32:32 +0900] "GET /home/en/contact/contact.do HTTP/1.1" 200 5187
24.5.187.130 - - [08/Mar/2020:13:33:25 +0900] "GET /home/en/about/about.do HTTP/1.1" 200 14811
34.74.57.169 - - [08/Mar/2020:13:34:36 +0900] "GET /error/kr/error.jsp HTTP/1.0" 500 3570
34.74.57.169 - - [08/Mar/2020:13:34:37 +0900] "GET /home/en/whoweare/korea.do HTTP/1.0" 200 29641
34.74.57.169 - - [08/Mar/2020:13:36:56 +0900] "GET /error/kr/error.jsp HTTP/1.0" 500 3570
34.74.57.169 - - [08/Mar/2020:13:36:56 +0900] "GET /home/en/contact/contact.do HTTP/1.0" 200 5187
34.74.57.169 - - [08/Mar/2020:13:37:43 +0900] "GET /error/kr/error.jsp HTTP/1.0" 500 3570
34.74.57.169 - - [08/Mar/2020:13:37:43 +0900] "GET /home/en/meetourpartners/all.do HTTP/1.0" 200 95227
34.74.57.169 - - [08/Mar/2020:13:37:47 +0900] "GET /error/kr/error.jsp HTTP/1.0" 500 3570
34.74.57.169 - - [08/Mar/2020:13:37:47 +0900] "GET /home/en/watwedo/overview.do HTTP/1.0" 200 6156
34.74.57.169 - - [08/Mar/2020:13:37:49 +0900] "GET /error/kr/error.jsp HTTP/1.0" 500 3570
34.74.57.169 - - [08/Mar/2020:13:37:50 +0900] "GET /home/en/whoweare/korea.do HTTP/1.0" 200 29641
34.74.57.169 - - [08/Mar/2020:13:37:51 +0900] "GET /error/kr/error.jsp HTTP/1.0" 500 3570
34.74.57.169 - - [08/Mar/2020:13:37:52 +0900] "GET /home/en/about/about.do HTTP/1.0" 200 14811
34.74.57.169 - - [08/Mar/2020:13:37:53 +0900] "GET /error/kr/error.jsp HTTP/1.0" 500 3570
34.74.57.169 - - [08/Mar/2020:13:37:54 +0900] "GET /home/en/contact/contact.do HTTP/1.0" 200 5187
34.74.57.169 - - [08/Mar/2020:13:37:56 +0900] "GET /error/kr/error.jsp HTTP/1.0" 500 3570
34.74.57.169 - - [08/Mar/2020:13:37:57 +0900] "GET /home/en/watwedo/philosophy.do HTTP/1.0" 200 7112
34.74.57.169 - - [08/Mar/2020:13:37:58 +0900] "GET /error/kr/error.jsp HTTP/1.0" 500 3570
34.74.57.169 - - [08/Mar/2020:13:37:58 +0900] "GET /home/main/main.do HTTP/1.0" 200 12222
112.10.80.114 - - [08/Mar/2020:13:38:08 +0900] "GET /error/kr/error.jsp HTTP/1.1" 500 3570
66.249.72.18 - - [08/Mar/2020:13:47:20 +0900] "GET /error/kr/error.jsp HTTP/1.1" 500 3570
211.56.145.140 - - [08/Mar/2020:13:47:58 +0900] "GET /index.jsp HTTP/1.1" 302 -
211.56.145.140 - - [08/Mar/2020:13:47:58 +0900] "GET /home/main/main.do HTTP/1.1" 302 -
211.56.145.140 - - [08/Mar/2020:13:47:58 +0900] "GET /home/main/main.do HTTP/1.1" 200 8898
40.77.167.94 - - [08/Mar/2020:13:54:54 +0900] "GET /error/kr/error.jsp HTTP/1.1" 500 3570
5.188.84.3 - - [08/Mar/2020:13:57:21 +0900] "GET /home/news/news/view.do?page=2&num=9 HTTP/1.0" 200 9135
121.130.235.146 - - [08/Mar/2020:14:09:46 +0900] "GET /index.jsp HTTP/1.1" 302 -
121.130.235.146 - - [08/Mar/2020:14:09:46 +0900] "GET /home/main/main.do HTTP/1.1" 200 12222
121.130.235.146 - - [08/Mar/2020:14:09:50 +0900] "GET /home/watwedo/overview.do HTTP/1.1" 200 6147
121.130.235.146 - - [08/Mar/2020:14:11:19 +0900] "GET /home/watwedo/history.do HTTP/1.1" 200 10614
121.130.235.146 - - [08/Mar/2020:14:11:28 +0900] "GET /home/watwedo/philosophy.do HTTP/1.1" 200 7162
121.130.235.146 - - [08/Mar/2020:14:11:34 +0900] "GET /home/whoweare/korea.do HTTP/1.1" 200 29677
121.130.235.146 - - [08/Mar/2020:14:12:32 +0900] "GET /home/watwedo/philosophy.do HTTP/1.1" 200 7162
121.130.235.146 - - [08/Mar/2020:14:12:38 +0900] "GET /home/whoweare/korea.do HTTP/1.1" 200 29677
121.130.235.146 - - [08/Mar/2020:14:13:27 +0900] "GET /home/news/news/list.do HTTP/1.1" 200 7091
121.130.235.146 - - [08/Mar/2020:14:13:37 +0900] "GET /home/news/news/list.do HTTP/1.1" 200 7091
121.130.235.146 - - [08/Mar/2020:14:13:40 +0900] "GET /home/meetourpartners/all.do HTTP/1.1" 200 101569
121.130.235.146 - - [08/Mar/2020:14:13:51 +0900] "GET /home/about/about.do HTTP/1.1" 200 14216
185.89.36.2 - - [08/Mar/2020:14:14:45 +0900] "GET /error/kr/error.jsp HTTP/1.1" 500 3570
223.38.36.51 - - [08/Mar/2020:14:17:46 +0900] "GET /filter/checker.jsp?campaignID=782&email=imn9057@naver.com&responseEnd=2019-01-04 HTTP/1.1" 404 3570
193.111.62.163 - - [08/Mar/2020:14:21:05 +0900] "GET /home/news/news/list.do HTTP/1.1" 200 7091
121.130.235.146 - - [08/Mar/2020:14:22:26 +0900] "GET /index.jsp HTTP/1.1" 302 -
121.130.235.146 - - [08/Mar/2020:14:22:26 +0900] "GET /home/main/main.do HTTP/1.1" 200 12222
121.130.235.146 - - [08/Mar/2020:14:22:28 +0900] "GET /home/contact/contact.do HTTP/1.1" 200 5224
121.130.235.146 - - [08/Mar/2020:14:22:42 +0900] "GET /home/contact/contact.do HTTP/1.1" 200 5224
121.130.235.146 - - [08/Mar/2020:14:23:03 +0900] "GET /home/about/about.do HTTP/1.1" 200 14216
121.130.235.146 - - [08/Mar/2020:14:23:05 +0900] "GET /home/meetourpartners/all.do HTTP/1.1" 200 101569
121.130.235.146 - - [08/Mar/2020:14:23:34 +0900] "GET /home/en/main/main.do HTTP/1.1" 200 11080
121.130.235.146 - - [08/Mar/2020:14:23:37 +0900] "GET /home/en/meetourpartners/all.do HTTP/1.1" 200 95227
121.130.235.146 - - [08/Mar/2020:14:23:44 +0900] "GET /home/en/meetourpartners/all.do HTTP/1.1" 200 95227
121.130.235.146 - - [08/Mar/2020:14:23:46 +0900] "GET /home/en/meetourpartners/domestic.do HTTP/1.1" 200 69240
121.130.235.146 - - [08/Mar/2020:14:23:49 +0900] "GET /home/en/meetourpartners/all.do HTTP/1.1" 200 95227
121.130.235.146 - - [08/Mar/2020:14:23:58 +0900] "GET /home/en/meetourpartners/domestic.do HTTP/1.1" 200 69240
59.21.45.166 - - [08/Mar/2020:14:29:18 +0900] "GET /index.jsp HTTP/1.1" 302 -
59.21.45.166 - - [08/Mar/2020:14:29:18 +0900] "GET /home/main/main.do HTTP/1.1" 302 -
59.21.45.166 - - [08/Mar/2020:14:29:18 +0900] "GET /home/main/main.do HTTP/1.1" 200 8898
59.21.45.166 - - [08/Mar/2020:14:29:19 +0900] "GET /error/kr/error.jsp HTTP/1.1" 500 3762
59.21.45.166 - - [08/Mar/2020:14:29:33 +0900] "GET /home/meetourpartners/all.do HTTP/1.1" 200 105128
59.21.45.166 - - [08/Mar/2020:14:29:48 +0900] "GET /home/meetourpartners/all.do HTTP/1.1" 200 105128
59.21.45.166 - - [08/Mar/2020:14:30:02 +0900] "GET /home/meetourpartners/all.do HTTP/1.1" 200 105128
59.21.45.166 - - [08/Mar/2020:14:30:15 +0900] "GET /home/meetourpartners/all.do HTTP/1.1" 200 105128
59.21.45.166 - - [08/Mar/2020:14:30:24 +0900] "GET /home/meetourpartners/all.do HTTP/1.1" 200 105128
59.21.45.166 - - [08/Mar/2020:14:30:56 +0900] "GET /home/meetourpartners/all.do HTTP/1.1" 200 105128
58.220.253.253 - - [08/Mar/2020:14:32:30 +0900] "GET /index.jsp HTTP/1.1" 302 -
58.220.253.253 - - [08/Mar/2020:14:32:30 +0900] "GET /error/kr/error.jsp HTTP/1.1" 500 3570
58.220.253.253 - - [08/Mar/2020:14:32:31 +0900] "GET /error/kr/error.jsp HTTP/1.1" 500 3570
40.77.167.32 - - [08/Mar/2020:14:38:28 +0900] "GET /home/news/news/view.do?page=1&num=4 HTTP/1.1" 200 9123
119.207.72.170 - - [08/Mar/2020:14:47:58 +0900] "GET /home/news/news/view.do?num=3 HTTP/1.1" 200 5573
119.207.72.161 - - [08/Mar/2020:14:48:01 +0900] "GET /home/news/news/view.do?num=3 HTTP/1.1" 200 5573
66.240.192.138 - - [08/Mar/2020:14:58:28 +0900] "GET /index.jsp HTTP/1.1" 302 -
66.240.192.138 - - [08/Mar/2020:14:58:30 +0900] "GET /home/main/main.do HTTP/1.1" 200 12222
66.240.192.138 - - [08/Mar/2020:14:58:31 +0900] "GET /error/kr/error.jsp HTTP/1.1" 500 3570
66.240.192.138 - - [08/Mar/2020:14:58:34 +0900] "GET /error/kr/error.jsp HTTP/1.1" 500 3570
66.240.192.138 - - [08/Mar/2020:14:58:36 +0900] "GET /error/kr/error.jsp HTTP/1.1" 500 3570
207.46.13.142 - - [08/Mar/2020:15:06:15 +0900] "GET /error/kr/error.jsp HTTP/1.1" 500 3570
40.77.167.110 - - [08/Mar/2020:15:06:18 +0900] "GET /error/kr/error.jsp HTTP/1.1" 500 3570
18.207.120.96 - - [08/Mar/2020:15:07:03 +0900] "GET /error/kr/error.jsp HTTP/1.0" 500 3570
40.77.167.32 - - [08/Mar/2020:15:11:34 +0900] "GET /error/kr/error.jsp HTTP/1.1" 500 3570
40.77.167.32 - - [08/Mar/2020:15:15:24 +0900] "GET /error/kr/error.jsp HTTP/1.1" 500 3570
2.179.111.168 - - [08/Mar/2020:15:18:21 +0900] "GET /index.jsp HTTP/1.1" 302 -
193.111.62.163 - - [08/Mar/2020:15:19:17 +0900] "GET /home/news/news/list.do HTTP/1.1" 200 7091
103.206.100.250 - - [08/Mar/2020:15:19:25 +0900] "GET /index.jsp HTTP/1.1" 302 -
211.231.97.148 - - [08/Mar/2020:15:19:29 +0900] "GET /error/kr/error.jsp HTTP/1.1" 500 3570
211.231.104.143 - - [08/Mar/2020:15:19:33 +0900] "GET /error/kr/error.jsp HTTP/1.1" 500 3570
211.231.104.143 - - [08/Mar/2020:15:19:37 +0900] "GET /error/kr/error.jsp HTTP/1.1" 500 3570
119.130.202.245 - - [08/Mar/2020:15:23:02 +0900] "GET /home/en/main/main.do HTTP/1.1" 200 11080
66.249.72.22 - - [08/Mar/2020:15:26:31 +0900] "GET /error/kr/error.jsp HTTP/1.1" 500 3570
66.249.72.18 - - [08/Mar/2020:15:32:39 +0900] "GET /error/kr/error.jsp HTTP/1.1" 500 3570
5.188.84.130 - - [08/Mar/2020:15:34:47 +0900] "GET /home/news/news/view.do?page=1&num=1 HTTP/1.0" 200 8973
54.236.1.12 - - [08/Mar/2020:16:02:48 +0900] "GET /error/kr/error.jsp HTTP/1.1" 500 3570
54.236.1.12 - - [08/Mar/2020:16:02:49 +0900] "GET /index.jsp?ko HTTP/1.1" 302 -
54.236.1.12 - - [08/Mar/2020:16:02:49 +0900] "GET /home/main/main.do HTTP/1.1" 200 12222
54.236.1.12 - - [08/Mar/2020:16:02:49 +0900] "GET /error/kr/error.jsp HTTP/1.1" 500 3570
66.249.72.22 - - [08/Mar/2020:16:11:21 +0900] "GET /error/kr/error.jsp HTTP/1.1" 500 3570
17.58.96.164 - - [08/Mar/2020:16:17:03 +0900] "GET /error/kr/error.jsp HTTP/1.1" 500 3570
17.58.96.118 - - [08/Mar/2020:16:17:04 +0900] "GET /error/kr/error.jsp HTTP/1.1" 500 3570
193.111.62.163 - - [08/Mar/2020:16:22:38 +0900] "GET /home/news/news/list.do HTTP/1.1" 200 7091
66.249.75.122 - - [08/Mar/2020:16:26:35 +0900] "GET /error/kr/error.jsp HTTP/1.1" 500 3570
119.130.202.245 - - [08/Mar/2020:16:26:36 +0900] "GET /home/en/main/main.do HTTP/1.1" 200 11080
59.6.39.132 - - [08/Mar/2020:16:32:04 +0900] "GET /filter/checker.jsp?campaignID=642&email=jiyun82@naver.com&responseEnd=2018-12-26 HTTP/1.1" 404 3570
208.100.26.249 - - [08/Mar/2020:16:34:04 +0900] "GET /error/kr/error.jsp HTTP/1.1" 500 3762
208.100.26.249 - - [08/Mar/2020:16:34:04 +0900] "GET /error/kr/error.jsp HTTP/1.1" 500 3762
208.100.26.249 - - [08/Mar/2020:16:34:06 +0900] "GET /error/kr/error.jsp HTTP/1.1" 500 3570
208.100.26.249 - - [08/Mar/2020:16:34:06 +0900] "GET /error/kr/error.jsp HTTP/1.1" 500 3570
208.100.26.233 - - [08/Mar/2020:16:34:13 +0900] "GET /error/kr/error.jsp HTTP/1.1" 500 3570
208.100.26.233 - - [08/Mar/2020:16:34:14 +0900] "GET /error/kr/error.jsp HTTP/1.1" 500 3570
123.125.71.57 - - [08/Mar/2020:16:34:57 +0900] "GET /home/en/watwedo/overview.do HTTP/1.1" 200 7050
113.77.208.178 - - [08/Mar/2020:16:36:19 +0900] "GET /error/kr/error.jsp HTTP/1.1" 500 3570
182.221.72.54 - - [08/Mar/2020:16:44:03 +0900] "GET /filter/checker.jsp?campaignID=798&email=fantasia8520@naver.com&responseEnd=2019-01-06 HTTP/1.1" 404 3570
77.75.77.54 - - [08/Mar/2020:16:54:56 +0900] "GET /error/kr/error.jsp HTTP/1.1" 500 3570
207.46.13.142 - - [08/Mar/2020:16:55:40 +0900] "GET /error/kr/error.jsp HTTP/1.1" 500 3570
40.77.167.32 - - [08/Mar/2020:16:55:45 +0900] "GET /index.jsp HTTP/1.1" 302 -
61.36.224.230 - - [08/Mar/2020:17:04:18 +0900] "GET /index.jsp HTTP/1.1" 302 -
61.36.224.230 - - [08/Mar/2020:17:04:18 +0900] "GET /home/main/main.do HTTP/1.1" 200 12222
151.235.244.12 - - [08/Mar/2020:17:20:57 +0900] "GET /index.jsp HTTP/1.1" 302 -
193.111.62.163 - - [08/Mar/2020:17:21:36 +0900] "GET /home/news/news/list.do HTTP/1.1" 200 7091
119.130.202.245 - - [08/Mar/2020:17:28:34 +0900] "GET /home/en/whoweare/korea.do HTTP/1.1" 200 29641
40.77.167.32 - - [08/Mar/2020:17:45:18 +0900] "GET /index.jsp HTTP/1.1" 302 -
54.183.150.98 - - [08/Mar/2020:17:46:17 +0900] "HEAD /index.jsp HTTP/1.1" 302 -
54.183.150.98 - - [08/Mar/2020:17:46:17 +0900] "HEAD /home/main/main.do HTTP/1.1" 200 -
107.21.1.8 - - [08/Mar/2020:17:47:33 +0900] "GET /index.jsp HTTP/1.1" 302 -
107.21.1.8 - - [08/Mar/2020:17:47:34 +0900] "GET /home/en/main/main.do HTTP/1.1" 200 11080
54.208.102.37 - - [08/Mar/2020:17:47:35 +0900] "GET /index.jsp HTTP/1.1" 302 -
54.208.102.37 - - [08/Mar/2020:17:47:35 +0900] "GET /home/en/main/main.do HTTP/1.1" 200 11080
197.254.104.2 - - [08/Mar/2020:17:48:13 +0900] "GET /index.jsp HTTP/1.1" 302 -
77.75.77.109 - - [08/Mar/2020:18:00:56 +0900] "GET /error/kr/error.jsp HTTP/1.1" 500 3570
77.75.77.109 - - [08/Mar/2020:18:01:27 +0900] "GET /home/en/meetourpartners/domestic.do HTTP/1.1" 200 69240
119.130.202.245 - - [08/Mar/2020:18:15:57 +0900] "GET /home/en/main/main.do HTTP/1.1" 200 11080
193.111.62.163 - - [08/Mar/2020:18:18:17 +0900] "GET /home/news/news/list.do HTTP/1.1" 200 7091
207.46.13.144 - - [08/Mar/2020:18:36:17 +0900] "GET /error/kr/error.jsp HTTP/1.1" 500 3762
207.46.13.144 - - [08/Mar/2020:18:42:23 +0900] "GET /error/kr/error.jsp HTTP/1.1" 500 3762
40.77.167.110 - - [08/Mar/2020:18:42:40 +0900] "GET /home/meetourpartners/domestic.do HTTP/1.1" 200 76259
66.249.69.249 - - [08/Mar/2020:18:43:20 +0900] "GET /error/kr/error.jsp HTTP/1.1" 500 3762
185.216.140.6 - - [08/Mar/2020:18:48:32 +0900] "GET /index.jsp HTTP/1.1" 302 -
207.46.13.142 - - [08/Mar/2020:18:55:41 +0900] "GET /error/kr/error.jsp HTTP/1.1" 500 3570
40.77.167.110 - - [08/Mar/2020:18:55:43 +0900] "GET /error/kr/error.jsp HTTP/1.1" 500 3570
17.58.96.118 - - [08/Mar/2020:19:04:19 +0900] "GET /error/kr/error.jsp HTTP/1.1" 500 3570
119.207.72.117 - - [08/Mar/2020:19:14:24 +0900] "GET /home/news/news/view.do?page=&num=2 HTTP/1.1" 200 6974
119.207.72.115 - - [08/Mar/2020:19:14:27 +0900] "GET /home/news/news/view.do?page=&num=4 HTTP/1.1" 200 9120
193.111.62.163 - - [08/Mar/2020:19:16:40 +0900] "GET /home/news/news/list.do HTTP/1.1" 200 7091
207.46.13.142 - - [08/Mar/2020:19:20:53 +0900] "GET /error/kr/error.jsp HTTP/1.1" 500 3570
2.184.192.35 - - [08/Mar/2020:19:21:24 +0900] "GET /index.jsp HTTP/1.1" 302 -
40.77.167.32 - - [08/Mar/2020:19:21:29 +0900] "GET /home/news/news/view.do?page=1&num=4 HTTP/1.1" 200 9123
42.123.77.121 - - [08/Mar/2020:19:21:33 +0900] "GET /error/kr/error.jsp HTTP/1.1" 500 3570
217.24.156.34 - - [08/Mar/2020:19:22:04 +0900] "GET /index.jsp HTTP/1.1" 302 -
23.100.232.233 - - [08/Mar/2020:19:25:04 +0900] "GET /home/en/meetourpartners/all.do HTTP/1.1" 200 95227
14.52.189.136 - - [08/Mar/2020:19:31:26 +0900] "GET /index.jsp HTTP/1.1" 302 -
14.52.189.136 - - [08/Mar/2020:19:31:26 +0900] "GET /home/main/main.do HTTP/1.1" 200 8898
82.204.162.195 - - [08/Mar/2020:19:43:59 +0900] "GET /error/kr/error.jsp HTTP/1.1" 500 3570
207.46.13.144 - - [08/Mar/2020:19:46:54 +0900] "GET /error/kr/error.jsp HTTP/1.1" 500 3762
38.99.62.91 - - [08/Mar/2020:19:55:38 +0900] "GET /home/meetourpartners/all.do HTTP/1.1" 200 101569
38.99.62.91 - - [08/Mar/2020:19:56:18 +0900] "GET /home/meetourpartners/all.do HTTP/1.1" 200 101569
38.99.62.91 - - [08/Mar/2020:19:56:58 +0900] "GET /home/watwedo/philosophy.do HTTP/1.1" 200 7162
38.99.62.91 - - [08/Mar/2020:19:57:38 +0900] "GET /home/en/watwedo/overview.do HTTP/1.1" 200 6156
38.99.62.91 - - [08/Mar/2020:19:58:03 +0900] "GET /home/en/about/about.do HTTP/1.1" 200 14811
38.99.62.91 - - [08/Mar/2020:19:58:29 +0900] "GET /error/kr/error.jsp HTTP/1.1" 500 3570
222.186.19.221 - - [08/Mar/2020:19:58:36 +0900] "CONNECT /index.jsp HTTP/1.1" 405 1105
38.99.62.91 - - [08/Mar/2020:19:59:08 +0900] "GET /home/en/watwedo/history.do HTTP/1.1" 200 10541
38.99.62.91 - - [08/Mar/2020:19:59:48 +0900] "GET /home/en/watwedo/overview.do HTTP/1.1" 200 6156
38.99.62.91 - - [08/Mar/2020:20:00:27 +0900] "GET /home/en/whoweare/korea.do HTTP/1.1" 200 29641
