121.136.202.234 - - [20/Mar/2020:14:39:39 +0900] "GET /error/kr/error.jsp HTTP/1.1" 500 3762
121.136.202.234 - - [20/Mar/2020:14:39:46 +0900] "GET /home/main/main.do HTTP/1.1" 200 8898
121.136.202.234 - - [20/Mar/2020:14:39:47 +0900] "GET /error/kr/error.jsp HTTP/1.1" 500 3762
121.136.202.234 - - [20/Mar/2020:14:39:47 +0900] "GET /error/kr/error.jsp HTTP/1.1" 500 3762
121.136.202.234 - - [20/Mar/2020:14:39:58 +0900] "GET /home/news/news/list.do HTTP/1.1" 200 75048
121.136.202.234 - - [20/Mar/2020:14:39:59 +0900] "GET /error/kr/error.jsp HTTP/1.1" 500 3762
38.99.62.91 - - [20/Mar/2020:14:40:01 +0900] "GET /home/news/news/view.do?page=2&num=4 HTTP/1.1" 200 9123
193.111.62.163 - - [20/Mar/2020:14:40:29 +0900] "GET /home/news/news/list.do HTTP/1.1" 200 7100
38.99.62.91 - - [20/Mar/2020:14:40:41 +0900] "GET /home/news/news/view.do?page=2&num=5 HTTP/1.1" 200 9112
38.99.62.91 - - [20/Mar/2020:14:41:07 +0900] "GET /home/news/news/view.do?page=2&num=4 HTTP/1.1" 200 9123
38.99.62.91 - - [20/Mar/2020:14:41:46 +0900] "GET /home/news/news/view.do?page=2&num=3 HTTP/1.1" 200 5576
38.99.62.91 - - [20/Mar/2020:14:42:26 +0900] "GET /home/news/news/view.do?page=2&num=4 HTTP/1.1" 200 9123
121.136.202.234 - - [20/Mar/2020:14:42:32 +0900] "GET /home/news/news/list.do HTTP/1.1" 200 75048
38.99.62.91 - - [20/Mar/2020:14:43:05 +0900] "GET /home/meetourpartners/all.do HTTP/1.1" 200 101569
121.136.202.234 - - [20/Mar/2020:14:43:09 +0900] "GET /home/news/news/list.do?href= HTTP/1.1" 200 75048
121.136.202.234 - - [20/Mar/2020:14:43:09 +0900] "GET /error/kr/error.jsp HTTP/1.1" 500 3762
121.136.202.234 - - [20/Mar/2020:14:43:43 +0900] "GET /error/kr/error.jsp HTTP/1.1" 500 3762
38.99.62.91 - - [20/Mar/2020:14:43:45 +0900] "GET /home/news/news/view.do?page=2&num=3 HTTP/1.1" 200 5576
121.136.202.234 - - [20/Mar/2020:14:43:49 +0900] "GET /error/kr/error.jsp HTTP/1.1" 500 3762
121.136.202.234 - - [20/Mar/2020:14:44:04 +0900] "GET /error/kr/error.jsp HTTP/1.1" 500 3762
38.99.62.91 - - [20/Mar/2020:14:44:24 +0900] "GET /home/news/news/view.do?page=2&num=2 HTTP/1.1" 200 6977
121.136.202.234 - - [20/Mar/2020:14:44:26 +0900] "GET /error/kr/error.jsp HTTP/1.1" 500 3762
38.99.62.91 - - [20/Mar/2020:14:44:50 +0900] "GET /home/news/news/view.do?page=2&num=3 HTTP/1.1" 200 5576
121.136.202.234 - - [20/Mar/2020:14:45:29 +0900] "GET /error/kr/error.jsp HTTP/1.1" 500 3762
38.99.62.91 - - [20/Mar/2020:14:45:29 +0900] "GET /home/news/news/view.do?page=2&num=2 HTTP/1.1" 200 6977
121.136.202.234 - - [20/Mar/2020:14:45:33 +0900] "GET /error/kr/error.jsp HTTP/1.1" 500 3762
121.136.202.234 - - [20/Mar/2020:14:45:35 +0900] "GET /error/kr/error.jsp HTTP/1.1" 500 3762
121.136.202.234 - - [20/Mar/2020:14:45:47 +0900] "GET /error/kr/error.jsp HTTP/1.1" 500 3762
38.99.62.91 - - [20/Mar/2020:14:46:10 +0900] "GET /home/news/news/view.do?page=2&num=1 HTTP/1.1" 200 8973
38.99.62.91 - - [20/Mar/2020:14:46:36 +0900] "GET /home/news/news/view.do?page=2&num=2 HTTP/1.1" 200 6977
38.99.62.91 - - [20/Mar/2020:14:47:15 +0900] "GET /home/news/news/view.do?page=2&num=1 HTTP/1.1" 200 8973
121.136.202.234 - - [20/Mar/2020:14:47:19 +0900] "GET /error/kr/error.jsp HTTP/1.1" 500 3762
121.136.202.234 - - [20/Mar/2020:14:47:40 +0900] "GET /error/kr/error.jsp HTTP/1.1" 500 3762
121.136.202.234 - - [20/Mar/2020:14:47:45 +0900] "GET /error/kr/error.jsp HTTP/1.1" 500 3762
121.136.202.234 - - [20/Mar/2020:14:47:58 +0900] "GET /home/news/news/list.do?num=20 HTTP/1.1" 200 75163
121.136.202.234 - - [20/Mar/2020:14:47:59 +0900] "GET /error/kr/error.jsp HTTP/1.1" 500 3762
52.3.236.124 - - [20/Mar/2020:14:48:04 +0900] "GET /index.jsp HTTP/1.1" 302 -
52.3.236.124 - - [20/Mar/2020:14:48:05 +0900] "GET /home/main/main.do HTTP/1.1" 200 12222
38.99.62.91 - - [20/Mar/2020:14:48:06 +0900] "GET /home/meetourpartners/all.do HTTP/1.1" 200 101569
121.136.202.234 - - [20/Mar/2020:14:48:06 +0900] "GET /error/kr/error.jsp HTTP/1.1" 500 3762
119.207.72.117 - - [20/Mar/2020:14:48:24 +0900] "GET /home/watwedo/philosophy.do HTTP/1.1" 200 7162
121.136.202.234 - - [20/Mar/2020:14:48:27 +0900] "GET /error/kr/error.jsp HTTP/1.1" 500 3762
119.207.72.77 - - [20/Mar/2020:14:48:27 +0900] "GET /home/news/news/view.do?num=3 HTTP/1.1" 200 5573
119.207.72.75 - - [20/Mar/2020:14:48:28 +0900] "GET /home/watwedo/philosophy.do HTTP/1.1" 200 7162
119.207.72.72 - - [20/Mar/2020:14:48:29 +0900] "GET /home/news/news/view.do?num=3 HTTP/1.1" 200 5573
121.136.202.234 - - [20/Mar/2020:14:48:29 +0900] "GET /error/kr/error.jsp HTTP/1.1" 500 3762
121.136.202.234 - - [20/Mar/2020:14:48:36 +0900] "GET /error/kr/error.jsp HTTP/1.1" 500 3762
38.99.62.91 - - [20/Mar/2020:14:48:45 +0900] "GET /home/news/news/view.do?page=2&num=9 HTTP/1.1" 200 9135
66.249.69.245 - - [20/Mar/2020:14:49:10 +0900] "GET /error/kr/error.jsp HTTP/1.1" 500 3762
66.249.72.14 - - [20/Mar/2020:14:49:12 +0900] "GET /error/kr/error.jsp HTTP/1.1" 500 3570
38.99.62.91 - - [20/Mar/2020:14:49:25 +0900] "GET /home/news/news/view.do?page=&num=7 HTTP/1.1" 200 5545
38.99.62.91 - - [20/Mar/2020:14:50:05 +0900] "GET /home/news/news/view.do?page=&num=8 HTTP/1.1" 200 9166
121.136.202.234 - - [20/Mar/2020:14:50:29 +0900] "GET /error/kr/error.jsp HTTP/1.1" 500 3762
121.136.202.234 - - [20/Mar/2020:14:50:34 +0900] "GET /error/kr/error.jsp HTTP/1.1" 500 3762
121.136.202.234 - - [20/Mar/2020:14:50:38 +0900] "GET /error/kr/error.jsp HTTP/1.1" 500 3762
38.99.62.91 - - [20/Mar/2020:14:50:44 +0900] "GET /home/news/news/view.do?page=&num=7 HTTP/1.1" 200 5545
120.86.188.65 - - [20/Mar/2020:14:51:16 +0900] "GET /error/kr/error.jsp HTTP/1.1" 500 3570
38.99.62.91 - - [20/Mar/2020:14:51:24 +0900] "GET /home/news/news/view.do?page=2&num=8 HTTP/1.1" 200 9169
121.136.202.234 - - [20/Mar/2020:14:51:48 +0900] "GET /home/news/news/list.do?href= HTTP/1.1" 200 75048
121.136.202.234 - - [20/Mar/2020:14:51:49 +0900] "GET /error/kr/error.jsp HTTP/1.1" 500 3762
121.136.202.234 - - [20/Mar/2020:14:51:50 +0900] "GET /home/news/news/list.do?href= HTTP/1.1" 200 75048
121.136.202.234 - - [20/Mar/2020:14:51:50 +0900] "GET /error/kr/error.jsp HTTP/1.1" 500 3762
121.136.202.234 - - [20/Mar/2020:14:51:52 +0900] "GET /home/news/news/list.do HTTP/1.1" 200 75048
121.136.202.234 - - [20/Mar/2020:14:51:52 +0900] "GET /error/kr/error.jsp HTTP/1.1" 500 3762
121.136.202.234 - - [20/Mar/2020:14:51:53 +0900] "GET /home/main/main.do HTTP/1.1" 200 8898
121.136.202.234 - - [20/Mar/2020:14:51:53 +0900] "GET /error/kr/error.jsp HTTP/1.1" 500 3762
121.136.202.234 - - [20/Mar/2020:14:51:53 +0900] "GET /error/kr/error.jsp HTTP/1.1" 500 3762
38.99.62.91 - - [20/Mar/2020:14:52:03 +0900] "GET /home/news/news/view.do?page=2&num=7 HTTP/1.1" 200 5548
38.99.62.91 - - [20/Mar/2020:14:52:43 +0900] "GET /home/en/meetourpartners/all.do HTTP/1.1" 200 95227
38.99.62.91 - - [20/Mar/2020:14:53:23 +0900] "GET /home/news/news/view.do?page=2&num=7 HTTP/1.1" 200 5548
121.136.202.234 - - [20/Mar/2020:14:53:36 +0900] "GET /home/main/main.do HTTP/1.1" 200 8898
121.136.202.234 - - [20/Mar/2020:14:53:36 +0900] "GET /error/kr/error.jsp HTTP/1.1" 500 3762
121.136.202.234 - - [20/Mar/2020:14:53:36 +0900] "GET /error/kr/error.jsp HTTP/1.1" 500 3762
38.99.62.91 - - [20/Mar/2020:14:54:03 +0900] "GET /home/en/meetourpartners/all.do HTTP/1.1" 200 95227
38.99.62.91 - - [20/Mar/2020:14:54:28 +0900] "GET /home/news/news/view.do?page=2&num=6 HTTP/1.1" 200 9121
175.223.49.55 - - [20/Mar/2020:14:55:33 +0900] "GET /index.jsp HTTP/1.1" 302 -
175.223.49.55 - - [20/Mar/2020:14:55:33 +0900] "GET /home/main/main.do HTTP/1.1" 302 -
175.223.49.55 - - [20/Mar/2020:14:55:33 +0900] "GET /home/main/main.do HTTP/1.1" 200 8898
175.223.49.55 - - [20/Mar/2020:14:55:33 +0900] "GET /error/kr/error.jsp HTTP/1.1" 500 3762
38.99.62.91 - - [20/Mar/2020:14:55:47 +0900] "GET /home/news/news/view.do?page=2&num=5 HTTP/1.1" 200 9112
38.99.62.91 - - [20/Mar/2020:14:56:27 +0900] "GET /home/news/news/view.do?page=2&num=6 HTTP/1.1" 200 9121
121.136.202.234 - - [20/Mar/2020:14:56:44 +0900] "GET /home/main/main.do HTTP/1.1" 200 12036
121.136.202.234 - - [20/Mar/2020:14:56:44 +0900] "GET /error/kr/error.jsp HTTP/1.1" 500 3762
121.136.202.234 - - [20/Mar/2020:14:56:44 +0900] "GET /error/kr/error.jsp HTTP/1.1" 500 3762
121.136.202.234 - - [20/Mar/2020:14:56:44 +0900] "GET /error/kr/error.jsp HTTP/1.1" 500 3762
121.136.202.234 - - [20/Mar/2020:14:56:46 +0900] "GET /home/news/news/list.do?num=20 HTTP/1.1" 200 75163
121.136.202.234 - - [20/Mar/2020:14:56:46 +0900] "GET /error/kr/error.jsp HTTP/1.1" 500 3762
121.136.202.234 - - [20/Mar/2020:14:56:51 +0900] "GET /home/main/main.do HTTP/1.1" 200 12036
121.136.202.234 - - [20/Mar/2020:14:56:51 +0900] "GET /error/kr/error.jsp HTTP/1.1" 500 3762
121.136.202.234 - - [20/Mar/2020:14:56:51 +0900] "GET /error/kr/error.jsp HTTP/1.1" 500 3762
121.136.202.234 - - [20/Mar/2020:14:56:51 +0900] "GET /error/kr/error.jsp HTTP/1.1" 500 3762
121.136.202.234 - - [20/Mar/2020:14:56:57 +0900] "GET /home/main/main.do HTTP/1.1" 200 12036
121.136.202.234 - - [20/Mar/2020:14:56:57 +0900] "GET /error/kr/error.jsp HTTP/1.1" 500 3762
121.136.202.234 - - [20/Mar/2020:14:56:57 +0900] "GET /error/kr/error.jsp HTTP/1.1" 500 3762
121.136.202.234 - - [20/Mar/2020:14:57:00 +0900] "GET /home/main/main.do HTTP/1.1" 200 12036
121.136.202.234 - - [20/Mar/2020:14:57:00 +0900] "GET /error/kr/error.jsp HTTP/1.1" 500 3762
121.136.202.234 - - [20/Mar/2020:14:57:05 +0900] "GET /index.jsp HTTP/1.1" 302 -
121.136.202.234 - - [20/Mar/2020:14:57:06 +0900] "GET /home/main/main.do HTTP/1.1" 200 14853
121.136.202.234 - - [20/Mar/2020:14:57:06 +0900] "GET /error/kr/error.jsp HTTP/1.1" 500 3570
38.99.62.91 - - [20/Mar/2020:14:57:06 +0900] "GET /home/meetourpartners/all.do HTTP/1.1" 200 101569
121.136.202.234 - - [20/Mar/2020:14:57:10 +0900] "GET /home/news/news/view.do?page=1&num=20 HTTP/1.1" 200 8973
121.136.202.234 - - [20/Mar/2020:14:57:44 +0900] "GET /home/main/main.do HTTP/1.1" 200 14853
121.136.202.234 - - [20/Mar/2020:14:57:44 +0900] "GET /error/kr/error.jsp HTTP/1.1" 500 3570
175.223.49.55 - - [20/Mar/2020:14:57:45 +0900] "GET /index.jsp HTTP/1.1" 302 -
175.223.49.55 - - [20/Mar/2020:14:57:45 +0900] "GET /home/main/main.do HTTP/1.1" 302 -
175.223.49.55 - - [20/Mar/2020:14:57:45 +0900] "GET /home/main/main.do HTTP/1.1" 200 12036
175.223.49.55 - - [20/Mar/2020:14:57:45 +0900] "GET /error/kr/error.jsp HTTP/1.1" 500 3762
175.223.49.55 - - [20/Mar/2020:14:57:45 +0900] "GET /error/kr/error.jsp HTTP/1.1" 500 3762
38.99.62.91 - - [20/Mar/2020:14:57:46 +0900] "GET /home/en/meetourpartners/all.do HTTP/1.1" 200 95227
175.223.49.55 - - [20/Mar/2020:14:57:47 +0900] "GET /home/news/news/list.do?num=20 HTTP/1.1" 200 75163
121.136.202.234 - - [20/Mar/2020:14:57:47 +0900] "GET /home/news/news/view.do?page=1&num=20 HTTP/1.1" 200 8973
121.136.202.234 - - [20/Mar/2020:14:57:49 +0900] "GET /home/main/main.do HTTP/1.1" 200 14853
121.136.202.234 - - [20/Mar/2020:14:57:49 +0900] "GET /error/kr/error.jsp HTTP/1.1" 500 3570
121.136.202.234 - - [20/Mar/2020:14:57:52 +0900] "GET /home/main/main.do HTTP/1.1" 200 14853
121.136.202.234 - - [20/Mar/2020:14:57:52 +0900] "GET /error/kr/error.jsp HTTP/1.1" 500 3570
211.46.26.115 - - [20/Mar/2020:14:58:07 +0900] "GET /index.jsp HTTP/1.1" 302 -
211.46.26.115 - - [20/Mar/2020:14:58:07 +0900] "GET /home/main/main.do HTTP/1.1" 200 14853
211.46.26.115 - - [20/Mar/2020:14:58:07 +0900] "GET /error/kr/error.jsp HTTP/1.1" 500 3570
27.0.238.117 - - [20/Mar/2020:14:58:08 +0900] "GET /home/main/main.do HTTP/1.1" 200 14853
121.136.202.234 - - [20/Mar/2020:14:58:10 +0900] "GET /home/main/main.do HTTP/1.1" 200 14853
121.136.202.234 - - [20/Mar/2020:14:58:10 +0900] "GET /error/kr/error.jsp HTTP/1.1" 500 3570
121.136.202.234 - - [20/Mar/2020:14:58:15 +0900] "GET /home/main/main.do HTTP/1.1" 200 14853
121.136.202.234 - - [20/Mar/2020:14:58:16 +0900] "GET /error/kr/error.jsp HTTP/1.1" 500 3570
121.136.202.234 - - [20/Mar/2020:14:58:17 +0900] "GET /home/news/news/view.do?page=1&num=20 HTTP/1.1" 200 8973
121.136.202.234 - - [20/Mar/2020:14:58:19 +0900] "GET /home/main/main.do HTTP/1.1" 200 14853
121.136.202.234 - - [20/Mar/2020:14:58:19 +0900] "GET /error/kr/error.jsp HTTP/1.1" 500 3570
121.136.202.234 - - [20/Mar/2020:14:58:22 +0900] "GET /home/main/main.do HTTP/1.1" 200 14853
121.136.202.234 - - [20/Mar/2020:14:58:22 +0900] "GET /error/kr/error.jsp HTTP/1.1" 500 3570
121.136.202.234 - - [20/Mar/2020:14:58:25 +0900] "GET /home/main/main.do HTTP/1.1" 200 14853
121.136.202.234 - - [20/Mar/2020:14:58:25 +0900] "GET /error/kr/error.jsp HTTP/1.1" 500 3570
38.99.62.91 - - [20/Mar/2020:14:58:25 +0900] "GET /home/news/news/view.do?page=2&num=5 HTTP/1.1" 200 9112
121.136.202.234 - - [20/Mar/2020:14:58:28 +0900] "GET /home/main/main.do HTTP/1.1" 200 14853
121.136.202.234 - - [20/Mar/2020:14:58:28 +0900] "GET /error/kr/error.jsp HTTP/1.1" 500 3570
121.136.202.234 - - [20/Mar/2020:14:58:31 +0900] "GET /home/main/main.do HTTP/1.1" 200 14853
121.136.202.234 - - [20/Mar/2020:14:58:31 +0900] "GET /error/kr/error.jsp HTTP/1.1" 500 3570
121.136.202.234 - - [20/Mar/2020:14:58:36 +0900] "GET /error/kr/error.jsp HTTP/1.1" 500 3570
121.136.202.234 - - [20/Mar/2020:14:58:38 +0900] "GET /home/main/main.do HTTP/1.1" 302 -
121.136.202.234 - - [20/Mar/2020:14:58:38 +0900] "GET /home/main/main.do HTTP/1.1" 200 12036
121.136.202.234 - - [20/Mar/2020:14:58:38 +0900] "GET /error/kr/error.jsp HTTP/1.1" 500 3762
121.136.202.234 - - [20/Mar/2020:14:58:38 +0900] "GET /error/kr/error.jsp HTTP/1.1" 500 3762
121.136.202.234 - - [20/Mar/2020:14:58:38 +0900] "GET /error/kr/error.jsp HTTP/1.1" 500 3762
121.136.202.234 - - [20/Mar/2020:14:58:43 +0900] "GET /home/main/main.do HTTP/1.1" 200 12036
121.136.202.234 - - [20/Mar/2020:14:58:43 +0900] "GET /error/kr/error.jsp HTTP/1.1" 500 3762
121.136.202.234 - - [20/Mar/2020:14:58:43 +0900] "GET /error/kr/error.jsp HTTP/1.1" 500 3762
121.136.202.234 - - [20/Mar/2020:14:58:43 +0900] "GET /error/kr/error.jsp HTTP/1.1" 500 3762
38.99.62.91 - - [20/Mar/2020:14:59:05 +0900] "GET /home/news/news/view.do?page=2&num=4 HTTP/1.1" 200 9123
121.136.202.234 - - [20/Mar/2020:14:59:11 +0900] "GET /home/main/main.do HTTP/1.1" 200 12036
121.136.202.234 - - [20/Mar/2020:14:59:11 +0900] "GET /error/kr/error.jsp HTTP/1.1" 500 3762
121.136.202.234 - - [20/Mar/2020:14:59:11 +0900] "GET /error/kr/error.jsp HTTP/1.1" 500 3762
121.136.202.234 - - [20/Mar/2020:14:59:11 +0900] "GET /error/kr/error.jsp HTTP/1.1" 500 3762
121.136.202.234 - - [20/Mar/2020:14:59:15 +0900] "GET /home/main/main.do HTTP/1.1" 200 14853
121.136.202.234 - - [20/Mar/2020:14:59:15 +0900] "GET /error/kr/error.jsp HTTP/1.1" 500 3570
121.136.202.234 - - [20/Mar/2020:14:59:15 +0900] "GET /error/kr/error.jsp HTTP/1.1" 500 3570
66.249.69.243 - - [20/Mar/2020:14:59:18 +0900] "GET /error/kr/error.jsp HTTP/1.1" 500 3762
38.99.62.91 - - [20/Mar/2020:14:59:44 +0900] "GET /home/en/meetourpartners/all.do HTTP/1.1" 200 95227
121.136.202.234 - - [20/Mar/2020:15:00:03 +0900] "GET /error/kr/error.jsp HTTP/1.1" 500 3762
59.16.254.140 - - [20/Mar/2020:15:00:21 +0900] "GET /index.jsp HTTP/1.1" 302 -
59.16.254.140 - - [20/Mar/2020:15:00:21 +0900] "GET /home/main/main.do HTTP/1.1" 200 14853
59.16.254.140 - - [20/Mar/2020:15:00:21 +0900] "GET /error/kr/error.jsp HTTP/1.1" 500 3570
59.16.254.140 - - [20/Mar/2020:15:00:23 +0900] "GET /home/news/news/view.do?page=1&num=20 HTTP/1.1" 200 8973
38.99.62.91 - - [20/Mar/2020:15:00:24 +0900] "GET /home/news/news/view.do?page=2&num=5 HTTP/1.1" 200 9112
59.16.254.140 - - [20/Mar/2020:15:00:28 +0900] "GET /home/whoweare/korea.do HTTP/1.1" 200 29677
211.217.209.180 - - [20/Mar/2020:15:00:49 +0900] "GET /index.jsp HTTP/1.1" 302 -
211.217.209.180 - - [20/Mar/2020:15:00:49 +0900] "GET /home/main/main.do HTTP/1.1" 302 -
211.217.209.180 - - [20/Mar/2020:15:00:49 +0900] "GET /home/main/main.do HTTP/1.1" 200 12036
211.217.209.180 - - [20/Mar/2020:15:00:49 +0900] "GET /error/kr/error.jsp HTTP/1.1" 500 3762
211.217.209.180 - - [20/Mar/2020:15:00:49 +0900] "GET /error/kr/error.jsp HTTP/1.1" 500 3762
59.16.254.140 - - [20/Mar/2020:15:00:51 +0900] "GET /home/about/about.do HTTP/1.1" 200 14216
59.16.254.140 - - [20/Mar/2020:15:01:00 +0900] "GET /home/main/main.do HTTP/1.1" 200 14853
59.16.254.140 - - [20/Mar/2020:15:01:00 +0900] "GET /error/kr/error.jsp HTTP/1.1" 500 3570
59.16.254.140 - - [20/Mar/2020:15:01:02 +0900] "GET /home/news/news/view.do?page=1&num=20 HTTP/1.1" 200 8973
38.99.62.91 - - [20/Mar/2020:15:01:04 +0900] "GET /home/news/news/view.do?page=2&num=4 HTTP/1.1" 200 9123
211.217.209.180 - - [20/Mar/2020:15:01:14 +0900] "GET /index.jsp HTTP/1.1" 302 -
211.217.209.180 - - [20/Mar/2020:15:01:14 +0900] "GET /home/main/main.do HTTP/1.1" 200 14853
211.217.209.180 - - [20/Mar/2020:15:01:14 +0900] "GET /error/kr/error.jsp HTTP/1.1" 500 3570
211.217.209.180 - - [20/Mar/2020:15:01:16 +0900] "GET /home/news/news/view.do?page=1&num=20 HTTP/1.1" 200 8973
121.136.202.234 - - [20/Mar/2020:15:01:28 +0900] "GET /home/main/main.do HTTP/1.1" 200 14876
121.136.202.234 - - [20/Mar/2020:15:01:28 +0900] "GET /error/kr/error.jsp HTTP/1.1" 500 3570
121.136.202.234 - - [20/Mar/2020:15:01:28 +0900] "GET /error/kr/error.jsp HTTP/1.1" 500 3570
121.136.202.234 - - [20/Mar/2020:15:01:31 +0900] "GET /home/watwedo/overview.do HTTP/1.1" 200 6147
121.136.202.234 - - [20/Mar/2020:15:01:31 +0900] "GET /error/kr/error.jsp HTTP/1.1" 500 3570
121.136.202.234 - - [20/Mar/2020:15:01:33 +0900] "GET /home/main/main.do HTTP/1.1" 200 14876
121.136.202.234 - - [20/Mar/2020:15:01:33 +0900] "GET /error/kr/error.jsp HTTP/1.1" 500 3570
121.136.202.234 - - [20/Mar/2020:15:01:33 +0900] "GET /error/kr/error.jsp HTTP/1.1" 500 3570
59.16.254.140 - - [20/Mar/2020:15:01:33 +0900] "GET /home/about/about.do HTTP/1.1" 200 14216
121.136.202.234 - - [20/Mar/2020:15:01:34 +0900] "GET /home/watwedo/overview.do HTTP/1.1" 200 6147
121.136.202.234 - - [20/Mar/2020:15:01:34 +0900] "GET /error/kr/error.jsp HTTP/1.1" 500 3570
121.136.202.234 - - [20/Mar/2020:15:01:36 +0900] "GET /home/main/main.do HTTP/1.1" 200 14876
121.136.202.234 - - [20/Mar/2020:15:01:36 +0900] "GET /error/kr/error.jsp HTTP/1.1" 500 3570
121.136.202.234 - - [20/Mar/2020:15:01:36 +0900] "GET /error/kr/error.jsp HTTP/1.1" 500 3570
121.136.202.234 - - [20/Mar/2020:15:01:39 +0900] "GET /home/news/news/view.do?page=1&num=20 HTTP/1.1" 200 8973
121.136.202.234 - - [20/Mar/2020:15:01:39 +0900] "GET /error/kr/error.jsp HTTP/1.1" 500 3570
38.99.62.91 - - [20/Mar/2020:15:01:43 +0900] "GET /home/news/news/view.do?page=2&num=3 HTTP/1.1" 200 5576
211.217.209.180 - - [20/Mar/2020:15:01:45 +0900] "GET /home/watwedo/overview.do HTTP/1.1" 200 6147
121.136.202.234 - - [20/Mar/2020:15:01:55 +0900] "GET /home/news/news/view.do?page=1&num=20 HTTP/1.1" 302 -
121.136.202.234 - - [20/Mar/2020:15:01:56 +0900] "GET /home/news/news/view.do?page=1&num=20 HTTP/1.1" 200 75163
121.136.202.234 - - [20/Mar/2020:15:01:56 +0900] "GET /error/kr/error.jsp HTTP/1.1" 500 3762
121.136.202.234 - - [20/Mar/2020:15:02:00 +0900] "GET /home/main/main.do HTTP/1.1" 200 12116
121.136.202.234 - - [20/Mar/2020:15:02:00 +0900] "GET /error/kr/error.jsp HTTP/1.1" 500 3762
121.136.202.234 - - [20/Mar/2020:15:02:00 +0900] "GET /error/kr/error.jsp HTTP/1.1" 500 3762
121.136.202.234 - - [20/Mar/2020:15:02:01 +0900] "GET /error/kr/error.jsp HTTP/1.1" 500 3762
121.136.202.234 - - [20/Mar/2020:15:02:04 +0900] "GET /home/main/main.do HTTP/1.1" 200 12116
121.136.202.234 - - [20/Mar/2020:15:02:04 +0900] "GET /error/kr/error.jsp HTTP/1.1" 500 3762
121.136.202.234 - - [20/Mar/2020:15:02:04 +0900] "GET /error/kr/error.jsp HTTP/1.1" 500 3762
121.136.202.234 - - [20/Mar/2020:15:02:05 +0900] "GET /error/kr/error.jsp HTTP/1.1" 500 3762
211.217.209.180 - - [20/Mar/2020:15:02:07 +0900] "GET /home/watwedo/history.do HTTP/1.1" 200 10614
211.217.209.180 - - [20/Mar/2020:15:02:17 +0900] "GET /home/watwedo/philosophy.do HTTP/1.1" 200 7162
211.46.26.115 - - [20/Mar/2020:15:02:19 +0900] "GET /index.jsp HTTP/1.1" 302 -
211.46.26.115 - - [20/Mar/2020:15:02:19 +0900] "GET /home/main/main.do HTTP/1.1" 200 14876
211.46.26.115 - - [20/Mar/2020:15:02:19 +0900] "GET /error/kr/error.jsp HTTP/1.1" 500 3570
211.46.26.115 - - [20/Mar/2020:15:02:20 +0900] "GET /home/news/news/view.do?page=1&num=20 HTTP/1.1" 200 8973
211.217.209.180 - - [20/Mar/2020:15:02:22 +0900] "GET /home/whoweare/korea.do HTTP/1.1" 200 29677
121.136.202.234 - - [20/Mar/2020:15:02:23 +0900] "GET /home/main/main.do HTTP/1.1" 200 12116
38.99.62.91 - - [20/Mar/2020:15:02:23 +0900] "GET /home/meetourpartners/all.do HTTP/1.1" 200 101569
121.136.202.234 - - [20/Mar/2020:15:02:23 +0900] "GET /error/kr/error.jsp HTTP/1.1" 500 3762
121.136.202.234 - - [20/Mar/2020:15:02:23 +0900] "GET /error/kr/error.jsp HTTP/1.1" 500 3762
121.136.202.234 - - [20/Mar/2020:15:02:29 +0900] "GET /home/main/main.do HTTP/1.1" 200 12116
121.136.202.234 - - [20/Mar/2020:15:02:29 +0900] "GET /error/kr/error.jsp HTTP/1.1" 500 3762
121.136.202.234 - - [20/Mar/2020:15:02:29 +0900] "GET /error/kr/error.jsp HTTP/1.1" 500 3762
121.136.202.234 - - [20/Mar/2020:15:02:31 +0900] "GET /home/news/news/list.do?num=20 HTTP/1.1" 200 75163
121.136.202.234 - - [20/Mar/2020:15:02:34 +0900] "GET /home/watwedo/overview.do HTTP/1.1" 200 7044
121.136.202.234 - - [20/Mar/2020:15:02:36 +0900] "GET /home/main/main.do HTTP/1.1" 200 12116
121.136.202.234 - - [20/Mar/2020:15:02:36 +0900] "GET /error/kr/error.jsp HTTP/1.1" 500 3762
121.136.202.234 - - [20/Mar/2020:15:02:36 +0900] "GET /error/kr/error.jsp HTTP/1.1" 500 3762
121.136.202.234 - - [20/Mar/2020:15:02:43 +0900] "GET /home/main/main.do HTTP/1.1" 200 12116
121.136.202.234 - - [20/Mar/2020:15:02:43 +0900] "GET /error/kr/error.jsp HTTP/1.1" 500 3762
121.136.202.234 - - [20/Mar/2020:15:02:43 +0900] "GET /error/kr/error.jsp HTTP/1.1" 500 3762
121.136.202.234 - - [20/Mar/2020:15:02:43 +0900] "GET /error/kr/error.jsp HTTP/1.1" 500 3762
121.136.202.234 - - [20/Mar/2020:15:02:43 +0900] "GET /error/kr/error.jsp HTTP/1.1" 500 3762
38.99.62.91 - - [20/Mar/2020:15:03:03 +0900] "GET /home/news/news/view.do?page=2&num=4 HTTP/1.1" 200 9123
121.136.202.234 - - [20/Mar/2020:15:03:09 +0900] "GET /home/main/main.do HTTP/1.1" 200 12116
121.136.202.234 - - [20/Mar/2020:15:03:09 +0900] "GET /home/main/main.do HTTP/1.1" 200 12116
51.77.246.201 - - [20/Mar/2020:15:03:22 +0900] "GET /index.jsp HTTP/1.1" 302 -
51.77.246.201 - - [20/Mar/2020:15:03:22 +0900] "GET /home/main/main.do HTTP/1.1" 200 14876
51.77.246.201 - - [20/Mar/2020:15:03:26 +0900] "GET /error/kr/error.jsp HTTP/1.1" 500 3570
121.136.202.234 - - [20/Mar/2020:15:03:35 +0900] "GET /home/main/main.do HTTP/1.1" 200 12116
121.136.202.234 - - [20/Mar/2020:15:03:36 +0900] "GET /error/kr/error.jsp HTTP/1.1" 500 3762
121.136.202.234 - - [20/Mar/2020:15:03:36 +0900] "GET /error/kr/error.jsp HTTP/1.1" 500 3762
121.136.202.234 - - [20/Mar/2020:15:03:36 +0900] "GET /error/kr/error.jsp HTTP/1.1" 500 3762
121.136.202.234 - - [20/Mar/2020:15:03:39 +0900] "GET /home/main/main.do HTTP/1.1" 200 12116
121.136.202.234 - - [20/Mar/2020:15:03:39 +0900] "GET /error/kr/error.jsp HTTP/1.1" 500 3762
121.136.202.234 - - [20/Mar/2020:15:03:39 +0900] "GET /error/kr/error.jsp HTTP/1.1" 500 3762
121.136.202.234 - - [20/Mar/2020:15:03:39 +0900] "GET /error/kr/error.jsp HTTP/1.1" 500 3762
38.99.62.91 - - [20/Mar/2020:15:03:42 +0900] "GET /home/en/meetourpartners/all.do HTTP/1.1" 200 95227
121.136.202.234 - - [20/Mar/2020:15:03:45 +0900] "GET /home/main/main.do HTTP/1.1" 200 12116
121.136.202.234 - - [20/Mar/2020:15:03:45 +0900] "GET /error/kr/error.jsp HTTP/1.1" 500 3762
121.136.202.234 - - [20/Mar/2020:15:03:45 +0900] "GET /error/kr/error.jsp HTTP/1.1" 500 3762
121.136.202.234 - - [20/Mar/2020:15:03:45 +0900] "GET /error/kr/error.jsp HTTP/1.1" 500 3762
121.136.202.234 - - [20/Mar/2020:15:03:52 +0900] "GET /home/main/main.do HTTP/1.1" 200 12116
121.136.202.234 - - [20/Mar/2020:15:03:52 +0900] "GET /error/kr/error.jsp HTTP/1.1" 500 3762
121.136.202.234 - - [20/Mar/2020:15:03:52 +0900] "GET /error/kr/error.jsp HTTP/1.1" 500 3762
121.136.202.234 - - [20/Mar/2020:15:03:59 +0900] "GET /home/main/main.do HTTP/1.1" 200 12116
121.136.202.234 - - [20/Mar/2020:15:03:59 +0900] "GET /error/kr/error.jsp HTTP/1.1" 500 3762
121.136.202.234 - - [20/Mar/2020:15:03:59 +0900] "GET /error/kr/error.jsp HTTP/1.1" 500 3762
121.136.202.234 - - [20/Mar/2020:15:03:59 +0900] "GET /error/kr/error.jsp HTTP/1.1" 500 3762
121.136.202.234 - - [20/Mar/2020:15:03:59 +0900] "GET /error/kr/error.jsp HTTP/1.1" 500 3762
38.99.62.91 - - [20/Mar/2020:15:04:22 +0900] "GET /home/en/meetourpartners/all.do HTTP/1.1" 200 95227
121.136.202.234 - - [20/Mar/2020:15:04:52 +0900] "GET /home/main/main.do HTTP/1.1" 200 12119
121.136.202.234 - - [20/Mar/2020:15:04:53 +0900] "GET /error/kr/error.jsp HTTP/1.1" 500 3762
121.136.202.234 - - [20/Mar/2020:15:04:53 +0900] "GET /error/kr/error.jsp HTTP/1.1" 500 3762
121.136.202.234 - - [20/Mar/2020:15:04:53 +0900] "GET /error/kr/error.jsp HTTP/1.1" 500 3762
121.136.202.234 - - [20/Mar/2020:15:04:54 +0900] "GET /home/main/main.do HTTP/1.1" 200 12119
121.136.202.234 - - [20/Mar/2020:15:04:54 +0900] "GET /error/kr/error.jsp HTTP/1.1" 500 3762
121.136.202.234 - - [20/Mar/2020:15:04:54 +0900] "GET /error/kr/error.jsp HTTP/1.1" 500 3762
121.136.202.234 - - [20/Mar/2020:15:04:54 +0900] "GET /error/kr/error.jsp HTTP/1.1" 500 3762
121.136.202.234 - - [20/Mar/2020:15:04:59 +0900] "GET /home/main/main.do HTTP/1.1" 200 12119
121.136.202.234 - - [20/Mar/2020:15:04:59 +0900] "GET /error/kr/error.jsp HTTP/1.1" 500 3762
121.136.202.234 - - [20/Mar/2020:15:04:59 +0900] "GET /error/kr/error.jsp HTTP/1.1" 500 3762
121.136.202.234 - - [20/Mar/2020:15:04:59 +0900] "GET /error/kr/error.jsp HTTP/1.1" 500 3762
121.136.202.234 - - [20/Mar/2020:15:04:59 +0900] "GET /error/kr/error.jsp HTTP/1.1" 500 3762
38.99.62.91 - - [20/Mar/2020:15:05:01 +0900] "GET /home/meetourpartners/all.do HTTP/1.1" 200 101569
121.136.202.234 - - [20/Mar/2020:15:05:04 +0900] "GET /home/main/main.do HTTP/1.1" 200 12119
121.136.202.234 - - [20/Mar/2020:15:05:04 +0900] "GET /error/kr/error.jsp HTTP/1.1" 500 3762
121.136.202.234 - - [20/Mar/2020:15:05:04 +0900] "GET /error/kr/error.jsp HTTP/1.1" 500 3762
121.136.202.234 - - [20/Mar/2020:15:05:04 +0900] "GET /error/kr/error.jsp HTTP/1.1" 500 3762
121.136.202.234 - - [20/Mar/2020:15:05:04 +0900] "GET /error/kr/error.jsp HTTP/1.1" 500 3762
38.99.62.91 - - [20/Mar/2020:15:05:41 +0900] "GET /home/en/meetourpartners/all.do HTTP/1.1" 200 95227
38.99.62.91 - - [20/Mar/2020:15:06:21 +0900] "GET /home/news/news/view.do?page=2&num=3 HTTP/1.1" 200 5576
38.99.62.91 - - [20/Mar/2020:15:07:00 +0900] "GET /home/news/news/view.do?page=2&num=2 HTTP/1.1" 200 6977
38.99.62.91 - - [20/Mar/2020:15:07:40 +0900] "GET /home/news/news/view.do?page=2&num=3 HTTP/1.1" 200 5576
38.99.62.91 - - [20/Mar/2020:15:08:20 +0900] "GET /home/news/news/view.do?page=2&num=2 HTTP/1.1" 200 6977
38.99.62.91 - - [20/Mar/2020:15:08:59 +0900] "GET /home/news/news/view.do?page=2&num=1 HTTP/1.1" 200 8973
38.99.62.91 - - [20/Mar/2020:15:09:39 +0900] "GET /home/news/news/view.do?page=2&num=2 HTTP/1.1" 200 6977
203.217.254.11 - - [20/Mar/2020:15:10:10 +0900] "GET /home/meetourpartners/all.do HTTP/1.1" 200 101569
38.99.62.91 - - [20/Mar/2020:15:10:18 +0900] "GET /home/en/meetourpartners/all.do HTTP/1.1" 200 95227
211.217.209.180 - - [20/Mar/2020:15:10:32 +0900] "GET /home/whoweare/korea.do HTTP/1.1" 200 29677
211.217.209.180 - - [20/Mar/2020:15:10:33 +0900] "GET /home/whoweare/china.do HTTP/1.1" 200 10340
211.217.209.180 - - [20/Mar/2020:15:10:57 +0900] "GET /home/whoweare/korea.do HTTP/1.1" 200 29677
38.99.62.91 - - [20/Mar/2020:15:10:58 +0900] "GET /home/news/news/view.do?page=2&num=1 HTTP/1.1" 200 8973
121.136.202.234 - - [20/Mar/2020:15:11:07 +0900] "GET /home/main/main.do HTTP/1.1" 200 12119
121.136.202.234 - - [20/Mar/2020:15:11:07 +0900] "GET /error/kr/error.jsp HTTP/1.1" 500 3762
121.136.202.234 - - [20/Mar/2020:15:11:08 +0900] "GET /error/kr/error.jsp HTTP/1.1" 500 3762
121.136.202.234 - - [20/Mar/2020:15:11:13 +0900] "GET /home/news/news/list.do?num=20 HTTP/1.1" 200 75163
121.136.202.234 - - [20/Mar/2020:15:11:18 +0900] "GET /home/main/main.do HTTP/1.1" 200 12119
121.136.202.234 - - [20/Mar/2020:15:11:18 +0900] "GET /error/kr/error.jsp HTTP/1.1" 500 3762
121.136.202.234 - - [20/Mar/2020:15:11:18 +0900] "GET /error/kr/error.jsp HTTP/1.1" 500 3762
121.136.202.234 - - [20/Mar/2020:15:11:18 +0900] "GET /error/kr/error.jsp HTTP/1.1" 500 3762
121.136.202.234 - - [20/Mar/2020:15:11:18 +0900] "GET /error/kr/error.jsp HTTP/1.1" 500 3762
121.136.202.234 - - [20/Mar/2020:15:11:21 +0900] "GET /home/main/main.do HTTP/1.1" 200 12119
121.136.202.234 - - [20/Mar/2020:15:11:21 +0900] "GET /error/kr/error.jsp HTTP/1.1" 500 3762
121.136.202.234 - - [20/Mar/2020:15:11:21 +0900] "GET /error/kr/error.jsp HTTP/1.1" 500 3762
121.136.202.234 - - [20/Mar/2020:15:11:21 +0900] "GET /error/kr/error.jsp HTTP/1.1" 500 3762
121.136.202.234 - - [20/Mar/2020:15:11:22 +0900] "GET /error/kr/error.jsp HTTP/1.1" 500 3762
39.7.28.107 - - [20/Mar/2020:15:11:23 +0900] "GET /home/news/news/list.do?num=20 HTTP/1.1" 200 75163
38.99.62.91 - - [20/Mar/2020:15:12:03 +0900] "GET /home/news/news/view.do?page=2&num=7 HTTP/1.1" 200 5548
38.99.62.91 - - [20/Mar/2020:15:12:42 +0900] "GET /home/news/news/view.do?page=2&num=8 HTTP/1.1" 200 9169
38.99.62.91 - - [20/Mar/2020:15:13:22 +0900] "GET /home/news/news/view.do?page=&num=8 HTTP/1.1" 200 9166
38.99.62.91 - - [20/Mar/2020:15:14:01 +0900] "GET /home/news/news/view.do?page=&num=9 HTTP/1.1" 200 9132
38.99.62.91 - - [20/Mar/2020:15:14:41 +0900] "GET /home/news/news/view.do?page=&num=8 HTTP/1.1" 200 9166
121.66.107.235 - - [20/Mar/2020:15:14:53 +0900] "GET /home/en/main/main.do HTTP/1.1" 200 11080
38.99.62.91 - - [20/Mar/2020:15:15:20 +0900] "GET /home/en/meetourpartners/domestic.do HTTP/1.1" 200 69240
38.99.62.91 - - [20/Mar/2020:15:16:01 +0900] "GET /home/news/news/view.do?page=&num=9 HTTP/1.1" 200 9132
38.99.62.91 - - [20/Mar/2020:15:16:40 +0900] "GET /home/news/news/view.do?page=&num=10 HTTP/1.1" 200 6753
38.99.62.91 - - [20/Mar/2020:15:17:20 +0900] "GET /home/news/news/view.do?page=&num=9 HTTP/1.1" 200 9132
38.99.62.91 - - [20/Mar/2020:15:18:00 +0900] "GET /home/en/meetourpartners/all.do HTTP/1.1" 200 95227
38.99.62.91 - - [20/Mar/2020:15:18:40 +0900] "GET /home/news/news/view.do?page=&num=10 HTTP/1.1" 200 6753
38.99.62.91 - - [20/Mar/2020:15:19:19 +0900] "GET /home/news/news/view.do?page=&num=11 HTTP/1.1" 200 5545
38.99.62.91 - - [20/Mar/2020:15:19:59 +0900] "GET /home/news/news/view.do?page=&num=10 HTTP/1.1" 200 6753
38.99.62.91 - - [20/Mar/2020:15:20:38 +0900] "GET /home/news/news/view.do?page=&num=11 HTTP/1.1" 200 5545
38.99.62.91 - - [20/Mar/2020:15:21:18 +0900] "GET /home/news/news/view.do?page=&num=12 HTTP/1.1" 200 9080
38.99.62.91 - - [20/Mar/2020:15:22:37 +0900] "GET /home/meetourpartners/all.do HTTP/1.1" 200 101569
38.99.62.91 - - [20/Mar/2020:15:23:17 +0900] "GET /home/news/news/view.do?page=&num=13 HTTP/1.1" 200 9156
38.99.62.91 - - [20/Mar/2020:15:24:35 +0900] "GET /home/news/news/view.do?page=&num=14 HTTP/1.1" 200 6733
38.99.62.91 - - [20/Mar/2020:15:25:15 +0900] "GET /home/news/news/view.do?page=&num=13 HTTP/1.1" 200 9156
38.99.62.91 - - [20/Mar/2020:15:25:55 +0900] "GET /home/news/news/view.do?page=&num=14 HTTP/1.1" 200 6733
38.99.62.91 - - [20/Mar/2020:15:26:34 +0900] "GET /home/news/news/view.do?page=&num=15 HTTP/1.1" 200 9178
38.99.62.91 - - [20/Mar/2020:15:27:14 +0900] "GET /home/meetourpartners/all.do HTTP/1.1" 200 101569
38.99.62.91 - - [20/Mar/2020:15:27:53 +0900] "GET /home/news/news/view.do?page=&num=15 HTTP/1.1" 200 9178
38.99.62.91 - - [20/Mar/2020:15:28:33 +0900] "GET /home/news/news/view.do?page=&num=16 HTTP/1.1" 200 5663
38.99.62.91 - - [20/Mar/2020:15:29:13 +0900] "GET /home/news/news/view.do?page=&num=15 HTTP/1.1" 200 9178
38.99.62.91 - - [20/Mar/2020:15:29:38 +0900] "GET /home/news/news/view.do?page=&num=16 HTTP/1.1" 200 5663
66.249.69.243 - - [20/Mar/2020:15:29:40 +0900] "GET /error/kr/error.jsp HTTP/1.1" 500 3762
38.99.62.91 - - [20/Mar/2020:15:30:18 +0900] "GET /home/news/news/view.do?page=&num=17 HTTP/1.1" 200 5758
38.99.62.91 - - [20/Mar/2020:15:30:57 +0900] "GET /home/news/news/view.do?page=&num=16 HTTP/1.1" 200 5663
38.99.62.91 - - [20/Mar/2020:15:31:37 +0900] "GET /home/news/news/view.do?page=&num=17 HTTP/1.1" 200 5758
38.99.62.91 - - [20/Mar/2020:15:32:16 +0900] "GET /home/news/news/view.do?page=&num=18 HTTP/1.1" 200 9134
38.99.62.91 - - [20/Mar/2020:15:32:56 +0900] "GET /home/en/meetourpartners/all.do HTTP/1.1" 200 95227
38.99.62.91 - - [20/Mar/2020:15:33:36 +0900] "GET /home/news/news/view.do?page=&num=17 HTTP/1.1" 200 5758
38.99.62.91 - - [20/Mar/2020:15:34:16 +0900] "GET /home/meetourpartners/all.do HTTP/1.1" 200 101569
193.111.62.163 - - [20/Mar/2020:15:34:23 +0900] "GET /home/news/news/list.do HTTP/1.1" 200 7100
58.54.181.124 - - [20/Mar/2020:15:34:38 +0900] "GET /index.jsp HTTP/1.1" 302 -
58.54.181.124 - - [20/Mar/2020:15:34:39 +0900] "GET /home/main/main.do HTTP/1.1" 200 14876
58.54.181.124 - - [20/Mar/2020:15:34:39 +0900] "GET /home/news/news/view.do?num=1 HTTP/1.1" 200 8971
58.54.181.124 - - [20/Mar/2020:15:34:41 +0900] "GET /home/news/news/list.do?page= HTTP/1.1" 200 7100
38.99.62.91 - - [20/Mar/2020:15:35:35 +0900] "GET /home/news/news/view.do?page=&num=18 HTTP/1.1" 200 9134
38.99.62.91 - - [20/Mar/2020:15:36:14 +0900] "GET /home/en/meetourpartners/all.do HTTP/1.1" 200 95227
66.249.69.243 - - [20/Mar/2020:15:40:06 +0900] "GET /error/kr/error.jsp HTTP/1.1" 500 3762
207.46.13.79 - - [20/Mar/2020:15:45:09 +0900] "GET /home/meetourpartners/overseas.do HTTP/1.1" 200 32620
36.39.196.31 - - [20/Mar/2020:15:49:46 +0900] "GET /index.jsp HTTP/1.1" 302 -
36.39.196.31 - - [20/Mar/2020:15:49:46 +0900] "GET /home/main/main.do HTTP/1.1" 200 14876
66.249.69.243 - - [20/Mar/2020:15:49:59 +0900] "GET /error/kr/error.jsp HTTP/1.1" 500 3762
2.183.118.89 - - [20/Mar/2020:15:56:31 +0900] "GET /index.jsp HTTP/1.1" 302 -
222.117.249.102 - - [20/Mar/2020:15:58:37 +0900] "GET /index.jsp?ko HTTP/1.1" 302 -
222.117.249.102 - - [20/Mar/2020:15:58:38 +0900] "GET /home/main/main.do HTTP/1.1" 200 14876
128.14.134.170 - - [20/Mar/2020:15:58:42 +0900] "GET /index.jsp HTTP/1.1" 302 -
222.117.249.102 - - [20/Mar/2020:15:58:51 +0900] "GET /error/kr/error.jsp HTTP/1.1" 500 3570
35.153.178.217 - - [20/Mar/2020:15:59:07 +0900] "GET /index.jsp HTTP/1.1" 302 -
35.153.178.217 - - [20/Mar/2020:15:59:07 +0900] "GET /home/main/main.do HTTP/1.1" 200 14876
35.153.178.217 - - [20/Mar/2020:15:59:08 +0900] "GET /home/main/main.do HTTP/1.1" 200 14876
35.153.178.217 - - [20/Mar/2020:15:59:08 +0900] "GET /home/main/main.do HTTP/1.1" 200 14876
115.95.156.149 - - [20/Mar/2020:16:09:09 +0900] "GET /index.jsp HTTP/1.1" 302 -
115.95.156.149 - - [20/Mar/2020:16:09:09 +0900] "GET /home/main/main.do HTTP/1.1" 200 14876
115.95.156.149 - - [20/Mar/2020:16:09:09 +0900] "GET /error/kr/error.jsp HTTP/1.1" 500 3570
66.249.69.243 - - [20/Mar/2020:16:10:23 +0900] "GET /error/kr/error.jsp HTTP/1.1" 500 3762
66.249.72.18 - - [20/Mar/2020:16:20:28 +0900] "GET /error/kr/error.jsp HTTP/1.1" 500 3570
157.55.39.173 - - [20/Mar/2020:16:24:51 +0900] "GET /index.jsp HTTP/1.1" 302 -
147.92.137.183 - - [20/Mar/2020:16:24:54 +0900] "GET /index.jsp HTTP/1.1" 302 -
147.92.137.184 - - [20/Mar/2020:16:24:54 +0900] "GET /home/en/main/main.do HTTP/1.1" 200 11080
147.92.137.176 - - [20/Mar/2020:16:24:54 +0900] "GET /home/en/main/main.do HTTP/1.1" 200 11080
66.249.75.126 - - [20/Mar/2020:16:30:31 +0900] "GET /error/kr/error.jsp HTTP/1.1" 500 3570
193.111.62.163 - - [20/Mar/2020:16:34:04 +0900] "GET /home/news/news/list.do HTTP/1.1" 200 7100
66.249.75.126 - - [20/Mar/2020:16:40:40 +0900] "GET /error/kr/error.jsp HTTP/1.1" 500 3570
106.102.142.53 - - [20/Mar/2020:16:42:57 +0900] "GET /index.jsp HTTP/1.1" 302 -
106.102.142.53 - - [20/Mar/2020:16:42:57 +0900] "GET /home/main/main.do HTTP/1.1" 302 -
106.102.142.53 - - [20/Mar/2020:16:42:58 +0900] "GET /home/main/main.do HTTP/1.1" 200 12119
106.102.142.53 - - [20/Mar/2020:16:42:58 +0900] "GET /error/kr/error.jsp HTTP/1.1" 500 3762
106.102.142.53 - - [20/Mar/2020:16:42:58 +0900] "GET /error/kr/error.jsp HTTP/1.1" 500 3762
106.102.142.53 - - [20/Mar/2020:16:43:02 +0900] "GET /home/news/news/list.do?num=20 HTTP/1.1" 200 75163
182.138.180.88 - - [20/Mar/2020:16:43:50 +0900] "GET /error/kr/error.jsp HTTP/1.1" 500 3570
211.206.114.80 - - [20/Mar/2020:16:45:52 +0900] "GET /index.jsp HTTP/1.1" 302 -
211.206.114.80 - - [20/Mar/2020:16:45:52 +0900] "GET /home/main/main.do HTTP/1.1" 200 14876
211.206.114.80 - - [20/Mar/2020:16:45:52 +0900] "GET /error/kr/error.jsp HTTP/1.1" 500 3570
220.85.80.155 - - [20/Mar/2020:16:46:02 +0900] "GET /index.jsp HTTP/1.1" 302 -
220.85.80.155 - - [20/Mar/2020:16:46:02 +0900] "GET /home/en/main/main.do HTTP/1.1" 200 11080
220.85.80.155 - - [20/Mar/2020:16:46:05 +0900] "GET /home/en/whoweare/korea.do HTTP/1.1" 200 29641
211.206.114.80 - - [20/Mar/2020:16:46:07 +0900] "GET /home/whoweare/korea.do HTTP/1.1" 200 29677
211.206.114.80 - - [20/Mar/2020:16:46:09 +0900] "GET /home/whoweare/china.do HTTP/1.1" 200 10340
211.206.114.80 - - [20/Mar/2020:16:46:11 +0900] "GET /home/whoweare/korea.do HTTP/1.1" 200 29677
211.206.114.80 - - [20/Mar/2020:16:46:14 +0900] "GET /home/whoweare/china.do HTTP/1.1" 200 10340
211.206.114.80 - - [20/Mar/2020:16:46:33 +0900] "GET /home/watwedo/overview.do HTTP/1.1" 200 6147
211.206.114.80 - - [20/Mar/2020:16:46:34 +0900] "GET /home/main/main.do HTTP/1.1" 200 14876
211.206.114.80 - - [20/Mar/2020:16:46:34 +0900] "GET /error/kr/error.jsp HTTP/1.1" 500 3570
211.206.114.80 - - [20/Mar/2020:16:46:37 +0900] "GET /home/meetourpartners/all.do HTTP/1.1" 200 101569
211.206.114.80 - - [20/Mar/2020:16:46:38 +0900] "GET /home/news/news/list.do HTTP/1.1" 200 7100
211.206.114.80 - - [20/Mar/2020:16:46:41 +0900] "GET /home/contact/contact.do HTTP/1.1" 200 5224
126.147.131.170 - - [20/Mar/2020:16:54:43 +0900] "GET /index.jsp HTTP/1.1" 302 -
126.147.131.170 - - [20/Mar/2020:16:54:43 +0900] "GET /home/en/main/main.do HTTP/1.1" 302 -
126.147.131.170 - - [20/Mar/2020:16:54:44 +0900] "GET /home/en/main/main.do HTTP/1.1" 200 8279
126.147.131.170 - - [20/Mar/2020:16:54:45 +0900] "GET /error/kr/error.jsp HTTP/1.1" 500 3762
126.147.131.170 - - [20/Mar/2020:16:56:09 +0900] "GET /home/en/meetourpartners/all.do HTTP/1.1" 200 100316
126.147.131.170 - - [20/Mar/2020:16:56:25 +0900] "GET /home/en/meetourpartners/overseas.do HTTP/1.1" 200 32980
126.147.131.170 - - [20/Mar/2020:16:56:43 +0900] "GET /error/kr/error.jsp HTTP/1.1" 500 3762
126.33.89.6 - - [20/Mar/2020:16:56:52 +0900] "GET /home/en/about/about.do HTTP/1.1" 200 16658
126.147.131.170 - - [20/Mar/2020:16:56:53 +0900] "GET /error/kr/error.jsp HTTP/1.1" 500 3762
157.55.39.173 - - [20/Mar/2020:16:56:59 +0900] "GET /index.jsp HTTP/1.1" 302 -
126.147.131.170 - - [20/Mar/2020:16:57:29 +0900] "GET /home/en/watwedo/overview.do HTTP/1.1" 200 7050
42.236.10.125 - - [20/Mar/2020:16:58:57 +0900] "GET /index.jsp HTTP/1.1" 302 -
42.236.10.125 - - [20/Mar/2020:16:59:01 +0900] "GET /index.jsp HTTP/1.1" 302 -
126.147.131.170 - - [20/Mar/2020:16:59:02 +0900] "GET /home/en/whoweare/korea.do HTTP/1.1" 200 43296
42.236.10.125 - - [20/Mar/2020:16:59:03 +0900] "GET /home/main/main.do HTTP/1.1" 302 -
42.236.10.125 - - [20/Mar/2020:16:59:04 +0900] "GET /home/main/main.do HTTP/1.1" 200 12119
42.236.10.125 - - [20/Mar/2020:16:59:13 +0900] "GET /error/kr/error.jsp HTTP/1.1" 500 3762
42.236.10.93 - - [20/Mar/2020:16:59:14 +0900] "GET /error/kr/error.jsp HTTP/1.1" 500 3762
126.147.131.170 - - [20/Mar/2020:16:59:33 +0900] "GET /home/en/whoweare/china.do HTTP/1.1" 200 11458
126.147.131.170 - - [20/Mar/2020:17:12:22 +0900] "GET /error/kr/error.jsp HTTP/1.1" 500 3762
126.147.131.170 - - [20/Mar/2020:17:12:26 +0900] "GET /error/kr/error.jsp HTTP/1.1" 500 3762
207.46.13.79 - - [20/Mar/2020:17:13:50 +0900] "GET /error/kr/error.jsp HTTP/1.1" 500 3570
157.55.39.173 - - [20/Mar/2020:17:19:26 +0900] "GET /home/meetourpartners/domestic.do HTTP/1.1" 200 73451
103.205.4.59 - - [20/Mar/2020:17:28:28 +0900] "GET /index.jsp HTTP/1.1" 302 -
103.205.4.59 - - [20/Mar/2020:17:28:29 +0900] "GET /home/main/main.do HTTP/1.1" 200 14876
103.205.4.59 - - [20/Mar/2020:17:28:33 +0900] "GET /index.jsp HTTP/1.1" 302 -
103.205.4.59 - - [20/Mar/2020:17:28:33 +0900] "GET /home/main/main.do HTTP/1.1" 200 14876
193.111.62.163 - - [20/Mar/2020:17:36:35 +0900] "GET /home/news/news/list.do HTTP/1.1" 200 7100
171.67.70.85 - - [20/Mar/2020:17:40:57 +0900] "GET /index.jsp HTTP/1.1" 302 -
171.67.70.85 - - [20/Mar/2020:17:40:58 +0900] "GET /home/main/main.do HTTP/1.1" 200 14876
157.55.39.173 - - [20/Mar/2020:17:41:50 +0900] "GET /home/en/watwedo/overview.do HTTP/1.1" 200 6156
110.235.253.36 - - [20/Mar/2020:17:44:21 +0900] "GET /index.jsp HTTP/1.1" 302 -
54.183.150.98 - - [20/Mar/2020:17:53:09 +0900] "HEAD /index.jsp HTTP/1.1" 302 -
54.183.150.98 - - [20/Mar/2020:17:53:09 +0900] "HEAD /home/main/main.do HTTP/1.1" 200 -
211.226.53.2 - - [20/Mar/2020:17:55:30 +0900] "GET /index.jsp HTTP/1.1" 302 -
211.226.53.2 - - [20/Mar/2020:17:55:30 +0900] "GET /home/main/main.do HTTP/1.1" 200 14876
211.226.53.2 - - [20/Mar/2020:17:55:30 +0900] "GET /error/kr/error.jsp HTTP/1.1" 500 3570
211.226.53.2 - - [20/Mar/2020:17:55:32 +0900] "GET /home/watwedo/overview.do HTTP/1.1" 200 6147
211.226.53.2 - - [20/Mar/2020:17:55:33 +0900] "GET /home/watwedo/overview.do HTTP/1.1" 200 6147
211.226.53.2 - - [20/Mar/2020:17:55:38 +0900] "GET /home/whoweare/korea.do HTTP/1.1" 200 29677
211.226.53.2 - - [20/Mar/2020:17:57:04 +0900] "GET /home/meetourpartners/all.do HTTP/1.1" 200 101569
211.226.53.2 - - [20/Mar/2020:17:57:08 +0900] "GET /home/meetourpartners/domestic.do HTTP/1.1" 200 73451
211.226.53.2 - - [20/Mar/2020:17:57:09 +0900] "GET /home/meetourpartners/overseas.do HTTP/1.1" 200 32620
211.226.53.2 - - [20/Mar/2020:17:57:13 +0900] "GET /home/about/about.do HTTP/1.1" 200 14216
211.226.53.2 - - [20/Mar/2020:17:57:18 +0900] "GET /home/watwedo/overview.do HTTP/1.1" 200 6147
211.226.53.2 - - [20/Mar/2020:17:57:32 +0900] "GET /home/whoweare/korea.do HTTP/1.1" 200 29677
211.226.53.2 - - [20/Mar/2020:17:57:33 +0900] "GET /home/whoweare/china.do HTTP/1.1" 200 10340
211.226.53.2 - - [20/Mar/2020:17:57:56 +0900] "GET /home/whoweare/korea.do HTTP/1.1" 200 29677
66.249.69.245 - - [20/Mar/2020:18:03:10 +0900] "GET /error/kr/error.jsp HTTP/1.1" 500 3762
211.226.53.2 - - [20/Mar/2020:18:04:36 +0900] "GET /index.jsp HTTP/1.1" 302 -
211.226.53.2 - - [20/Mar/2020:18:04:36 +0900] "GET /home/main/main.do HTTP/1.1" 200 14876
211.226.53.2 - - [20/Mar/2020:18:04:37 +0900] "GET /error/kr/error.jsp HTTP/1.1" 500 3570
211.176.129.90 - - [20/Mar/2020:18:04:55 +0900] "GET /index.jsp HTTP/1.1" 302 -
211.176.129.90 - - [20/Mar/2020:18:04:55 +0900] "GET /home/en/main/main.do HTTP/1.1" 200 11080
211.176.129.90 - - [20/Mar/2020:18:05:01 +0900] "GET /home/en/meetourpartners/all.do HTTP/1.1" 200 95227
211.176.129.90 - - [20/Mar/2020:18:05:04 +0900] "GET /home/en/watwedo/overview.do HTTP/1.1" 200 6156
211.176.129.90 - - [20/Mar/2020:18:05:08 +0900] "GET /home/main/main.do HTTP/1.1" 200 14876
211.176.129.90 - - [20/Mar/2020:18:05:09 +0900] "GET /error/kr/error.jsp HTTP/1.1" 500 3570
211.176.129.90 - - [20/Mar/2020:18:05:16 +0900] "GET /home/whoweare/korea.do HTTP/1.1" 200 29677
211.176.129.90 - - [20/Mar/2020:18:06:57 +0900] "GET /home/whoweare/china.do HTTP/1.1" 200 10340
5.138.243.139 - - [20/Mar/2020:18:08:20 +0900] "GET /home/en/whoweare/korea.do HTTP/1.1" 200 29641
5.138.243.139 - - [20/Mar/2020:18:08:29 +0900] "GET /home/en/contact/contact.do HTTP/1.1" 200 5187
119.207.72.108 - - [20/Mar/2020:18:09:41 +0900] "GET /index.jsp HTTP/1.1" 302 -
119.207.72.108 - - [20/Mar/2020:18:09:41 +0900] "GET /home/main/main.do HTTP/1.1" 200 14876
222.220.153.14 - - [20/Mar/2020:18:18:30 +0900] "GET /error/kr/error.jsp HTTP/1.1" 500 3762
211.56.145.140 - - [20/Mar/2020:18:19:10 +0900] "GET /index.jsp HTTP/1.1" 302 -
211.56.145.140 - - [20/Mar/2020:18:19:10 +0900] "GET /home/main/main.do HTTP/1.1" 302 -
211.56.145.140 - - [20/Mar/2020:18:19:10 +0900] "GET /home/main/main.do HTTP/1.1" 200 12119
66.249.72.18 - - [20/Mar/2020:18:21:23 +0900] "GET /error/kr/error.jsp HTTP/1.1" 500 3570
14.23.152.194 - - [20/Mar/2020:18:24:06 +0900] "GET /home/en/contact/contact.do HTTP/1.1" 302 -
14.23.152.194 - - [20/Mar/2020:18:24:08 +0900] "GET /home/en/contact/contact.do HTTP/1.1" 200 7252
14.23.152.194 - - [20/Mar/2020:18:24:13 +0900] "GET /home/en/main/main.do HTTP/1.1" 200 8279
66.249.72.14 - - [20/Mar/2020:18:27:39 +0900] "GET /error/kr/error.jsp HTTP/1.1" 500 3570
14.23.152.194 - - [20/Mar/2020:18:29:20 +0900] "GET /home/en/contact/contact.do HTTP/1.1" 302 -
14.23.152.194 - - [20/Mar/2020:18:29:21 +0900] "GET /home/en/contact/contact.do HTTP/1.1" 200 7252
202.62.64.68 - - [20/Mar/2020:18:31:13 +0900] "GET /home/en/main/main.do HTTP/1.1" 200 11080
193.111.62.163 - - [20/Mar/2020:18:37:52 +0900] "GET /home/news/news/list.do HTTP/1.1" 200 7100
5.188.84.130 - - [20/Mar/2020:18:44:22 +0900] "GET /home/en/whoweare/korea.do HTTP/1.0" 200 29641
107.22.128.234 - - [20/Mar/2020:19:02:54 +0900] "GET /index.jsp HTTP/1.1" 302 -
107.22.128.234 - - [20/Mar/2020:19:02:55 +0900] "GET /home/main/main.do HTTP/1.1" 200 14876
107.22.128.234 - - [20/Mar/2020:19:02:55 +0900] "GET /home/main/main.do HTTP/1.1" 200 14876
107.22.128.234 - - [20/Mar/2020:19:02:55 +0900] "GET /home/main/main.do HTTP/1.1" 200 14876
119.207.72.111 - - [20/Mar/2020:19:05:05 +0900] "GET /home/main/main.do HTTP/1.1" 200 14876
119.207.72.163 - - [20/Mar/2020:19:05:06 +0900] "GET /home/main/main.do HTTP/1.1" 200 14876
119.207.72.111 - - [20/Mar/2020:19:05:07 +0900] "GET /home/news/news/list.do HTTP/1.1" 200 7100
119.207.72.73 - - [20/Mar/2020:19:05:09 +0900] "GET /home/main/main.do HTTP/1.1" 200 14876
119.207.72.113 - - [20/Mar/2020:19:05:13 +0900] "GET /home/about/about.do HTTP/1.1" 200 14216
119.129.229.13 - - [20/Mar/2020:19:07:47 +0900] "GET /error/kr/error.jsp HTTP/1.1" 500 3570
185.53.88.38 - - [20/Mar/2020:19:09:11 +0900] "GET /error/kr/error.jsp HTTP/1.1" 500 3570
66.249.72.18 - - [20/Mar/2020:19:11:19 +0900] "GET /error/kr/error.jsp HTTP/1.1" 500 3570
23.100.232.233 - - [20/Mar/2020:19:13:38 +0900] "GET /home/whoweare/korea.do HTTP/1.1" 200 29677
185.53.88.38 - - [20/Mar/2020:19:17:06 +0900] "GET /error/kr/error.jsp HTTP/1.1" 500 3570
49.71.99.143 - - [20/Mar/2020:19:20:10 +0900] "GET /error/kr/error.jsp HTTP/1.1" 500 3570
5.188.84.130 - - [20/Mar/2020:19:24:52 +0900] "GET /home/en/main/main.do HTTP/1.0" 200 11080
178.137.82.147 - - [20/Mar/2020:19:27:13 +0900] "GET /error/kr/error.jsp HTTP/1.1" 500 3570
178.137.82.147 - - [20/Mar/2020:19:27:13 +0900] "GET /error/kr/error.jsp HTTP/1.1" 500 3570
178.137.82.147 - - [20/Mar/2020:19:27:14 +0900] "GET /error/kr/error.jsp HTTP/1.1" 500 3570
178.137.82.147 - - [20/Mar/2020:19:27:15 +0900] "GET /error/kr/error.jsp HTTP/1.1" 500 3570
178.137.82.147 - - [20/Mar/2020:19:27:16 +0900] "GET /error/kr/error.jsp HTTP/1.1" 500 3570
178.137.82.147 - - [20/Mar/2020:19:27:16 +0900] "GET /error/kr/error.jsp HTTP/1.1" 500 3570
118.120.64.224 - - [20/Mar/2020:19:27:31 +0900] "GET /error/kr/error.jsp HTTP/1.1" 500 3570
42.236.10.78 - - [20/Mar/2020:19:27:48 +0900] "GET /error/kr/error.jsp HTTP/1.1" 500 3570
42.236.10.84 - - [20/Mar/2020:19:28:02 +0900] "GET /error/kr/error.jsp HTTP/1.1" 500 3570
180.163.220.67 - - [20/Mar/2020:19:28:16 +0900] "GET /error/kr/error.jsp HTTP/1.1" 500 3570
42.236.10.78 - - [20/Mar/2020:19:28:45 +0900] "GET /index.jsp HTTP/1.1" 302 -
42.236.10.78 - - [20/Mar/2020:19:28:45 +0900] "GET /home/main/main.do HTTP/1.1" 200 12119
42.236.10.75 - - [20/Mar/2020:19:28:50 +0900] "GET /error/kr/error.jsp HTTP/1.1" 500 3570
42.236.10.114 - - [20/Mar/2020:19:28:54 +0900] "GET /error/kr/error.jsp HTTP/1.1" 500 3570
218.214.244.142 - - [20/Mar/2020:19:35:26 +0900] "GET /index.jsp HTTP/1.1" 302 -
42.236.10.77 - - [20/Mar/2020:19:39:01 +0900] "GET /index.jsp HTTP/1.1" 302 -
42.236.10.77 - - [20/Mar/2020:19:39:01 +0900] "GET /home/en/main/main.do HTTP/1.1" 200 11080
180.35.22.43 - - [20/Mar/2020:19:40:29 +0900] "GET /filter/checker.jsp?campaignID=583&email=signalsign@naver.com&responseEnd=2018-12-22 HTTP/1.1" 404 3570
193.111.62.163 - - [20/Mar/2020:19:40:58 +0900] "GET /home/news/news/list.do HTTP/1.1" 200 7100
35.166.34.23 - - [20/Mar/2020:19:41:04 +0900] "GET /index.jsp HTTP/1.1" 302 -
140.207.23.91 - - [20/Mar/2020:19:46:01 +0900] "GET /home/en/main/main.do HTTP/1.1" 302 -
140.207.23.91 - - [20/Mar/2020:19:46:02 +0900] "GET /home/en/main/main.do HTTP/1.1" 200 8279
140.207.23.91 - - [20/Mar/2020:19:46:03 +0900] "GET /error/kr/error.jsp HTTP/1.1" 500 3762
140.207.23.91 - - [20/Mar/2020:19:46:10 +0900] "GET /home/en/whoweare/korea.do HTTP/1.1" 200 43296
140.207.23.91 - - [20/Mar/2020:19:46:26 +0900] "GET /home/en/whoweare/korea.do HTTP/1.1" 200 43296
140.207.23.91 - - [20/Mar/2020:19:46:28 +0900] "GET /home/en/whoweare/china.do HTTP/1.1" 200 11458
207.46.13.79 - - [20/Mar/2020:19:50:06 +0900] "GET /home/news/news/view.do?page=1&num=1 HTTP/1.1" 200 8973
182.138.180.88 - - [20/Mar/2020:19:57:18 +0900] "GET /error/kr/error.jsp HTTP/1.1" 500 3570
23.100.232.233 - - [20/Mar/2020:19:59:44 +0900] "GET /home/whoweare/korea.do HTTP/1.1" 200 29677
66.249.75.96 - - [20/Mar/2020:20:01:58 +0900] "GET /error/kr/error.jsp HTTP/1.1" 500 3570
39.7.28.107 - - [20/Mar/2020:20:04:11 +0900] "GET /index.jsp HTTP/1.1" 302 -
39.7.28.107 - - [20/Mar/2020:20:04:11 +0900] "GET /home/main/main.do HTTP/1.1" 200 12119
121.254.147.237 - - [20/Mar/2020:20:20:31 +0900] "GET /index.jsp HTTP/1.1" 302 -
121.254.147.237 - - [20/Mar/2020:20:20:31 +0900] "GET /home/en/main/main.do HTTP/1.1" 200 11080
185.53.88.38 - - [20/Mar/2020:20:21:48 +0900] "GET /error/kr/error.jsp HTTP/1.1" 500 3570
193.111.62.163 - - [20/Mar/2020:20:34:46 +0900] "GET /home/news/news/list.do HTTP/1.1" 200 7100
157.55.39.79 - - [20/Mar/2020:20:36:10 +0900] "GET /error/kr/error.jsp HTTP/1.1" 500 3570
66.151.211.170 - - [20/Mar/2020:20:39:46 +0900] "GET /error/kr/error.jsp HTTP/1.0" 500 3570
