211.192.161.65 - - [04/Oct/2019:11:44:23 +0900] "GET /home/main/main.do HTTP/1.1" 200 12222
211.192.161.65 - - [04/Oct/2019:11:44:35 +0900] "GET /home/whoweare/korea.do HTTP/1.1" 200 29942
40.77.167.76 - - [04/Oct/2019:11:45:45 +0900] "GET /index.jsp HTTP/1.1" 302 -
211.192.161.65 - - [04/Oct/2019:11:45:50 +0900] "GET /home/whoweare/china.do HTTP/1.1" 200 10340
66.249.64.186 - - [04/Oct/2019:11:52:28 +0900] "GET /error/kr/error.jsp HTTP/1.1" 500 3762
40.77.167.15 - - [04/Oct/2019:11:54:27 +0900] "GET /home/en/main/main.do HTTP/1.1" 200 11080
77.238.201.101 - - [04/Oct/2019:11:56:15 +0900] "GET /error/kr/error.jsp HTTP/1.1" 500 3570
185.31.163.237 - - [04/Oct/2019:11:56:17 +0900] "GET /error/kr/error.jsp HTTP/1.1" 500 3570
121.124.156.180 - - [04/Oct/2019:11:56:26 +0900] "GET /index.jsp HTTP/1.1" 302 -
121.124.156.180 - - [04/Oct/2019:11:56:26 +0900] "GET /home/en/main/main.do HTTP/1.1" 200 11080
121.124.156.180 - - [04/Oct/2019:11:56:29 +0900] "GET /home/en/whoweare/korea.do HTTP/1.1" 200 29841
119.207.72.151 - - [04/Oct/2019:12:02:00 +0900] "GET /home/news/news/list.do?page=1 HTTP/1.1" 200 7091
202.130.88.162 - - [04/Oct/2019:12:05:20 +0900] "GET /index.jsp HTTP/1.1" 302 -
202.130.88.162 - - [04/Oct/2019:12:05:20 +0900] "GET /home/en/main/main.do HTTP/1.1" 200 11080
202.130.88.162 - - [04/Oct/2019:12:05:24 +0900] "GET /home/en/watwedo/overview.do HTTP/1.1" 200 6156
202.130.88.162 - - [04/Oct/2019:12:05:39 +0900] "GET /home/en/whoweare/korea.do HTTP/1.1" 200 29841
66.249.64.186 - - [04/Oct/2019:12:05:41 +0900] "GET /error/kr/error.jsp HTTP/1.1" 500 3762
125.209.235.167 - - [04/Oct/2019:12:05:53 +0900] "GET /error/kr/error.jsp HTTP/1.1" 500 3570
202.130.88.162 - - [04/Oct/2019:12:06:16 +0900] "GET /home/en/whoweare/china.do HTTP/1.1" 200 10353
202.130.88.162 - - [04/Oct/2019:12:06:24 +0900] "GET /home/en/about/about.do HTTP/1.1" 200 14811
203.133.168.244 - - [04/Oct/2019:12:11:46 +0900] "GET /error/kr/error.jsp HTTP/1.1" 500 3570
203.133.168.244 - - [04/Oct/2019:12:11:46 +0900] "GET /home/news/news/view.do?page=2&num=10 HTTP/1.1" 200 6756
40.77.167.7 - - [04/Oct/2019:12:14:28 +0900] "GET /error/kr/error.jsp HTTP/1.1" 500 3570
66.249.64.186 - - [04/Oct/2019:12:16:43 +0900] "GET /error/kr/error.jsp HTTP/1.1" 500 3762
42.236.10.83 - - [04/Oct/2019:12:17:27 +0900] "GET /index.jsp HTTP/1.1" 302 -
42.236.10.83 - - [04/Oct/2019:12:17:27 +0900] "GET /home/en/main/main.do HTTP/1.1" 200 11080
193.111.62.163 - - [04/Oct/2019:12:18:13 +0900] "GET /home/news/news/list.do HTTP/1.1" 200 7091
121.134.80.183 - - [04/Oct/2019:12:22:55 +0900] "GET /index.jsp HTTP/1.1" 302 -
121.134.80.183 - - [04/Oct/2019:12:22:55 +0900] "GET /home/main/main.do HTTP/1.1" 200 12222
40.77.167.48 - - [04/Oct/2019:12:22:56 +0900] "GET /error/kr/error.jsp HTTP/1.1" 500 3570
40.77.167.7 - - [04/Oct/2019:12:24:55 +0900] "GET /error/kr/error.jsp HTTP/1.1" 500 3570
40.77.167.7 - - [04/Oct/2019:12:26:56 +0900] "GET /error/kr/error.jsp HTTP/1.1" 500 3570
66.249.64.186 - - [04/Oct/2019:12:28:48 +0900] "GET /error/kr/error.jsp HTTP/1.1" 500 3762
159.65.240.160 - - [04/Oct/2019:12:31:34 +0900] "HEAD /index.jsp HTTP/1.1" 302 -
40.77.167.48 - - [04/Oct/2019:12:35:40 +0900] "GET /error/kr/error.jsp HTTP/1.1" 500 3570
17.58.96.118 - - [04/Oct/2019:12:39:44 +0900] "GET /error/kr/error.jsp HTTP/1.1" 500 3570
66.249.64.186 - - [04/Oct/2019:12:40:54 +0900] "GET /error/kr/error.jsp HTTP/1.1" 500 3762
40.77.167.160 - - [04/Oct/2019:12:45:18 +0900] "GET /error/kr/error.jsp HTTP/1.1" 500 3570
122.202.212.214 - - [04/Oct/2019:12:46:15 +0900] "GET /home/en/main/main.do HTTP/1.1" 200 11080
122.202.212.214 - - [04/Oct/2019:12:46:23 +0900] "GET /home/en/whoweare/korea.do HTTP/1.1" 200 29841
40.77.167.160 - - [04/Oct/2019:12:48:03 +0900] "GET /error/kr/error.jsp HTTP/1.1" 500 3570
66.249.64.186 - - [04/Oct/2019:12:53:55 +0900] "GET /error/kr/error.jsp HTTP/1.1" 500 3762
40.77.167.48 - - [04/Oct/2019:12:55:05 +0900] "GET /error/kr/error.jsp HTTP/1.1" 500 3570
40.77.167.172 - - [04/Oct/2019:12:58:03 +0900] "GET /error/kr/error.jsp HTTP/1.1" 500 3570
171.67.70.80 - - [04/Oct/2019:12:59:50 +0900] "GET /index.jsp HTTP/1.1" 302 -
40.77.167.160 - - [04/Oct/2019:13:00:52 +0900] "GET /error/kr/error.jsp HTTP/1.1" 500 3570
3.87.65.70 - - [04/Oct/2019:13:01:53 +0900] "GET /index.jsp HTTP/1.1" 302 -
3.87.65.70 - - [04/Oct/2019:13:01:53 +0900] "GET /home/en/main/main.do HTTP/1.1" 200 11080
3.87.65.70 - - [04/Oct/2019:13:01:54 +0900] "GET /error/kr/error.jsp HTTP/1.1" 500 3570
66.249.64.1 - - [04/Oct/2019:13:02:38 +0900] "GET /error/kr/error.jsp HTTP/1.1" 500 3570
67.192.51.30 - - [04/Oct/2019:13:04:39 +0900] "GET /error/kr/error.jsp HTTP/1.1" 500 3570
66.249.64.31 - - [04/Oct/2019:13:06:23 +0900] "GET /error/kr/error.jsp HTTP/1.1" 500 3570
42.236.10.116 - - [04/Oct/2019:13:06:59 +0900] "GET /index.jsp HTTP/1.1" 302 -
40.77.167.48 - - [04/Oct/2019:13:08:11 +0900] "GET /error/kr/error.jsp HTTP/1.1" 500 3570
109.125.160.20 - - [04/Oct/2019:13:09:52 +0900] "GET /index.jsp HTTP/1.0" 302 -
193.111.62.163 - - [04/Oct/2019:13:12:37 +0900] "GET /home/news/news/list.do HTTP/1.1" 200 7091
40.77.167.160 - - [04/Oct/2019:13:13:57 +0900] "GET /error/kr/error.jsp HTTP/1.1" 500 3570
222.122.190.45 - - [04/Oct/2019:13:16:49 +0900] "GET /index.jsp HTTP/1.1" 302 -
222.122.190.45 - - [04/Oct/2019:13:16:49 +0900] "GET /home/main/main.do HTTP/1.1" 200 12222
222.122.190.45 - - [04/Oct/2019:13:16:49 +0900] "GET /index.jsp HTTP/1.1" 302 -
222.122.190.45 - - [04/Oct/2019:13:16:49 +0900] "GET /home/main/main.do HTTP/1.1" 200 12222
222.122.190.45 - - [04/Oct/2019:13:16:49 +0900] "GET /error/kr/error.jsp HTTP/1.1" 500 3570
40.77.167.172 - - [04/Oct/2019:13:18:17 +0900] "GET /error/kr/error.jsp HTTP/1.1" 500 3570
66.249.64.188 - - [04/Oct/2019:13:20:26 +0900] "GET /error/kr/error.jsp HTTP/1.1" 500 3762
40.77.167.160 - - [04/Oct/2019:13:26:26 +0900] "GET /error/kr/error.jsp HTTP/1.1" 500 3570
40.77.167.133 - - [04/Oct/2019:13:30:52 +0900] "GET /error/kr/error.jsp HTTP/1.1" 500 3570
40.77.167.48 - - [04/Oct/2019:13:31:41 +0900] "GET /home/en/whoweare/china.do HTTP/1.1" 200 10353
66.249.64.186 - - [04/Oct/2019:13:32:03 +0900] "GET /error/kr/error.jsp HTTP/1.1" 500 3762
59.10.109.172 - - [04/Oct/2019:13:34:43 +0900] "GET /home/watwedo/history.do HTTP/1.1" 200 10614
40.77.167.160 - - [04/Oct/2019:13:36:50 +0900] "GET /error/kr/error.jsp HTTP/1.1" 500 3570
40.77.167.160 - - [04/Oct/2019:13:40:07 +0900] "GET /home/en/whoweare/korea.do HTTP/1.1" 200 29841
101.200.184.110 - - [04/Oct/2019:13:42:49 +0900] "GET /error/kr/error.jsp HTTP/1.1" 500 3570
66.249.64.188 - - [04/Oct/2019:13:49:37 +0900] "GET /error/kr/error.jsp HTTP/1.1" 500 3762
106.247.205.81 - - [04/Oct/2019:13:51:30 +0900] "GET /home/main/main.do HTTP/1.1" 200 12222
211.234.16.239 - - [04/Oct/2019:13:52:09 +0900] "GET /index.jsp HTTP/1.1" 302 -
211.234.16.239 - - [04/Oct/2019:13:52:09 +0900] "GET /home/main/main.do HTTP/1.1" 200 12222
121.167.145.107 - - [04/Oct/2019:13:52:11 +0900] "GET /index.jsp HTTP/1.1" 302 -
121.167.145.107 - - [04/Oct/2019:13:52:11 +0900] "GET /home/main/main.do HTTP/1.1" 200 12222
121.167.145.107 - - [04/Oct/2019:13:52:17 +0900] "GET /home/meetourpartners/all.do HTTP/1.1" 200 101569
121.167.145.107 - - [04/Oct/2019:13:52:24 +0900] "GET /home/watwedo/overview.do HTTP/1.1" 200 6147
121.167.145.107 - - [04/Oct/2019:13:52:42 +0900] "GET /home/whoweare/korea.do HTTP/1.1" 200 29942
66.249.64.1 - - [04/Oct/2019:13:52:49 +0900] "GET /error/kr/error.jsp HTTP/1.1" 500 3570
113.198.180.134 - - [04/Oct/2019:13:53:15 +0900] "GET /error/kr/error.jsp HTTP/1.1" 500 3570
211.234.16.239 - - [04/Oct/2019:13:53:18 +0900] "GET /home/watwedo/overview.do HTTP/1.1" 200 6147
40.77.167.7 - - [04/Oct/2019:13:54:18 +0900] "GET /error/kr/error.jsp HTTP/1.1" 500 3570
59.173.190.201 - - [04/Oct/2019:14:02:24 +0900] "GET /error/kr/error.jsp HTTP/1.1" 500 3570
119.207.72.117 - - [04/Oct/2019:14:02:28 +0900] "GET /home/about/about.do HTTP/1.1" 200 14216
119.192.197.203 - - [04/Oct/2019:14:02:30 +0900] "GET /index.jsp HTTP/1.1" 302 -
119.192.197.203 - - [04/Oct/2019:14:02:30 +0900] "GET /home/main/main.do HTTP/1.1" 200 12222
119.192.197.203 - - [04/Oct/2019:14:02:43 +0900] "GET /home/watwedo/overview.do HTTP/1.1" 200 6147
119.192.197.203 - - [04/Oct/2019:14:02:48 +0900] "GET /home/watwedo/history.do HTTP/1.1" 200 10614
119.192.197.203 - - [04/Oct/2019:14:02:50 +0900] "GET /home/watwedo/philosophy.do HTTP/1.1" 200 7162
119.192.197.203 - - [04/Oct/2019:14:02:55 +0900] "GET /home/whoweare/korea.do HTTP/1.1" 200 29942
119.192.197.203 - - [04/Oct/2019:14:03:15 +0900] "GET /home/meetourpartners/all.do HTTP/1.1" 200 101569
119.192.197.203 - - [04/Oct/2019:14:03:45 +0900] "GET /home/meetourpartners/domestic.do HTTP/1.1" 200 73451
119.192.197.203 - - [04/Oct/2019:14:03:46 +0900] "GET /home/meetourpartners/overseas.do HTTP/1.1" 200 32620
119.192.197.203 - - [04/Oct/2019:14:03:47 +0900] "GET /home/meetourpartners/all.do HTTP/1.1" 200 101569
66.249.64.186 - - [04/Oct/2019:14:05:06 +0900] "GET /error/kr/error.jsp HTTP/1.1" 500 3762
125.209.235.177 - - [04/Oct/2019:14:05:53 +0900] "GET /error/kr/error.jsp HTTP/1.1" 500 3570
121.167.145.107 - - [04/Oct/2019:14:07:36 +0900] "GET /home/whoweare/china.do HTTP/1.1" 200 10340
85.104.56.103 - - [04/Oct/2019:14:08:01 +0900] "GET /index.jsp HTTP/1.0" 302 -
121.167.145.107 - - [04/Oct/2019:14:08:20 +0900] "GET /home/contact/contact.do HTTP/1.1" 200 5224
40.77.167.7 - - [04/Oct/2019:14:08:22 +0900] "GET /error/kr/error.jsp HTTP/1.1" 500 3570
121.167.145.107 - - [04/Oct/2019:14:08:25 +0900] "GET /home/news/news/list.do HTTP/1.1" 200 7091
40.77.167.48 - - [04/Oct/2019:14:10:31 +0900] "GET /error/kr/error.jsp HTTP/1.1" 500 3570
223.62.204.49 - - [04/Oct/2019:14:11:20 +0900] "GET /home/main/main.do HTTP/1.1" 302 -
223.62.204.49 - - [04/Oct/2019:14:11:20 +0900] "GET /home/main/main.do HTTP/1.1" 200 8898
223.62.204.49 - - [04/Oct/2019:14:11:20 +0900] "GET /error/kr/error.jsp HTTP/1.1" 500 3762
223.62.204.49 - - [04/Oct/2019:14:11:22 +0900] "GET /home/whoweare/korea.do HTTP/1.1" 200 43565
40.77.167.133 - - [04/Oct/2019:14:12:02 +0900] "GET /error/kr/error.jsp HTTP/1.1" 500 3570
66.249.64.186 - - [04/Oct/2019:14:13:42 +0900] "GET /error/kr/error.jsp HTTP/1.1" 500 3762
187.143.29.45 - - [04/Oct/2019:14:14:02 +0900] "GET /index.jsp HTTP/1.1" 302 -
40.77.167.48 - - [04/Oct/2019:14:17:02 +0900] "GET /error/kr/error.jsp HTTP/1.1" 500 3570
193.111.62.163 - - [04/Oct/2019:14:17:05 +0900] "GET /home/news/news/list.do HTTP/1.1" 200 7091
223.33.165.235 - - [04/Oct/2019:14:17:09 +0900] "GET /home/about/about.do HTTP/1.1" 200 15329
223.33.165.235 - - [04/Oct/2019:14:17:09 +0900] "GET /error/kr/error.jsp HTTP/1.1" 500 3762
66.249.64.186 - - [04/Oct/2019:14:20:44 +0900] "GET /error/kr/error.jsp HTTP/1.1" 500 3762
211.234.16.239 - - [04/Oct/2019:14:25:38 +0900] "GET /index.jsp HTTP/1.1" 302 -
211.234.16.239 - - [04/Oct/2019:14:25:39 +0900] "GET /home/main/main.do HTTP/1.1" 200 12222
211.234.16.239 - - [04/Oct/2019:14:28:09 +0900] "GET /index.jsp HTTP/1.1" 302 -
40.77.167.7 - - [04/Oct/2019:14:28:22 +0900] "GET /error/kr/error.jsp HTTP/1.1" 500 3570
211.234.16.239 - - [04/Oct/2019:14:28:40 +0900] "GET /index.jsp HTTP/1.1" 302 -
211.234.16.239 - - [04/Oct/2019:14:28:54 +0900] "GET /index.jsp HTTP/1.1" 302 -
211.234.16.239 - - [04/Oct/2019:14:28:54 +0900] "GET /home/main/main.do HTTP/1.1" 200 12222
211.234.16.239 - - [04/Oct/2019:14:28:58 +0900] "GET /home/watwedo/overview.do HTTP/1.1" 200 6147
211.234.16.239 - - [04/Oct/2019:14:29:07 +0900] "GET /home/watwedo/history.do HTTP/1.1" 200 10614
211.234.16.239 - - [04/Oct/2019:14:29:10 +0900] "GET /home/whoweare/korea.do HTTP/1.1" 200 29942
211.234.16.239 - - [04/Oct/2019:14:29:15 +0900] "GET /home/meetourpartners/all.do HTTP/1.1" 200 101569
211.234.16.239 - - [04/Oct/2019:14:29:21 +0900] "GET /home/about/about.do HTTP/1.1" 200 14216
211.234.16.239 - - [04/Oct/2019:14:29:31 +0900] "GET /home/main/main.do HTTP/1.1" 200 12222
211.234.16.239 - - [04/Oct/2019:14:29:35 +0900] "GET /home/watwedo/overview.do HTTP/1.1" 200 6147
40.77.167.48 - - [04/Oct/2019:14:30:38 +0900] "GET /error/kr/error.jsp HTTP/1.1" 500 3570
45.33.66.85 - - [04/Oct/2019:14:31:39 +0900] "GET /error/kr/error.jsp HTTP/1.1" 500 3570
40.77.167.133 - - [04/Oct/2019:14:32:22 +0900] "GET /error/kr/error.jsp HTTP/1.1" 500 3570
66.249.64.31 - - [04/Oct/2019:14:33:00 +0900] "GET /error/kr/error.jsp HTTP/1.1" 500 3570
40.77.167.160 - - [04/Oct/2019:14:36:34 +0900] "GET /error/kr/error.jsp HTTP/1.1" 500 3570
66.249.64.188 - - [04/Oct/2019:14:36:52 +0900] "GET /error/kr/error.jsp HTTP/1.1" 500 3762
223.62.204.49 - - [04/Oct/2019:14:39:06 +0900] "GET /error/kr/error.jsp HTTP/1.1" 500 3762
223.62.204.49 - - [04/Oct/2019:14:39:09 +0900] "GET /home/whoweare/korea.do HTTP/1.1" 200 43565
121.124.191.27 - - [04/Oct/2019:14:39:26 +0900] "GET /index.jsp HTTP/1.1" 302 -
121.124.191.27 - - [04/Oct/2019:14:39:26 +0900] "GET /home/main/main.do HTTP/1.1" 200 12222
121.124.191.27 - - [04/Oct/2019:14:39:46 +0900] "GET /home/watwedo/overview.do HTTP/1.1" 200 6147
121.124.191.27 - - [04/Oct/2019:14:40:00 +0900] "GET /home/watwedo/philosophy.do HTTP/1.1" 200 7162
121.124.191.27 - - [04/Oct/2019:14:40:01 +0900] "GET /home/watwedo/history.do HTTP/1.1" 200 10614
121.124.191.27 - - [04/Oct/2019:14:40:04 +0900] "GET /home/whoweare/korea.do HTTP/1.1" 200 29942
66.249.64.186 - - [04/Oct/2019:14:42:53 +0900] "GET /error/kr/error.jsp HTTP/1.1" 500 3762
66.249.64.30 - - [04/Oct/2019:14:42:55 +0900] "GET /error/kr/error.jsp HTTP/1.1" 500 3570
40.77.167.133 - - [04/Oct/2019:14:46:14 +0900] "GET /error/kr/error.jsp HTTP/1.1" 500 3570
121.254.147.237 - - [04/Oct/2019:14:46:36 +0900] "GET /index.jsp HTTP/1.1" 302 -
121.254.147.237 - - [04/Oct/2019:14:46:36 +0900] "GET /home/en/main/main.do HTTP/1.1" 200 11080
40.77.167.160 - - [04/Oct/2019:14:50:44 +0900] "GET /error/kr/error.jsp HTTP/1.1" 500 3570
17.58.96.118 - - [04/Oct/2019:14:52:28 +0900] "GET /home/en/main/main.do HTTP/1.1" 200 11080
211.248.174.231 - - [04/Oct/2019:14:53:12 +0900] "GET /index.jsp HTTP/1.1" 302 -
211.248.174.231 - - [04/Oct/2019:14:53:12 +0900] "GET /error/kr/error.jsp HTTP/1.1" 500 3570
211.248.174.231 - - [04/Oct/2019:14:53:28 +0900] "GET /index.jsp HTTP/1.1" 302 -
211.248.174.231 - - [04/Oct/2019:14:53:29 +0900] "GET /error/kr/error.jsp HTTP/1.1" 500 3570
211.248.174.231 - - [04/Oct/2019:14:53:40 +0900] "GET /index.jsp HTTP/1.1" 302 -
211.248.174.231 - - [04/Oct/2019:14:53:41 +0900] "GET /error/kr/error.jsp HTTP/1.1" 500 3570
211.248.174.231 - - [04/Oct/2019:14:53:48 +0900] "GET /home/watwedo/overview.do HTTP/1.1" 200 6147
66.249.64.186 - - [04/Oct/2019:14:53:51 +0900] "GET /error/kr/error.jsp HTTP/1.1" 500 3762
211.248.174.231 - - [04/Oct/2019:14:53:58 +0900] "GET /home/watwedo/overview.do HTTP/1.1" 200 6147
211.248.174.231 - - [04/Oct/2019:14:54:10 +0900] "GET /home/about/about.do HTTP/1.1" 200 14216
167.71.172.153 - - [04/Oct/2019:14:55:16 +0900] "HEAD /index.jsp HTTP/1.1" 302 -
139.129.98.166 - - [04/Oct/2019:14:56:28 +0900] "GET /error/kr/error.jsp HTTP/1.1" 500 3570
66.249.64.30 - - [04/Oct/2019:14:59:58 +0900] "GET /error/kr/error.jsp HTTP/1.1" 500 3570
113.198.180.134 - - [04/Oct/2019:15:01:33 +0900] "GET /home/watwedo/philosophy.do HTTP/1.1" 200 7162
40.77.167.48 - - [04/Oct/2019:15:02:11 +0900] "GET /error/kr/error.jsp HTTP/1.1" 500 3570
40.77.167.48 - - [04/Oct/2019:15:02:30 +0900] "GET /error/kr/error.jsp HTTP/1.1" 500 3570
113.198.180.134 - - [04/Oct/2019:15:03:57 +0900] "GET /home/whoweare/korea.do HTTP/1.1" 200 29942
113.198.180.134 - - [04/Oct/2019:15:04:00 +0900] "GET /home/whoweare/china.do HTTP/1.1" 200 10340
113.198.180.134 - - [04/Oct/2019:15:04:04 +0900] "GET /home/whoweare/korea.do HTTP/1.1" 200 29942
40.77.167.160 - - [04/Oct/2019:15:04:06 +0900] "GET /error/kr/error.jsp HTTP/1.1" 500 3570
113.198.180.134 - - [04/Oct/2019:15:04:06 +0900] "GET /home/watwedo/overview.do HTTP/1.1" 200 6147
113.198.180.134 - - [04/Oct/2019:15:04:07 +0900] "GET /home/watwedo/history.do HTTP/1.1" 200 10614
223.62.204.49 - - [04/Oct/2019:15:04:26 +0900] "GET /home/whoweare/korea.do HTTP/1.1" 200 43565
223.62.204.49 - - [04/Oct/2019:15:04:26 +0900] "GET /error/kr/error.jsp HTTP/1.1" 500 3762
223.62.204.49 - - [04/Oct/2019:15:04:26 +0900] "GET /error/kr/error.jsp HTTP/1.1" 500 3762
40.77.167.7 - - [04/Oct/2019:15:07:07 +0900] "GET /error/kr/error.jsp HTTP/1.1" 500 3570
172.247.55.34 - - [04/Oct/2019:15:07:35 +0900] "GET /index.jsp HTTP/1.1" 302 -
172.247.55.34 - - [04/Oct/2019:15:07:36 +0900] "GET /home/en/main/main.do HTTP/1.1" 200 11080
172.247.55.34 - - [04/Oct/2019:15:07:37 +0900] "GET /index.jsp HTTP/1.1" 302 -
172.247.55.34 - - [04/Oct/2019:15:07:38 +0900] "GET /home/en/main/main.do HTTP/1.1" 200 11080
40.77.167.48 - - [04/Oct/2019:15:07:40 +0900] "GET /error/kr/error.jsp HTTP/1.1" 500 3570
40.77.167.48 - - [04/Oct/2019:15:07:52 +0900] "GET /error/kr/error.jsp HTTP/1.1" 500 3570
66.249.64.218 - - [04/Oct/2019:15:10:20 +0900] "GET /error/kr/error.jsp HTTP/1.1" 500 3570
66.249.64.190 - - [04/Oct/2019:15:10:21 +0900] "GET /error/kr/error.jsp HTTP/1.1" 500 3762
40.77.167.133 - - [04/Oct/2019:15:11:12 +0900] "GET /error/kr/error.jsp HTTP/1.1" 500 3570
40.77.167.7 - - [04/Oct/2019:15:11:20 +0900] "GET /error/kr/error.jsp HTTP/1.1" 500 3570
40.77.167.48 - - [04/Oct/2019:15:12:09 +0900] "GET /error/kr/error.jsp HTTP/1.1" 500 3570
1.238.163.88 - - [04/Oct/2019:15:14:59 +0900] "GET /home/whoweare/korea.do HTTP/1.1" 200 43565
40.77.167.7 - - [04/Oct/2019:15:18:23 +0900] "GET /index.jsp HTTP/1.1" 302 -
193.111.62.163 - - [04/Oct/2019:15:18:39 +0900] "GET /home/news/news/list.do HTTP/1.1" 200 7091
66.249.64.186 - - [04/Oct/2019:15:20:18 +0900] "GET /error/kr/error.jsp HTTP/1.1" 500 3762
66.249.64.31 - - [04/Oct/2019:15:20:19 +0900] "GET /error/kr/error.jsp HTTP/1.1" 500 3570
154.204.32.141 - - [04/Oct/2019:15:28:42 +0900] "GET /error/kr/error.jsp HTTP/1.1" 500 3570
154.204.32.141 - - [04/Oct/2019:15:28:42 +0900] "GET /error/kr/error.jsp HTTP/1.1" 500 3570
154.204.32.141 - - [04/Oct/2019:15:28:42 +0900] "GET /error/kr/error.jsp HTTP/1.1" 500 3570
40.77.167.7 - - [04/Oct/2019:15:28:55 +0900] "GET /index.jsp HTTP/1.1" 302 -
66.249.64.186 - - [04/Oct/2019:15:29:13 +0900] "GET /error/kr/error.jsp HTTP/1.1" 500 3762
67.192.51.30 - - [04/Oct/2019:15:30:15 +0900] "GET /index.jsp HTTP/1.1" 302 -
67.192.51.30 - - [04/Oct/2019:15:30:16 +0900] "GET /home/en/main/main.do HTTP/1.1" 200 11080
66.249.64.30 - - [04/Oct/2019:15:30:20 +0900] "GET /error/kr/error.jsp HTTP/1.1" 500 3570
40.77.167.160 - - [04/Oct/2019:15:33:57 +0900] "GET /error/kr/error.jsp HTTP/1.1" 500 3570
66.249.64.186 - - [04/Oct/2019:15:40:29 +0900] "GET /error/kr/error.jsp HTTP/1.1" 500 3762
103.131.71.126 - - [04/Oct/2019:15:42:19 +0900] "GET /error/kr/error.jsp HTTP/1.1" 500 3570
77.75.76.172 - - [04/Oct/2019:15:42:43 +0900] "GET /error/kr/error.jsp HTTP/1.1" 500 3570
77.75.76.172 - - [04/Oct/2019:15:42:56 +0900] "GET /home/en/contact/contact.do HTTP/1.1" 200 5187
66.249.64.186 - - [04/Oct/2019:15:48:20 +0900] "GET /error/kr/error.jsp HTTP/1.1" 500 3762
42.236.12.130 - - [04/Oct/2019:15:49:12 +0900] "GET /index.jsp HTTP/1.1" 302 -
42.236.12.130 - - [04/Oct/2019:15:49:12 +0900] "GET /home/en/main/main.do HTTP/1.1" 200 11080
66.249.64.186 - - [04/Oct/2019:15:53:33 +0900] "GET /error/kr/error.jsp HTTP/1.1" 500 3762
66.249.64.186 - - [04/Oct/2019:16:00:47 +0900] "GET /error/kr/error.jsp HTTP/1.1" 500 3762
66.249.64.30 - - [04/Oct/2019:16:00:48 +0900] "GET /error/kr/error.jsp HTTP/1.1" 500 3570
61.41.229.118 - - [04/Oct/2019:16:01:24 +0900] "GET /filter/checker.jsp?campaignID=180&email=doohee11111@naver.com&responseEnd=2018-11-28 HTTP/1.1" 404 3570
61.41.229.118 - - [04/Oct/2019:16:01:24 +0900] "GET /error/kr/error.jsp HTTP/1.1" 500 3570
61.41.229.118 - - [04/Oct/2019:16:01:24 +0900] "GET /error/kr/error.jsp HTTP/1.1" 500 3570
61.41.229.118 - - [04/Oct/2019:16:01:24 +0900] "GET /error/kr/error.jsp HTTP/1.1" 500 3570
61.41.229.118 - - [04/Oct/2019:16:01:24 +0900] "GET /error/kr/error.jsp HTTP/1.1" 500 3570
61.41.229.118 - - [04/Oct/2019:16:01:24 +0900] "GET /error/kr/error.jsp HTTP/1.1" 500 3570
61.41.229.118 - - [04/Oct/2019:16:01:24 +0900] "GET /error/kr/error.jsp HTTP/1.1" 500 3570
61.41.229.118 - - [04/Oct/2019:16:01:24 +0900] "GET /error/kr/error.jsp HTTP/1.1" 500 3570
106.247.205.81 - - [04/Oct/2019:16:05:32 +0900] "GET /home/about/about.do HTTP/1.1" 200 14216
106.247.205.81 - - [04/Oct/2019:16:05:46 +0900] "GET /home/news/news/list.do HTTP/1.1" 200 7091
106.247.205.81 - - [04/Oct/2019:16:05:47 +0900] "GET /home/meetourpartners/all.do HTTP/1.1" 200 101569
106.247.205.81 - - [04/Oct/2019:16:05:48 +0900] "GET /home/meetourpartners/domestic.do HTTP/1.1" 200 73451
106.247.205.81 - - [04/Oct/2019:16:05:49 +0900] "GET /home/meetourpartners/overseas.do HTTP/1.1" 200 32620
125.209.235.177 - - [04/Oct/2019:16:05:52 +0900] "GET /error/kr/error.jsp HTTP/1.1" 500 3570
223.62.204.49 - - [04/Oct/2019:16:06:44 +0900] "GET /error/kr/error.jsp HTTP/1.1" 500 3762
223.62.204.49 - - [04/Oct/2019:16:06:44 +0900] "GET /home/main/main.do HTTP/1.1" 302 -
223.62.204.49 - - [04/Oct/2019:16:06:44 +0900] "GET /home/main/main.do HTTP/1.1" 200 8898
223.62.204.49 - - [04/Oct/2019:16:06:44 +0900] "GET /error/kr/error.jsp HTTP/1.1" 500 3762
223.62.204.49 - - [04/Oct/2019:16:06:47 +0900] "GET /home/whoweare/korea.do HTTP/1.1" 200 43565
66.249.64.186 - - [04/Oct/2019:16:07:52 +0900] "GET /error/kr/error.jsp HTTP/1.1" 500 3762
223.62.204.49 - - [04/Oct/2019:16:08:21 +0900] "GET /error/kr/error.jsp HTTP/1.1" 500 3762
223.62.204.49 - - [04/Oct/2019:16:08:33 +0900] "GET /home/meetourpartners/all.do HTTP/1.1" 200 105128
61.103.49.10 - - [04/Oct/2019:16:09:09 +0900] "GET /index.jsp HTTP/1.1" 302 -
61.103.49.10 - - [04/Oct/2019:16:09:09 +0900] "GET /home/main/main.do HTTP/1.1" 200 12222
61.103.49.10 - - [04/Oct/2019:16:09:11 +0900] "GET /home/whoweare/korea.do HTTP/1.1" 200 29942
61.103.49.10 - - [04/Oct/2019:16:09:49 +0900] "GET /home/whoweare/korea.do HTTP/1.1" 200 29942
66.249.64.30 - - [04/Oct/2019:16:10:44 +0900] "GET /error/kr/error.jsp HTTP/1.1" 500 3570
40.77.167.48 - - [04/Oct/2019:16:11:17 +0900] "GET /error/kr/error.jsp HTTP/1.1" 500 3570
193.111.62.163 - - [04/Oct/2019:16:15:49 +0900] "GET /home/news/news/list.do HTTP/1.1" 200 7091
154.204.32.141 - - [04/Oct/2019:16:17:19 +0900] "GET /error/kr/error.jsp HTTP/1.1" 500 3570
154.204.32.141 - - [04/Oct/2019:16:17:19 +0900] "GET /error/kr/error.jsp HTTP/1.1" 500 3570
154.204.32.141 - - [04/Oct/2019:16:17:19 +0900] "GET /error/kr/error.jsp HTTP/1.1" 500 3570
154.204.32.141 - - [04/Oct/2019:16:17:19 +0900] "GET /error/kr/error.jsp HTTP/1.1" 500 3570
154.204.32.141 - - [04/Oct/2019:16:17:19 +0900] "GET /error/kr/error.jsp HTTP/1.1" 500 3570
154.204.32.141 - - [04/Oct/2019:16:17:19 +0900] "GET /error/kr/error.jsp HTTP/1.1" 500 3570
165.227.111.185 - - [04/Oct/2019:16:18:01 +0900] "HEAD /index.jsp HTTP/1.1" 302 -
40.77.167.48 - - [04/Oct/2019:16:19:05 +0900] "GET /home/en/meetourpartners/all.do HTTP/1.1" 200 95227
51.83.15.68 - - [04/Oct/2019:16:20:27 +0900] "GET /index.jsp HTTP/1.1" 302 -
51.83.15.68 - - [04/Oct/2019:16:20:28 +0900] "GET /home/main/main.do HTTP/1.1" 200 12222
40.77.167.7 - - [04/Oct/2019:16:21:23 +0900] "GET /error/kr/error.jsp HTTP/1.1" 500 3570
211.249.42.245 - - [04/Oct/2019:16:22:53 +0900] "GET /index.jsp HTTP/1.1" 302 -
211.249.42.245 - - [04/Oct/2019:16:22:53 +0900] "GET /home/en/main/main.do HTTP/1.1" 200 11080
211.32.31.41 - - [04/Oct/2019:16:23:08 +0900] "GET /index.jsp HTTP/1.1" 302 -
211.32.31.41 - - [04/Oct/2019:16:23:08 +0900] "GET /home/main/main.do HTTP/1.1" 200 12222
211.32.31.41 - - [04/Oct/2019:16:23:13 +0900] "GET /home/whoweare/korea.do HTTP/1.1" 200 29942
66.249.64.188 - - [04/Oct/2019:16:23:16 +0900] "GET /error/kr/error.jsp HTTP/1.1" 500 3762
211.32.31.41 - - [04/Oct/2019:16:23:25 +0900] "GET /home/about/about.do HTTP/1.1" 200 14216
66.249.64.186 - - [04/Oct/2019:16:28:01 +0900] "GET /error/kr/error.jsp HTTP/1.1" 500 3762
40.77.167.7 - - [04/Oct/2019:16:29:56 +0900] "GET /error/kr/error.jsp HTTP/1.1" 500 3570
66.249.64.1 - - [04/Oct/2019:16:30:53 +0900] "GET /error/kr/error.jsp HTTP/1.1" 500 3570
17.58.96.118 - - [04/Oct/2019:16:32:51 +0900] "GET /error/kr/error.jsp HTTP/1.1" 500 3570
61.103.49.10 - - [04/Oct/2019:16:35:18 +0900] "GET /index.jsp HTTP/1.1" 302 -
61.103.49.10 - - [04/Oct/2019:16:35:18 +0900] "GET /home/main/main.do HTTP/1.1" 200 12222
61.103.49.10 - - [04/Oct/2019:16:35:21 +0900] "GET /home/whoweare/korea.do HTTP/1.1" 200 29942
66.249.64.30 - - [04/Oct/2019:16:40:33 +0900] "GET /error/kr/error.jsp HTTP/1.1" 500 3570
66.249.64.186 - - [04/Oct/2019:16:40:33 +0900] "GET /error/kr/error.jsp HTTP/1.1" 500 3762
203.133.180.84 - - [04/Oct/2019:16:40:46 +0900] "GET /error/kr/error.jsp HTTP/1.1" 500 3570
66.249.64.186 - - [04/Oct/2019:16:48:43 +0900] "GET /error/kr/error.jsp HTTP/1.1" 500 3762
66.249.64.30 - - [04/Oct/2019:16:50:26 +0900] "GET /error/kr/error.jsp HTTP/1.1" 500 3570
66.249.64.220 - - [04/Oct/2019:16:50:29 +0900] "GET /error/kr/error.jsp HTTP/1.1" 500 3570
119.65.82.20 - - [04/Oct/2019:16:50:51 +0900] "GET /index.jsp HTTP/1.1" 302 -
119.65.82.20 - - [04/Oct/2019:16:50:51 +0900] "GET /home/main/main.do HTTP/1.1" 200 12222
54.145.79.13 - - [04/Oct/2019:16:52:25 +0900] "GET /error/kr/error.jsp HTTP/1.1" 500 3570
54.145.79.13 - - [04/Oct/2019:16:52:27 +0900] "GET /error/kr/error.jsp HTTP/1.1" 500 3570
103.252.245.21 - - [04/Oct/2019:16:53:32 +0900] "GET /error/kr/error.jsp HTTP/1.1" 500 3570
125.227.205.229 - - [04/Oct/2019:16:54:52 +0900] "GET /home/en/main/main.do HTTP/1.1" 200 11080
66.249.64.188 - - [04/Oct/2019:17:10:03 +0900] "GET /error/kr/error.jsp HTTP/1.1" 500 3762
66.249.64.218 - - [04/Oct/2019:17:10:41 +0900] "GET /error/kr/error.jsp HTTP/1.1" 500 3570
86.158.171.238 - - [04/Oct/2019:17:17:28 +0900] "GET /index.jsp HTTP/1.0" 302 -
193.111.62.163 - - [04/Oct/2019:17:18:51 +0900] "GET /home/news/news/list.do HTTP/1.1" 200 7091
66.249.64.30 - - [04/Oct/2019:17:20:42 +0900] "GET /error/kr/error.jsp HTTP/1.1" 500 3570
66.249.64.216 - - [04/Oct/2019:17:20:42 +0900] "GET /error/kr/error.jsp HTTP/1.1" 500 3570
40.77.167.7 - - [04/Oct/2019:17:21:45 +0900] "GET /error/kr/error.jsp HTTP/1.1" 500 3570
61.103.49.10 - - [04/Oct/2019:17:22:15 +0900] "GET /home/whoweare/korea.do HTTP/1.1" 200 29942
207.46.13.43 - - [04/Oct/2019:17:23:15 +0900] "GET /error/kr/error.jsp HTTP/1.1" 500 3570
207.46.13.43 - - [04/Oct/2019:17:23:31 +0900] "GET /error/kr/error.jsp HTTP/1.1" 500 3570
66.249.64.30 - - [04/Oct/2019:17:30:57 +0900] "GET /error/kr/error.jsp HTTP/1.1" 500 3570
66.249.64.186 - - [04/Oct/2019:17:30:59 +0900] "GET /error/kr/error.jsp HTTP/1.1" 500 3762
66.249.64.30 - - [04/Oct/2019:17:41:02 +0900] "GET /error/kr/error.jsp HTTP/1.1" 500 3570
66.249.64.186 - - [04/Oct/2019:17:41:02 +0900] "GET /error/kr/error.jsp HTTP/1.1" 500 3762
101.227.139.172 - - [04/Oct/2019:17:49:39 +0900] "GET /index.jsp HTTP/1.1" 302 -
157.245.14.60 - - [04/Oct/2019:17:50:01 +0900] "HEAD /index.jsp HTTP/1.1" 302 -
121.134.158.33 - - [04/Oct/2019:17:50:02 +0900] "GET /index.jsp HTTP/1.1" 302 -
121.134.158.33 - - [04/Oct/2019:17:50:02 +0900] "GET /home/main/main.do HTTP/1.1" 200 12222
121.134.158.33 - - [04/Oct/2019:17:50:04 +0900] "GET /home/contact/contact.do HTTP/1.1" 200 5224
121.134.158.33 - - [04/Oct/2019:17:50:05 +0900] "GET /home/news/news/list.do HTTP/1.1" 200 7091
121.134.158.33 - - [04/Oct/2019:17:50:07 +0900] "GET /home/about/about.do HTTP/1.1" 200 14216
121.134.158.33 - - [04/Oct/2019:17:50:08 +0900] "GET /home/meetourpartners/all.do HTTP/1.1" 200 101569
121.134.158.33 - - [04/Oct/2019:17:50:09 +0900] "GET /home/meetourpartners/domestic.do HTTP/1.1" 200 73451
121.134.158.33 - - [04/Oct/2019:17:50:10 +0900] "GET /home/meetourpartners/overseas.do HTTP/1.1" 200 32620
121.134.158.33 - - [04/Oct/2019:17:50:11 +0900] "GET /home/whoweare/korea.do HTTP/1.1" 200 29942
121.134.158.33 - - [04/Oct/2019:17:50:12 +0900] "GET /home/whoweare/china.do HTTP/1.1" 200 10340
121.134.158.33 - - [04/Oct/2019:17:50:20 +0900] "GET /home/whoweare/korea.do HTTP/1.1" 200 29942
121.134.158.33 - - [04/Oct/2019:17:50:21 +0900] "GET /home/watwedo/overview.do HTTP/1.1" 200 6147
121.134.158.33 - - [04/Oct/2019:17:50:22 +0900] "GET /home/watwedo/history.do HTTP/1.1" 200 10614
121.134.158.33 - - [04/Oct/2019:17:50:23 +0900] "GET /home/watwedo/philosophy.do HTTP/1.1" 200 7162
121.134.158.33 - - [04/Oct/2019:17:50:24 +0900] "GET /home/watwedo/history.do HTTP/1.1" 200 10614
121.134.158.33 - - [04/Oct/2019:17:50:26 +0900] "GET /home/watwedo/philosophy.do HTTP/1.1" 200 7162
66.249.64.186 - - [04/Oct/2019:17:50:58 +0900] "GET /error/kr/error.jsp HTTP/1.1" 500 3762
80.82.70.187 - - [04/Oct/2019:17:51:43 +0900] "GET /error/kr/error.jsp HTTP/1.1" 500 3570
66.249.64.186 - - [04/Oct/2019:17:54:32 +0900] "GET /error/kr/error.jsp HTTP/1.1" 500 3762
207.46.13.43 - - [04/Oct/2019:17:54:40 +0900] "GET /error/kr/error.jsp HTTP/1.1" 500 3570
66.249.64.30 - - [04/Oct/2019:17:54:45 +0900] "GET /error/kr/error.jsp HTTP/1.1" 500 3570
66.249.64.30 - - [04/Oct/2019:18:01:00 +0900] "GET /error/kr/error.jsp HTTP/1.1" 500 3570
115.204.29.154 - - [04/Oct/2019:18:02:04 +0900] "GET /error/kr/error.jsp HTTP/1.1" 500 3570
125.209.235.172 - - [04/Oct/2019:18:05:53 +0900] "GET /error/kr/error.jsp HTTP/1.1" 500 3570
88.119.55.78 - - [04/Oct/2019:18:11:00 +0900] "GET /index.jsp HTTP/1.1" 302 -
66.249.64.30 - - [04/Oct/2019:18:11:02 +0900] "GET /error/kr/error.jsp HTTP/1.1" 500 3570
49.247.197.138 - - [04/Oct/2019:18:13:04 +0900] "GET /index.jsp HTTP/1.1" 302 -
49.247.197.138 - - [04/Oct/2019:18:13:04 +0900] "GET /home/main/main.do HTTP/1.1" 200 12222
3.231.165.198 - - [04/Oct/2019:18:13:16 +0900] "GET /index.jsp HTTP/1.1" 302 -
3.231.165.198 - - [04/Oct/2019:18:13:16 +0900] "GET /home/main/main.do HTTP/1.1" 200 12222
193.111.62.163 - - [04/Oct/2019:18:16:20 +0900] "GET /home/news/news/list.do HTTP/1.1" 200 7091
66.249.64.186 - - [04/Oct/2019:18:17:57 +0900] "GET /error/kr/error.jsp HTTP/1.1" 500 3762
63.78.214.55 - - [04/Oct/2019:18:18:20 +0900] "GET /index.jsp HTTP/1.1" 302 -
66.249.64.30 - - [04/Oct/2019:18:21:07 +0900] "GET /error/kr/error.jsp HTTP/1.1" 500 3570
207.46.13.43 - - [04/Oct/2019:18:21:46 +0900] "GET /home/main/main.do HTTP/1.1" 200 12222
45.137.17.167 - - [04/Oct/2019:18:22:54 +0900] "GET /error/kr/error.jsp HTTP/1.1" 500 3570
45.137.17.167 - - [04/Oct/2019:18:22:54 +0900] "GET /error/kr/error.jsp HTTP/1.1" 500 3570
45.137.17.167 - - [04/Oct/2019:18:22:54 +0900] "GET /error/kr/error.jsp HTTP/1.1" 500 3570
45.137.17.167 - - [04/Oct/2019:18:22:55 +0900] "GET /error/kr/error.jsp HTTP/1.1" 500 3570
45.137.17.167 - - [04/Oct/2019:18:22:55 +0900] "GET /error/kr/error.jsp HTTP/1.1" 500 3570
45.137.17.167 - - [04/Oct/2019:18:22:55 +0900] "GET /error/kr/error.jsp HTTP/1.1" 500 3570
45.137.17.167 - - [04/Oct/2019:18:22:55 +0900] "GET /error/kr/error.jsp HTTP/1.1" 500 3570
45.137.17.167 - - [04/Oct/2019:18:22:55 +0900] "GET /error/kr/error.jsp HTTP/1.1" 500 3570
45.137.17.167 - - [04/Oct/2019:18:22:55 +0900] "GET /error/kr/error.jsp HTTP/1.1" 500 3570
45.137.17.167 - - [04/Oct/2019:18:22:55 +0900] "GET /error/kr/error.jsp HTTP/1.1" 500 3570
45.137.17.167 - - [04/Oct/2019:18:22:55 +0900] "GET /error/kr/error.jsp HTTP/1.1" 500 3570
45.137.17.167 - - [04/Oct/2019:18:22:55 +0900] "GET /error/kr/error.jsp HTTP/1.1" 500 3570
45.137.17.167 - - [04/Oct/2019:18:22:55 +0900] "GET /error/kr/error.jsp HTTP/1.1" 500 3570
45.137.17.167 - - [04/Oct/2019:18:22:55 +0900] "GET /error/kr/error.jsp HTTP/1.1" 500 3570
45.137.17.167 - - [04/Oct/2019:18:22:56 +0900] "GET /error/kr/error.jsp HTTP/1.1" 500 3570
45.137.17.167 - - [04/Oct/2019:18:22:56 +0900] "GET /error/kr/error.jsp HTTP/1.1" 500 3570
45.137.17.167 - - [04/Oct/2019:18:22:56 +0900] "GET /error/kr/error.jsp HTTP/1.1" 500 3570
45.137.17.167 - - [04/Oct/2019:18:22:56 +0900] "GET /error/kr/error.jsp HTTP/1.1" 500 3570
45.137.17.167 - - [04/Oct/2019:18:22:56 +0900] "GET /error/kr/error.jsp HTTP/1.1" 500 3570
45.137.17.167 - - [04/Oct/2019:18:22:56 +0900] "GET /error/kr/error.jsp HTTP/1.1" 500 3570
45.137.17.167 - - [04/Oct/2019:18:22:56 +0900] "GET /error/kr/error.jsp HTTP/1.1" 500 3570
45.137.17.167 - - [04/Oct/2019:18:22:57 +0900] "GET /error/kr/error.jsp HTTP/1.1" 500 3570
66.249.64.30 - - [04/Oct/2019:18:31:07 +0900] "GET /error/kr/error.jsp HTTP/1.1" 500 3570
118.201.183.254 - - [04/Oct/2019:18:33:37 +0900] "GET /index.jsp HTTP/1.1" 302 -
118.201.183.254 - - [04/Oct/2019:18:33:37 +0900] "GET /home/en/main/main.do HTTP/1.1" 200 11080
118.201.183.254 - - [04/Oct/2019:18:33:55 +0900] "GET /home/en/whoweare/korea.do HTTP/1.1" 200 29841
118.201.183.254 - - [04/Oct/2019:18:34:17 +0900] "GET /home/en/whoweare/china.do HTTP/1.1" 200 10353
192.42.116.17 - - [04/Oct/2019:18:34:18 +0900] "HEAD /index.jsp HTTP/1.1" 302 -
171.25.193.25 - - [04/Oct/2019:18:34:23 +0900] "GET /index.jsp HTTP/1.1" 302 -
171.25.193.25 - - [04/Oct/2019:18:34:24 +0900] "GET /home/main/main.do HTTP/1.1" 200 12222
118.201.183.254 - - [04/Oct/2019:18:34:25 +0900] "GET /home/en/meetourpartners/all.do HTTP/1.1" 200 95227
118.201.183.254 - - [04/Oct/2019:18:34:41 +0900] "GET /home/en/whoweare/korea.do HTTP/1.1" 200 29841
118.201.183.254 - - [04/Oct/2019:18:34:43 +0900] "GET /home/en/watwedo/overview.do HTTP/1.1" 200 6156
118.201.183.254 - - [04/Oct/2019:18:34:56 +0900] "GET /home/en/contact/contact.do HTTP/1.1" 200 5187
118.201.183.254 - - [04/Oct/2019:18:34:58 +0900] "GET /home/en/about/about.do HTTP/1.1" 200 14811
118.201.183.254 - - [04/Oct/2019:18:35:18 +0900] "GET /home/en/watwedo/overview.do HTTP/1.1" 200 6156
159.224.22.227 - - [04/Oct/2019:18:40:35 +0900] "GET /index.jsp HTTP/1.1" 302 -
66.249.64.218 - - [04/Oct/2019:18:41:18 +0900] "GET /error/kr/error.jsp HTTP/1.1" 500 3570
66.249.64.186 - - [04/Oct/2019:18:41:37 +0900] "GET /error/kr/error.jsp HTTP/1.1" 500 3762
118.189.22.41 - - [04/Oct/2019:18:44:39 +0900] "GET /index.jsp HTTP/1.1" 302 -
118.189.22.41 - - [04/Oct/2019:18:44:39 +0900] "GET /home/en/main/main.do HTTP/1.1" 200 11080
118.189.22.41 - - [04/Oct/2019:18:44:51 +0900] "GET /home/en/whoweare/korea.do HTTP/1.1" 200 29841
121.147.42.17 - - [04/Oct/2019:18:46:03 +0900] "GET /index.jsp HTTP/1.1" 302 -
121.147.42.17 - - [04/Oct/2019:18:46:03 +0900] "GET /home/main/main.do HTTP/1.1" 200 12222
41.60.234.157 - - [04/Oct/2019:18:46:41 +0900] "GET /index.jsp HTTP/1.1" 302 -
95.163.255.12 - - [04/Oct/2019:18:47:58 +0900] "GET /error/kr/error.jsp HTTP/1.0" 500 3570
95.163.255.18 - - [04/Oct/2019:18:48:03 +0900] "GET /home/en/main/main.do HTTP/1.1" 200 11080
66.249.64.31 - - [04/Oct/2019:18:51:42 +0900] "GET /error/kr/error.jsp HTTP/1.1" 500 3570
66.249.64.30 - - [04/Oct/2019:19:02:00 +0900] "GET /error/kr/error.jsp HTTP/1.1" 500 3570
61.250.23.224 - - [04/Oct/2019:19:05:40 +0900] "GET /index.jsp HTTP/1.1" 302 -
61.250.23.224 - - [04/Oct/2019:19:05:40 +0900] "GET /home/main/main.do HTTP/1.1" 200 8898
66.249.64.186 - - [04/Oct/2019:19:06:38 +0900] "GET /error/kr/error.jsp HTTP/1.1" 500 3762
115.22.23.58 - - [04/Oct/2019:19:08:44 +0900] "GET /filter/checker.jsp?campaignID=290&email=myuhayoo@naver.com&responseEnd=2018-12-04 HTTP/1.1" 404 3570
115.22.23.58 - - [04/Oct/2019:19:08:45 +0900] "GET /error/kr/error.jsp HTTP/1.1" 500 3570
103.252.245.21 - - [04/Oct/2019:19:10:18 +0900] "GET /error/kr/error.jsp HTTP/1.1" 500 3570
77.75.79.72 - - [04/Oct/2019:19:11:15 +0900] "GET /error/kr/error.jsp HTTP/1.1" 500 3570
77.75.79.72 - - [04/Oct/2019:19:11:24 +0900] "GET /home/en/watwedo/philosophy.do HTTP/1.1" 200 7112
141.8.142.12 - - [04/Oct/2019:19:15:33 +0900] "GET /error/kr/error.jsp HTTP/1.1" 500 3570
17.58.96.118 - - [04/Oct/2019:19:16:05 +0900] "GET /error/kr/error.jsp HTTP/1.1" 500 3570
45.33.66.85 - - [04/Oct/2019:19:16:36 +0900] "GET /error/kr/error.jsp HTTP/1.1" 500 3570
14.140.160.35 - - [04/Oct/2019:19:16:42 +0900] "GET /index.jsp HTTP/1.1" 302 -
14.140.160.35 - - [04/Oct/2019:19:16:42 +0900] "GET /home/main/main.do HTTP/1.1" 200 12222
61.250.23.224 - - [04/Oct/2019:19:17:54 +0900] "GET /index.jsp HTTP/1.1" 302 -
61.250.23.224 - - [04/Oct/2019:19:17:54 +0900] "GET /home/main/main.do HTTP/1.1" 200 8898
193.111.62.163 - - [04/Oct/2019:19:20:13 +0900] "GET /home/news/news/list.do HTTP/1.1" 200 7091
157.245.118.146 - - [04/Oct/2019:19:24:57 +0900] "HEAD /index.jsp HTTP/1.1" 302 -
211.249.40.30 - - [04/Oct/2019:19:27:40 +0900] "GET /index.jsp HTTP/1.1" 302 -
211.249.40.30 - - [04/Oct/2019:19:28:00 +0900] "GET /home/main/main.do HTTP/1.1" 200 12222
66.249.64.186 - - [04/Oct/2019:19:34:07 +0900] "GET /error/kr/error.jsp HTTP/1.1" 500 3762
114.205.123.210 - - [04/Oct/2019:19:34:49 +0900] "GET /home/main/main.do HTTP/1.1" 200 12222
114.205.123.210 - - [04/Oct/2019:19:34:49 +0900] "GET /error/kr/error.jsp HTTP/1.1" 500 3570
114.205.123.210 - - [04/Oct/2019:19:34:49 +0900] "GET /error/kr/error.jsp HTTP/1.1" 500 3570
114.205.123.210 - - [04/Oct/2019:19:34:49 +0900] "GET /home/main/main.do HTTP/1.1" 302 -
114.205.123.210 - - [04/Oct/2019:19:34:49 +0900] "GET /home/main/main.do HTTP/1.1" 200 8898
18.236.41.28 - - [04/Oct/2019:19:35:23 +0900] "GET /index.jsp HTTP/1.1" 302 -
18.236.41.28 - - [04/Oct/2019:19:35:23 +0900] "GET /home/main/main.do HTTP/1.1" 200 12222
154.204.32.141 - - [04/Oct/2019:19:36:08 +0900] "GET /error/kr/error.jsp HTTP/1.1" 500 3570
154.204.32.141 - - [04/Oct/2019:19:36:08 +0900] "GET /error/kr/error.jsp HTTP/1.1" 500 3570
154.204.32.141 - - [04/Oct/2019:19:36:08 +0900] "GET /error/kr/error.jsp HTTP/1.1" 500 3570
100.24.30.148 - - [04/Oct/2019:19:36:09 +0900] "GET /index.jsp HTTP/1.1" 302 -
207.46.13.9 - - [04/Oct/2019:19:37:04 +0900] "GET /home/about/about.do HTTP/1.1" 200 14216
77.75.76.164 - - [04/Oct/2019:19:47:38 +0900] "GET /error/kr/error.jsp HTTP/1.1" 500 3570
207.46.13.136 - - [04/Oct/2019:19:54:51 +0900] "GET /home/news/news/list.do?page=1 HTTP/1.1" 200 7091
81.213.153.201 - - [04/Oct/2019:19:55:59 +0900] "GET /index.jsp HTTP/1.1" 302 -
37.143.15.220 - - [04/Oct/2019:20:00:50 +0900] "GET /index.jsp HTTP/1.1" 302 -
66.249.64.188 - - [04/Oct/2019:20:01:29 +0900] "GET /error/kr/error.jsp HTTP/1.1" 500 3762
119.207.72.170 - - [04/Oct/2019:20:04:18 +0900] "GET /index.jsp HTTP/1.1" 302 -
119.207.72.170 - - [04/Oct/2019:20:04:18 +0900] "GET /home/main/main.do HTTP/1.1" 200 12222
125.209.235.183 - - [04/Oct/2019:20:05:53 +0900] "GET /error/kr/error.jsp HTTP/1.1" 500 3570
211.231.103.91 - - [04/Oct/2019:20:14:21 +0900] "GET /index.jsp HTTP/1.1" 302 -
211.231.103.91 - - [04/Oct/2019:20:14:21 +0900] "GET /home/main/main.do HTTP/1.1" 200 12222
193.111.62.163 - - [04/Oct/2019:20:20:13 +0900] "GET /home/news/news/list.do HTTP/1.1" 200 7091
66.249.64.190 - - [04/Oct/2019:20:29:19 +0900] "GET /error/kr/error.jsp HTTP/1.1" 500 3762
38.99.62.91 - - [04/Oct/2019:20:48:26 +0900] "GET /home/news/news/view.do?page=1&num=16 HTTP/1.1" 200 5666
38.99.62.91 - - [04/Oct/2019:20:49:08 +0900] "GET /home/news/news/view.do?page=1&num=15 HTTP/1.1" 200 9181
38.99.62.91 - - [04/Oct/2019:20:49:48 +0900] "GET /home/news/news/view.do?page=1&num=16 HTTP/1.1" 200 5666
38.99.62.91 - - [04/Oct/2019:20:50:13 +0900] "GET /home/news/news/view.do?page=1&num=17 HTTP/1.1" 200 5761
191.241.233.47 - - [04/Oct/2019:20:50:56 +0900] "GET /index.jsp HTTP/1.1" 302 -
38.99.62.91 - - [04/Oct/2019:20:50:56 +0900] "GET /home/news/news/view.do?page=1&num=16 HTTP/1.1" 200 5666
38.99.62.91 - - [04/Oct/2019:20:51:21 +0900] "GET /home/news/news/view.do?page=1&num=17 HTTP/1.1" 200 5761
38.99.62.91 - - [04/Oct/2019:20:51:46 +0900] "GET /home/news/news/view.do?page=1&num=18 HTTP/1.1" 200 9137
38.99.62.91 - - [04/Oct/2019:20:52:12 +0900] "GET /home/news/news/view.do?page=1&num=17 HTTP/1.1" 200 5761
66.249.64.31 - - [04/Oct/2019:20:52:28 +0900] "GET /error/kr/error.jsp HTTP/1.1" 500 3570
38.99.62.91 - - [04/Oct/2019:20:52:37 +0900] "GET /home/news/news/list.do?page=1 HTTP/1.1" 200 7091
38.99.62.91 - - [04/Oct/2019:20:54:36 +0900] "GET /home/news/news/list.do?page=2 HTTP/1.1" 200 6849
38.99.62.91 - - [04/Oct/2019:20:55:15 +0900] "GET /home/news/news/list.do?page= HTTP/1.1" 200 7091
38.99.62.91 - - [04/Oct/2019:20:55:55 +0900] "GET /home/news/news/view.do?page=&num=3 HTTP/1.1" 200 5573
38.99.62.91 - - [04/Oct/2019:20:56:20 +0900] "GET /home/news/news/view.do?page=&num=4 HTTP/1.1" 200 9120
38.99.62.91 - - [04/Oct/2019:20:57:00 +0900] "GET /home/news/news/view.do?page=&num=3 HTTP/1.1" 200 5573
77.75.79.36 - - [04/Oct/2019:20:57:10 +0900] "GET /error/kr/error.jsp HTTP/1.1" 500 3570
178.32.215.88 - - [04/Oct/2019:20:57:16 +0900] "GET /error/kr/error.jsp HTTP/1.1" 500 3570
178.32.215.88 - - [04/Oct/2019:20:57:18 +0900] "GET /error/kr/error.jsp HTTP/1.1" 500 3570
178.32.215.88 - - [04/Oct/2019:20:57:19 +0900] "GET /error/kr/error.jsp HTTP/1.1" 500 3570
178.32.215.88 - - [04/Oct/2019:20:57:20 +0900] "GET /error/kr/error.jsp HTTP/1.1" 500 3570
178.32.215.88 - - [04/Oct/2019:20:57:21 +0900] "GET /error/kr/error.jsp HTTP/1.1" 500 3570
178.32.215.88 - - [04/Oct/2019:20:57:22 +0900] "GET /error/kr/error.jsp HTTP/1.1" 500 3570
178.32.215.88 - - [04/Oct/2019:20:57:23 +0900] "GET /error/kr/error.jsp HTTP/1.1" 500 3570
178.32.215.88 - - [04/Oct/2019:20:57:24 +0900] "GET /error/kr/error.jsp HTTP/1.1" 500 3570
178.32.215.88 - - [04/Oct/2019:20:57:24 +0900] "GET /index.jsp HTTP/1.1" 302 -
178.32.215.88 - - [04/Oct/2019:20:57:26 +0900] "GET /home/main/main.do HTTP/1.1" 200 12222
38.99.62.91 - - [04/Oct/2019:20:57:40 +0900] "GET /home/news/news/view.do?page=&num=1 HTTP/1.1" 200 8971
38.99.62.91 - - [04/Oct/2019:20:58:45 +0900] "GET /error/kr/error.jsp HTTP/1.1" 500 3570
38.99.62.91 - - [04/Oct/2019:21:00:03 +0900] "GET /home/en/watwedo/history.do HTTP/1.1" 200 10541
38.99.62.91 - - [04/Oct/2019:21:01:08 +0900] "GET /home/en/whoweare/china.do HTTP/1.1" 200 10353
51.15.191.81 - - [04/Oct/2019:21:01:28 +0900] "GET /index.jsp HTTP/1.1" 302 -
38.99.62.91 - - [04/Oct/2019:21:02:27 +0900] "GET /home/en/main/main.do HTTP/1.1" 200 11080
38.99.62.91 - - [04/Oct/2019:21:03:07 +0900] "GET /home/en/watwedo/overview.do HTTP/1.1" 200 6156
38.99.62.91 - - [04/Oct/2019:21:03:46 +0900] "GET /home/en/whoweare/korea.do HTTP/1.1" 200 29841
38.99.62.91 - - [04/Oct/2019:21:04:26 +0900] "GET /home/en/meetourpartners/all.do HTTP/1.1" 200 95227
38.99.62.91 - - [04/Oct/2019:21:05:06 +0900] "GET /home/en/contact/contact.do HTTP/1.1" 200 5187
38.99.62.91 - - [04/Oct/2019:21:05:46 +0900] "GET /home/en/about/about.do HTTP/1.1" 200 14811
38.99.62.91 - - [04/Oct/2019:21:06:12 +0900] "GET /home/en/main/main.do HTTP/1.1" 200 11080
190.94.136.117 - - [04/Oct/2019:21:06:41 +0900] "GET /index.jsp HTTP/1.1" 302 -
38.99.62.91 - - [04/Oct/2019:21:07:31 +0900] "GET /home/en/watwedo/philosophy.do HTTP/1.1" 200 7112
38.99.62.91 - - [04/Oct/2019:21:08:10 +0900] "GET /home/en/main/main.do HTTP/1.1" 200 11080
38.99.62.91 - - [04/Oct/2019:21:08:50 +0900] "GET /home/watwedo/overview.do HTTP/1.1" 200 6147
177.9.245.181 - - [04/Oct/2019:21:09:23 +0900] "GET /index.jsp HTTP/1.1" 302 -
177.9.245.181 - - [04/Oct/2019:21:09:26 +0900] "GET /index.jsp HTTP/1.1" 302 -
38.99.62.91 - - [04/Oct/2019:21:09:31 +0900] "GET /home/watwedo/history.do HTTP/1.1" 200 10614
38.99.62.91 - - [04/Oct/2019:21:10:10 +0900] "GET /home/watwedo/overview.do HTTP/1.1" 200 6147
38.99.62.91 - - [04/Oct/2019:21:10:50 +0900] "GET /home/whoweare/korea.do HTTP/1.1" 200 29942
38.99.62.91 - - [04/Oct/2019:21:11:30 +0900] "GET /home/whoweare/china.do HTTP/1.1" 200 10340
38.99.62.91 - - [04/Oct/2019:21:12:10 +0900] "GET /home/whoweare/korea.do HTTP/1.1" 200 29942
38.99.62.91 - - [04/Oct/2019:21:12:50 +0900] "GET /home/news/news/list.do HTTP/1.1" 200 7091
38.99.62.91 - - [04/Oct/2019:21:13:30 +0900] "GET /home/news/news/view.do?page=1&num=1 HTTP/1.1" 200 8973
38.99.62.91 - - [04/Oct/2019:21:14:10 +0900] "GET /home/news/news/view.do?page=1&num=2 HTTP/1.1" 200 6977
38.99.62.91 - - [04/Oct/2019:21:14:50 +0900] "GET /home/news/news/view.do?page=1&num=3 HTTP/1.1" 200 5576
38.99.62.91 - - [04/Oct/2019:21:15:30 +0900] "GET /home/news/news/view.do?page=1&num=4 HTTP/1.1" 200 9123
38.99.62.91 - - [04/Oct/2019:21:16:10 +0900] "GET /home/news/news/view.do?page=1&num=5 HTTP/1.1" 200 9112
182.254.243.249 - - [04/Oct/2019:21:16:13 +0900] "PROPFIND /index.jsp HTTP/1.1" 405 1105
38.99.62.91 - - [04/Oct/2019:21:16:50 +0900] "GET /home/news/news/view.do?page=1&num=6 HTTP/1.1" 200 9121
38.99.62.91 - - [04/Oct/2019:21:17:30 +0900] "GET /home/news/news/view.do?page=1&num=7 HTTP/1.1" 200 5548
38.99.62.91 - - [04/Oct/2019:21:18:10 +0900] "GET /home/news/news/view.do?page=1&num=8 HTTP/1.1" 200 9169
38.99.62.91 - - [04/Oct/2019:21:18:50 +0900] "GET /home/news/news/view.do?page=1&num=9 HTTP/1.1" 200 9135
193.111.62.163 - - [04/Oct/2019:21:18:53 +0900] "GET /home/news/news/list.do HTTP/1.1" 200 7091
38.99.62.91 - - [04/Oct/2019:21:19:29 +0900] "GET /home/news/news/view.do?page=1&num=10 HTTP/1.1" 200 6756
52.64.20.252 - - [04/Oct/2019:21:19:48 +0900] "GET /error/kr/error.jsp HTTP/1.1" 500 3570
52.64.20.252 - - [04/Oct/2019:21:19:48 +0900] "GET /error/kr/error.jsp HTTP/1.1" 500 3570
52.64.20.252 - - [04/Oct/2019:21:19:48 +0900] "GET /error/kr/error.jsp HTTP/1.1" 500 3570
38.99.62.91 - - [04/Oct/2019:21:19:56 +0900] "GET /home/news/news/list.do?page=1 HTTP/1.1" 200 7091
203.230.105.164 - - [04/Oct/2019:21:20:21 +0900] "GET /index.jsp HTTP/1.1" 302 -
203.230.105.164 - - [04/Oct/2019:21:20:21 +0900] "GET /home/main/main.do HTTP/1.1" 200 12222
38.99.62.91 - - [04/Oct/2019:21:20:35 +0900] "GET /home/news/news/list.do?page=2 HTTP/1.1" 200 6849
38.99.62.91 - - [04/Oct/2019:21:21:16 +0900] "GET /home/news/news/list.do HTTP/1.1" 200 7091
207.46.13.75 - - [04/Oct/2019:21:21:35 +0900] "GET /error/kr/error.jsp HTTP/1.1" 500 3570
38.99.62.91 - - [04/Oct/2019:21:22:06 +0900] "GET /home/contact/contact.do HTTP/1.1" 200 5224
38.99.62.91 - - [04/Oct/2019:21:23:28 +0900] "GET /home/about/about.do HTTP/1.1" 200 14216
207.46.13.9 - - [04/Oct/2019:21:23:55 +0900] "GET /error/kr/error.jsp HTTP/1.1" 500 3570
207.46.13.75 - - [04/Oct/2019:21:24:10 +0900] "GET /error/kr/error.jsp HTTP/1.1" 500 3570
23.228.90.14 - - [04/Oct/2019:21:24:13 +0900] "GET /error/kr/error.jsp HTTP/1.1" 500 3570
23.228.90.14 - - [04/Oct/2019:21:24:14 +0900] "GET /error/kr/error.jsp HTTP/1.1" 500 3570
23.228.90.14 - - [04/Oct/2019:21:24:14 +0900] "GET /error/kr/error.jsp HTTP/1.1" 500 3570
23.228.90.14 - - [04/Oct/2019:21:24:15 +0900] "GET /error/kr/error.jsp HTTP/1.1" 500 3570
23.228.90.14 - - [04/Oct/2019:21:24:15 +0900] "GET /error/kr/error.jsp HTTP/1.1" 500 3570
23.228.90.14 - - [04/Oct/2019:21:24:16 +0900] "GET /error/kr/error.jsp HTTP/1.1" 500 3570
23.228.90.14 - - [04/Oct/2019:21:24:16 +0900] "GET /error/kr/error.jsp HTTP/1.1" 500 3570
23.228.90.14 - - [04/Oct/2019:21:24:17 +0900] "GET /error/kr/error.jsp HTTP/1.1" 500 3570
23.228.90.14 - - [04/Oct/2019:21:24:18 +0900] "GET /error/kr/error.jsp HTTP/1.1" 500 3570
23.228.90.14 - - [04/Oct/2019:21:24:19 +0900] "GET /error/kr/error.jsp HTTP/1.1" 500 3570
23.228.90.14 - - [04/Oct/2019:21:24:20 +0900] "GET /error/kr/error.jsp HTTP/1.1" 500 3570
23.228.90.14 - - [04/Oct/2019:21:24:21 +0900] "GET /error/kr/error.jsp HTTP/1.1" 500 3570
23.228.90.14 - - [04/Oct/2019:21:24:22 +0900] "GET /error/kr/error.jsp HTTP/1.1" 500 3570
23.228.90.14 - - [04/Oct/2019:21:24:22 +0900] "GET /error/kr/error.jsp HTTP/1.1" 500 3570
23.228.90.14 - - [04/Oct/2019:21:24:23 +0900] "GET /error/kr/error.jsp HTTP/1.1" 500 3570
23.228.90.14 - - [04/Oct/2019:21:24:26 +0900] "GET /error/kr/error.jsp HTTP/1.1" 500 3570
23.228.90.14 - - [04/Oct/2019:21:24:27 +0900] "GET /error/kr/error.jsp HTTP/1.1" 500 3570
23.228.90.14 - - [04/Oct/2019:21:24:28 +0900] "GET /error/kr/error.jsp HTTP/1.1" 500 3570
23.228.90.14 - - [04/Oct/2019:21:24:28 +0900] "GET /error/kr/error.jsp HTTP/1.1" 500 3570
23.228.90.14 - - [04/Oct/2019:21:24:37 +0900] "GET /index.jsp?s=index/%5Cthink%5Ctemplate%5Cdriver%5Cfile/write&cacheFile=sicrz.php&content=%3C?php%20mb_ereg_replace('.*',@$_REQUEST%5B_%5D,%20'',%20'e');?%3E HTTP/1.1" 302 -
23.228.90.14 - - [04/Oct/2019:21:24:37 +0900] "GET /error/kr/error.jsp HTTP/1.1" 500 3570
23.228.90.14 - - [04/Oct/2019:21:24:38 +0900] "GET /error/kr/error.jsp HTTP/1.1" 500 3570
23.228.90.14 - - [04/Oct/2019:21:24:38 +0900] "GET /error/kr/error.jsp HTTP/1.1" 500 3570
23.228.90.14 - - [04/Oct/2019:21:24:39 +0900] "GET /error/kr/error.jsp HTTP/1.1" 500 3570
23.228.90.14 - - [04/Oct/2019:21:24:42 +0900] "GET /error/kr/error.jsp HTTP/1.1" 500 3570
23.228.90.14 - - [04/Oct/2019:21:24:42 +0900] "GET /index.jsp?s=/index/%5Cthink%5Capp/invokefunction&function=call_user_func_array&vars%5B0%5D=file_put_contents&vars%5B1%5D%5B%5D=anagv.php&vars%5B1%5D%5B%5D=%3C?php%20mb_ereg_replace('.*',@$_REQUEST%5B_%5D,%20'',%20'e');?%3E$ HTTP/1.1" 302 -
23.228.90.14 - - [04/Oct/2019:21:24:42 +0900] "GET /error/kr/error.jsp HTTP/1.1" 500 3570
23.228.90.14 - - [04/Oct/2019:21:24:43 +0900] "GET /error/kr/error.jsp HTTP/1.1" 500 3570
23.228.90.14 - - [04/Oct/2019:21:24:43 +0900] "GET /error/kr/error.jsp HTTP/1.1" 500 3570
23.228.90.14 - - [04/Oct/2019:21:24:44 +0900] "GET /error/kr/error.jsp HTTP/1.1" 500 3570
38.99.62.91 - - [04/Oct/2019:21:24:47 +0900] "GET /home/news/news/view.do?num=1 HTTP/1.1" 200 8971
23.228.90.14 - - [04/Oct/2019:21:24:47 +0900] "GET /error/kr/error.jsp HTTP/1.1" 500 3570
23.228.90.14 - - [04/Oct/2019:21:24:51 +0900] "GET /error/kr/error.jsp HTTP/1.1" 500 3570
38.99.62.91 - - [04/Oct/2019:21:25:27 +0900] "GET /home/news/news/view.do?page=&num=2 HTTP/1.1" 200 6974
38.99.62.91 - - [04/Oct/2019:21:26:07 +0900] "GET /home/news/news/list.do?page= HTTP/1.1" 200 7091
38.99.62.91 - - [04/Oct/2019:21:26:47 +0900] "GET /home/news/news/view.do?num=1 HTTP/1.1" 200 8971
38.99.62.91 - - [04/Oct/2019:21:27:27 +0900] "GET /home/news/news/view.do?num=3 HTTP/1.1" 200 5573
38.99.62.91 - - [04/Oct/2019:21:28:08 +0900] "GET /home/news/news/view.do?page=&num=4 HTTP/1.1" 200 9120
38.99.62.91 - - [04/Oct/2019:21:28:47 +0900] "GET /home/news/news/view.do?num=3 HTTP/1.1" 200 5573
