211.178.8.28 - - [14/Feb/2020:13:08:56 +0900] "GET /index.jsp HTTP/1.1" 302 -
211.178.8.28 - - [14/Feb/2020:13:08:56 +0900] "GET /home/main/main.do HTTP/1.1" 200 12222
211.178.8.28 - - [14/Feb/2020:13:08:59 +0900] "GET /home/meetourpartners/all.do HTTP/1.1" 200 101569
211.178.8.28 - - [14/Feb/2020:13:09:01 +0900] "GET /home/whoweare/korea.do HTTP/1.1" 200 29677
211.178.8.28 - - [14/Feb/2020:13:09:12 +0900] "GET /home/whoweare/korea.do HTTP/1.1" 200 29677
211.178.8.28 - - [14/Feb/2020:13:09:34 +0900] "GET /home/whoweare/korea.do HTTP/1.1" 200 29677
66.249.75.120 - - [14/Feb/2020:13:13:31 +0900] "GET /error/kr/error.jsp HTTP/1.1" 500 3570
66.249.72.18 - - [14/Feb/2020:13:15:23 +0900] "GET /error/kr/error.jsp HTTP/1.1" 500 3570
193.111.62.163 - - [14/Feb/2020:13:16:28 +0900] "GET /home/news/news/list.do HTTP/1.1" 200 7091
35.175.228.34 - - [14/Feb/2020:13:17:26 +0900] "GET /error/kr/error.jsp HTTP/1.1" 500 3570
35.175.228.34 - - [14/Feb/2020:13:17:26 +0900] "GET /error/kr/error.jsp HTTP/1.1" 500 3570
113.77.195.76 - - [14/Feb/2020:13:21:04 +0900] "GET /error/kr/error.jsp HTTP/1.1" 500 3570
66.249.69.249 - - [14/Feb/2020:13:23:33 +0900] "GET /error/kr/error.jsp HTTP/1.1" 500 3762
210.182.168.10 - - [14/Feb/2020:13:31:38 +0900] "GET /index.jsp HTTP/1.1" 302 -
210.182.168.10 - - [14/Feb/2020:13:31:38 +0900] "GET /home/main/main.do HTTP/1.1" 200 12222
210.182.168.10 - - [14/Feb/2020:13:31:40 +0900] "GET /home/whoweare/korea.do HTTP/1.1" 200 29677
94.158.36.183 - - [14/Feb/2020:13:32:13 +0900] "GET /error/kr/error.jsp HTTP/1.1" 500 3570
66.249.69.249 - - [14/Feb/2020:13:33:30 +0900] "GET /error/kr/error.jsp HTTP/1.1" 500 3762
66.249.75.124 - - [14/Feb/2020:13:35:25 +0900] "GET /error/kr/error.jsp HTTP/1.1" 500 3570
66.249.72.18 - - [14/Feb/2020:13:36:22 +0900] "GET /error/kr/error.jsp HTTP/1.1" 500 3570
202.96.99.82 - - [14/Feb/2020:13:39:42 +0900] "GET /index.jsp HTTP/1.0" 302 -
175.223.22.192 - - [14/Feb/2020:13:39:46 +0900] "GET /filter/checker.jsp?campaignID=738&email=byeongholee@naver.com&responseEnd=2019-01-01 HTTP/1.1" 404 3570
60.191.20.213 - - [14/Feb/2020:13:40:24 +0900] "GET /index.jsp HTTP/1.0" 302 -
220.83.255.200 - - [14/Feb/2020:13:41:05 +0900] "GET /index.jsp HTTP/1.1" 302 -
220.83.255.200 - - [14/Feb/2020:13:41:05 +0900] "GET /home/main/main.do HTTP/1.1" 200 12222
220.83.255.200 - - [14/Feb/2020:13:41:11 +0900] "GET /error/kr/error.jsp HTTP/1.1" 500 3570
220.83.255.200 - - [14/Feb/2020:13:42:20 +0900] "GET /home/meetourpartners/all.do HTTP/1.1" 200 101569
220.83.255.200 - - [14/Feb/2020:13:42:21 +0900] "GET /error/kr/error.jsp HTTP/1.1" 500 3570
220.83.255.200 - - [14/Feb/2020:13:42:25 +0900] "GET /home/about/about.do HTTP/1.1" 200 14216
220.83.255.200 - - [14/Feb/2020:13:42:26 +0900] "GET /error/kr/error.jsp HTTP/1.1" 500 3570
119.207.72.77 - - [14/Feb/2020:13:45:26 +0900] "GET /home/whoweare/korea.do HTTP/1.1" 200 29677
119.207.72.115 - - [14/Feb/2020:13:45:27 +0900] "GET /home/whoweare/korea.do HTTP/1.1" 200 29677
66.249.72.18 - - [14/Feb/2020:13:45:28 +0900] "GET /error/kr/error.jsp HTTP/1.1" 500 3570
220.83.255.200 - - [14/Feb/2020:13:46:08 +0900] "GET /home/meetourpartners/all.do HTTP/1.1" 200 101569
220.83.255.200 - - [14/Feb/2020:13:46:08 +0900] "GET /error/kr/error.jsp HTTP/1.1" 500 3570
218.50.189.69 - - [14/Feb/2020:13:46:27 +0900] "GET /index.jsp HTTP/1.1" 302 -
218.50.189.69 - - [14/Feb/2020:13:46:27 +0900] "GET /home/main/main.do HTTP/1.1" 200 12222
218.50.189.69 - - [14/Feb/2020:13:46:37 +0900] "GET /home/meetourpartners/all.do HTTP/1.1" 200 101569
220.83.255.200 - - [14/Feb/2020:13:46:40 +0900] "GET /error/kr/error.jsp HTTP/1.1" 500 3570
218.50.189.69 - - [14/Feb/2020:13:48:21 +0900] "GET /home/watwedo/overview.do HTTP/1.1" 200 6147
218.50.189.69 - - [14/Feb/2020:13:48:21 +0900] "GET /home/watwedo/overview.do HTTP/1.1" 200 6147
218.50.189.69 - - [14/Feb/2020:13:49:17 +0900] "GET /home/whoweare/korea.do HTTP/1.1" 200 29677
218.50.189.69 - - [14/Feb/2020:13:49:18 +0900] "GET /home/whoweare/korea.do HTTP/1.1" 200 29677
66.249.75.122 - - [14/Feb/2020:13:53:45 +0900] "GET /error/kr/error.jsp HTTP/1.1" 500 3570
66.249.69.249 - - [14/Feb/2020:13:55:37 +0900] "GET /error/kr/error.jsp HTTP/1.1" 500 3762
182.74.211.194 - - [14/Feb/2020:13:57:25 +0900] "GET /index.jsp HTTP/1.1" 302 -
182.74.211.194 - - [14/Feb/2020:13:57:25 +0900] "GET /home/en/main/main.do HTTP/1.1" 200 11080
121.254.147.237 - - [14/Feb/2020:14:02:32 +0900] "GET /index.jsp HTTP/1.1" 302 -
121.254.147.237 - - [14/Feb/2020:14:02:32 +0900] "GET /home/en/main/main.do HTTP/1.1" 200 11080
158.69.158.101 - - [14/Feb/2020:14:02:44 +0900] "GET /index.jsp HTTP/1.1" 302 -
158.69.158.101 - - [14/Feb/2020:14:02:45 +0900] "GET /error/kr/error.jsp HTTP/1.1" 500 3570
158.69.158.101 - - [14/Feb/2020:14:02:45 +0900] "GET /error/kr/error.jsp HTTP/1.1" 500 3570
158.69.158.101 - - [14/Feb/2020:14:02:45 +0900] "GET /index.jsp HTTP/1.1" 302 -
158.69.158.101 - - [14/Feb/2020:14:02:46 +0900] "GET /error/kr/error.jsp HTTP/1.1" 500 3570
158.69.158.101 - - [14/Feb/2020:14:02:49 +0900] "GET /error/kr/error.jsp HTTP/1.1" 500 3570
158.69.158.101 - - [14/Feb/2020:14:02:49 +0900] "GET /error/kr/error.jsp HTTP/1.1" 500 3570
158.69.158.101 - - [14/Feb/2020:14:02:50 +0900] "GET /error/kr/error.jsp HTTP/1.1" 500 3570
158.69.158.101 - - [14/Feb/2020:14:02:50 +0900] "GET /error/kr/error.jsp HTTP/1.1" 500 3570
158.69.158.101 - - [14/Feb/2020:14:02:51 +0900] "GET /error/kr/error.jsp HTTP/1.1" 500 3570
158.69.158.101 - - [14/Feb/2020:14:02:51 +0900] "GET /error/kr/error.jsp HTTP/1.1" 500 3570
158.69.158.101 - - [14/Feb/2020:14:02:51 +0900] "GET /error/kr/error.jsp HTTP/1.1" 500 3570
158.69.158.101 - - [14/Feb/2020:14:02:52 +0900] "GET /error/kr/error.jsp HTTP/1.1" 500 3570
158.69.158.101 - - [14/Feb/2020:14:02:52 +0900] "GET /error/kr/error.jsp HTTP/1.1" 500 3570
158.69.158.101 - - [14/Feb/2020:14:02:52 +0900] "GET /error/kr/error.jsp HTTP/1.1" 500 3570
158.69.158.101 - - [14/Feb/2020:14:02:53 +0900] "GET /error/kr/error.jsp HTTP/1.1" 500 3570
158.69.158.101 - - [14/Feb/2020:14:02:53 +0900] "GET /error/kr/error.jsp HTTP/1.1" 500 3570
158.69.158.101 - - [14/Feb/2020:14:02:54 +0900] "GET /error/kr/error.jsp HTTP/1.1" 500 3570
158.69.158.101 - - [14/Feb/2020:14:02:54 +0900] "GET /error/kr/error.jsp HTTP/1.1" 500 3570
158.69.158.101 - - [14/Feb/2020:14:02:54 +0900] "GET /error/kr/error.jsp HTTP/1.1" 500 3570
66.249.75.120 - - [14/Feb/2020:14:05:44 +0900] "GET /error/kr/error.jsp HTTP/1.1" 500 3570
17.58.96.118 - - [14/Feb/2020:14:09:47 +0900] "GET /error/kr/error.jsp HTTP/1.1" 500 3570
40.77.167.151 - - [14/Feb/2020:14:10:23 +0900] "GET /error/kr/error.jsp HTTP/1.1" 500 3570
66.249.75.120 - - [14/Feb/2020:14:14:07 +0900] "GET /error/kr/error.jsp HTTP/1.1" 500 3570
66.249.69.249 - - [14/Feb/2020:14:15:44 +0900] "GET /error/kr/error.jsp HTTP/1.1" 500 3762
193.111.62.163 - - [14/Feb/2020:14:16:52 +0900] "GET /home/news/news/list.do HTTP/1.1" 200 7091
121.128.43.248 - - [14/Feb/2020:14:17:55 +0900] "GET /filter/checker.jsp?campaignID=334&email=hon8249@naver.com&responseEnd=2018-12-07 HTTP/1.1" 404 3570
157.55.39.23 - - [14/Feb/2020:14:18:44 +0900] "GET /error/kr/error.jsp HTTP/1.1" 500 3570
207.46.13.67 - - [14/Feb/2020:14:18:50 +0900] "GET /error/kr/error.jsp HTTP/1.1" 500 3570
216.197.69.134 - - [14/Feb/2020:14:19:32 +0900] "GET /home/en/contact/contact.do HTTP/1.1" 200 5187
216.197.69.134 - - [14/Feb/2020:14:19:32 +0900] "GET /home/en/main/main.do HTTP/1.1" 200 11080
216.197.69.134 - - [14/Feb/2020:14:19:35 +0900] "GET /home/en/meetourpartners/domestic.do HTTP/1.1" 200 69240
216.197.69.134 - - [14/Feb/2020:14:19:35 +0900] "GET /home/en/meetourpartners/all.do HTTP/1.1" 200 95227
216.197.69.134 - - [14/Feb/2020:14:19:36 +0900] "GET /home/en/watwedo/overview.do HTTP/1.1" 200 6156
216.197.69.134 - - [14/Feb/2020:14:19:36 +0900] "GET /home/en/whoweare/korea.do HTTP/1.1" 200 29641
216.197.69.134 - - [14/Feb/2020:14:19:36 +0900] "GET /home/en/whoweare/china.do HTTP/1.1" 200 10353
216.197.69.134 - - [14/Feb/2020:14:19:38 +0900] "GET /error/kr/error.jsp HTTP/1.1" 500 3570
34.199.176.251 - - [14/Feb/2020:14:19:43 +0900] "GET /index.jsp HTTP/1.1" 302 -
34.199.176.251 - - [14/Feb/2020:14:19:43 +0900] "GET /home/main/main.do HTTP/1.1" 200 12222
64.209.89.103 - - [14/Feb/2020:14:19:58 +0900] "GET /index.jsp HTTP/1.0" 302 -
223.62.190.222 - - [14/Feb/2020:14:20:00 +0900] "GET /index.jsp HTTP/1.1" 302 -
223.62.190.222 - - [14/Feb/2020:14:20:00 +0900] "GET /home/main/main.do HTTP/1.1" 302 -
223.62.190.222 - - [14/Feb/2020:14:20:00 +0900] "GET /home/main/main.do HTTP/1.1" 200 8898
223.62.190.222 - - [14/Feb/2020:14:20:01 +0900] "GET /error/kr/error.jsp HTTP/1.1" 500 3762
223.62.190.222 - - [14/Feb/2020:14:20:09 +0900] "GET /home/meetourpartners/all.do HTTP/1.1" 200 105128
223.62.190.222 - - [14/Feb/2020:14:20:15 +0900] "GET /home/whoweare/korea.do HTTP/1.1" 200 43261
223.62.190.222 - - [14/Feb/2020:14:20:27 +0900] "GET /home/whoweare/korea.do HTTP/1.1" 200 43261
77.75.78.169 - - [14/Feb/2020:14:20:32 +0900] "GET /error/kr/error.jsp HTTP/1.1" 500 3570
223.62.190.222 - - [14/Feb/2020:14:20:39 +0900] "GET /home/meetourpartners/all.do HTTP/1.1" 200 105128
223.62.190.222 - - [14/Feb/2020:14:20:45 +0900] "GET /home/meetourpartners/all.do HTTP/1.1" 200 105128
223.62.190.222 - - [14/Feb/2020:14:20:47 +0900] "GET /home/whoweare/korea.do HTTP/1.1" 200 43261
175.209.162.157 - - [14/Feb/2020:14:21:40 +0900] "GET /index.jsp HTTP/1.1" 302 -
175.209.162.157 - - [14/Feb/2020:14:21:40 +0900] "GET /home/main/main.do HTTP/1.1" 200 12222
175.209.162.157 - - [14/Feb/2020:14:21:49 +0900] "GET /home/meetourpartners/all.do HTTP/1.1" 200 101569
175.209.162.157 - - [14/Feb/2020:14:21:54 +0900] "GET /home/meetourpartners/domestic.do HTTP/1.1" 200 73451
66.249.69.249 - - [14/Feb/2020:14:24:06 +0900] "GET /error/kr/error.jsp HTTP/1.1" 500 3762
34.199.176.251 - - [14/Feb/2020:14:25:56 +0900] "GET /home/news/news/view.do?num=1 HTTP/1.1" 200 8971
34.199.176.251 - - [14/Feb/2020:14:25:57 +0900] "GET /home/news/news/view.do HTTP/1.1" 500 3570
34.199.176.251 - - [14/Feb/2020:14:26:05 +0900] "GET /home/news/news/view.do?num=1 HTTP/1.1" 200 8971
34.199.176.251 - - [14/Feb/2020:14:26:06 +0900] "GET /home/news/news/view.do HTTP/1.1" 500 3570
218.50.189.69 - - [14/Feb/2020:14:26:15 +0900] "GET /home/whoweare/china.do HTTP/1.1" 200 10340
218.50.189.69 - - [14/Feb/2020:14:27:23 +0900] "GET /home/whoweare/korea.do HTTP/1.1" 200 29677
218.50.189.69 - - [14/Feb/2020:14:29:09 +0900] "GET /home/meetourpartners/all.do HTTP/1.1" 200 101569
218.50.189.69 - - [14/Feb/2020:14:29:13 +0900] "GET /home/contact/contact.do HTTP/1.1" 200 5224
218.50.189.69 - - [14/Feb/2020:14:29:40 +0900] "GET /home/news/news/list.do HTTP/1.1" 200 7091
218.50.189.69 - - [14/Feb/2020:14:29:45 +0900] "GET /home/meetourpartners/all.do HTTP/1.1" 200 101569
218.50.189.69 - - [14/Feb/2020:14:29:46 +0900] "GET /error/kr/error.jsp HTTP/1.1" 500 3570
218.50.189.69 - - [14/Feb/2020:14:29:51 +0900] "GET /home/meetourpartners/domestic.do HTTP/1.1" 200 73451
66.249.72.20 - - [14/Feb/2020:14:29:58 +0900] "GET /error/kr/error.jsp HTTP/1.1" 500 3570
66.249.75.122 - - [14/Feb/2020:14:29:59 +0900] "GET /error/kr/error.jsp HTTP/1.1" 500 3570
34.212.220.96 - - [14/Feb/2020:14:31:00 +0900] "GET /error/kr/error.jsp HTTP/1.1" 500 3570
157.55.39.9 - - [14/Feb/2020:14:34:15 +0900] "GET /home/watwedo/overview.do HTTP/1.1" 200 7044
66.249.72.18 - - [14/Feb/2020:14:35:44 +0900] "GET /error/kr/error.jsp HTTP/1.1" 500 3570
157.55.39.9 - - [14/Feb/2020:14:37:28 +0900] "GET /error/kr/error.jsp HTTP/1.1" 500 3762
1.222.94.186 - - [14/Feb/2020:14:41:16 +0900] "GET /index.jsp HTTP/1.1" 302 -
1.222.94.186 - - [14/Feb/2020:14:41:16 +0900] "GET /home/main/main.do HTTP/1.1" 200 12222
54.172.83.76 - - [14/Feb/2020:14:41:44 +0900] "GET /error/kr/error.jsp HTTP/1.1" 500 3570
119.192.197.203 - - [14/Feb/2020:14:41:51 +0900] "GET /index.jsp HTTP/1.1" 302 -
119.192.197.203 - - [14/Feb/2020:14:41:51 +0900] "GET /error/kr/error.jsp HTTP/1.1" 500 3570
119.192.197.203 - - [14/Feb/2020:14:41:51 +0900] "GET /home/main/main.do HTTP/1.1" 200 12222
219.250.99.170 - - [14/Feb/2020:14:43:01 +0900] "GET /index.jsp HTTP/1.1" 302 -
219.250.99.170 - - [14/Feb/2020:14:43:01 +0900] "GET /home/main/main.do HTTP/1.1" 200 12222
219.250.99.170 - - [14/Feb/2020:14:43:08 +0900] "GET /home/watwedo/overview.do HTTP/1.1" 200 6147
219.250.99.170 - - [14/Feb/2020:14:43:12 +0900] "GET /home/whoweare/korea.do HTTP/1.1" 200 29677
219.250.99.170 - - [14/Feb/2020:14:43:17 +0900] "GET /home/meetourpartners/all.do HTTP/1.1" 200 101569
219.250.99.170 - - [14/Feb/2020:14:43:27 +0900] "GET /home/main/main.do HTTP/1.1" 200 12222
219.250.99.170 - - [14/Feb/2020:14:43:34 +0900] "GET /home/watwedo/philosophy.do HTTP/1.1" 200 7162
66.249.75.122 - - [14/Feb/2020:14:54:08 +0900] "GET /error/kr/error.jsp HTTP/1.1" 500 3570
49.7.20.138 - - [14/Feb/2020:14:55:32 +0900] "GET /home/en/main/main.do HTTP/1.1" 200 11080
66.249.72.20 - - [14/Feb/2020:14:55:53 +0900] "GET /error/kr/error.jsp HTTP/1.1" 500 3570
23.100.232.233 - - [14/Feb/2020:15:01:56 +0900] "GET /home/main/main.do HTTP/1.1" 200 12222
1.232.8.10 - - [14/Feb/2020:15:05:44 +0900] "GET /home/en/whoweare/korea.do HTTP/1.1" 200 43296
1.232.8.10 - - [14/Feb/2020:15:06:04 +0900] "GET /home/en/whoweare/korea.do HTTP/1.1" 200 43296
66.249.72.18 - - [14/Feb/2020:15:06:05 +0900] "GET /error/kr/error.jsp HTTP/1.1" 500 3570
66.249.69.249 - - [14/Feb/2020:15:16:09 +0900] "GET /error/kr/error.jsp HTTP/1.1" 500 3762
193.111.62.163 - - [14/Feb/2020:15:19:17 +0900] "GET /home/news/news/list.do HTTP/1.1" 200 7091
37.143.15.220 - - [14/Feb/2020:15:19:34 +0900] "GET /index.jsp HTTP/1.1" 302 -
185.173.35.1 - - [14/Feb/2020:15:21:13 +0900] "GET /index.jsp HTTP/1.0" 302 -
221.139.157.153 - - [14/Feb/2020:15:21:52 +0900] "GET /index.jsp HTTP/1.1" 302 -
221.139.157.153 - - [14/Feb/2020:15:21:52 +0900] "GET /home/main/main.do HTTP/1.1" 200 12222
221.139.157.153 - - [14/Feb/2020:15:22:53 +0900] "GET /home/meetourpartners/all.do HTTP/1.1" 200 101569
183.128.61.97 - - [14/Feb/2020:15:22:56 +0900] "GET /home/en/main/main.do HTTP/1.1" 200 8279
221.139.157.153 - - [14/Feb/2020:15:23:45 +0900] "GET /home/meetourpartners/domestic.do HTTP/1.1" 200 73451
66.249.69.249 - - [14/Feb/2020:15:24:49 +0900] "GET /error/kr/error.jsp HTTP/1.1" 500 3762
114.205.2.76 - - [14/Feb/2020:15:25:06 +0900] "GET /index.jsp HTTP/1.1" 302 -
114.205.2.76 - - [14/Feb/2020:15:25:06 +0900] "GET /home/main/main.do HTTP/1.1" 200 12222
114.205.2.76 - - [14/Feb/2020:15:25:10 +0900] "GET /home/whoweare/korea.do HTTP/1.1" 200 29677
221.139.157.153 - - [14/Feb/2020:15:26:15 +0900] "GET /home/meetourpartners/all.do HTTP/1.1" 200 101569
221.139.157.153 - - [14/Feb/2020:15:26:17 +0900] "GET /home/meetourpartners/overseas.do HTTP/1.1" 200 32620
221.139.157.153 - - [14/Feb/2020:15:26:28 +0900] "GET /home/news/news/list.do HTTP/1.1" 200 7091
221.139.157.153 - - [14/Feb/2020:15:26:30 +0900] "GET /home/about/about.do HTTP/1.1" 200 14216
221.139.157.153 - - [14/Feb/2020:15:26:44 +0900] "GET /home/whoweare/korea.do HTTP/1.1" 200 29677
222.231.42.246 - - [14/Feb/2020:15:27:17 +0900] "GET /index.jsp HTTP/1.1" 302 -
222.231.42.246 - - [14/Feb/2020:15:27:17 +0900] "GET /home/main/main.do HTTP/1.1" 200 12222
222.231.42.246 - - [14/Feb/2020:15:27:21 +0900] "GET /home/meetourpartners/all.do HTTP/1.1" 200 101569
222.231.42.246 - - [14/Feb/2020:15:27:25 +0900] "GET /home/about/about.do HTTP/1.1" 200 14216
222.231.42.246 - - [14/Feb/2020:15:27:27 +0900] "GET /home/watwedo/overview.do HTTP/1.1" 200 6147
222.231.42.246 - - [14/Feb/2020:15:27:29 +0900] "GET /home/watwedo/history.do HTTP/1.1" 200 10614
222.231.42.246 - - [14/Feb/2020:15:27:30 +0900] "GET /home/watwedo/philosophy.do HTTP/1.1" 200 7162
222.231.42.246 - - [14/Feb/2020:15:27:33 +0900] "GET /home/watwedo/history.do HTTP/1.1" 200 10614
222.231.42.246 - - [14/Feb/2020:15:27:36 +0900] "GET /home/whoweare/korea.do HTTP/1.1" 200 29677
222.231.42.246 - - [14/Feb/2020:15:27:44 +0900] "GET /home/meetourpartners/all.do HTTP/1.1" 200 101569
222.231.42.246 - - [14/Feb/2020:15:27:50 +0900] "GET /home/news/news/list.do HTTP/1.1" 200 7091
222.231.42.246 - - [14/Feb/2020:15:27:52 +0900] "GET /home/contact/contact.do HTTP/1.1" 200 5224
222.231.42.246 - - [14/Feb/2020:15:27:53 +0900] "GET /home/about/about.do HTTP/1.1" 200 14216
222.231.42.246 - - [14/Feb/2020:15:27:55 +0900] "GET /home/watwedo/overview.do HTTP/1.1" 200 6147
221.139.157.153 - - [14/Feb/2020:15:29:12 +0900] "GET /home/whoweare/china.do HTTP/1.1" 200 10340
221.139.157.153 - - [14/Feb/2020:15:29:31 +0900] "GET /home/watwedo/overview.do HTTP/1.1" 200 6147
221.139.157.153 - - [14/Feb/2020:15:30:07 +0900] "GET /home/watwedo/history.do HTTP/1.1" 200 10614
221.139.157.153 - - [14/Feb/2020:15:30:53 +0900] "GET /home/watwedo/philosophy.do HTTP/1.1" 200 7162
66.249.72.20 - - [14/Feb/2020:15:36:05 +0900] "GET /error/kr/error.jsp HTTP/1.1" 500 3570
112.222.221.98 - - [14/Feb/2020:15:36:55 +0900] "GET /index.jsp HTTP/1.1" 302 -
112.222.221.98 - - [14/Feb/2020:15:36:55 +0900] "GET /home/main/main.do HTTP/1.1" 200 12222
112.222.221.98 - - [14/Feb/2020:15:37:01 +0900] "GET /home/whoweare/korea.do HTTP/1.1" 200 29677
111.206.36.146 - - [14/Feb/2020:15:39:59 +0900] "GET /error/kr/error.jsp HTTP/1.1" 500 3570
66.249.69.249 - - [14/Feb/2020:15:44:23 +0900] "GET /error/kr/error.jsp HTTP/1.1" 500 3762
192.241.235.69 - - [14/Feb/2020:15:44:48 +0900] "GET /index.jsp HTTP/1.1" 302 -
66.249.72.18 - - [14/Feb/2020:15:46:05 +0900] "GET /error/kr/error.jsp HTTP/1.1" 500 3570
103.131.71.48 - - [14/Feb/2020:15:47:49 +0900] "GET /error/kr/error.jsp HTTP/1.1" 500 3570
116.249.131.231 - - [14/Feb/2020:15:47:50 +0900] "GET /error/kr/error.jsp HTTP/1.1" 500 3570
103.131.71.50 - - [14/Feb/2020:15:47:51 +0900] "GET /error/kr/error.jsp HTTP/1.1" 500 3762
103.131.71.43 - - [14/Feb/2020:15:47:59 +0900] "GET /error/kr/error.jsp HTTP/1.1" 500 3570
125.209.235.171 - - [14/Feb/2020:15:50:08 +0900] "GET /error/kr/error.jsp HTTP/1.1" 500 3570
125.209.235.185 - - [14/Feb/2020:15:50:08 +0900] "GET /error/kr/error.jsp HTTP/1.1" 500 3570
106.254.247.10 - - [14/Feb/2020:15:53:01 +0900] "GET /index.jsp HTTP/1.1" 302 -
106.254.247.10 - - [14/Feb/2020:15:53:01 +0900] "GET /home/main/main.do HTTP/1.1" 200 12222
106.254.247.10 - - [14/Feb/2020:15:53:02 +0900] "GET /home/watwedo/overview.do HTTP/1.1" 200 6147
106.254.247.10 - - [14/Feb/2020:15:53:11 +0900] "GET /home/watwedo/history.do HTTP/1.1" 200 10614
66.249.69.249 - - [14/Feb/2020:15:56:15 +0900] "GET /error/kr/error.jsp HTTP/1.1" 500 3762
66.249.69.249 - - [14/Feb/2020:16:04:14 +0900] "GET /error/kr/error.jsp HTTP/1.1" 500 3762
223.38.23.1 - - [14/Feb/2020:16:07:49 +0900] "GET /filter/checker.jsp?campaignID=654&email=lmk5263@naver.com&responseEnd=2018-12-29 HTTP/1.1" 404 3570
193.111.62.163 - - [14/Feb/2020:16:14:22 +0900] "GET /home/news/news/list.do HTTP/1.1" 200 7091
66.249.69.249 - - [14/Feb/2020:16:14:29 +0900] "GET /error/kr/error.jsp HTTP/1.1" 500 3762
66.249.75.122 - - [14/Feb/2020:16:16:18 +0900] "GET /error/kr/error.jsp HTTP/1.1" 500 3570
112.216.140.156 - - [14/Feb/2020:16:21:15 +0900] "GET /index.jsp?ko HTTP/1.1" 302 -
112.216.140.156 - - [14/Feb/2020:16:21:15 +0900] "GET /home/main/main.do HTTP/1.1" 200 12222
123.201.116.214 - - [14/Feb/2020:16:21:49 +0900] "GET /index.jsp HTTP/1.1" 302 -
123.201.116.214 - - [14/Feb/2020:16:21:49 +0900] "GET /home/en/main/main.do HTTP/1.1" 200 11080
123.201.116.214 - - [14/Feb/2020:16:21:58 +0900] "GET /home/en/whoweare/korea.do HTTP/1.1" 200 29641
66.249.69.249 - - [14/Feb/2020:16:24:14 +0900] "GET /error/kr/error.jsp HTTP/1.1" 500 3762
66.249.72.22 - - [14/Feb/2020:16:26:09 +0900] "GET /error/kr/error.jsp HTTP/1.1" 500 3570
188.93.56.216 - - [14/Feb/2020:16:27:48 +0900] "GET /index.jsp HTTP/1.1" 302 -
188.93.56.216 - - [14/Feb/2020:16:27:48 +0900] "GET /home/main/main.do HTTP/1.1" 200 12222
119.207.72.113 - - [14/Feb/2020:16:30:05 +0900] "GET /home/about/about.do HTTP/1.1" 200 14216
119.207.72.74 - - [14/Feb/2020:16:30:05 +0900] "GET /home/en/main/main.do HTTP/1.1" 200 11080
1.230.157.221 - - [14/Feb/2020:16:31:26 +0900] "GET /index.jsp HTTP/1.1" 302 -
1.230.157.221 - - [14/Feb/2020:16:31:26 +0900] "GET /home/main/main.do HTTP/1.1" 200 12222
222.231.42.246 - - [14/Feb/2020:16:33:14 +0900] "GET /home/watwedo/history.do HTTP/1.1" 200 10614
222.231.42.246 - - [14/Feb/2020:16:33:14 +0900] "GET /home/watwedo/overview.do HTTP/1.1" 200 6147
222.231.42.246 - - [14/Feb/2020:16:33:14 +0900] "GET /error/kr/error.jsp HTTP/1.1" 500 3570
222.231.42.246 - - [14/Feb/2020:16:34:14 +0900] "GET /home/whoweare/korea.do HTTP/1.1" 200 29677
222.231.42.246 - - [14/Feb/2020:16:34:14 +0900] "GET /error/kr/error.jsp HTTP/1.1" 500 3570
66.249.69.249 - - [14/Feb/2020:16:34:25 +0900] "GET /error/kr/error.jsp HTTP/1.1" 500 3762
66.249.75.120 - - [14/Feb/2020:16:36:05 +0900] "GET /error/kr/error.jsp HTTP/1.1" 500 3570
125.176.236.9 - - [14/Feb/2020:16:36:44 +0900] "GET /index.jsp HTTP/1.1" 302 -
125.176.236.9 - - [14/Feb/2020:16:36:44 +0900] "GET /home/main/main.do HTTP/1.1" 200 12222
125.176.236.9 - - [14/Feb/2020:16:37:01 +0900] "GET /home/main/main.do HTTP/1.1" 200 12222
219.255.206.200 - - [14/Feb/2020:16:40:21 +0900] "GET /index.jsp HTTP/1.1" 302 -
219.255.206.200 - - [14/Feb/2020:16:40:21 +0900] "GET /home/main/main.do HTTP/1.1" 200 12222
211.192.69.228 - - [14/Feb/2020:16:40:45 +0900] "GET /home/en/meetourpartners/all.do HTTP/1.1" 200 100316
66.249.72.22 - - [14/Feb/2020:16:46:08 +0900] "GET /error/kr/error.jsp HTTP/1.1" 500 3570
196.12.60.66 - - [14/Feb/2020:16:47:42 +0900] "GET /index.jsp HTTP/1.1" 302 -
121.138.117.181 - - [14/Feb/2020:16:47:59 +0900] "GET /index.jsp HTTP/1.1" 302 -
121.138.117.181 - - [14/Feb/2020:16:47:59 +0900] "GET /home/main/main.do HTTP/1.1" 200 12222
121.138.117.181 - - [14/Feb/2020:16:48:01 +0900] "GET /home/watwedo/overview.do HTTP/1.1" 200 6147
121.138.117.181 - - [14/Feb/2020:16:48:42 +0900] "GET /home/whoweare/korea.do HTTP/1.1" 200 29677
66.249.69.249 - - [14/Feb/2020:16:54:21 +0900] "GET /error/kr/error.jsp HTTP/1.1" 500 3762
104.243.195.223 - - [14/Feb/2020:16:54:46 +0900] "GET /home/en/whoweare/korea.do HTTP/1.1" 200 43296
66.249.72.18 - - [14/Feb/2020:16:56:03 +0900] "GET /error/kr/error.jsp HTTP/1.1" 500 3570
23.100.232.233 - - [14/Feb/2020:16:58:56 +0900] "GET /index.jsp HTTP/1.1" 302 -
23.100.232.233 - - [14/Feb/2020:16:58:57 +0900] "GET /home/en/main/main.do HTTP/1.1" 200 11080
173.252.83.6 - - [14/Feb/2020:16:59:52 +0900] "GET /home/main/main.do HTTP/1.1" 200 12222
173.252.83.8 - - [14/Feb/2020:16:59:53 +0900] "GET /home/main/main.do HTTP/1.1" 200 12222
173.252.83.15 - - [14/Feb/2020:16:59:53 +0900] "GET /home/main/main.do HTTP/1.1" 200 12222
220.181.108.115 - - [14/Feb/2020:17:00:55 +0900] "GET /home/en/whoweare/korea.do HTTP/1.1" 200 29641
210.207.93.146 - - [14/Feb/2020:17:01:10 +0900] "GET /index.jsp HTTP/1.1" 302 -
210.207.93.146 - - [14/Feb/2020:17:01:10 +0900] "GET /home/main/main.do HTTP/1.1" 200 12222
210.207.93.146 - - [14/Feb/2020:17:01:42 +0900] "GET /home/watwedo/overview.do HTTP/1.1" 200 6147
210.207.93.146 - - [14/Feb/2020:17:01:47 +0900] "GET /home/meetourpartners/all.do HTTP/1.1" 200 101569
210.207.93.146 - - [14/Feb/2020:17:01:54 +0900] "GET /home/whoweare/korea.do HTTP/1.1" 200 29677
210.207.93.146 - - [14/Feb/2020:17:01:56 +0900] "GET /home/meetourpartners/all.do HTTP/1.1" 200 101569
210.207.93.146 - - [14/Feb/2020:17:01:57 +0900] "GET /home/watwedo/overview.do HTTP/1.1" 200 6147
210.207.93.146 - - [14/Feb/2020:17:02:01 +0900] "GET /home/watwedo/history.do HTTP/1.1" 200 10614
210.207.93.146 - - [14/Feb/2020:17:02:02 +0900] "GET /home/watwedo/philosophy.do HTTP/1.1" 200 7162
210.207.93.146 - - [14/Feb/2020:17:02:08 +0900] "GET /home/whoweare/korea.do HTTP/1.1" 200 29677
210.207.93.146 - - [14/Feb/2020:17:02:19 +0900] "GET /home/whoweare/china.do HTTP/1.1" 200 10340
210.207.93.146 - - [14/Feb/2020:17:02:24 +0900] "GET /home/main/main.do HTTP/1.1" 200 12222
66.249.69.249 - - [14/Feb/2020:17:02:34 +0900] "GET /error/kr/error.jsp HTTP/1.1" 500 3762
112.170.73.133 - - [14/Feb/2020:17:02:41 +0900] "GET /index.jsp HTTP/1.1" 302 -
112.170.73.133 - - [14/Feb/2020:17:02:55 +0900] "GET /error/kr/error.jsp HTTP/1.1" 500 3570
112.170.73.133 - - [14/Feb/2020:17:02:57 +0900] "GET /index.jsp? HTTP/1.1" 302 -
112.170.73.133 - - [14/Feb/2020:17:02:57 +0900] "GET /home/main/main.do HTTP/1.1" 200 12222
112.170.73.133 - - [14/Feb/2020:17:03:02 +0900] "GET /home/whoweare/korea.do HTTP/1.1" 200 29677
112.170.73.133 - - [14/Feb/2020:17:03:17 +0900] "GET /home/watwedo/overview.do HTTP/1.1" 200 6147
112.170.73.133 - - [14/Feb/2020:17:03:25 +0900] "GET /home/watwedo/history.do HTTP/1.1" 200 10614
112.170.73.133 - - [14/Feb/2020:17:03:34 +0900] "GET /home/watwedo/philosophy.do HTTP/1.1" 200 7162
112.170.73.133 - - [14/Feb/2020:17:03:39 +0900] "GET /home/news/news/list.do HTTP/1.1" 200 7091
112.170.73.133 - - [14/Feb/2020:17:03:43 +0900] "GET /home/whoweare/korea.do HTTP/1.1" 200 29677
112.170.73.133 - - [14/Feb/2020:17:03:46 +0900] "GET /home/meetourpartners/all.do HTTP/1.1" 200 101569
112.170.73.133 - - [14/Feb/2020:17:03:48 +0900] "GET /home/meetourpartners/domestic.do HTTP/1.1" 200 73451
112.170.73.133 - - [14/Feb/2020:17:03:53 +0900] "GET /home/about/about.do HTTP/1.1" 200 14216
112.170.73.133 - - [14/Feb/2020:17:04:16 +0900] "GET /home/main/main.do HTTP/1.1" 200 12222
66.249.72.18 - - [14/Feb/2020:17:06:04 +0900] "GET /error/kr/error.jsp HTTP/1.1" 500 3570
112.170.73.133 - - [14/Feb/2020:17:06:55 +0900] "GET /index.jsp HTTP/1.1" 302 -
112.170.73.133 - - [14/Feb/2020:17:06:55 +0900] "GET /home/main/main.do HTTP/1.1" 200 12222
112.170.73.133 - - [14/Feb/2020:17:07:03 +0900] "GET /home/watwedo/overview.do HTTP/1.1" 200 6147
66.249.69.249 - - [14/Feb/2020:17:07:07 +0900] "GET /error/kr/error.jsp HTTP/1.1" 500 3762
23.100.232.233 - - [14/Feb/2020:17:15:05 +0900] "GET /home/main/main.do HTTP/1.1" 200 12222
66.249.75.120 - - [14/Feb/2020:17:15:31 +0900] "GET /error/kr/error.jsp HTTP/1.1" 500 3570
66.249.72.18 - - [14/Feb/2020:17:16:16 +0900] "GET /error/kr/error.jsp HTTP/1.1" 500 3570
17.58.96.118 - - [14/Feb/2020:17:18:16 +0900] "GET /error/kr/error.jsp HTTP/1.1" 500 3570
109.94.121.152 - - [14/Feb/2020:17:18:59 +0900] "GET /index.jsp HTTP/1.1" 302 -
23.100.232.233 - - [14/Feb/2020:17:21:13 +0900] "GET /home/meetourpartners/domestic.do HTTP/1.1" 200 73451
124.64.125.31 - - [14/Feb/2020:17:22:05 +0900] "GET /index.jsp HTTP/1.1" 302 -
124.64.125.31 - - [14/Feb/2020:17:22:05 +0900] "GET /home/en/main/main.do HTTP/1.1" 200 11080
124.64.125.31 - - [14/Feb/2020:17:22:15 +0900] "GET /home/main/main.do HTTP/1.1" 200 12222
124.64.125.31 - - [14/Feb/2020:17:22:21 +0900] "GET /home/en/main/main.do HTTP/1.1" 200 11080
42.236.10.117 - - [14/Feb/2020:17:23:31 +0900] "GET /home/en/main/main.do HTTP/1.1" 302 -
42.236.10.93 - - [14/Feb/2020:17:23:31 +0900] "GET /home/en/main/main.do HTTP/1.1" 200 8279
42.236.10.84 - - [14/Feb/2020:17:23:31 +0900] "GET /index.jsp HTTP/1.1" 302 -
42.236.10.84 - - [14/Feb/2020:17:23:31 +0900] "GET /home/main/main.do HTTP/1.1" 302 -
42.236.10.84 - - [14/Feb/2020:17:23:32 +0900] "GET /home/main/main.do HTTP/1.1" 200 8898
42.236.10.114 - - [14/Feb/2020:17:23:32 +0900] "GET /error/kr/error.jsp HTTP/1.1" 500 3762
42.236.10.75 - - [14/Feb/2020:17:23:33 +0900] "GET /error/kr/error.jsp HTTP/1.1" 500 3762
180.163.220.67 - - [14/Feb/2020:17:23:50 +0900] "GET /home/main/main.do HTTP/1.1" 302 -
180.163.220.3 - - [14/Feb/2020:17:23:54 +0900] "GET /home/main/main.do HTTP/1.1" 200 8898
180.163.220.3 - - [14/Feb/2020:17:24:04 +0900] "GET /error/kr/error.jsp HTTP/1.1" 500 3762
66.249.75.120 - - [14/Feb/2020:17:24:10 +0900] "GET /error/kr/error.jsp HTTP/1.1" 500 3570
42.236.10.125 - - [14/Feb/2020:17:24:34 +0900] "GET /index.jsp HTTP/1.1" 302 -
42.236.10.125 - - [14/Feb/2020:17:24:35 +0900] "GET /home/main/main.do HTTP/1.1" 200 8898
42.236.10.125 - - [14/Feb/2020:17:24:36 +0900] "GET /error/kr/error.jsp HTTP/1.1" 500 3762
193.111.62.163 - - [14/Feb/2020:17:25:04 +0900] "GET /home/news/news/list.do HTTP/1.1" 200 7091
203.217.242.66 - - [14/Feb/2020:17:25:55 +0900] "GET /home/news/news/view.do?page=2&num=18 HTTP/1.1" 200 9137
66.249.72.18 - - [14/Feb/2020:17:26:15 +0900] "GET /error/kr/error.jsp HTTP/1.1" 500 3570
66.249.69.249 - - [14/Feb/2020:17:33:13 +0900] "GET /error/kr/error.jsp HTTP/1.1" 500 3762
220.181.108.157 - - [14/Feb/2020:17:34:16 +0900] "GET /index.jsp HTTP/1.1" 302 -
220.181.108.144 - - [14/Feb/2020:17:34:16 +0900] "GET /home/en/main/main.do HTTP/1.1" 200 11080
66.249.72.18 - - [14/Feb/2020:17:36:21 +0900] "GET /error/kr/error.jsp HTTP/1.1" 500 3570
36.110.199.26 - - [14/Feb/2020:17:37:58 +0900] "GET /home/en/main/main.do HTTP/1.1" 200 8279
23.100.232.233 - - [14/Feb/2020:17:38:25 +0900] "GET /index.jsp HTTP/1.1" 302 -
23.100.232.233 - - [14/Feb/2020:17:38:25 +0900] "GET /home/en/main/main.do HTTP/1.1" 200 11080
211.231.103.91 - - [14/Feb/2020:17:43:30 +0900] "GET /home/main/main.do HTTP/1.1" 200 8898
66.249.72.18 - - [14/Feb/2020:17:47:17 +0900] "GET /error/kr/error.jsp HTTP/1.1" 500 3570
66.249.69.251 - - [14/Feb/2020:17:48:48 +0900] "GET /error/kr/error.jsp HTTP/1.1" 500 3762
54.183.150.98 - - [14/Feb/2020:17:50:23 +0900] "HEAD /index.jsp HTTP/1.1" 302 -
54.183.150.98 - - [14/Feb/2020:17:50:23 +0900] "HEAD /home/main/main.do HTTP/1.1" 200 -
42.236.10.121 - - [14/Feb/2020:17:54:24 +0900] "GET /index.jsp HTTP/1.1" 302 -
66.249.72.18 - - [14/Feb/2020:17:56:54 +0900] "GET /error/kr/error.jsp HTTP/1.1" 500 3570
23.100.232.233 - - [14/Feb/2020:17:59:07 +0900] "GET /home/main/main.do HTTP/1.1" 200 12222
34.199.176.251 - - [14/Feb/2020:18:01:12 +0900] "GET /index.jsp HTTP/1.1" 302 -
34.199.176.251 - - [14/Feb/2020:18:01:12 +0900] "GET /home/main/main.do HTTP/1.1" 200 12222
34.199.176.251 - - [14/Feb/2020:18:01:47 +0900] "GET /index.jsp HTTP/1.1" 302 -
34.199.176.251 - - [14/Feb/2020:18:01:47 +0900] "GET /home/main/main.do HTTP/1.1" 200 12222
210.108.137.146 - - [14/Feb/2020:18:05:56 +0900] "GET /index.jsp HTTP/1.1" 302 -
210.108.137.146 - - [14/Feb/2020:18:05:56 +0900] "GET /home/main/main.do HTTP/1.1" 200 12222
210.108.137.146 - - [14/Feb/2020:18:06:06 +0900] "GET /home/watwedo/overview.do HTTP/1.1" 200 6147
210.108.137.146 - - [14/Feb/2020:18:06:09 +0900] "GET /home/whoweare/korea.do HTTP/1.1" 200 29677
66.249.69.249 - - [14/Feb/2020:18:06:25 +0900] "GET /error/kr/error.jsp HTTP/1.1" 500 3762
210.108.137.146 - - [14/Feb/2020:18:08:04 +0900] "GET /home/meetourpartners/all.do HTTP/1.1" 200 101569
210.108.137.146 - - [14/Feb/2020:18:08:13 +0900] "GET /home/whoweare/korea.do HTTP/1.1" 200 29677
60.186.246.241 - - [14/Feb/2020:18:08:44 +0900] "GET /error/kr/error.jsp HTTP/1.1" 500 3570
210.108.137.146 - - [14/Feb/2020:18:09:33 +0900] "GET /home/whoweare/china.do HTTP/1.1" 200 10340
23.100.232.233 - - [14/Feb/2020:18:10:27 +0900] "GET /home/meetourpartners/domestic.do HTTP/1.1" 200 73451
66.249.72.22 - - [14/Feb/2020:18:13:09 +0900] "GET /error/kr/error.jsp HTTP/1.1" 500 3570
66.249.69.249 - - [14/Feb/2020:18:16:25 +0900] "GET /error/kr/error.jsp HTTP/1.1" 500 3762
66.249.72.18 - - [14/Feb/2020:18:16:25 +0900] "GET /error/kr/error.jsp HTTP/1.1" 500 3570
45.33.66.85 - - [14/Feb/2020:18:22:22 +0900] "GET /error/kr/error.jsp HTTP/1.1" 500 3570
193.111.62.163 - - [14/Feb/2020:18:23:14 +0900] "GET /home/news/news/list.do HTTP/1.1" 200 7091
23.100.232.233 - - [14/Feb/2020:18:26:05 +0900] "GET /index.jsp HTTP/1.1" 302 -
23.100.232.233 - - [14/Feb/2020:18:26:06 +0900] "GET /home/en/main/main.do HTTP/1.1" 200 11080
66.249.72.18 - - [14/Feb/2020:18:27:09 +0900] "GET /error/kr/error.jsp HTTP/1.1" 500 3570
66.249.69.249 - - [14/Feb/2020:18:27:21 +0900] "GET /error/kr/error.jsp HTTP/1.1" 500 3762
38.99.62.91 - - [14/Feb/2020:18:30:07 +0900] "GET /home/en/meetourpartners/domestic.do HTTP/1.1" 200 69240
103.82.235.2 - - [14/Feb/2020:18:33:56 +0900] "GET /error/kr/error.jsp HTTP/1.1" 500 3570
38.99.62.91 - - [14/Feb/2020:18:33:59 +0900] "GET /home/en/meetourpartners/all.do HTTP/1.1" 200 95227
38.99.62.91 - - [14/Feb/2020:18:34:40 +0900] "GET /home/en/meetourpartners/domestic.do HTTP/1.1" 200 69240
66.249.69.249 - - [14/Feb/2020:18:36:27 +0900] "GET /error/kr/error.jsp HTTP/1.1" 500 3762
38.99.62.91 - - [14/Feb/2020:18:39:39 +0900] "GET /home/meetourpartners/all.do HTTP/1.1" 200 101569
38.99.62.91 - - [14/Feb/2020:18:40:18 +0900] "GET /home/en/meetourpartners/domestic.do HTTP/1.1" 200 69240
220.181.51.70 - - [14/Feb/2020:18:40:57 +0900] "GET /index.jsp HTTP/1.1" 302 -
220.181.51.74 - - [14/Feb/2020:18:40:57 +0900] "GET /home/en/main/main.do HTTP/1.1" 200 11080
38.99.62.91 - - [14/Feb/2020:18:40:58 +0900] "GET /home/en/meetourpartners/all.do HTTP/1.1" 200 95227
38.99.62.91 - - [14/Feb/2020:18:41:37 +0900] "GET /home/en/meetourpartners/domestic.do HTTP/1.1" 200 69240
17.58.102.54 - - [14/Feb/2020:18:43:36 +0900] "GET /error/kr/error.jsp HTTP/1.1" 500 3570
17.58.96.118 - - [14/Feb/2020:18:43:36 +0900] "GET /index.jsp?ko HTTP/1.1" 302 -
17.58.96.118 - - [14/Feb/2020:18:43:37 +0900] "GET /home/main/main.do HTTP/1.1" 200 12222
38.99.62.91 - - [14/Feb/2020:18:44:54 +0900] "GET /home/meetourpartners/all.do HTTP/1.1" 200 101569
66.249.69.249 - - [14/Feb/2020:18:45:19 +0900] "GET /error/kr/error.jsp HTTP/1.1" 500 3762
38.99.62.91 - - [14/Feb/2020:18:45:19 +0900] "GET /home/en/meetourpartners/domestic.do HTTP/1.1" 200 69240
38.99.62.91 - - [14/Feb/2020:18:45:59 +0900] "GET /home/en/meetourpartners/all.do HTTP/1.1" 200 95227
66.249.72.20 - - [14/Feb/2020:18:46:35 +0900] "GET /error/kr/error.jsp HTTP/1.1" 500 3570
38.99.62.91 - - [14/Feb/2020:18:46:38 +0900] "GET /home/en/meetourpartners/domestic.do HTTP/1.1" 200 69240
38.99.62.91 - - [14/Feb/2020:18:48:36 +0900] "GET /home/en/meetourpartners/all.do HTTP/1.1" 200 95227
38.99.62.91 - - [14/Feb/2020:18:49:02 +0900] "GET /home/en/meetourpartners/domestic.do HTTP/1.1" 200 69240
38.99.62.91 - - [14/Feb/2020:18:49:41 +0900] "GET /home/en/meetourpartners/all.do HTTP/1.1" 200 95227
38.99.62.91 - - [14/Feb/2020:18:50:22 +0900] "GET /home/en/meetourpartners/domestic.do HTTP/1.1" 200 69240
38.99.62.91 - - [14/Feb/2020:18:53:51 +0900] "GET /home/en/meetourpartners/overseas.do HTTP/1.1" 200 31428
23.100.232.233 - - [14/Feb/2020:18:54:58 +0900] "GET /home/meetourpartners/domestic.do HTTP/1.1" 200 73451
66.249.72.18 - - [14/Feb/2020:18:56:35 +0900] "GET /error/kr/error.jsp HTTP/1.1" 500 3570
38.99.62.91 - - [14/Feb/2020:18:56:37 +0900] "GET /home/meetourpartners/all.do HTTP/1.1" 200 101569
38.99.62.91 - - [14/Feb/2020:18:57:17 +0900] "GET /home/en/meetourpartners/overseas.do HTTP/1.1" 200 31428
38.99.62.91 - - [14/Feb/2020:18:59:53 +0900] "GET /home/en/meetourpartners/domestic.do HTTP/1.1" 200 69240
38.99.62.91 - - [14/Feb/2020:19:00:33 +0900] "GET /home/en/meetourpartners/overseas.do HTTP/1.1" 200 31428
66.249.75.122 - - [14/Feb/2020:19:05:24 +0900] "GET /error/kr/error.jsp HTTP/1.1" 500 3570
38.99.62.91 - - [14/Feb/2020:19:06:11 +0900] "GET /home/meetourpartners/all.do HTTP/1.1" 200 101569
182.138.158.201 - - [14/Feb/2020:19:06:15 +0900] "HEAD /index.jsp HTTP/1.1" 302 -
182.138.158.201 - - [14/Feb/2020:19:06:16 +0900] "HEAD /home/en/main/main.do HTTP/1.1" 200 -
123.158.61.0 - - [14/Feb/2020:19:06:21 +0900] "GET /index.jsp HTTP/1.1" 302 -
111.224.220.189 - - [14/Feb/2020:19:06:22 +0900] "GET /index.jsp HTTP/1.1" 302 -
124.88.113.38 - - [14/Feb/2020:19:06:23 +0900] "GET /error/kr/error.jsp HTTP/1.1" 500 3570
171.116.46.66 - - [14/Feb/2020:19:06:23 +0900] "GET /index.jsp HTTP/1.1" 302 -
124.235.138.221 - - [14/Feb/2020:19:06:23 +0900] "CONNECT /index.jsp HTTP/1.1" 405 1105
124.88.112.194 - - [14/Feb/2020:19:06:23 +0900] "CONNECT /index.jsp HTTP/1.1" 405 1105
66.249.72.18 - - [14/Feb/2020:19:06:24 +0900] "GET /error/kr/error.jsp HTTP/1.1" 500 3570
60.13.7.44 - - [14/Feb/2020:19:06:25 +0900] "GET /index.jsp HTTP/1.1" 302 -
113.200.71.108 - - [14/Feb/2020:19:06:25 +0900] "CONNECT /index.jsp HTTP/1.1" 405 1105
58.249.99.76 - - [14/Feb/2020:19:06:27 +0900] "CONNECT /index.jsp HTTP/1.1" 405 1105
38.99.62.91 - - [14/Feb/2020:19:06:50 +0900] "GET /home/en/meetourpartners/overseas.do HTTP/1.1" 200 31428
23.100.232.233 - - [14/Feb/2020:19:07:57 +0900] "GET /index.jsp HTTP/1.1" 302 -
23.100.232.233 - - [14/Feb/2020:19:07:57 +0900] "GET /home/en/main/main.do HTTP/1.1" 200 11080
38.99.62.91 - - [14/Feb/2020:19:08:09 +0900] "GET /home/meetourpartners/all.do HTTP/1.1" 200 101569
38.99.62.91 - - [14/Feb/2020:19:08:49 +0900] "GET /home/en/meetourpartners/overseas.do HTTP/1.1" 200 31428
52.23.166.193 - - [14/Feb/2020:19:10:35 +0900] "GET /index.jsp HTTP/1.1" 302 -
52.23.166.193 - - [14/Feb/2020:19:10:35 +0900] "GET /home/main/main.do HTTP/1.1" 200 12222
52.23.166.193 - - [14/Feb/2020:19:10:36 +0900] "GET /home/main/main.do HTTP/1.1" 200 12222
52.23.166.193 - - [14/Feb/2020:19:10:36 +0900] "GET /home/main/main.do HTTP/1.1" 200 12222
207.46.13.77 - - [14/Feb/2020:19:12:23 +0900] "GET /error/kr/error.jsp HTTP/1.1" 500 3570
38.99.62.91 - - [14/Feb/2020:19:12:30 +0900] "GET /home/en/meetourpartners/all.do HTTP/1.1" 200 95227
38.99.62.91 - - [14/Feb/2020:19:13:10 +0900] "GET /home/en/meetourpartners/overseas.do HTTP/1.1" 200 31428
38.99.62.91 - - [14/Feb/2020:19:14:29 +0900] "GET /home/en/meetourpartners/all.do HTTP/1.1" 200 95227
38.99.62.91 - - [14/Feb/2020:19:15:08 +0900] "GET /home/en/meetourpartners/overseas.do HTTP/1.1" 200 31428
66.249.69.249 - - [14/Feb/2020:19:15:32 +0900] "GET /error/kr/error.jsp HTTP/1.1" 500 3762
38.99.62.91 - - [14/Feb/2020:19:15:48 +0900] "GET /home/news/news/view.do?page=1&num=11 HTTP/1.1" 200 5548
66.249.72.18 - - [14/Feb/2020:19:16:15 +0900] "GET /error/kr/error.jsp HTTP/1.1" 500 3570
38.99.62.91 - - [14/Feb/2020:19:16:28 +0900] "GET /home/news/news/view.do?page=1&num=12 HTTP/1.1" 200 9083
38.99.62.91 - - [14/Feb/2020:19:17:08 +0900] "GET /home/en/meetourpartners/all.do HTTP/1.1" 200 95227
38.99.62.91 - - [14/Feb/2020:19:17:49 +0900] "GET /home/news/news/view.do?page=1&num=11 HTTP/1.1" 200 5548
38.99.62.91 - - [14/Feb/2020:19:18:14 +0900] "GET /home/news/news/view.do?page=2&num=11 HTTP/1.1" 200 5548
38.99.62.91 - - [14/Feb/2020:19:18:54 +0900] "GET /home/news/news/view.do?page=2&num=10 HTTP/1.1" 200 6756
38.99.62.91 - - [14/Feb/2020:19:19:33 +0900] "GET /home/news/news/view.do?page=2&num=11 HTTP/1.1" 200 5548
38.99.62.91 - - [14/Feb/2020:19:20:14 +0900] "GET /home/news/news/view.do?page=2&num=12 HTTP/1.1" 200 9083
193.111.62.163 - - [14/Feb/2020:19:21:27 +0900] "GET /home/news/news/list.do HTTP/1.1" 200 7091
38.99.62.91 - - [14/Feb/2020:19:21:34 +0900] "GET /home/news/news/view.do?page=2&num=13 HTTP/1.1" 200 9159
38.99.62.91 - - [14/Feb/2020:19:22:39 +0900] "GET /home/news/news/view.do?page=2&num=14 HTTP/1.1" 200 6736
38.99.62.91 - - [14/Feb/2020:19:23:19 +0900] "GET /home/en/meetourpartners/all.do HTTP/1.1" 200 95227
103.131.71.130 - - [14/Feb/2020:19:23:44 +0900] "GET /error/kr/error.jsp HTTP/1.1" 500 3570
103.131.71.143 - - [14/Feb/2020:19:23:46 +0900] "GET /error/kr/error.jsp HTTP/1.1" 500 3762
103.131.71.128 - - [14/Feb/2020:19:23:48 +0900] "GET /home/en/whoweare/korea.do HTTP/1.1" 200 43296
103.131.71.130 - - [14/Feb/2020:19:23:50 +0900] "GET /error/kr/error.jsp HTTP/1.1" 500 3570
103.131.71.142 - - [14/Feb/2020:19:23:52 +0900] "GET /home/en/main/main.do HTTP/1.1" 200 11080
38.99.62.91 - - [14/Feb/2020:19:23:58 +0900] "GET /home/news/news/view.do?page=2&num=14 HTTP/1.1" 200 6736
38.99.62.91 - - [14/Feb/2020:19:24:38 +0900] "GET /home/en/meetourpartners/all.do HTTP/1.1" 200 95227
38.99.62.91 - - [14/Feb/2020:19:25:17 +0900] "GET /home/news/news/view.do?page=2&num=15 HTTP/1.1" 200 9181
66.249.65.218 - - [14/Feb/2020:19:26:15 +0900] "GET /error/kr/error.jsp HTTP/1.1" 500 3570
38.99.62.91 - - [14/Feb/2020:19:26:37 +0900] "GET /home/news/news/view.do?page=2&num=16 HTTP/1.1" 200 5666
38.99.62.91 - - [14/Feb/2020:19:27:55 +0900] "GET /home/news/news/view.do?page=2&num=17 HTTP/1.1" 200 5761
38.99.62.91 - - [14/Feb/2020:19:29:14 +0900] "GET /home/en/meetourpartners/all.do HTTP/1.1" 200 95227
38.99.62.91 - - [14/Feb/2020:19:29:54 +0900] "GET /home/news/news/view.do?page=2&num=18 HTTP/1.1" 200 9137
125.209.235.168 - - [14/Feb/2020:19:30:44 +0900] "GET /error/kr/error.jsp HTTP/1.1" 500 3570
125.209.235.176 - - [14/Feb/2020:19:30:44 +0900] "GET /error/kr/error.jsp HTTP/1.1" 500 3570
218.237.45.182 - - [14/Feb/2020:19:33:47 +0900] "GET /index.jsp HTTP/1.1" 302 -
218.237.45.182 - - [14/Feb/2020:19:33:47 +0900] "GET /home/main/main.do HTTP/1.1" 200 12222
218.237.45.182 - - [14/Feb/2020:19:33:52 +0900] "GET /home/contact/contact.do HTTP/1.1" 200 5224
218.237.45.182 - - [14/Feb/2020:19:34:04 +0900] "GET /home/about/about.do HTTP/1.1" 200 14216
218.237.45.182 - - [14/Feb/2020:19:34:10 +0900] "GET /home/whoweare/korea.do HTTP/1.1" 200 29677
119.207.72.155 - - [14/Feb/2020:19:35:36 +0900] "GET /index.jsp HTTP/1.1" 302 -
119.207.72.155 - - [14/Feb/2020:19:35:36 +0900] "GET /home/main/main.do HTTP/1.1" 200 12222
66.249.65.214 - - [14/Feb/2020:19:36:08 +0900] "GET /error/kr/error.jsp HTTP/1.1" 500 3570
23.100.232.233 - - [14/Feb/2020:19:39:16 +0900] "GET /home/meetourpartners/domestic.do HTTP/1.1" 200 73451
198.15.181.24 - - [14/Feb/2020:19:41:12 +0900] "GET /index.jsp HTTP/1.1" 302 -
198.15.181.24 - - [14/Feb/2020:19:41:12 +0900] "GET /home/en/main/main.do HTTP/1.1" 200 11080
218.237.45.182 - - [14/Feb/2020:19:44:37 +0900] "GET /home/whoweare/korea.do HTTP/1.1" 200 29677
218.237.45.182 - - [14/Feb/2020:19:44:39 +0900] "GET /home/watwedo/overview.do HTTP/1.1" 200 6147
125.209.235.171 - - [14/Feb/2020:19:45:44 +0900] "GET /home/whoweare/korea.do HTTP/1.1" 200 29677
112.19.183.214 - - [14/Feb/2020:19:50:20 +0900] "GET /error/kr/error.jsp HTTP/1.1" 500 3570
14.35.28.57 - - [14/Feb/2020:19:51:57 +0900] "GET /index.jsp HTTP/1.1" 302 -
14.35.28.57 - - [14/Feb/2020:19:51:57 +0900] "GET /home/main/main.do HTTP/1.1" 200 12222
207.46.13.67 - - [14/Feb/2020:19:59:35 +0900] "GET /error/kr/error.jsp HTTP/1.1" 500 3570
79.21.198.232 - - [14/Feb/2020:20:05:49 +0900] "GET /index.jsp HTTP/1.1" 302 -
66.249.65.186 - - [14/Feb/2020:20:06:13 +0900] "GET /error/kr/error.jsp HTTP/1.1" 500 3762
196.52.43.69 - - [14/Feb/2020:20:09:58 +0900] "GET /index.jsp HTTP/1.1" 302 -
42.123.77.121 - - [14/Feb/2020:20:15:59 +0900] "GET /error/kr/error.jsp HTTP/1.1" 500 3570
193.111.62.163 - - [14/Feb/2020:20:17:34 +0900] "GET /home/news/news/list.do HTTP/1.1" 200 7091
34.236.191.32 - - [14/Feb/2020:20:21:49 +0900] "GET /error/kr/error.jsp HTTP/1.1" 500 3570
34.236.191.32 - - [14/Feb/2020:20:21:49 +0900] "GET /index.jsp HTTP/1.1" 302 -
34.236.191.32 - - [14/Feb/2020:20:21:50 +0900] "GET /error/kr/error.jsp HTTP/1.1" 500 3570
34.236.191.32 - - [14/Feb/2020:20:21:50 +0900] "GET /home/en/main/main.do HTTP/1.1" 200 11080
222.231.30.115 - - [14/Feb/2020:20:26:54 +0900] "GET /index.jsp HTTP/1.1" 302 -
222.231.30.115 - - [14/Feb/2020:20:26:54 +0900] "GET /home/main/main.do HTTP/1.1" 200 12222
222.231.30.115 - - [14/Feb/2020:20:26:55 +0900] "GET /home/main/main.do HTTP/1.1" 200 12222
222.231.30.115 - - [14/Feb/2020:20:26:56 +0900] "GET /home/main/main.do HTTP/1.1" 200 12222
40.77.167.116 - - [14/Feb/2020:20:29:18 +0900] "GET /error/kr/error.jsp HTTP/1.1" 500 3570
1.222.74.202 - - [14/Feb/2020:20:34:07 +0900] "GET /index.jsp?ko HTTP/1.1" 302 -
1.222.74.202 - - [14/Feb/2020:20:34:07 +0900] "GET /home/main/main.do HTTP/1.1" 200 12222
1.222.74.202 - - [14/Feb/2020:20:34:28 +0900] "GET /index.jsp?ko HTTP/1.1" 302 -
1.222.74.202 - - [14/Feb/2020:20:34:28 +0900] "GET /home/main/main.do HTTP/1.1" 200 12222
66.249.65.188 - - [14/Feb/2020:20:36:26 +0900] "GET /error/kr/error.jsp HTTP/1.1" 500 3762
222.122.190.69 - - [14/Feb/2020:20:46:23 +0900] "GET /index.jsp HTTP/1.1" 302 -
222.122.190.69 - - [14/Feb/2020:20:46:23 +0900] "GET /home/main/main.do HTTP/1.1" 200 12222
222.122.190.69 - - [14/Feb/2020:20:46:23 +0900] "GET /index.jsp HTTP/1.1" 302 -
222.122.190.69 - - [14/Feb/2020:20:46:23 +0900] "GET /home/main/main.do HTTP/1.1" 200 12222
222.122.190.69 - - [14/Feb/2020:20:46:23 +0900] "GET /error/kr/error.jsp HTTP/1.1" 500 3570
66.249.65.186 - - [14/Feb/2020:20:46:39 +0900] "GET /error/kr/error.jsp HTTP/1.1" 500 3762
13.66.139.1 - - [14/Feb/2020:20:54:15 +0900] "GET /error/kr/error.jsp HTTP/1.1" 500 3762
121.88.244.58 - - [14/Feb/2020:20:54:31 +0900] "GET /index.jsp HTTP/1.1" 302 -
121.88.244.58 - - [14/Feb/2020:20:54:31 +0900] "GET /home/main/main.do HTTP/1.1" 200 12222
121.88.244.58 - - [14/Feb/2020:20:55:28 +0900] "GET /home/watwedo/overview.do HTTP/1.1" 200 6147
66.249.65.186 - - [14/Feb/2020:20:56:42 +0900] "GET /error/kr/error.jsp HTTP/1.1" 500 3762
23.100.232.233 - - [14/Feb/2020:20:57:49 +0900] "GET /home/en/watwedo/history.do HTTP/1.1" 200 10541
121.88.244.58 - - [14/Feb/2020:20:57:59 +0900] "GET /home/watwedo/history.do HTTP/1.1" 200 10614
121.88.244.58 - - [14/Feb/2020:20:58:04 +0900] "GET /home/watwedo/philosophy.do HTTP/1.1" 200 7162
121.88.244.58 - - [14/Feb/2020:20:58:11 +0900] "GET /home/news/news/list.do HTTP/1.1" 200 7091
121.88.244.58 - - [14/Feb/2020:20:58:15 +0900] "GET /home/contact/contact.do HTTP/1.1" 200 5224
121.88.244.58 - - [14/Feb/2020:20:58:20 +0900] "GET /home/whoweare/korea.do HTTP/1.1" 200 29677
119.207.72.111 - - [14/Feb/2020:21:01:01 +0900] "GET /index.jsp HTTP/1.1" 302 -
119.207.72.111 - - [14/Feb/2020:21:01:01 +0900] "GET /home/main/main.do HTTP/1.1" 200 12222
119.207.72.109 - - [14/Feb/2020:21:01:07 +0900] "GET /index.jsp HTTP/1.1" 302 -
119.207.72.109 - - [14/Feb/2020:21:01:07 +0900] "GET /home/main/main.do HTTP/1.1" 200 12222
13.66.139.0 - - [14/Feb/2020:21:06:31 +0900] "GET /home/watwedo/overview.do HTTP/1.1" 200 7044
66.249.65.214 - - [14/Feb/2020:21:06:59 +0900] "GET /error/kr/error.jsp HTTP/1.1" 500 3570
8.208.20.89 - - [14/Feb/2020:21:09:11 +0900] "GET /error/kr/error.jsp HTTP/1.1" 500 3570
157.55.39.23 - - [14/Feb/2020:21:15:08 +0900] "GET /error/kr/error.jsp HTTP/1.1" 500 3570
40.77.167.3 - - [14/Feb/2020:21:15:10 +0900] "GET /index.jsp HTTP/1.1" 302 -
183.96.182.27 - - [14/Feb/2020:21:20:28 +0900] "GET /index.jsp HTTP/1.1" 302 -
183.96.182.27 - - [14/Feb/2020:21:20:28 +0900] "GET /home/main/main.do HTTP/1.1" 200 12222
14.32.95.192 - - [14/Feb/2020:21:21:34 +0900] "GET /home/whoweare/korea.do HTTP/1.1" 200 43261
183.96.182.27 - - [14/Feb/2020:21:21:53 +0900] "GET /home/en/main/main.do HTTP/1.1" 200 11080
183.96.182.27 - - [14/Feb/2020:21:22:31 +0900] "GET /home/main/main.do HTTP/1.1" 200 12222
183.96.182.27 - - [14/Feb/2020:21:23:09 +0900] "GET /home/en/main/main.do HTTP/1.1" 200 11080
183.96.182.27 - - [14/Feb/2020:21:25:25 +0900] "GET /home/main/main.do HTTP/1.1" 200 12222
193.111.62.163 - - [14/Feb/2020:21:25:55 +0900] "GET /home/news/news/list.do HTTP/1.1" 200 7091
34.199.176.251 - - [14/Feb/2020:21:27:21 +0900] "GET /home/news/news/view.do?num=2 HTTP/1.1" 200 6974
34.199.176.251 - - [14/Feb/2020:21:27:22 +0900] "GET /home/news/news/view.do HTTP/1.1" 500 3570
34.199.176.251 - - [14/Feb/2020:21:27:33 +0900] "GET /home/news/news/view.do?num=2 HTTP/1.1" 200 6974
34.199.176.251 - - [14/Feb/2020:21:27:34 +0900] "GET /home/news/news/view.do HTTP/1.1" 500 3570
34.199.176.251 - - [14/Feb/2020:21:28:40 +0900] "GET /home/news/news/view.do?num=2 HTTP/1.1" 200 6974
34.199.176.251 - - [14/Feb/2020:21:28:41 +0900] "GET /home/news/news/view.do HTTP/1.1" 500 3570
107.164.94.46 - - [14/Feb/2020:21:29:12 +0900] "GET /home/en/about/about.do HTTP/1.1" 200 16658
40.77.167.116 - - [14/Feb/2020:21:33:49 +0900] "GET /error/kr/error.jsp HTTP/1.1" 500 3570
66.249.65.190 - - [14/Feb/2020:21:36:41 +0900] "GET /error/kr/error.jsp HTTP/1.1" 500 3762
34.87.103.25 - - [14/Feb/2020:21:38:13 +0900] "GET /error/kr/error.jsp HTTP/1.1" 500 3570
34.87.103.25 - - [14/Feb/2020:21:38:13 +0900] "GET /error/kr/error.jsp HTTP/1.1" 500 3570
34.87.103.25 - - [14/Feb/2020:21:38:13 +0900] "GET /index.jsp HTTP/1.1" 302 -
34.87.103.25 - - [14/Feb/2020:21:38:13 +0900] "GET /error/kr/error.jsp HTTP/1.1" 500 3570
34.87.103.25 - - [14/Feb/2020:21:38:13 +0900] "GET /error/kr/error.jsp HTTP/1.1" 500 3570
34.87.103.25 - - [14/Feb/2020:21:38:13 +0900] "GET /error/kr/error.jsp HTTP/1.1" 500 3570
34.87.103.25 - - [14/Feb/2020:21:38:14 +0900] "GET /error/kr/error.jsp HTTP/1.1" 500 3570
34.199.176.251 - - [14/Feb/2020:21:40:51 +0900] "GET /index.jsp HTTP/1.1" 302 -
34.199.176.251 - - [14/Feb/2020:21:40:51 +0900] "GET /home/main/main.do HTTP/1.1" 200 12222
34.199.176.251 - - [14/Feb/2020:21:42:32 +0900] "GET /index.jsp HTTP/1.1" 302 -
34.199.176.251 - - [14/Feb/2020:21:42:32 +0900] "GET /home/main/main.do HTTP/1.1" 200 12222
40.77.167.116 - - [14/Feb/2020:21:42:33 +0900] "GET /error/kr/error.jsp HTTP/1.1" 500 3570
66.249.65.214 - - [14/Feb/2020:21:46:50 +0900] "GET /error/kr/error.jsp HTTP/1.1" 500 3570
167.98.108.182 - - [14/Feb/2020:21:47:30 +0900] "HEAD /index.jsp HTTP/1.1" 302 -
40.77.167.116 - - [14/Feb/2020:22:00:39 +0900] "GET /error/kr/error.jsp HTTP/1.1" 500 3570
34.199.176.251 - - [14/Feb/2020:22:03:11 +0900] "GET /home/news/news/view.do?num=3 HTTP/1.1" 200 5573
34.199.176.251 - - [14/Feb/2020:22:03:12 +0900] "GET /home/news/news/view.do HTTP/1.1" 500 3570
23.100.232.233 - - [14/Feb/2020:22:06:42 +0900] "GET /home/en/watwedo/history.do HTTP/1.1" 200 10541
40.77.167.116 - - [14/Feb/2020:22:08:30 +0900] "GET /error/kr/error.jsp HTTP/1.1" 500 3570
94.158.36.183 - - [14/Feb/2020:22:10:26 +0900] "GET /error/kr/error.jsp HTTP/1.1" 500 3570
94.158.36.183 - - [14/Feb/2020:22:10:29 +0900] "GET /error/kr/error.jsp HTTP/1.1" 500 3570
121.254.147.237 - - [14/Feb/2020:22:11:47 +0900] "GET /index.jsp HTTP/1.1" 302 -
121.254.147.237 - - [14/Feb/2020:22:11:47 +0900] "GET /home/en/main/main.do HTTP/1.1" 200 11080
40.77.167.116 - - [14/Feb/2020:22:12:39 +0900] "GET /error/kr/error.jsp HTTP/1.1" 500 3570
193.111.62.163 - - [14/Feb/2020:22:16:32 +0900] "GET /home/news/news/list.do HTTP/1.1" 200 7091
39.104.235.66 - - [14/Feb/2020:22:18:16 +0900] "GET /error/kr/error.jsp HTTP/1.1" 500 3570
141.255.103.1 - - [14/Feb/2020:22:21:02 +0900] "GET /index.jsp HTTP/1.1" 302 -
