77.75.76.165 - - [04/Jan/2020:00:00:40 +0900] "GET /error/kr/error.jsp HTTP/1.1" 500 3570
125.209.235.169 - - [04/Jan/2020:00:08:18 +0900] "GET /error/kr/error.jsp HTTP/1.1" 500 3570
165.225.106.174 - - [04/Jan/2020:00:11:48 +0900] "GET /index.jsp HTTP/1.1" 302 -
165.225.106.174 - - [04/Jan/2020:00:11:48 +0900] "GET /home/en/main/main.do HTTP/1.1" 200 11080
210.222.94.223 - - [04/Jan/2020:00:13:42 +0900] "GET /index.jsp HTTP/1.1" 302 -
210.222.94.223 - - [04/Jan/2020:00:13:42 +0900] "GET /home/main/main.do HTTP/1.1" 200 12222
193.111.62.163 - - [04/Jan/2020:00:16:32 +0900] "GET /home/news/news/list.do HTTP/1.1" 200 7091
207.46.13.147 - - [04/Jan/2020:00:27:18 +0900] "GET /error/kr/error.jsp HTTP/1.1" 500 3570
207.46.13.199 - - [04/Jan/2020:00:29:32 +0900] "GET /error/kr/error.jsp HTTP/1.1" 500 3570
119.207.72.109 - - [04/Jan/2020:00:34:27 +0900] "GET /index.jsp HTTP/1.1" 302 -
119.207.72.109 - - [04/Jan/2020:00:34:27 +0900] "GET /home/main/main.do HTTP/1.1" 200 12222
119.207.72.72 - - [04/Jan/2020:00:34:31 +0900] "GET /home/contact/contact.do HTTP/1.1" 200 5224
119.207.72.70 - - [04/Jan/2020:00:34:33 +0900] "GET /home/contact/contact.do HTTP/1.1" 200 5224
52.71.157.13 - - [04/Jan/2020:00:54:04 +0900] "GET /index.jsp HTTP/1.1" 302 -
52.71.157.13 - - [04/Jan/2020:00:54:05 +0900] "GET /home/main/main.do HTTP/1.1" 200 12222
5.188.84.61 - - [04/Jan/2020:00:59:04 +0900] "GET /index.jsp HTTP/1.0" 302 -
5.188.84.61 - - [04/Jan/2020:00:59:05 +0900] "GET /home/main/main.do HTTP/1.0" 200 12222
182.72.88.83 - - [04/Jan/2020:01:05:18 +0900] "HEAD /home/en/contact/contact.do HTTP/1.1" 200 -
192.241.100.73 - - [04/Jan/2020:01:05:19 +0900] "GET /home/en/contact/contact.do? HTTP/1.1" 200 5187
182.72.88.83 - - [04/Jan/2020:01:05:45 +0900] "HEAD /index.jsp HTTP/1.1" 302 -
182.72.88.83 - - [04/Jan/2020:01:05:46 +0900] "HEAD /home/main/main.do HTTP/1.1" 200 -
54.208.104.208 - - [04/Jan/2020:01:07:05 +0900] "GET /index.jsp HTTP/1.1" 302 -
54.208.104.208 - - [04/Jan/2020:01:07:06 +0900] "GET /home/main/main.do HTTP/1.1" 200 12222
54.208.104.208 - - [04/Jan/2020:01:07:06 +0900] "GET /home/main/main.do HTTP/1.1" 200 12222
54.208.104.208 - - [04/Jan/2020:01:07:06 +0900] "GET /home/main/main.do HTTP/1.1" 200 12222
157.55.39.82 - - [04/Jan/2020:01:09:38 +0900] "GET /error/kr/error.jsp HTTP/1.1" 500 3570
59.6.34.171 - - [04/Jan/2020:01:10:16 +0900] "GET /index.jsp HTTP/1.1" 302 -
59.6.34.171 - - [04/Jan/2020:01:10:16 +0900] "GET /home/main/main.do HTTP/1.1" 200 12222
59.6.34.171 - - [04/Jan/2020:01:10:26 +0900] "GET /home/whoweare/korea.do HTTP/1.1" 200 31387
193.111.62.163 - - [04/Jan/2020:01:17:40 +0900] "GET /home/news/news/list.do HTTP/1.1" 200 7091
204.13.155.25 - - [04/Jan/2020:01:18:39 +0900] "GET /error/kr/error.jsp HTTP/1.1" 500 3570
207.46.13.147 - - [04/Jan/2020:01:26:10 +0900] "GET /error/kr/error.jsp HTTP/1.1" 500 3570
182.72.88.83 - - [04/Jan/2020:01:26:33 +0900] "HEAD /home/en/contact/contact.do HTTP/1.1" 200 -
182.72.88.83 - - [04/Jan/2020:01:26:34 +0900] "GET /home/en/contact/contact.do HTTP/1.1" 200 5187
157.55.39.157 - - [04/Jan/2020:01:30:47 +0900] "GET /error/kr/error.jsp HTTP/1.1" 500 3570
34.199.176.251 - - [04/Jan/2020:01:32:16 +0900] "GET /home/news/news/list.do HTTP/1.1" 200 7091
77.75.76.160 - - [04/Jan/2020:01:37:11 +0900] "GET /error/kr/error.jsp HTTP/1.1" 500 3570
157.55.39.13 - - [04/Jan/2020:01:40:37 +0900] "GET /error/kr/error.jsp HTTP/1.1" 500 3570
207.46.13.147 - - [04/Jan/2020:01:41:08 +0900] "GET /error/kr/error.jsp HTTP/1.1" 500 3570
89.44.128.251 - - [04/Jan/2020:01:42:34 +0900] "GET /index.jsp HTTP/1.1" 302 -
211.231.97.203 - - [04/Jan/2020:01:55:39 +0900] "GET /error/kr/error.jsp HTTP/1.1" 500 3570
211.231.97.24 - - [04/Jan/2020:01:55:39 +0900] "GET /error/kr/error.jsp HTTP/1.1" 500 3570
211.231.104.110 - - [04/Jan/2020:01:55:40 +0900] "GET /error/kr/error.jsp HTTP/1.1" 500 3570
211.231.104.110 - - [04/Jan/2020:01:55:43 +0900] "GET /error/kr/error.jsp HTTP/1.1" 500 3570
89.39.153.133 - - [04/Jan/2020:01:58:50 +0900] "GET /index.jsp HTTP/1.1" 302 -
207.46.13.147 - - [04/Jan/2020:02:07:52 +0900] "GET /error/kr/error.jsp HTTP/1.1" 500 3570
125.209.235.167 - - [04/Jan/2020:02:08:18 +0900] "GET /error/kr/error.jsp HTTP/1.1" 500 3570
193.111.62.163 - - [04/Jan/2020:02:16:31 +0900] "GET /home/news/news/list.do HTTP/1.1" 200 7091
207.46.13.6 - - [04/Jan/2020:02:22:52 +0900] "GET /home/en/main/main.do HTTP/1.1" 200 8279
157.55.39.220 - - [04/Jan/2020:02:23:47 +0900] "GET /error/kr/error.jsp HTTP/1.1" 500 3570
80.211.6.136 - - [04/Jan/2020:02:26:52 +0900] "GET /index.jsp HTTP/1.0" 302 -
157.55.39.220 - - [04/Jan/2020:02:27:31 +0900] "GET /error/kr/error.jsp HTTP/1.1" 500 3570
34.199.176.251 - - [04/Jan/2020:02:27:37 +0900] "GET /home/news/news/view.do?num=3 HTTP/1.1" 200 5573
34.199.176.251 - - [04/Jan/2020:02:27:38 +0900] "GET /home/news/news/view.do?num=3 HTTP/1.1" 200 5573
66.249.83.117 - - [04/Jan/2020:02:30:00 +0900] "GET /index.jsp HTTP/1.1" 302 -
66.249.83.119 - - [04/Jan/2020:02:30:01 +0900] "GET /home/main/main.do HTTP/1.1" 200 12222
66.249.64.214 - - [04/Jan/2020:02:35:07 +0900] "GET /error/kr/error.jsp HTTP/1.1" 500 3570
54.171.102.112 - - [04/Jan/2020:02:35:23 +0900] "GET /index.jsp HTTP/1.1" 302 -
54.229.68.81 - - [04/Jan/2020:02:35:24 +0900] "GET /home/main/main.do HTTP/1.1" 200 12222
157.55.39.220 - - [04/Jan/2020:02:44:46 +0900] "GET /error/kr/error.jsp HTTP/1.1" 500 3762
157.55.39.220 - - [04/Jan/2020:02:44:47 +0900] "GET /error/kr/error.jsp HTTP/1.1" 500 3762
119.207.72.109 - - [04/Jan/2020:02:55:47 +0900] "GET /home/main/main.do HTTP/1.1" 200 12222
119.207.72.108 - - [04/Jan/2020:02:55:50 +0900] "GET /home/news/news/list.do HTTP/1.1" 200 7091
42.156.254.70 - - [04/Jan/2020:02:57:36 +0900] "GET /index.jsp HTTP/1.1" 302 -
42.156.254.68 - - [04/Jan/2020:02:57:36 +0900] "GET /home/main/main.do HTTP/1.1" 200 12222
207.46.13.6 - - [04/Jan/2020:03:01:12 +0900] "GET /error/kr/error.jsp HTTP/1.1" 500 3570
207.46.13.6 - - [04/Jan/2020:03:01:27 +0900] "GET /error/kr/error.jsp HTTP/1.1" 500 3570
222.231.30.115 - - [04/Jan/2020:03:06:06 +0900] "GET /index.jsp HTTP/1.1" 302 -
222.231.30.115 - - [04/Jan/2020:03:06:06 +0900] "GET /home/main/main.do HTTP/1.1" 200 12222
222.231.30.115 - - [04/Jan/2020:03:06:07 +0900] "GET /home/main/main.do HTTP/1.1" 200 12222
222.231.30.115 - - [04/Jan/2020:03:06:08 +0900] "GET /home/main/main.do HTTP/1.1" 200 12222
51.68.225.51 - - [04/Jan/2020:03:10:16 +0900] "GET /index.jsp HTTP/1.0" 302 -
193.111.62.163 - - [04/Jan/2020:03:19:36 +0900] "GET /home/news/news/list.do HTTP/1.1" 200 7091
34.199.176.251 - - [04/Jan/2020:03:31:26 +0900] "GET /home/news/news/view.do?num=2 HTTP/1.1" 200 6974
34.199.176.251 - - [04/Jan/2020:03:31:26 +0900] "GET /home/news/news/view.do?num=2 HTTP/1.1" 200 6974
77.75.76.160 - - [04/Jan/2020:03:31:30 +0900] "GET /error/kr/error.jsp HTTP/1.1" 500 3570
207.46.13.5 - - [04/Jan/2020:03:32:23 +0900] "GET /error/kr/error.jsp HTTP/1.1" 500 3570
34.199.176.251 - - [04/Jan/2020:03:33:04 +0900] "GET /home/news/news/view.do?num=2 HTTP/1.1" 200 6974
34.199.176.251 - - [04/Jan/2020:03:33:05 +0900] "GET /home/news/news/view.do?num=2 HTTP/1.1" 200 6974
207.46.13.5 - - [04/Jan/2020:03:33:51 +0900] "GET /error/kr/error.jsp HTTP/1.1" 500 3570
157.55.39.220 - - [04/Jan/2020:03:34:41 +0900] "GET /error/kr/error.jsp HTTP/1.1" 500 3570
157.55.39.220 - - [04/Jan/2020:03:36:12 +0900] "GET /error/kr/error.jsp HTTP/1.1" 500 3570
45.33.66.85 - - [04/Jan/2020:03:37:11 +0900] "GET /error/kr/error.jsp HTTP/1.1" 500 3570
222.186.19.221 - - [04/Jan/2020:03:42:04 +0900] "CONNECT /index.jsp HTTP/1.1" 405 1105
173.252.95.1 - - [04/Jan/2020:03:45:56 +0900] "GET /index.jsp?ko HTTP/1.1" 302 -
173.252.95.38 - - [04/Jan/2020:03:45:56 +0900] "GET /index.jsp?ko HTTP/1.1" 302 -
173.252.95.38 - - [04/Jan/2020:03:45:56 +0900] "GET /index.jsp?ko HTTP/1.1" 302 -
173.252.95.22 - - [04/Jan/2020:03:45:56 +0900] "GET /index.jsp?ko HTTP/1.1" 302 -
173.252.95.1 - - [04/Jan/2020:03:45:56 +0900] "GET /home/main/main.do HTTP/1.1" 200 12222
173.252.95.38 - - [04/Jan/2020:03:45:56 +0900] "GET /home/main/main.do HTTP/1.1" 200 12222
173.252.95.38 - - [04/Jan/2020:03:45:56 +0900] "GET /home/main/main.do HTTP/1.1" 200 12222
173.252.95.22 - - [04/Jan/2020:03:45:56 +0900] "GET /home/main/main.do HTTP/1.1" 200 12222
45.182.156.3 - - [04/Jan/2020:03:51:28 +0900] "GET /index.jsp HTTP/1.1" 302 -
157.55.39.220 - - [04/Jan/2020:03:55:36 +0900] "GET /error/kr/error.jsp HTTP/1.1" 500 3570
157.55.39.220 - - [04/Jan/2020:03:57:38 +0900] "GET /error/kr/error.jsp HTTP/1.1" 500 3570
124.41.193.216 - - [04/Jan/2020:03:59:45 +0900] "GET /index.jsp HTTP/1.1" 302 -
36.67.124.226 - - [04/Jan/2020:04:00:02 +0900] "GET /index.jsp HTTP/1.1" 302 -
207.46.13.6 - - [04/Jan/2020:04:08:00 +0900] "GET /error/kr/error.jsp HTTP/1.1" 500 3570
125.209.235.167 - - [04/Jan/2020:04:08:17 +0900] "GET /error/kr/error.jsp HTTP/1.1" 500 3570
17.58.96.118 - - [04/Jan/2020:04:08:27 +0900] "GET /error/kr/error.jsp HTTP/1.1" 500 3570
207.46.13.6 - - [04/Jan/2020:04:09:35 +0900] "GET /error/kr/error.jsp HTTP/1.1" 500 3570
121.254.147.237 - - [04/Jan/2020:04:13:37 +0900] "GET /index.jsp HTTP/1.1" 302 -
121.254.147.237 - - [04/Jan/2020:04:13:37 +0900] "GET /home/en/main/main.do HTTP/1.1" 200 11080
188.255.246.177 - - [04/Jan/2020:04:15:21 +0900] "GET /index.jsp HTTP/1.1" 302 -
139.9.61.200 - - [04/Jan/2020:04:16:00 +0900] "GET /error/kr/error.jsp HTTP/1.1" 500 3570
193.111.62.163 - - [04/Jan/2020:04:22:00 +0900] "GET /home/news/news/list.do HTTP/1.1" 200 7091
187.168.166.169 - - [04/Jan/2020:04:22:56 +0900] "GET /index.jsp HTTP/1.0" 302 -
119.207.72.73 - - [04/Jan/2020:04:31:46 +0900] "GET /home/whoweare/korea.do HTTP/1.1" 200 31387
119.207.72.79 - - [04/Jan/2020:04:31:47 +0900] "GET /home/whoweare/korea.do HTTP/1.1" 200 31387
157.55.39.157 - - [04/Jan/2020:04:45:12 +0900] "GET /error/kr/error.jsp HTTP/1.1" 500 3570
157.55.39.157 - - [04/Jan/2020:04:45:50 +0900] "GET /error/kr/error.jsp HTTP/1.1" 500 3570
64.225.66.211 - - [04/Jan/2020:04:57:40 +0900] "GET /index.jsp HTTP/1.1" 302 -
64.225.66.211 - - [04/Jan/2020:04:57:40 +0900] "GET /home/main/main.do HTTP/1.1" 200 12222
207.46.13.6 - - [04/Jan/2020:04:58:47 +0900] "GET /error/kr/error.jsp HTTP/1.1" 500 3570
1.237.177.12 - - [04/Jan/2020:04:59:50 +0900] "GET /index.jsp HTTP/1.1" 302 -
1.237.177.12 - - [04/Jan/2020:04:59:50 +0900] "GET /home/en/main/main.do HTTP/1.1" 200 11080
207.46.13.6 - - [04/Jan/2020:04:59:56 +0900] "GET /error/kr/error.jsp HTTP/1.1" 500 3570
35.185.20.191 - - [04/Jan/2020:05:07:33 +0900] "GET /error/kr/error.jsp HTTP/1.0" 500 3570
35.185.20.191 - - [04/Jan/2020:05:07:34 +0900] "GET /index.jsp HTTP/1.0" 302 -
35.185.20.191 - - [04/Jan/2020:05:07:34 +0900] "GET /error/kr/error.jsp HTTP/1.0" 500 3570
35.185.20.191 - - [04/Jan/2020:05:07:35 +0900] "GET /home/en/main/main.do HTTP/1.0" 200 11080
193.111.62.163 - - [04/Jan/2020:05:12:38 +0900] "GET /home/news/news/list.do HTTP/1.1" 200 7091
35.185.20.191 - - [04/Jan/2020:05:15:13 +0900] "GET /error/kr/error.jsp HTTP/1.0" 500 3570
35.185.20.191 - - [04/Jan/2020:05:15:14 +0900] "GET /index.jsp HTTP/1.0" 302 -
35.185.20.191 - - [04/Jan/2020:05:15:14 +0900] "GET /error/kr/error.jsp HTTP/1.0" 500 3570
35.185.20.191 - - [04/Jan/2020:05:15:14 +0900] "GET /home/en/main/main.do HTTP/1.0" 200 11080
223.62.202.63 - - [04/Jan/2020:05:24:31 +0900] "GET /index.jsp HTTP/1.1" 302 -
223.62.202.63 - - [04/Jan/2020:05:24:31 +0900] "GET /home/en/main/main.do HTTP/1.1" 302 -
223.62.202.63 - - [04/Jan/2020:05:24:32 +0900] "GET /home/en/main/main.do HTTP/1.1" 200 8279
223.62.202.63 - - [04/Jan/2020:05:24:38 +0900] "GET /error/kr/error.jsp HTTP/1.1" 500 3762
223.62.202.63 - - [04/Jan/2020:05:24:42 +0900] "GET /home/en/watwedo/overview.do HTTP/1.1" 200 7050
223.62.202.63 - - [04/Jan/2020:05:24:57 +0900] "GET /home/en/watwedo/history.do HTTP/1.1" 200 8791
223.62.202.63 - - [04/Jan/2020:05:25:03 +0900] "GET /home/en/watwedo/philosophy.do HTTP/1.1" 200 7423
223.62.202.63 - - [04/Jan/2020:05:25:18 +0900] "GET /home/en/contact/contact.do HTTP/1.1" 200 7252
223.62.202.63 - - [04/Jan/2020:05:25:24 +0900] "GET /home/en/whoweare/korea.do HTTP/1.1" 200 44648
77.75.78.172 - - [04/Jan/2020:05:25:27 +0900] "GET /error/kr/error.jsp HTTP/1.1" 500 3570
223.62.202.63 - - [04/Jan/2020:05:26:13 +0900] "GET /home/en/whoweare/china.do HTTP/1.1" 200 11458
223.62.202.63 - - [04/Jan/2020:05:27:19 +0900] "GET /home/en/whoweare/korea.do HTTP/1.1" 200 44648
223.62.202.63 - - [04/Jan/2020:05:28:03 +0900] "GET /home/en/whoweare/china.do HTTP/1.1" 200 11458
223.62.202.63 - - [04/Jan/2020:05:29:12 +0900] "GET /home/en/watwedo/history.do HTTP/1.1" 200 8791
223.62.202.63 - - [04/Jan/2020:05:29:16 +0900] "GET /home/en/watwedo/overview.do HTTP/1.1" 200 7050
223.62.202.63 - - [04/Jan/2020:05:29:20 +0900] "GET /home/en/watwedo/philosophy.do HTTP/1.1" 200 7423
223.62.202.63 - - [04/Jan/2020:05:29:32 +0900] "GET /home/en/watwedo/philosophy.do HTTP/1.1" 200 7423
223.62.202.63 - - [04/Jan/2020:05:29:33 +0900] "GET /home/en/watwedo/overview.do HTTP/1.1" 200 7050
223.62.202.63 - - [04/Jan/2020:05:29:35 +0900] "GET /home/en/watwedo/philosophy.do HTTP/1.1" 200 7423
112.187.238.141 - - [04/Jan/2020:05:29:41 +0900] "GET /index.jsp HTTP/1.1" 302 -
112.187.238.141 - - [04/Jan/2020:05:29:41 +0900] "GET /home/main/main.do HTTP/1.1" 302 -
112.187.238.141 - - [04/Jan/2020:05:29:41 +0900] "GET /home/main/main.do HTTP/1.1" 200 8898
112.187.238.141 - - [04/Jan/2020:05:29:42 +0900] "GET /error/kr/error.jsp HTTP/1.1" 500 3762
223.62.202.63 - - [04/Jan/2020:05:29:55 +0900] "GET /home/en/whoweare/korea.do HTTP/1.1" 200 44648
112.187.238.141 - - [04/Jan/2020:05:29:55 +0900] "GET /home/whoweare/korea.do HTTP/1.1" 200 45742
223.62.202.63 - - [04/Jan/2020:05:30:52 +0900] "GET /home/en/whoweare/china.do HTTP/1.1" 200 11458
157.55.39.220 - - [04/Jan/2020:05:31:20 +0900] "GET /error/kr/error.jsp HTTP/1.1" 500 3570
223.62.202.63 - - [04/Jan/2020:05:31:36 +0900] "GET /home/en/main/main.do HTTP/1.1" 200 8279
223.62.202.63 - - [04/Jan/2020:05:31:43 +0900] "GET /home/main/main.do HTTP/1.1" 200 8898
112.187.238.141 - - [04/Jan/2020:05:31:46 +0900] "GET /home/whoweare/korea.do HTTP/1.1" 200 45742
223.62.202.63 - - [04/Jan/2020:05:31:58 +0900] "GET /home/en/whoweare/korea.do HTTP/1.1" 200 44648
223.62.202.63 - - [04/Jan/2020:05:32:01 +0900] "GET /home/en/whoweare/korea.do HTTP/1.1" 200 44648
112.187.238.141 - - [04/Jan/2020:05:32:11 +0900] "GET /home/whoweare/china.do HTTP/1.1" 200 11536
223.62.202.63 - - [04/Jan/2020:05:32:30 +0900] "GET /home/en/whoweare/china.do HTTP/1.1" 200 11458
223.62.202.63 - - [04/Jan/2020:05:32:37 +0900] "GET /home/en/whoweare/korea.do HTTP/1.1" 200 44648
157.55.39.220 - - [04/Jan/2020:05:32:58 +0900] "GET /error/kr/error.jsp HTTP/1.1" 500 3570
112.187.238.141 - - [04/Jan/2020:05:33:51 +0900] "GET /home/whoweare/korea.do HTTP/1.1" 200 45742
112.187.238.141 - - [04/Jan/2020:05:34:44 +0900] "GET /home/watwedo/overview.do HTTP/1.1" 200 7044
112.187.238.141 - - [04/Jan/2020:05:35:09 +0900] "GET /home/watwedo/history.do HTTP/1.1" 200 8921
112.187.238.141 - - [04/Jan/2020:05:35:27 +0900] "GET /home/watwedo/philosophy.do HTTP/1.1" 200 7553
119.207.72.117 - - [04/Jan/2020:05:39:21 +0900] "GET /home/meetourpartners/all.do HTTP/1.1" 200 101569
119.207.72.117 - - [04/Jan/2020:05:39:29 +0900] "GET /home/en/main/main.do HTTP/1.1" 200 11080
157.55.39.13 - - [04/Jan/2020:05:41:55 +0900] "GET /error/kr/error.jsp HTTP/1.1" 500 3570
207.46.13.6 - - [04/Jan/2020:05:51:12 +0900] "GET /error/kr/error.jsp HTTP/1.1" 500 3570
157.55.39.157 - - [04/Jan/2020:05:55:20 +0900] "GET /home/news/news/view.do?page=1&num=2 HTTP/1.1" 200 6977
213.5.194.140 - - [04/Jan/2020:06:06:32 +0900] "GET /index.jsp HTTP/1.1" 302 -
125.209.235.173 - - [04/Jan/2020:06:08:18 +0900] "GET /error/kr/error.jsp HTTP/1.1" 500 3570
193.111.62.163 - - [04/Jan/2020:06:17:50 +0900] "GET /home/news/news/list.do HTTP/1.1" 200 7091
207.46.13.6 - - [04/Jan/2020:06:19:25 +0900] "GET /error/kr/error.jsp HTTP/1.1" 500 3570
207.46.13.6 - - [04/Jan/2020:06:20:34 +0900] "GET /error/kr/error.jsp HTTP/1.1" 500 3570
157.55.39.220 - - [04/Jan/2020:06:21:19 +0900] "GET /error/kr/error.jsp HTTP/1.1" 500 3570
157.55.39.220 - - [04/Jan/2020:06:22:04 +0900] "GET /error/kr/error.jsp HTTP/1.1" 500 3570
104.248.63.201 - - [04/Jan/2020:06:26:37 +0900] "GET /index.jsp HTTP/1.0" 302 -
119.207.72.180 - - [04/Jan/2020:06:27:17 +0900] "GET /index.jsp HTTP/1.1" 302 -
119.207.72.180 - - [04/Jan/2020:06:27:17 +0900] "GET /home/main/main.do HTTP/1.1" 200 12222
85.10.199.185 - - [04/Jan/2020:06:27:31 +0900] "GET /error/kr/error.jsp HTTP/1.1" 500 3570
37.187.134.139 - - [04/Jan/2020:06:27:38 +0900] "GET /index.jsp HTTP/1.0" 302 -
115.231.144.5 - - [04/Jan/2020:06:29:03 +0900] "GET /error/kr/error.jsp HTTP/1.1" 500 3570
182.72.88.83 - - [04/Jan/2020:06:33:19 +0900] "HEAD /home/whoweare/korea.do HTTP/1.1" 200 -
192.186.191.192 - - [04/Jan/2020:06:33:20 +0900] "GET /home/whoweare/korea.do? HTTP/1.1" 200 31387
182.72.88.83 - - [04/Jan/2020:06:33:24 +0900] "HEAD /home/whoweare/korea.do HTTP/1.1" 200 -
192.186.191.192 - - [04/Jan/2020:06:33:25 +0900] "GET /home/whoweare/korea.do? HTTP/1.1" 200 31387
182.72.88.83 - - [04/Jan/2020:06:34:36 +0900] "HEAD /home/whoweare/china.do HTTP/1.1" 200 -
192.186.191.192 - - [04/Jan/2020:06:34:37 +0900] "GET /home/whoweare/china.do? HTTP/1.1" 200 10340
157.55.39.157 - - [04/Jan/2020:06:36:34 +0900] "GET /error/kr/error.jsp HTTP/1.1" 500 3570
157.55.39.157 - - [04/Jan/2020:06:37:14 +0900] "GET /error/kr/error.jsp HTTP/1.1" 500 3570
116.114.19.204 - - [04/Jan/2020:06:47:00 +0900] "GET /error/kr/error.jsp HTTP/1.0" 500 3570
125.209.235.172 - - [04/Jan/2020:06:48:17 +0900] "GET /index.jsp HTTP/1.1" 302 -
125.209.235.172 - - [04/Jan/2020:06:48:19 +0900] "GET /home/main/main.do HTTP/1.1" 200 12222
51.159.55.54 - - [04/Jan/2020:06:57:10 +0900] "GET /index.jsp HTTP/1.0" 302 -
77.75.79.62 - - [04/Jan/2020:07:07:29 +0900] "GET /error/kr/error.jsp HTTP/1.1" 500 3570
157.55.39.220 - - [04/Jan/2020:07:16:41 +0900] "GET /error/kr/error.jsp HTTP/1.1" 500 3570
193.111.62.163 - - [04/Jan/2020:07:16:46 +0900] "GET /home/news/news/list.do HTTP/1.1" 200 7091
157.55.39.220 - - [04/Jan/2020:07:17:30 +0900] "GET /error/kr/error.jsp HTTP/1.1" 500 3570
34.199.176.251 - - [04/Jan/2020:07:25:19 +0900] "GET /home/news/news/view.do?num=2 HTTP/1.1" 200 6974
34.199.176.251 - - [04/Jan/2020:07:25:26 +0900] "GET /home/news/news/view.do HTTP/1.1" 500 3570
46.229.168.153 - - [04/Jan/2020:07:28:07 +0900] "GET /error/kr/error.jsp HTTP/1.1" 500 3570
17.58.96.164 - - [04/Jan/2020:07:45:26 +0900] "GET /error/kr/error.jsp HTTP/1.1" 500 3570
17.58.96.118 - - [04/Jan/2020:07:45:27 +0900] "GET /error/kr/error.jsp HTTP/1.1" 500 3570
157.55.39.13 - - [04/Jan/2020:08:05:32 +0900] "GET /error/kr/error.jsp HTTP/1.1" 500 3570
157.55.39.220 - - [04/Jan/2020:08:05:56 +0900] "GET /index.jsp HTTP/1.1" 302 -
173.249.24.3 - - [04/Jan/2020:08:07:13 +0900] "GET /error/kr/error.jsp HTTP/1.1" 500 3570
125.209.235.184 - - [04/Jan/2020:08:08:18 +0900] "GET /error/kr/error.jsp HTTP/1.1" 500 3570
157.55.39.23 - - [04/Jan/2020:08:10:30 +0900] "GET /error/kr/error.jsp HTTP/1.1" 500 3762
157.55.39.220 - - [04/Jan/2020:08:10:39 +0900] "GET /index.jsp HTTP/1.1" 302 -
207.46.13.6 - - [04/Jan/2020:08:11:05 +0900] "GET /error/kr/error.jsp HTTP/1.1" 500 3570
207.46.13.6 - - [04/Jan/2020:08:11:05 +0900] "GET /error/kr/error.jsp HTTP/1.1" 500 3570
216.244.66.242 - - [04/Jan/2020:08:13:16 +0900] "GET /error/kr/error.jsp HTTP/1.1" 500 3570
193.111.62.163 - - [04/Jan/2020:08:16:45 +0900] "GET /home/news/news/list.do HTTP/1.1" 200 7091
34.216.175.253 - - [04/Jan/2020:08:24:08 +0900] "GET /index.jsp HTTP/1.1" 302 -
34.216.175.253 - - [04/Jan/2020:08:24:08 +0900] "GET /home/main/main.do HTTP/1.1" 200 12222
34.216.175.253 - - [04/Jan/2020:08:24:09 +0900] "GET /home/about/about.do HTTP/1.1" 200 14216
34.216.175.253 - - [04/Jan/2020:08:24:09 +0900] "GET /home/watwedo/overview.do HTTP/1.1" 200 6147
34.216.175.253 - - [04/Jan/2020:08:24:09 +0900] "GET /home/watwedo/philosophy.do HTTP/1.1" 200 7162
34.216.175.253 - - [04/Jan/2020:08:24:09 +0900] "GET /home/meetourpartners/all.do HTTP/1.1" 200 101569
34.216.175.253 - - [04/Jan/2020:08:24:09 +0900] "GET /home/en/main/main.do HTTP/1.1" 200 11080
34.216.175.253 - - [04/Jan/2020:08:24:09 +0900] "GET /home/whoweare/korea.do HTTP/1.1" 200 31387
207.46.13.5 - - [04/Jan/2020:08:24:21 +0900] "GET /error/kr/error.jsp HTTP/1.1" 500 3570
207.46.13.5 - - [04/Jan/2020:08:24:40 +0900] "GET /error/kr/error.jsp HTTP/1.1" 500 3570
77.75.76.161 - - [04/Jan/2020:08:32:17 +0900] "GET /error/kr/error.jsp HTTP/1.1" 500 3570
78.46.176.21 - - [04/Jan/2020:08:32:20 +0900] "GET /error/kr/error.jsp HTTP/1.1" 500 3570
45.33.66.85 - - [04/Jan/2020:08:37:08 +0900] "GET /error/kr/error.jsp HTTP/1.1" 500 3570
3.89.253.35 - - [04/Jan/2020:08:37:36 +0900] "GET /index.jsp HTTP/1.1" 302 -
3.89.253.35 - - [04/Jan/2020:08:37:36 +0900] "GET /home/main/main.do HTTP/1.1" 200 12222
3.89.253.35 - - [04/Jan/2020:08:37:36 +0900] "GET /home/main/main.do HTTP/1.1" 200 12222
3.89.253.35 - - [04/Jan/2020:08:37:37 +0900] "GET /home/main/main.do HTTP/1.1" 200 12222
207.46.13.6 - - [04/Jan/2020:08:42:59 +0900] "GET /home/news/news/list.do HTTP/1.1" 200 7091
3.89.99.82 - - [04/Jan/2020:08:46:17 +0900] "GET /index.jsp HTTP/1.1" 302 -
3.89.99.82 - - [04/Jan/2020:08:46:18 +0900] "GET /home/en/main/main.do HTTP/1.1" 200 11080
119.207.72.67 - - [04/Jan/2020:08:54:18 +0900] "GET /home/meetourpartners/all.do HTTP/1.1" 200 101569
40.77.167.204 - - [04/Jan/2020:09:07:42 +0900] "GET /error/kr/error.jsp HTTP/1.1" 500 3570
40.77.167.204 - - [04/Jan/2020:09:08:07 +0900] "GET /error/kr/error.jsp HTTP/1.1" 500 3570
40.77.167.204 - - [04/Jan/2020:09:08:37 +0900] "GET /error/kr/error.jsp HTTP/1.1" 500 3570
40.77.167.204 - - [04/Jan/2020:09:14:35 +0900] "GET /error/kr/error.jsp HTTP/1.1" 500 3570
40.77.167.204 - - [04/Jan/2020:09:15:09 +0900] "GET /error/kr/error.jsp HTTP/1.1" 500 3570
193.111.62.163 - - [04/Jan/2020:09:15:24 +0900] "GET /home/news/news/list.do HTTP/1.1" 200 7091
35.237.118.225 - - [04/Jan/2020:09:16:23 +0900] "GET /error/kr/error.jsp HTTP/1.0" 500 3570
35.237.118.225 - - [04/Jan/2020:09:16:23 +0900] "GET /home/en/about/about.do HTTP/1.0" 200 14811
35.237.118.225 - - [04/Jan/2020:09:22:16 +0900] "GET /error/kr/error.jsp HTTP/1.0" 500 3570
35.237.118.225 - - [04/Jan/2020:09:22:17 +0900] "GET /home/en/watwedo/overview.do HTTP/1.0" 200 6156
35.237.118.225 - - [04/Jan/2020:09:23:14 +0900] "GET /error/kr/error.jsp HTTP/1.0" 500 3570
35.237.118.225 - - [04/Jan/2020:09:23:15 +0900] "GET /home/main/main.do HTTP/1.0" 200 12222
66.249.70.26 - - [04/Jan/2020:09:25:58 +0900] "GET /error/kr/error.jsp HTTP/1.1" 500 3570
35.237.118.225 - - [04/Jan/2020:09:27:52 +0900] "GET /error/kr/error.jsp HTTP/1.0" 500 3570
35.237.118.225 - - [04/Jan/2020:09:27:53 +0900] "GET /home/en/meetourpartners/all.do HTTP/1.0" 200 95227
157.55.39.220 - - [04/Jan/2020:09:36:21 +0900] "GET /error/kr/error.jsp HTTP/1.1" 500 3570
35.237.118.225 - - [04/Jan/2020:09:36:29 +0900] "GET /error/kr/error.jsp HTTP/1.0" 500 3570
35.237.118.225 - - [04/Jan/2020:09:36:29 +0900] "GET /home/en/watwedo/philosophy.do HTTP/1.0" 200 7112
157.55.39.220 - - [04/Jan/2020:09:36:49 +0900] "GET /error/kr/error.jsp HTTP/1.1" 500 3570
77.75.77.101 - - [04/Jan/2020:09:37:06 +0900] "GET /error/kr/error.jsp HTTP/1.1" 500 3570
125.209.235.169 - - [04/Jan/2020:09:38:35 +0900] "GET /index.jsp HTTP/1.1" 302 -
125.209.235.169 - - [04/Jan/2020:09:38:35 +0900] "GET /home/main/main.do HTTP/1.1" 302 -
125.209.235.169 - - [04/Jan/2020:09:38:35 +0900] "GET /home/main/main.do HTTP/1.1" 200 8898
125.209.235.184 - - [04/Jan/2020:09:38:36 +0900] "GET /error/kr/error.jsp HTTP/1.1" 500 3762
125.209.235.180 - - [04/Jan/2020:09:38:39 +0900] "GET /index.jsp HTTP/1.1" 302 -
125.209.235.180 - - [04/Jan/2020:09:38:39 +0900] "GET /home/main/main.do HTTP/1.1" 200 12222
35.237.118.225 - - [04/Jan/2020:09:40:22 +0900] "GET /error/kr/error.jsp HTTP/1.0" 500 3570
35.237.118.225 - - [04/Jan/2020:09:40:23 +0900] "GET /home/en/whoweare/korea.do HTTP/1.0" 200 31310
207.46.13.5 - - [04/Jan/2020:09:41:17 +0900] "GET /error/kr/error.jsp HTTP/1.1" 500 3570
207.46.13.5 - - [04/Jan/2020:09:41:27 +0900] "GET /error/kr/error.jsp HTTP/1.1" 500 3570
35.237.118.225 - - [04/Jan/2020:09:43:08 +0900] "GET /error/kr/error.jsp HTTP/1.0" 500 3570
35.237.118.225 - - [04/Jan/2020:09:43:09 +0900] "GET /home/en/contact/contact.do HTTP/1.0" 200 5187
35.237.118.225 - - [04/Jan/2020:09:43:55 +0900] "GET /error/kr/error.jsp HTTP/1.0" 500 3570
35.237.118.225 - - [04/Jan/2020:09:43:56 +0900] "GET /home/en/meetourpartners/all.do HTTP/1.0" 200 95227
35.237.118.225 - - [04/Jan/2020:09:44:00 +0900] "GET /error/kr/error.jsp HTTP/1.0" 500 3570
35.237.118.225 - - [04/Jan/2020:09:44:00 +0900] "GET /home/en/watwedo/overview.do HTTP/1.0" 200 6156
35.237.118.225 - - [04/Jan/2020:09:44:02 +0900] "GET /error/kr/error.jsp HTTP/1.0" 500 3570
35.237.118.225 - - [04/Jan/2020:09:44:02 +0900] "GET /home/en/whoweare/korea.do HTTP/1.0" 200 31310
35.237.118.225 - - [04/Jan/2020:09:44:04 +0900] "GET /error/kr/error.jsp HTTP/1.0" 500 3570
35.237.118.225 - - [04/Jan/2020:09:44:04 +0900] "GET /home/en/about/about.do HTTP/1.0" 200 14811
35.237.118.225 - - [04/Jan/2020:09:44:06 +0900] "GET /error/kr/error.jsp HTTP/1.0" 500 3570
35.237.118.225 - - [04/Jan/2020:09:44:06 +0900] "GET /home/en/contact/contact.do HTTP/1.0" 200 5187
35.237.118.225 - - [04/Jan/2020:09:44:08 +0900] "GET /error/kr/error.jsp HTTP/1.0" 500 3570
35.237.118.225 - - [04/Jan/2020:09:44:08 +0900] "GET /home/en/watwedo/philosophy.do HTTP/1.0" 200 7112
35.237.118.225 - - [04/Jan/2020:09:44:10 +0900] "GET /error/kr/error.jsp HTTP/1.0" 500 3570
35.237.118.225 - - [04/Jan/2020:09:44:10 +0900] "GET /home/main/main.do HTTP/1.0" 200 12222
157.55.39.220 - - [04/Jan/2020:09:44:55 +0900] "GET /error/kr/error.jsp HTTP/1.1" 500 3570
157.55.39.220 - - [04/Jan/2020:09:45:05 +0900] "GET /error/kr/error.jsp HTTP/1.1" 500 3570
203.217.242.67 - - [04/Jan/2020:09:49:34 +0900] "GET /home/meetourpartners/domestic.do HTTP/1.1" 200 73451
202.104.183.122 - - [04/Jan/2020:09:50:13 +0900] "GET /error/kr/error.jsp HTTP/1.1" 500 3570
49.7.20.138 - - [04/Jan/2020:09:54:59 +0900] "GET /error/kr/error.jsp HTTP/1.1" 500 3570
125.209.235.186 - - [04/Jan/2020:10:08:17 +0900] "GET /error/kr/error.jsp HTTP/1.1" 500 3570
193.111.62.163 - - [04/Jan/2020:10:14:09 +0900] "GET /home/news/news/list.do HTTP/1.1" 200 7091
71.6.232.8 - - [04/Jan/2020:10:25:48 +0900] "GET /index.jsp HTTP/1.1" 302 -
119.207.72.117 - - [04/Jan/2020:10:31:26 +0900] "GET /home/about/about.do HTTP/1.1" 200 14216
119.207.72.77 - - [04/Jan/2020:10:31:30 +0900] "GET /home/about/about.do HTTP/1.1" 200 14216
223.62.8.47 - - [04/Jan/2020:10:35:55 +0900] "GET /filter/checker.jsp?campaignID=580&email=jisome20@naver.com&responseEnd=2018-12-22 HTTP/1.1" 404 3570
1.247.48.236 - - [04/Jan/2020:10:40:44 +0900] "GET /home/main/main.do HTTP/1.1" 200 8898
1.247.48.236 - - [04/Jan/2020:10:40:45 +0900] "GET /error/kr/error.jsp HTTP/1.1" 500 3762
1.247.48.236 - - [04/Jan/2020:10:40:53 +0900] "GET /home/main/main.do HTTP/1.1" 200 8898
207.46.13.5 - - [04/Jan/2020:10:42:55 +0900] "GET /home/en/meetourpartners/all.do HTTP/1.1" 200 95227
157.55.39.13 - - [04/Jan/2020:10:43:35 +0900] "GET /error/kr/error.jsp HTTP/1.1" 500 3570
61.147.199.12 - - [04/Jan/2020:10:52:47 +0900] "GET /index.jsp HTTP/1.1" 302 -
61.147.199.12 - - [04/Jan/2020:10:52:49 +0900] "GET /home/main/main.do HTTP/1.1" 200 12222
61.147.199.12 - - [04/Jan/2020:10:52:50 +0900] "GET /index.jsp HTTP/1.1" 302 -
61.147.199.12 - - [04/Jan/2020:10:52:50 +0900] "GET /home/main/main.do HTTP/1.1" 200 12222
157.55.39.220 - - [04/Jan/2020:10:54:50 +0900] "GET /home/en/watwedo/philosophy.do HTTP/1.1" 200 7423
40.77.167.204 - - [04/Jan/2020:11:02:26 +0900] "GET /home/en/whoweare/korea.do HTTP/1.1" 200 31310
157.55.39.72 - - [04/Jan/2020:11:04:01 +0900] "GET /error/kr/error.jsp HTTP/1.1" 500 3570
113.102.225.216 - - [04/Jan/2020:11:04:22 +0900] "GET /error/kr/error.jsp HTTP/1.1" 500 3570
157.55.39.72 - - [04/Jan/2020:11:06:16 +0900] "GET /error/kr/error.jsp HTTP/1.1" 500 3570
193.111.62.163 - - [04/Jan/2020:11:19:30 +0900] "GET /home/news/news/list.do HTTP/1.1" 200 7091
207.46.13.5 - - [04/Jan/2020:11:25:11 +0900] "GET /error/kr/error.jsp HTTP/1.1" 500 3570
207.46.13.5 - - [04/Jan/2020:11:27:48 +0900] "GET /error/kr/error.jsp HTTP/1.1" 500 3570
80.82.68.68 - - [04/Jan/2020:11:31:58 +0900] "GET /index.jsp HTTP/1.1" 302 -
157.55.39.72 - - [04/Jan/2020:11:37:53 +0900] "GET /error/kr/error.jsp HTTP/1.1" 500 3570
157.55.39.72 - - [04/Jan/2020:11:40:41 +0900] "GET /error/kr/error.jsp HTTP/1.1" 500 3570
38.99.62.91 - - [04/Jan/2020:11:41:42 +0900] "GET /home/meetourpartners/all.do HTTP/1.1" 200 101569
38.99.62.91 - - [04/Jan/2020:11:42:22 +0900] "GET /home/meetourpartners/all.do HTTP/1.1" 200 101569
154.47.130.152 - - [04/Jan/2020:11:43:49 +0900] "GET /index.jsp HTTP/1.1" 302 -
38.99.62.91 - - [04/Jan/2020:11:45:48 +0900] "GET /home/en/meetourpartners/all.do HTTP/1.1" 200 95227
38.99.62.91 - - [04/Jan/2020:11:46:13 +0900] "GET /home/meetourpartners/all.do HTTP/1.1" 200 101569
38.99.62.91 - - [04/Jan/2020:11:47:18 +0900] "GET /home/en/meetourpartners/all.do HTTP/1.1" 200 95227
38.99.62.91 - - [04/Jan/2020:11:47:57 +0900] "GET /home/meetourpartners/all.do HTTP/1.1" 200 101569
38.99.62.91 - - [04/Jan/2020:11:51:13 +0900] "GET /home/meetourpartners/domestic.do HTTP/1.1" 200 73451
38.99.62.91 - - [04/Jan/2020:11:54:16 +0900] "GET /home/meetourpartners/all.do HTTP/1.1" 200 101569
34.90.79.136 - - [04/Jan/2020:11:54:41 +0900] "GET /index.jsp HTTP/1.1" 302 -
34.90.79.136 - - [04/Jan/2020:11:54:41 +0900] "GET /home/main/main.do HTTP/1.1" 200 12222
34.90.79.136 - - [04/Jan/2020:11:54:42 +0900] "GET /home/contact/contact.do HTTP/1.1" 200 5224
38.99.62.91 - - [04/Jan/2020:11:54:55 +0900] "GET /home/meetourpartners/domestic.do HTTP/1.1" 200 73451
207.46.13.214 - - [04/Jan/2020:11:58:21 +0900] "GET /error/kr/error.jsp HTTP/1.1" 500 3570
157.55.39.220 - - [04/Jan/2020:11:58:22 +0900] "GET /error/kr/error.jsp HTTP/1.1" 500 3570
157.55.39.220 - - [04/Jan/2020:12:00:30 +0900] "GET /error/kr/error.jsp HTTP/1.1" 500 3570
207.46.13.214 - - [04/Jan/2020:12:01:13 +0900] "GET /error/kr/error.jsp HTTP/1.1" 500 3570
38.99.62.91 - - [04/Jan/2020:12:01:37 +0900] "GET /home/en/meetourpartners/all.do HTTP/1.1" 200 95227
38.99.62.91 - - [04/Jan/2020:12:02:02 +0900] "GET /home/meetourpartners/domestic.do HTTP/1.1" 200 73451
38.99.62.91 - - [04/Jan/2020:12:07:55 +0900] "GET /home/en/meetourpartners/all.do HTTP/1.1" 200 95227
125.209.235.168 - - [04/Jan/2020:12:08:17 +0900] "GET /error/kr/error.jsp HTTP/1.1" 500 3570
38.99.62.91 - - [04/Jan/2020:12:08:34 +0900] "GET /home/meetourpartners/domestic.do HTTP/1.1" 200 73451
54.36.149.44 - - [04/Jan/2020:12:08:51 +0900] "GET /error/kr/error.jsp HTTP/1.1" 500 3570
193.111.62.163 - - [04/Jan/2020:12:14:13 +0900] "GET /home/news/news/list.do HTTP/1.1" 200 7091
38.99.62.91 - - [04/Jan/2020:12:24:10 +0900] "GET /home/meetourpartners/all.do HTTP/1.1" 200 101569
38.99.62.91 - - [04/Jan/2020:12:24:49 +0900] "GET /home/meetourpartners/domestic.do HTTP/1.1" 200 73451
38.99.62.91 - - [04/Jan/2020:12:26:33 +0900] "GET /home/en/meetourpartners/all.do HTTP/1.1" 200 95227
38.99.62.91 - - [04/Jan/2020:12:27:12 +0900] "GET /home/meetourpartners/domestic.do HTTP/1.1" 200 73451
38.99.62.91 - - [04/Jan/2020:12:27:51 +0900] "GET /home/meetourpartners/all.do HTTP/1.1" 200 101569
38.99.62.91 - - [04/Jan/2020:12:28:31 +0900] "GET /home/meetourpartners/domestic.do HTTP/1.1" 200 73451
38.99.62.91 - - [04/Jan/2020:12:30:29 +0900] "GET /home/en/meetourpartners/all.do HTTP/1.1" 200 95227
38.99.62.91 - - [04/Jan/2020:12:31:08 +0900] "GET /home/en/meetourpartners/all.do HTTP/1.1" 200 95227
38.99.62.91 - - [04/Jan/2020:12:31:48 +0900] "GET /home/meetourpartners/domestic.do HTTP/1.1" 200 73451
38.99.62.91 - - [04/Jan/2020:12:35:03 +0900] "GET /home/meetourpartners/overseas.do HTTP/1.1" 200 32620
38.99.62.91 - - [04/Jan/2020:12:39:03 +0900] "GET /home/meetourpartners/all.do HTTP/1.1" 200 101569
38.99.62.91 - - [04/Jan/2020:12:39:42 +0900] "GET /home/meetourpartners/overseas.do HTTP/1.1" 200 32620
157.55.39.220 - - [04/Jan/2020:12:41:02 +0900] "GET /error/kr/error.jsp HTTP/1.1" 500 3570
38.99.62.91 - - [04/Jan/2020:12:41:40 +0900] "GET /home/meetourpartners/all.do HTTP/1.1" 200 101569
157.55.39.220 - - [04/Jan/2020:12:44:33 +0900] "GET /error/kr/error.jsp HTTP/1.1" 500 3570
121.254.147.237 - - [04/Jan/2020:12:50:13 +0900] "GET /index.jsp HTTP/1.1" 302 -
121.254.147.237 - - [04/Jan/2020:12:50:13 +0900] "GET /home/en/main/main.do HTTP/1.1" 200 11080
3.81.131.34 - - [04/Jan/2020:12:50:37 +0900] "GET /error/kr/error.jsp HTTP/1.1" 500 3570
3.81.131.34 - - [04/Jan/2020:12:50:39 +0900] "GET /error/kr/error.jsp HTTP/1.1" 500 3570
157.55.39.220 - - [04/Jan/2020:12:54:55 +0900] "GET /error/kr/error.jsp HTTP/1.1" 500 3570
157.55.39.220 - - [04/Jan/2020:12:58:14 +0900] "GET /error/kr/error.jsp HTTP/1.1" 500 3570
34.199.176.251 - - [04/Jan/2020:13:10:55 +0900] "GET /home/news/news/view.do?num=1 HTTP/1.1" 200 8971
34.199.176.251 - - [04/Jan/2020:13:10:56 +0900] "GET /home/news/news/view.do HTTP/1.1" 500 3570
103.131.71.43 - - [04/Jan/2020:13:13:28 +0900] "GET /error/kr/error.jsp HTTP/1.1" 500 3570
103.131.71.43 - - [04/Jan/2020:13:13:30 +0900] "GET /error/kr/error.jsp HTTP/1.1" 500 3762
103.131.71.43 - - [04/Jan/2020:13:13:34 +0900] "GET /error/kr/error.jsp HTTP/1.1" 500 3570
46.52.164.134 - - [04/Jan/2020:13:16:28 +0900] "GET /index.jsp HTTP/1.1" 302 -
193.111.62.163 - - [04/Jan/2020:13:17:54 +0900] "GET /home/news/news/list.do HTTP/1.1" 200 7091
157.55.39.220 - - [04/Jan/2020:13:22:28 +0900] "GET /home/about/about.do HTTP/1.1" 200 14216
223.62.175.95 - - [04/Jan/2020:13:30:58 +0900] "GET /index.jsp HTTP/1.1" 302 -
223.62.175.95 - - [04/Jan/2020:13:30:58 +0900] "GET /home/main/main.do HTTP/1.1" 302 -
223.62.175.95 - - [04/Jan/2020:13:30:59 +0900] "GET /home/main/main.do HTTP/1.1" 200 8898
223.62.175.95 - - [04/Jan/2020:13:30:59 +0900] "GET /error/kr/error.jsp HTTP/1.1" 500 3762
223.62.175.95 - - [04/Jan/2020:13:31:04 +0900] "GET /home/news/news/list.do HTTP/1.1" 200 71778
223.62.175.95 - - [04/Jan/2020:13:31:09 +0900] "GET /home/watwedo/overview.do HTTP/1.1" 200 7044
223.62.175.95 - - [04/Jan/2020:13:31:11 +0900] "GET /home/watwedo/history.do HTTP/1.1" 200 8921
45.33.66.85 - - [04/Jan/2020:13:37:13 +0900] "GET /error/kr/error.jsp HTTP/1.1" 500 3570
77.75.76.171 - - [04/Jan/2020:13:40:01 +0900] "GET /error/kr/error.jsp HTTP/1.1" 500 3570
185.12.4.207 - - [04/Jan/2020:13:48:42 +0900] "GET /index.jsp HTTP/1.1" 302 -
185.12.6.254 - - [04/Jan/2020:13:48:42 +0900] "GET /home/main/main.do HTTP/1.1" 200 12222
211.201.138.132 - - [04/Jan/2020:13:53:00 +0900] "GET /index.jsp HTTP/1.1" 302 -
211.201.138.132 - - [04/Jan/2020:13:53:00 +0900] "GET /home/main/main.do HTTP/1.1" 302 -
211.201.138.132 - - [04/Jan/2020:13:53:00 +0900] "GET /home/main/main.do HTTP/1.1" 200 8898
211.201.138.132 - - [04/Jan/2020:13:53:00 +0900] "GET /error/kr/error.jsp HTTP/1.1" 500 3762
51.89.231.8 - - [04/Jan/2020:13:55:18 +0900] "GET /index.jsp HTTP/1.1" 302 -
51.89.231.8 - - [04/Jan/2020:13:55:18 +0900] "GET /index.jsp HTTP/1.1" 302 -
51.89.231.8 - - [04/Jan/2020:13:55:18 +0900] "GET /error/kr/error.jsp HTTP/1.1" 500 3570
51.89.231.8 - - [04/Jan/2020:13:55:19 +0900] "GET /error/kr/error.jsp HTTP/1.1" 500 3570
51.89.231.8 - - [04/Jan/2020:13:55:19 +0900] "GET /index.jsp HTTP/1.1" 302 -
51.89.231.8 - - [04/Jan/2020:13:55:20 +0900] "GET /error/kr/error.jsp HTTP/1.1" 500 3570
51.89.231.8 - - [04/Jan/2020:13:55:20 +0900] "GET /error/kr/error.jsp HTTP/1.1" 500 3570
51.89.231.8 - - [04/Jan/2020:13:55:21 +0900] "GET /error/kr/error.jsp HTTP/1.1" 500 3570
51.89.231.8 - - [04/Jan/2020:13:55:21 +0900] "GET /error/kr/error.jsp HTTP/1.1" 500 3570
51.89.231.8 - - [04/Jan/2020:13:55:22 +0900] "GET /error/kr/error.jsp HTTP/1.1" 500 3570
51.89.231.8 - - [04/Jan/2020:13:55:22 +0900] "GET /error/kr/error.jsp HTTP/1.1" 500 3570
51.89.231.8 - - [04/Jan/2020:13:55:23 +0900] "GET /error/kr/error.jsp HTTP/1.1" 500 3570
51.89.231.8 - - [04/Jan/2020:13:55:24 +0900] "GET /error/kr/error.jsp HTTP/1.1" 500 3570
51.89.231.8 - - [04/Jan/2020:13:55:24 +0900] "GET /error/kr/error.jsp HTTP/1.1" 500 3570
51.89.231.8 - - [04/Jan/2020:13:55:25 +0900] "GET /error/kr/error.jsp HTTP/1.1" 500 3570
51.89.231.8 - - [04/Jan/2020:13:55:25 +0900] "GET /error/kr/error.jsp HTTP/1.1" 500 3570
51.89.231.8 - - [04/Jan/2020:13:55:26 +0900] "GET /error/kr/error.jsp HTTP/1.1" 500 3570
51.89.231.8 - - [04/Jan/2020:13:55:26 +0900] "GET /error/kr/error.jsp HTTP/1.1" 500 3570
51.89.231.8 - - [04/Jan/2020:13:55:27 +0900] "GET /error/kr/error.jsp HTTP/1.1" 500 3570
51.89.231.8 - - [04/Jan/2020:13:55:27 +0900] "GET /error/kr/error.jsp HTTP/1.1" 500 3570
51.89.231.8 - - [04/Jan/2020:13:55:28 +0900] "GET /error/kr/error.jsp HTTP/1.1" 500 3570
61.160.223.10 - - [04/Jan/2020:13:56:38 +0900] "GET /error/kr/error.jsp HTTP/1.1" 500 3570
61.160.223.10 - - [04/Jan/2020:13:56:38 +0900] "GET /error/kr/error.jsp HTTP/1.1" 500 3570
61.160.223.10 - - [04/Jan/2020:13:56:38 +0900] "GET /error/kr/error.jsp HTTP/1.1" 500 3570
61.160.223.10 - - [04/Jan/2020:13:56:39 +0900] "GET /error/kr/error.jsp HTTP/1.1" 500 3570
185.244.212.222 - - [04/Jan/2020:14:08:15 +0900] "GET /index.jsp HTTP/1.1" 302 -
125.209.235.167 - - [04/Jan/2020:14:08:15 +0900] "GET /error/kr/error.jsp HTTP/1.1" 500 3570
125.209.235.179 - - [04/Jan/2020:14:08:17 +0900] "GET /error/kr/error.jsp HTTP/1.1" 500 3570
207.46.13.5 - - [04/Jan/2020:14:13:14 +0900] "GET /error/kr/error.jsp HTTP/1.1" 500 3570
207.46.13.5 - - [04/Jan/2020:14:18:29 +0900] "GET /error/kr/error.jsp HTTP/1.1" 500 3570
193.111.62.163 - - [04/Jan/2020:14:20:03 +0900] "GET /home/news/news/list.do HTTP/1.1" 200 7091
77.75.77.72 - - [04/Jan/2020:14:22:40 +0900] "GET /error/kr/error.jsp HTTP/1.1" 500 3570
157.55.39.72 - - [04/Jan/2020:14:22:54 +0900] "GET /error/kr/error.jsp HTTP/1.1" 500 3570
157.55.39.72 - - [04/Jan/2020:14:29:27 +0900] "GET /error/kr/error.jsp HTTP/1.1" 500 3570
103.73.101.186 - - [04/Jan/2020:14:29:35 +0900] "GET /index.jsp HTTP/1.1" 302 -
103.73.101.186 - - [04/Jan/2020:14:29:35 +0900] "GET /home/en/main/main.do HTTP/1.1" 200 8279
207.46.13.214 - - [04/Jan/2020:14:34:41 +0900] "GET /error/kr/error.jsp HTTP/1.1" 500 3570
207.46.13.5 - - [04/Jan/2020:14:34:47 +0900] "GET /error/kr/error.jsp HTTP/1.1" 500 3570
207.46.13.5 - - [04/Jan/2020:14:40:46 +0900] "GET /error/kr/error.jsp HTTP/1.1" 500 3570
207.46.13.214 - - [04/Jan/2020:14:40:51 +0900] "GET /error/kr/error.jsp HTTP/1.1" 500 3570
157.55.39.13 - - [04/Jan/2020:14:57:27 +0900] "GET /error/kr/error.jsp HTTP/1.1" 500 3570
207.46.13.214 - - [04/Jan/2020:14:59:22 +0900] "GET /error/kr/error.jsp HTTP/1.1" 500 3570
157.55.39.72 - - [04/Jan/2020:15:02:25 +0900] "GET /error/kr/error.jsp HTTP/1.1" 500 3570
207.46.13.214 - - [04/Jan/2020:15:04:06 +0900] "GET /error/kr/error.jsp HTTP/1.1" 500 3570
40.77.167.168 - - [04/Jan/2020:15:05:12 +0900] "GET /error/kr/error.jsp HTTP/1.1" 500 3570
157.55.39.72 - - [04/Jan/2020:15:05:20 +0900] "GET /error/kr/error.jsp HTTP/1.1" 500 3570
77.75.78.172 - - [04/Jan/2020:15:11:06 +0900] "GET /error/kr/error.jsp HTTP/1.1" 500 3570
40.77.167.168 - - [04/Jan/2020:15:11:12 +0900] "GET /error/kr/error.jsp HTTP/1.1" 500 3570
157.55.39.72 - - [04/Jan/2020:15:15:00 +0900] "GET /home/en/watwedo/philosophy.do HTTP/1.1" 200 7112
193.111.62.163 - - [04/Jan/2020:15:17:09 +0900] "GET /home/news/news/list.do HTTP/1.1" 200 7091
40.77.167.168 - - [04/Jan/2020:15:30:48 +0900] "GET /error/kr/error.jsp HTTP/1.1" 500 3570
40.77.167.168 - - [04/Jan/2020:15:35:24 +0900] "GET /error/kr/error.jsp HTTP/1.1" 500 3570
3.6.69.201 - - [04/Jan/2020:15:39:59 +0900] "GET /index.jsp HTTP/1.1" 302 -
3.6.69.201 - - [04/Jan/2020:15:39:59 +0900] "GET /home/main/main.do HTTP/1.1" 200 12222
23.100.232.233 - - [04/Jan/2020:15:45:29 +0900] "GET /home/en/meetourpartners/overseas.do HTTP/1.1" 200 31428
182.72.88.83 - - [04/Jan/2020:15:48:01 +0900] "HEAD /home/en/whoweare/korea.do HTTP/1.1" 200 -
104.144.146.149 - - [04/Jan/2020:15:48:02 +0900] "GET /home/en/whoweare/korea.do? HTTP/1.1" 200 31310
3.6.69.201 - - [04/Jan/2020:15:50:34 +0900] "GET /index.jsp HTTP/1.1" 302 -
3.6.69.201 - - [04/Jan/2020:15:50:34 +0900] "GET /home/main/main.do HTTP/1.1" 200 12222
182.72.88.83 - - [04/Jan/2020:15:53:30 +0900] "HEAD /home/en/whoweare/china.do HTTP/1.1" 200 -
138.128.31.25 - - [04/Jan/2020:15:53:31 +0900] "GET /home/en/whoweare/china.do? HTTP/1.1" 200 10353
17.58.96.118 - - [04/Jan/2020:16:03:05 +0900] "GET /index.jsp?ko HTTP/1.1" 302 -
17.58.96.118 - - [04/Jan/2020:16:03:05 +0900] "GET /home/main/main.do HTTP/1.1" 200 12222
60.208.168.203 - - [04/Jan/2020:16:03:23 +0900] "GET /error/kr/error.jsp HTTP/1.1" 500 3570
125.209.235.168 - - [04/Jan/2020:16:08:17 +0900] "GET /error/kr/error.jsp HTTP/1.1" 500 3570
103.131.71.137 - - [04/Jan/2020:16:09:46 +0900] "GET /error/kr/error.jsp HTTP/1.1" 500 3570
77.75.77.11 - - [04/Jan/2020:16:09:57 +0900] "GET /error/kr/error.jsp HTTP/1.1" 500 3570
119.207.72.67 - - [04/Jan/2020:16:12:16 +0900] "GET /index.jsp HTTP/1.1" 302 -
119.207.72.67 - - [04/Jan/2020:16:12:16 +0900] "GET /home/main/main.do HTTP/1.1" 200 12222
193.111.62.163 - - [04/Jan/2020:16:16:03 +0900] "GET /home/news/news/list.do HTTP/1.1" 200 7091
64.209.89.103 - - [04/Jan/2020:16:41:09 +0900] "GET /index.jsp HTTP/1.0" 302 -
34.199.176.251 - - [04/Jan/2020:16:47:28 +0900] "GET /home/news/news/view.do?num=1 HTTP/1.1" 200 8971
34.199.176.251 - - [04/Jan/2020:16:47:28 +0900] "GET /home/news/news/view.do HTTP/1.1" 500 3570
3.6.69.201 - - [04/Jan/2020:16:54:36 +0900] "GET /index.jsp HTTP/1.1" 302 -
3.6.69.201 - - [04/Jan/2020:16:54:36 +0900] "GET /home/main/main.do HTTP/1.1" 200 12222
207.46.13.214 - - [04/Jan/2020:16:58:37 +0900] "GET /home/news/news/view.do?page=1&num=17 HTTP/1.1" 200 5761
46.229.168.163 - - [04/Jan/2020:17:02:43 +0900] "GET /error/kr/error.jsp HTTP/1.1" 500 3570
223.38.30.72 - - [04/Jan/2020:17:07:47 +0900] "GET /index.jsp HTTP/1.1" 302 -
223.38.30.72 - - [04/Jan/2020:17:07:47 +0900] "GET /home/main/main.do HTTP/1.1" 302 -
223.38.30.72 - - [04/Jan/2020:17:07:47 +0900] "GET /home/main/main.do HTTP/1.1" 200 8898
223.38.30.72 - - [04/Jan/2020:17:07:48 +0900] "GET /error/kr/error.jsp HTTP/1.1" 500 3762
223.38.30.72 - - [04/Jan/2020:17:07:53 +0900] "GET /home/watwedo/overview.do HTTP/1.1" 200 7044
223.38.30.72 - - [04/Jan/2020:17:08:03 +0900] "GET /home/watwedo/overview.do HTTP/1.1" 200 7044
223.38.30.72 - - [04/Jan/2020:17:08:10 +0900] "GET /home/watwedo/history.do HTTP/1.1" 200 8921
223.38.30.72 - - [04/Jan/2020:17:08:52 +0900] "GET /home/watwedo/philosophy.do HTTP/1.1" 200 7553
1.240.215.151 - - [04/Jan/2020:17:09:20 +0900] "GET /index.jsp HTTP/1.1" 302 -
1.240.215.151 - - [04/Jan/2020:17:09:20 +0900] "GET /home/main/main.do HTTP/1.1" 302 -
1.240.215.151 - - [04/Jan/2020:17:09:20 +0900] "GET /home/main/main.do HTTP/1.1" 200 8898
1.240.215.151 - - [04/Jan/2020:17:09:21 +0900] "GET /error/kr/error.jsp HTTP/1.1" 500 3762
35.195.195.177 - - [04/Jan/2020:17:09:26 +0900] "GET /error/kr/error.jsp HTTP/1.1" 500 3570
223.38.30.72 - - [04/Jan/2020:17:09:27 +0900] "GET /home/contact/contact.do HTTP/1.1" 200 7487
1.240.215.151 - - [04/Jan/2020:17:09:40 +0900] "GET /home/watwedo/overview.do HTTP/1.1" 200 7044
1.240.215.151 - - [04/Jan/2020:17:09:43 +0900] "GET /home/watwedo/philosophy.do HTTP/1.1" 200 7553
223.38.30.72 - - [04/Jan/2020:17:09:44 +0900] "GET /home/about/about.do HTTP/1.1" 200 15329
1.240.215.151 - - [04/Jan/2020:17:09:44 +0900] "GET /home/watwedo/history.do HTTP/1.1" 200 8921
223.38.30.72 - - [04/Jan/2020:17:09:44 +0900] "GET /error/kr/error.jsp HTTP/1.1" 500 3762
1.240.215.151 - - [04/Jan/2020:17:09:52 +0900] "GET /home/whoweare/korea.do HTTP/1.1" 200 45742
223.38.30.72 - - [04/Jan/2020:17:09:57 +0900] "GET /home/watwedo/philosophy.do HTTP/1.1" 200 7553
1.240.215.151 - - [04/Jan/2020:17:10:12 +0900] "GET /home/watwedo/overview.do HTTP/1.1" 200 7044
1.240.215.151 - - [04/Jan/2020:17:10:16 +0900] "GET /home/whoweare/korea.do HTTP/1.1" 200 45742
223.38.30.72 - - [04/Jan/2020:17:10:20 +0900] "GET /home/news/news/view.do?num=1 HTTP/1.1" 200 71892
1.240.215.151 - - [04/Jan/2020:17:11:17 +0900] "GET /home/whoweare/china.do HTTP/1.1" 200 11536
1.240.215.151 - - [04/Jan/2020:17:11:48 +0900] "GET /home/whoweare/korea.do HTTP/1.1" 200 45742
66.249.64.210 - - [04/Jan/2020:17:11:53 +0900] "GET /error/kr/error.jsp HTTP/1.1" 500 3570
1.240.215.151 - - [04/Jan/2020:17:12:03 +0900] "GET /home/whoweare/korea.do HTTP/1.1" 200 45742
1.240.215.151 - - [04/Jan/2020:17:12:59 +0900] "GET /home/main/main.do HTTP/1.1" 200 8898
1.240.215.151 - - [04/Jan/2020:17:12:59 +0900] "GET /error/kr/error.jsp HTTP/1.1" 500 3762
193.111.62.163 - - [04/Jan/2020:17:15:01 +0900] "GET /home/news/news/list.do HTTP/1.1" 200 7091
35.195.195.177 - - [04/Jan/2020:17:15:35 +0900] "GET /index.jsp HTTP/1.1" 302 -
35.195.195.177 - - [04/Jan/2020:17:15:35 +0900] "GET /home/main/main.do HTTP/1.1" 200 12222
35.195.195.177 - - [04/Jan/2020:17:15:36 +0900] "GET /index.jsp HTTP/1.1" 302 -
35.195.195.177 - - [04/Jan/2020:17:15:36 +0900] "GET /home/main/main.do HTTP/1.1" 200 12222
35.195.195.177 - - [04/Jan/2020:17:15:37 +0900] "GET /home/main/main.do HTTP/1.1" 200 12222
35.195.195.177 - - [04/Jan/2020:17:15:38 +0900] "GET /home/main/main.do HTTP/1.1" 200 12222
35.195.195.177 - - [04/Jan/2020:17:15:40 +0900] "GET /error/kr/error.jsp HTTP/1.1" 500 3570
35.195.195.177 - - [04/Jan/2020:17:20:03 +0900] "GET /index.jsp HTTP/1.1" 302 -
35.195.195.177 - - [04/Jan/2020:17:20:03 +0900] "GET /home/main/main.do HTTP/1.1" 200 12222
35.195.195.177 - - [04/Jan/2020:17:20:04 +0900] "GET /index.jsp HTTP/1.1" 302 -
35.195.195.177 - - [04/Jan/2020:17:20:05 +0900] "GET /home/main/main.do HTTP/1.1" 200 12222
35.195.195.177 - - [04/Jan/2020:17:20:05 +0900] "GET /home/main/main.do HTTP/1.1" 200 12222
35.195.195.177 - - [04/Jan/2020:17:20:06 +0900] "GET /home/main/main.do HTTP/1.1" 200 12222
35.195.195.177 - - [04/Jan/2020:17:20:07 +0900] "GET /index.jsp HTTP/1.1" 302 -
35.195.195.177 - - [04/Jan/2020:17:20:07 +0900] "GET /home/main/main.do HTTP/1.1" 200 12222
66.249.64.210 - - [04/Jan/2020:17:21:54 +0900] "GET /error/kr/error.jsp HTTP/1.1" 500 3570
5.101.0.209 - - [04/Jan/2020:17:22:25 +0900] "GET /error/kr/error.jsp HTTP/1.1" 500 3570
103.82.235.2 - - [04/Jan/2020:17:28:59 +0900] "GET /error/kr/error.jsp HTTP/1.1" 500 3570
45.55.58.76 - - [04/Jan/2020:17:35:16 +0900] "GET /index.jsp HTTP/1.1" 302 -
45.55.58.76 - - [04/Jan/2020:17:35:18 +0900] "GET /home/main/main.do HTTP/1.1" 200 12222
45.55.58.76 - - [04/Jan/2020:17:35:34 +0900] "GET /error/kr/error.jsp HTTP/1.1" 500 3570
45.55.58.76 - - [04/Jan/2020:17:35:39 +0900] "GET /home/meetourpartners/all.do HTTP/1.1" 200 101569
45.55.58.76 - - [04/Jan/2020:17:35:39 +0900] "GET /home/watwedo/overview.do HTTP/1.1" 200 6147
45.55.58.76 - - [04/Jan/2020:17:35:39 +0900] "GET /home/whoweare/korea.do HTTP/1.1" 200 31387
45.55.58.76 - - [04/Jan/2020:17:35:39 +0900] "GET /home/news/news/list.do HTTP/1.1" 200 7091
45.55.58.76 - - [04/Jan/2020:17:35:39 +0900] "GET /home/en/main/main.do HTTP/1.1" 200 11080
45.55.58.76 - - [04/Jan/2020:17:35:41 +0900] "GET /home/contact/contact.do HTTP/1.1" 200 5224
45.55.58.76 - - [04/Jan/2020:17:35:42 +0900] "GET /home/about/about.do HTTP/1.1" 200 14216
45.55.58.76 - - [04/Jan/2020:17:35:42 +0900] "GET /home/news/news/view.do?num=1 HTTP/1.1" 200 8971
45.55.58.76 - - [04/Jan/2020:17:35:42 +0900] "GET /home/news/news/view.do?num=3 HTTP/1.1" 200 5573
45.55.58.76 - - [04/Jan/2020:17:35:42 +0900] "GET /home/news/news/view.do?num=2 HTTP/1.1" 200 6974
45.55.58.76 - - [04/Jan/2020:17:35:43 +0900] "GET /home/watwedo/philosophy.do HTTP/1.1" 200 7162
110.14.18.106 - - [04/Jan/2020:17:37:42 +0900] "GET /index.jsp HTTP/1.1" 302 -
110.14.18.106 - - [04/Jan/2020:17:37:42 +0900] "GET /home/main/main.do HTTP/1.1" 200 12222
110.14.18.106 - - [04/Jan/2020:17:37:45 +0900] "GET /home/whoweare/korea.do HTTP/1.1" 200 31387
110.14.18.106 - - [04/Jan/2020:17:38:26 +0900] "GET /home/whoweare/china.do HTTP/1.1" 200 10340
110.14.18.106 - - [04/Jan/2020:17:38:44 +0900] "GET /home/whoweare/korea.do HTTP/1.1" 200 31387
77.75.79.72 - - [04/Jan/2020:17:43:15 +0900] "GET /error/kr/error.jsp HTTP/1.1" 500 3570
5.101.0.209 - - [04/Jan/2020:17:43:24 +0900] "GET /index.jsp?XDEBUG_SESSION_START=phpstorm HTTP/1.1" 302 -
5.101.0.209 - - [04/Jan/2020:17:43:24 +0900] "GET /index.jsp?a=fetch&content=<php>die(@md5(HelloThinkCMF))</php> HTTP/1.1" 302 -
5.101.0.209 - - [04/Jan/2020:17:43:24 +0900] "GET /home/main/main.do HTTP/1.1" 200 12222
5.101.0.209 - - [04/Jan/2020:17:43:25 +0900] "GET /home/main/main.do HTTP/1.1" 200 12222
58.211.157.150 - - [04/Jan/2020:17:44:21 +0900] "GET /index.jsp HTTP/1.1" 302 -
58.211.157.150 - - [04/Jan/2020:17:44:22 +0900] "GET /home/main/main.do HTTP/1.1" 302 -
58.211.157.150 - - [04/Jan/2020:17:44:23 +0900] "GET /home/main/main.do HTTP/1.1" 200 8898
58.211.157.150 - - [04/Jan/2020:17:44:27 +0900] "GET /error/kr/error.jsp HTTP/1.1" 500 3762
58.211.157.150 - - [04/Jan/2020:17:44:29 +0900] "GET /home/watwedo/overview.do HTTP/1.1" 200 7044
58.211.157.150 - - [04/Jan/2020:17:44:58 +0900] "GET /home/watwedo/overview.do HTTP/1.1" 200 7044
58.211.157.150 - - [04/Jan/2020:17:45:00 +0900] "GET /home/watwedo/history.do HTTP/1.1" 200 8921
58.211.157.150 - - [04/Jan/2020:17:45:14 +0900] "GET /home/watwedo/philosophy.do HTTP/1.1" 200 7553
5.101.0.209 - - [04/Jan/2020:17:45:46 +0900] "GET /error/kr/error.jsp HTTP/1.1" 500 3570
66.249.64.94 - - [04/Jan/2020:17:48:41 +0900] "GET /error/kr/error.jsp HTTP/1.1" 500 3762
95.163.255.248 - - [04/Jan/2020:17:49:47 +0900] "GET /error/kr/error.jsp HTTP/1.0" 500 3570
95.163.255.141 - - [04/Jan/2020:17:49:49 +0900] "GET /index.jsp HTTP/1.1" 302 -
95.163.255.121 - - [04/Jan/2020:17:49:50 +0900] "GET /home/en/main/main.do HTTP/1.1" 200 11080
