34.82.228.187 - - [03/Dec/2019:00:00:00 +0900] "GET /index.jsp HTTP/1.1" 302 -
34.82.228.187 - - [03/Dec/2019:00:00:01 +0900] "GET /home/main/main.do HTTP/1.1" 200 12222
96.127.158.234 - - [03/Dec/2019:00:01:09 +0900] "GET /index.jsp HTTP/1.1" 302 -
96.127.158.234 - - [03/Dec/2019:00:01:09 +0900] "GET /home/main/main.do HTTP/1.1" 200 12222
40.77.167.221 - - [03/Dec/2019:00:04:03 +0900] "GET /error/kr/error.jsp HTTP/1.1" 500 3570
40.77.167.221 - - [03/Dec/2019:00:04:03 +0900] "GET /error/kr/error.jsp HTTP/1.1" 500 3570
46.229.168.145 - - [03/Dec/2019:00:06:00 +0900] "GET /error/kr/error.jsp HTTP/1.1" 500 3570
123.125.71.91 - - [03/Dec/2019:00:08:25 +0900] "GET /index.jsp HTTP/1.1" 302 -
123.125.71.72 - - [03/Dec/2019:00:08:25 +0900] "GET /home/en/main/main.do HTTP/1.1" 200 11080
128.199.91.141 - - [03/Dec/2019:00:11:38 +0900] "GET /index.jsp HTTP/1.0" 302 -
54.146.43.69 - - [03/Dec/2019:00:13:31 +0900] "GET /error/kr/error.jsp HTTP/1.0" 500 3570
193.111.62.163 - - [03/Dec/2019:00:27:08 +0900] "GET /home/news/news/list.do HTTP/1.1" 200 7091
66.240.236.119 - - [03/Dec/2019:00:30:10 +0900] "GET /index.jsp HTTP/1.1" 302 -
66.240.236.119 - - [03/Dec/2019:00:30:13 +0900] "GET /home/main/main.do HTTP/1.1" 200 12222
66.240.236.119 - - [03/Dec/2019:00:30:16 +0900] "GET /error/kr/error.jsp HTTP/1.1" 500 3570
66.240.236.119 - - [03/Dec/2019:00:30:17 +0900] "GET /error/kr/error.jsp HTTP/1.1" 500 3570
34.199.176.251 - - [03/Dec/2019:00:42:42 +0900] "GET /index.jsp HTTP/1.1" 302 -
34.199.176.251 - - [03/Dec/2019:00:42:43 +0900] "GET /home/main/main.do HTTP/1.1" 200 12222
34.199.176.251 - - [03/Dec/2019:00:43:40 +0900] "GET /index.jsp HTTP/1.1" 302 -
34.199.176.251 - - [03/Dec/2019:00:43:40 +0900] "GET /home/main/main.do HTTP/1.1" 200 12222
175.223.19.174 - - [03/Dec/2019:00:47:05 +0900] "GET /home/main/main.do HTTP/1.1" 200 8898
175.223.19.174 - - [03/Dec/2019:00:47:05 +0900] "GET /error/kr/error.jsp HTTP/1.1" 500 3762
175.223.19.174 - - [03/Dec/2019:00:47:12 +0900] "GET /home/whoweare/korea.do HTTP/1.1" 200 45742
175.223.19.174 - - [03/Dec/2019:00:47:40 +0900] "GET /home/whoweare/korea.do HTTP/1.1" 200 45742
175.223.19.174 - - [03/Dec/2019:00:47:48 +0900] "GET /home/whoweare/korea.do HTTP/1.1" 200 45742
175.223.19.174 - - [03/Dec/2019:00:47:55 +0900] "GET /home/whoweare/korea.do HTTP/1.1" 200 45742
157.55.39.200 - - [03/Dec/2019:01:01:23 +0900] "GET /error/kr/error.jsp HTTP/1.1" 500 3570
157.55.39.200 - - [03/Dec/2019:01:02:02 +0900] "GET /error/kr/error.jsp HTTP/1.1" 500 3570
119.207.72.74 - - [03/Dec/2019:01:03:32 +0900] "GET /home/main/main.do HTTP/1.1" 200 12222
178.210.129.3 - - [03/Dec/2019:01:03:46 +0900] "GET /index.jsp HTTP/1.1" 302 -
157.55.39.200 - - [03/Dec/2019:01:06:21 +0900] "GET /error/kr/error.jsp HTTP/1.1" 500 3570
157.55.39.200 - - [03/Dec/2019:01:06:57 +0900] "GET /error/kr/error.jsp HTTP/1.1" 500 3570
139.129.98.166 - - [03/Dec/2019:01:16:18 +0900] "GET /error/kr/error.jsp HTTP/1.1" 500 3570
77.247.181.165 - - [03/Dec/2019:01:21:46 +0900] "HEAD /index.jsp HTTP/1.1" 302 -
23.129.64.162 - - [03/Dec/2019:01:21:50 +0900] "GET /index.jsp HTTP/1.1" 302 -
23.129.64.162 - - [03/Dec/2019:01:21:50 +0900] "GET /home/main/main.do HTTP/1.1" 200 12222
193.111.62.163 - - [03/Dec/2019:01:24:52 +0900] "GET /home/news/news/list.do HTTP/1.1" 200 7091
5.188.62.5 - - [03/Dec/2019:01:33:58 +0900] "GET /index.jsp HTTP/1.1" 302 -
5.188.62.5 - - [03/Dec/2019:01:33:59 +0900] "GET /home/main/main.do HTTP/1.1" 200 12222
119.207.72.109 - - [03/Dec/2019:01:34:47 +0900] "GET /index.jsp HTTP/1.1" 302 -
119.207.72.109 - - [03/Dec/2019:01:34:47 +0900] "GET /home/main/main.do HTTP/1.1" 200 12222
157.55.39.200 - - [03/Dec/2019:01:36:03 +0900] "GET /error/kr/error.jsp HTTP/1.1" 500 3570
157.55.39.200 - - [03/Dec/2019:01:36:50 +0900] "GET /error/kr/error.jsp HTTP/1.1" 500 3570
157.55.39.226 - - [03/Dec/2019:01:48:22 +0900] "GET /error/kr/error.jsp HTTP/1.1" 500 3570
125.209.235.174 - - [03/Dec/2019:01:56:17 +0900] "GET /error/kr/error.jsp HTTP/1.1" 500 3570
51.255.49.59 - - [03/Dec/2019:01:59:27 +0900] "GET /error/kr/error.jsp HTTP/1.1" 500 3570
66.249.64.94 - - [03/Dec/2019:02:02:04 +0900] "GET /error/kr/error.jsp HTTP/1.1" 500 3762
103.224.167.73 - - [03/Dec/2019:02:05:37 +0900] "GET /error/kr/error.jsp HTTP/1.1" 500 3570
54.189.187.188 - - [03/Dec/2019:02:08:09 +0900] "GET /index.jsp HTTP/1.1" 302 -
54.189.187.188 - - [03/Dec/2019:02:08:09 +0900] "GET /home/main/main.do HTTP/1.1" 200 12222
157.55.39.226 - - [03/Dec/2019:02:12:36 +0900] "GET /error/kr/error.jsp HTTP/1.1" 500 3570
157.55.39.226 - - [03/Dec/2019:02:13:31 +0900] "GET /error/kr/error.jsp HTTP/1.1" 500 3570
34.219.249.48 - - [03/Dec/2019:02:14:52 +0900] "GET /index.jsp HTTP/1.1" 302 -
34.219.249.48 - - [03/Dec/2019:02:14:52 +0900] "GET /home/main/main.do HTTP/1.1" 200 12222
144.48.8.30 - - [03/Dec/2019:02:16:00 +0900] "GET /error/kr/error.jsp HTTP/1.1" 500 3762
38.99.62.91 - - [03/Dec/2019:02:20:27 +0900] "GET /home/news/news/view.do?page=&num=6 HTTP/1.1" 200 9118
31.14.247.219 - - [03/Dec/2019:02:20:37 +0900] "GET /index.jsp HTTP/1.1" 302 -
38.99.62.91 - - [03/Dec/2019:02:21:07 +0900] "GET /home/news/news/view.do?page=2&num=9 HTTP/1.1" 200 9135
38.99.62.91 - - [03/Dec/2019:02:21:46 +0900] "GET /home/news/news/view.do?page=2&num=8 HTTP/1.1" 200 9169
38.99.62.91 - - [03/Dec/2019:02:22:26 +0900] "GET /home/news/news/view.do?page=2&num=9 HTTP/1.1" 200 9135
193.111.62.163 - - [03/Dec/2019:02:23:01 +0900] "GET /home/news/news/list.do HTTP/1.1" 200 7091
38.99.62.91 - - [03/Dec/2019:02:23:06 +0900] "GET /home/news/news/view.do?page=2&num=9 HTTP/1.1" 200 9135
38.99.62.91 - - [03/Dec/2019:02:23:31 +0900] "GET /home/news/news/view.do?page=2&num=8 HTTP/1.1" 200 9169
119.207.72.109 - - [03/Dec/2019:02:23:53 +0900] "GET /home/en/main/main.do HTTP/1.1" 200 11080
38.99.62.91 - - [03/Dec/2019:02:24:35 +0900] "GET /home/news/news/view.do?page=2&num=7 HTTP/1.1" 200 5548
40.77.167.221 - - [03/Dec/2019:02:24:45 +0900] "GET /index.jsp?ko HTTP/1.1" 302 -
40.77.167.221 - - [03/Dec/2019:02:24:46 +0900] "GET /home/main/main.do HTTP/1.1" 200 12222
38.99.62.91 - - [03/Dec/2019:02:25:01 +0900] "GET /home/news/news/view.do?page=2&num=8 HTTP/1.1" 200 9169
38.99.62.91 - - [03/Dec/2019:02:25:26 +0900] "GET /home/news/news/view.do?page=2&num=7 HTTP/1.1" 200 5548
119.207.72.142 - - [03/Dec/2019:02:25:31 +0900] "GET /home/about/about.do HTTP/1.1" 200 14216
38.99.62.91 - - [03/Dec/2019:02:26:06 +0900] "GET /home/en/meetourpartners/all.do HTTP/1.1" 200 95227
38.99.62.91 - - [03/Dec/2019:02:26:46 +0900] "GET /home/news/news/view.do?page=2&num=6 HTTP/1.1" 200 9121
38.99.62.91 - - [03/Dec/2019:02:27:25 +0900] "GET /home/news/news/view.do?page=2&num=7 HTTP/1.1" 200 5548
38.99.62.91 - - [03/Dec/2019:02:28:05 +0900] "GET /home/news/news/view.do?page=2&num=6 HTTP/1.1" 200 9121
38.99.62.91 - - [03/Dec/2019:02:28:44 +0900] "GET /home/news/news/view.do?page=2&num=5 HTTP/1.1" 200 9112
38.99.62.91 - - [03/Dec/2019:02:29:24 +0900] "GET /home/news/news/view.do?page=2&num=6 HTTP/1.1" 200 9121
38.99.62.91 - - [03/Dec/2019:02:30:03 +0900] "GET /home/meetourpartners/all.do HTTP/1.1" 200 101569
38.99.62.91 - - [03/Dec/2019:02:30:43 +0900] "GET /home/news/news/view.do?page=2&num=5 HTTP/1.1" 200 9112
35.238.27.236 - - [03/Dec/2019:02:30:46 +0900] "GET /index.jsp HTTP/1.1" 302 -
35.238.27.236 - - [03/Dec/2019:02:30:46 +0900] "GET /home/en/main/main.do HTTP/1.1" 200 11080
38.99.62.91 - - [03/Dec/2019:02:31:08 +0900] "GET /home/news/news/view.do?page=2&num=4 HTTP/1.1" 200 9123
202.56.236.238 - - [03/Dec/2019:02:31:29 +0900] "GET /index.jsp HTTP/1.1" 302 -
202.56.236.238 - - [03/Dec/2019:02:31:29 +0900] "GET /home/en/main/main.do HTTP/1.1" 302 -
202.56.236.238 - - [03/Dec/2019:02:31:30 +0900] "GET /home/en/main/main.do HTTP/1.1" 200 8279
202.56.236.238 - - [03/Dec/2019:02:31:33 +0900] "GET /error/kr/error.jsp HTTP/1.1" 500 3762
202.56.236.238 - - [03/Dec/2019:02:31:44 +0900] "GET /home/en/meetourpartners/all.do HTTP/1.1" 200 100316
38.99.62.91 - - [03/Dec/2019:02:31:49 +0900] "GET /home/news/news/view.do?page=2&num=5 HTTP/1.1" 200 9112
202.56.236.238 - - [03/Dec/2019:02:31:51 +0900] "GET /home/en/whoweare/korea.do HTTP/1.1" 200 44648
38.99.62.91 - - [03/Dec/2019:02:32:28 +0900] "GET /home/news/news/view.do?page=2&num=4 HTTP/1.1" 200 9123
38.99.62.91 - - [03/Dec/2019:02:32:54 +0900] "GET /home/news/news/view.do?page=2&num=3 HTTP/1.1" 200 5576
38.99.62.91 - - [03/Dec/2019:02:33:33 +0900] "GET /home/news/news/view.do?page=2&num=4 HTTP/1.1" 200 9123
38.99.62.91 - - [03/Dec/2019:02:34:13 +0900] "GET /home/news/news/view.do?page=2&num=3 HTTP/1.1" 200 5576
38.99.62.91 - - [03/Dec/2019:02:34:52 +0900] "GET /home/news/news/view.do?page=2&num=2 HTTP/1.1" 200 6977
38.99.62.91 - - [03/Dec/2019:02:35:17 +0900] "GET /home/news/news/view.do?page=2&num=3 HTTP/1.1" 200 5576
38.99.62.91 - - [03/Dec/2019:02:35:43 +0900] "GET /home/news/news/view.do?page=2&num=2 HTTP/1.1" 200 6977
38.99.62.91 - - [03/Dec/2019:02:36:08 +0900] "GET /home/news/news/view.do?page=2&num=1 HTTP/1.1" 200 8973
38.99.62.91 - - [03/Dec/2019:02:36:48 +0900] "GET /home/news/news/view.do?page=2&num=2 HTTP/1.1" 200 6977
38.99.62.91 - - [03/Dec/2019:02:37:13 +0900] "GET /home/news/news/view.do?page=2&num=1 HTTP/1.1" 200 8973
38.99.62.91 - - [03/Dec/2019:02:37:38 +0900] "GET /home/en/meetourpartners/all.do HTTP/1.1" 200 95227
38.99.62.91 - - [03/Dec/2019:02:38:18 +0900] "GET /home/news/news/view.do?page=2&num=1 HTTP/1.1" 200 8973
38.99.62.91 - - [03/Dec/2019:02:38:57 +0900] "GET /home/news/news/view.do?page=2&num=9 HTTP/1.1" 200 9135
185.153.196.97 - - [03/Dec/2019:02:39:21 +0900] "GET /error/kr/error.jsp HTTP/1.1" 500 3570
38.99.62.91 - - [03/Dec/2019:02:39:37 +0900] "GET /home/news/news/view.do?page=&num=7 HTTP/1.1" 200 5545
38.99.62.91 - - [03/Dec/2019:02:40:16 +0900] "GET /home/news/news/view.do?page=&num=8 HTTP/1.1" 200 9166
38.99.62.91 - - [03/Dec/2019:02:40:56 +0900] "GET /home/news/news/view.do?page=&num=7 HTTP/1.1" 200 5545
177.68.152.171 - - [03/Dec/2019:02:41:20 +0900] "GET /index.jsp HTTP/1.1" 302 -
38.99.62.91 - - [03/Dec/2019:02:41:36 +0900] "GET /home/news/news/view.do?page=2&num=8 HTTP/1.1" 200 9169
38.99.62.91 - - [03/Dec/2019:02:42:15 +0900] "GET /home/news/news/view.do?page=2&num=7 HTTP/1.1" 200 5548
38.99.62.91 - - [03/Dec/2019:02:43:20 +0900] "GET /home/news/news/view.do?page=2&num=6 HTTP/1.1" 200 9121
38.99.62.91 - - [03/Dec/2019:02:43:45 +0900] "GET /home/en/meetourpartners/all.do HTTP/1.1" 200 95227
38.99.62.91 - - [03/Dec/2019:02:44:25 +0900] "GET /home/news/news/view.do?page=2&num=6 HTTP/1.1" 200 9121
38.99.62.91 - - [03/Dec/2019:02:44:50 +0900] "GET /home/news/news/view.do?page=2&num=5 HTTP/1.1" 200 9112
38.99.62.91 - - [03/Dec/2019:02:45:30 +0900] "GET /home/news/news/view.do?page=2&num=6 HTTP/1.1" 200 9121
38.99.62.91 - - [03/Dec/2019:02:46:09 +0900] "GET /home/news/news/view.do?page=2&num=5 HTTP/1.1" 200 9112
207.46.13.237 - - [03/Dec/2019:02:46:24 +0900] "GET /error/kr/error.jsp HTTP/1.1" 500 3570
157.55.39.200 - - [03/Dec/2019:02:46:41 +0900] "GET /error/kr/error.jsp HTTP/1.1" 500 3570
38.99.62.91 - - [03/Dec/2019:02:46:49 +0900] "GET /home/news/news/view.do?page=2&num=4 HTTP/1.1" 200 9123
119.207.72.77 - - [03/Dec/2019:02:47:02 +0900] "GET /home/watwedo/overview.do HTTP/1.1" 200 6147
38.99.62.91 - - [03/Dec/2019:02:47:28 +0900] "GET /home/news/news/view.do?page=2&num=5 HTTP/1.1" 200 9112
157.55.39.200 - - [03/Dec/2019:02:47:44 +0900] "GET /error/kr/error.jsp HTTP/1.1" 500 3570
38.99.62.91 - - [03/Dec/2019:02:48:08 +0900] "GET /home/en/meetourpartners/all.do HTTP/1.1" 200 95227
201.42.27.153 - - [03/Dec/2019:02:48:36 +0900] "GET /index.jsp HTTP/1.1" 302 -
38.99.62.91 - - [03/Dec/2019:02:48:47 +0900] "GET /home/news/news/view.do?page=2&num=4 HTTP/1.1" 200 9123
38.99.62.91 - - [03/Dec/2019:02:49:27 +0900] "GET /home/en/meetourpartners/all.do HTTP/1.1" 200 95227
38.99.62.91 - - [03/Dec/2019:02:50:07 +0900] "GET /home/news/news/view.do?page=2&num=3 HTTP/1.1" 200 5576
38.99.62.91 - - [03/Dec/2019:02:50:32 +0900] "GET /home/meetourpartners/all.do HTTP/1.1" 200 101569
38.99.62.91 - - [03/Dec/2019:02:51:12 +0900] "GET /home/news/news/view.do?page=2&num=4 HTTP/1.1" 200 9123
104.196.19.233 - - [03/Dec/2019:02:51:23 +0900] "GET /error/kr/error.jsp HTTP/1.0" 500 3570
104.196.19.233 - - [03/Dec/2019:02:51:23 +0900] "GET /index.jsp HTTP/1.0" 302 -
104.196.19.233 - - [03/Dec/2019:02:51:24 +0900] "GET /error/kr/error.jsp HTTP/1.0" 500 3570
104.196.19.233 - - [03/Dec/2019:02:51:24 +0900] "GET /home/en/main/main.do HTTP/1.0" 200 11080
38.99.62.91 - - [03/Dec/2019:02:51:51 +0900] "GET /home/news/news/view.do?page=2&num=3 HTTP/1.1" 200 5576
38.99.62.91 - - [03/Dec/2019:02:52:31 +0900] "GET /home/news/news/view.do?page=2&num=2 HTTP/1.1" 200 6977
38.99.62.91 - - [03/Dec/2019:02:53:10 +0900] "GET /home/news/news/view.do?page=2&num=3 HTTP/1.1" 200 5576
38.99.62.91 - - [03/Dec/2019:02:53:50 +0900] "GET /home/news/news/view.do?page=2&num=2 HTTP/1.1" 200 6977
38.99.62.91 - - [03/Dec/2019:02:54:29 +0900] "GET /home/news/news/view.do?page=2&num=1 HTTP/1.1" 200 8973
157.55.39.200 - - [03/Dec/2019:02:54:33 +0900] "GET /home/news/news/view.do?page=1&num=15 HTTP/1.1" 200 9181
207.46.13.231 - - [03/Dec/2019:02:54:55 +0900] "GET /error/kr/error.jsp HTTP/1.1" 500 3570
38.99.62.91 - - [03/Dec/2019:02:55:09 +0900] "GET /home/news/news/view.do?page=2&num=2 HTTP/1.1" 200 6977
38.99.62.91 - - [03/Dec/2019:02:55:48 +0900] "GET /home/news/news/view.do?page=2&num=1 HTTP/1.1" 200 8973
38.99.62.91 - - [03/Dec/2019:02:57:07 +0900] "GET /home/news/news/view.do?page=2&num=7 HTTP/1.1" 200 5548
38.99.62.91 - - [03/Dec/2019:02:57:47 +0900] "GET /home/news/news/view.do?page=2&num=8 HTTP/1.1" 200 9169
38.99.62.91 - - [03/Dec/2019:02:58:26 +0900] "GET /home/news/news/view.do?page=&num=8 HTTP/1.1" 200 9166
38.99.62.91 - - [03/Dec/2019:02:59:06 +0900] "GET /home/news/news/view.do?page=&num=9 HTTP/1.1" 200 9132
104.196.19.233 - - [03/Dec/2019:02:59:26 +0900] "GET /error/kr/error.jsp HTTP/1.0" 500 3570
104.196.19.233 - - [03/Dec/2019:02:59:26 +0900] "GET /index.jsp HTTP/1.0" 302 -
104.196.19.233 - - [03/Dec/2019:02:59:27 +0900] "GET /error/kr/error.jsp HTTP/1.0" 500 3570
104.196.19.233 - - [03/Dec/2019:02:59:27 +0900] "GET /home/en/main/main.do HTTP/1.0" 200 11080
38.99.62.91 - - [03/Dec/2019:02:59:45 +0900] "GET /home/news/news/view.do?page=&num=8 HTTP/1.1" 200 9166
38.99.62.91 - - [03/Dec/2019:03:00:25 +0900] "GET /home/en/meetourpartners/domestic.do HTTP/1.1" 200 69240
38.99.62.91 - - [03/Dec/2019:03:01:04 +0900] "GET /home/news/news/view.do?page=&num=9 HTTP/1.1" 200 9132
38.99.62.91 - - [03/Dec/2019:03:01:44 +0900] "GET /home/news/news/view.do?page=&num=10 HTTP/1.1" 200 6753
38.99.62.91 - - [03/Dec/2019:03:02:23 +0900] "GET /home/news/news/view.do?page=&num=9 HTTP/1.1" 200 9132
38.99.62.91 - - [03/Dec/2019:03:03:03 +0900] "GET /home/news/news/view.do?page=&num=10 HTTP/1.1" 200 6753
207.46.13.42 - - [03/Dec/2019:03:03:25 +0900] "GET /error/kr/error.jsp HTTP/1.1" 500 3570
38.99.62.91 - - [03/Dec/2019:03:03:42 +0900] "GET /home/news/news/view.do?page=&num=11 HTTP/1.1" 200 5545
38.99.62.91 - - [03/Dec/2019:03:04:08 +0900] "GET /home/news/news/view.do?page=&num=10 HTTP/1.1" 200 6753
38.99.62.91 - - [03/Dec/2019:03:04:47 +0900] "GET /home/news/news/view.do?page=&num=11 HTTP/1.1" 200 5545
38.99.62.91 - - [03/Dec/2019:03:05:27 +0900] "GET /home/news/news/view.do?page=&num=12 HTTP/1.1" 200 9080
157.55.39.200 - - [03/Dec/2019:03:06:00 +0900] "GET /error/kr/error.jsp HTTP/1.1" 500 3570
38.99.62.91 - - [03/Dec/2019:03:06:46 +0900] "GET /home/news/news/view.do?page=&num=13 HTTP/1.1" 200 9156
157.55.39.200 - - [03/Dec/2019:03:07:17 +0900] "GET /error/kr/error.jsp HTTP/1.1" 500 3570
38.99.62.91 - - [03/Dec/2019:03:08:05 +0900] "GET /home/news/news/view.do?page=&num=14 HTTP/1.1" 200 6733
220.181.108.91 - - [03/Dec/2019:03:08:25 +0900] "GET /index.jsp HTTP/1.1" 302 -
220.181.108.97 - - [03/Dec/2019:03:08:25 +0900] "GET /home/en/main/main.do HTTP/1.1" 302 -
220.181.108.177 - - [03/Dec/2019:03:08:26 +0900] "GET /home/en/main/main.do HTTP/1.1" 200 8279
111.206.221.99 - - [03/Dec/2019:03:08:27 +0900] "GET /error/kr/error.jsp HTTP/1.1" 500 3762
111.206.198.19 - - [03/Dec/2019:03:08:28 +0900] "GET /error/kr/error.jsp HTTP/1.1" 500 3762
38.99.62.91 - - [03/Dec/2019:03:08:44 +0900] "GET /home/news/news/view.do?page=&num=13 HTTP/1.1" 200 9156
38.99.62.91 - - [03/Dec/2019:03:09:24 +0900] "GET /home/news/news/view.do?page=&num=14 HTTP/1.1" 200 6733
38.99.62.91 - - [03/Dec/2019:03:10:03 +0900] "GET /home/news/news/view.do?page=&num=15 HTTP/1.1" 200 9178
38.99.62.91 - - [03/Dec/2019:03:11:22 +0900] "GET /home/news/news/view.do?page=&num=16 HTTP/1.1" 200 5663
38.99.62.91 - - [03/Dec/2019:03:12:01 +0900] "GET /home/news/news/view.do?page=&num=15 HTTP/1.1" 200 9178
38.99.62.91 - - [03/Dec/2019:03:12:41 +0900] "GET /home/news/news/view.do?page=&num=16 HTTP/1.1" 200 5663
38.99.62.91 - - [03/Dec/2019:03:13:20 +0900] "GET /home/news/news/view.do?page=&num=17 HTTP/1.1" 200 5758
38.99.62.91 - - [03/Dec/2019:03:14:00 +0900] "GET /home/news/news/view.do?page=&num=16 HTTP/1.1" 200 5663
38.99.62.91 - - [03/Dec/2019:03:14:25 +0900] "GET /home/news/news/view.do?page=&num=17 HTTP/1.1" 200 5758
38.99.62.91 - - [03/Dec/2019:03:14:50 +0900] "GET /home/news/news/view.do?page=&num=18 HTTP/1.1" 200 9134
38.99.62.91 - - [03/Dec/2019:03:15:16 +0900] "GET /home/news/news/view.do?page=&num=17 HTTP/1.1" 200 5758
38.99.62.91 - - [03/Dec/2019:03:15:55 +0900] "GET /home/news/news/view.do?page=&num=18 HTTP/1.1" 200 9134
38.99.62.91 - - [03/Dec/2019:03:16:21 +0900] "GET /home/news/news/view.do?page=&num=19 HTTP/1.1" 200 6162
38.99.62.91 - - [03/Dec/2019:03:18:05 +0900] "GET /home/news/news/view.do?page=&num=18 HTTP/1.1" 200 9134
38.99.62.91 - - [03/Dec/2019:03:18:44 +0900] "GET /home/news/news/view.do?page=&num=14 HTTP/1.1" 200 6733
38.99.62.91 - - [03/Dec/2019:03:19:24 +0900] "GET /home/news/news/view.do?page=&num=12 HTTP/1.1" 200 9080
38.99.62.91 - - [03/Dec/2019:03:20:03 +0900] "GET /home/news/news/view.do?page=&num=11 HTTP/1.1" 200 5545
38.99.62.91 - - [03/Dec/2019:03:20:43 +0900] "GET /index.jsp HTTP/1.1" 302 -
38.99.62.91 - - [03/Dec/2019:03:20:43 +0900] "GET /home/en/main/main.do HTTP/1.1" 200 11080
17.58.96.118 - - [03/Dec/2019:03:25:23 +0900] "GET /home/meetourpartners/all.do HTTP/1.1" 200 101569
121.254.147.237 - - [03/Dec/2019:03:29:53 +0900] "GET /index.jsp HTTP/1.1" 302 -
121.254.147.237 - - [03/Dec/2019:03:29:53 +0900] "GET /home/en/main/main.do HTTP/1.1" 200 11080
61.160.207.40 - - [03/Dec/2019:03:29:58 +0900] "GET /error/kr/error.jsp HTTP/1.1" 500 3570
61.160.207.40 - - [03/Dec/2019:03:29:58 +0900] "GET /error/kr/error.jsp HTTP/1.1" 500 3570
61.160.207.40 - - [03/Dec/2019:03:29:58 +0900] "GET /error/kr/error.jsp HTTP/1.1" 500 3570
61.160.207.40 - - [03/Dec/2019:03:29:58 +0900] "GET /error/kr/error.jsp HTTP/1.1" 500 3570
61.160.207.40 - - [03/Dec/2019:03:29:58 +0900] "GET /error/kr/error.jsp HTTP/1.1" 500 3570
61.160.207.40 - - [03/Dec/2019:03:29:58 +0900] "GET /error/kr/error.jsp HTTP/1.1" 500 3570
207.46.13.168 - - [03/Dec/2019:03:42:48 +0900] "GET /home/news/news/view.do?page=1&num=16 HTTP/1.1" 200 5666
119.207.72.71 - - [03/Dec/2019:03:47:21 +0900] "GET /home/watwedo/overview.do HTTP/1.1" 200 6147
119.207.72.180 - - [03/Dec/2019:03:47:24 +0900] "GET /home/watwedo/overview.do HTTP/1.1" 200 6147
207.46.13.237 - - [03/Dec/2019:03:51:21 +0900] "GET /error/kr/error.jsp HTTP/1.1" 500 3570
207.46.13.42 - - [03/Dec/2019:03:52:03 +0900] "GET /error/kr/error.jsp HTTP/1.1" 500 3570
125.209.235.177 - - [03/Dec/2019:03:56:17 +0900] "GET /error/kr/error.jsp HTTP/1.1" 500 3570
207.46.13.168 - - [03/Dec/2019:04:05:41 +0900] "GET /error/kr/error.jsp HTTP/1.1" 500 3570
176.58.159.72 - - [03/Dec/2019:04:14:16 +0900] "POST /index.jsp HTTP/1.1" 302 -
45.33.66.85 - - [03/Dec/2019:04:17:01 +0900] "GET /error/kr/error.jsp HTTP/1.1" 500 3570
157.55.39.200 - - [03/Dec/2019:04:21:23 +0900] "GET /error/kr/error.jsp HTTP/1.1" 500 3570
157.55.39.200 - - [03/Dec/2019:04:21:28 +0900] "GET /error/kr/error.jsp HTTP/1.1" 500 3570
34.199.176.251 - - [03/Dec/2019:04:24:42 +0900] "GET /index.jsp HTTP/1.1" 302 -
34.199.176.251 - - [03/Dec/2019:04:24:42 +0900] "GET /home/main/main.do HTTP/1.1" 200 12222
157.55.39.200 - - [03/Dec/2019:04:25:50 +0900] "GET /error/kr/error.jsp HTTP/1.1" 500 3570
157.55.39.200 - - [03/Dec/2019:04:26:15 +0900] "GET /error/kr/error.jsp HTTP/1.1" 500 3570
193.111.62.163 - - [03/Dec/2019:04:26:34 +0900] "GET /home/news/news/list.do HTTP/1.1" 200 7091
170.239.228.62 - - [03/Dec/2019:04:37:20 +0900] "GET /index.jsp HTTP/1.0" 302 -
119.207.72.76 - - [03/Dec/2019:04:43:38 +0900] "GET /home/en/main/main.do HTTP/1.1" 200 11080
157.55.39.92 - - [03/Dec/2019:04:51:07 +0900] "GET /error/kr/error.jsp HTTP/1.1" 500 3570
157.55.39.92 - - [03/Dec/2019:04:51:13 +0900] "GET /error/kr/error.jsp HTTP/1.1" 500 3570
207.46.13.168 - - [03/Dec/2019:04:56:46 +0900] "GET /error/kr/error.jsp HTTP/1.1" 500 3570
207.46.13.168 - - [03/Dec/2019:04:57:11 +0900] "GET /error/kr/error.jsp HTTP/1.1" 500 3570
18.237.183.241 - - [03/Dec/2019:04:57:31 +0900] "GET /index.jsp HTTP/1.1" 302 -
18.237.183.241 - - [03/Dec/2019:04:57:31 +0900] "GET /home/main/main.do HTTP/1.1" 200 12222
40.77.167.1 - - [03/Dec/2019:04:59:01 +0900] "GET /index.jsp HTTP/1.1" 302 -
185.100.34.31 - - [03/Dec/2019:04:59:32 +0900] "GET /index.jsp HTTP/1.1" 302 -
51.255.36.166 - - [03/Dec/2019:05:01:58 +0900] "GET /error/kr/error.jsp HTTP/1.1" 500 3570
193.111.62.163 - - [03/Dec/2019:05:02:39 +0900] "GET /home/news/news/list.do HTTP/1.1" 200 7091
119.207.72.69 - - [03/Dec/2019:05:08:26 +0900] "GET /home/about/about.do HTTP/1.1" 200 14216
119.207.72.109 - - [03/Dec/2019:05:08:31 +0900] "GET /home/about/about.do HTTP/1.1" 200 14216
157.55.39.92 - - [03/Dec/2019:05:13:41 +0900] "GET /error/kr/error.jsp HTTP/1.1" 500 3570
157.55.39.92 - - [03/Dec/2019:05:13:55 +0900] "GET /error/kr/error.jsp HTTP/1.1" 500 3570
66.249.64.94 - - [03/Dec/2019:05:33:46 +0900] "GET /error/kr/error.jsp HTTP/1.1" 500 3762
36.7.252.182 - - [03/Dec/2019:05:39:29 +0900] "GET /home/en/meetourpartners/overseas.do HTTP/1.1" 200 31428
66.249.64.90 - - [03/Dec/2019:05:43:53 +0900] "GET /error/kr/error.jsp HTTP/1.1" 500 3762
119.207.72.110 - - [03/Dec/2019:05:49:16 +0900] "GET /home/en/main/main.do HTTP/1.1" 200 11080
40.77.167.1 - - [03/Dec/2019:05:50:10 +0900] "GET /error/kr/error.jsp HTTP/1.1" 500 3570
40.77.167.1 - - [03/Dec/2019:05:53:11 +0900] "GET /error/kr/error.jsp HTTP/1.1" 500 3570
186.50.156.20 - - [03/Dec/2019:05:54:43 +0900] "GET /index.jsp HTTP/1.1" 302 -
54.89.93.21 - - [03/Dec/2019:05:56:14 +0900] "GET /error/kr/error.jsp HTTP/1.1" 500 3570
54.89.93.21 - - [03/Dec/2019:05:56:15 +0900] "GET /error/kr/error.jsp HTTP/1.1" 500 3570
125.209.235.179 - - [03/Dec/2019:05:56:17 +0900] "GET /error/kr/error.jsp HTTP/1.1" 500 3570
207.46.13.168 - - [03/Dec/2019:06:00:48 +0900] "GET /error/kr/error.jsp HTTP/1.1" 500 3570
157.55.39.92 - - [03/Dec/2019:06:01:39 +0900] "GET /error/kr/error.jsp HTTP/1.1" 500 3570
207.46.13.168 - - [03/Dec/2019:06:03:46 +0900] "GET /error/kr/error.jsp HTTP/1.1" 500 3570
157.55.39.92 - - [03/Dec/2019:06:04:35 +0900] "GET /error/kr/error.jsp HTTP/1.1" 500 3570
123.125.71.52 - - [03/Dec/2019:06:08:25 +0900] "GET /index.jsp HTTP/1.1" 302 -
123.125.71.13 - - [03/Dec/2019:06:08:25 +0900] "GET /home/en/main/main.do HTTP/1.1" 200 11080
66.249.64.212 - - [03/Dec/2019:06:14:24 +0900] "GET /error/kr/error.jsp HTTP/1.1" 500 3570
211.56.145.140 - - [03/Dec/2019:06:25:42 +0900] "GET /index.jsp HTTP/1.1" 302 -
211.56.145.140 - - [03/Dec/2019:06:25:42 +0900] "GET /home/main/main.do HTTP/1.1" 302 -
211.56.145.140 - - [03/Dec/2019:06:25:43 +0900] "GET /home/main/main.do HTTP/1.1" 200 8898
193.111.62.163 - - [03/Dec/2019:06:26:10 +0900] "GET /home/news/news/list.do HTTP/1.1" 200 7091
157.55.39.92 - - [03/Dec/2019:06:28:41 +0900] "GET /home/main/main.do HTTP/1.1" 200 12222
207.46.13.237 - - [03/Dec/2019:06:28:48 +0900] "GET /error/kr/error.jsp HTTP/1.1" 500 3570
207.46.13.231 - - [03/Dec/2019:06:28:58 +0900] "GET /error/kr/error.jsp HTTP/1.1" 500 3570
119.207.72.79 - - [03/Dec/2019:06:35:03 +0900] "GET /home/en/watwedo/overview.do HTTP/1.1" 200 6156
66.249.64.212 - - [03/Dec/2019:07:09:31 +0900] "GET /error/kr/error.jsp HTTP/1.1" 500 3570
46.229.168.139 - - [03/Dec/2019:07:15:12 +0900] "GET /error/kr/error.jsp HTTP/1.1" 500 3570
165.16.37.164 - - [03/Dec/2019:07:24:42 +0900] "GET /index.jsp HTTP/1.1" 302 -
193.111.62.163 - - [03/Dec/2019:07:27:01 +0900] "GET /home/news/news/list.do HTTP/1.1" 200 7091
39.7.54.171 - - [03/Dec/2019:07:27:59 +0900] "GET /home/main/main.do HTTP/1.1" 200 8898
39.7.54.171 - - [03/Dec/2019:07:27:59 +0900] "GET /error/kr/error.jsp HTTP/1.1" 500 3762
39.7.54.171 - - [03/Dec/2019:07:28:02 +0900] "GET /home/watwedo/overview.do HTTP/1.1" 200 7044
39.7.54.171 - - [03/Dec/2019:07:28:14 +0900] "GET /home/contact/contact.do HTTP/1.1" 200 7487
216.244.66.242 - - [03/Dec/2019:07:29:24 +0900] "GET /error/kr/error.jsp HTTP/1.1" 500 3570
39.7.54.171 - - [03/Dec/2019:07:38:28 +0900] "GET /home/main/main.do HTTP/1.1" 200 8898
39.7.54.171 - - [03/Dec/2019:07:38:29 +0900] "GET /error/kr/error.jsp HTTP/1.1" 500 3762
39.7.54.171 - - [03/Dec/2019:07:38:39 +0900] "GET /home/whoweare/korea.do HTTP/1.1" 200 45742
39.7.54.171 - - [03/Dec/2019:07:40:00 +0900] "GET /home/whoweare/korea.do HTTP/1.1" 200 45742
39.7.54.171 - - [03/Dec/2019:07:40:11 +0900] "GET /home/whoweare/korea.do HTTP/1.1" 200 45742
39.7.54.171 - - [03/Dec/2019:07:40:22 +0900] "GET /home/whoweare/korea.do HTTP/1.1" 200 45742
39.7.54.171 - - [03/Dec/2019:07:40:46 +0900] "GET /home/whoweare/korea.do HTTP/1.1" 200 45742
39.7.54.171 - - [03/Dec/2019:07:40:58 +0900] "GET /home/whoweare/korea.do HTTP/1.1" 200 45742
39.7.54.171 - - [03/Dec/2019:07:41:12 +0900] "GET /home/whoweare/korea.do HTTP/1.1" 200 45742
39.7.54.171 - - [03/Dec/2019:07:41:22 +0900] "GET /home/whoweare/korea.do HTTP/1.1" 200 45742
39.7.54.171 - - [03/Dec/2019:07:41:32 +0900] "GET /home/whoweare/korea.do HTTP/1.1" 200 45742
39.7.54.171 - - [03/Dec/2019:07:41:45 +0900] "GET /home/whoweare/korea.do HTTP/1.1" 200 45742
39.7.54.171 - - [03/Dec/2019:07:42:07 +0900] "GET /home/whoweare/korea.do HTTP/1.1" 200 45742
39.7.54.171 - - [03/Dec/2019:07:42:19 +0900] "GET /home/whoweare/korea.do HTTP/1.1" 200 45742
39.7.54.171 - - [03/Dec/2019:07:42:35 +0900] "GET /home/whoweare/korea.do HTTP/1.1" 200 45742
39.7.54.171 - - [03/Dec/2019:07:42:51 +0900] "GET /home/whoweare/korea.do HTTP/1.1" 200 45742
61.103.49.10 - - [03/Dec/2019:07:42:52 +0900] "GET /home/main/main.do HTTP/1.1" 200 12222
39.7.54.171 - - [03/Dec/2019:07:43:06 +0900] "GET /home/whoweare/korea.do HTTP/1.1" 200 45742
39.7.54.171 - - [03/Dec/2019:07:43:14 +0900] "GET /home/whoweare/korea.do HTTP/1.1" 200 45742
39.7.54.171 - - [03/Dec/2019:07:43:36 +0900] "GET /home/whoweare/korea.do HTTP/1.1" 200 45742
39.7.54.171 - - [03/Dec/2019:07:43:44 +0900] "GET /home/whoweare/korea.do HTTP/1.1" 200 45742
39.7.54.171 - - [03/Dec/2019:07:43:54 +0900] "GET /home/whoweare/korea.do HTTP/1.1" 200 45742
61.103.49.10 - - [03/Dec/2019:07:53:43 +0900] "GET /home/main/main.do HTTP/1.1" 200 12222
125.209.235.167 - - [03/Dec/2019:07:56:17 +0900] "GET /error/kr/error.jsp HTTP/1.1" 500 3570
107.179.17.3 - - [03/Dec/2019:08:01:45 +0900] "GET /index.jsp HTTP/1.1" 302 -
107.179.17.3 - - [03/Dec/2019:08:01:45 +0900] "GET /home/main/main.do HTTP/1.1" 200 12222
58.76.107.139 - - [03/Dec/2019:08:04:42 +0900] "GET /home/about/about.do HTTP/1.1" 200 14216
58.76.107.139 - - [03/Dec/2019:08:04:59 +0900] "GET /home/contact/contact.do HTTP/1.1" 200 5224
58.76.107.139 - - [03/Dec/2019:08:05:05 +0900] "GET /home/news/news/list.do HTTP/1.1" 200 7091
58.76.107.139 - - [03/Dec/2019:08:05:12 +0900] "GET /home/news/news/view.do?page=1&num=1 HTTP/1.1" 200 8973
58.76.107.139 - - [03/Dec/2019:08:05:33 +0900] "GET /home/news/news/list.do HTTP/1.1" 200 7091
58.76.107.139 - - [03/Dec/2019:08:05:34 +0900] "GET /home/meetourpartners/all.do HTTP/1.1" 200 101569
58.76.107.139 - - [03/Dec/2019:08:05:37 +0900] "GET /home/whoweare/korea.do HTTP/1.1" 200 31387
58.76.107.139 - - [03/Dec/2019:08:05:42 +0900] "GET /home/watwedo/overview.do HTTP/1.1" 200 6147
207.46.13.168 - - [03/Dec/2019:08:12:43 +0900] "GET /error/kr/error.jsp HTTP/1.1" 500 3570
77.247.181.162 - - [03/Dec/2019:08:13:01 +0900] "GET /index.jsp HTTP/1.1" 302 -
157.55.39.92 - - [03/Dec/2019:08:13:02 +0900] "GET /error/kr/error.jsp HTTP/1.1" 500 3570
77.247.181.162 - - [03/Dec/2019:08:13:02 +0900] "GET /home/main/main.do HTTP/1.1" 200 12222
207.46.13.168 - - [03/Dec/2019:08:14:07 +0900] "GET /error/kr/error.jsp HTTP/1.1" 500 3570
207.46.13.168 - - [03/Dec/2019:08:16:13 +0900] "GET /error/kr/error.jsp HTTP/1.1" 500 3570
157.55.39.92 - - [03/Dec/2019:08:17:07 +0900] "GET /error/kr/error.jsp HTTP/1.1" 500 3570
157.55.39.92 - - [03/Dec/2019:08:18:31 +0900] "GET /error/kr/error.jsp HTTP/1.1" 500 3570
58.76.107.139 - - [03/Dec/2019:08:19:58 +0900] "GET /home/watwedo/overview.do HTTP/1.1" 200 6147
34.216.175.253 - - [03/Dec/2019:08:30:35 +0900] "GET /index.jsp HTTP/1.1" 302 -
34.216.175.253 - - [03/Dec/2019:08:30:35 +0900] "GET /home/main/main.do HTTP/1.1" 200 12222
34.216.175.253 - - [03/Dec/2019:08:30:36 +0900] "GET /home/watwedo/overview.do HTTP/1.1" 200 6147
34.216.175.253 - - [03/Dec/2019:08:30:36 +0900] "GET /home/about/about.do HTTP/1.1" 200 14216
34.216.175.253 - - [03/Dec/2019:08:30:36 +0900] "GET /home/meetourpartners/all.do HTTP/1.1" 200 101569
34.216.175.253 - - [03/Dec/2019:08:30:36 +0900] "GET /home/watwedo/philosophy.do HTTP/1.1" 200 7162
34.216.175.253 - - [03/Dec/2019:08:30:36 +0900] "GET /home/whoweare/korea.do HTTP/1.1" 200 31387
34.216.175.253 - - [03/Dec/2019:08:30:36 +0900] "GET /home/en/main/main.do HTTP/1.1" 200 11080
193.111.62.163 - - [03/Dec/2019:08:31:04 +0900] "GET /home/news/news/list.do HTTP/1.1" 200 7091
58.76.107.139 - - [03/Dec/2019:08:37:26 +0900] "GET /home/watwedo/history.do HTTP/1.1" 200 10614
58.76.107.139 - - [03/Dec/2019:08:37:27 +0900] "GET /home/watwedo/philosophy.do HTTP/1.1" 200 7162
207.46.13.168 - - [03/Dec/2019:08:39:10 +0900] "GET /error/kr/error.jsp HTTP/1.1" 500 3570
58.76.107.139 - - [03/Dec/2019:08:44:52 +0900] "GET /home/watwedo/history.do HTTP/1.1" 200 10614
58.76.107.139 - - [03/Dec/2019:08:45:02 +0900] "GET /home/watwedo/overview.do HTTP/1.1" 200 6147
58.76.107.139 - - [03/Dec/2019:08:45:10 +0900] "GET /home/about/about.do HTTP/1.1" 200 14216
58.76.107.139 - - [03/Dec/2019:08:45:49 +0900] "GET /home/meetourpartners/all.do HTTP/1.1" 200 101569
58.76.107.139 - - [03/Dec/2019:08:47:21 +0900] "GET /home/meetourpartners/domestic.do HTTP/1.1" 200 73451
61.103.49.10 - - [03/Dec/2019:08:50:47 +0900] "GET /home/main/main.do HTTP/1.1" 200 12222
34.199.176.251 - - [03/Dec/2019:08:57:01 +0900] "GET /home/news/news/view.do?num=3 HTTP/1.1" 200 5573
34.199.176.251 - - [03/Dec/2019:08:57:01 +0900] "GET /home/news/news/view.do HTTP/1.1" 500 3570
34.199.176.251 - - [03/Dec/2019:08:57:06 +0900] "GET /home/news/news/view.do?num=3 HTTP/1.1" 200 5573
34.199.176.251 - - [03/Dec/2019:08:57:07 +0900] "GET /home/news/news/view.do HTTP/1.1" 500 3570
34.199.176.251 - - [03/Dec/2019:08:57:21 +0900] "GET /home/news/news/view.do?num=3 HTTP/1.1" 200 5573
34.199.176.251 - - [03/Dec/2019:08:57:21 +0900] "GET /home/news/news/view.do HTTP/1.1" 500 3570
34.199.176.251 - - [03/Dec/2019:08:57:46 +0900] "GET /home/news/news/view.do?num=3 HTTP/1.1" 200 5573
34.199.176.251 - - [03/Dec/2019:08:57:47 +0900] "GET /home/news/news/view.do HTTP/1.1" 500 3570
154.37.152.95 - - [03/Dec/2019:09:00:06 +0900] "GET /index.jsp HTTP/1.1" 302 -
154.37.152.95 - - [03/Dec/2019:09:00:07 +0900] "GET /home/main/main.do HTTP/1.1" 200 12222
66.96.204.221 - - [03/Dec/2019:09:02:35 +0900] "GET /index.jsp HTTP/1.1" 302 -
66.96.204.221 - - [03/Dec/2019:09:02:35 +0900] "GET /home/en/main/main.do HTTP/1.1" 200 11080
66.96.204.221 - - [03/Dec/2019:09:02:40 +0900] "GET /home/en/whoweare/korea.do HTTP/1.1" 200 31310
66.96.204.221 - - [03/Dec/2019:09:02:58 +0900] "GET /home/en/watwedo/overview.do HTTP/1.1" 200 6156
66.96.204.221 - - [03/Dec/2019:09:03:08 +0900] "GET /home/en/meetourpartners/all.do HTTP/1.1" 200 95227
207.46.13.237 - - [03/Dec/2019:09:05:39 +0900] "GET /error/kr/error.jsp HTTP/1.1" 500 3570
157.55.39.235 - - [03/Dec/2019:09:06:05 +0900] "GET /index.jsp HTTP/1.1" 302 -
220.181.108.97 - - [03/Dec/2019:09:08:25 +0900] "GET /index.jsp HTTP/1.1" 302 -
220.181.108.77 - - [03/Dec/2019:09:08:26 +0900] "GET /home/en/main/main.do HTTP/1.1" 302 -
220.181.108.79 - - [03/Dec/2019:09:08:26 +0900] "GET /home/en/main/main.do HTTP/1.1" 200 8279
111.206.198.6 - - [03/Dec/2019:09:08:26 +0900] "GET /error/kr/error.jsp HTTP/1.1" 500 3762
111.206.221.5 - - [03/Dec/2019:09:08:27 +0900] "GET /error/kr/error.jsp HTTP/1.1" 500 3762
58.76.107.139 - - [03/Dec/2019:09:09:32 +0900] "GET /home/meetourpartners/domestic.do HTTP/1.1" 200 73451
207.46.13.236 - - [03/Dec/2019:09:10:35 +0900] "GET /error/kr/error.jsp HTTP/1.1" 500 3762
157.55.39.235 - - [03/Dec/2019:09:11:03 +0900] "GET /index.jsp HTTP/1.1" 302 -
157.55.39.235 - - [03/Dec/2019:09:13:59 +0900] "GET /error/kr/error.jsp HTTP/1.1" 500 3570
218.55.119.2 - - [03/Dec/2019:09:14:10 +0900] "GET /index.jsp HTTP/1.1" 302 -
218.55.119.2 - - [03/Dec/2019:09:14:10 +0900] "GET /home/en/main/main.do HTTP/1.1" 200 11080
45.33.66.85 - - [03/Dec/2019:09:16:58 +0900] "GET /error/kr/error.jsp HTTP/1.1" 500 3570
207.46.13.168 - - [03/Dec/2019:09:23:57 +0900] "GET /error/kr/error.jsp HTTP/1.1" 500 3570
167.172.173.253 - - [03/Dec/2019:09:24:23 +0900] "GET /error/kr/error.jsp HTTP/1.1" 500 3570
207.46.13.168 - - [03/Dec/2019:09:24:28 +0900] "GET /error/kr/error.jsp HTTP/1.1" 500 3570
193.111.62.163 - - [03/Dec/2019:09:28:57 +0900] "GET /home/news/news/list.do HTTP/1.1" 200 7091
61.160.212.49 - - [03/Dec/2019:09:29:12 +0900] "GET /error/kr/error.jsp HTTP/1.1" 500 3570
106.249.114.167 - - [03/Dec/2019:09:32:06 +0900] "GET /index.jsp HTTP/1.1" 302 -
106.249.114.167 - - [03/Dec/2019:09:32:06 +0900] "GET /home/main/main.do HTTP/1.1" 200 8898
106.249.114.167 - - [03/Dec/2019:09:32:27 +0900] "GET /index.jsp HTTP/1.1" 302 -
106.249.114.167 - - [03/Dec/2019:09:32:27 +0900] "GET /home/main/main.do HTTP/1.1" 200 8898
207.46.13.168 - - [03/Dec/2019:09:36:58 +0900] "GET /error/kr/error.jsp HTTP/1.1" 500 3570
34.199.176.251 - - [03/Dec/2019:09:47:09 +0900] "GET /home/news/news/view.do?num=2 HTTP/1.1" 200 6974
34.199.176.251 - - [03/Dec/2019:09:47:09 +0900] "GET /home/news/news/view.do HTTP/1.1" 500 3570
34.199.176.251 - - [03/Dec/2019:09:48:19 +0900] "GET /home/news/news/view.do?num=2 HTTP/1.1" 200 6974
34.199.176.251 - - [03/Dec/2019:09:48:19 +0900] "GET /home/news/news/view.do HTTP/1.1" 500 3570
219.241.42.253 - - [03/Dec/2019:09:51:44 +0900] "GET /index.jsp HTTP/1.1" 302 -
219.241.42.253 - - [03/Dec/2019:09:51:44 +0900] "GET /home/main/main.do HTTP/1.1" 200 12222
219.241.42.253 - - [03/Dec/2019:09:54:41 +0900] "GET /home/whoweare/korea.do HTTP/1.1" 200 31387
219.241.42.253 - - [03/Dec/2019:09:55:15 +0900] "GET /home/watwedo/overview.do HTTP/1.1" 200 6147
125.209.235.169 - - [03/Dec/2019:09:56:17 +0900] "GET /error/kr/error.jsp HTTP/1.1" 500 3570
207.46.13.168 - - [03/Dec/2019:10:09:00 +0900] "GET /home/watwedo/philosophy.do HTTP/1.1" 200 7162
119.207.72.67 - - [03/Dec/2019:10:09:21 +0900] "GET /home/en/about/about.do HTTP/1.1" 200 14811
202.104.183.122 - - [03/Dec/2019:10:10:13 +0900] "GET /error/kr/error.jsp HTTP/1.1" 500 3570
31.130.155.120 - - [03/Dec/2019:10:12:33 +0900] "GET /index.jsp HTTP/1.1" 302 -
66.96.204.221 - - [03/Dec/2019:10:12:46 +0900] "GET /home/en/watwedo/overview.do HTTP/1.1" 200 6156
66.96.204.221 - - [03/Dec/2019:10:12:54 +0900] "GET /home/en/whoweare/korea.do HTTP/1.1" 200 31310
66.96.204.221 - - [03/Dec/2019:10:12:58 +0900] "GET /home/en/whoweare/china.do HTTP/1.1" 200 10353
66.96.204.221 - - [03/Dec/2019:10:13:04 +0900] "GET /home/en/whoweare/korea.do HTTP/1.1" 200 31310
210.104.132.130 - - [03/Dec/2019:10:14:19 +0900] "GET /index.jsp HTTP/1.1" 302 -
210.104.132.130 - - [03/Dec/2019:10:14:19 +0900] "GET /home/main/main.do HTTP/1.1" 200 12222
210.104.132.130 - - [03/Dec/2019:10:14:23 +0900] "GET /home/whoweare/korea.do HTTP/1.1" 200 31387
106.249.114.167 - - [03/Dec/2019:10:16:33 +0900] "GET /index.jsp HTTP/1.1" 302 -
106.249.114.167 - - [03/Dec/2019:10:16:33 +0900] "GET /home/main/main.do HTTP/1.1" 200 8898
13.228.6.37 - - [03/Dec/2019:10:19:28 +0900] "GET /home/en/meetourpartners/all.do HTTP/1.1" 200 95227
157.55.39.235 - - [03/Dec/2019:10:21:50 +0900] "GET /error/kr/error.jsp HTTP/1.1" 500 3570
207.46.13.168 - - [03/Dec/2019:10:21:52 +0900] "GET /error/kr/error.jsp HTTP/1.1" 500 3570
157.55.39.235 - - [03/Dec/2019:10:25:00 +0900] "GET /home/news/news/view.do?page=1&num=3 HTTP/1.1" 200 5576
157.55.39.235 - - [03/Dec/2019:10:25:00 +0900] "GET /error/kr/error.jsp HTTP/1.1" 500 3570
207.46.13.168 - - [03/Dec/2019:10:25:35 +0900] "GET /error/kr/error.jsp HTTP/1.1" 500 3570
193.111.62.163 - - [03/Dec/2019:10:25:45 +0900] "GET /home/news/news/list.do HTTP/1.1" 200 7091
207.46.13.168 - - [03/Dec/2019:10:27:58 +0900] "GET /error/kr/error.jsp HTTP/1.1" 500 3570
207.46.13.168 - - [03/Dec/2019:10:31:36 +0900] "GET /error/kr/error.jsp HTTP/1.1" 500 3570
103.131.71.143 - - [03/Dec/2019:10:33:39 +0900] "GET /error/kr/error.jsp HTTP/1.1" 500 3570
106.240.246.98 - - [03/Dec/2019:10:33:50 +0900] "GET /index.jsp HTTP/1.1" 302 -
106.240.246.98 - - [03/Dec/2019:10:33:50 +0900] "GET /home/main/main.do HTTP/1.1" 200 12222
183.15.206.69 - - [03/Dec/2019:10:34:00 +0900] "GET /error/kr/error.jsp HTTP/1.1" 500 3570
36.110.199.14 - - [03/Dec/2019:10:37:43 +0900] "GET /index.jsp HTTP/1.1" 302 -
36.110.199.14 - - [03/Dec/2019:10:37:43 +0900] "GET /home/en/main/main.do HTTP/1.1" 200 11080
207.46.13.231 - - [03/Dec/2019:10:40:05 +0900] "GET /error/kr/error.jsp HTTP/1.1" 500 3570
47.56.196.198 - - [03/Dec/2019:10:44:49 +0900] "GET /error/kr/error.jsp HTTP/1.1" 500 3570
47.56.196.198 - - [03/Dec/2019:10:45:10 +0900] "GET /error/kr/error.jsp HTTP/1.1" 500 3570
34.199.176.251 - - [03/Dec/2019:10:49:06 +0900] "GET /home/news/news/view.do?num=1 HTTP/1.1" 200 8971
34.199.176.251 - - [03/Dec/2019:10:49:07 +0900] "GET /home/news/news/view.do HTTP/1.1" 500 3570
157.55.39.235 - - [03/Dec/2019:11:00:48 +0900] "GET /error/kr/error.jsp HTTP/1.1" 500 3570
83.219.133.99 - - [03/Dec/2019:11:01:31 +0900] "GET /index.jsp HTTP/1.0" 302 -
88.225.243.43 - - [03/Dec/2019:11:01:32 +0900] "GET /home/en/main/main.do HTTP/1.0" 200 11080
88.225.243.43 - - [03/Dec/2019:11:01:33 +0900] "GET /home/en/contact/contact.do HTTP/1.0" 200 5187
157.55.39.235 - - [03/Dec/2019:11:04:44 +0900] "GET /error/kr/error.jsp HTTP/1.1" 500 3570
141.8.142.12 - - [03/Dec/2019:11:16:12 +0900] "GET /error/kr/error.jsp HTTP/1.1" 500 3570
141.8.142.12 - - [03/Dec/2019:11:16:16 +0900] "GET /home/whoweare/korea.do HTTP/1.1" 200 31387
106.240.246.98 - - [03/Dec/2019:11:18:13 +0900] "GET /home/whoweare/korea.do HTTP/1.1" 200 31387
211.55.49.234 - - [03/Dec/2019:11:18:27 +0900] "GET /index.jsp HTTP/1.1" 302 -
211.55.49.234 - - [03/Dec/2019:11:18:27 +0900] "GET /home/main/main.do HTTP/1.1" 200 12222
106.240.246.98 - - [03/Dec/2019:11:18:30 +0900] "GET /home/main/main.do HTTP/1.1" 200 12222
211.55.49.234 - - [03/Dec/2019:11:18:31 +0900] "GET /home/watwedo/overview.do HTTP/1.1" 200 6147
211.55.49.234 - - [03/Dec/2019:11:18:51 +0900] "GET /home/whoweare/korea.do HTTP/1.1" 200 31387
35.243.217.76 - - [03/Dec/2019:11:20:05 +0900] "GET /error/kr/error.jsp HTTP/1.0" 500 3570
35.243.217.76 - - [03/Dec/2019:11:20:06 +0900] "GET /home/en/about/about.do HTTP/1.0" 200 14811
121.134.158.33 - - [03/Dec/2019:11:22:13 +0900] "GET /index.jsp HTTP/1.1" 302 -
121.134.158.33 - - [03/Dec/2019:11:22:13 +0900] "GET /home/main/main.do HTTP/1.1" 200 12222
59.175.97.167 - - [03/Dec/2019:11:22:31 +0900] "GET /index.jsp HTTP/1.1" 302 -
59.175.97.167 - - [03/Dec/2019:11:22:31 +0900] "GET /home/en/main/main.do HTTP/1.1" 200 11080
59.175.97.167 - - [03/Dec/2019:11:22:35 +0900] "GET /home/en/about/about.do HTTP/1.1" 200 14811
203.217.250.11 - - [03/Dec/2019:11:22:46 +0900] "GET /home/news/news/view.do?num=2 HTTP/1.1" 200 6974
207.46.13.237 - - [03/Dec/2019:11:22:57 +0900] "GET /error/kr/error.jsp HTTP/1.1" 500 3570
207.46.13.168 - - [03/Dec/2019:11:23:00 +0900] "GET /error/kr/error.jsp HTTP/1.1" 500 3570
31.43.223.111 - - [03/Dec/2019:11:23:50 +0900] "GET /index.jsp HTTP/1.1" 302 -
31.43.223.111 - - [03/Dec/2019:11:23:51 +0900] "GET /home/en/main/main.do HTTP/1.1" 200 8279
59.175.97.167 - - [03/Dec/2019:11:23:54 +0900] "GET /home/en/whoweare/korea.do HTTP/1.1" 200 31310
31.43.223.111 - - [03/Dec/2019:11:23:55 +0900] "GET /error/kr/error.jsp HTTP/1.1" 500 3762
59.175.97.167 - - [03/Dec/2019:11:24:00 +0900] "GET /home/en/watwedo/overview.do HTTP/1.1" 200 6156
59.175.97.167 - - [03/Dec/2019:11:24:17 +0900] "GET /home/en/watwedo/overview.do HTTP/1.1" 200 6156
59.175.97.167 - - [03/Dec/2019:11:24:19 +0900] "GET /home/en/watwedo/philosophy.do HTTP/1.1" 200 7112
59.175.97.167 - - [03/Dec/2019:11:24:20 +0900] "GET /home/en/watwedo/history.do HTTP/1.1" 200 10541
193.111.62.163 - - [03/Dec/2019:11:24:30 +0900] "GET /home/news/news/list.do HTTP/1.1" 200 7091
35.175.120.1 - - [03/Dec/2019:11:25:35 +0900] "GET /error/kr/error.jsp HTTP/1.1" 500 3570
35.175.120.1 - - [03/Dec/2019:11:25:36 +0900] "GET /index.jsp HTTP/1.1" 302 -
35.175.120.1 - - [03/Dec/2019:11:25:36 +0900] "GET /error/kr/error.jsp HTTP/1.1" 500 3570
35.175.120.1 - - [03/Dec/2019:11:25:36 +0900] "GET /home/en/main/main.do HTTP/1.1" 200 11080
35.243.217.76 - - [03/Dec/2019:11:26:25 +0900] "GET /error/kr/error.jsp HTTP/1.0" 500 3570
35.243.217.76 - - [03/Dec/2019:11:26:25 +0900] "GET /home/en/watwedo/overview.do HTTP/1.0" 200 6156
119.129.229.76 - - [03/Dec/2019:11:26:54 +0900] "GET /error/kr/error.jsp HTTP/1.1" 500 3570
35.243.217.76 - - [03/Dec/2019:11:27:22 +0900] "GET /error/kr/error.jsp HTTP/1.0" 500 3570
35.243.217.76 - - [03/Dec/2019:11:27:23 +0900] "GET /home/main/main.do HTTP/1.0" 200 12222
207.46.13.168 - - [03/Dec/2019:11:27:32 +0900] "GET /error/kr/error.jsp HTTP/1.1" 500 3570
35.243.217.76 - - [03/Dec/2019:11:32:35 +0900] "GET /error/kr/error.jsp HTTP/1.0" 500 3570
35.243.217.76 - - [03/Dec/2019:11:32:35 +0900] "GET /home/en/meetourpartners/all.do HTTP/1.0" 200 95227
1.214.91.239 - - [03/Dec/2019:11:32:38 +0900] "GET /index.jsp HTTP/1.1" 302 -
1.214.91.239 - - [03/Dec/2019:11:32:38 +0900] "GET /home/main/main.do HTTP/1.1" 200 12222
106.101.64.42 - - [03/Dec/2019:11:32:59 +0900] "GET /filter/checker.jsp?campaignID=761&email=kimtwoong191@naver.com&responseEnd=2019-01-02 HTTP/1.1" 404 3570
121.134.158.33 - - [03/Dec/2019:11:37:16 +0900] "GET /home/whoweare/korea.do HTTP/1.1" 200 31387
175.192.74.80 - - [03/Dec/2019:11:40:28 +0900] "GET /index.jsp HTTP/1.1" 302 -
175.192.74.80 - - [03/Dec/2019:11:40:28 +0900] "GET /home/main/main.do HTTP/1.1" 200 12222
157.55.39.93 - - [03/Dec/2019:11:41:12 +0900] "GET /error/kr/error.jsp HTTP/1.1" 500 3570
35.243.217.76 - - [03/Dec/2019:11:41:42 +0900] "GET /error/kr/error.jsp HTTP/1.0" 500 3570
35.243.217.76 - - [03/Dec/2019:11:41:43 +0900] "GET /home/en/watwedo/philosophy.do HTTP/1.0" 200 7112
221.234.104.250 - - [03/Dec/2019:11:43:47 +0900] "HEAD /index.jsp HTTP/1.1" 302 -
221.234.104.250 - - [03/Dec/2019:11:43:47 +0900] "GET /home/main/main.do HTTP/1.1" 200 12222
221.234.104.250 - - [03/Dec/2019:11:43:47 +0900] "HEAD /index.jsp HTTP/1.1" 302 -
221.234.104.250 - - [03/Dec/2019:11:43:47 +0900] "GET /error/kr/error.jsp HTTP/1.1" 500 3570
221.234.104.250 - - [03/Dec/2019:11:43:47 +0900] "GET /home/main/main.do HTTP/1.1" 200 12222
221.234.104.250 - - [03/Dec/2019:11:43:47 +0900] "GET /error/kr/error.jsp HTTP/1.1" 500 3570
35.243.217.76 - - [03/Dec/2019:11:45:42 +0900] "GET /error/kr/error.jsp HTTP/1.0" 500 3570
35.243.217.76 - - [03/Dec/2019:11:45:43 +0900] "GET /home/en/whoweare/korea.do HTTP/1.0" 200 31310
115.205.71.119 - - [03/Dec/2019:11:47:52 +0900] "GET /error/kr/error.jsp HTTP/1.1" 500 3570
35.243.217.76 - - [03/Dec/2019:11:48:27 +0900] "GET /error/kr/error.jsp HTTP/1.0" 500 3570
35.243.217.76 - - [03/Dec/2019:11:48:28 +0900] "GET /home/en/contact/contact.do HTTP/1.0" 200 5187
35.243.217.76 - - [03/Dec/2019:11:49:20 +0900] "GET /error/kr/error.jsp HTTP/1.0" 500 3570
35.243.217.76 - - [03/Dec/2019:11:49:20 +0900] "GET /home/en/meetourpartners/all.do HTTP/1.0" 200 95227
35.243.217.76 - - [03/Dec/2019:11:49:24 +0900] "GET /error/kr/error.jsp HTTP/1.0" 500 3570
35.243.217.76 - - [03/Dec/2019:11:49:24 +0900] "GET /home/en/watwedo/overview.do HTTP/1.0" 200 6156
35.243.217.76 - - [03/Dec/2019:11:49:27 +0900] "GET /error/kr/error.jsp HTTP/1.0" 500 3570
35.243.217.76 - - [03/Dec/2019:11:49:27 +0900] "GET /home/en/whoweare/korea.do HTTP/1.0" 200 31310
35.243.217.76 - - [03/Dec/2019:11:49:29 +0900] "GET /error/kr/error.jsp HTTP/1.0" 500 3570
35.243.217.76 - - [03/Dec/2019:11:49:30 +0900] "GET /home/en/about/about.do HTTP/1.0" 200 14811
35.243.217.76 - - [03/Dec/2019:11:49:31 +0900] "GET /error/kr/error.jsp HTTP/1.0" 500 3570
35.243.217.76 - - [03/Dec/2019:11:49:32 +0900] "GET /home/en/contact/contact.do HTTP/1.0" 200 5187
35.243.217.76 - - [03/Dec/2019:11:49:33 +0900] "GET /error/kr/error.jsp HTTP/1.0" 500 3570
35.243.217.76 - - [03/Dec/2019:11:49:33 +0900] "GET /home/en/watwedo/philosophy.do HTTP/1.0" 200 7112
35.243.217.76 - - [03/Dec/2019:11:49:35 +0900] "GET /error/kr/error.jsp HTTP/1.0" 500 3570
35.243.217.76 - - [03/Dec/2019:11:49:35 +0900] "GET /home/main/main.do HTTP/1.0" 200 12222
52.162.161.148 - - [03/Dec/2019:11:49:53 +0900] "GET /home/en/watwedo/overview.do HTTP/1.1" 200 6156
38.99.62.91 - - [03/Dec/2019:11:53:11 +0900] "GET /home/main/main.do HTTP/1.1" 200 12222
38.99.62.91 - - [03/Dec/2019:11:53:51 +0900] "GET /home/main/main.do HTTP/1.1" 200 12222
38.99.62.91 - - [03/Dec/2019:11:54:30 +0900] "GET /home/en/main/main.do HTTP/1.1" 200 11080
38.99.62.91 - - [03/Dec/2019:11:55:10 +0900] "GET /home/watwedo/overview.do HTTP/1.1" 200 6147
38.99.62.91 - - [03/Dec/2019:11:55:50 +0900] "GET /home/whoweare/korea.do HTTP/1.1" 200 31387
125.209.235.185 - - [03/Dec/2019:11:56:17 +0900] "GET /error/kr/error.jsp HTTP/1.1" 500 3570
38.99.62.91 - - [03/Dec/2019:11:56:29 +0900] "GET /home/meetourpartners/all.do HTTP/1.1" 200 101569
38.99.62.91 - - [03/Dec/2019:11:56:54 +0900] "GET /home/meetourpartners/domestic.do HTTP/1.1" 200 73451
38.99.62.91 - - [03/Dec/2019:11:57:34 +0900] "GET /home/meetourpartners/overseas.do HTTP/1.1" 200 32620
121.254.147.237 - - [03/Dec/2019:11:57:54 +0900] "GET /index.jsp HTTP/1.1" 302 -
121.254.147.237 - - [03/Dec/2019:11:57:54 +0900] "GET /home/en/main/main.do HTTP/1.1" 200 11080
38.99.62.91 - - [03/Dec/2019:11:57:59 +0900] "GET /home/en/meetourpartners/all.do HTTP/1.1" 200 95227
38.99.62.91 - - [03/Dec/2019:11:58:25 +0900] "GET /home/meetourpartners/all.do HTTP/1.1" 200 101569
38.99.62.91 - - [03/Dec/2019:11:58:50 +0900] "GET /home/en/meetourpartners/all.do HTTP/1.1" 200 95227
38.99.62.91 - - [03/Dec/2019:11:59:30 +0900] "GET /home/meetourpartners/all.do HTTP/1.1" 200 101569
38.99.62.91 - - [03/Dec/2019:12:04:04 +0900] "GET /home/meetourpartners/all.do HTTP/1.1" 200 101569
38.99.62.91 - - [03/Dec/2019:12:04:44 +0900] "GET /home/meetourpartners/all.do HTTP/1.1" 200 101569
38.99.62.91 - - [03/Dec/2019:12:06:03 +0900] "GET /home/en/meetourpartners/all.do HTTP/1.1" 200 95227
157.55.39.92 - - [03/Dec/2019:12:06:21 +0900] "GET /error/kr/error.jsp HTTP/1.1" 500 3570
38.99.62.91 - - [03/Dec/2019:12:06:42 +0900] "GET /home/meetourpartners/all.do HTTP/1.1" 200 101569
113.77.146.55 - - [03/Dec/2019:12:07:42 +0900] "GET /error/kr/error.jsp HTTP/1.1" 500 3570
117.23.83.11 - - [03/Dec/2019:12:07:49 +0900] "GET /error/kr/error.jsp HTTP/1.1" 500 3570
110.229.223.147 - - [03/Dec/2019:12:07:55 +0900] "GET /error/kr/error.jsp HTTP/1.1" 500 3570
38.99.62.91 - - [03/Dec/2019:12:08:01 +0900] "GET /home/meetourpartners/all.do HTTP/1.1" 200 101569
220.181.108.187 - - [03/Dec/2019:12:08:25 +0900] "GET /index.jsp HTTP/1.1" 302 -
220.181.108.185 - - [03/Dec/2019:12:08:26 +0900] "GET /home/en/main/main.do HTTP/1.1" 200 11080
38.99.62.91 - - [03/Dec/2019:12:08:41 +0900] "GET /home/meetourpartners/all.do HTTP/1.1" 200 101569
38.99.62.91 - - [03/Dec/2019:12:09:59 +0900] "GET /home/en/meetourpartners/domestic.do HTTP/1.1" 200 69240
157.55.39.92 - - [03/Dec/2019:12:10:05 +0900] "GET /error/kr/error.jsp HTTP/1.1" 500 3570
38.99.62.91 - - [03/Dec/2019:12:10:39 +0900] "GET /home/meetourpartners/all.do HTTP/1.1" 200 101569
38.99.62.91 - - [03/Dec/2019:12:12:34 +0900] "GET /home/en/meetourpartners/all.do HTTP/1.1" 200 95227
38.99.62.91 - - [03/Dec/2019:12:13:13 +0900] "GET /home/meetourpartners/all.do HTTP/1.1" 200 101569
38.99.62.91 - - [03/Dec/2019:12:18:26 +0900] "GET /home/meetourpartners/all.do HTTP/1.1" 200 101569
103.131.71.53 - - [03/Dec/2019:12:18:53 +0900] "GET /error/kr/error.jsp HTTP/1.1" 500 3762
103.131.71.46 - - [03/Dec/2019:12:19:04 +0900] "GET /error/kr/error.jsp HTTP/1.1" 500 3570
38.99.62.91 - - [03/Dec/2019:12:19:06 +0900] "GET /home/meetourpartners/all.do HTTP/1.1" 200 101569
27.28.248.210 - - [03/Dec/2019:12:21:51 +0900] "HEAD /index.jsp HTTP/1.1" 302 -
27.28.248.210 - - [03/Dec/2019:12:21:51 +0900] "GET /home/main/main.do HTTP/1.1" 200 12222
27.28.248.210 - - [03/Dec/2019:12:21:51 +0900] "GET /error/kr/error.jsp HTTP/1.1" 500 3570
193.111.62.163 - - [03/Dec/2019:12:23:06 +0900] "GET /home/news/news/list.do HTTP/1.1" 200 7091
207.46.13.168 - - [03/Dec/2019:12:23:11 +0900] "GET /home/contact/contact.do HTTP/1.1" 200 5224
157.55.39.235 - - [03/Dec/2019:12:23:15 +0900] "GET /error/kr/error.jsp HTTP/1.1" 500 3570
157.55.39.235 - - [03/Dec/2019:12:27:16 +0900] "GET /error/kr/error.jsp HTTP/1.1" 500 3570
38.99.62.91 - - [03/Dec/2019:12:33:11 +0900] "GET /home/en/meetourpartners/all.do HTTP/1.1" 200 95227
38.99.62.91 - - [03/Dec/2019:12:33:51 +0900] "GET /home/meetourpartners/all.do HTTP/1.1" 200 101569
185.234.216.214 - - [03/Dec/2019:12:35:27 +0900] "GET /home/main/main.do HTTP/1.1" 200 12222
