40.77.167.29 - - [13/Nov/2019:00:00:20 +0900] "GET /error/kr/error.jsp HTTP/1.1" 500 3570
120.92.89.90 - - [13/Nov/2019:00:00:31 +0900] "GET /error/kr/error.jsp HTTP/1.1" 500 3570
40.77.167.29 - - [13/Nov/2019:00:02:56 +0900] "GET /error/kr/error.jsp HTTP/1.1" 500 3570
38.99.62.91 - - [13/Nov/2019:00:05:40 +0900] "GET /home/en/meetourpartners/domestic.do HTTP/1.1" 200 69240
38.99.62.91 - - [13/Nov/2019:00:06:59 +0900] "GET /home/en/meetourpartners/all.do HTTP/1.1" 200 95227
38.99.62.91 - - [13/Nov/2019:00:07:38 +0900] "GET /home/en/meetourpartners/domestic.do HTTP/1.1" 200 69240
51.38.189.70 - - [13/Nov/2019:00:09:20 +0900] "GET /index.jsp HTTP/1.0" 302 -
18.212.199.39 - - [13/Nov/2019:00:09:32 +0900] "GET /home/en/about/about.do HTTP/1.1" 200 14811
18.212.199.39 - - [13/Nov/2019:00:09:54 +0900] "HEAD /home/en/about/about.do HTTP/1.1" 200 -
157.55.39.157 - - [13/Nov/2019:00:11:08 +0900] "GET /error/kr/error.jsp HTTP/1.1" 500 3570
125.209.235.176 - - [13/Nov/2019:00:11:47 +0900] "GET /error/kr/error.jsp HTTP/1.1" 500 3570
157.55.39.157 - - [13/Nov/2019:00:13:57 +0900] "GET /error/kr/error.jsp HTTP/1.1" 500 3570
13.231.164.177 - - [13/Nov/2019:00:19:28 +0900] "GET /index.jsp HTTP/1.1" 302 -
13.231.164.177 - - [13/Nov/2019:00:19:36 +0900] "GET /home/en/main/main.do HTTP/1.1" 200 11080
157.55.39.157 - - [13/Nov/2019:00:19:55 +0900] "GET /error/kr/error.jsp HTTP/1.1" 500 3570
45.33.96.30 - - [13/Nov/2019:00:22:02 +0900] "GET /error/kr/error.jsp HTTP/1.1" 500 3570
157.55.39.157 - - [13/Nov/2019:00:23:02 +0900] "GET /error/kr/error.jsp HTTP/1.1" 500 3570
193.111.62.163 - - [13/Nov/2019:00:23:46 +0900] "GET /home/news/news/list.do HTTP/1.1" 200 7091
38.99.62.91 - - [13/Nov/2019:00:29:02 +0900] "GET /home/en/meetourpartners/all.do HTTP/1.1" 200 95227
157.55.39.157 - - [13/Nov/2019:00:29:27 +0900] "GET /error/kr/error.jsp HTTP/1.1" 500 3570
38.99.62.91 - - [13/Nov/2019:00:29:42 +0900] "GET /home/en/meetourpartners/domestic.do HTTP/1.1" 200 69240
157.55.39.157 - - [13/Nov/2019:00:34:29 +0900] "GET /error/kr/error.jsp HTTP/1.1" 500 3570
111.230.229.95 - - [13/Nov/2019:00:38:14 +0900] "GET /error/kr/error.jsp HTTP/1.1" 500 3570
38.99.62.91 - - [13/Nov/2019:00:39:54 +0900] "GET /home/en/meetourpartners/all.do HTTP/1.1" 200 95227
38.99.62.91 - - [13/Nov/2019:00:40:34 +0900] "GET /home/en/meetourpartners/domestic.do HTTP/1.1" 200 69240
38.99.62.91 - - [13/Nov/2019:00:44:29 +0900] "GET /home/en/meetourpartners/overseas.do HTTP/1.1" 200 31428
123.63.114.162 - - [13/Nov/2019:00:48:41 +0900] "HEAD /index.jsp HTTP/1.1" 302 -
38.99.62.91 - - [13/Nov/2019:00:49:42 +0900] "GET /home/en/meetourpartners/domestic.do HTTP/1.1" 200 69240
38.99.62.91 - - [13/Nov/2019:00:50:21 +0900] "GET /home/en/meetourpartners/overseas.do HTTP/1.1" 200 31428
38.99.62.91 - - [13/Nov/2019:00:57:32 +0900] "GET /home/en/meetourpartners/all.do HTTP/1.1" 200 95227
38.99.62.91 - - [13/Nov/2019:00:58:12 +0900] "GET /home/meetourpartners/all.do HTTP/1.1" 200 101569
38.99.62.91 - - [13/Nov/2019:00:58:51 +0900] "GET /home/en/meetourpartners/overseas.do HTTP/1.1" 200 31428
221.235.235.4 - - [13/Nov/2019:01:00:36 +0900] "GET /error/kr/error.jsp HTTP/1.1" 500 3570
38.99.62.91 - - [13/Nov/2019:01:00:49 +0900] "GET /home/en/meetourpartners/all.do HTTP/1.1" 200 95227
38.99.62.91 - - [13/Nov/2019:01:01:29 +0900] "GET /home/en/meetourpartners/overseas.do HTTP/1.1" 200 31428
123.63.114.162 - - [13/Nov/2019:01:02:52 +0900] "HEAD /home/main/main.do HTTP/1.1" 200 -
38.99.62.91 - - [13/Nov/2019:01:05:24 +0900] "GET /home/news/news/view.do?page=1&num=11 HTTP/1.1" 200 5548
211.212.218.134 - - [13/Nov/2019:01:08:54 +0900] "GET /index.jsp HTTP/1.1" 302 -
211.212.218.134 - - [13/Nov/2019:01:08:54 +0900] "GET /home/main/main.do HTTP/1.1" 302 -
211.212.218.134 - - [13/Nov/2019:01:08:54 +0900] "GET /home/main/main.do HTTP/1.1" 200 8898
211.212.218.134 - - [13/Nov/2019:01:08:55 +0900] "GET /error/kr/error.jsp HTTP/1.1" 500 3762
66.249.64.90 - - [13/Nov/2019:01:20:42 +0900] "GET /error/kr/error.jsp HTTP/1.1" 500 3762
157.55.39.157 - - [13/Nov/2019:01:23:32 +0900] "GET /error/kr/error.jsp HTTP/1.1" 500 3570
167.71.105.166 - - [13/Nov/2019:01:25:19 +0900] "GET /index.jsp HTTP/1.1" 302 -
167.71.105.166 - - [13/Nov/2019:01:25:20 +0900] "GET /error/kr/error.jsp HTTP/1.1" 500 3570
167.71.105.166 - - [13/Nov/2019:01:25:20 +0900] "GET /error/kr/error.jsp HTTP/1.1" 500 3570
167.71.105.166 - - [13/Nov/2019:01:25:21 +0900] "GET /index.jsp HTTP/1.1" 302 -
167.71.105.166 - - [13/Nov/2019:01:25:21 +0900] "GET /error/kr/error.jsp HTTP/1.1" 500 3570
167.71.105.166 - - [13/Nov/2019:01:25:22 +0900] "GET /error/kr/error.jsp HTTP/1.1" 500 3570
167.71.105.166 - - [13/Nov/2019:01:25:23 +0900] "GET /error/kr/error.jsp HTTP/1.1" 500 3570
167.71.105.166 - - [13/Nov/2019:01:25:23 +0900] "GET /error/kr/error.jsp HTTP/1.1" 500 3570
167.71.105.166 - - [13/Nov/2019:01:25:24 +0900] "GET /error/kr/error.jsp HTTP/1.1" 500 3570
167.71.105.166 - - [13/Nov/2019:01:25:25 +0900] "GET /error/kr/error.jsp HTTP/1.1" 500 3570
167.71.105.166 - - [13/Nov/2019:01:25:25 +0900] "GET /error/kr/error.jsp HTTP/1.1" 500 3570
167.71.105.166 - - [13/Nov/2019:01:25:26 +0900] "GET /error/kr/error.jsp HTTP/1.1" 500 3570
167.71.105.166 - - [13/Nov/2019:01:25:26 +0900] "GET /error/kr/error.jsp HTTP/1.1" 500 3570
167.71.105.166 - - [13/Nov/2019:01:25:27 +0900] "GET /error/kr/error.jsp HTTP/1.1" 500 3570
167.71.105.166 - - [13/Nov/2019:01:25:28 +0900] "GET /error/kr/error.jsp HTTP/1.1" 500 3570
167.71.105.166 - - [13/Nov/2019:01:25:28 +0900] "GET /error/kr/error.jsp HTTP/1.1" 500 3570
167.71.105.166 - - [13/Nov/2019:01:25:29 +0900] "GET /error/kr/error.jsp HTTP/1.1" 500 3570
167.71.105.166 - - [13/Nov/2019:01:25:29 +0900] "GET /error/kr/error.jsp HTTP/1.1" 500 3570
167.71.105.166 - - [13/Nov/2019:01:25:30 +0900] "GET /error/kr/error.jsp HTTP/1.1" 500 3570
167.71.105.166 - - [13/Nov/2019:01:25:31 +0900] "GET /error/kr/error.jsp HTTP/1.1" 500 3570
193.111.62.163 - - [13/Nov/2019:01:27:15 +0900] "GET /home/news/news/list.do HTTP/1.1" 200 7091
207.46.13.129 - - [13/Nov/2019:01:28:23 +0900] "GET /home/en/main/main.do HTTP/1.1" 200 8279
157.55.39.157 - - [13/Nov/2019:01:28:49 +0900] "GET /error/kr/error.jsp HTTP/1.1" 500 3570
176.227.245.165 - - [13/Nov/2019:01:45:32 +0900] "GET /index.jsp HTTP/1.1" 302 -
176.9.145.52 - - [13/Nov/2019:01:58:45 +0900] "GET /error/kr/error.jsp HTTP/1.1" 500 3570
119.18.124.103 - - [13/Nov/2019:02:02:21 +0900] "GET /index.jsp HTTP/1.1" 302 -
119.18.124.103 - - [13/Nov/2019:02:02:21 +0900] "GET /home/en/main/main.do HTTP/1.1" 200 11080
119.18.124.103 - - [13/Nov/2019:02:02:32 +0900] "GET /home/en/main/main.do HTTP/1.1" 200 11080
119.18.124.103 - - [13/Nov/2019:02:02:50 +0900] "GET /home/en/whoweare/korea.do HTTP/1.1" 200 29841
119.18.124.103 - - [13/Nov/2019:02:02:52 +0900] "GET /home/en/whoweare/korea.do HTTP/1.1" 200 29841
119.18.124.103 - - [13/Nov/2019:02:03:31 +0900] "GET /home/en/whoweare/korea.do HTTP/1.1" 200 29841
119.18.124.103 - - [13/Nov/2019:02:03:33 +0900] "GET /home/en/meetourpartners/all.do HTTP/1.1" 200 95227
119.18.124.103 - - [13/Nov/2019:02:03:35 +0900] "GET /home/en/meetourpartners/all.do HTTP/1.1" 200 95227
119.18.124.103 - - [13/Nov/2019:02:03:59 +0900] "GET /home/en/meetourpartners/all.do HTTP/1.1" 200 95227
40.77.167.29 - - [13/Nov/2019:02:10:00 +0900] "GET /error/kr/error.jsp HTTP/1.1" 500 3570
66.249.64.212 - - [13/Nov/2019:02:11:01 +0900] "GET /error/kr/error.jsp HTTP/1.1" 500 3570
125.209.235.174 - - [13/Nov/2019:02:11:47 +0900] "GET /error/kr/error.jsp HTTP/1.1" 500 3570
51.68.137.11 - - [13/Nov/2019:02:14:48 +0900] "GET /index.jsp HTTP/1.0" 302 -
95.70.214.236 - - [13/Nov/2019:02:14:58 +0900] "GET /index.jsp HTTP/1.1" 302 -
40.77.167.29 - - [13/Nov/2019:02:17:36 +0900] "GET /error/kr/error.jsp HTTP/1.1" 500 3570
207.46.13.166 - - [13/Nov/2019:02:21:10 +0900] "GET /error/kr/error.jsp HTTP/1.1" 500 3570
119.207.72.70 - - [13/Nov/2019:02:22:25 +0900] "GET /home/news/news/list.do?page=1 HTTP/1.1" 200 7091
119.207.72.141 - - [13/Nov/2019:02:27:17 +0900] "GET /home/main/main.do HTTP/1.1" 200 12222
134.175.8.190 - - [13/Nov/2019:02:28:22 +0900] "GET /error/kr/error.jsp HTTP/1.1" 500 3570
134.175.8.190 - - [13/Nov/2019:02:28:22 +0900] "GET /error/kr/error.jsp HTTP/1.1" 500 3570
134.175.8.190 - - [13/Nov/2019:02:28:24 +0900] "GET /error/kr/error.jsp HTTP/1.1" 500 3570
134.175.8.190 - - [13/Nov/2019:02:28:24 +0900] "GET /error/kr/error.jsp HTTP/1.1" 500 3570
134.175.8.190 - - [13/Nov/2019:02:28:24 +0900] "GET /error/kr/error.jsp HTTP/1.1" 500 3570
134.175.8.190 - - [13/Nov/2019:02:28:29 +0900] "GET /index.jsp HTTP/1.1" 302 -
134.175.8.190 - - [13/Nov/2019:02:28:29 +0900] "GET /home/main/main.do HTTP/1.1" 200 12222
207.46.13.166 - - [13/Nov/2019:02:28:47 +0900] "GET /error/kr/error.jsp HTTP/1.1" 500 3570
107.164.137.109 - - [13/Nov/2019:02:31:06 +0900] "GET /home/en/whoweare/china.do HTTP/1.1" 200 11458
38.79.209.115 - - [13/Nov/2019:02:31:40 +0900] "GET /home/en/watwedo/overview.do HTTP/1.1" 200 7050
38.79.209.212 - - [13/Nov/2019:02:31:54 +0900] "GET /home/en/contact/contact.do HTTP/1.1" 200 7252
198.240.122.239 - - [13/Nov/2019:02:32:02 +0900] "GET /home/en/contact/contact.do HTTP/1.1" 200 7252
103.131.71.45 - - [13/Nov/2019:02:33:57 +0900] "GET /error/kr/error.jsp HTTP/1.1" 500 3570
103.131.71.41 - - [13/Nov/2019:02:33:59 +0900] "GET /error/kr/error.jsp HTTP/1.1" 500 3762
103.131.71.41 - - [13/Nov/2019:02:34:05 +0900] "GET /error/kr/error.jsp HTTP/1.1" 500 3570
40.77.167.29 - - [13/Nov/2019:02:34:13 +0900] "GET /error/kr/error.jsp HTTP/1.1" 500 3570
193.111.62.163 - - [13/Nov/2019:02:35:31 +0900] "GET /home/news/news/list.do HTTP/1.1" 200 7091
79.143.186.114 - - [13/Nov/2019:02:39:30 +0900] "GET /index.jsp HTTP/1.0" 302 -
181.177.81.4 - - [13/Nov/2019:02:39:53 +0900] "GET /home/en/about/about.do HTTP/1.1" 200 16658
23.27.147.222 - - [13/Nov/2019:02:41:42 +0900] "GET /home/en/meetourpartners/all.do HTTP/1.1" 200 100316
211.36.136.103 - - [13/Nov/2019:02:42:24 +0900] "GET /filter/checker.jsp?campaignID=739&email=zlzan123@naver.com&responseEnd=2019-01-01 HTTP/1.1" 404 3570
40.77.167.29 - - [13/Nov/2019:02:43:26 +0900] "GET /error/kr/error.jsp HTTP/1.1" 500 3570
207.46.13.129 - - [13/Nov/2019:02:44:33 +0900] "GET /error/kr/error.jsp HTTP/1.1" 500 3570
108.182.36.156 - - [13/Nov/2019:02:48:59 +0900] "GET /index.jsp HTTP/1.1" 302 -
108.182.36.156 - - [13/Nov/2019:02:49:00 +0900] "GET /home/en/main/main.do HTTP/1.1" 200 11080
38.79.209.61 - - [13/Nov/2019:02:50:35 +0900] "GET /home/main/main.do HTTP/1.1" 200 8898
207.46.13.129 - - [13/Nov/2019:02:52:12 +0900] "GET /error/kr/error.jsp HTTP/1.1" 500 3570
45.33.66.85 - - [13/Nov/2019:02:56:51 +0900] "GET /error/kr/error.jsp HTTP/1.1" 500 3570
216.173.67.193 - - [13/Nov/2019:02:58:05 +0900] "GET /home/en/meetourpartners/all.do HTTP/1.1" 200 100316
207.46.13.129 - - [13/Nov/2019:03:02:14 +0900] "GET /error/kr/error.jsp HTTP/1.1" 500 3570
207.46.13.129 - - [13/Nov/2019:03:10:55 +0900] "GET /error/kr/error.jsp HTTP/1.1" 500 3570
38.99.62.94 - - [13/Nov/2019:03:13:58 +0900] "GET /index.jsp HTTP/1.1" 302 -
38.99.62.94 - - [13/Nov/2019:03:13:58 +0900] "GET /home/main/main.do HTTP/1.1" 200 12222
108.182.36.156 - - [13/Nov/2019:03:16:57 +0900] "GET /home/en/meetourpartners/all.do HTTP/1.1" 200 95227
108.182.36.156 - - [13/Nov/2019:03:17:07 +0900] "GET /home/en/meetourpartners/overseas.do HTTP/1.1" 200 31428
108.182.36.156 - - [13/Nov/2019:03:17:09 +0900] "GET /home/en/meetourpartners/overseas.do HTTP/1.1" 200 31428
185.240.237.240 - - [13/Nov/2019:03:20:30 +0900] "GET /index.jsp HTTP/1.1" 302 -
185.240.237.240 - - [13/Nov/2019:03:20:30 +0900] "GET /home/en/main/main.do HTTP/1.1" 200 11080
61.132.226.64 - - [13/Nov/2019:03:22:10 +0900] "GET /error/kr/error.jsp HTTP/1.1" 500 3570
61.132.226.64 - - [13/Nov/2019:03:22:51 +0900] "GET /error/kr/error.jsp HTTP/1.1" 500 3570
41.76.242.34 - - [13/Nov/2019:03:34:07 +0900] "GET /index.jsp HTTP/1.1" 302 -
196.52.43.85 - - [13/Nov/2019:03:38:09 +0900] "GET /index.jsp HTTP/1.0" 302 -
123.125.71.45 - - [13/Nov/2019:03:44:49 +0900] "GET /index.jsp HTTP/1.1" 302 -
123.125.71.40 - - [13/Nov/2019:03:44:49 +0900] "GET /home/en/main/main.do HTTP/1.1" 200 11080
121.254.147.237 - - [13/Nov/2019:03:47:47 +0900] "GET /index.jsp HTTP/1.1" 302 -
121.254.147.237 - - [13/Nov/2019:03:47:47 +0900] "GET /home/en/main/main.do HTTP/1.1" 200 11080
207.46.13.129 - - [13/Nov/2019:03:48:57 +0900] "GET /error/kr/error.jsp HTTP/1.1" 500 3570
39.118.158.123 - - [13/Nov/2019:03:51:11 +0900] "GET /home/whoweare/korea.do HTTP/1.1" 200 43565
39.118.158.123 - - [13/Nov/2019:03:51:11 +0900] "GET /error/kr/error.jsp HTTP/1.1" 500 3762
39.118.158.123 - - [13/Nov/2019:03:51:11 +0900] "GET /error/kr/error.jsp HTTP/1.1" 500 3762
170.238.36.66 - - [13/Nov/2019:03:51:30 +0900] "GET /index.jsp HTTP/1.0" 302 -
207.46.13.129 - - [13/Nov/2019:03:59:25 +0900] "GET /error/kr/error.jsp HTTP/1.1" 500 3570
193.111.62.163 - - [13/Nov/2019:04:05:05 +0900] "GET /home/news/news/list.do HTTP/1.1" 200 7091
125.209.235.183 - - [13/Nov/2019:04:11:47 +0900] "GET /error/kr/error.jsp HTTP/1.1" 500 3570
220.181.51.113 - - [13/Nov/2019:04:26:03 +0900] "GET /error/kr/error.jsp HTTP/1.1" 500 3570
66.249.64.210 - - [13/Nov/2019:04:31:19 +0900] "GET /error/kr/error.jsp HTTP/1.1" 500 3570
207.96.202.137 - - [13/Nov/2019:04:33:50 +0900] "GET /index.jsp HTTP/1.1" 302 -
207.96.202.137 - - [13/Nov/2019:04:33:51 +0900] "GET /home/en/main/main.do HTTP/1.1" 200 11080
35.185.84.191 - - [13/Nov/2019:04:51:18 +0900] "GET /error/kr/error.jsp HTTP/1.0" 500 3570
35.185.84.191 - - [13/Nov/2019:04:51:18 +0900] "GET /index.jsp HTTP/1.0" 302 -
35.185.84.191 - - [13/Nov/2019:04:51:19 +0900] "GET /error/kr/error.jsp HTTP/1.0" 500 3570
35.185.84.191 - - [13/Nov/2019:04:51:19 +0900] "GET /home/en/main/main.do HTTP/1.0" 200 11080
173.249.10.94 - - [13/Nov/2019:04:54:54 +0900] "GET /index.jsp HTTP/1.1" 302 -
173.249.10.94 - - [13/Nov/2019:04:54:54 +0900] "GET /home/main/main.do HTTP/1.1" 200 12222
35.185.84.191 - - [13/Nov/2019:04:58:51 +0900] "GET /error/kr/error.jsp HTTP/1.0" 500 3570
35.185.84.191 - - [13/Nov/2019:04:58:51 +0900] "GET /index.jsp HTTP/1.0" 302 -
35.185.84.191 - - [13/Nov/2019:04:58:51 +0900] "GET /error/kr/error.jsp HTTP/1.0" 500 3570
35.185.84.191 - - [13/Nov/2019:04:58:52 +0900] "GET /home/en/main/main.do HTTP/1.0" 200 11080
157.55.39.2 - - [13/Nov/2019:05:03:03 +0900] "GET /error/kr/error.jsp HTTP/1.1" 500 3570
34.70.61.82 - - [13/Nov/2019:05:03:16 +0900] "GET /error/kr/error.jsp HTTP/1.1" 500 3570
34.70.61.82 - - [13/Nov/2019:05:03:17 +0900] "GET /error/kr/error.jsp HTTP/1.1" 500 3570
34.70.61.82 - - [13/Nov/2019:05:03:17 +0900] "GET /error/kr/error.jsp HTTP/1.1" 500 3570
34.70.61.82 - - [13/Nov/2019:05:03:17 +0900] "GET /error/kr/error.jsp HTTP/1.1" 500 3570
34.70.61.82 - - [13/Nov/2019:05:03:18 +0900] "GET /error/kr/error.jsp HTTP/1.1" 500 3570
34.70.61.82 - - [13/Nov/2019:05:03:18 +0900] "GET /error/kr/error.jsp HTTP/1.1" 500 3570
207.46.13.166 - - [13/Nov/2019:05:03:19 +0900] "GET /error/kr/error.jsp HTTP/1.1" 500 3570
50.193.156.185 - - [13/Nov/2019:05:09:44 +0900] "GET /index.jsp HTTP/1.1" 302 -
50.193.156.185 - - [13/Nov/2019:05:09:44 +0900] "GET /home/en/main/main.do HTTP/1.1" 200 11080
50.193.156.185 - - [13/Nov/2019:05:11:47 +0900] "GET /home/en/watwedo/overview.do HTTP/1.1" 200 6156
50.193.156.185 - - [13/Nov/2019:05:12:05 +0900] "GET /home/en/watwedo/history.do HTTP/1.1" 200 10541
207.46.13.166 - - [13/Nov/2019:05:12:21 +0900] "GET /error/kr/error.jsp HTTP/1.1" 500 3570
40.77.167.15 - - [13/Nov/2019:05:13:15 +0900] "GET /error/kr/error.jsp HTTP/1.1" 500 3570
50.193.156.185 - - [13/Nov/2019:05:14:09 +0900] "GET /home/main/main.do HTTP/1.1" 200 12222
50.193.156.185 - - [13/Nov/2019:05:14:17 +0900] "GET /home/whoweare/korea.do HTTP/1.1" 200 29942
50.193.156.185 - - [13/Nov/2019:05:14:21 +0900] "GET /home/watwedo/overview.do HTTP/1.1" 200 6147
50.193.156.185 - - [13/Nov/2019:05:14:25 +0900] "GET /home/watwedo/history.do HTTP/1.1" 200 10614
50.193.156.185 - - [13/Nov/2019:05:14:51 +0900] "GET /home/en/main/main.do HTTP/1.1" 200 11080
50.193.156.185 - - [13/Nov/2019:05:15:10 +0900] "GET /home/en/about/about.do HTTP/1.1" 200 14811
50.193.156.185 - - [13/Nov/2019:05:18:42 +0900] "GET /home/en/watwedo/overview.do HTTP/1.1" 200 6156
50.193.156.185 - - [13/Nov/2019:05:18:44 +0900] "GET /home/en/watwedo/history.do HTTP/1.1" 200 10541
40.77.167.15 - - [13/Nov/2019:05:21:17 +0900] "GET /error/kr/error.jsp HTTP/1.1" 500 3570
193.111.62.163 - - [13/Nov/2019:05:23:22 +0900] "GET /home/news/news/list.do HTTP/1.1" 200 7091
185.128.41.50 - - [13/Nov/2019:05:26:53 +0900] "GET /error/kr/error.jsp HTTP/1.1" 500 3570
212.92.122.196 - - [13/Nov/2019:05:54:36 +0900] "GET /error/kr/error.jsp HTTP/1.1" 500 3570
212.92.122.196 - - [13/Nov/2019:05:54:43 +0900] "GET /error/kr/error.jsp HTTP/1.1" 500 3570
212.92.122.196 - - [13/Nov/2019:05:54:51 +0900] "GET /error/kr/error.jsp HTTP/1.1" 500 3570
212.92.122.196 - - [13/Nov/2019:05:54:53 +0900] "GET /error/kr/error.jsp HTTP/1.1" 500 3570
212.92.122.196 - - [13/Nov/2019:05:54:55 +0900] "GET /error/kr/error.jsp HTTP/1.1" 500 3570
212.92.122.196 - - [13/Nov/2019:05:54:57 +0900] "GET /error/kr/error.jsp HTTP/1.1" 500 3570
212.92.122.196 - - [13/Nov/2019:05:54:58 +0900] "GET /error/kr/error.jsp HTTP/1.1" 500 3570
212.92.122.196 - - [13/Nov/2019:05:55:05 +0900] "GET /error/kr/error.jsp HTTP/1.1" 500 3570
212.92.122.196 - - [13/Nov/2019:05:55:09 +0900] "GET /error/kr/error.jsp HTTP/1.1" 500 3570
212.92.122.196 - - [13/Nov/2019:05:55:11 +0900] "GET /error/kr/error.jsp HTTP/1.1" 500 3570
212.92.122.196 - - [13/Nov/2019:05:55:13 +0900] "GET /error/kr/error.jsp HTTP/1.1" 500 3570
212.92.122.196 - - [13/Nov/2019:05:55:15 +0900] "GET /error/kr/error.jsp HTTP/1.1" 500 3570
212.92.122.196 - - [13/Nov/2019:05:55:25 +0900] "GET /error/kr/error.jsp HTTP/1.1" 500 3570
212.92.122.196 - - [13/Nov/2019:05:55:42 +0900] "GET /error/kr/error.jsp HTTP/1.1" 500 3570
212.92.122.196 - - [13/Nov/2019:05:56:10 +0900] "GET /error/kr/error.jsp HTTP/1.1" 500 3570
212.92.122.196 - - [13/Nov/2019:05:56:12 +0900] "GET /error/kr/error.jsp HTTP/1.1" 500 3570
212.92.122.196 - - [13/Nov/2019:05:56:14 +0900] "GET /error/kr/error.jsp HTTP/1.1" 500 3570
212.92.122.196 - - [13/Nov/2019:05:56:17 +0900] "GET /index.jsp HTTP/1.1" 302 -
212.92.122.196 - - [13/Nov/2019:05:56:24 +0900] "GET /home/main/main.do HTTP/1.1" 200 12222
54.164.139.28 - - [13/Nov/2019:05:56:29 +0900] "GET /error/kr/error.jsp HTTP/1.1" 500 3570
54.164.139.28 - - [13/Nov/2019:05:56:31 +0900] "GET /error/kr/error.jsp HTTP/1.1" 500 3570
60.191.52.254 - - [13/Nov/2019:06:06:24 +0900] "HEAD /index.jsp HTTP/1.1" 302 -
60.191.52.254 - - [13/Nov/2019:06:06:24 +0900] "GET /home/main/main.do HTTP/1.1" 200 12222
162.247.74.200 - - [13/Nov/2019:06:09:18 +0900] "HEAD /index.jsp HTTP/1.1" 302 -
23.129.64.215 - - [13/Nov/2019:06:09:21 +0900] "GET /index.jsp HTTP/1.1" 302 -
23.129.64.215 - - [13/Nov/2019:06:09:22 +0900] "GET /home/main/main.do HTTP/1.1" 200 12222
125.209.235.174 - - [13/Nov/2019:06:11:47 +0900] "GET /error/kr/error.jsp HTTP/1.1" 500 3570
193.111.62.163 - - [13/Nov/2019:06:29:53 +0900] "GET /home/news/news/list.do HTTP/1.1" 200 7091
66.249.64.90 - - [13/Nov/2019:06:32:11 +0900] "GET /error/kr/error.jsp HTTP/1.1" 500 3762
54.211.133.78 - - [13/Nov/2019:06:34:21 +0900] "GET /error/kr/error.jsp HTTP/1.1" 500 3570
54.211.133.78 - - [13/Nov/2019:06:34:22 +0900] "GET /error/kr/error.jsp HTTP/1.1" 500 3570
54.211.133.78 - - [13/Nov/2019:06:34:22 +0900] "GET /error/kr/error.jsp HTTP/1.1" 500 3570
54.211.133.78 - - [13/Nov/2019:06:34:23 +0900] "GET /error/kr/error.jsp HTTP/1.1" 500 3570
54.211.133.78 - - [13/Nov/2019:06:34:23 +0900] "GET /error/kr/error.jsp HTTP/1.1" 500 3570
54.211.133.78 - - [13/Nov/2019:06:34:23 +0900] "GET /error/kr/error.jsp HTTP/1.1" 500 3570
54.211.133.78 - - [13/Nov/2019:06:34:24 +0900] "GET /error/kr/error.jsp HTTP/1.1" 500 3570
54.211.133.78 - - [13/Nov/2019:06:34:24 +0900] "GET /error/kr/error.jsp HTTP/1.1" 500 3570
54.211.133.78 - - [13/Nov/2019:06:34:25 +0900] "GET /index.jsp HTTP/1.1" 302 -
54.211.133.78 - - [13/Nov/2019:06:34:25 +0900] "GET /home/main/main.do HTTP/1.1" 200 12222
165.22.43.33 - - [13/Nov/2019:06:36:23 +0900] "GET /index.jsp HTTP/1.0" 302 -
119.207.72.77 - - [13/Nov/2019:06:51:08 +0900] "GET /index.jsp HTTP/1.1" 302 -
119.207.72.77 - - [13/Nov/2019:06:51:08 +0900] "GET /home/main/main.do HTTP/1.1" 200 12222
119.207.72.67 - - [13/Nov/2019:06:51:18 +0900] "GET /index.jsp HTTP/1.1" 302 -
119.207.72.67 - - [13/Nov/2019:06:51:18 +0900] "GET /home/main/main.do HTTP/1.1" 200 12222
66.249.64.90 - - [13/Nov/2019:07:02:39 +0900] "GET /error/kr/error.jsp HTTP/1.1" 500 3762
218.150.123.109 - - [13/Nov/2019:07:05:01 +0900] "GET /error/kr/error.jsp HTTP/1.0" 500 3570
40.77.167.15 - - [13/Nov/2019:07:12:29 +0900] "GET /error/kr/error.jsp HTTP/1.1" 500 3570
40.77.167.15 - - [13/Nov/2019:07:12:34 +0900] "GET /error/kr/error.jsp HTTP/1.1" 500 3570
40.77.167.15 - - [13/Nov/2019:07:17:30 +0900] "GET /error/kr/error.jsp HTTP/1.1" 500 3570
40.77.167.15 - - [13/Nov/2019:07:18:33 +0900] "GET /error/kr/error.jsp HTTP/1.1" 500 3570
141.193.88.20 - - [13/Nov/2019:07:22:14 +0900] "GET /home/whoweare/china.do HTTP/1.1" 200 11536
193.111.62.163 - - [13/Nov/2019:07:27:32 +0900] "GET /home/news/news/list.do HTTP/1.1" 200 7091
35.189.95.130 - - [13/Nov/2019:07:36:53 +0900] "OPTIONS /index.jsp HTTP/1.0" 405 1105
61.103.49.10 - - [13/Nov/2019:07:41:32 +0900] "GET /home/main/main.do HTTP/1.1" 200 12222
40.77.167.85 - - [13/Nov/2019:07:42:25 +0900] "GET /error/kr/error.jsp HTTP/1.1" 500 3570
40.77.167.85 - - [13/Nov/2019:07:42:54 +0900] "GET /error/kr/error.jsp HTTP/1.1" 500 3570
45.33.66.85 - - [13/Nov/2019:07:46:50 +0900] "GET /error/kr/error.jsp HTTP/1.1" 500 3570
34.210.190.33 - - [13/Nov/2019:07:47:34 +0900] "GET /error/kr/error.jsp HTTP/1.1" 500 3570
61.103.49.10 - - [13/Nov/2019:07:49:29 +0900] "GET /home/main/main.do HTTP/1.1" 200 12222
17.58.96.167 - - [13/Nov/2019:07:49:53 +0900] "GET /error/kr/error.jsp HTTP/1.1" 500 3570
17.58.96.119 - - [13/Nov/2019:07:49:53 +0900] "GET /home/contact/contact.do HTTP/1.1" 200 5224
103.131.71.128 - - [13/Nov/2019:08:05:19 +0900] "GET /error/kr/error.jsp HTTP/1.1" 500 3570
61.103.49.10 - - [13/Nov/2019:08:09:09 +0900] "GET /home/whoweare/korea.do HTTP/1.1" 200 29942
61.103.49.10 - - [13/Nov/2019:08:09:12 +0900] "GET /home/main/main.do HTTP/1.1" 200 12222
40.77.167.85 - - [13/Nov/2019:08:10:31 +0900] "GET /error/kr/error.jsp HTTP/1.1" 500 3570
125.209.235.177 - - [13/Nov/2019:08:11:47 +0900] "GET /error/kr/error.jsp HTTP/1.1" 500 3570
178.137.82.147 - - [13/Nov/2019:08:15:34 +0900] "GET /index.jsp HTTP/1.1" 302 -
178.137.82.147 - - [13/Nov/2019:08:15:35 +0900] "GET /index.jsp HTTP/1.1" 302 -
178.137.82.147 - - [13/Nov/2019:08:15:35 +0900] "GET /error/kr/error.jsp HTTP/1.1" 500 3570
178.137.82.147 - - [13/Nov/2019:08:15:36 +0900] "GET /error/kr/error.jsp HTTP/1.1" 500 3570
178.137.82.147 - - [13/Nov/2019:08:15:36 +0900] "GET /index.jsp HTTP/1.1" 302 -
178.137.82.147 - - [13/Nov/2019:08:15:37 +0900] "GET /error/kr/error.jsp HTTP/1.1" 500 3570
178.137.82.147 - - [13/Nov/2019:08:15:37 +0900] "GET /error/kr/error.jsp HTTP/1.1" 500 3570
178.137.82.147 - - [13/Nov/2019:08:15:38 +0900] "GET /error/kr/error.jsp HTTP/1.1" 500 3570
178.137.82.147 - - [13/Nov/2019:08:15:39 +0900] "GET /error/kr/error.jsp HTTP/1.1" 500 3570
178.137.82.147 - - [13/Nov/2019:08:15:39 +0900] "GET /error/kr/error.jsp HTTP/1.1" 500 3570
178.137.82.147 - - [13/Nov/2019:08:15:40 +0900] "GET /error/kr/error.jsp HTTP/1.1" 500 3570
178.137.82.147 - - [13/Nov/2019:08:15:41 +0900] "GET /error/kr/error.jsp HTTP/1.1" 500 3570
178.137.82.147 - - [13/Nov/2019:08:15:41 +0900] "GET /error/kr/error.jsp HTTP/1.1" 500 3570
178.137.82.147 - - [13/Nov/2019:08:15:42 +0900] "GET /error/kr/error.jsp HTTP/1.1" 500 3570
178.137.82.147 - - [13/Nov/2019:08:15:43 +0900] "GET /error/kr/error.jsp HTTP/1.1" 500 3570
178.137.82.147 - - [13/Nov/2019:08:15:43 +0900] "GET /error/kr/error.jsp HTTP/1.1" 500 3570
178.137.82.147 - - [13/Nov/2019:08:15:44 +0900] "GET /error/kr/error.jsp HTTP/1.1" 500 3570
178.137.82.147 - - [13/Nov/2019:08:15:45 +0900] "GET /error/kr/error.jsp HTTP/1.1" 500 3570
178.137.82.147 - - [13/Nov/2019:08:15:45 +0900] "GET /error/kr/error.jsp HTTP/1.1" 500 3570
178.137.82.147 - - [13/Nov/2019:08:15:46 +0900] "GET /error/kr/error.jsp HTTP/1.1" 500 3570
178.137.82.147 - - [13/Nov/2019:08:15:46 +0900] "GET /error/kr/error.jsp HTTP/1.1" 500 3570
223.38.47.161 - - [13/Nov/2019:08:17:18 +0900] "GET /index.jsp HTTP/1.1" 302 -
223.38.47.161 - - [13/Nov/2019:08:17:18 +0900] "GET /home/main/main.do HTTP/1.1" 302 -
223.38.47.161 - - [13/Nov/2019:08:17:18 +0900] "GET /home/main/main.do HTTP/1.1" 200 8898
223.38.47.161 - - [13/Nov/2019:08:17:19 +0900] "GET /error/kr/error.jsp HTTP/1.1" 500 3762
223.38.47.161 - - [13/Nov/2019:08:17:25 +0900] "GET /home/meetourpartners/all.do HTTP/1.1" 200 105128
223.38.47.161 - - [13/Nov/2019:08:18:24 +0900] "GET /home/meetourpartners/overseas.do HTTP/1.1" 200 34535
223.38.47.161 - - [13/Nov/2019:08:18:49 +0900] "GET /home/whoweare/korea.do HTTP/1.1" 200 43565
40.77.167.85 - - [13/Nov/2019:08:18:52 +0900] "GET /error/kr/error.jsp HTTP/1.1" 500 3570
193.111.62.163 - - [13/Nov/2019:08:19:17 +0900] "GET /home/news/news/list.do HTTP/1.1" 200 7091
223.38.47.161 - - [13/Nov/2019:08:19:25 +0900] "GET /home/whoweare/korea.do HTTP/1.1" 200 43565
61.103.49.10 - - [13/Nov/2019:08:20:33 +0900] "GET /home/whoweare/korea.do HTTP/1.1" 200 29942
207.180.211.108 - - [13/Nov/2019:08:44:24 +0900] "GET /index.jsp HTTP/1.0" 302 -
173.249.10.94 - - [13/Nov/2019:08:44:56 +0900] "GET /index.jsp HTTP/1.1" 302 -
173.249.10.94 - - [13/Nov/2019:08:44:56 +0900] "GET /home/main/main.do HTTP/1.1" 200 12222
154.124.148.6 - - [13/Nov/2019:08:46:41 +0900] "GET /home/en/whoweare/korea.do HTTP/1.1" 200 29841
154.124.148.6 - - [13/Nov/2019:08:46:41 +0900] "GET /home/en/whoweare/%20korea%20.do HTTP/1.1" 404 3491
154.124.148.6 - - [13/Nov/2019:08:47:24 +0900] "GET /home/en/whoweare/korea.do HTTP/1.1" 200 29841
154.124.148.6 - - [13/Nov/2019:08:47:24 +0900] "GET /home/en/whoweare/%20korea%20.do HTTP/1.1" 404 3491
124.50.18.109 - - [13/Nov/2019:08:48:17 +0900] "GET /filter/checker.jsp?campaignID=271&email=nalmada1965@naver.com&responseEnd=2018-12-04 HTTP/1.1" 404 3570
40.77.167.15 - - [13/Nov/2019:08:51:00 +0900] "GET /error/kr/error.jsp HTTP/1.1" 500 3570
154.124.148.6 - - [13/Nov/2019:08:51:36 +0900] "GET /home/en/whoweare/korea.do HTTP/1.1" 200 29841
154.124.148.6 - - [13/Nov/2019:08:51:37 +0900] "GET /home/en/whoweare/%20korea%20.do HTTP/1.1" 404 3491
104.222.33.49 - - [13/Nov/2019:08:51:54 +0900] "GET /index.jsp HTTP/1.1" 302 -
104.222.33.49 - - [13/Nov/2019:08:51:54 +0900] "GET /home/en/main/main.do HTTP/1.1" 200 11080
40.77.167.85 - - [13/Nov/2019:08:52:18 +0900] "GET /error/kr/error.jsp HTTP/1.1" 500 3570
117.93.18.53 - - [13/Nov/2019:08:53:29 +0900] "GET /home/en/main/main.do HTTP/1.1" 200 11080
209.17.97.2 - - [13/Nov/2019:08:54:03 +0900] "GET /index.jsp HTTP/1.1" 302 -
40.77.167.85 - - [13/Nov/2019:08:55:09 +0900] "GET /error/kr/error.jsp HTTP/1.1" 500 3570
40.77.167.15 - - [13/Nov/2019:08:56:11 +0900] "GET /error/kr/error.jsp HTTP/1.1" 500 3570
61.103.49.10 - - [13/Nov/2019:08:56:58 +0900] "GET /home/main/main.do HTTP/1.1" 200 12222
61.103.49.10 - - [13/Nov/2019:08:57:00 +0900] "GET /home/whoweare/korea.do HTTP/1.1" 200 29942
61.103.49.10 - - [13/Nov/2019:08:57:02 +0900] "GET /home/whoweare/china.do HTTP/1.1" 200 10340
80.82.70.187 - - [13/Nov/2019:09:00:57 +0900] "GET /error/kr/error.jsp HTTP/1.1" 500 3570
40.77.167.15 - - [13/Nov/2019:09:03:30 +0900] "GET /error/kr/error.jsp HTTP/1.1" 500 3570
40.77.167.85 - - [13/Nov/2019:09:04:50 +0900] "GET /error/kr/error.jsp HTTP/1.1" 500 3570
40.77.167.85 - - [13/Nov/2019:09:08:37 +0900] "GET /error/kr/error.jsp HTTP/1.1" 500 3570
175.113.186.142 - - [13/Nov/2019:09:09:47 +0900] "GET /index.jsp HTTP/1.1" 302 -
175.113.186.142 - - [13/Nov/2019:09:09:47 +0900] "GET /home/en/main/main.do HTTP/1.1" 200 11080
40.77.167.15 - - [13/Nov/2019:09:09:51 +0900] "GET /error/kr/error.jsp HTTP/1.1" 500 3570
175.113.186.142 - - [13/Nov/2019:09:10:05 +0900] "GET /home/en/watwedo/overview.do HTTP/1.1" 200 6156
175.113.186.142 - - [13/Nov/2019:09:10:17 +0900] "GET /home/en/about/about.do HTTP/1.1" 200 14811
175.113.186.142 - - [13/Nov/2019:09:10:31 +0900] "GET /home/en/whoweare/korea.do HTTP/1.1" 200 29841
175.113.186.142 - - [13/Nov/2019:09:12:22 +0900] "GET /home/en/whoweare/korea.do HTTP/1.1" 200 29841
175.113.186.142 - - [13/Nov/2019:09:12:25 +0900] "GET /home/en/contact/contact.do HTTP/1.1" 200 5187
175.113.186.142 - - [13/Nov/2019:09:12:28 +0900] "GET /home/en/main/main.do HTTP/1.1" 200 11080
223.38.45.120 - - [13/Nov/2019:09:13:17 +0900] "GET /index.jsp HTTP/1.1" 302 -
223.38.45.120 - - [13/Nov/2019:09:13:17 +0900] "GET /home/main/main.do HTTP/1.1" 302 -
223.38.45.120 - - [13/Nov/2019:09:13:17 +0900] "GET /home/main/main.do HTTP/1.1" 200 8898
223.38.45.120 - - [13/Nov/2019:09:13:18 +0900] "GET /error/kr/error.jsp HTTP/1.1" 500 3762
223.38.45.120 - - [13/Nov/2019:09:13:24 +0900] "GET /home/whoweare/korea.do HTTP/1.1" 200 43565
223.38.45.120 - - [13/Nov/2019:09:13:58 +0900] "GET /home/whoweare/china.do HTTP/1.1" 200 11536
223.38.45.120 - - [13/Nov/2019:09:14:08 +0900] "GET /home/whoweare/korea.do HTTP/1.1" 200 43565
193.111.62.163 - - [13/Nov/2019:09:17:07 +0900] "GET /home/news/news/list.do HTTP/1.1" 200 7091
103.20.188.182 - - [13/Nov/2019:09:19:52 +0900] "GET /index.jsp HTTP/1.1" 302 -
223.38.45.120 - - [13/Nov/2019:09:24:25 +0900] "GET /index.jsp HTTP/1.1" 302 -
223.38.45.120 - - [13/Nov/2019:09:24:25 +0900] "GET /home/main/main.do HTTP/1.1" 302 -
223.38.45.120 - - [13/Nov/2019:09:24:25 +0900] "GET /home/main/main.do HTTP/1.1" 200 8898
223.38.45.120 - - [13/Nov/2019:09:24:25 +0900] "GET /error/kr/error.jsp HTTP/1.1" 500 3762
223.38.45.120 - - [13/Nov/2019:09:24:28 +0900] "GET /home/whoweare/korea.do HTTP/1.1" 200 43565
223.38.45.120 - - [13/Nov/2019:09:24:51 +0900] "GET /home/whoweare/korea.do HTTP/1.1" 200 43565
207.46.13.166 - - [13/Nov/2019:09:32:12 +0900] "GET /error/kr/error.jsp HTTP/1.1" 500 3570
73.93.153.78 - - [13/Nov/2019:09:32:32 +0900] "GET /index.jsp HTTP/1.1" 302 -
73.93.153.78 - - [13/Nov/2019:09:32:33 +0900] "GET /home/en/main/main.do HTTP/1.1" 200 11080
73.93.153.78 - - [13/Nov/2019:09:32:43 +0900] "GET /home/en/watwedo/overview.do HTTP/1.1" 200 6156
73.93.153.78 - - [13/Nov/2019:09:32:49 +0900] "GET /home/en/whoweare/korea.do HTTP/1.1" 200 29841
131.220.6.27 - - [13/Nov/2019:09:32:51 +0900] "GET /index.jsp HTTP/1.1" 302 -
131.220.6.27 - - [13/Nov/2019:09:32:52 +0900] "GET /home/main/main.do HTTP/1.1" 200 12222
119.207.72.70 - - [13/Nov/2019:09:37:05 +0900] "GET /home/news/news/view.do?page=1&num=1 HTTP/1.1" 200 8973
157.131.170.99 - - [13/Nov/2019:09:38:36 +0900] "GET /home/whoweare/korea.do HTTP/1.1" 200 29942
157.131.170.99 - - [13/Nov/2019:09:38:39 +0900] "GET /home/whoweare/china.do HTTP/1.1" 200 10340
223.38.29.232 - - [13/Nov/2019:09:39:44 +0900] "GET /home/main/main.do HTTP/1.1" 302 -
223.38.29.232 - - [13/Nov/2019:09:39:45 +0900] "GET /home/main/main.do HTTP/1.1" 200 8898
223.38.29.232 - - [13/Nov/2019:09:39:45 +0900] "GET /error/kr/error.jsp HTTP/1.1" 500 3762
223.38.29.232 - - [13/Nov/2019:09:39:50 +0900] "GET /home/whoweare/korea.do HTTP/1.1" 200 43565
211.46.125.253 - - [13/Nov/2019:09:40:11 +0900] "GET /index.jsp HTTP/1.1" 302 -
211.46.125.253 - - [13/Nov/2019:09:40:11 +0900] "GET /home/en/main/main.do HTTP/1.1" 200 11080
206.189.145.214 - - [13/Nov/2019:09:42:43 +0900] "GET /index.jsp HTTP/1.0" 302 -
211.46.125.253 - - [13/Nov/2019:09:44:26 +0900] "GET /error/kr/error.jsp HTTP/1.1" 500 3570
40.77.167.29 - - [13/Nov/2019:09:46:45 +0900] "GET /error/kr/error.jsp HTTP/1.1" 500 3570
40.77.167.118 - - [13/Nov/2019:09:51:32 +0900] "GET /error/kr/error.jsp HTTP/1.1" 500 3570
211.254.19.24 - - [13/Nov/2019:09:51:36 +0900] "GET /index.jsp HTTP/1.1" 302 -
211.254.19.24 - - [13/Nov/2019:09:51:36 +0900] "GET /home/main/main.do HTTP/1.1" 200 12222
211.254.19.24 - - [13/Nov/2019:09:51:44 +0900] "GET /home/meetourpartners/all.do HTTP/1.1" 200 101569
211.254.19.24 - - [13/Nov/2019:09:51:45 +0900] "GET /home/whoweare/korea.do HTTP/1.1" 200 29942
207.46.13.166 - - [13/Nov/2019:09:53:05 +0900] "GET /error/kr/error.jsp HTTP/1.1" 500 3570
202.104.183.122 - - [13/Nov/2019:09:55:59 +0900] "GET /error/kr/error.jsp HTTP/1.1" 500 3570
143.255.243.78 - - [13/Nov/2019:09:58:01 +0900] "GET /index.jsp HTTP/1.1" 302 -
61.103.49.10 - - [13/Nov/2019:09:59:16 +0900] "GET /home/main/main.do HTTP/1.1" 200 12222
1.237.178.199 - - [13/Nov/2019:10:04:39 +0900] "GET /index.jsp HTTP/1.1" 302 -
1.237.178.199 - - [13/Nov/2019:10:04:39 +0900] "GET /home/main/main.do HTTP/1.1" 200 12222
1.237.178.199 - - [13/Nov/2019:10:05:05 +0900] "GET /home/watwedo/overview.do HTTP/1.1" 200 6147
1.237.178.199 - - [13/Nov/2019:10:05:23 +0900] "GET /home/whoweare/korea.do HTTP/1.1" 200 29942
34.85.78.17 - - [13/Nov/2019:10:07:40 +0900] "GET /error/kr/error.jsp HTTP/1.1" 500 3570
149.202.238.204 - - [13/Nov/2019:10:09:56 +0900] "HEAD /index.jsp HTTP/1.1" 302 -
23.129.64.196 - - [13/Nov/2019:10:09:58 +0900] "GET /index.jsp HTTP/1.1" 302 -
23.129.64.196 - - [13/Nov/2019:10:09:58 +0900] "GET /home/main/main.do HTTP/1.1" 200 12222
40.77.167.29 - - [13/Nov/2019:10:10:23 +0900] "GET /error/kr/error.jsp HTTP/1.1" 500 3570
220.181.51.69 - - [13/Nov/2019:10:10:50 +0900] "GET /index.jsp HTTP/1.1" 302 -
220.181.51.110 - - [13/Nov/2019:10:10:50 +0900] "GET /home/en/main/main.do HTTP/1.1" 200 11080
125.209.235.174 - - [13/Nov/2019:10:11:47 +0900] "GET /error/kr/error.jsp HTTP/1.1" 500 3570
40.77.167.118 - - [13/Nov/2019:10:16:18 +0900] "GET /error/kr/error.jsp HTTP/1.1" 500 3570
40.77.167.15 - - [13/Nov/2019:10:17:28 +0900] "GET /error/kr/error.jsp HTTP/1.1" 500 3570
40.77.167.118 - - [13/Nov/2019:10:21:36 +0900] "GET /error/kr/error.jsp HTTP/1.1" 500 3570
193.111.62.163 - - [13/Nov/2019:10:23:37 +0900] "GET /home/news/news/list.do HTTP/1.1" 200 7091
187.57.169.157 - - [13/Nov/2019:10:27:57 +0900] "GET /index.jsp HTTP/1.1" 302 -
13.228.6.37 - - [13/Nov/2019:10:28:26 +0900] "GET /home/en/meetourpartners/all.do HTTP/1.1" 200 95227
5.2.143.125 - - [13/Nov/2019:10:29:05 +0900] "GET /error/kr/error.jsp HTTP/1.1" 500 3570
223.38.29.232 - - [13/Nov/2019:10:29:26 +0900] "GET /home/whoweare/korea.do HTTP/1.1" 200 43565
223.38.29.232 - - [13/Nov/2019:10:29:32 +0900] "GET /home/en/main/main.do HTTP/1.1" 200 8279
223.38.29.232 - - [13/Nov/2019:10:29:32 +0900] "GET /error/kr/error.jsp HTTP/1.1" 500 3762
223.38.29.232 - - [13/Nov/2019:10:29:34 +0900] "GET /home/en/whoweare/korea.do HTTP/1.1" 200 42455
138.68.26.56 - - [13/Nov/2019:10:36:24 +0900] "GET /index.jsp HTTP/1.0" 302 -
138.68.26.56 - - [13/Nov/2019:10:37:01 +0900] "GET /index.jsp HTTP/1.0" 302 -
103.131.71.36 - - [13/Nov/2019:10:37:44 +0900] "GET /error/kr/error.jsp HTTP/1.1" 500 3570
103.131.71.41 - - [13/Nov/2019:10:37:46 +0900] "GET /error/kr/error.jsp HTTP/1.1" 500 3762
103.131.71.53 - - [13/Nov/2019:10:37:53 +0900] "GET /error/kr/error.jsp HTTP/1.1" 500 3570
40.77.167.15 - - [13/Nov/2019:10:44:35 +0900] "GET /error/kr/error.jsp HTTP/1.1" 500 3570
121.136.202.234 - - [13/Nov/2019:10:47:13 +0900] "GET /error/kr/error.jsp HTTP/1.1" 500 3762
121.136.202.234 - - [13/Nov/2019:10:47:16 +0900] "GET /error/kr/error.jsp HTTP/1.1" 500 3762
121.136.202.234 - - [13/Nov/2019:10:47:21 +0900] "GET /error/kr/error.jsp HTTP/1.1" 500 3762
121.136.202.234 - - [13/Nov/2019:10:47:26 +0900] "GET /error/kr/error.jsp HTTP/1.1" 500 3762
121.136.202.234 - - [13/Nov/2019:10:47:28 +0900] "GET /error/kr/error.jsp HTTP/1.1" 500 3762
40.77.167.118 - - [13/Nov/2019:10:49:22 +0900] "GET /error/kr/error.jsp HTTP/1.1" 500 3570
54.236.1.12 - - [13/Nov/2019:10:50:04 +0900] "GET /error/kr/error.jsp HTTP/1.1" 500 3570
54.236.1.12 - - [13/Nov/2019:10:50:04 +0900] "GET /index.jsp HTTP/1.1" 302 -
54.236.1.12 - - [13/Nov/2019:10:50:04 +0900] "GET /home/main/main.do HTTP/1.1" 200 12222
54.236.1.12 - - [13/Nov/2019:10:50:05 +0900] "GET /error/kr/error.jsp HTTP/1.1" 500 3570
121.134.151.152 - - [13/Nov/2019:10:56:18 +0900] "GET /home/main/main.do HTTP/1.1" 200 12222
202.164.212.77 - - [13/Nov/2019:10:59:34 +0900] "GET /index.jsp HTTP/1.1" 302 -
40.77.167.15 - - [13/Nov/2019:10:59:44 +0900] "GET /error/kr/error.jsp HTTP/1.1" 500 3570
61.103.49.10 - - [13/Nov/2019:11:01:25 +0900] "GET /index.jsp HTTP/1.1" 302 -
61.103.49.10 - - [13/Nov/2019:11:01:25 +0900] "GET /home/main/main.do HTTP/1.1" 200 12222
61.103.49.10 - - [13/Nov/2019:11:01:27 +0900] "GET /home/main/main.do HTTP/1.1" 200 12222
61.103.49.10 - - [13/Nov/2019:11:01:28 +0900] "GET /home/meetourpartners/all.do HTTP/1.1" 200 101569
61.103.49.10 - - [13/Nov/2019:11:01:30 +0900] "GET /home/meetourpartners/all.do HTTP/1.1" 200 101569
61.103.49.10 - - [13/Nov/2019:11:04:43 +0900] "GET /home/news/news/list.do HTTP/1.1" 200 7091
158.69.31.36 - - [13/Nov/2019:11:11:21 +0900] "GET /index.jsp HTTP/1.1" 302 -
61.103.49.10 - - [13/Nov/2019:11:14:09 +0900] "GET /home/whoweare/korea.do HTTP/1.1" 200 29942
180.71.195.4 - - [13/Nov/2019:11:16:16 +0900] "GET /index.jsp HTTP/1.1" 302 -
180.71.195.4 - - [13/Nov/2019:11:16:16 +0900] "GET /home/main/main.do HTTP/1.1" 200 12222
180.71.195.4 - - [13/Nov/2019:11:16:20 +0900] "GET /home/meetourpartners/all.do HTTP/1.1" 200 101569
211.214.249.253 - - [13/Nov/2019:11:16:21 +0900] "GET /index.jsp HTTP/1.1" 302 -
211.214.249.253 - - [13/Nov/2019:11:16:21 +0900] "GET /home/main/main.do HTTP/1.1" 200 12222
180.71.195.4 - - [13/Nov/2019:11:16:27 +0900] "GET /home/whoweare/korea.do HTTP/1.1" 200 29942
223.38.46.208 - - [13/Nov/2019:11:16:29 +0900] "GET /index.jsp HTTP/1.1" 302 -
223.38.46.208 - - [13/Nov/2019:11:16:29 +0900] "GET /home/main/main.do HTTP/1.1" 302 -
223.38.46.208 - - [13/Nov/2019:11:16:29 +0900] "GET /home/main/main.do HTTP/1.1" 200 8898
223.38.46.208 - - [13/Nov/2019:11:16:30 +0900] "GET /error/kr/error.jsp HTTP/1.1" 500 3762
223.38.46.208 - - [13/Nov/2019:11:16:38 +0900] "GET /home/whoweare/korea.do HTTP/1.1" 200 43565
223.38.46.208 - - [13/Nov/2019:11:16:56 +0900] "GET /home/whoweare/korea.do HTTP/1.1" 200 43565
223.38.46.208 - - [13/Nov/2019:11:17:03 +0900] "GET /home/whoweare/korea.do HTTP/1.1" 200 43565
193.111.62.163 - - [13/Nov/2019:11:19:41 +0900] "GET /home/news/news/list.do HTTP/1.1" 200 7091
112.220.97.114 - - [13/Nov/2019:11:21:45 +0900] "GET /index.jsp HTTP/1.1" 302 -
112.220.97.114 - - [13/Nov/2019:11:21:45 +0900] "GET /home/main/main.do HTTP/1.1" 200 12222
112.220.97.114 - - [13/Nov/2019:11:21:55 +0900] "GET /home/watwedo/overview.do HTTP/1.1" 200 6147
112.220.97.114 - - [13/Nov/2019:11:21:57 +0900] "GET /home/whoweare/korea.do HTTP/1.1" 200 29942
112.220.97.114 - - [13/Nov/2019:11:22:00 +0900] "GET /home/news/news/list.do HTTP/1.1" 200 7091
112.220.97.114 - - [13/Nov/2019:11:22:01 +0900] "GET /home/contact/contact.do HTTP/1.1" 200 5224
112.220.97.114 - - [13/Nov/2019:11:22:03 +0900] "GET /home/about/about.do HTTP/1.1" 200 14216
112.220.97.114 - - [13/Nov/2019:11:22:05 +0900] "GET /home/main/main.do HTTP/1.1" 200 12222
112.220.97.114 - - [13/Nov/2019:11:23:21 +0900] "GET /home/meetourpartners/all.do HTTP/1.1" 200 101569
112.220.97.114 - - [13/Nov/2019:11:23:23 +0900] "GET /home/whoweare/korea.do HTTP/1.1" 200 29942
61.103.49.10 - - [13/Nov/2019:11:30:57 +0900] "GET /home/whoweare/korea.do HTTP/1.1" 200 29942
34.220.62.23 - - [13/Nov/2019:11:32:47 +0900] "GET /index.jsp HTTP/1.1" 302 -
34.220.62.23 - - [13/Nov/2019:11:32:47 +0900] "GET /home/main/main.do HTTP/1.1" 200 12222
34.217.51.242 - - [13/Nov/2019:11:32:47 +0900] "GET /index.jsp HTTP/1.1" 302 -
34.217.51.242 - - [13/Nov/2019:11:32:47 +0900] "GET /home/main/main.do HTTP/1.1" 200 12222
61.103.49.10 - - [13/Nov/2019:11:32:48 +0900] "GET /home/whoweare/korea.do HTTP/1.1" 200 29942
203.227.232.125 - - [13/Nov/2019:11:32:48 +0900] "GET /index.jsp HTTP/1.1" 302 -
203.227.232.125 - - [13/Nov/2019:11:32:48 +0900] "GET /home/main/main.do HTTP/1.1" 200 12222
40.77.167.15 - - [13/Nov/2019:11:34:33 +0900] "GET /error/kr/error.jsp HTTP/1.1" 500 3570
114.70.4.156 - - [13/Nov/2019:11:42:44 +0900] "GET /index.jsp HTTP/1.1" 302 -
114.70.4.156 - - [13/Nov/2019:11:42:44 +0900] "GET /home/main/main.do HTTP/1.1" 200 12222
119.202.212.237 - - [13/Nov/2019:11:45:09 +0900] "GET /filter/checker.jsp?campaignID=694&email=llllllbarbie@naver.com&responseEnd=2018-12-27 HTTP/1.1" 404 3570
119.202.212.237 - - [13/Nov/2019:11:45:10 +0900] "GET /filter/clickDetecter.jsp?campaignID=694&duplicationYN=N&targetIndex=804&encoding=yes&maillink=false&email=llllllbarbie%40naver.com&url=http%3A%2F%2Fs122.sendmail08.com%2Freject.html&linkID=2685&type=reject HTTP/1.1" 404 3570
119.202.212.237 - - [13/Nov/2019:11:45:18 +0900] "GET /filter/checker.jsp?campaignID=514&email=llllllbarbie@naver.com&responseEnd=2018-12-19 HTTP/1.1" 404 3570
119.202.212.237 - - [13/Nov/2019:11:45:20 +0900] "GET /filter/clickDetecter.jsp?campaignID=514&duplicationYN=N&targetIndex=5857&encoding=yes&maillink=false&email=llllllbarbie%40naver.com&url=http%3A%2F%2Fs122.sendmail08.com%2Freject.html&linkID=2100&type=reject HTTP/1.1" 404 3570
14.63.106.25 - - [13/Nov/2019:11:52:03 +0900] "GET /index.jsp HTTP/1.1" 302 -
14.63.106.25 - - [13/Nov/2019:11:52:03 +0900] "GET /home/main/main.do HTTP/1.1" 200 12222
125.209.235.178 - - [13/Nov/2019:12:11:44 +0900] "GET /error/kr/error.jsp HTTP/1.1" 500 3570
125.209.235.176 - - [13/Nov/2019:12:11:46 +0900] "GET /error/kr/error.jsp HTTP/1.1" 500 3570
180.163.220.47 - - [13/Nov/2019:12:14:20 +0900] "GET /index.jsp HTTP/1.1" 302 -
158.69.31.36 - - [13/Nov/2019:12:15:12 +0900] "GET /index.jsp HTTP/1.1" 302 -
180.163.220.96 - - [13/Nov/2019:12:16:45 +0900] "GET /home/en/main/main.do HTTP/1.1" 200 11080
121.254.147.237 - - [13/Nov/2019:12:20:05 +0900] "GET /index.jsp HTTP/1.1" 302 -
121.254.147.237 - - [13/Nov/2019:12:20:05 +0900] "GET /home/en/main/main.do HTTP/1.1" 200 11080
202.170.57.244 - - [13/Nov/2019:12:21:10 +0900] "GET /home/en/main/main.do HTTP/1.1" 200 11080
202.170.57.244 - - [13/Nov/2019:12:21:28 +0900] "GET /home/en/whoweare/korea.do HTTP/1.1" 200 29841
157.131.170.99 - - [13/Nov/2019:12:21:51 +0900] "GET /home/whoweare/china.do HTTP/1.1" 200 10340
157.131.170.99 - - [13/Nov/2019:12:21:55 +0900] "GET /home/main/main.do HTTP/1.1" 200 12222
202.170.57.244 - - [13/Nov/2019:12:22:04 +0900] "GET /home/en/about/about.do HTTP/1.1" 200 14811
193.111.62.163 - - [13/Nov/2019:12:25:40 +0900] "GET /home/news/news/list.do HTTP/1.1" 200 7091
40.77.167.118 - - [13/Nov/2019:12:32:01 +0900] "GET /error/kr/error.jsp HTTP/1.1" 500 3570
125.209.235.175 - - [13/Nov/2019:12:35:40 +0900] "GET /index.jsp HTTP/1.1" 302 -
125.209.235.175 - - [13/Nov/2019:12:35:41 +0900] "GET /home/main/main.do HTTP/1.1" 200 12222
207.46.13.166 - - [13/Nov/2019:12:35:48 +0900] "GET /error/kr/error.jsp HTTP/1.1" 500 3570
45.33.66.85 - - [13/Nov/2019:12:36:51 +0900] "GET /error/kr/error.jsp HTTP/1.1" 500 3570
116.62.162.69 - - [13/Nov/2019:12:37:23 +0900] "GET /error/kr/error.jsp HTTP/1.1" 500 3570
54.210.139.197 - - [13/Nov/2019:12:41:29 +0900] "GET /index.jsp HTTP/1.1" 302 -
54.210.139.197 - - [13/Nov/2019:12:41:29 +0900] "GET /home/en/main/main.do HTTP/1.1" 200 11080
54.210.139.197 - - [13/Nov/2019:12:41:30 +0900] "GET /error/kr/error.jsp HTTP/1.1" 500 3570
40.77.167.15 - - [13/Nov/2019:12:42:31 +0900] "GET /error/kr/error.jsp HTTP/1.1" 500 3570
209.97.190.223 - - [13/Nov/2019:12:45:14 +0900] "GET /index.jsp HTTP/1.0" 302 -
35.196.231.112 - - [13/Nov/2019:12:48:23 +0900] "GET /error/kr/error.jsp HTTP/1.0" 500 3570
35.196.231.112 - - [13/Nov/2019:12:48:23 +0900] "GET /home/en/about/about.do HTTP/1.0" 200 14811
182.150.134.19 - - [13/Nov/2019:12:50:35 +0900] "GET /error/kr/error.jsp HTTP/1.1" 500 3570
40.77.167.118 - - [13/Nov/2019:12:51:42 +0900] "GET /error/kr/error.jsp HTTP/1.1" 500 3570
77.75.79.95 - - [13/Nov/2019:12:51:57 +0900] "GET /error/kr/error.jsp HTTP/1.1" 500 3570
223.38.29.232 - - [13/Nov/2019:12:53:08 +0900] "GET /home/main/main.do HTTP/1.1" 302 -
223.38.29.232 - - [13/Nov/2019:12:53:08 +0900] "GET /error/kr/error.jsp HTTP/1.1" 500 3762
223.38.29.232 - - [13/Nov/2019:12:53:08 +0900] "GET /home/main/main.do HTTP/1.1" 200 8898
223.38.29.232 - - [13/Nov/2019:12:53:08 +0900] "GET /error/kr/error.jsp HTTP/1.1" 500 3762
223.38.29.232 - - [13/Nov/2019:12:53:14 +0900] "GET /home/whoweare/korea.do HTTP/1.1" 200 43565
35.196.231.112 - - [13/Nov/2019:12:55:44 +0900] "GET /error/kr/error.jsp HTTP/1.0" 500 3570
35.196.231.112 - - [13/Nov/2019:12:55:45 +0900] "GET /home/en/watwedo/overview.do HTTP/1.0" 200 6156
35.196.231.112 - - [13/Nov/2019:12:56:57 +0900] "GET /error/kr/error.jsp HTTP/1.0" 500 3570
35.196.231.112 - - [13/Nov/2019:12:56:57 +0900] "GET /home/main/main.do HTTP/1.0" 200 12222
35.196.231.112 - - [13/Nov/2019:13:03:15 +0900] "GET /error/kr/error.jsp HTTP/1.0" 500 3570
35.196.231.112 - - [13/Nov/2019:13:03:15 +0900] "GET /home/en/meetourpartners/all.do HTTP/1.0" 200 95227
17.58.96.119 - - [13/Nov/2019:13:06:09 +0900] "GET /home/meetourpartners/all.do HTTP/1.1" 200 101569
175.223.3.224 - - [13/Nov/2019:13:09:38 +0900] "GET /home/main/main.do HTTP/1.1" 200 8898
175.223.3.224 - - [13/Nov/2019:13:09:39 +0900] "GET /error/kr/error.jsp HTTP/1.1" 500 3762
175.223.3.224 - - [13/Nov/2019:13:09:50 +0900] "GET /home/whoweare/korea.do HTTP/1.1" 200 43565
40.77.167.29 - - [13/Nov/2019:13:09:51 +0900] "GET /error/kr/error.jsp HTTP/1.1" 500 3570
175.223.3.224 - - [13/Nov/2019:13:10:24 +0900] "GET /home/whoweare/china.do HTTP/1.1" 200 11536
175.223.3.224 - - [13/Nov/2019:13:10:30 +0900] "GET /home/whoweare/korea.do HTTP/1.1" 200 43565
61.103.49.10 - - [13/Nov/2019:13:10:39 +0900] "GET /home/whoweare/korea.do HTTP/1.1" 200 29942
175.223.3.224 - - [13/Nov/2019:13:13:30 +0900] "GET /home/whoweare/korea.do HTTP/1.1" 200 43565
175.223.3.224 - - [13/Nov/2019:13:14:10 +0900] "GET /home/whoweare/korea.do HTTP/1.1" 200 43565
35.196.231.112 - - [13/Nov/2019:13:14:11 +0900] "GET /error/kr/error.jsp HTTP/1.0" 500 3570
35.196.231.112 - - [13/Nov/2019:13:14:11 +0900] "GET /home/en/watwedo/philosophy.do HTTP/1.0" 200 7112
41.220.242.50 - - [13/Nov/2019:13:16:42 +0900] "GET /index.jsp HTTP/1.1" 302 -
94.23.208.18 - - [13/Nov/2019:13:16:46 +0900] "GET /index.jsp HTTP/1.0" 302 -
35.196.231.112 - - [13/Nov/2019:13:19:15 +0900] "GET /error/kr/error.jsp HTTP/1.0" 500 3570
35.196.231.112 - - [13/Nov/2019:13:19:15 +0900] "GET /home/en/whoweare/korea.do HTTP/1.0" 200 29841
35.196.231.112 - - [13/Nov/2019:13:22:34 +0900] "GET /error/kr/error.jsp HTTP/1.0" 500 3570
35.196.231.112 - - [13/Nov/2019:13:22:34 +0900] "GET /home/en/contact/contact.do HTTP/1.0" 200 5187
193.111.62.163 - - [13/Nov/2019:13:22:40 +0900] "GET /home/news/news/list.do HTTP/1.1" 200 7091
35.196.231.112 - - [13/Nov/2019:13:23:30 +0900] "GET /error/kr/error.jsp HTTP/1.0" 500 3570
35.196.231.112 - - [13/Nov/2019:13:23:30 +0900] "GET /home/en/meetourpartners/all.do HTTP/1.0" 200 95227
35.196.231.112 - - [13/Nov/2019:13:23:34 +0900] "GET /error/kr/error.jsp HTTP/1.0" 500 3570
35.196.231.112 - - [13/Nov/2019:13:23:35 +0900] "GET /home/en/watwedo/overview.do HTTP/1.0" 200 6156
35.196.231.112 - - [13/Nov/2019:13:23:36 +0900] "GET /error/kr/error.jsp HTTP/1.0" 500 3570
35.196.231.112 - - [13/Nov/2019:13:23:36 +0900] "GET /home/en/whoweare/korea.do HTTP/1.0" 200 29841
35.196.231.112 - - [13/Nov/2019:13:23:38 +0900] "GET /error/kr/error.jsp HTTP/1.0" 500 3570
35.196.231.112 - - [13/Nov/2019:13:23:39 +0900] "GET /home/en/about/about.do HTTP/1.0" 200 14811
35.196.231.112 - - [13/Nov/2019:13:23:40 +0900] "GET /error/kr/error.jsp HTTP/1.0" 500 3570
35.196.231.112 - - [13/Nov/2019:13:23:41 +0900] "GET /home/en/contact/contact.do HTTP/1.0" 200 5187
35.196.231.112 - - [13/Nov/2019:13:23:42 +0900] "GET /error/kr/error.jsp HTTP/1.0" 500 3570
35.196.231.112 - - [13/Nov/2019:13:23:43 +0900] "GET /home/en/watwedo/philosophy.do HTTP/1.0" 200 7112
35.196.231.112 - - [13/Nov/2019:13:23:44 +0900] "GET /error/kr/error.jsp HTTP/1.0" 500 3570
35.196.231.112 - - [13/Nov/2019:13:23:44 +0900] "GET /home/main/main.do HTTP/1.0" 200 12222
40.77.167.29 - - [13/Nov/2019:13:28:58 +0900] "GET /error/kr/error.jsp HTTP/1.1" 500 3570
112.150.58.95 - - [13/Nov/2019:13:30:38 +0900] "GET /home/main/main.do HTTP/1.1" 200 8898
112.150.58.95 - - [13/Nov/2019:13:30:39 +0900] "GET /error/kr/error.jsp HTTP/1.1" 500 3762
112.150.58.95 - - [13/Nov/2019:13:30:45 +0900] "GET /home/whoweare/korea.do HTTP/1.1" 200 43565
159.203.201.234 - - [13/Nov/2019:13:35:11 +0900] "GET /index.jsp HTTP/1.1" 302 -
207.46.13.166 - - [13/Nov/2019:13:36:28 +0900] "GET /error/kr/error.jsp HTTP/1.1" 500 3570
104.222.33.36 - - [13/Nov/2019:13:37:24 +0900] "GET /index.jsp HTTP/1.1" 302 -
104.222.33.36 - - [13/Nov/2019:13:37:24 +0900] "GET /home/en/main/main.do HTTP/1.1" 200 11080
61.103.49.10 - - [13/Nov/2019:13:39:40 +0900] "GET /home/whoweare/korea.do HTTP/1.1" 200 29942
23.239.180.201 - - [13/Nov/2019:13:39:50 +0900] "GET /index.jsp HTTP/1.1" 302 -
23.239.180.201 - - [13/Nov/2019:13:39:51 +0900] "GET /home/en/main/main.do HTTP/1.1" 200 11080
38.99.62.91 - - [13/Nov/2019:13:41:43 +0900] "GET /home/news/news/view.do?page=1&num=12 HTTP/1.1" 200 9083
38.99.62.91 - - [13/Nov/2019:13:42:22 +0900] "GET /home/news/news/view.do?page=1&num=11 HTTP/1.1" 200 5548
38.99.62.91 - - [13/Nov/2019:13:43:02 +0900] "GET /home/news/news/view.do?page=2&num=11 HTTP/1.1" 200 5548
191.205.144.41 - - [13/Nov/2019:13:43:31 +0900] "GET /index.jsp HTTP/1.1" 302 -
38.99.62.91 - - [13/Nov/2019:13:43:41 +0900] "GET /home/news/news/view.do?page=2&num=10 HTTP/1.1" 200 6756
38.99.62.91 - - [13/Nov/2019:13:44:21 +0900] "GET /home/news/news/view.do?page=2&num=11 HTTP/1.1" 200 5548
38.99.62.91 - - [13/Nov/2019:13:44:46 +0900] "GET /home/news/news/view.do?page=2&num=12 HTTP/1.1" 200 9083
40.77.167.15 - - [13/Nov/2019:13:45:20 +0900] "GET /error/kr/error.jsp HTTP/1.1" 500 3570
