124.53.184.62 - - [12/Mar/2020:00:00:48 +0900] "GET /home/whoweare/korea.do HTTP/1.1" 200 29677
182.227.108.163 - - [12/Mar/2020:00:02:21 +0900] "GET /index.jsp HTTP/1.1" 302 -
182.227.108.163 - - [12/Mar/2020:00:02:21 +0900] "GET /home/main/main.do HTTP/1.1" 200 12222
182.227.108.163 - - [12/Mar/2020:00:02:52 +0900] "GET /home/contact/contact.do HTTP/1.1" 200 5224
157.55.39.239 - - [12/Mar/2020:00:04:35 +0900] "GET /error/kr/error.jsp HTTP/1.1" 500 3570
23.100.232.233 - - [12/Mar/2020:00:14:28 +0900] "GET /home/whoweare/korea.do HTTP/1.1" 200 29677
193.202.44.194 - - [12/Mar/2020:00:16:58 +0900] "GET /error/kr/error.jsp HTTP/1.0" 500 3570
207.46.13.161 - - [12/Mar/2020:00:21:25 +0900] "GET /error/kr/error.jsp HTTP/1.1" 500 3570
193.111.62.163 - - [12/Mar/2020:00:25:05 +0900] "GET /home/news/news/list.do HTTP/1.1" 200 7091
157.55.39.239 - - [12/Mar/2020:00:33:56 +0900] "GET /index.jsp HTTP/1.1" 302 -
59.10.52.207 - - [12/Mar/2020:00:44:46 +0900] "GET /index.jsp HTTP/1.1" 302 -
59.10.52.207 - - [12/Mar/2020:00:44:46 +0900] "GET /home/en/main/main.do HTTP/1.1" 200 11080
59.10.52.207 - - [12/Mar/2020:00:44:50 +0900] "GET /home/main/main.do HTTP/1.1" 200 12222
59.10.52.207 - - [12/Mar/2020:00:44:52 +0900] "GET /home/watwedo/overview.do HTTP/1.1" 200 6147
59.10.52.207 - - [12/Mar/2020:00:44:53 +0900] "GET /home/whoweare/korea.do HTTP/1.1" 200 29677
59.10.52.207 - - [12/Mar/2020:00:45:19 +0900] "GET /home/en/main/main.do HTTP/1.1" 200 11080
59.10.52.207 - - [12/Mar/2020:00:45:21 +0900] "GET /home/en/whoweare/korea.do HTTP/1.1" 200 29641
157.55.39.239 - - [12/Mar/2020:00:45:54 +0900] "GET /error/kr/error.jsp HTTP/1.1" 500 3570
71.6.232.4 - - [12/Mar/2020:00:47:49 +0900] "GET /index.jsp HTTP/1.1" 302 -
66.249.69.243 - - [12/Mar/2020:00:47:52 +0900] "GET /error/kr/error.jsp HTTP/1.1" 500 3762
34.229.22.85 - - [12/Mar/2020:00:48:50 +0900] "GET /index.jsp HTTP/1.1" 302 -
34.229.22.85 - - [12/Mar/2020:00:48:50 +0900] "GET /home/main/main.do HTTP/1.1" 200 12222
34.229.22.85 - - [12/Mar/2020:00:48:51 +0900] "GET /home/main/main.do HTTP/1.1" 200 12222
34.229.22.85 - - [12/Mar/2020:00:48:52 +0900] "GET /home/main/main.do HTTP/1.1" 200 12222
118.47.209.149 - - [12/Mar/2020:00:50:32 +0900] "GET /index.jsp HTTP/1.1" 302 -
118.47.209.149 - - [12/Mar/2020:00:50:32 +0900] "GET /home/main/main.do HTTP/1.1" 200 12222
118.47.209.149 - - [12/Mar/2020:00:50:39 +0900] "GET /home/watwedo/overview.do HTTP/1.1" 200 6147
118.47.209.149 - - [12/Mar/2020:00:50:54 +0900] "GET /home/watwedo/history.do HTTP/1.1" 200 10614
203.217.244.130 - - [12/Mar/2020:00:50:55 +0900] "GET /home/meetourpartners/domestic.do HTTP/1.1" 200 73451
118.47.209.149 - - [12/Mar/2020:00:51:41 +0900] "GET /home/about/about.do HTTP/1.1" 200 14216
66.249.72.16 - - [12/Mar/2020:00:57:41 +0900] "GET /error/kr/error.jsp HTTP/1.1" 500 3570
35.224.116.222 - - [12/Mar/2020:01:05:24 +0900] "GET /index.jsp HTTP/1.1" 302 -
35.224.116.222 - - [12/Mar/2020:01:05:25 +0900] "GET /home/main/main.do HTTP/1.1" 200 12222
128.14.134.134 - - [12/Mar/2020:01:10:54 +0900] "GET /index.jsp HTTP/1.1" 302 -
157.55.39.239 - - [12/Mar/2020:01:14:20 +0900] "GET /index.jsp HTTP/1.1" 302 -
119.207.72.114 - - [12/Mar/2020:01:22:14 +0900] "GET /home/meetourpartners/all.do HTTP/1.1" 200 101569
100.8.123.250 - - [12/Mar/2020:01:22:56 +0900] "GET /index.jsp HTTP/1.1" 302 -
100.8.123.250 - - [12/Mar/2020:01:22:56 +0900] "GET /home/en/main/main.do HTTP/1.1" 200 11080
79.6.31.147 - - [12/Mar/2020:01:25:42 +0900] "GET /index.jsp HTTP/1.0" 302 -
193.111.62.163 - - [12/Mar/2020:01:37:21 +0900] "GET /home/news/news/list.do HTTP/1.1" 200 7091
207.46.13.161 - - [12/Mar/2020:01:47:29 +0900] "GET /error/kr/error.jsp HTTP/1.1" 500 3570
119.207.72.114 - - [12/Mar/2020:01:48:36 +0900] "GET /index.jsp HTTP/1.1" 302 -
119.207.72.114 - - [12/Mar/2020:01:48:36 +0900] "GET /home/main/main.do HTTP/1.1" 200 12222
157.55.39.239 - - [12/Mar/2020:01:50:18 +0900] "GET /error/kr/error.jsp HTTP/1.1" 500 3570
157.55.39.239 - - [12/Mar/2020:01:51:48 +0900] "GET /error/kr/error.jsp HTTP/1.1" 500 3570
34.215.242.107 - - [12/Mar/2020:01:56:34 +0900] "GET /index.jsp HTTP/1.1" 302 -
34.215.242.107 - - [12/Mar/2020:01:56:34 +0900] "GET /home/main/main.do HTTP/1.1" 200 12222
18.236.227.135 - - [12/Mar/2020:01:56:37 +0900] "GET /index.jsp HTTP/1.1" 302 -
18.236.227.135 - - [12/Mar/2020:01:56:37 +0900] "GET /home/en/main/main.do HTTP/1.1" 200 11080
203.34.246.2 - - [12/Mar/2020:02:01:27 +0900] "GET /index.jsp HTTP/1.1" 302 -
203.34.246.2 - - [12/Mar/2020:02:01:27 +0900] "GET /home/en/main/main.do HTTP/1.1" 200 11080
203.34.246.2 - - [12/Mar/2020:02:01:32 +0900] "GET /home/en/about/about.do HTTP/1.1" 200 14811
180.241.45.168 - - [12/Mar/2020:02:01:56 +0900] "GET /index.jsp HTTP/1.1" 302 -
203.34.246.2 - - [12/Mar/2020:02:05:14 +0900] "GET /home/en/whoweare/korea.do HTTP/1.1" 200 29641
203.34.246.2 - - [12/Mar/2020:02:05:59 +0900] "GET /home/en/whoweare/china.do HTTP/1.1" 200 10353
23.100.232.233 - - [12/Mar/2020:02:07:52 +0900] "GET /home/whoweare/korea.do HTTP/1.1" 200 29677
212.64.93.9 - - [12/Mar/2020:02:19:04 +0900] "GET /error/kr/error.jsp HTTP/1.1" 500 3570
157.55.39.112 - - [12/Mar/2020:02:23:45 +0900] "GET /error/kr/error.jsp HTTP/1.1" 500 3570
63.65.120.22 - - [12/Mar/2020:02:24:39 +0900] "HEAD /index.jsp HTTP/1.1" 302 -
63.65.120.22 - - [12/Mar/2020:02:24:39 +0900] "HEAD /home/main/main.do HTTP/1.1" 200 -
63.65.120.22 - - [12/Mar/2020:02:26:00 +0900] "GET /error/kr/error.jsp HTTP/1.1" 500 3570
63.65.120.22 - - [12/Mar/2020:02:26:01 +0900] "GET /error/kr/error.jsp HTTP/1.1" 500 3570
193.111.62.163 - - [12/Mar/2020:02:26:47 +0900] "GET /home/news/news/list.do HTTP/1.1" 200 7091
107.21.1.8 - - [12/Mar/2020:02:34:38 +0900] "GET /index.jsp HTTP/1.1" 302 -
107.21.1.8 - - [12/Mar/2020:02:34:39 +0900] "GET /home/en/main/main.do HTTP/1.1" 200 11080
54.208.102.37 - - [12/Mar/2020:02:34:41 +0900] "GET /index.jsp HTTP/1.1" 302 -
54.208.102.37 - - [12/Mar/2020:02:34:41 +0900] "GET /home/en/main/main.do HTTP/1.1" 200 11080
66.249.64.84 - - [12/Mar/2020:02:37:33 +0900] "GET /error/kr/error.jsp HTTP/1.1" 500 3762
47.105.170.18 - - [12/Mar/2020:02:50:17 +0900] "GET /error/kr/error.jsp HTTP/1.1" 500 3570
38.99.62.91 - - [12/Mar/2020:03:04:26 +0900] "GET /home/en/meetourpartners/domestic.do HTTP/1.1" 200 69240
38.99.62.91 - - [12/Mar/2020:03:05:45 +0900] "GET /home/en/meetourpartners/all.do HTTP/1.1" 200 95227
38.99.62.91 - - [12/Mar/2020:03:06:25 +0900] "GET /home/en/meetourpartners/domestic.do HTTP/1.1" 200 69240
157.55.39.199 - - [12/Mar/2020:03:06:31 +0900] "GET /error/kr/error.jsp HTTP/1.1" 500 3570
38.99.62.91 - - [12/Mar/2020:03:06:50 +0900] "GET /home/meetourpartners/all.do HTTP/1.1" 200 101569
38.99.62.91 - - [12/Mar/2020:03:07:16 +0900] "GET /home/en/meetourpartners/domestic.do HTTP/1.1" 200 69240
38.99.62.91 - - [12/Mar/2020:03:08:06 +0900] "GET /home/en/meetourpartners/all.do HTTP/1.1" 200 95227
38.99.62.91 - - [12/Mar/2020:03:08:46 +0900] "GET /home/en/meetourpartners/domestic.do HTTP/1.1" 200 69240
38.99.62.91 - - [12/Mar/2020:03:09:25 +0900] "GET /home/en/meetourpartners/all.do HTTP/1.1" 200 95227
38.99.62.91 - - [12/Mar/2020:03:10:05 +0900] "GET /home/en/meetourpartners/domestic.do HTTP/1.1" 200 69240
38.99.62.91 - - [12/Mar/2020:03:11:10 +0900] "GET /home/en/meetourpartners/all.do HTTP/1.1" 200 95227
38.99.62.91 - - [12/Mar/2020:03:11:50 +0900] "GET /home/en/meetourpartners/domestic.do HTTP/1.1" 200 69240
38.99.62.91 - - [12/Mar/2020:03:13:48 +0900] "GET /home/en/meetourpartners/overseas.do HTTP/1.1" 200 31428
207.46.13.161 - - [12/Mar/2020:03:14:37 +0900] "GET /home/watwedo/philosophy.do HTTP/1.1" 200 7162
38.99.62.91 - - [12/Mar/2020:03:16:11 +0900] "GET /home/en/meetourpartners/all.do HTTP/1.1" 200 95227
23.100.232.233 - - [12/Mar/2020:03:16:19 +0900] "GET /home/whoweare/korea.do HTTP/1.1" 200 29677
38.99.62.91 - - [12/Mar/2020:03:16:51 +0900] "GET /home/en/meetourpartners/overseas.do HTTP/1.1" 200 31428
38.99.62.91 - - [12/Mar/2020:03:19:28 +0900] "GET /home/en/meetourpartners/domestic.do HTTP/1.1" 200 69240
38.99.62.91 - - [12/Mar/2020:03:20:07 +0900] "GET /home/en/meetourpartners/overseas.do HTTP/1.1" 200 31428
38.99.62.91 - - [12/Mar/2020:03:23:34 +0900] "GET /home/en/meetourpartners/all.do HTTP/1.1" 200 95227
38.99.62.91 - - [12/Mar/2020:03:24:13 +0900] "GET /home/en/meetourpartners/overseas.do HTTP/1.1" 200 31428
38.99.62.91 - - [12/Mar/2020:03:26:11 +0900] "GET /home/meetourpartners/all.do HTTP/1.1" 200 101569
38.99.62.91 - - [12/Mar/2020:03:26:51 +0900] "GET /home/en/meetourpartners/overseas.do HTTP/1.1" 200 31428
207.46.13.161 - - [12/Mar/2020:03:27:07 +0900] "GET /home/watwedo/philosophy.do HTTP/1.1" 200 7553
207.46.13.161 - - [12/Mar/2020:03:29:55 +0900] "GET /error/kr/error.jsp HTTP/1.1" 500 3570
38.99.62.91 - - [12/Mar/2020:03:31:50 +0900] "GET /home/en/meetourpartners/all.do HTTP/1.1" 200 95227
38.99.62.91 - - [12/Mar/2020:03:32:29 +0900] "GET /home/en/meetourpartners/overseas.do HTTP/1.1" 200 31428
38.99.62.91 - - [12/Mar/2020:03:33:48 +0900] "GET /home/en/meetourpartners/all.do HTTP/1.1" 200 95227
38.99.62.91 - - [12/Mar/2020:03:34:27 +0900] "GET /home/en/meetourpartners/overseas.do HTTP/1.1" 200 31428
38.99.62.91 - - [12/Mar/2020:03:35:07 +0900] "GET /home/en/meetourpartners/all.do HTTP/1.1" 200 95227
38.99.62.91 - - [12/Mar/2020:03:35:47 +0900] "GET /home/news/news/view.do?page=1&num=11 HTTP/1.1" 200 5548
38.99.62.91 - - [12/Mar/2020:03:36:26 +0900] "GET /home/news/news/view.do?page=1&num=12 HTTP/1.1" 200 9083
49.233.143.96 - - [12/Mar/2020:03:36:30 +0900] "GET /error/kr/error.jsp HTTP/1.1" 500 3570
38.99.62.91 - - [12/Mar/2020:03:37:06 +0900] "GET /home/en/meetourpartners/all.do HTTP/1.1" 200 95227
38.99.62.91 - - [12/Mar/2020:03:37:46 +0900] "GET /home/news/news/view.do?page=1&num=11 HTTP/1.1" 200 5548
38.99.62.91 - - [12/Mar/2020:03:38:25 +0900] "GET /home/news/news/view.do?page=2&num=11 HTTP/1.1" 200 5548
38.99.62.91 - - [12/Mar/2020:03:39:05 +0900] "GET /home/news/news/view.do?page=2&num=10 HTTP/1.1" 200 6756
38.99.62.91 - - [12/Mar/2020:03:39:44 +0900] "GET /home/news/news/view.do?page=2&num=11 HTTP/1.1" 200 5548
193.111.62.163 - - [12/Mar/2020:03:40:09 +0900] "GET /home/news/news/list.do HTTP/1.1" 200 7091
38.99.62.91 - - [12/Mar/2020:03:40:24 +0900] "GET /home/news/news/view.do?page=2&num=12 HTTP/1.1" 200 9083
38.99.62.91 - - [12/Mar/2020:03:41:43 +0900] "GET /home/news/news/view.do?page=2&num=13 HTTP/1.1" 200 9159
38.99.62.91 - - [12/Mar/2020:03:43:02 +0900] "GET /home/news/news/view.do?page=2&num=14 HTTP/1.1" 200 6736
38.99.62.91 - - [12/Mar/2020:03:43:42 +0900] "GET /home/en/meetourpartners/all.do HTTP/1.1" 200 95227
38.99.62.91 - - [12/Mar/2020:03:44:21 +0900] "GET /home/news/news/view.do?page=2&num=14 HTTP/1.1" 200 6736
38.99.62.91 - - [12/Mar/2020:03:45:01 +0900] "GET /home/news/news/view.do?page=2&num=15 HTTP/1.1" 200 9181
38.99.62.91 - - [12/Mar/2020:03:46:20 +0900] "GET /home/en/meetourpartners/all.do HTTP/1.1" 200 95227
38.99.62.91 - - [12/Mar/2020:03:46:59 +0900] "GET /home/news/news/view.do?page=2&num=16 HTTP/1.1" 200 5666
38.99.62.91 - - [12/Mar/2020:03:48:18 +0900] "GET /home/news/news/view.do?page=2&num=17 HTTP/1.1" 200 5761
38.99.62.91 - - [12/Mar/2020:03:49:37 +0900] "GET /home/news/news/view.do?page=2&num=18 HTTP/1.1" 200 9137
157.55.39.239 - - [12/Mar/2020:03:49:44 +0900] "GET /error/kr/error.jsp HTTP/1.1" 500 3570
38.99.62.91 - - [12/Mar/2020:03:50:17 +0900] "GET /home/en/meetourpartners/all.do HTTP/1.1" 200 95227
121.254.147.237 - - [12/Mar/2020:03:50:32 +0900] "GET /index.jsp HTTP/1.1" 302 -
121.254.147.237 - - [12/Mar/2020:03:50:32 +0900] "GET /home/en/main/main.do HTTP/1.1" 200 11080
38.99.62.91 - - [12/Mar/2020:03:51:36 +0900] "GET /home/news/news/view.do?page=2&num=18 HTTP/1.1" 200 9137
38.99.62.91 - - [12/Mar/2020:03:52:15 +0900] "GET /home/news/news/view.do?page=2&num=19 HTTP/1.1" 200 6164
38.99.62.91 - - [12/Mar/2020:03:53:34 +0900] "GET /home/meetourpartners/all.do HTTP/1.1" 200 101569
38.99.62.91 - - [12/Mar/2020:03:54:14 +0900] "GET /home/news/news/view.do?page=&num=5 HTTP/1.1" 200 9109
38.99.62.91 - - [12/Mar/2020:03:54:53 +0900] "GET /home/news/news/view.do?page=&num=6 HTTP/1.1" 200 9118
38.99.62.91 - - [12/Mar/2020:03:55:33 +0900] "GET /home/news/news/view.do?page=&num=5 HTTP/1.1" 200 9109
38.99.62.91 - - [12/Mar/2020:03:56:12 +0900] "GET /home/news/news/view.do?page=2&num=10 HTTP/1.1" 200 6756
38.99.62.91 - - [12/Mar/2020:03:56:52 +0900] "GET /home/meetourpartners/all.do HTTP/1.1" 200 101569
38.99.62.91 - - [12/Mar/2020:03:57:32 +0900] "GET /home/news/news/view.do?page=2&num=9 HTTP/1.1" 200 9135
38.99.62.91 - - [12/Mar/2020:03:58:11 +0900] "GET /home/news/news/view.do?page=2&num=10 HTTP/1.1" 200 6756
38.99.62.91 - - [12/Mar/2020:03:58:51 +0900] "GET /home/news/news/view.do?page=&num=6 HTTP/1.1" 200 9118
38.99.62.91 - - [12/Mar/2020:03:59:31 +0900] "GET /home/en/meetourpartners/all.do HTTP/1.1" 200 95227
222.231.30.115 - - [12/Mar/2020:03:59:32 +0900] "GET /index.jsp HTTP/1.1" 302 -
222.231.30.115 - - [12/Mar/2020:03:59:32 +0900] "GET /home/main/main.do HTTP/1.1" 200 12222
222.231.30.115 - - [12/Mar/2020:03:59:34 +0900] "GET /home/main/main.do HTTP/1.1" 200 12222
222.231.30.115 - - [12/Mar/2020:03:59:34 +0900] "GET /home/main/main.do HTTP/1.1" 200 12222
38.99.62.91 - - [12/Mar/2020:04:00:50 +0900] "GET /home/news/news/view.do?page=&num=7 HTTP/1.1" 200 5545
38.99.62.91 - - [12/Mar/2020:04:02:08 +0900] "GET /home/news/news/view.do?page=&num=8 HTTP/1.1" 200 9166
38.99.62.91 - - [12/Mar/2020:04:03:27 +0900] "GET /home/news/news/view.do?page=&num=9 HTTP/1.1" 200 9132
38.99.62.91 - - [12/Mar/2020:04:04:07 +0900] "GET /home/meetourpartners/all.do HTTP/1.1" 200 101569
38.99.62.91 - - [12/Mar/2020:04:04:47 +0900] "GET /home/news/news/view.do?page=&num=8 HTTP/1.1" 200 9166
66.249.70.30 - - [12/Mar/2020:04:08:05 +0900] "GET /error/kr/error.jsp HTTP/1.1" 500 3570
157.55.39.112 - - [12/Mar/2020:04:11:17 +0900] "GET /home/news/news/view.do?num=2 HTTP/1.1" 200 6974
157.55.39.199 - - [12/Mar/2020:04:13:53 +0900] "GET /error/kr/error.jsp HTTP/1.1" 500 3570
39.104.156.79 - - [12/Mar/2020:04:16:50 +0900] "GET /error/kr/error.jsp HTTP/1.1" 500 3570
193.111.62.163 - - [12/Mar/2020:04:26:39 +0900] "GET /home/news/news/list.do HTTP/1.1" 200 7091
37.143.15.220 - - [12/Mar/2020:04:29:43 +0900] "GET /index.jsp HTTP/1.1" 302 -
157.55.39.43 - - [12/Mar/2020:04:34:24 +0900] "GET /error/kr/error.jsp HTTP/1.1" 500 3570
157.55.39.112 - - [12/Mar/2020:04:34:31 +0900] "GET /error/kr/error.jsp HTTP/1.1" 500 3570
92.53.78.136 - - [12/Mar/2020:04:39:34 +0900] "GET /index.jsp HTTP/1.1" 302 -
92.53.78.136 - - [12/Mar/2020:04:39:34 +0900] "GET /home/en/main/main.do HTTP/1.1" 200 11080
92.53.78.136 - - [12/Mar/2020:04:40:00 +0900] "GET /home/en/contact/contact.do HTTP/1.1" 200 5187
92.53.78.136 - - [12/Mar/2020:04:40:00 +0900] "GET /home/en/about/about.do HTTP/1.1" 200 14811
201.54.90.90 - - [12/Mar/2020:04:41:30 +0900] "GET /index.jsp HTTP/1.1" 302 -
103.131.71.141 - - [12/Mar/2020:05:03:01 +0900] "GET /error/kr/error.jsp HTTP/1.1" 500 3570
66.249.64.210 - - [12/Mar/2020:05:05:35 +0900] "GET /error/kr/error.jsp HTTP/1.1" 500 3570
157.55.39.112 - - [12/Mar/2020:05:07:19 +0900] "GET /error/kr/error.jsp HTTP/1.1" 500 3570
66.249.64.84 - - [12/Mar/2020:05:08:27 +0900] "GET /error/kr/error.jsp HTTP/1.1" 500 3762
47.111.229.152 - - [12/Mar/2020:05:17:36 +0900] "GET /error/kr/error.jsp HTTP/1.1" 500 3570
193.111.62.163 - - [12/Mar/2020:05:21:16 +0900] "GET /home/news/news/list.do HTTP/1.1" 200 7091
157.55.39.199 - - [12/Mar/2020:05:22:35 +0900] "GET /error/kr/error.jsp HTTP/1.1" 500 3570
35.225.169.205 - - [12/Mar/2020:05:33:39 +0900] "GET /error/kr/error.jsp HTTP/1.1" 500 3570
35.225.169.205 - - [12/Mar/2020:05:33:39 +0900] "GET /error/kr/error.jsp HTTP/1.1" 500 3570
157.55.39.112 - - [12/Mar/2020:05:40:35 +0900] "GET /error/kr/error.jsp HTTP/1.1" 500 3570
179.106.107.230 - - [12/Mar/2020:05:41:53 +0900] "GET /index.jsp HTTP/1.1" 302 -
111.231.81.165 - - [12/Mar/2020:05:42:09 +0900] "HEAD /index.jsp?s=www.guizhouymcd.cn HTTP/1.1" 302 -
122.51.235.220 - - [12/Mar/2020:05:42:09 +0900] "HEAD /index.jsp?s=www.guizhouymcd.cn HTTP/1.1" 302 -
111.231.81.165 - - [12/Mar/2020:05:42:09 +0900] "HEAD /home/main/main.do HTTP/1.1" 302 -
122.51.235.220 - - [12/Mar/2020:05:42:09 +0900] "HEAD /home/main/main.do HTTP/1.1" 302 -
122.51.235.220 - - [12/Mar/2020:05:42:10 +0900] "HEAD /home/main/main.do HTTP/1.1" 200 -
111.231.81.165 - - [12/Mar/2020:05:42:11 +0900] "HEAD /home/main/main.do HTTP/1.1" 200 -
64.233.172.34 - - [12/Mar/2020:05:45:20 +0900] "GET /index.jsp HTTP/1.1" 302 -
64.233.172.37 - - [12/Mar/2020:05:45:20 +0900] "GET /home/main/main.do HTTP/1.1" 200 12222
157.55.39.199 - - [12/Mar/2020:06:07:46 +0900] "GET /error/kr/error.jsp HTTP/1.1" 500 3570
35.225.169.205 - - [12/Mar/2020:06:13:07 +0900] "GET /error/kr/error.jsp HTTP/1.1" 500 3570
35.225.169.205 - - [12/Mar/2020:06:13:08 +0900] "GET /error/kr/error.jsp HTTP/1.1" 500 3570
69.162.80.182 - - [12/Mar/2020:06:13:28 +0900] "CONNECT /index.jsp HTTP/1.1" 405 1105
185.62.36.162 - - [12/Mar/2020:06:23:35 +0900] "GET /error/kr/error.jsp HTTP/1.1" 500 3570
185.62.36.162 - - [12/Mar/2020:06:23:36 +0900] "GET /error/kr/error.jsp HTTP/1.1" 500 3570
185.62.36.162 - - [12/Mar/2020:06:23:36 +0900] "GET /error/kr/error.jsp HTTP/1.1" 500 3570
185.62.36.162 - - [12/Mar/2020:06:23:37 +0900] "GET /error/kr/error.jsp HTTP/1.1" 500 3570
185.62.36.162 - - [12/Mar/2020:06:23:40 +0900] "GET /error/kr/error.jsp HTTP/1.1" 500 3570
193.111.62.163 - - [12/Mar/2020:06:35:07 +0900] "GET /home/news/news/list.do HTTP/1.1" 200 7091
157.55.39.239 - - [12/Mar/2020:06:40:13 +0900] "GET /home/whoweare/china.do HTTP/1.1" 200 10340
157.55.39.199 - - [12/Mar/2020:06:41:27 +0900] "GET /error/kr/error.jsp HTTP/1.1" 500 3570
66.249.64.88 - - [12/Mar/2020:06:48:36 +0900] "GET /error/kr/error.jsp HTTP/1.1" 500 3762
94.55.167.107 - - [12/Mar/2020:06:49:57 +0900] "GET /index.jsp HTTP/1.1" 302 -
207.46.13.161 - - [12/Mar/2020:06:50:02 +0900] "GET /error/kr/error.jsp HTTP/1.1" 500 3570
54.183.150.98 - - [12/Mar/2020:06:52:37 +0900] "HEAD /index.jsp HTTP/1.1" 302 -
54.183.150.98 - - [12/Mar/2020:06:52:37 +0900] "HEAD /home/main/main.do HTTP/1.1" 200 -
207.46.13.161 - - [12/Mar/2020:06:55:28 +0900] "GET /error/kr/error.jsp HTTP/1.1" 500 3570
157.55.39.239 - - [12/Mar/2020:07:08:29 +0900] "GET /error/kr/error.jsp HTTP/1.1" 500 3570
157.55.39.199 - - [12/Mar/2020:07:16:51 +0900] "GET /error/kr/error.jsp HTTP/1.1" 500 3570
193.111.62.163 - - [12/Mar/2020:07:21:28 +0900] "GET /home/news/news/list.do HTTP/1.1" 200 7091
207.46.13.161 - - [12/Mar/2020:07:22:03 +0900] "GET /error/kr/error.jsp HTTP/1.1" 500 3570
157.55.39.112 - - [12/Mar/2020:07:39:08 +0900] "GET /error/kr/error.jsp HTTP/1.1" 500 3570
211.207.105.215 - - [12/Mar/2020:07:47:46 +0900] "GET /index.jsp HTTP/1.1" 302 -
211.207.105.215 - - [12/Mar/2020:07:47:47 +0900] "GET /home/main/main.do HTTP/1.1" 302 -
211.207.105.215 - - [12/Mar/2020:07:47:47 +0900] "GET /home/main/main.do HTTP/1.1" 200 8898
211.207.105.215 - - [12/Mar/2020:07:47:47 +0900] "GET /error/kr/error.jsp HTTP/1.1" 500 3762
211.207.105.215 - - [12/Mar/2020:07:48:19 +0900] "GET /home/en/main/main.do HTTP/1.1" 200 8279
211.207.105.215 - - [12/Mar/2020:07:48:20 +0900] "GET /error/kr/error.jsp HTTP/1.1" 500 3762
66.249.64.88 - - [12/Mar/2020:07:49:51 +0900] "GET /error/kr/error.jsp HTTP/1.1" 500 3762
157.55.39.199 - - [12/Mar/2020:07:50:17 +0900] "GET /home/news/news/view.do?page=1&num=13 HTTP/1.1" 200 9159
1.244.196.105 - - [12/Mar/2020:07:52:48 +0900] "GET /index.jsp HTTP/1.1" 302 -
1.244.196.105 - - [12/Mar/2020:07:52:48 +0900] "GET /home/main/main.do HTTP/1.1" 302 -
1.244.196.105 - - [12/Mar/2020:07:52:48 +0900] "GET /home/main/main.do HTTP/1.1" 200 8898
1.244.196.105 - - [12/Mar/2020:07:52:49 +0900] "GET /error/kr/error.jsp HTTP/1.1" 500 3762
1.244.196.105 - - [12/Mar/2020:07:53:06 +0900] "GET /index.jsp HTTP/1.1" 302 -
1.244.196.105 - - [12/Mar/2020:07:53:06 +0900] "GET /home/main/main.do HTTP/1.1" 302 -
1.244.196.105 - - [12/Mar/2020:07:53:06 +0900] "GET /home/main/main.do HTTP/1.1" 200 8898
1.244.196.105 - - [12/Mar/2020:07:53:06 +0900] "GET /error/kr/error.jsp HTTP/1.1" 500 3762
1.244.196.105 - - [12/Mar/2020:07:53:24 +0900] "GET /home/news/news/list.do HTTP/1.1" 200 71778
1.244.196.105 - - [12/Mar/2020:07:53:37 +0900] "GET /home/watwedo/overview.do HTTP/1.1" 200 7044
1.244.196.105 - - [12/Mar/2020:07:53:49 +0900] "GET /home/watwedo/history.do HTTP/1.1" 200 8921
1.244.196.105 - - [12/Mar/2020:07:53:50 +0900] "GET /home/watwedo/philosophy.do HTTP/1.1" 200 7553
1.244.196.105 - - [12/Mar/2020:07:54:02 +0900] "GET /home/about/about.do HTTP/1.1" 200 15329
1.244.196.105 - - [12/Mar/2020:07:54:02 +0900] "GET /error/kr/error.jsp HTTP/1.1" 500 3762
1.244.196.105 - - [12/Mar/2020:07:54:09 +0900] "GET /home/contact/contact.do HTTP/1.1" 200 7487
1.244.196.105 - - [12/Mar/2020:07:55:28 +0900] "GET /home/contact/contact.do HTTP/1.1" 200 7487
1.244.196.105 - - [12/Mar/2020:07:55:59 +0900] "GET /home/contact/contact.do HTTP/1.1" 200 7487
66.249.64.210 - - [12/Mar/2020:08:00:02 +0900] "GET /error/kr/error.jsp HTTP/1.1" 500 3570
103.131.71.53 - - [12/Mar/2020:08:03:22 +0900] "GET /error/kr/error.jsp HTTP/1.1" 500 3570
103.131.71.50 - - [12/Mar/2020:08:03:24 +0900] "GET /error/kr/error.jsp HTTP/1.1" 500 3762
103.131.71.48 - - [12/Mar/2020:08:03:29 +0900] "GET /error/kr/error.jsp HTTP/1.1" 500 3570
66.249.64.86 - - [12/Mar/2020:08:09:52 +0900] "GET /error/kr/error.jsp HTTP/1.1" 500 3762
207.46.13.161 - - [12/Mar/2020:08:10:45 +0900] "GET /error/kr/error.jsp HTTP/1.1" 500 3570
157.55.39.199 - - [12/Mar/2020:08:17:19 +0900] "GET /error/kr/error.jsp HTTP/1.1" 500 3570
66.249.64.206 - - [12/Mar/2020:08:20:02 +0900] "GET /error/kr/error.jsp HTTP/1.1" 500 3570
222.231.30.115 - - [12/Mar/2020:08:20:23 +0900] "GET /index.jsp HTTP/1.1" 302 -
222.231.30.115 - - [12/Mar/2020:08:20:24 +0900] "GET /home/main/main.do HTTP/1.1" 200 12222
222.231.30.115 - - [12/Mar/2020:08:20:25 +0900] "GET /home/main/main.do HTTP/1.1" 200 12222
222.231.30.115 - - [12/Mar/2020:08:20:26 +0900] "GET /home/main/main.do HTTP/1.1" 200 12222
23.239.180.200 - - [12/Mar/2020:08:24:31 +0900] "GET /index.jsp HTTP/1.1" 302 -
23.239.180.200 - - [12/Mar/2020:08:24:32 +0900] "GET /home/en/main/main.do HTTP/1.1" 200 11080
193.111.62.163 - - [12/Mar/2020:08:28:27 +0900] "GET /home/news/news/list.do HTTP/1.1" 200 7091
157.55.39.199 - - [12/Mar/2020:08:29:01 +0900] "GET /error/kr/error.jsp HTTP/1.1" 500 3570
207.46.13.161 - - [12/Mar/2020:08:34:16 +0900] "GET /error/kr/error.jsp HTTP/1.1" 500 3570
116.39.203.179 - - [12/Mar/2020:08:39:01 +0900] "GET /index.jsp HTTP/1.1" 302 -
116.39.203.179 - - [12/Mar/2020:08:39:01 +0900] "GET /home/main/main.do HTTP/1.1" 302 -
116.39.203.179 - - [12/Mar/2020:08:39:01 +0900] "GET /home/main/main.do HTTP/1.1" 200 8898
116.39.203.179 - - [12/Mar/2020:08:39:15 +0900] "GET /error/kr/error.jsp HTTP/1.1" 500 3762
116.39.203.179 - - [12/Mar/2020:08:39:18 +0900] "GET /home/watwedo/overview.do HTTP/1.1" 200 7044
116.39.203.179 - - [12/Mar/2020:08:39:33 +0900] "GET /home/whoweare/korea.do HTTP/1.1" 200 43261
116.39.203.179 - - [12/Mar/2020:08:40:04 +0900] "GET /home/whoweare/china.do HTTP/1.1" 200 11536
66.249.64.84 - - [12/Mar/2020:08:40:09 +0900] "GET /error/kr/error.jsp HTTP/1.1" 500 3762
116.39.203.179 - - [12/Mar/2020:08:40:13 +0900] "GET /home/whoweare/korea.do HTTP/1.1" 200 43261
116.39.203.179 - - [12/Mar/2020:08:40:24 +0900] "GET /home/meetourpartners/all.do HTTP/1.1" 200 105128
5.101.0.209 - - [12/Mar/2020:08:41:23 +0900] "GET /error/kr/error.jsp HTTP/1.1" 500 3570
116.39.203.179 - - [12/Mar/2020:08:41:44 +0900] "GET /home/meetourpartners/domestic.do HTTP/1.1" 200 76259
116.39.203.179 - - [12/Mar/2020:08:42:02 +0900] "GET /home/meetourpartners/overseas.do HTTP/1.1" 200 34535
116.39.203.179 - - [12/Mar/2020:08:42:16 +0900] "GET /home/news/news/list.do HTTP/1.1" 200 71778
116.39.203.179 - - [12/Mar/2020:08:42:21 +0900] "GET /home/contact/contact.do HTTP/1.1" 200 7487
39.118.41.17 - - [12/Mar/2020:08:53:19 +0900] "GET /home/whoweare/korea.do HTTP/1.1" 200 43261
157.55.39.199 - - [12/Mar/2020:08:57:17 +0900] "GET /error/kr/error.jsp HTTP/1.1" 500 3570
49.233.175.204 - - [12/Mar/2020:08:59:42 +0900] "GET /error/kr/error.jsp HTTP/1.1" 500 3570
157.55.39.112 - - [12/Mar/2020:09:07:06 +0900] "GET /error/kr/error.jsp HTTP/1.1" 500 3570
34.210.186.241 - - [12/Mar/2020:09:09:44 +0900] "GET /error/kr/error.jsp HTTP/1.1" 500 3570
35.164.207.255 - - [12/Mar/2020:09:09:47 +0900] "GET /error/kr/error.jsp HTTP/1.1" 500 3570
18.207.120.96 - - [12/Mar/2020:09:09:49 +0900] "GET /error/kr/error.jsp HTTP/1.0" 500 3570
35.161.208.217 - - [12/Mar/2020:09:09:49 +0900] "GET /error/kr/error.jsp HTTP/1.1" 500 3570
203.217.240.11 - - [12/Mar/2020:09:16:07 +0900] "GET /home/en/meetourpartners/all.do HTTP/1.1" 200 95227
193.111.62.163 - - [12/Mar/2020:09:16:24 +0900] "GET /home/news/news/list.do HTTP/1.1" 200 7091
17.58.102.54 - - [12/Mar/2020:09:18:20 +0900] "GET /error/kr/error.jsp HTTP/1.1" 500 3570
17.58.96.118 - - [12/Mar/2020:09:18:20 +0900] "GET /index.jsp?ko= HTTP/1.1" 302 -
17.58.96.118 - - [12/Mar/2020:09:18:21 +0900] "GET /home/main/main.do HTTP/1.1" 200 12222
66.249.64.86 - - [12/Mar/2020:09:22:45 +0900] "GET /error/kr/error.jsp HTTP/1.1" 500 3762
157.55.39.239 - - [12/Mar/2020:09:28:23 +0900] "GET /error/kr/error.jsp HTTP/1.1" 500 3570
192.241.213.209 - - [12/Mar/2020:09:28:57 +0900] "GET /error/kr/error.jsp HTTP/1.1" 500 3570
95.163.255.15 - - [12/Mar/2020:09:32:27 +0900] "GET /error/kr/error.jsp HTTP/1.0" 500 3570
95.163.255.14 - - [12/Mar/2020:09:32:30 +0900] "GET /error/kr/error.jsp HTTP/1.1" 500 3570
124.59.6.71 - - [12/Mar/2020:09:35:35 +0900] "GET /index.jsp HTTP/1.1" 302 -
124.59.6.71 - - [12/Mar/2020:09:35:35 +0900] "GET /home/main/main.do HTTP/1.1" 200 12222
181.118.66.216 - - [12/Mar/2020:09:36:54 +0900] "GET /index.jsp HTTP/1.1" 302 -
117.136.2.153 - - [12/Mar/2020:09:44:29 +0900] "GET /error/kr/error.jsp HTTP/1.1" 500 3570
157.55.39.239 - - [12/Mar/2020:09:47:47 +0900] "GET /index.jsp HTTP/1.1" 302 -
66.249.64.88 - - [12/Mar/2020:09:50:27 +0900] "GET /error/kr/error.jsp HTTP/1.1" 500 3762
157.55.39.239 - - [12/Mar/2020:09:58:40 +0900] "GET /error/kr/error.jsp HTTP/1.1" 500 3570
207.46.13.161 - - [12/Mar/2020:09:58:45 +0900] "GET /error/kr/error.jsp HTTP/1.1" 500 3570
125.118.70.84 - - [12/Mar/2020:10:04:55 +0900] "GET /error/kr/error.jsp HTTP/1.1" 500 3570
211.46.149.3 - - [12/Mar/2020:10:06:36 +0900] "GET /index.jsp HTTP/1.1" 302 -
211.46.149.3 - - [12/Mar/2020:10:06:36 +0900] "GET /home/main/main.do HTTP/1.1" 200 12222
211.46.149.3 - - [12/Mar/2020:10:08:12 +0900] "GET /home/watwedo/overview.do HTTP/1.1" 200 6147
211.46.149.3 - - [12/Mar/2020:10:08:31 +0900] "GET /home/watwedo/history.do HTTP/1.1" 200 10614
13.67.106.218 - - [12/Mar/2020:10:10:46 +0900] "GET /error/kr/error.jsp HTTP/1.1" 500 3570
13.67.106.218 - - [12/Mar/2020:10:10:46 +0900] "GET /error/kr/error.jsp HTTP/1.1" 500 3570
35.185.12.219 - - [12/Mar/2020:10:11:06 +0900] "GET /error/kr/error.jsp HTTP/1.0" 500 3570
35.185.12.219 - - [12/Mar/2020:10:11:06 +0900] "GET /home/en/about/about.do HTTP/1.0" 200 14811
66.249.64.88 - - [12/Mar/2020:10:12:37 +0900] "GET /error/kr/error.jsp HTTP/1.1" 500 3762
211.231.103.91 - - [12/Mar/2020:10:15:27 +0900] "GET /index.jsp HTTP/1.1" 302 -
211.231.103.91 - - [12/Mar/2020:10:15:27 +0900] "GET /home/main/main.do HTTP/1.1" 200 12222
157.55.39.239 - - [12/Mar/2020:10:16:30 +0900] "GET /index.jsp HTTP/1.1" 302 -
211.46.149.3 - - [12/Mar/2020:10:16:52 +0900] "GET /home/about/about.do HTTP/1.1" 200 14216
35.185.12.219 - - [12/Mar/2020:10:17:20 +0900] "GET /error/kr/error.jsp HTTP/1.0" 500 3570
35.185.12.219 - - [12/Mar/2020:10:17:20 +0900] "GET /home/en/watwedo/overview.do HTTP/1.0" 200 6156
211.46.149.3 - - [12/Mar/2020:10:17:44 +0900] "GET /home/news/news/list.do HTTP/1.1" 200 7091
211.46.149.3 - - [12/Mar/2020:10:17:50 +0900] "GET /home/contact/contact.do HTTP/1.1" 200 5224
211.46.149.3 - - [12/Mar/2020:10:18:10 +0900] "GET /home/meetourpartners/all.do HTTP/1.1" 200 101569
35.185.12.219 - - [12/Mar/2020:10:18:23 +0900] "GET /error/kr/error.jsp HTTP/1.0" 500 3570
35.185.12.219 - - [12/Mar/2020:10:18:23 +0900] "GET /home/main/main.do HTTP/1.0" 200 12222
211.46.149.3 - - [12/Mar/2020:10:18:46 +0900] "GET /home/meetourpartners/domestic.do HTTP/1.1" 200 73451
211.46.149.3 - - [12/Mar/2020:10:18:48 +0900] "GET /home/meetourpartners/overseas.do HTTP/1.1" 200 32620
211.46.149.3 - - [12/Mar/2020:10:19:14 +0900] "GET /home/meetourpartners/domestic.do HTTP/1.1" 200 73451
193.111.62.163 - - [12/Mar/2020:10:21:30 +0900] "GET /home/news/news/list.do HTTP/1.1" 200 7091
157.55.39.112 - - [12/Mar/2020:10:21:44 +0900] "GET /error/kr/error.jsp HTTP/1.1" 500 3570
13.228.6.37 - - [12/Mar/2020:10:22:17 +0900] "GET /home/en/meetourpartners/all.do HTTP/1.1" 200 95227
211.46.149.3 - - [12/Mar/2020:10:23:10 +0900] "GET /home/meetourpartners/overseas.do HTTP/1.1" 200 32620
211.46.149.3 - - [12/Mar/2020:10:23:12 +0900] "GET /home/whoweare/korea.do HTTP/1.1" 200 29677
211.46.149.3 - - [12/Mar/2020:10:24:09 +0900] "GET /home/whoweare/china.do HTTP/1.1" 200 10340
35.185.12.219 - - [12/Mar/2020:10:24:16 +0900] "GET /error/kr/error.jsp HTTP/1.0" 500 3570
35.185.12.219 - - [12/Mar/2020:10:24:16 +0900] "GET /home/en/meetourpartners/all.do HTTP/1.0" 200 95227
211.46.149.3 - - [12/Mar/2020:10:24:32 +0900] "GET /home/meetourpartners/all.do HTTP/1.1" 200 101569
211.46.149.3 - - [12/Mar/2020:10:24:33 +0900] "GET /home/news/news/list.do HTTP/1.1" 200 7091
211.46.149.3 - - [12/Mar/2020:10:24:35 +0900] "GET /home/whoweare/korea.do HTTP/1.1" 200 29677
211.46.149.3 - - [12/Mar/2020:10:24:37 +0900] "GET /home/whoweare/china.do HTTP/1.1" 200 10340
211.46.149.3 - - [12/Mar/2020:10:24:39 +0900] "GET /home/contact/contact.do HTTP/1.1" 200 5224
211.46.149.3 - - [12/Mar/2020:10:24:41 +0900] "GET /home/about/about.do HTTP/1.1" 200 14216
35.185.12.219 - - [12/Mar/2020:10:34:27 +0900] "GET /error/kr/error.jsp HTTP/1.0" 500 3570
35.185.12.219 - - [12/Mar/2020:10:34:27 +0900] "GET /home/en/watwedo/philosophy.do HTTP/1.0" 200 7112
66.151.211.170 - - [12/Mar/2020:10:34:54 +0900] "GET /error/kr/error.jsp HTTP/1.0" 500 3570
49.233.143.96 - - [12/Mar/2020:10:36:38 +0900] "HEAD /index.jsp?s=www.guizhouymcd.cn HTTP/1.1" 302 -
49.233.143.96 - - [12/Mar/2020:10:36:38 +0900] "HEAD /home/main/main.do HTTP/1.1" 302 -
49.233.143.96 - - [12/Mar/2020:10:36:39 +0900] "HEAD /home/main/main.do HTTP/1.1" 200 -
157.55.39.112 - - [12/Mar/2020:10:37:35 +0900] "GET /home/news/news/view.do?page=2&num=12 HTTP/1.1" 200 9083
35.185.12.219 - - [12/Mar/2020:10:38:55 +0900] "GET /error/kr/error.jsp HTTP/1.0" 500 3570
35.185.12.219 - - [12/Mar/2020:10:38:55 +0900] "GET /home/en/whoweare/korea.do HTTP/1.0" 200 29641
34.216.73.204 - - [12/Mar/2020:10:40:28 +0900] "GET /index.jsp HTTP/1.1" 302 -
34.216.73.204 - - [12/Mar/2020:10:40:28 +0900] "GET /home/main/main.do HTTP/1.1" 200 12222
35.185.12.219 - - [12/Mar/2020:10:41:55 +0900] "GET /error/kr/error.jsp HTTP/1.0" 500 3570
35.185.12.219 - - [12/Mar/2020:10:41:56 +0900] "GET /home/en/contact/contact.do HTTP/1.0" 200 5187
35.185.12.219 - - [12/Mar/2020:10:42:44 +0900] "GET /error/kr/error.jsp HTTP/1.0" 500 3570
35.185.12.219 - - [12/Mar/2020:10:42:44 +0900] "GET /home/en/meetourpartners/all.do HTTP/1.0" 200 95227
35.185.12.219 - - [12/Mar/2020:10:42:49 +0900] "GET /error/kr/error.jsp HTTP/1.0" 500 3570
35.185.12.219 - - [12/Mar/2020:10:42:50 +0900] "GET /home/en/watwedo/overview.do HTTP/1.0" 200 6156
35.185.12.219 - - [12/Mar/2020:10:42:52 +0900] "GET /error/kr/error.jsp HTTP/1.0" 500 3570
35.185.12.219 - - [12/Mar/2020:10:42:53 +0900] "GET /home/en/whoweare/korea.do HTTP/1.0" 200 29641
35.185.12.219 - - [12/Mar/2020:10:42:55 +0900] "GET /error/kr/error.jsp HTTP/1.0" 500 3570
35.185.12.219 - - [12/Mar/2020:10:42:55 +0900] "GET /home/en/about/about.do HTTP/1.0" 200 14811
35.185.12.219 - - [12/Mar/2020:10:42:57 +0900] "GET /error/kr/error.jsp HTTP/1.0" 500 3570
35.185.12.219 - - [12/Mar/2020:10:42:57 +0900] "GET /home/en/contact/contact.do HTTP/1.0" 200 5187
35.185.12.219 - - [12/Mar/2020:10:42:58 +0900] "GET /error/kr/error.jsp HTTP/1.0" 500 3570
35.185.12.219 - - [12/Mar/2020:10:42:59 +0900] "GET /home/en/watwedo/philosophy.do HTTP/1.0" 200 7112
35.185.12.219 - - [12/Mar/2020:10:43:00 +0900] "GET /error/kr/error.jsp HTTP/1.0" 500 3570
35.185.12.219 - - [12/Mar/2020:10:43:01 +0900] "GET /home/main/main.do HTTP/1.0" 200 12222
108.170.31.91 - - [12/Mar/2020:10:43:04 +0900] "GET /home/en/whoweare/korea.do HTTP/1.1" 200 29641
66.249.64.88 - - [12/Mar/2020:10:43:46 +0900] "GET /error/kr/error.jsp HTTP/1.1" 500 3762
157.55.39.43 - - [12/Mar/2020:10:44:17 +0900] "GET /error/kr/error.jsp HTTP/1.1" 500 3570
157.55.39.112 - - [12/Mar/2020:10:44:18 +0900] "GET /error/kr/error.jsp HTTP/1.1" 500 3570
167.172.105.234 - - [12/Mar/2020:10:44:46 +0900] "GET /error/kr/error.jsp HTTP/1.1" 500 3570
211.104.135.36 - - [12/Mar/2020:10:49:23 +0900] "GET /index.jsp HTTP/1.1" 302 -
211.104.135.36 - - [12/Mar/2020:10:49:23 +0900] "GET /home/main/main.do HTTP/1.1" 200 12222
12.190.238.198 - - [12/Mar/2020:10:57:08 +0900] "GET /index.jsp HTTP/1.1" 302 -
12.190.238.198 - - [12/Mar/2020:10:57:08 +0900] "GET /home/en/main/main.do HTTP/1.1" 200 11080
12.190.238.198 - - [12/Mar/2020:10:57:11 +0900] "GET /home/en/watwedo/overview.do HTTP/1.1" 200 6156
12.190.238.198 - - [12/Mar/2020:10:57:13 +0900] "GET /home/en/whoweare/korea.do HTTP/1.1" 200 29641
125.128.37.205 - - [12/Mar/2020:11:00:56 +0900] "GET /index.jsp HTTP/1.1" 302 -
125.128.37.205 - - [12/Mar/2020:11:00:56 +0900] "GET /home/main/main.do HTTP/1.1" 200 12222
125.128.37.205 - - [12/Mar/2020:11:01:19 +0900] "GET /home/en/main/main.do HTTP/1.1" 200 11080
125.128.37.205 - - [12/Mar/2020:11:01:21 +0900] "GET /home/main/main.do HTTP/1.1" 200 12222
157.55.39.112 - - [12/Mar/2020:11:03:52 +0900] "GET /error/kr/error.jsp HTTP/1.1" 500 3570
17.58.96.118 - - [12/Mar/2020:11:04:56 +0900] "GET /home/news/news/view.do?num=1 HTTP/1.1" 200 8971
207.46.13.161 - - [12/Mar/2020:11:08:24 +0900] "GET /error/kr/error.jsp HTTP/1.1" 500 3570
95.163.255.19 - - [12/Mar/2020:11:19:50 +0900] "GET /error/kr/error.jsp HTTP/1.0" 500 3570
95.163.255.19 - - [12/Mar/2020:11:19:52 +0900] "GET /error/kr/error.jsp HTTP/1.1" 500 3570
211.48.51.34 - - [12/Mar/2020:11:21:42 +0900] "GET /home/whoweare/korea.do HTTP/1.1" 200 43261
219.240.46.239 - - [12/Mar/2020:11:24:30 +0900] "GET /index.jsp HTTP/1.1" 302 -
219.240.46.239 - - [12/Mar/2020:11:24:30 +0900] "GET /home/en/main/main.do HTTP/1.1" 200 11080
219.240.46.239 - - [12/Mar/2020:11:24:34 +0900] "GET /home/en/whoweare/korea.do HTTP/1.1" 200 29641
219.240.46.239 - - [12/Mar/2020:11:24:38 +0900] "GET /home/en/watwedo/overview.do HTTP/1.1" 200 6156
193.111.62.163 - - [12/Mar/2020:11:25:19 +0900] "GET /home/news/news/list.do HTTP/1.1" 200 7091
175.213.16.138 - - [12/Mar/2020:11:37:35 +0900] "GET /index.jsp HTTP/1.1" 302 -
175.213.16.138 - - [12/Mar/2020:11:37:35 +0900] "GET /home/main/main.do HTTP/1.1" 200 12222
175.213.16.138 - - [12/Mar/2020:11:37:50 +0900] "GET /home/watwedo/overview.do HTTP/1.1" 200 6147
175.213.16.138 - - [12/Mar/2020:11:37:53 +0900] "GET /home/whoweare/korea.do HTTP/1.1" 200 29677
175.213.16.138 - - [12/Mar/2020:11:38:03 +0900] "GET /home/meetourpartners/all.do HTTP/1.1" 200 101569
175.213.16.138 - - [12/Mar/2020:11:38:09 +0900] "GET /home/about/about.do HTTP/1.1" 200 14216
175.213.16.138 - - [12/Mar/2020:11:38:17 +0900] "GET /home/contact/contact.do HTTP/1.1" 200 5224
175.213.16.138 - - [12/Mar/2020:11:38:22 +0900] "GET /home/news/news/list.do HTTP/1.1" 200 7091
180.164.94.89 - - [12/Mar/2020:11:38:45 +0900] "GET /index.jsp?ko HTTP/1.1" 302 -
180.164.94.89 - - [12/Mar/2020:11:38:45 +0900] "GET /home/en/main/main.do HTTP/1.1" 200 11080
180.164.94.89 - - [12/Mar/2020:11:39:02 +0900] "GET /home/en/whoweare/korea.do HTTP/1.1" 200 29641
180.164.94.89 - - [12/Mar/2020:11:39:06 +0900] "GET /home/en/whoweare/china.do HTTP/1.1" 200 10353
180.164.94.89 - - [12/Mar/2020:11:39:25 +0900] "GET /home/en/about/about.do HTTP/1.1" 200 14811
3.235.4.102 - - [12/Mar/2020:11:40:27 +0900] "GET /index.jsp HTTP/1.1" 302 -
3.235.4.102 - - [12/Mar/2020:11:40:27 +0900] "GET /home/main/main.do HTTP/1.1" 200 12222
207.46.13.161 - - [12/Mar/2020:11:44:59 +0900] "GET /error/kr/error.jsp HTTP/1.1" 500 3570
66.249.64.86 - - [12/Mar/2020:11:50:23 +0900] "GET /error/kr/error.jsp HTTP/1.1" 500 3762
54.162.180.93 - - [12/Mar/2020:11:57:39 +0900] "GET /error/kr/error.jsp HTTP/1.1" 500 3570
54.162.180.93 - - [12/Mar/2020:11:57:40 +0900] "GET /error/kr/error.jsp HTTP/1.1" 500 3570
54.210.139.197 - - [12/Mar/2020:11:59:59 +0900] "GET /index.jsp HTTP/1.1" 302 -
54.210.139.197 - - [12/Mar/2020:11:59:59 +0900] "GET /home/en/main/main.do HTTP/1.1" 200 11080
54.210.139.197 - - [12/Mar/2020:12:00:01 +0900] "GET /error/kr/error.jsp HTTP/1.1" 500 3570
157.55.39.239 - - [12/Mar/2020:12:03:04 +0900] "GET /error/kr/error.jsp HTTP/1.1" 500 3570
190.2.149.159 - - [12/Mar/2020:12:11:18 +0900] "GET /index.jsp HTTP/1.0" 302 -
190.2.149.159 - - [12/Mar/2020:12:11:19 +0900] "GET /home/main/main.do HTTP/1.0" 200 12222
190.2.149.159 - - [12/Mar/2020:12:11:19 +0900] "GET /home/contact/contact.do HTTP/1.0" 200 5224
220.116.179.116 - - [12/Mar/2020:12:12:39 +0900] "GET /index.jsp HTTP/1.1" 302 -
220.116.179.116 - - [12/Mar/2020:12:12:39 +0900] "GET /home/main/main.do HTTP/1.1" 200 12222
220.116.179.116 - - [12/Mar/2020:12:12:42 +0900] "GET /home/en/main/main.do HTTP/1.1" 200 11080
220.116.179.116 - - [12/Mar/2020:12:12:54 +0900] "GET /home/en/whoweare/korea.do HTTP/1.1" 200 29641
220.116.179.116 - - [12/Mar/2020:12:12:56 +0900] "GET /home/en/about/about.do HTTP/1.1" 200 14811
220.116.179.116 - - [12/Mar/2020:12:13:12 +0900] "GET /home/en/watwedo/overview.do HTTP/1.1" 200 6156
220.116.179.116 - - [12/Mar/2020:12:13:33 +0900] "GET /home/en/watwedo/philosophy.do HTTP/1.1" 200 7112
220.116.179.116 - - [12/Mar/2020:12:13:48 +0900] "GET /home/en/about/about.do HTTP/1.1" 200 14811
157.55.39.199 - - [12/Mar/2020:12:17:12 +0900] "GET /error/kr/error.jsp HTTP/1.1" 500 3570
220.116.179.116 - - [12/Mar/2020:12:17:25 +0900] "GET /index.jsp HTTP/1.1" 302 -
220.116.179.116 - - [12/Mar/2020:12:17:25 +0900] "GET /home/main/main.do HTTP/1.1" 200 12222
220.116.179.116 - - [12/Mar/2020:12:17:38 +0900] "GET /home/en/main/main.do HTTP/1.1" 200 11080
220.116.179.116 - - [12/Mar/2020:12:17:54 +0900] "GET /home/en/about/about.do HTTP/1.1" 200 14811
193.111.62.163 - - [12/Mar/2020:12:18:06 +0900] "GET /home/news/news/list.do HTTP/1.1" 200 7091
66.249.70.1 - - [12/Mar/2020:12:20:24 +0900] "GET /error/kr/error.jsp HTTP/1.1" 500 3570
194.208.91.154 - - [12/Mar/2020:12:33:48 +0900] "GET /index.jsp HTTP/1.1" 302 -
121.254.147.237 - - [12/Mar/2020:12:36:44 +0900] "GET /index.jsp HTTP/1.1" 302 -
121.254.147.237 - - [12/Mar/2020:12:36:44 +0900] "GET /home/en/main/main.do HTTP/1.1" 200 11080
210.19.32.6 - - [12/Mar/2020:12:37:45 +0900] "GET /index.jsp HTTP/1.1" 302 -
210.19.32.6 - - [12/Mar/2020:12:37:45 +0900] "GET /home/en/main/main.do HTTP/1.1" 200 11080
178.216.24.49 - - [12/Mar/2020:12:43:20 +0900] "GET /index.jsp HTTP/1.1" 302 -
115.192.189.185 - - [12/Mar/2020:13:00:11 +0900] "GET /error/kr/error.jsp HTTP/1.1" 500 3570
120.86.188.65 - - [12/Mar/2020:13:00:46 +0900] "GET /error/kr/error.jsp HTTP/1.1" 500 3570
125.77.94.4 - - [12/Mar/2020:13:01:30 +0900] "GET /error/kr/error.jsp HTTP/1.1" 500 3570
157.55.39.239 - - [12/Mar/2020:13:02:22 +0900] "GET /error/kr/error.jsp HTTP/1.1" 500 3570
171.67.70.113 - - [12/Mar/2020:13:18:30 +0900] "GET /index.jsp HTTP/1.1" 302 -
66.249.64.84 - - [12/Mar/2020:13:20:46 +0900] "GET /error/kr/error.jsp HTTP/1.1" 500 3762
211.56.145.140 - - [12/Mar/2020:13:23:02 +0900] "GET /error/kr/error.jsp HTTP/1.1" 500 3570
113.77.144.215 - - [12/Mar/2020:13:23:47 +0900] "GET /error/kr/error.jsp HTTP/1.1" 500 3570
193.111.62.163 - - [12/Mar/2020:13:26:01 +0900] "GET /home/news/news/list.do HTTP/1.1" 200 7091
38.99.62.91 - - [12/Mar/2020:13:37:04 +0900] "GET /home/meetourpartners/all.do HTTP/1.1" 200 101569
38.99.62.91 - - [12/Mar/2020:13:37:43 +0900] "GET /home/en/meetourpartners/all.do HTTP/1.1" 200 95227
140.143.16.158 - - [12/Mar/2020:13:38:07 +0900] "GET /error/kr/error.jsp HTTP/1.1" 500 3570
140.143.16.158 - - [12/Mar/2020:13:38:13 +0900] "GET /index.jsp HTTP/1.1" 302 -
140.143.16.158 - - [12/Mar/2020:13:38:16 +0900] "GET /home/main/main.do HTTP/1.1" 200 12222
38.99.62.91 - - [12/Mar/2020:13:38:23 +0900] "GET /home/news/news/view.do?page=&num=9 HTTP/1.1" 200 9132
38.99.62.91 - - [12/Mar/2020:13:38:48 +0900] "GET /home/news/news/view.do?page=&num=10 HTTP/1.1" 200 6753
38.99.62.91 - - [12/Mar/2020:13:39:28 +0900] "GET /home/news/news/view.do?page=&num=9 HTTP/1.1" 200 9132
38.99.62.91 - - [12/Mar/2020:13:39:53 +0900] "GET /home/news/news/view.do?page=&num=10 HTTP/1.1" 200 6753
38.99.62.91 - - [12/Mar/2020:13:40:33 +0900] "GET /home/news/news/view.do?page=&num=11 HTTP/1.1" 200 5545
38.99.62.91 - - [12/Mar/2020:13:41:38 +0900] "GET /home/news/news/view.do?page=&num=12 HTTP/1.1" 200 9080
61.103.49.10 - - [12/Mar/2020:13:42:14 +0900] "GET /index.jsp HTTP/1.1" 302 -
61.103.49.10 - - [12/Mar/2020:13:42:14 +0900] "GET /home/main/main.do HTTP/1.1" 200 12222
38.99.62.91 - - [12/Mar/2020:13:42:17 +0900] "GET /home/news/news/view.do?page=&num=11 HTTP/1.1" 200 5545
38.99.62.91 - - [12/Mar/2020:13:42:43 +0900] "GET /home/en/meetourpartners/all.do HTTP/1.1" 200 95227
38.99.62.91 - - [12/Mar/2020:13:43:22 +0900] "GET /home/meetourpartners/all.do HTTP/1.1" 200 101569
38.99.62.91 - - [12/Mar/2020:13:44:02 +0900] "GET /home/news/news/view.do?page=&num=12 HTTP/1.1" 200 9080
38.99.62.91 - - [12/Mar/2020:13:44:27 +0900] "GET /home/news/news/view.do?page=&num=13 HTTP/1.1" 200 9156
38.99.62.91 - - [12/Mar/2020:13:45:07 +0900] "GET /home/news/news/view.do?page=&num=12 HTTP/1.1" 200 9080
38.99.62.91 - - [12/Mar/2020:13:45:46 +0900] "GET /home/news/news/view.do?page=&num=13 HTTP/1.1" 200 9156
38.99.62.91 - - [12/Mar/2020:13:46:26 +0900] "GET /home/news/news/view.do?page=&num=14 HTTP/1.1" 200 6733
38.99.62.91 - - [12/Mar/2020:13:47:05 +0900] "GET /home/news/news/view.do?page=&num=13 HTTP/1.1" 200 9156
38.99.62.91 - - [12/Mar/2020:13:47:45 +0900] "GET /home/news/news/view.do?page=&num=14 HTTP/1.1" 200 6733
61.103.49.10 - - [12/Mar/2020:13:48:07 +0900] "GET /home/whoweare/korea.do HTTP/1.1" 200 29677
38.99.62.91 - - [12/Mar/2020:13:48:10 +0900] "GET /home/news/news/view.do?page=&num=15 HTTP/1.1" 200 9178
61.103.49.10 - - [12/Mar/2020:13:48:19 +0900] "GET /home/whoweare/korea.do HTTP/1.1" 200 29677
38.99.62.91 - - [12/Mar/2020:13:48:35 +0900] "GET /home/meetourpartners/all.do HTTP/1.1" 200 101569
61.103.49.10 - - [12/Mar/2020:13:48:50 +0900] "GET /home/whoweare/china.do HTTP/1.1" 200 10340
61.103.49.10 - - [12/Mar/2020:13:48:59 +0900] "GET /home/meetourpartners/all.do HTTP/1.1" 200 101569
61.103.49.10 - - [12/Mar/2020:13:49:07 +0900] "GET /home/contact/contact.do HTTP/1.1" 200 5224
61.103.49.10 - - [12/Mar/2020:13:49:09 +0900] "GET /home/watwedo/overview.do HTTP/1.1" 200 6147
61.103.49.10 - - [12/Mar/2020:13:49:11 +0900] "GET /home/watwedo/overview.do HTTP/1.1" 200 6147
38.99.62.91 - - [12/Mar/2020:13:49:15 +0900] "GET /home/meetourpartners/all.do HTTP/1.1" 200 101569
38.99.62.91 - - [12/Mar/2020:13:49:55 +0900] "GET /home/news/news/view.do?page=&num=14 HTTP/1.1" 200 6733
38.99.62.91 - - [12/Mar/2020:13:50:34 +0900] "GET /home/news/news/view.do?page=&num=15 HTTP/1.1" 200 9178
38.99.62.91 - - [12/Mar/2020:13:51:00 +0900] "GET /home/news/news/view.do?page=&num=16 HTTP/1.1" 200 5663
38.99.62.91 - - [12/Mar/2020:13:51:25 +0900] "GET /home/news/news/view.do?page=&num=15 HTTP/1.1" 200 9178
38.99.62.91 - - [12/Mar/2020:13:51:50 +0900] "GET /home/news/news/view.do?page=&num=16 HTTP/1.1" 200 5663
38.99.62.91 - - [12/Mar/2020:13:52:31 +0900] "GET /home/meetourpartners/all.do HTTP/1.1" 200 101569
38.99.62.91 - - [12/Mar/2020:13:53:10 +0900] "GET /home/news/news/view.do?page=&num=17 HTTP/1.1" 200 5758
61.103.49.10 - - [12/Mar/2020:13:53:42 +0900] "GET /home/watwedo/history.do HTTP/1.1" 200 10614
38.99.62.91 - - [12/Mar/2020:13:53:49 +0900] "GET /home/news/news/view.do?page=&num=16 HTTP/1.1" 200 5663
61.103.49.10 - - [12/Mar/2020:13:54:23 +0900] "GET /home/watwedo/philosophy.do HTTP/1.1" 200 7162
61.103.49.10 - - [12/Mar/2020:13:54:25 +0900] "GET /home/watwedo/history.do HTTP/1.1" 200 10614
38.99.62.91 - - [12/Mar/2020:13:54:29 +0900] "GET /home/news/news/view.do?page=&num=17 HTTP/1.1" 200 5758
38.99.62.91 - - [12/Mar/2020:13:55:08 +0900] "GET /home/news/news/view.do?page=&num=18 HTTP/1.1" 200 9134
14.116.141.19 - - [12/Mar/2020:13:55:22 +0900] "GET /error/kr/error.jsp HTTP/1.1" 500 3570
219.133.46.252 - - [12/Mar/2020:13:55:22 +0900] "GET /error/kr/error.jsp HTTP/1.1" 500 3570
14.116.141.9 - - [12/Mar/2020:13:55:25 +0900] "GET /error/kr/error.jsp HTTP/1.1" 500 3570
219.133.46.251 - - [12/Mar/2020:13:55:28 +0900] "GET /error/kr/error.jsp HTTP/1.1" 500 3570
116.7.98.86 - - [12/Mar/2020:13:55:39 +0900] "GET /home/en/main/main.do HTTP/1.1" 302 -
38.99.62.91 - - [12/Mar/2020:13:55:48 +0900] "GET /home/news/news/view.do?page=&num=17 HTTP/1.1" 200 5758
38.99.62.91 - - [12/Mar/2020:13:56:27 +0900] "GET /home/meetourpartners/all.do HTTP/1.1" 200 101569
39.104.156.79 - - [12/Mar/2020:13:56:33 +0900] "GET /error/kr/error.jsp HTTP/1.1" 500 3570
157.55.39.112 - - [12/Mar/2020:13:56:43 +0900] "GET /home/news/news/view.do?page=2&num=12 HTTP/1.1" 200 9083
39.104.156.79 - - [12/Mar/2020:13:56:57 +0900] "GET /error/kr/error.jsp HTTP/1.1" 500 3570
38.99.62.91 - - [12/Mar/2020:13:57:07 +0900] "GET /home/en/meetourpartners/all.do HTTP/1.1" 200 95227
38.99.62.91 - - [12/Mar/2020:13:57:46 +0900] "GET /home/news/news/view.do?page=&num=18 HTTP/1.1" 200 9134
39.104.156.79 - - [12/Mar/2020:13:58:22 +0900] "GET /error/kr/error.jsp HTTP/1.1" 500 3570
38.99.62.91 - - [12/Mar/2020:13:58:26 +0900] "GET /home/news/news/view.do?page=&num=19 HTTP/1.1" 200 6162
38.99.62.91 - - [12/Mar/2020:13:58:51 +0900] "GET /home/news/news/view.do?page=&num=18 HTTP/1.1" 200 9134
38.99.62.91 - - [12/Mar/2020:13:59:31 +0900] "GET /home/news/news/view.do?page=&num=19 HTTP/1.1" 200 6162
61.103.49.10 - - [12/Mar/2020:13:59:34 +0900] "GET /home/watwedo/overview.do HTTP/1.1" 200 6147
61.103.49.10 - - [12/Mar/2020:13:59:45 +0900] "GET /home/watwedo/history.do HTTP/1.1" 200 10614
61.103.49.10 - - [12/Mar/2020:13:59:46 +0900] "GET /home/whoweare/korea.do HTTP/1.1" 200 29677
61.103.49.10 - - [12/Mar/2020:13:59:48 +0900] "GET /home/meetourpartners/all.do HTTP/1.1" 200 101569
61.103.49.10 - - [12/Mar/2020:13:59:50 +0900] "GET /home/news/news/list.do HTTP/1.1" 200 7091
61.103.49.10 - - [12/Mar/2020:13:59:53 +0900] "GET /home/contact/contact.do HTTP/1.1" 200 5224
61.103.49.10 - - [12/Mar/2020:13:59:54 +0900] "GET /home/about/about.do HTTP/1.1" 200 14216
61.103.49.10 - - [12/Mar/2020:14:00:12 +0900] "GET /home/news/news/list.do HTTP/1.1" 200 7091
38.99.62.91 - - [12/Mar/2020:14:00:35 +0900] "GET /home/news/news/view.do?page=&num=10 HTTP/1.1" 200 6753
61.103.49.10 - - [12/Mar/2020:14:00:38 +0900] "GET /home/news/news/view.do?page=1&num=1 HTTP/1.1" 200 8973
110.47.102.19 - - [12/Mar/2020:14:00:39 +0900] "GET /index.jsp HTTP/1.1" 302 -
110.47.102.19 - - [12/Mar/2020:14:00:39 +0900] "GET /home/main/main.do HTTP/1.1" 200 12222
38.99.62.91 - - [12/Mar/2020:14:01:01 +0900] "GET /home/news/news/view.do?page=&num=7 HTTP/1.1" 200 5545
61.96.50.197 - - [12/Mar/2020:14:01:01 +0900] "GET /index.jsp HTTP/1.1" 302 -
61.96.50.197 - - [12/Mar/2020:14:01:01 +0900] "GET /home/main/main.do HTTP/1.1" 200 12222
61.96.50.197 - - [12/Mar/2020:14:01:02 +0900] "GET /home/news/news/list.do HTTP/1.1" 200 7091
61.96.50.197 - - [12/Mar/2020:14:01:04 +0900] "GET /home/news/news/view.do?page=1&num=1 HTTP/1.1" 200 8973
38.99.62.91 - - [12/Mar/2020:14:01:40 +0900] "GET /home/news/news/view.do?page=&num=6 HTTP/1.1" 200 9118
38.99.62.91 - - [12/Mar/2020:14:02:20 +0900] "GET /home/news/news/view.do?page=1&num=12 HTTP/1.1" 200 9083
38.99.62.91 - - [12/Mar/2020:14:02:59 +0900] "GET /home/news/news/view.do?page=1&num=13 HTTP/1.1" 200 9159
38.99.62.91 - - [12/Mar/2020:14:03:25 +0900] "GET /home/meetourpartners/all.do HTTP/1.1" 200 101569
38.99.62.91 - - [12/Mar/2020:14:04:05 +0900] "GET /home/meetourpartners/all.do HTTP/1.1" 200 101569
38.99.62.91 - - [12/Mar/2020:14:04:44 +0900] "GET /home/news/news/view.do?page=1&num=13 HTTP/1.1" 200 9159
38.99.62.91 - - [12/Mar/2020:14:05:24 +0900] "GET /home/news/news/view.do?page=1&num=14 HTTP/1.1" 200 6736
38.99.62.91 - - [12/Mar/2020:14:06:03 +0900] "GET /home/news/news/view.do?page=1&num=13 HTTP/1.1" 200 9159
223.62.212.199 - - [12/Mar/2020:14:06:22 +0900] "GET /index.jsp HTTP/1.1" 302 -
223.62.212.199 - - [12/Mar/2020:14:06:22 +0900] "GET /home/main/main.do HTTP/1.1" 302 -
223.62.212.199 - - [12/Mar/2020:14:06:23 +0900] "GET /home/main/main.do HTTP/1.1" 200 8898
223.62.212.199 - - [12/Mar/2020:14:06:23 +0900] "GET /error/kr/error.jsp HTTP/1.1" 500 3762
38.99.62.91 - - [12/Mar/2020:14:06:29 +0900] "GET /home/news/news/view.do?page=1&num=14 HTTP/1.1" 200 6736
223.62.212.199 - - [12/Mar/2020:14:06:32 +0900] "GET /home/main/main.do HTTP/1.1" 200 8898
223.62.212.199 - - [12/Mar/2020:14:06:32 +0900] "GET /error/kr/error.jsp HTTP/1.1" 500 3762
38.99.62.91 - - [12/Mar/2020:14:07:08 +0900] "GET /home/meetourpartners/all.do HTTP/1.1" 200 101569
1.225.74.3 - - [12/Mar/2020:14:07:26 +0900] "GET /home/main/main.do HTTP/1.1" 200 12222
38.99.62.91 - - [12/Mar/2020:14:07:48 +0900] "GET /home/news/news/view.do?page=1&num=15 HTTP/1.1" 200 9181
223.62.212.199 - - [12/Mar/2020:14:08:56 +0900] "GET /index.jsp HTTP/1.1" 302 -
223.62.212.199 - - [12/Mar/2020:14:08:56 +0900] "GET /home/main/main.do HTTP/1.1" 302 -
223.62.212.199 - - [12/Mar/2020:14:08:56 +0900] "GET /home/main/main.do HTTP/1.1" 200 8898
223.62.212.199 - - [12/Mar/2020:14:08:57 +0900] "GET /error/kr/error.jsp HTTP/1.1" 500 3762
