120.84.10.122 - - [17/Nov/2019:00:02:48 +0900] "GET /error/kr/error.jsp HTTP/1.1" 500 3570
207.46.13.108 - - [17/Nov/2019:00:10:17 +0900] "GET /error/kr/error.jsp HTTP/1.1" 500 3570
193.111.62.163 - - [17/Nov/2019:00:15:59 +0900] "GET /home/news/news/list.do HTTP/1.1" 200 7091
17.58.102.55 - - [17/Nov/2019:00:17:34 +0900] "GET /error/kr/error.jsp HTTP/1.1" 500 3570
17.58.96.119 - - [17/Nov/2019:00:17:35 +0900] "GET /index.jsp?ko HTTP/1.1" 302 -
17.58.96.119 - - [17/Nov/2019:00:17:36 +0900] "GET /home/main/main.do HTTP/1.1" 200 12222
223.38.24.237 - - [17/Nov/2019:00:18:37 +0900] "GET /filter/checker.jsp?campaignID=808&email=kwinho@naver.com&responseEnd=2019-01-06 HTTP/1.1" 404 3570
95.179.217.66 - - [17/Nov/2019:00:19:43 +0900] "GET /index.jsp HTTP/1.1" 302 -
95.179.217.66 - - [17/Nov/2019:00:19:44 +0900] "GET /home/main/main.do HTTP/1.1" 200 12222
95.179.217.66 - - [17/Nov/2019:00:19:59 +0900] "GET /error/kr/error.jsp HTTP/1.1" 500 3570
95.179.217.66 - - [17/Nov/2019:00:20:32 +0900] "GET /error/kr/error.jsp HTTP/1.1" 500 3570
39.100.106.48 - - [17/Nov/2019:00:37:32 +0900] "GET /index.jsp HTTP/1.1" 302 -
39.100.106.48 - - [17/Nov/2019:00:37:33 +0900] "GET /home/en/main/main.do HTTP/1.1" 200 11080
207.46.13.220 - - [17/Nov/2019:00:50:07 +0900] "GET /error/kr/error.jsp HTTP/1.1" 500 3570
23.100.232.233 - - [17/Nov/2019:00:56:57 +0900] "GET /home/whoweare/korea.do HTTP/1.1" 200 31387
157.55.39.175 - - [17/Nov/2019:00:58:51 +0900] "GET /error/kr/error.jsp HTTP/1.1" 500 3570
176.103.173.97 - - [17/Nov/2019:01:08:43 +0900] "GET /home/en/contact/contact.do HTTP/1.0" 200 5187
46.8.125.147 - - [17/Nov/2019:01:09:15 +0900] "GET /home/en/about/about.do HTTP/1.0" 200 14811
46.8.125.147 - - [17/Nov/2019:01:09:17 +0900] "GET /home/en/meetourpartners/all.do HTTP/1.0" 200 95227
47.102.216.176 - - [17/Nov/2019:01:09:23 +0900] "GET /home/en/watwedo/overview.do HTTP/1.1" 200 6156
47.102.216.176 - - [17/Nov/2019:01:09:25 +0900] "GET /home/main/main.do HTTP/1.1" 200 12222
103.216.51.203 - - [17/Nov/2019:01:10:07 +0900] "GET /home/en/main/main.do HTTP/1.1" 200 11080
193.111.62.163 - - [17/Nov/2019:01:14:38 +0900] "GET /home/news/news/list.do HTTP/1.1" 200 7091
66.249.64.212 - - [17/Nov/2019:01:17:22 +0900] "GET /error/kr/error.jsp HTTP/1.1" 500 3570
207.46.13.220 - - [17/Nov/2019:01:19:03 +0900] "GET /error/kr/error.jsp HTTP/1.1" 500 3570
207.46.13.90 - - [17/Nov/2019:01:27:53 +0900] "GET /error/kr/error.jsp HTTP/1.1" 500 3570
207.46.13.90 - - [17/Nov/2019:01:31:02 +0900] "GET /error/kr/error.jsp HTTP/1.1" 500 3570
54.193.69.215 - - [17/Nov/2019:01:34:33 +0900] "GET /error/kr/error.jsp HTTP/1.1" 500 3570
54.193.69.215 - - [17/Nov/2019:01:34:34 +0900] "GET /index.jsp HTTP/1.1" 302 -
54.193.69.215 - - [17/Nov/2019:01:34:34 +0900] "GET /home/main/main.do HTTP/1.1" 200 12222
157.55.39.175 - - [17/Nov/2019:01:37:39 +0900] "GET /home/meetourpartners/all.do HTTP/1.1" 200 105128
23.100.232.233 - - [17/Nov/2019:01:38:56 +0900] "GET /home/whoweare/korea.do HTTP/1.1" 200 31387
157.55.39.21 - - [17/Nov/2019:01:45:49 +0900] "GET /error/kr/error.jsp HTTP/1.1" 500 3570
157.55.39.175 - - [17/Nov/2019:01:45:49 +0900] "GET /home/main/main.do HTTP/1.1" 200 12222
66.249.64.214 - - [17/Nov/2019:01:46:58 +0900] "GET /error/kr/error.jsp HTTP/1.1" 500 3570
34.199.176.251 - - [17/Nov/2019:01:51:23 +0900] "GET /home/news/news/list.do HTTP/1.1" 200 7091
157.55.39.175 - - [17/Nov/2019:01:52:49 +0900] "GET /error/kr/error.jsp HTTP/1.1" 500 3570
125.209.235.176 - - [17/Nov/2019:01:59:24 +0900] "GET /error/kr/error.jsp HTTP/1.1" 500 3570
66.249.64.90 - - [17/Nov/2019:02:17:00 +0900] "GET /error/kr/error.jsp HTTP/1.1" 500 3762
193.111.62.163 - - [17/Nov/2019:02:18:32 +0900] "GET /home/news/news/list.do HTTP/1.1" 200 7091
207.46.13.90 - - [17/Nov/2019:02:21:04 +0900] "GET /error/kr/error.jsp HTTP/1.1" 500 3570
5.9.94.207 - - [17/Nov/2019:02:28:26 +0900] "GET /error/kr/error.jsp HTTP/1.1" 500 3570
78.46.90.120 - - [17/Nov/2019:02:29:07 +0900] "GET /error/kr/error.jsp HTTP/1.1" 500 3570
207.180.220.8 - - [17/Nov/2019:02:31:19 +0900] "GET /index.jsp HTTP/1.0" 302 -
66.249.64.94 - - [17/Nov/2019:02:34:03 +0900] "GET /error/kr/error.jsp HTTP/1.1" 500 3762
169.197.108.6 - - [17/Nov/2019:02:36:59 +0900] "GET /index.jsp HTTP/1.1" 302 -
169.197.108.6 - - [17/Nov/2019:02:36:59 +0900] "GET /home/main/main.do HTTP/1.1" 200 12222
207.46.13.90 - - [17/Nov/2019:02:43:25 +0900] "GET /home/meetourpartners/overseas.do HTTP/1.1" 200 34535
157.55.39.175 - - [17/Nov/2019:02:44:30 +0900] "GET /error/kr/error.jsp HTTP/1.1" 500 3570
66.249.64.212 - - [17/Nov/2019:02:48:35 +0900] "GET /error/kr/error.jsp HTTP/1.1" 500 3570
80.82.70.187 - - [17/Nov/2019:03:05:49 +0900] "GET /error/kr/error.jsp HTTP/1.1" 500 3570
66.249.64.212 - - [17/Nov/2019:03:05:59 +0900] "GET /error/kr/error.jsp HTTP/1.1" 500 3570
66.249.64.210 - - [17/Nov/2019:03:11:49 +0900] "GET /error/kr/error.jsp HTTP/1.1" 500 3570
91.123.204.139 - - [17/Nov/2019:03:15:36 +0900] "GET /index.jsp HTTP/1.0" 302 -
193.111.62.163 - - [17/Nov/2019:03:17:27 +0900] "GET /home/news/news/list.do HTTP/1.1" 200 7091
167.99.237.173 - - [17/Nov/2019:03:18:28 +0900] "GET /error/kr/error.jsp HTTP/1.1" 500 3570
167.99.237.173 - - [17/Nov/2019:03:18:29 +0900] "GET /error/kr/error.jsp HTTP/1.1" 500 3570
167.99.237.173 - - [17/Nov/2019:03:18:29 +0900] "GET /error/kr/error.jsp HTTP/1.1" 500 3570
167.99.237.173 - - [17/Nov/2019:03:18:29 +0900] "GET /error/kr/error.jsp HTTP/1.1" 500 3570
167.99.237.173 - - [17/Nov/2019:03:18:30 +0900] "GET /error/kr/error.jsp HTTP/1.1" 500 3570
167.99.237.173 - - [17/Nov/2019:03:18:30 +0900] "GET /error/kr/error.jsp HTTP/1.1" 500 3570
167.99.237.173 - - [17/Nov/2019:03:18:31 +0900] "GET /error/kr/error.jsp HTTP/1.1" 500 3570
167.99.237.173 - - [17/Nov/2019:03:18:31 +0900] "GET /error/kr/error.jsp HTTP/1.1" 500 3570
167.99.237.173 - - [17/Nov/2019:03:18:31 +0900] "GET /error/kr/error.jsp HTTP/1.1" 500 3570
173.252.95.34 - - [17/Nov/2019:03:18:34 +0900] "GET /index.jsp?ko HTTP/1.1" 302 -
173.252.95.8 - - [17/Nov/2019:03:18:35 +0900] "GET /index.jsp?ko HTTP/1.1" 302 -
173.252.95.34 - - [17/Nov/2019:03:18:35 +0900] "GET /home/main/main.do HTTP/1.1" 200 12222
173.252.95.8 - - [17/Nov/2019:03:18:35 +0900] "GET /home/main/main.do HTTP/1.1" 200 12222
125.209.235.179 - - [17/Nov/2019:03:19:24 +0900] "GET /index.jsp HTTP/1.1" 302 -
125.209.235.179 - - [17/Nov/2019:03:19:24 +0900] "GET /home/main/main.do HTTP/1.1" 200 12222
66.249.64.210 - - [17/Nov/2019:03:24:10 +0900] "GET /error/kr/error.jsp HTTP/1.1" 500 3570
207.46.13.108 - - [17/Nov/2019:03:28:30 +0900] "GET /error/kr/error.jsp HTTP/1.1" 500 3570
157.55.39.175 - - [17/Nov/2019:03:28:38 +0900] "GET /error/kr/error.jsp HTTP/1.1" 500 3570
157.55.39.175 - - [17/Nov/2019:03:33:50 +0900] "GET /error/kr/error.jsp HTTP/1.1" 500 3570
207.46.13.108 - - [17/Nov/2019:03:34:42 +0900] "GET /error/kr/error.jsp HTTP/1.1" 500 3570
207.46.13.90 - - [17/Nov/2019:03:36:10 +0900] "GET /index.jsp HTTP/1.1" 302 -
157.55.39.175 - - [17/Nov/2019:03:36:22 +0900] "GET /error/kr/error.jsp HTTP/1.1" 500 3570
66.249.64.212 - - [17/Nov/2019:03:40:14 +0900] "GET /error/kr/error.jsp HTTP/1.1" 500 3570
52.91.47.206 - - [17/Nov/2019:03:40:58 +0900] "GET /error/kr/error.jsp HTTP/1.1" 500 3570
52.91.47.206 - - [17/Nov/2019:03:41:00 +0900] "GET /error/kr/error.jsp HTTP/1.1" 500 3570
207.46.13.237 - - [17/Nov/2019:03:41:37 +0900] "GET /error/kr/error.jsp HTTP/1.1" 500 3762
207.46.13.90 - - [17/Nov/2019:03:41:38 +0900] "GET /index.jsp HTTP/1.1" 302 -
45.33.66.85 - - [17/Nov/2019:03:51:57 +0900] "GET /error/kr/error.jsp HTTP/1.1" 500 3570
207.46.13.90 - - [17/Nov/2019:03:57:01 +0900] "GET /error/kr/error.jsp HTTP/1.1" 500 3570
66.249.64.212 - - [17/Nov/2019:03:57:49 +0900] "GET /error/kr/error.jsp HTTP/1.1" 500 3570
125.209.235.170 - - [17/Nov/2019:03:59:24 +0900] "GET /error/kr/error.jsp HTTP/1.1" 500 3570
5.189.134.236 - - [17/Nov/2019:04:01:09 +0900] "GET /index.jsp HTTP/1.0" 302 -
176.9.145.52 - - [17/Nov/2019:04:03:11 +0900] "GET /error/kr/error.jsp HTTP/1.1" 500 3570
34.212.220.96 - - [17/Nov/2019:04:08:11 +0900] "GET /error/kr/error.jsp HTTP/1.1" 500 3570
34.212.220.96 - - [17/Nov/2019:04:08:23 +0900] "GET /error/kr/error.jsp HTTP/1.1" 500 3570
66.249.64.92 - - [17/Nov/2019:04:11:27 +0900] "GET /error/kr/error.jsp HTTP/1.1" 500 3762
222.186.57.24 - - [17/Nov/2019:04:11:48 +0900] "GET /error/kr/error.jsp HTTP/1.1" 500 3570
222.186.57.24 - - [17/Nov/2019:04:11:49 +0900] "GET /error/kr/error.jsp HTTP/1.1" 500 3570
222.186.57.24 - - [17/Nov/2019:04:11:50 +0900] "GET /error/kr/error.jsp HTTP/1.1" 500 3570
222.186.57.24 - - [17/Nov/2019:04:11:50 +0900] "GET /ksxpkindeditor/jsp/upload_json.jsp HTTP/1.1" 404 3570
222.186.57.24 - - [17/Nov/2019:04:11:50 +0900] "GET /kindeditor/jsp/upload_json.jsp HTTP/1.1" 404 3570
222.186.57.24 - - [17/Nov/2019:04:11:50 +0900] "GET /kindeditor/jsp/upload_json.jsp HTTP/1.1" 404 3570
222.186.57.24 - - [17/Nov/2019:04:11:50 +0900] "GET /error/kr/error.jsp HTTP/1.1" 500 3570
222.186.57.24 - - [17/Nov/2019:04:11:50 +0900] "GET /error/kr/error.jsp HTTP/1.1" 500 3570
222.186.57.24 - - [17/Nov/2019:04:11:51 +0900] "GET /error/kr/error.jsp HTTP/1.1" 500 3570
222.186.57.24 - - [17/Nov/2019:04:11:51 +0900] "GET /iaveeditor/jsp/upload_json.jsp HTTP/1.1" 404 3570
222.186.57.24 - - [17/Nov/2019:04:11:51 +0900] "GET /editor/jsp/upload_json.jsp HTTP/1.1" 404 3570
222.186.57.24 - - [17/Nov/2019:04:11:51 +0900] "GET /editor/jsp/upload_json.jsp HTTP/1.1" 404 3570
46.101.171.183 - - [17/Nov/2019:04:14:58 +0900] "GET /index.jsp HTTP/1.0" 302 -
66.249.64.212 - - [17/Nov/2019:04:21:10 +0900] "GET /error/kr/error.jsp HTTP/1.1" 500 3570
157.55.39.175 - - [17/Nov/2019:04:21:36 +0900] "GET /error/kr/error.jsp HTTP/1.1" 500 3570
193.111.62.163 - - [17/Nov/2019:04:24:41 +0900] "GET /home/news/news/list.do HTTP/1.1" 200 7091
66.249.64.92 - - [17/Nov/2019:04:37:58 +0900] "GET /error/kr/error.jsp HTTP/1.1" 500 3762
66.249.64.92 - - [17/Nov/2019:04:54:02 +0900] "GET /error/kr/error.jsp HTTP/1.1" 500 3762
173.249.16.234 - - [17/Nov/2019:04:56:54 +0900] "GET /index.jsp HTTP/1.0" 302 -
119.207.72.66 - - [17/Nov/2019:04:57:20 +0900] "GET /home/watwedo/overview.do HTTP/1.1" 200 6147
193.111.62.163 - - [17/Nov/2019:05:16:38 +0900] "GET /home/news/news/list.do HTTP/1.1" 200 7091
119.207.72.158 - - [17/Nov/2019:05:20:15 +0900] "GET /home/meetourpartners/all.do HTTP/1.1" 200 101569
54.148.73.162 - - [17/Nov/2019:05:20:52 +0900] "GET /error/kr/error.jsp HTTP/1.1" 500 3570
54.148.73.162 - - [17/Nov/2019:05:20:52 +0900] "GET /error/kr/error.jsp HTTP/1.1" 500 3570
54.148.73.162 - - [17/Nov/2019:05:20:52 +0900] "GET /index.jsp HTTP/1.1" 302 -
54.148.73.162 - - [17/Nov/2019:05:20:52 +0900] "GET /home/main/main.do HTTP/1.1" 200 12222
54.148.73.162 - - [17/Nov/2019:05:20:52 +0900] "GET /home/about/about.do HTTP/1.1" 200 14216
54.148.73.162 - - [17/Nov/2019:05:20:52 +0900] "GET /home/whoweare/korea.do HTTP/1.1" 200 31387
54.148.73.162 - - [17/Nov/2019:05:20:52 +0900] "GET /home/contact/contact.do HTTP/1.1" 200 5224
66.249.64.92 - - [17/Nov/2019:05:21:37 +0900] "GET /error/kr/error.jsp HTTP/1.1" 500 3762
222.104.187.95 - - [17/Nov/2019:05:34:58 +0900] "GET /index.jsp HTTP/1.1" 302 -
222.104.187.95 - - [17/Nov/2019:05:34:58 +0900] "GET /home/main/main.do HTTP/1.1" 200 12222
222.104.187.95 - - [17/Nov/2019:05:35:16 +0900] "GET /home/meetourpartners/all.do HTTP/1.1" 200 101569
222.104.187.95 - - [17/Nov/2019:05:35:26 +0900] "GET /home/whoweare/korea.do HTTP/1.1" 200 31387
222.104.187.95 - - [17/Nov/2019:05:35:37 +0900] "GET /home/news/news/list.do HTTP/1.1" 200 7091
222.104.187.95 - - [17/Nov/2019:05:35:39 +0900] "GET /home/whoweare/korea.do HTTP/1.1" 200 31387
222.104.187.95 - - [17/Nov/2019:05:35:41 +0900] "GET /home/watwedo/overview.do HTTP/1.1" 200 6147
222.104.187.95 - - [17/Nov/2019:05:35:49 +0900] "GET /home/main/main.do HTTP/1.1" 200 12222
222.104.187.95 - - [17/Nov/2019:05:35:56 +0900] "GET /home/contact/contact.do HTTP/1.1" 200 5224
222.104.187.95 - - [17/Nov/2019:05:35:57 +0900] "GET /home/meetourpartners/all.do HTTP/1.1" 200 101569
222.104.187.95 - - [17/Nov/2019:05:36:24 +0900] "GET /home/contact/contact.do HTTP/1.1" 200 5224
66.249.64.212 - - [17/Nov/2019:05:38:17 +0900] "GET /error/kr/error.jsp HTTP/1.1" 500 3570
178.128.184.16 - - [17/Nov/2019:05:45:34 +0900] "GET /error/kr/error.jsp HTTP/1.1" 500 3570
178.128.184.16 - - [17/Nov/2019:05:45:34 +0900] "GET /error/kr/error.jsp HTTP/1.1" 500 3570
178.128.184.16 - - [17/Nov/2019:05:45:34 +0900] "GET /error/kr/error.jsp HTTP/1.1" 500 3570
178.128.184.16 - - [17/Nov/2019:05:45:35 +0900] "GET /error/kr/error.jsp HTTP/1.1" 500 3570
178.128.184.16 - - [17/Nov/2019:05:45:35 +0900] "GET /error/kr/error.jsp HTTP/1.1" 500 3570
178.128.184.16 - - [17/Nov/2019:05:45:35 +0900] "GET /error/kr/error.jsp HTTP/1.1" 500 3570
66.249.64.90 - - [17/Nov/2019:05:47:00 +0900] "GET /error/kr/error.jsp HTTP/1.1" 500 3762
40.77.167.41 - - [17/Nov/2019:05:58:05 +0900] "GET /error/kr/error.jsp HTTP/1.1" 500 3570
125.209.235.173 - - [17/Nov/2019:05:59:24 +0900] "GET /error/kr/error.jsp HTTP/1.1" 500 3570
193.111.62.163 - - [17/Nov/2019:06:22:45 +0900] "GET /home/news/news/list.do HTTP/1.1" 200 7091
207.46.13.108 - - [17/Nov/2019:06:22:55 +0900] "GET /home/en/contact/contact.do HTTP/1.1" 200 5187
163.172.190.160 - - [17/Nov/2019:06:25:18 +0900] "GET /index.jsp HTTP/1.1" 302 -
163.172.190.160 - - [17/Nov/2019:06:25:18 +0900] "GET /error/kr/error.jsp HTTP/1.1" 500 3762
163.172.190.160 - - [17/Nov/2019:06:25:19 +0900] "GET /error/kr/error.jsp HTTP/1.1" 500 3762
163.172.190.160 - - [17/Nov/2019:06:25:19 +0900] "GET /index.jsp HTTP/1.1" 302 -
163.172.190.160 - - [17/Nov/2019:06:25:20 +0900] "GET /error/kr/error.jsp HTTP/1.1" 500 3762
163.172.190.160 - - [17/Nov/2019:06:25:20 +0900] "GET /error/kr/error.jsp HTTP/1.1" 500 3762
163.172.190.160 - - [17/Nov/2019:06:25:21 +0900] "GET /error/kr/error.jsp HTTP/1.1" 500 3762
163.172.190.160 - - [17/Nov/2019:06:25:22 +0900] "GET /error/kr/error.jsp HTTP/1.1" 500 3762
163.172.190.160 - - [17/Nov/2019:06:25:23 +0900] "GET /error/kr/error.jsp HTTP/1.1" 500 3762
163.172.190.160 - - [17/Nov/2019:06:25:23 +0900] "GET /error/kr/error.jsp HTTP/1.1" 500 3762
163.172.190.160 - - [17/Nov/2019:06:25:24 +0900] "GET /error/kr/error.jsp HTTP/1.1" 500 3762
163.172.190.160 - - [17/Nov/2019:06:25:25 +0900] "GET /error/kr/error.jsp HTTP/1.1" 500 3762
163.172.190.160 - - [17/Nov/2019:06:25:25 +0900] "GET /error/kr/error.jsp HTTP/1.1" 500 3762
163.172.190.160 - - [17/Nov/2019:06:25:26 +0900] "GET /error/kr/error.jsp HTTP/1.1" 500 3762
163.172.190.160 - - [17/Nov/2019:06:25:27 +0900] "GET /error/kr/error.jsp HTTP/1.1" 500 3762
163.172.190.160 - - [17/Nov/2019:06:25:28 +0900] "GET /error/kr/error.jsp HTTP/1.1" 500 3762
163.172.190.160 - - [17/Nov/2019:06:25:28 +0900] "GET /error/kr/error.jsp HTTP/1.1" 500 3762
163.172.190.160 - - [17/Nov/2019:06:25:29 +0900] "GET /error/kr/error.jsp HTTP/1.1" 500 3762
163.172.190.160 - - [17/Nov/2019:06:25:30 +0900] "GET /error/kr/error.jsp HTTP/1.1" 500 3762
163.172.190.160 - - [17/Nov/2019:06:25:30 +0900] "GET /error/kr/error.jsp HTTP/1.1" 500 3762
157.55.39.233 - - [17/Nov/2019:06:26:12 +0900] "GET /error/kr/error.jsp HTTP/1.1" 500 3570
157.55.39.233 - - [17/Nov/2019:06:26:13 +0900] "GET /error/kr/error.jsp HTTP/1.1" 500 3570
80.255.7.98 - - [17/Nov/2019:06:26:14 +0900] "GET /error/kr/error.jsp HTTP/1.1" 500 3570
38.99.62.91 - - [17/Nov/2019:06:28:42 +0900] "GET /home/meetourpartners/domestic.do HTTP/1.1" 200 73451
40.77.167.41 - - [17/Nov/2019:06:29:10 +0900] "GET /error/kr/error.jsp HTTP/1.1" 500 3570
66.249.64.212 - - [17/Nov/2019:06:34:14 +0900] "GET /error/kr/error.jsp HTTP/1.1" 500 3570
66.249.64.94 - - [17/Nov/2019:06:46:13 +0900] "GET /error/kr/error.jsp HTTP/1.1" 500 3762
38.99.62.91 - - [17/Nov/2019:06:46:23 +0900] "GET /home/news/news/list.do HTTP/1.1" 200 7091
38.99.62.91 - - [17/Nov/2019:06:47:02 +0900] "GET /home/contact/contact.do HTTP/1.1" 200 5224
38.99.62.91 - - [17/Nov/2019:06:47:43 +0900] "GET /home/about/about.do HTTP/1.1" 200 14216
38.99.62.91 - - [17/Nov/2019:06:48:23 +0900] "GET /home/news/news/view.do?num=1 HTTP/1.1" 200 8971
38.99.62.91 - - [17/Nov/2019:06:49:02 +0900] "GET /home/news/news/view.do?num=3 HTTP/1.1" 200 5573
38.99.62.91 - - [17/Nov/2019:06:49:28 +0900] "GET /home/news/news/view.do?num=2 HTTP/1.1" 200 6974
38.99.62.91 - - [17/Nov/2019:06:50:08 +0900] "GET /home/en/meetourpartners/all.do HTTP/1.1" 200 95227
38.99.62.91 - - [17/Nov/2019:06:50:47 +0900] "GET /home/main/main.do HTTP/1.1" 200 12222
38.99.62.91 - - [17/Nov/2019:06:51:53 +0900] "GET /home/watwedo/philosophy.do HTTP/1.1" 200 7162
38.99.62.91 - - [17/Nov/2019:06:53:36 +0900] "GET /home/main/main.do HTTP/1.1" 200 12222
87.200.50.33 - - [17/Nov/2019:06:53:59 +0900] "GET /index.jsp HTTP/1.1" 302 -
87.200.50.33 - - [17/Nov/2019:06:53:59 +0900] "GET /home/en/main/main.do HTTP/1.1" 200 11080
159.203.42.143 - - [17/Nov/2019:06:54:00 +0900] "GET /index.jsp HTTP/1.1" 302 -
38.99.62.91 - - [17/Nov/2019:06:54:16 +0900] "GET /home/news/news/view.do?page=&num=2 HTTP/1.1" 200 6974
87.200.50.33 - - [17/Nov/2019:06:54:18 +0900] "GET /home/en/whoweare/korea.do HTTP/1.1" 200 31310
107.170.96.6 - - [17/Nov/2019:06:54:19 +0900] "GET /home/en/whoweare/korea.do HTTP/1.1" 200 31310
87.200.50.33 - - [17/Nov/2019:06:54:27 +0900] "GET /home/en/whoweare/korea.do HTTP/1.1" 200 31310
87.200.50.33 - - [17/Nov/2019:06:54:28 +0900] "GET /home/en/watwedo/overview.do HTTP/1.1" 200 6156
138.197.202.197 - - [17/Nov/2019:06:54:29 +0900] "GET /home/en/watwedo/overview.do HTTP/1.1" 200 6156
87.200.50.33 - - [17/Nov/2019:06:54:31 +0900] "GET /home/en/watwedo/overview.do HTTP/1.1" 200 6156
87.200.50.33 - - [17/Nov/2019:06:54:47 +0900] "GET /home/en/watwedo/history.do HTTP/1.1" 200 10541
159.203.81.93 - - [17/Nov/2019:06:54:48 +0900] "GET /home/en/watwedo/history.do HTTP/1.1" 200 10541
87.200.50.33 - - [17/Nov/2019:06:55:07 +0900] "GET /home/en/watwedo/philosophy.do HTTP/1.1" 200 7112
159.203.42.143 - - [17/Nov/2019:06:55:08 +0900] "GET /home/en/watwedo/philosophy.do HTTP/1.1" 200 7112
38.99.62.91 - - [17/Nov/2019:06:55:21 +0900] "GET /home/about/about.do HTTP/1.1" 200 14216
38.99.62.91 - - [17/Nov/2019:06:55:46 +0900] "GET /home/news/news/list.do?page= HTTP/1.1" 200 7091
38.99.62.91 - - [17/Nov/2019:06:56:26 +0900] "GET /home/news/news/view.do?page=1&num=1 HTTP/1.1" 200 8973
38.99.62.91 - - [17/Nov/2019:06:56:51 +0900] "GET /home/news/news/view.do?page=1&num=2 HTTP/1.1" 200 6977
40.77.167.41 - - [17/Nov/2019:06:57:02 +0900] "GET /error/kr/error.jsp HTTP/1.1" 500 3570
38.99.62.91 - - [17/Nov/2019:06:57:31 +0900] "GET /home/news/news/view.do?page=1&num=3 HTTP/1.1" 200 5576
38.99.62.91 - - [17/Nov/2019:06:57:56 +0900] "GET /home/news/news/view.do?page=1&num=4 HTTP/1.1" 200 9123
38.99.62.91 - - [17/Nov/2019:06:58:36 +0900] "GET /home/news/news/view.do?page=1&num=5 HTTP/1.1" 200 9112
38.99.62.91 - - [17/Nov/2019:06:59:15 +0900] "GET /home/news/news/view.do?page=1&num=6 HTTP/1.1" 200 9121
38.99.62.91 - - [17/Nov/2019:06:59:41 +0900] "GET /home/news/news/view.do?page=1&num=7 HTTP/1.1" 200 5548
47.102.99.76 - - [17/Nov/2019:07:00:08 +0900] "GET /index.jsp HTTP/1.1" 302 -
38.99.62.91 - - [17/Nov/2019:07:00:20 +0900] "GET /home/news/news/view.do?page=1&num=8 HTTP/1.1" 200 9169
38.99.62.91 - - [17/Nov/2019:07:02:04 +0900] "GET /home/news/news/view.do?page=1&num=9 HTTP/1.1" 200 9135
38.99.62.91 - - [17/Nov/2019:07:04:01 +0900] "GET /home/news/news/view.do?page=1&num=10 HTTP/1.1" 200 6756
38.99.62.91 - - [17/Nov/2019:07:05:20 +0900] "GET /home/news/news/view.do?page=1&num=11 HTTP/1.1" 200 5548
38.99.62.91 - - [17/Nov/2019:07:05:59 +0900] "GET /home/news/news/view.do?page=1&num=10 HTTP/1.1" 200 6756
157.55.39.238 - - [17/Nov/2019:07:06:37 +0900] "GET /error/kr/error.jsp HTTP/1.1" 500 3570
38.99.62.91 - - [17/Nov/2019:07:06:39 +0900] "GET /home/news/news/view.do?page=1&num=11 HTTP/1.1" 200 5548
38.99.62.91 - - [17/Nov/2019:07:07:18 +0900] "GET /home/news/news/view.do?page=1&num=12 HTTP/1.1" 200 9083
23.237.4.26 - - [17/Nov/2019:07:07:48 +0900] "GET /index.jsp HTTP/1.1" 302 -
23.237.4.26 - - [17/Nov/2019:07:07:49 +0900] "GET /home/main/main.do HTTP/1.1" 200 12222
23.237.4.26 - - [17/Nov/2019:07:07:49 +0900] "GET /home/en/main/main.do HTTP/1.1" 200 11080
23.237.4.26 - - [17/Nov/2019:07:07:50 +0900] "GET /home/watwedo/overview.do HTTP/1.1" 200 6147
23.237.4.26 - - [17/Nov/2019:07:07:50 +0900] "GET /home/whoweare/korea.do HTTP/1.1" 200 31387
23.237.4.26 - - [17/Nov/2019:07:07:51 +0900] "GET /home/meetourpartners/all.do HTTP/1.1" 200 101569
23.237.4.26 - - [17/Nov/2019:07:07:52 +0900] "GET /home/news/news/list.do HTTP/1.1" 200 7091
23.237.4.26 - - [17/Nov/2019:07:07:52 +0900] "GET /home/contact/contact.do HTTP/1.1" 200 5224
23.237.4.26 - - [17/Nov/2019:07:07:52 +0900] "GET /home/about/about.do HTTP/1.1" 200 14216
23.237.4.26 - - [17/Nov/2019:07:07:53 +0900] "GET /home/news/news/view.do?num=1 HTTP/1.1" 200 8971
23.237.4.26 - - [17/Nov/2019:07:07:53 +0900] "GET /home/news/news/view.do?num=2 HTTP/1.1" 200 6974
23.237.4.26 - - [17/Nov/2019:07:07:53 +0900] "GET /home/news/news/view.do?num=3 HTTP/1.1" 200 5573
23.237.4.26 - - [17/Nov/2019:07:07:54 +0900] "GET /home/watwedo/philosophy.do HTTP/1.1" 200 7162
23.237.4.26 - - [17/Nov/2019:07:07:54 +0900] "GET /home/main/main.do HTTP/1.1" 200 12222
23.237.4.26 - - [17/Nov/2019:07:07:55 +0900] "GET /home/en/watwedo/overview.do HTTP/1.1" 200 6156
23.237.4.26 - - [17/Nov/2019:07:07:55 +0900] "GET /home/en/whoweare/korea.do HTTP/1.1" 200 31310
23.237.4.26 - - [17/Nov/2019:07:07:55 +0900] "GET /home/en/meetourpartners/all.do HTTP/1.1" 200 95227
23.237.4.26 - - [17/Nov/2019:07:07:56 +0900] "GET /home/en/contact/contact.do HTTP/1.1" 200 5187
23.237.4.26 - - [17/Nov/2019:07:07:56 +0900] "GET /home/en/about/about.do HTTP/1.1" 200 14811
23.237.4.26 - - [17/Nov/2019:07:07:57 +0900] "GET /home/en/watwedo/philosophy.do HTTP/1.1" 200 7112
23.237.4.26 - - [17/Nov/2019:07:07:57 +0900] "GET /home/en/main/main.do HTTP/1.1" 200 11080
23.237.4.26 - - [17/Nov/2019:07:07:58 +0900] "GET /home/watwedo/history.do HTTP/1.1" 200 10614
23.237.4.26 - - [17/Nov/2019:07:07:58 +0900] "GET /home/whoweare/china.do HTTP/1.1" 200 10340
38.99.62.91 - - [17/Nov/2019:07:07:58 +0900] "GET /home/news/news/view.do?page=1&num=11 HTTP/1.1" 200 5548
23.237.4.26 - - [17/Nov/2019:07:07:58 +0900] "GET /home/meetourpartners/domestic.do HTTP/1.1" 200 73451
23.237.4.26 - - [17/Nov/2019:07:07:59 +0900] "GET /home/meetourpartners/overseas.do HTTP/1.1" 200 32620
23.237.4.26 - - [17/Nov/2019:07:07:59 +0900] "GET /home/news/news/view.do?page=1&num=1 HTTP/1.1" 200 8973
23.237.4.26 - - [17/Nov/2019:07:08:00 +0900] "GET /home/news/news/view.do?page=1&num=2 HTTP/1.1" 200 6977
23.237.4.26 - - [17/Nov/2019:07:08:00 +0900] "GET /home/news/news/view.do?page=1&num=3 HTTP/1.1" 200 5576
23.237.4.26 - - [17/Nov/2019:07:08:01 +0900] "GET /home/news/news/view.do?page=1&num=4 HTTP/1.1" 200 9123
23.237.4.26 - - [17/Nov/2019:07:08:01 +0900] "GET /home/news/news/view.do?page=1&num=5 HTTP/1.1" 200 9112
23.237.4.26 - - [17/Nov/2019:07:08:01 +0900] "GET /home/news/news/view.do?page=1&num=6 HTTP/1.1" 200 9121
23.237.4.26 - - [17/Nov/2019:07:08:02 +0900] "GET /home/news/news/view.do?page=1&num=7 HTTP/1.1" 200 5548
23.237.4.26 - - [17/Nov/2019:07:08:02 +0900] "GET /home/news/news/view.do?page=1&num=8 HTTP/1.1" 200 9169
23.237.4.26 - - [17/Nov/2019:07:08:03 +0900] "GET /home/news/news/view.do?page=1&num=9 HTTP/1.1" 200 9135
23.237.4.26 - - [17/Nov/2019:07:08:03 +0900] "GET /home/news/news/view.do?page=1&num=10 HTTP/1.1" 200 6756
23.237.4.26 - - [17/Nov/2019:07:08:03 +0900] "GET /home/news/news/list.do?page=1 HTTP/1.1" 200 7091
23.237.4.26 - - [17/Nov/2019:07:08:04 +0900] "GET /home/news/news/list.do?page=2 HTTP/1.1" 200 6849
23.237.4.26 - - [17/Nov/2019:07:08:04 +0900] "GET /home/news/news/view.do?page=&num=2 HTTP/1.1" 200 6974
23.237.4.26 - - [17/Nov/2019:07:08:05 +0900] "GET /home/news/news/list.do?page= HTTP/1.1" 200 7091
23.237.4.26 - - [17/Nov/2019:07:08:05 +0900] "GET /home/news/news/view.do?page=&num=3 HTTP/1.1" 200 5573
23.237.4.26 - - [17/Nov/2019:07:08:05 +0900] "GET /home/news/news/view.do?page=&num=1 HTTP/1.1" 200 8971
23.237.4.26 - - [17/Nov/2019:07:08:06 +0900] "GET /home/news/news/view.do?page=&num=4 HTTP/1.1" 200 9120
23.237.4.26 - - [17/Nov/2019:07:08:06 +0900] "GET /error/kr/error.jsp HTTP/1.1" 500 3570
23.237.4.26 - - [17/Nov/2019:07:08:07 +0900] "GET /home/en/watwedo/history.do HTTP/1.1" 200 10541
23.237.4.26 - - [17/Nov/2019:07:08:07 +0900] "GET /home/en/whoweare/china.do HTTP/1.1" 200 10353
23.237.4.26 - - [17/Nov/2019:07:08:08 +0900] "GET /home/en/meetourpartners/domestic.do HTTP/1.1" 200 69240
23.237.4.26 - - [17/Nov/2019:07:08:08 +0900] "GET /home/en/meetourpartners/overseas.do HTTP/1.1" 200 31428
23.237.4.26 - - [17/Nov/2019:07:08:09 +0900] "GET /home/news/news/view.do?page=1&num=11 HTTP/1.1" 200 5548
23.237.4.26 - - [17/Nov/2019:07:08:09 +0900] "GET /home/news/news/view.do?page=2&num=11 HTTP/1.1" 200 5548
23.237.4.26 - - [17/Nov/2019:07:08:10 +0900] "GET /home/news/news/view.do?page=2&num=12 HTTP/1.1" 200 9083
23.237.4.26 - - [17/Nov/2019:07:08:10 +0900] "GET /home/news/news/view.do?page=2&num=13 HTTP/1.1" 200 9159
23.237.4.26 - - [17/Nov/2019:07:08:10 +0900] "GET /home/news/news/view.do?page=2&num=14 HTTP/1.1" 200 6736
23.237.4.26 - - [17/Nov/2019:07:08:11 +0900] "GET /home/news/news/view.do?page=2&num=15 HTTP/1.1" 200 9181
23.237.4.26 - - [17/Nov/2019:07:08:11 +0900] "GET /home/news/news/view.do?page=2&num=16 HTTP/1.1" 200 5666
23.237.4.26 - - [17/Nov/2019:07:08:12 +0900] "GET /home/news/news/view.do?page=2&num=17 HTTP/1.1" 200 5761
23.237.4.26 - - [17/Nov/2019:07:08:12 +0900] "GET /home/news/news/view.do?page=2&num=18 HTTP/1.1" 200 9137
23.237.4.26 - - [17/Nov/2019:07:08:13 +0900] "GET /home/news/news/view.do?page=2&num=19 HTTP/1.1" 200 6164
23.237.4.26 - - [17/Nov/2019:07:08:13 +0900] "GET /home/news/news/view.do?page=&num=5 HTTP/1.1" 200 9109
40.77.167.41 - - [17/Nov/2019:07:08:13 +0900] "GET /error/kr/error.jsp HTTP/1.1" 500 3570
23.237.4.26 - - [17/Nov/2019:07:08:14 +0900] "GET /home/news/news/view.do?page=1&num=12 HTTP/1.1" 200 9083
23.237.4.26 - - [17/Nov/2019:07:08:14 +0900] "GET /home/news/news/view.do?page=2&num=10 HTTP/1.1" 200 6756
23.237.4.26 - - [17/Nov/2019:07:08:15 +0900] "GET /home/news/news/view.do?page=&num=6 HTTP/1.1" 200 9118
23.237.4.26 - - [17/Nov/2019:07:08:16 +0900] "GET /home/news/news/view.do?page=1&num=13 HTTP/1.1" 200 9159
23.237.4.26 - - [17/Nov/2019:07:08:16 +0900] "GET /home/news/news/view.do?page=2&num=9 HTTP/1.1" 200 9135
23.237.4.26 - - [17/Nov/2019:07:08:17 +0900] "GET /home/news/news/view.do?page=&num=7 HTTP/1.1" 200 5545
23.237.4.26 - - [17/Nov/2019:07:08:17 +0900] "GET /home/news/news/view.do?page=1&num=14 HTTP/1.1" 200 6736
38.99.62.91 - - [17/Nov/2019:07:08:38 +0900] "GET /home/en/meetourpartners/all.do HTTP/1.1" 200 95227
38.99.62.91 - - [17/Nov/2019:07:09:17 +0900] "GET /home/news/news/view.do?page=1&num=12 HTTP/1.1" 200 9083
38.99.62.91 - - [17/Nov/2019:07:09:57 +0900] "GET /home/news/news/view.do?page=1&num=13 HTTP/1.1" 200 9159
38.99.62.91 - - [17/Nov/2019:07:10:37 +0900] "GET /home/news/news/view.do?page=1&num=12 HTTP/1.1" 200 9083
38.99.62.91 - - [17/Nov/2019:07:11:16 +0900] "GET /home/news/news/view.do?page=1&num=13 HTTP/1.1" 200 9159
38.99.62.91 - - [17/Nov/2019:07:11:56 +0900] "GET /home/news/news/view.do?page=1&num=14 HTTP/1.1" 200 6736
38.99.62.91 - - [17/Nov/2019:07:12:35 +0900] "GET /home/news/news/view.do?page=1&num=13 HTTP/1.1" 200 9159
38.99.62.91 - - [17/Nov/2019:07:13:15 +0900] "GET /home/news/news/view.do?page=1&num=14 HTTP/1.1" 200 6736
38.99.62.91 - - [17/Nov/2019:07:13:54 +0900] "GET /home/news/news/view.do?page=1&num=15 HTTP/1.1" 200 9181
38.99.62.91 - - [17/Nov/2019:07:14:34 +0900] "GET /home/news/news/view.do?page=1&num=14 HTTP/1.1" 200 6736
38.99.62.91 - - [17/Nov/2019:07:14:59 +0900] "GET /home/news/news/view.do?page=1&num=15 HTTP/1.1" 200 9181
38.99.62.91 - - [17/Nov/2019:07:15:39 +0900] "GET /home/news/news/view.do?page=1&num=16 HTTP/1.1" 200 5666
38.99.62.91 - - [17/Nov/2019:07:16:18 +0900] "GET /home/news/news/view.do?page=1&num=15 HTTP/1.1" 200 9181
193.111.62.163 - - [17/Nov/2019:07:16:44 +0900] "GET /home/news/news/list.do HTTP/1.1" 200 7091
38.99.62.91 - - [17/Nov/2019:07:16:58 +0900] "GET /home/news/news/view.do?page=1&num=16 HTTP/1.1" 200 5666
38.99.62.91 - - [17/Nov/2019:07:17:37 +0900] "GET /home/news/news/view.do?page=1&num=17 HTTP/1.1" 200 5761
157.55.39.238 - - [17/Nov/2019:07:17:50 +0900] "GET /error/kr/error.jsp HTTP/1.1" 500 3570
38.99.62.91 - - [17/Nov/2019:07:18:16 +0900] "GET /home/news/news/view.do?page=1&num=16 HTTP/1.1" 200 5666
38.99.62.91 - - [17/Nov/2019:07:18:56 +0900] "GET /home/news/news/view.do?page=1&num=17 HTTP/1.1" 200 5761
38.99.62.91 - - [17/Nov/2019:07:19:35 +0900] "GET /home/news/news/view.do?page=1&num=18 HTTP/1.1" 200 9137
177.84.41.10 - - [17/Nov/2019:07:19:47 +0900] "GET /index.jsp HTTP/1.1" 302 -
42.236.10.74 - - [17/Nov/2019:07:20:35 +0900] "GET /index.jsp HTTP/1.1" 302 -
42.236.10.74 - - [17/Nov/2019:07:20:35 +0900] "GET /home/en/main/main.do HTTP/1.1" 200 11080
38.99.62.91 - - [17/Nov/2019:07:20:54 +0900] "GET /home/news/news/view.do?page=1&num=19 HTTP/1.1" 200 6164
42.236.99.166 - - [17/Nov/2019:07:21:05 +0900] "GET /index.jsp HTTP/1.1" 302 -
42.236.99.166 - - [17/Nov/2019:07:21:05 +0900] "GET /home/en/main/main.do HTTP/1.1" 200 11080
66.249.64.90 - - [17/Nov/2019:07:21:08 +0900] "GET /error/kr/error.jsp HTTP/1.1" 500 3762
38.99.62.91 - - [17/Nov/2019:07:21:34 +0900] "GET /home/meetourpartners/all.do HTTP/1.1" 200 101569
38.99.62.91 - - [17/Nov/2019:07:22:13 +0900] "GET /home/news/news/view.do?page=1&num=18 HTTP/1.1" 200 9137
38.99.62.91 - - [17/Nov/2019:07:22:53 +0900] "GET /home/news/news/view.do?page=1&num=19 HTTP/1.1" 200 6164
38.99.62.91 - - [17/Nov/2019:07:24:11 +0900] "GET /home/news/news/view.do?page=1&num=17 HTTP/1.1" 200 5761
38.99.62.91 - - [17/Nov/2019:07:24:51 +0900] "GET /home/news/news/list.do?page=1 HTTP/1.1" 200 7091
66.249.64.214 - - [17/Nov/2019:07:25:37 +0900] "GET /error/kr/error.jsp HTTP/1.1" 500 3570
38.99.62.91 - - [17/Nov/2019:07:26:09 +0900] "GET /home/en/meetourpartners/all.do HTTP/1.1" 200 95227
38.99.62.91 - - [17/Nov/2019:07:26:49 +0900] "GET /home/meetourpartners/all.do HTTP/1.1" 200 101569
38.99.62.91 - - [17/Nov/2019:07:27:28 +0900] "GET /home/news/news/list.do?page=1 HTTP/1.1" 200 7091
38.99.62.91 - - [17/Nov/2019:07:28:08 +0900] "GET /home/news/news/list.do?page=2 HTTP/1.1" 200 6849
38.99.62.91 - - [17/Nov/2019:07:28:47 +0900] "GET /home/news/news/list.do?page= HTTP/1.1" 200 7091
34.199.176.251 - - [17/Nov/2019:07:32:55 +0900] "GET /index.jsp HTTP/1.1" 302 -
34.199.176.251 - - [17/Nov/2019:07:32:55 +0900] "GET /home/main/main.do HTTP/1.1" 200 12222
157.55.39.90 - - [17/Nov/2019:07:35:37 +0900] "GET /error/kr/error.jsp HTTP/1.1" 500 3570
157.55.39.90 - - [17/Nov/2019:07:36:36 +0900] "GET /error/kr/error.jsp HTTP/1.1" 500 3570
67.78.189.20 - - [17/Nov/2019:07:38:58 +0900] "GET /error/kr/error.jsp HTTP/1.1" 500 3570
157.55.39.238 - - [17/Nov/2019:07:49:24 +0900] "GET /error/kr/error.jsp HTTP/1.1" 500 3570
207.46.13.95 - - [17/Nov/2019:07:49:56 +0900] "GET /error/kr/error.jsp HTTP/1.1" 500 3570
207.46.13.191 - - [17/Nov/2019:07:52:02 +0900] "GET /error/kr/error.jsp HTTP/1.1" 500 3570
125.209.235.175 - - [17/Nov/2019:07:59:24 +0900] "GET /error/kr/error.jsp HTTP/1.1" 500 3570
121.254.147.237 - - [17/Nov/2019:08:00:15 +0900] "GET /index.jsp HTTP/1.1" 302 -
121.254.147.237 - - [17/Nov/2019:08:00:15 +0900] "GET /home/en/main/main.do HTTP/1.1" 200 11080
34.216.175.253 - - [17/Nov/2019:08:03:23 +0900] "GET /index.jsp HTTP/1.1" 302 -
34.216.175.253 - - [17/Nov/2019:08:03:23 +0900] "GET /home/main/main.do HTTP/1.1" 200 12222
34.216.175.253 - - [17/Nov/2019:08:03:24 +0900] "GET /home/watwedo/overview.do HTTP/1.1" 200 6147
34.216.175.253 - - [17/Nov/2019:08:03:24 +0900] "GET /home/meetourpartners/all.do HTTP/1.1" 200 101569
34.216.175.253 - - [17/Nov/2019:08:03:24 +0900] "GET /home/about/about.do HTTP/1.1" 200 14216
34.216.175.253 - - [17/Nov/2019:08:03:24 +0900] "GET /home/watwedo/philosophy.do HTTP/1.1" 200 7162
34.216.175.253 - - [17/Nov/2019:08:03:24 +0900] "GET /home/en/main/main.do HTTP/1.1" 200 11080
34.216.175.253 - - [17/Nov/2019:08:03:24 +0900] "GET /home/whoweare/korea.do HTTP/1.1" 200 31387
120.92.89.90 - - [17/Nov/2019:08:12:13 +0900] "GET /error/kr/error.jsp HTTP/1.1" 500 3570
207.46.13.95 - - [17/Nov/2019:08:15:44 +0900] "GET /home/news/news/view.do?page=2&num=13 HTTP/1.1" 200 9159
157.55.39.90 - - [17/Nov/2019:08:15:50 +0900] "GET /error/kr/error.jsp HTTP/1.1" 500 3570
157.55.39.90 - - [17/Nov/2019:08:15:50 +0900] "GET /error/kr/error.jsp HTTP/1.1" 500 3570
193.111.62.163 - - [17/Nov/2019:08:18:00 +0900] "GET /home/news/news/list.do HTTP/1.1" 200 7091
49.69.117.66 - - [17/Nov/2019:08:29:27 +0900] "GET /home/en/main/main.do HTTP/1.1" 200 11080
23.226.211.100 - - [17/Nov/2019:08:31:55 +0900] "GET /index.jsp HTTP/1.1" 302 -
23.226.211.100 - - [17/Nov/2019:08:31:55 +0900] "GET /home/en/main/main.do HTTP/1.1" 200 11080
139.129.98.166 - - [17/Nov/2019:08:34:30 +0900] "GET /error/kr/error.jsp HTTP/1.1" 500 3570
45.143.221.13 - - [17/Nov/2019:08:40:53 +0900] "GET /index.jsp HTTP/1.1" 302 -
45.143.221.13 - - [17/Nov/2019:08:40:53 +0900] "GET /home/main/main.do HTTP/1.1" 200 12222
45.33.66.85 - - [17/Nov/2019:08:41:51 +0900] "GET /error/kr/error.jsp HTTP/1.1" 500 3570
66.249.70.26 - - [17/Nov/2019:08:43:34 +0900] "GET /error/kr/error.jsp HTTP/1.1" 500 3570
35.231.92.7 - - [17/Nov/2019:08:46:17 +0900] "GET /error/kr/error.jsp HTTP/1.0" 500 3570
35.231.92.7 - - [17/Nov/2019:08:46:18 +0900] "GET /index.jsp HTTP/1.0" 302 -
35.231.92.7 - - [17/Nov/2019:08:46:18 +0900] "GET /error/kr/error.jsp HTTP/1.0" 500 3570
35.231.92.7 - - [17/Nov/2019:08:46:18 +0900] "GET /home/en/main/main.do HTTP/1.0" 200 11080
66.249.64.212 - - [17/Nov/2019:08:48:35 +0900] "GET /error/kr/error.jsp HTTP/1.1" 500 3570
207.46.13.191 - - [17/Nov/2019:08:49:02 +0900] "GET /home/en/main/main.do HTTP/1.1" 200 11080
17.58.96.119 - - [17/Nov/2019:08:50:42 +0900] "GET /error/kr/error.jsp HTTP/1.1" 500 3570
35.231.92.7 - - [17/Nov/2019:08:53:25 +0900] "GET /error/kr/error.jsp HTTP/1.0" 500 3570
35.231.92.7 - - [17/Nov/2019:08:53:25 +0900] "GET /index.jsp HTTP/1.0" 302 -
35.231.92.7 - - [17/Nov/2019:08:53:25 +0900] "GET /error/kr/error.jsp HTTP/1.0" 500 3570
35.231.92.7 - - [17/Nov/2019:08:53:26 +0900] "GET /home/en/main/main.do HTTP/1.0" 200 11080
66.249.64.212 - - [17/Nov/2019:09:09:46 +0900] "GET /error/kr/error.jsp HTTP/1.1" 500 3570
178.238.238.221 - - [17/Nov/2019:09:10:29 +0900] "GET /index.jsp HTTP/1.0" 302 -
211.244.187.221 - - [17/Nov/2019:09:10:55 +0900] "GET /filter/checker.jsp?campaignID=785&email=wsgo41@naver.com&responseEnd=2019-01-04 HTTP/1.1" 404 3570
103.101.71.22 - - [17/Nov/2019:09:11:04 +0900] "GET /index.jsp HTTP/1.1" 302 -
103.101.71.22 - - [17/Nov/2019:09:11:04 +0900] "GET /home/en/main/main.do HTTP/1.1" 200 8279
211.244.187.221 - - [17/Nov/2019:09:11:05 +0900] "GET /filter/checker.jsp?campaignID=666&email=wsgo41@naver.com&responseEnd=2018-12-30 HTTP/1.1" 404 3570
211.244.187.221 - - [17/Nov/2019:09:11:20 +0900] "GET /filter/checker.jsp?campaignID=510&email=wsgo41@naver.com&responseEnd=2018-12-18 HTTP/1.1" 404 3570
207.46.13.95 - - [17/Nov/2019:09:14:12 +0900] "GET /error/kr/error.jsp HTTP/1.1" 500 3570
207.46.13.95 - - [17/Nov/2019:09:14:17 +0900] "GET /error/kr/error.jsp HTTP/1.1" 500 3570
193.111.62.163 - - [17/Nov/2019:09:15:21 +0900] "GET /home/news/news/list.do HTTP/1.1" 200 7091
34.199.176.251 - - [17/Nov/2019:09:18:00 +0900] "GET /home/news/news/view.do?num=1 HTTP/1.1" 200 8971
34.199.176.251 - - [17/Nov/2019:09:18:01 +0900] "GET /home/news/news/view.do HTTP/1.1" 500 3570
92.27.159.31 - - [17/Nov/2019:09:23:28 +0900] "GET /index.jsp HTTP/1.0" 302 -
173.252.79.10 - - [17/Nov/2019:09:24:42 +0900] "GET /index.jsp HTTP/1.1" 302 -
66.249.64.212 - - [17/Nov/2019:09:25:49 +0900] "GET /error/kr/error.jsp HTTP/1.1" 500 3570
146.196.60.108 - - [17/Nov/2019:09:28:22 +0900] "GET /index.jsp HTTP/1.1" 302 -
138.68.247.104 - - [17/Nov/2019:09:42:03 +0900] "GET /index.jsp HTTP/1.0" 302 -
35.237.189.101 - - [17/Nov/2019:09:42:47 +0900] "GET /index.jsp HTTP/1.1" 302 -
35.237.189.101 - - [17/Nov/2019:09:42:48 +0900] "GET /home/main/main.do HTTP/1.1" 200 12222
157.55.39.90 - - [17/Nov/2019:09:43:35 +0900] "GET /home/news/news/list.do?page=1 HTTP/1.1" 200 7091
66.249.64.210 - - [17/Nov/2019:09:58:05 +0900] "GET /error/kr/error.jsp HTTP/1.1" 500 3570
125.209.235.174 - - [17/Nov/2019:09:59:24 +0900] "GET /error/kr/error.jsp HTTP/1.1" 500 3570
66.249.64.210 - - [17/Nov/2019:10:11:35 +0900] "GET /error/kr/error.jsp HTTP/1.1" 500 3570
193.111.62.163 - - [17/Nov/2019:10:18:34 +0900] "GET /home/news/news/list.do HTTP/1.1" 200 7091
120.37.11.140 - - [17/Nov/2019:10:37:06 +0900] "GET /error/kr/error.jsp HTTP/1.1" 500 3570
39.118.158.123 - - [17/Nov/2019:10:38:23 +0900] "GET /home/main/main.do HTTP/1.1" 200 12222
39.118.158.123 - - [17/Nov/2019:10:38:23 +0900] "GET /error/kr/error.jsp HTTP/1.1" 500 3570
39.118.158.123 - - [17/Nov/2019:10:38:23 +0900] "GET /error/kr/error.jsp HTTP/1.1" 500 3570
39.118.158.123 - - [17/Nov/2019:10:38:23 +0900] "GET /home/main/main.do HTTP/1.1" 302 -
39.118.158.123 - - [17/Nov/2019:10:38:23 +0900] "GET /home/main/main.do HTTP/1.1" 200 8898
35.227.18.236 - - [17/Nov/2019:10:40:17 +0900] "GET /index.jsp HTTP/1.1" 302 -
35.227.18.236 - - [17/Nov/2019:10:40:17 +0900] "GET /home/main/main.do HTTP/1.1" 200 12222
66.249.64.214 - - [17/Nov/2019:10:41:01 +0900] "GET /error/kr/error.jsp HTTP/1.1" 500 3570
39.118.158.123 - - [17/Nov/2019:10:42:15 +0900] "GET /home/main/main.do HTTP/1.1" 200 12222
39.118.158.123 - - [17/Nov/2019:10:42:16 +0900] "GET /error/kr/error.jsp HTTP/1.1" 500 3570
39.118.158.123 - - [17/Nov/2019:10:42:16 +0900] "GET /error/kr/error.jsp HTTP/1.1" 500 3570
39.118.158.123 - - [17/Nov/2019:10:42:17 +0900] "GET /home/whoweare/korea.do HTTP/1.1" 200 31387
39.118.158.123 - - [17/Nov/2019:10:45:13 +0900] "GET /home/whoweare/china.do HTTP/1.1" 200 10340
39.118.158.123 - - [17/Nov/2019:10:45:26 +0900] "GET /home/news/news/list.do HTTP/1.1" 200 7091
39.118.158.123 - - [17/Nov/2019:10:45:34 +0900] "GET /home/about/about.do HTTP/1.1" 200 14216
39.118.158.123 - - [17/Nov/2019:10:48:16 +0900] "GET /home/whoweare/korea.do HTTP/1.1" 200 31387
37.113.164.103 - - [17/Nov/2019:11:00:02 +0900] "GET /index.jsp HTTP/1.1" 302 -
40.77.167.157 - - [17/Nov/2019:11:05:57 +0900] "GET /error/kr/error.jsp HTTP/1.1" 500 3570
120.84.10.122 - - [17/Nov/2019:11:08:05 +0900] "GET /error/kr/error.jsp HTTP/1.1" 500 3570
66.249.64.210 - - [17/Nov/2019:11:10:21 +0900] "GET /error/kr/error.jsp HTTP/1.1" 500 3570
157.55.39.238 - - [17/Nov/2019:11:15:37 +0900] "GET /error/kr/error.jsp HTTP/1.1" 500 3762
66.249.64.210 - - [17/Nov/2019:11:17:59 +0900] "GET /error/kr/error.jsp HTTP/1.1" 500 3570
193.111.62.163 - - [17/Nov/2019:11:19:14 +0900] "GET /home/news/news/list.do HTTP/1.1" 200 7091
52.33.73.229 - - [17/Nov/2019:11:24:25 +0900] "GET /index.jsp HTTP/1.1" 302 -
87.250.224.215 - - [17/Nov/2019:11:26:41 +0900] "GET /error/kr/error.jsp HTTP/1.1" 500 3570
87.250.224.215 - - [17/Nov/2019:11:26:45 +0900] "GET /home/whoweare/china.do HTTP/1.1" 200 10340
157.55.39.238 - - [17/Nov/2019:11:33:52 +0900] "GET /index.jsp HTTP/1.1" 302 -
23.129.64.100 - - [17/Nov/2019:11:38:40 +0900] "HEAD /index.jsp HTTP/1.1" 302 -
109.70.100.28 - - [17/Nov/2019:11:38:44 +0900] "GET /index.jsp HTTP/1.1" 302 -
109.70.100.28 - - [17/Nov/2019:11:38:44 +0900] "GET /home/main/main.do HTTP/1.1" 200 12222
154.160.10.197 - - [17/Nov/2019:11:39:53 +0900] "GET /index.jsp HTTP/1.1" 302 -
154.160.10.197 - - [17/Nov/2019:11:39:54 +0900] "GET /home/en/main/main.do HTTP/1.1" 200 8279
103.224.167.73 - - [17/Nov/2019:11:59:21 +0900] "GET /error/kr/error.jsp HTTP/1.1" 500 3570
103.224.167.73 - - [17/Nov/2019:11:59:23 +0900] "GET /error/kr/error.jsp HTTP/1.1" 500 3570
125.209.235.185 - - [17/Nov/2019:11:59:24 +0900] "GET /error/kr/error.jsp HTTP/1.1" 500 3570
66.249.64.90 - - [17/Nov/2019:12:02:13 +0900] "GET /error/kr/error.jsp HTTP/1.1" 500 3762
180.163.220.67 - - [17/Nov/2019:12:11:49 +0900] "GET /index.jsp HTTP/1.1" 302 -
180.163.220.67 - - [17/Nov/2019:12:11:53 +0900] "GET /home/main/main.do HTTP/1.1" 302 -
180.163.220.68 - - [17/Nov/2019:12:11:55 +0900] "GET /home/main/main.do HTTP/1.1" 200 8898
180.163.220.66 - - [17/Nov/2019:12:12:10 +0900] "GET /error/kr/error.jsp HTTP/1.1" 500 3762
183.129.159.242 - - [17/Nov/2019:12:13:34 +0900] "GET /index.jsp HTTP/1.0" 302 -
60.191.20.213 - - [17/Nov/2019:12:15:32 +0900] "GET /index.jsp HTTP/1.0" 302 -
66.249.70.28 - - [17/Nov/2019:12:16:14 +0900] "GET /error/kr/error.jsp HTTP/1.1" 500 3570
193.111.62.163 - - [17/Nov/2019:12:18:43 +0900] "GET /home/news/news/list.do HTTP/1.1" 200 7091
39.99.34.179 - - [17/Nov/2019:12:19:13 +0900] "GET /error/kr/error.jsp HTTP/1.1" 500 3570
40.77.167.157 - - [17/Nov/2019:12:19:51 +0900] "GET /error/kr/error.jsp HTTP/1.1" 500 3570
153.122.81.230 - - [17/Nov/2019:12:31:27 +0900] "GET /index.jsp HTTP/1.0" 302 -
153.122.81.230 - - [17/Nov/2019:12:31:27 +0900] "GET /home/main/main.do HTTP/1.0" 200 12222
153.122.81.230 - - [17/Nov/2019:12:31:29 +0900] "HEAD /home/main/main.do HTTP/1.0" 200 -
153.122.81.230 - - [17/Nov/2019:12:31:30 +0900] "GET /home/main/main.do HTTP/1.0" 200 12222
153.122.81.230 - - [17/Nov/2019:12:31:31 +0900] "GET /error/kr/error.jsp HTTP/1.0" 500 3570
153.122.81.230 - - [17/Nov/2019:12:31:32 +0900] "GET /error/kr/error.jsp HTTP/1.0" 500 3570
66.249.64.90 - - [17/Nov/2019:12:52:54 +0900] "GET /error/kr/error.jsp HTTP/1.1" 500 3762
34.199.176.251 - - [17/Nov/2019:12:54:38 +0900] "GET /home/news/news/view.do?num=1 HTTP/1.1" 200 8971
34.199.176.251 - - [17/Nov/2019:12:54:47 +0900] "GET /home/news/news/view.do HTTP/1.1" 500 3570
188.4.105.71 - - [17/Nov/2019:13:03:27 +0900] "GET /index.jsp HTTP/1.1" 302 -
80.82.70.187 - - [17/Nov/2019:13:10:01 +0900] "GET /error/kr/error.jsp HTTP/1.1" 500 3570
207.46.13.95 - - [17/Nov/2019:13:11:58 +0900] "GET /error/kr/error.jsp HTTP/1.1" 500 3570
193.111.62.163 - - [17/Nov/2019:13:18:11 +0900] "GET /home/news/news/list.do HTTP/1.1" 200 7091
120.37.11.229 - - [17/Nov/2019:13:20:32 +0900] "GET /error/kr/error.jsp HTTP/1.1" 500 3570
159.65.187.159 - - [17/Nov/2019:13:27:57 +0900] "GET /index.jsp HTTP/1.0" 302 -
41.72.210.234 - - [17/Nov/2019:13:28:38 +0900] "GET /index.jsp HTTP/1.1" 302 -
45.33.66.85 - - [17/Nov/2019:13:31:52 +0900] "GET /error/kr/error.jsp HTTP/1.1" 500 3570
17.58.96.119 - - [17/Nov/2019:13:35:42 +0900] "GET /home/news/news/view.do?num=2 HTTP/1.1" 200 6974
35.160.131.102 - - [17/Nov/2019:13:37:06 +0900] "GET /error/kr/error.jsp HTTP/1.1" 500 3570
120.37.11.229 - - [17/Nov/2019:13:38:36 +0900] "GET /error/kr/error.jsp HTTP/1.1" 500 3570
5.196.87.173 - - [17/Nov/2019:13:39:06 +0900] "GET /error/kr/error.jsp HTTP/1.1" 500 3570
141.8.142.12 - - [17/Nov/2019:13:41:59 +0900] "GET /error/kr/error.jsp HTTP/1.1" 500 3570
141.8.142.12 - - [17/Nov/2019:13:42:03 +0900] "GET /home/en/main/main.do HTTP/1.1" 200 11080
42.236.99.51 - - [17/Nov/2019:13:42:38 +0900] "GET /error/kr/error.jsp HTTP/1.1" 500 3570
103.131.71.46 - - [17/Nov/2019:13:43:11 +0900] "GET /error/kr/error.jsp HTTP/1.1" 500 3570
103.131.71.51 - - [17/Nov/2019:13:43:14 +0900] "GET /error/kr/error.jsp HTTP/1.1" 500 3762
103.131.71.41 - - [17/Nov/2019:13:43:18 +0900] "GET /error/kr/error.jsp HTTP/1.1" 500 3570
40.77.167.82 - - [17/Nov/2019:13:53:30 +0900] "GET /home/en/meetourpartners/domestic.do HTTP/1.1" 200 71879
125.209.235.172 - - [17/Nov/2019:13:59:24 +0900] "GET /error/kr/error.jsp HTTP/1.1" 500 3570
216.211.117.128 - - [17/Nov/2019:14:04:17 +0900] "GET /index.jsp HTTP/1.1" 302 -
207.46.13.95 - - [17/Nov/2019:14:09:49 +0900] "GET /error/kr/error.jsp HTTP/1.1" 500 3570
207.46.13.191 - - [17/Nov/2019:14:11:16 +0900] "GET /home/whoweare/korea.do HTTP/1.1" 200 31387
5.196.65.217 - - [17/Nov/2019:14:15:20 +0900] "GET /index.jsp HTTP/1.0" 302 -
23.239.180.130 - - [17/Nov/2019:14:20:50 +0900] "GET /index.jsp HTTP/1.1" 302 -
23.239.180.130 - - [17/Nov/2019:14:20:50 +0900] "GET /home/en/main/main.do HTTP/1.1" 200 11080
51.254.59.113 - - [17/Nov/2019:14:22:16 +0900] "GET /index.jsp HTTP/1.1" 302 -
51.254.59.113 - - [17/Nov/2019:14:22:17 +0900] "GET /home/main/main.do HTTP/1.1" 200 12222
193.111.62.163 - - [17/Nov/2019:14:23:29 +0900] "GET /home/news/news/list.do HTTP/1.1" 200 7091
34.199.176.251 - - [17/Nov/2019:14:24:34 +0900] "GET /home/news/news/view.do?num=2 HTTP/1.1" 200 6974
34.199.176.251 - - [17/Nov/2019:14:24:35 +0900] "GET /home/news/news/view.do HTTP/1.1" 500 3570
157.55.39.238 - - [17/Nov/2019:14:26:15 +0900] "GET /home/news/news/list.do?page= HTTP/1.1" 200 7091
40.77.167.82 - - [17/Nov/2019:14:33:07 +0900] "GET /home/main/main.do HTTP/1.1" 200 12222
40.77.167.82 - - [17/Nov/2019:14:43:05 +0900] "GET /error/kr/error.jsp HTTP/1.1" 500 3762
40.77.167.82 - - [17/Nov/2019:14:47:00 +0900] "GET /error/kr/error.jsp HTTP/1.1" 500 3570
222.231.30.115 - - [17/Nov/2019:14:51:41 +0900] "GET /index.jsp HTTP/1.1" 302 -
222.231.30.115 - - [17/Nov/2019:14:51:41 +0900] "GET /home/main/main.do HTTP/1.1" 200 12222
222.231.30.115 - - [17/Nov/2019:14:51:43 +0900] "GET /home/main/main.do HTTP/1.1" 200 12222
222.231.30.115 - - [17/Nov/2019:14:51:43 +0900] "GET /home/main/main.do HTTP/1.1" 200 12222
222.122.190.67 - - [17/Nov/2019:14:58:29 +0900] "GET /index.jsp HTTP/1.1" 302 -
222.122.190.67 - - [17/Nov/2019:14:58:29 +0900] "GET /home/main/main.do HTTP/1.1" 200 12222
222.122.190.67 - - [17/Nov/2019:14:58:29 +0900] "GET /index.jsp HTTP/1.1" 302 -
222.122.190.67 - - [17/Nov/2019:14:58:29 +0900] "GET /home/main/main.do HTTP/1.1" 200 12222
222.122.190.67 - - [17/Nov/2019:14:58:29 +0900] "GET /error/kr/error.jsp HTTP/1.1" 500 3570
207.46.13.95 - - [17/Nov/2019:14:59:03 +0900] "GET /error/kr/error.jsp HTTP/1.1" 500 3570
185.220.101.5 - - [17/Nov/2019:15:09:01 +0900] "HEAD /index.jsp HTTP/1.1" 302 -
23.129.64.152 - - [17/Nov/2019:15:09:04 +0900] "GET /index.jsp HTTP/1.1" 302 -
23.129.64.152 - - [17/Nov/2019:15:09:04 +0900] "GET /home/main/main.do HTTP/1.1" 200 12222
66.249.64.92 - - [17/Nov/2019:15:09:16 +0900] "GET /error/kr/error.jsp HTTP/1.1" 500 3762
66.43.219.106 - - [17/Nov/2019:15:17:48 +0900] "GET /index.jsp HTTP/1.1" 302 -
193.111.62.163 - - [17/Nov/2019:15:20:07 +0900] "GET /home/news/news/list.do HTTP/1.1" 200 7091
115.79.203.152 - - [17/Nov/2019:15:47:49 +0900] "GET /index.jsp HTTP/1.0" 302 -
117.111.15.119 - - [17/Nov/2019:15:53:15 +0900] "GET /index.jsp HTTP/1.1" 302 -
117.111.15.119 - - [17/Nov/2019:15:53:15 +0900] "GET /home/main/main.do HTTP/1.1" 302 -
117.111.15.119 - - [17/Nov/2019:15:53:15 +0900] "GET /home/main/main.do HTTP/1.1" 200 8898
117.111.15.119 - - [17/Nov/2019:15:53:16 +0900] "GET /error/kr/error.jsp HTTP/1.1" 500 3762
117.111.15.119 - - [17/Nov/2019:15:53:25 +0900] "GET /home/watwedo/overview.do HTTP/1.1" 200 7044
117.111.15.119 - - [17/Nov/2019:15:53:41 +0900] "GET /home/watwedo/history.do HTTP/1.1" 200 8921
117.111.15.119 - - [17/Nov/2019:15:53:56 +0900] "GET /home/watwedo/philosophy.do HTTP/1.1" 200 7553
117.111.15.119 - - [17/Nov/2019:15:54:09 +0900] "GET /error/kr/error.jsp HTTP/1.1" 500 3762
167.114.169.17 - - [17/Nov/2019:15:58:19 +0900] "GET /index.jsp HTTP/1.0" 302 -
125.209.235.178 - - [17/Nov/2019:15:59:24 +0900] "GET /error/kr/error.jsp HTTP/1.1" 500 3570
88.250.210.64 - - [17/Nov/2019:16:12:06 +0900] "GET /error/kr/error.jsp HTTP/1.1" 500 3570
58.250.125.6 - - [17/Nov/2019:16:12:54 +0900] "GET /error/kr/error.jsp HTTP/1.1" 500 3570
58.250.125.6 - - [17/Nov/2019:16:12:54 +0900] "GET /index.jsp HTTP/1.1" 302 -
58.250.125.6 - - [17/Nov/2019:16:13:58 +0900] "GET /home/en/main/main.do HTTP/1.1" 200 11080
111.202.101.94 - - [17/Nov/2019:16:14:07 +0900] "GET /error/kr/error.jsp HTTP/1.1" 500 3570
66.249.64.94 - - [17/Nov/2019:16:18:37 +0900] "GET /error/kr/error.jsp HTTP/1.1" 500 3762
193.111.62.163 - - [17/Nov/2019:16:21:22 +0900] "GET /home/news/news/list.do HTTP/1.1" 200 7091
159.203.201.0 - - [17/Nov/2019:16:22:47 +0900] "GET /error/kr/error.jsp HTTP/1.1" 500 3570
66.249.64.90 - - [17/Nov/2019:16:26:05 +0900] "GET /error/kr/error.jsp HTTP/1.1" 500 3762
121.254.147.237 - - [17/Nov/2019:16:27:04 +0900] "GET /index.jsp HTTP/1.1" 302 -
121.254.147.237 - - [17/Nov/2019:16:27:04 +0900] "GET /home/en/main/main.do HTTP/1.1" 200 11080
203.217.240.64 - - [17/Nov/2019:16:29:27 +0900] "GET /home/news/news/view.do?page=2&num=14 HTTP/1.1" 200 6736
203.217.243.64 - - [17/Nov/2019:16:30:27 +0900] "GET /home/news/news/view.do?page=1&num=10 HTTP/1.1" 200 6756
223.93.139.199 - - [17/Nov/2019:16:31:02 +0900] "GET /error/kr/error.jsp HTTP/1.1" 500 3570
34.199.176.251 - - [17/Nov/2019:16:31:12 +0900] "GET /home/news/news/view.do?num=1 HTTP/1.1" 200 8971
34.199.176.251 - - [17/Nov/2019:16:31:14 +0900] "GET /home/news/news/view.do HTTP/1.1" 500 3570
223.93.139.199 - - [17/Nov/2019:16:31:22 +0900] "GET /home/en/main/main.do HTTP/1.1" 200 11080
183.192.164.56 - - [17/Nov/2019:16:32:28 +0900] "GET /home/en/main/main.do HTTP/1.1" 200 11080
104.248.163.158 - - [17/Nov/2019:16:36:32 +0900] "GET /index.jsp HTTP/1.0" 302 -
159.65.188.111 - - [17/Nov/2019:16:37:36 +0900] "GET /index.jsp HTTP/1.0" 302 -
66.235.169.51 - - [17/Nov/2019:16:41:32 +0900] "GET /error/kr/error.jsp HTTP/1.1" 500 3570
54.85.249.135 - - [17/Nov/2019:16:45:40 +0900] "GET /error/kr/error.jsp HTTP/1.1" 500 3570
54.85.249.135 - - [17/Nov/2019:16:45:42 +0900] "GET /error/kr/error.jsp HTTP/1.1" 500 3570
66.249.64.92 - - [17/Nov/2019:16:50:11 +0900] "GET /error/kr/error.jsp HTTP/1.1" 500 3762
54.208.102.37 - - [17/Nov/2019:17:03:47 +0900] "GET /index.jsp HTTP/1.1" 302 -
54.208.102.37 - - [17/Nov/2019:17:03:47 +0900] "GET /home/en/main/main.do HTTP/1.1" 200 11080
107.21.1.8 - - [17/Nov/2019:17:03:50 +0900] "GET /index.jsp HTTP/1.1" 302 -
107.21.1.8 - - [17/Nov/2019:17:03:50 +0900] "GET /home/en/main/main.do HTTP/1.1" 200 11080
