222.108.6.193 - - [30/Jan/2020:15:50:34 +0900] "GET /home/whoweare/korea.do HTTP/1.1" 200 30366
157.55.39.137 - - [30/Jan/2020:15:50:49 +0900] "GET /home/watwedo/overview.do HTTP/1.1" 200 6147
66.249.64.90 - - [30/Jan/2020:15:52:31 +0900] "GET /error/kr/error.jsp HTTP/1.1" 500 3762
119.207.72.69 - - [30/Jan/2020:15:52:47 +0900] "GET /index.jsp HTTP/1.1" 302 -
119.207.72.69 - - [30/Jan/2020:15:52:47 +0900] "GET /home/main/main.do HTTP/1.1" 200 12222
119.207.72.66 - - [30/Jan/2020:15:52:49 +0900] "GET /index.jsp HTTP/1.1" 302 -
119.207.72.66 - - [30/Jan/2020:15:52:49 +0900] "GET /home/main/main.do HTTP/1.1" 200 12222
14.63.67.157 - - [30/Jan/2020:15:53:30 +0900] "GET /index.jsp HTTP/1.1" 302 -
14.63.67.157 - - [30/Jan/2020:15:53:30 +0900] "GET /home/en/main/main.do HTTP/1.1" 200 11080
14.63.67.157 - - [30/Jan/2020:15:53:42 +0900] "GET /home/en/whoweare/korea.do HTTP/1.1" 200 30344
222.108.6.193 - - [30/Jan/2020:15:54:20 +0900] "GET /home/whoweare/china.do HTTP/1.1" 200 10340
14.63.67.157 - - [30/Jan/2020:15:54:21 +0900] "GET /home/en/meetourpartners/all.do HTTP/1.1" 200 95227
14.63.67.157 - - [30/Jan/2020:15:54:49 +0900] "GET /home/en/meetourpartners/domestic.do HTTP/1.1" 200 69240
222.108.6.193 - - [30/Jan/2020:15:55:21 +0900] "GET /home/watwedo/overview.do HTTP/1.1" 200 6147
118.131.22.83 - - [30/Jan/2020:15:55:24 +0900] "GET /index.jsp HTTP/1.1" 302 -
118.131.22.83 - - [30/Jan/2020:15:55:24 +0900] "GET /home/main/main.do HTTP/1.1" 200 12222
66.249.64.210 - - [30/Jan/2020:16:02:28 +0900] "GET /error/kr/error.jsp HTTP/1.1" 500 3570
211.188.197.182 - - [30/Jan/2020:16:07:13 +0900] "GET /index.jsp HTTP/1.1" 302 -
211.115.6.4 - - [30/Jan/2020:16:07:13 +0900] "GET /index.jsp HTTP/1.1" 302 -
211.188.197.182 - - [30/Jan/2020:16:07:13 +0900] "GET /home/main/main.do HTTP/1.1" 200 12222
211.115.6.4 - - [30/Jan/2020:16:07:13 +0900] "GET /home/main/main.do HTTP/1.1" 200 12222
150.136.201.200 - - [30/Jan/2020:16:12:29 +0900] "GET /error/kr/error.jsp HTTP/1.1" 500 3570
150.136.201.200 - - [30/Jan/2020:16:12:29 +0900] "GET /error/kr/error.jsp HTTP/1.1" 500 3570
150.136.201.200 - - [30/Jan/2020:16:12:30 +0900] "GET /error/kr/error.jsp HTTP/1.1" 500 3570
150.136.201.200 - - [30/Jan/2020:16:12:30 +0900] "GET /error/kr/error.jsp HTTP/1.1" 500 3570
150.136.201.200 - - [30/Jan/2020:16:12:31 +0900] "GET /error/kr/error.jsp HTTP/1.1" 500 3570
150.136.201.200 - - [30/Jan/2020:16:12:31 +0900] "GET /error/kr/error.jsp HTTP/1.1" 500 3570
150.136.201.200 - - [30/Jan/2020:16:12:31 +0900] "GET /error/kr/error.jsp HTTP/1.1" 500 3570
150.136.201.200 - - [30/Jan/2020:16:12:32 +0900] "GET /error/kr/error.jsp HTTP/1.1" 500 3570
150.136.201.200 - - [30/Jan/2020:16:12:32 +0900] "GET /index.jsp HTTP/1.1" 302 -
150.136.201.200 - - [30/Jan/2020:16:12:33 +0900] "GET /home/main/main.do HTTP/1.1" 200 12222
66.249.64.92 - - [30/Jan/2020:16:12:50 +0900] "GET /error/kr/error.jsp HTTP/1.1" 500 3762
193.111.62.163 - - [30/Jan/2020:16:17:55 +0900] "GET /home/news/news/list.do HTTP/1.1" 200 7091
211.249.42.242 - - [30/Jan/2020:16:18:44 +0900] "GET /index.jsp HTTP/1.1" 302 -
211.249.42.242 - - [30/Jan/2020:16:18:44 +0900] "GET /home/en/main/main.do HTTP/1.1" 200 11080
66.249.64.212 - - [30/Jan/2020:16:22:28 +0900] "GET /error/kr/error.jsp HTTP/1.1" 500 3570
40.77.167.141 - - [30/Jan/2020:16:25:55 +0900] "GET /home/news/news/view.do?page=2&num=12 HTTP/1.1" 200 9083
119.192.197.203 - - [30/Jan/2020:16:28:05 +0900] "GET /home/main/main.do HTTP/1.1" 200 12222
66.249.64.92 - - [30/Jan/2020:16:32:40 +0900] "GET /error/kr/error.jsp HTTP/1.1" 500 3762
45.83.67.81 - - [30/Jan/2020:16:33:24 +0900] "GET /index.jsp HTTP/1.1" 302 -
66.249.64.210 - - [30/Jan/2020:16:42:49 +0900] "GET /error/kr/error.jsp HTTP/1.1" 500 3570
119.207.72.78 - - [30/Jan/2020:16:47:11 +0900] "GET /home/about/about.do HTTP/1.1" 200 14216
119.207.72.116 - - [30/Jan/2020:16:47:12 +0900] "GET /home/news/news/list.do HTTP/1.1" 200 7091
66.249.70.26 - - [30/Jan/2020:16:53:01 +0900] "GET /error/kr/error.jsp HTTP/1.1" 500 3570
66.249.64.90 - - [30/Jan/2020:17:02:59 +0900] "GET /error/kr/error.jsp HTTP/1.1" 500 3762
3.93.22.215 - - [30/Jan/2020:17:11:53 +0900] "GET /error/kr/error.jsp HTTP/1.1" 500 3570
3.93.22.215 - - [30/Jan/2020:17:11:55 +0900] "GET /error/kr/error.jsp HTTP/1.1" 500 3570
66.249.64.214 - - [30/Jan/2020:17:12:56 +0900] "GET /error/kr/error.jsp HTTP/1.1" 500 3570
193.111.62.163 - - [30/Jan/2020:17:15:43 +0900] "GET /home/news/news/list.do HTTP/1.1" 200 7091
59.63.206.215 - - [30/Jan/2020:17:21:41 +0900] "GET /error/kr/error.jsp HTTP/1.1" 500 3570
66.249.64.210 - - [30/Jan/2020:17:23:01 +0900] "GET /error/kr/error.jsp HTTP/1.1" 500 3570
54.250.152.218 - - [30/Jan/2020:17:26:15 +0900] "GET /error/kr/error.jsp HTTP/1.1" 500 3570
54.250.152.218 - - [30/Jan/2020:17:26:15 +0900] "GET /error/kr/error.jsp HTTP/1.1" 500 3570
54.250.152.218 - - [30/Jan/2020:17:26:16 +0900] "GET /error/kr/error.jsp HTTP/1.1" 500 3570
119.207.72.117 - - [30/Jan/2020:17:29:01 +0900] "GET /home/en/main/main.do HTTP/1.1" 200 11080
125.209.235.172 - - [30/Jan/2020:17:31:22 +0900] "GET /error/kr/error.jsp HTTP/1.1" 500 3570
66.249.64.90 - - [30/Jan/2020:17:33:07 +0900] "GET /error/kr/error.jsp HTTP/1.1" 500 3762
116.127.224.174 - - [30/Jan/2020:17:39:45 +0900] "GET /index.jsp HTTP/1.1" 302 -
116.127.224.174 - - [30/Jan/2020:17:39:45 +0900] "GET /home/en/main/main.do HTTP/1.1" 200 11080
38.99.62.94 - - [30/Jan/2020:17:43:09 +0900] "GET /index.jsp HTTP/1.1" 302 -
38.99.62.94 - - [30/Jan/2020:17:43:09 +0900] "GET /home/main/main.do HTTP/1.1" 200 12222
66.249.64.212 - - [30/Jan/2020:17:43:12 +0900] "GET /error/kr/error.jsp HTTP/1.1" 500 3570
14.34.43.164 - - [30/Jan/2020:17:51:50 +0900] "GET /index.jsp HTTP/1.1" 302 -
14.34.43.164 - - [30/Jan/2020:17:51:50 +0900] "GET /home/main/main.do HTTP/1.1" 200 12222
66.249.64.210 - - [30/Jan/2020:17:53:09 +0900] "GET /error/kr/error.jsp HTTP/1.1" 500 3570
79.170.40.40 - - [30/Jan/2020:17:57:34 +0900] "GET /error/kr/error.jsp HTTP/1.1" 500 3570
66.249.64.210 - - [30/Jan/2020:18:03:08 +0900] "GET /error/kr/error.jsp HTTP/1.1" 500 3570
160.153.153.151 - - [30/Jan/2020:18:03:59 +0900] "GET /error/kr/error.jsp HTTP/1.1" 500 3570
35.231.216.29 - - [30/Jan/2020:18:07:06 +0900] "GET /error/kr/error.jsp HTTP/1.0" 500 3570
35.231.216.29 - - [30/Jan/2020:18:07:06 +0900] "GET /home/en/about/about.do HTTP/1.0" 200 14811
14.63.67.157 - - [30/Jan/2020:18:10:21 +0900] "GET /home/en/meetourpartners/overseas.do HTTP/1.1" 200 31428
14.63.67.157 - - [30/Jan/2020:18:10:31 +0900] "GET /home/en/meetourpartners/all.do HTTP/1.1" 200 95227
14.63.67.157 - - [30/Jan/2020:18:10:31 +0900] "GET /home/en/meetourpartners/all.do HTTP/1.1" 200 95227
14.63.67.157 - - [30/Jan/2020:18:10:33 +0900] "GET /home/en/about/about.do HTTP/1.1" 200 14811
184.168.46.71 - - [30/Jan/2020:18:10:49 +0900] "GET /error/kr/error.jsp HTTP/1.1" 500 3570
14.63.67.157 - - [30/Jan/2020:18:11:00 +0900] "GET /home/en/whoweare/korea.do HTTP/1.1" 200 30344
34.199.176.251 - - [30/Jan/2020:18:11:19 +0900] "GET /home/news/news/view.do?num=1 HTTP/1.1" 200 8971
34.199.176.251 - - [30/Jan/2020:18:11:20 +0900] "GET /home/news/news/view.do HTTP/1.1" 500 3570
125.209.235.170 - - [30/Jan/2020:18:11:22 +0900] "GET /error/kr/error.jsp HTTP/1.1" 500 3570
14.63.67.157 - - [30/Jan/2020:18:11:43 +0900] "GET /home/en/whoweare/china.do HTTP/1.1" 200 10353
14.63.67.157 - - [30/Jan/2020:18:12:04 +0900] "GET /home/en/watwedo/overview.do HTTP/1.1" 200 6156
35.231.216.29 - - [30/Jan/2020:18:12:49 +0900] "GET /error/kr/error.jsp HTTP/1.0" 500 3570
35.231.216.29 - - [30/Jan/2020:18:12:49 +0900] "GET /home/en/watwedo/overview.do HTTP/1.0" 200 6156
66.249.64.92 - - [30/Jan/2020:18:12:58 +0900] "GET /error/kr/error.jsp HTTP/1.1" 500 3762
35.231.216.29 - - [30/Jan/2020:18:14:01 +0900] "GET /error/kr/error.jsp HTTP/1.0" 500 3570
35.231.216.29 - - [30/Jan/2020:18:14:01 +0900] "GET /home/main/main.do HTTP/1.0" 200 12222
82.165.80.38 - - [30/Jan/2020:18:17:09 +0900] "GET /error/kr/error.jsp HTTP/1.1" 500 3570
35.231.216.29 - - [30/Jan/2020:18:19:11 +0900] "GET /error/kr/error.jsp HTTP/1.0" 500 3570
35.231.216.29 - - [30/Jan/2020:18:19:11 +0900] "GET /home/en/meetourpartners/all.do HTTP/1.0" 200 95227
110.70.54.111 - - [30/Jan/2020:18:19:55 +0900] "GET /index.jsp HTTP/1.1" 302 -
110.70.54.111 - - [30/Jan/2020:18:19:55 +0900] "GET /home/main/main.do HTTP/1.1" 302 -
110.70.54.111 - - [30/Jan/2020:18:19:55 +0900] "GET /home/main/main.do HTTP/1.1" 200 8898
110.70.54.111 - - [30/Jan/2020:18:19:56 +0900] "GET /error/kr/error.jsp HTTP/1.1" 500 3762
110.70.54.111 - - [30/Jan/2020:18:20:02 +0900] "GET /index.jsp HTTP/1.1" 302 -
110.70.54.111 - - [30/Jan/2020:18:20:02 +0900] "GET /home/main/main.do HTTP/1.1" 302 -
110.70.54.111 - - [30/Jan/2020:18:20:02 +0900] "GET /home/main/main.do HTTP/1.1" 200 8898
110.70.54.111 - - [30/Jan/2020:18:20:03 +0900] "GET /error/kr/error.jsp HTTP/1.1" 500 3762
110.70.54.111 - - [30/Jan/2020:18:20:17 +0900] "GET /home/whoweare/korea.do HTTP/1.1" 200 44336
110.70.54.111 - - [30/Jan/2020:18:20:28 +0900] "GET /home/whoweare/korea.do HTTP/1.1" 200 44336
110.70.54.111 - - [30/Jan/2020:18:20:51 +0900] "GET /home/watwedo/overview.do HTTP/1.1" 200 7044
66.249.64.210 - - [30/Jan/2020:18:22:57 +0900] "GET /error/kr/error.jsp HTTP/1.1" 500 3570
184.168.200.23 - - [30/Jan/2020:18:23:40 +0900] "GET /error/kr/error.jsp HTTP/1.1" 500 3570
64.233.172.83 - - [30/Jan/2020:18:24:08 +0900] "GET /index.jsp HTTP/1.1" 302 -
64.233.172.87 - - [30/Jan/2020:18:24:08 +0900] "GET /index.jsp HTTP/1.1" 302 -
64.233.172.87 - - [30/Jan/2020:18:24:08 +0900] "GET /home/main/main.do HTTP/1.1" 200 12222
64.233.172.87 - - [30/Jan/2020:18:24:08 +0900] "GET /home/main/main.do HTTP/1.1" 200 12222
193.111.62.163 - - [30/Jan/2020:18:24:18 +0900] "GET /home/news/news/list.do HTTP/1.1" 200 7091
35.231.216.29 - - [30/Jan/2020:18:28:14 +0900] "GET /error/kr/error.jsp HTTP/1.0" 500 3570
35.231.216.29 - - [30/Jan/2020:18:28:15 +0900] "GET /home/en/watwedo/philosophy.do HTTP/1.0" 200 7112
59.6.170.218 - - [30/Jan/2020:18:28:43 +0900] "GET /index.jsp HTTP/1.1" 302 -
59.6.170.218 - - [30/Jan/2020:18:28:43 +0900] "GET /home/main/main.do HTTP/1.1" 200 12222
59.6.170.218 - - [30/Jan/2020:18:28:47 +0900] "GET /home/whoweare/korea.do HTTP/1.1" 200 30366
59.6.170.218 - - [30/Jan/2020:18:30:03 +0900] "GET /home/meetourpartners/all.do HTTP/1.1" 200 101569
59.6.170.218 - - [30/Jan/2020:18:30:09 +0900] "GET /home/whoweare/korea.do HTTP/1.1" 200 30366
79.170.40.180 - - [30/Jan/2020:18:30:14 +0900] "GET /error/kr/error.jsp HTTP/1.1" 500 3570
59.6.170.218 - - [30/Jan/2020:18:30:22 +0900] "GET /home/whoweare/korea.do HTTP/1.1" 200 30366
59.6.170.218 - - [30/Jan/2020:18:30:36 +0900] "GET /home/whoweare/korea.do HTTP/1.1" 200 30366
59.6.170.218 - - [30/Jan/2020:18:31:22 +0900] "GET /home/whoweare/china.do HTTP/1.1" 200 10340
35.231.216.29 - - [30/Jan/2020:18:31:47 +0900] "GET /error/kr/error.jsp HTTP/1.0" 500 3570
35.231.216.29 - - [30/Jan/2020:18:31:48 +0900] "GET /home/en/whoweare/korea.do HTTP/1.0" 200 30344
66.249.70.26 - - [30/Jan/2020:18:33:12 +0900] "GET /error/kr/error.jsp HTTP/1.1" 500 3570
35.231.216.29 - - [30/Jan/2020:18:34:12 +0900] "GET /error/kr/error.jsp HTTP/1.0" 500 3570
35.231.216.29 - - [30/Jan/2020:18:34:12 +0900] "GET /home/en/contact/contact.do HTTP/1.0" 200 5187
196.202.220.87 - - [30/Jan/2020:18:34:43 +0900] "GET /index.jsp HTTP/1.1" 302 -
77.75.79.95 - - [30/Jan/2020:18:34:52 +0900] "GET /error/kr/error.jsp HTTP/1.1" 500 3570
35.231.216.29 - - [30/Jan/2020:18:34:58 +0900] "GET /error/kr/error.jsp HTTP/1.0" 500 3570
35.231.216.29 - - [30/Jan/2020:18:34:58 +0900] "GET /home/en/meetourpartners/all.do HTTP/1.0" 200 95227
35.231.216.29 - - [30/Jan/2020:18:35:02 +0900] "GET /error/kr/error.jsp HTTP/1.0" 500 3570
35.231.216.29 - - [30/Jan/2020:18:35:02 +0900] "GET /home/en/watwedo/overview.do HTTP/1.0" 200 6156
35.231.216.29 - - [30/Jan/2020:18:35:04 +0900] "GET /error/kr/error.jsp HTTP/1.0" 500 3570
35.231.216.29 - - [30/Jan/2020:18:35:04 +0900] "GET /home/en/whoweare/korea.do HTTP/1.0" 200 30344
35.231.216.29 - - [30/Jan/2020:18:35:06 +0900] "GET /error/kr/error.jsp HTTP/1.0" 500 3570
35.231.216.29 - - [30/Jan/2020:18:35:06 +0900] "GET /home/en/about/about.do HTTP/1.0" 200 14811
35.231.216.29 - - [30/Jan/2020:18:35:08 +0900] "GET /error/kr/error.jsp HTTP/1.0" 500 3570
35.231.216.29 - - [30/Jan/2020:18:35:08 +0900] "GET /home/en/contact/contact.do HTTP/1.0" 200 5187
35.231.216.29 - - [30/Jan/2020:18:35:10 +0900] "GET /error/kr/error.jsp HTTP/1.0" 500 3570
35.231.216.29 - - [30/Jan/2020:18:35:10 +0900] "GET /home/en/watwedo/philosophy.do HTTP/1.0" 200 7112
35.231.216.29 - - [30/Jan/2020:18:35:11 +0900] "GET /error/kr/error.jsp HTTP/1.0" 500 3570
35.231.216.29 - - [30/Jan/2020:18:35:12 +0900] "GET /home/main/main.do HTTP/1.0" 200 12222
77.238.206.251 - - [30/Jan/2020:18:40:13 +0900] "GET /error/kr/error.jsp HTTP/1.1" 500 3570
39.7.46.234 - - [30/Jan/2020:18:41:43 +0900] "GET /index.jsp HTTP/1.1" 302 -
39.7.46.234 - - [30/Jan/2020:18:41:43 +0900] "GET /home/main/main.do HTTP/1.1" 302 -
39.7.46.234 - - [30/Jan/2020:18:41:43 +0900] "GET /home/main/main.do HTTP/1.1" 200 8898
39.7.46.234 - - [30/Jan/2020:18:41:49 +0900] "GET /error/kr/error.jsp HTTP/1.1" 500 3762
39.7.46.234 - - [30/Jan/2020:18:42:38 +0900] "GET /home/news/news/view.do?num=1 HTTP/1.1" 200 71892
203.217.246.11 - - [30/Jan/2020:18:42:48 +0900] "GET /home/meetourpartners/all.do HTTP/1.1" 200 101569
66.249.64.210 - - [30/Jan/2020:18:43:17 +0900] "GET /error/kr/error.jsp HTTP/1.1" 500 3570
39.7.46.234 - - [30/Jan/2020:18:44:42 +0900] "GET /error/kr/error.jsp HTTP/1.1" 500 3762
39.7.46.234 - - [30/Jan/2020:18:45:14 +0900] "GET /home/watwedo/overview.do HTTP/1.1" 200 7044
39.7.46.234 - - [30/Jan/2020:18:45:16 +0900] "GET /home/watwedo/history.do HTTP/1.1" 200 8921
39.7.46.234 - - [30/Jan/2020:18:45:53 +0900] "GET /home/watwedo/philosophy.do HTTP/1.1" 200 7553
39.7.46.234 - - [30/Jan/2020:18:46:18 +0900] "GET /home/watwedo/overview.do HTTP/1.1" 200 7044
39.7.46.234 - - [30/Jan/2020:18:47:52 +0900] "GET /home/watwedo/philosophy.do HTTP/1.1" 200 7553
39.7.46.234 - - [30/Jan/2020:18:48:01 +0900] "GET /home/watwedo/overview.do HTTP/1.1" 200 7044
66.249.64.210 - - [30/Jan/2020:18:48:03 +0900] "GET /error/kr/error.jsp HTTP/1.1" 500 3570
39.7.46.234 - - [30/Jan/2020:18:48:16 +0900] "GET /home/watwedo/overview.do HTTP/1.1" 200 7044
39.7.46.234 - - [30/Jan/2020:18:48:20 +0900] "GET /home/watwedo/overview.do HTTP/1.1" 200 7044
39.7.46.234 - - [30/Jan/2020:18:48:22 +0900] "GET /home/watwedo/history.do HTTP/1.1" 200 8921
103.131.71.139 - - [30/Jan/2020:18:49:25 +0900] "GET /error/kr/error.jsp HTTP/1.1" 500 3570
66.249.64.210 - - [30/Jan/2020:18:53:08 +0900] "GET /error/kr/error.jsp HTTP/1.1" 500 3570
52.24.238.252 - - [30/Jan/2020:18:57:33 +0900] "GET /index.jsp HTTP/1.1" 302 -
175.197.190.244 - - [30/Jan/2020:19:00:41 +0900] "GET /filter/checker.jsp?campaignID=822&email=hj6430ske@naver.com&responseEnd=2019-01-07 HTTP/1.1" 404 3570
175.197.190.244 - - [30/Jan/2020:19:03:29 +0900] "GET /filter/checker.jsp?campaignID=632&email=hj6430ske@naver.com&responseEnd=2018-12-25 HTTP/1.1" 404 3570
49.7.20.138 - - [30/Jan/2020:19:03:36 +0900] "GET /home/en/main/main.do HTTP/1.1" 200 11080
175.197.190.244 - - [30/Jan/2020:19:04:35 +0900] "GET /filter/checker.jsp?campaignID=423&email=hj6430ske@naver.com&responseEnd=2018-12-13 HTTP/1.1" 404 3570
213.108.241.244 - - [30/Jan/2020:19:08:03 +0900] "GET /error/kr/error.jsp HTTP/1.1" 500 3570
66.249.70.26 - - [30/Jan/2020:19:13:27 +0900] "GET /error/kr/error.jsp HTTP/1.1" 500 3570
193.111.62.163 - - [30/Jan/2020:19:14:33 +0900] "GET /home/news/news/list.do HTTP/1.1" 200 7091
117.111.12.57 - - [30/Jan/2020:19:14:58 +0900] "GET /index.jsp HTTP/1.1" 302 -
117.111.12.57 - - [30/Jan/2020:19:14:58 +0900] "GET /home/main/main.do HTTP/1.1" 302 -
117.111.12.57 - - [30/Jan/2020:19:14:58 +0900] "GET /home/main/main.do HTTP/1.1" 200 8898
117.111.12.57 - - [30/Jan/2020:19:14:58 +0900] "GET /error/kr/error.jsp HTTP/1.1" 500 3762
117.111.12.57 - - [30/Jan/2020:19:15:05 +0900] "GET /index.jsp HTTP/1.1" 302 -
117.111.12.57 - - [30/Jan/2020:19:15:05 +0900] "GET /home/main/main.do HTTP/1.1" 302 -
117.111.12.57 - - [30/Jan/2020:19:15:06 +0900] "GET /home/main/main.do HTTP/1.1" 200 8898
117.111.12.57 - - [30/Jan/2020:19:15:06 +0900] "GET /error/kr/error.jsp HTTP/1.1" 500 3762
117.111.12.57 - - [30/Jan/2020:19:15:13 +0900] "GET /home/meetourpartners/all.do HTTP/1.1" 200 105128
117.111.12.57 - - [30/Jan/2020:19:15:16 +0900] "GET /home/meetourpartners/overseas.do HTTP/1.1" 200 34535
54.219.143.110 - - [30/Jan/2020:19:16:54 +0900] "GET /error/kr/error.jsp HTTP/1.1" 500 3570
54.219.143.110 - - [30/Jan/2020:19:16:54 +0900] "GET /index.jsp HTTP/1.1" 302 -
54.219.143.110 - - [30/Jan/2020:19:16:54 +0900] "GET /home/main/main.do HTTP/1.1" 200 12222
54.219.143.110 - - [30/Jan/2020:19:17:04 +0900] "GET /home/contact/contact.do HTTP/1.1" 200 5224
54.219.143.110 - - [30/Jan/2020:19:17:09 +0900] "GET /home/about/about.do HTTP/1.1" 200 14216
54.219.143.110 - - [30/Jan/2020:19:17:20 +0900] "GET /home/watwedo/overview.do HTTP/1.1" 200 6147
41.210.147.242 - - [30/Jan/2020:19:20:07 +0900] "GET /index.jsp HTTP/1.1" 302 -
41.210.147.242 - - [30/Jan/2020:19:20:07 +0900] "GET /home/en/main/main.do HTTP/1.1" 200 11080
41.210.147.242 - - [30/Jan/2020:19:21:17 +0900] "GET /home/en/whoweare/korea.do HTTP/1.1" 200 30344
41.210.147.242 - - [30/Jan/2020:19:21:42 +0900] "GET /home/en/contact/contact.do HTTP/1.1" 200 5187
66.249.64.212 - - [30/Jan/2020:19:23:38 +0900] "GET /error/kr/error.jsp HTTP/1.1" 500 3570
104.215.6.83 - - [30/Jan/2020:19:29:10 +0900] "GET /error/kr/error.jsp HTTP/1.1" 500 3570
104.215.6.83 - - [30/Jan/2020:19:29:10 +0900] "GET /error/kr/error.jsp HTTP/1.1" 500 3570
125.209.235.178 - - [30/Jan/2020:19:31:22 +0900] "GET /error/kr/error.jsp HTTP/1.1" 500 3570
66.249.64.210 - - [30/Jan/2020:19:33:58 +0900] "GET /error/kr/error.jsp HTTP/1.1" 500 3570
66.249.64.94 - - [30/Jan/2020:19:33:59 +0900] "GET /error/kr/error.jsp HTTP/1.1" 500 3762
66.249.64.210 - - [30/Jan/2020:19:43:49 +0900] "GET /error/kr/error.jsp HTTP/1.1" 500 3570
45.33.66.85 - - [30/Jan/2020:19:52:17 +0900] "GET /error/kr/error.jsp HTTP/1.1" 500 3570
66.249.64.90 - - [30/Jan/2020:19:53:51 +0900] "GET /error/kr/error.jsp HTTP/1.1" 500 3762
39.108.136.166 - - [30/Jan/2020:20:01:47 +0900] "GET /error/kr/error.jsp HTTP/1.1" 500 3570
203.217.240.66 - - [30/Jan/2020:20:01:50 +0900] "GET /home/en/meetourpartners/all.do HTTP/1.1" 200 95227
157.55.39.23 - - [30/Jan/2020:20:10:00 +0900] "GET /error/kr/error.jsp HTTP/1.1" 500 3570
157.55.39.203 - - [30/Jan/2020:20:11:08 +0900] "GET /home/meetourpartners/domestic.do HTTP/1.1" 200 76259
207.46.13.41 - - [30/Jan/2020:20:11:13 +0900] "GET /error/kr/error.jsp HTTP/1.1" 500 3762
207.46.13.41 - - [30/Jan/2020:20:11:14 +0900] "GET /error/kr/error.jsp HTTP/1.1" 500 3762
207.46.13.41 - - [30/Jan/2020:20:11:14 +0900] "GET /error/kr/error.jsp HTTP/1.1" 500 3762
207.46.13.41 - - [30/Jan/2020:20:11:14 +0900] "GET /error/kr/error.jsp HTTP/1.1" 500 3762
207.46.13.41 - - [30/Jan/2020:20:11:14 +0900] "GET /error/kr/error.jsp HTTP/1.1" 500 3762
66.249.64.210 - - [30/Jan/2020:20:13:58 +0900] "GET /error/kr/error.jsp HTTP/1.1" 500 3570
106.251.233.226 - - [30/Jan/2020:20:14:10 +0900] "GET /index.jsp HTTP/1.1" 302 -
106.251.233.226 - - [30/Jan/2020:20:14:10 +0900] "GET /home/main/main.do HTTP/1.1" 200 12222
106.251.233.226 - - [30/Jan/2020:20:14:13 +0900] "GET /home/main/main.do HTTP/1.1" 200 12222
106.251.233.226 - - [30/Jan/2020:20:14:15 +0900] "GET /home/whoweare/korea.do HTTP/1.1" 200 30366
106.251.233.226 - - [30/Jan/2020:20:14:18 +0900] "GET /home/whoweare/korea.do HTTP/1.1" 200 30366
106.251.233.226 - - [30/Jan/2020:20:14:22 +0900] "GET /home/whoweare/korea.do HTTP/1.1" 200 30366
122.228.19.79 - - [30/Jan/2020:20:15:37 +0900] "GET /index.jsp HTTP/1.1" 302 -
122.228.19.79 - - [30/Jan/2020:20:15:37 +0900] "GET /home/main/main.do HTTP/1.1" 200 12222
193.111.62.163 - - [30/Jan/2020:20:19:16 +0900] "GET /home/news/news/list.do HTTP/1.1" 200 7091
23.100.232.233 - - [30/Jan/2020:20:20:55 +0900] "GET /home/meetourpartners/all.do HTTP/1.1" 200 101569
222.122.190.39 - - [30/Jan/2020:20:21:34 +0900] "GET /index.jsp HTTP/1.1" 302 -
222.122.190.39 - - [30/Jan/2020:20:21:34 +0900] "GET /home/main/main.do HTTP/1.1" 200 12222
222.122.190.39 - - [30/Jan/2020:20:21:34 +0900] "GET /index.jsp HTTP/1.1" 302 -
222.122.190.39 - - [30/Jan/2020:20:21:34 +0900] "GET /home/main/main.do HTTP/1.1" 200 12222
222.122.190.39 - - [30/Jan/2020:20:21:34 +0900] "GET /error/kr/error.jsp HTTP/1.1" 500 3570
197.155.55.72 - - [30/Jan/2020:20:29:16 +0900] "GET /index.jsp HTTP/1.1" 302 -
157.55.39.203 - - [30/Jan/2020:20:33:10 +0900] "GET /error/kr/error.jsp HTTP/1.1" 500 3570
157.55.39.203 - - [30/Jan/2020:20:33:10 +0900] "GET /error/kr/error.jsp HTTP/1.1" 500 3570
119.207.72.76 - - [30/Jan/2020:20:33:46 +0900] "GET /home/about/about.do HTTP/1.1" 200 14216
119.207.72.163 - - [30/Jan/2020:20:33:50 +0900] "GET /home/about/about.do HTTP/1.1" 200 14216
122.51.154.89 - - [30/Jan/2020:20:40:01 +0900] "GET /error/kr/error.jsp HTTP/1.1" 500 3570
122.51.154.89 - - [30/Jan/2020:20:40:01 +0900] "GET /error/kr/error.jsp HTTP/1.1" 500 3570
122.51.154.89 - - [30/Jan/2020:20:40:02 +0900] "GET /error/kr/error.jsp HTTP/1.1" 500 3570
207.46.13.41 - - [30/Jan/2020:20:45:47 +0900] "GET /home/news/news/view.do?num=3 HTTP/1.1" 200 71892
223.62.175.108 - - [30/Jan/2020:20:51:45 +0900] "GET /home/whoweare/korea.do HTTP/1.1" 200 44336
218.55.119.179 - - [30/Jan/2020:20:52:47 +0900] "GET /index.jsp HTTP/1.1" 302 -
218.55.119.179 - - [30/Jan/2020:20:52:47 +0900] "GET /home/main/main.do HTTP/1.1" 200 12222
218.55.119.179 - - [30/Jan/2020:20:52:52 +0900] "GET /home/watwedo/overview.do HTTP/1.1" 200 6147
218.55.119.179 - - [30/Jan/2020:20:53:38 +0900] "GET /home/watwedo/history.do HTTP/1.1" 200 10614
218.55.119.179 - - [30/Jan/2020:20:54:52 +0900] "GET /home/watwedo/philosophy.do HTTP/1.1" 200 7162
218.55.119.179 - - [30/Jan/2020:20:54:54 +0900] "GET /home/meetourpartners/all.do HTTP/1.1" 200 101569
218.55.119.179 - - [30/Jan/2020:20:54:56 +0900] "GET /home/whoweare/korea.do HTTP/1.1" 200 30366
51.68.226.118 - - [30/Jan/2020:20:54:59 +0900] "GET /index.jsp HTTP/1.0" 302 -
157.55.39.202 - - [30/Jan/2020:20:55:05 +0900] "GET /error/kr/error.jsp HTTP/1.1" 500 3570
207.46.13.41 - - [30/Jan/2020:20:55:43 +0900] "GET /error/kr/error.jsp HTTP/1.1" 500 3570
218.55.119.179 - - [30/Jan/2020:20:56:34 +0900] "HEAD /index.jsp HTTP/1.1" 302 -
218.55.119.179 - - [30/Jan/2020:20:56:34 +0900] "HEAD /home/main/main.do HTTP/1.1" 200 -
218.55.119.179 - - [30/Jan/2020:20:56:34 +0900] "GET /index.jsp HTTP/1.1" 302 -
218.55.119.179 - - [30/Jan/2020:20:56:34 +0900] "GET /home/main/main.do HTTP/1.1" 200 12222
218.55.119.179 - - [30/Jan/2020:20:56:35 +0900] "GET /home/main/main.do HTTP/1.1" 200 12222
77.75.78.170 - - [30/Jan/2020:20:57:51 +0900] "GET /error/kr/error.jsp HTTP/1.1" 500 3570
218.55.119.179 - - [30/Jan/2020:20:57:55 +0900] "GET /home/whoweare/china.do HTTP/1.1" 200 10340
218.55.119.179 - - [30/Jan/2020:20:58:13 +0900] "GET /home/whoweare/korea.do HTTP/1.1" 200 30366
23.100.232.233 - - [30/Jan/2020:21:00:37 +0900] "GET /home/meetourpartners/all.do HTTP/1.1" 200 101569
66.249.64.212 - - [30/Jan/2020:21:00:56 +0900] "GET /error/kr/error.jsp HTTP/1.1" 500 3570
66.249.70.24 - - [30/Jan/2020:21:04:50 +0900] "GET /error/kr/error.jsp HTTP/1.1" 500 3570
45.228.208.52 - - [30/Jan/2020:21:06:30 +0900] "GET /error/kr/error.jsp HTTP/1.1" 500 3762
39.122.251.42 - - [30/Jan/2020:21:06:39 +0900] "GET /filter/checker.jsp?campaignID=573&email=kimtoya@naver.com&responseEnd=2018-12-22 HTTP/1.1" 404 3570
39.122.251.42 - - [30/Jan/2020:21:06:39 +0900] "GET /filter/checker.jsp?campaignID=573&email=kimtoya@naver.com&responseEnd=2018-12-22 HTTP/1.1" 404 3570
39.122.251.42 - - [30/Jan/2020:21:06:39 +0900] "GET /filter/checker.jsp?campaignID=573&email=kimtoya@naver.com&responseEnd=2018-12-22 HTTP/1.1" 404 3570
39.122.251.42 - - [30/Jan/2020:21:06:39 +0900] "GET /filter/checker.jsp?campaignID=573&email=kimtoya@naver.com&responseEnd=2018-12-22 HTTP/1.1" 404 3570
39.122.251.42 - - [30/Jan/2020:21:06:41 +0900] "GET /filter/clickDetecter.jsp?campaignID=573&duplicationYN=N&targetIndex=7304&encoding=yes&maillink=false&email=kimtoya%40naver.com&url=http%3A%2F%2Fs122.sendmail08.com%2Freject.html&linkID=2295&type=reject HTTP/1.1" 404 3570
180.163.220.43 - - [30/Jan/2020:21:08:08 +0900] "GET /index.jsp HTTP/1.1" 302 -
193.112.193.220 - - [30/Jan/2020:21:08:23 +0900] "GET /error/kr/error.jsp HTTP/1.1" 500 3570
180.163.220.99 - - [30/Jan/2020:21:08:44 +0900] "GET /home/en/main/main.do HTTP/1.1" 200 11080
211.200.48.112 - - [30/Jan/2020:21:10:43 +0900] "GET /index.jsp HTTP/1.1" 302 -
211.200.48.112 - - [30/Jan/2020:21:10:43 +0900] "GET /home/main/main.do HTTP/1.1" 302 -
211.200.48.112 - - [30/Jan/2020:21:10:44 +0900] "GET /home/main/main.do HTTP/1.1" 200 8898
211.200.48.112 - - [30/Jan/2020:21:10:44 +0900] "GET /error/kr/error.jsp HTTP/1.1" 500 3762
211.200.48.112 - - [30/Jan/2020:21:10:49 +0900] "GET /home/about/about.do HTTP/1.1" 200 15329
211.200.48.112 - - [30/Jan/2020:21:10:49 +0900] "GET /error/kr/error.jsp HTTP/1.1" 500 3762
211.200.48.112 - - [30/Jan/2020:21:10:54 +0900] "GET /home/about/about.do HTTP/1.1" 200 15329
211.200.48.112 - - [30/Jan/2020:21:10:54 +0900] "GET /error/kr/error.jsp HTTP/1.1" 500 3762
211.200.48.112 - - [30/Jan/2020:21:10:59 +0900] "GET /home/watwedo/overview.do HTTP/1.1" 200 7044
211.200.48.112 - - [30/Jan/2020:21:11:07 +0900] "GET /home/whoweare/korea.do HTTP/1.1" 200 44336
211.200.48.112 - - [30/Jan/2020:21:11:22 +0900] "GET /home/whoweare/korea.do HTTP/1.1" 200 44336
211.200.48.112 - - [30/Jan/2020:21:11:59 +0900] "GET /home/whoweare/china.do HTTP/1.1" 200 11536
211.200.48.112 - - [30/Jan/2020:21:12:00 +0900] "GET /home/whoweare/korea.do HTTP/1.1" 200 44336
211.200.48.112 - - [30/Jan/2020:21:12:38 +0900] "GET /error/kr/error.jsp HTTP/1.1" 500 3762
211.200.48.112 - - [30/Jan/2020:21:12:39 +0900] "GET /error/kr/error.jsp HTTP/1.1" 500 3762
66.249.64.94 - - [30/Jan/2020:21:14:48 +0900] "GET /error/kr/error.jsp HTTP/1.1" 500 3762
138.197.3.35 - - [30/Jan/2020:21:16:32 +0900] "GET /index.jsp HTTP/1.1" 302 -
138.197.3.35 - - [30/Jan/2020:21:16:32 +0900] "GET /home/main/main.do HTTP/1.1" 200 12222
138.197.3.35 - - [30/Jan/2020:21:17:45 +0900] "GET /error/kr/error.jsp HTTP/1.1" 500 3570
138.197.3.35 - - [30/Jan/2020:21:17:49 +0900] "GET /home/en/watwedo/overview.do HTTP/1.1" 200 6156
138.197.3.35 - - [30/Jan/2020:21:17:49 +0900] "GET /home/en/main/main.do HTTP/1.1" 200 11080
138.197.3.35 - - [30/Jan/2020:21:17:49 +0900] "GET /home/watwedo/overview.do HTTP/1.1" 200 6147
138.197.3.35 - - [30/Jan/2020:21:17:50 +0900] "GET /home/whoweare/korea.do HTTP/1.1" 200 30366
138.197.3.35 - - [30/Jan/2020:21:17:50 +0900] "GET /home/meetourpartners/all.do HTTP/1.1" 200 101569
138.197.3.35 - - [30/Jan/2020:21:17:50 +0900] "GET /home/contact/contact.do HTTP/1.1" 200 5224
138.197.3.35 - - [30/Jan/2020:21:17:50 +0900] "GET /home/news/news/list.do HTTP/1.1" 200 7091
138.197.3.35 - - [30/Jan/2020:21:17:50 +0900] "GET /home/about/about.do HTTP/1.1" 200 14216
138.197.3.35 - - [30/Jan/2020:21:17:50 +0900] "GET /home/news/news/view.do?num=1 HTTP/1.1" 200 8971
138.197.3.35 - - [30/Jan/2020:21:17:50 +0900] "GET /home/news/news/view.do?num=3 HTTP/1.1" 200 5573
138.197.3.35 - - [30/Jan/2020:21:17:50 +0900] "GET /home/news/news/view.do?num=2 HTTP/1.1" 200 6974
138.197.3.35 - - [30/Jan/2020:21:17:51 +0900] "GET /home/watwedo/philosophy.do HTTP/1.1" 200 7162
193.111.62.163 - - [30/Jan/2020:21:18:09 +0900] "GET /home/news/news/list.do HTTP/1.1" 200 7091
194.153.113.100 - - [30/Jan/2020:21:25:57 +0900] "GET /error/kr/error.jsp HTTP/1.1" 500 3570
194.153.113.100 - - [30/Jan/2020:21:25:58 +0900] "GET /index.jsp HTTP/1.1" 302 -
194.153.113.100 - - [30/Jan/2020:21:25:58 +0900] "GET /home/main/main.do HTTP/1.1" 200 12222
194.153.113.100 - - [30/Jan/2020:21:25:59 +0900] "GET /error/kr/error.jsp HTTP/1.1" 500 3570
194.153.113.100 - - [30/Jan/2020:21:25:59 +0900] "HEAD /index.jsp HTTP/1.1" 302 -
194.153.113.100 - - [30/Jan/2020:21:26:00 +0900] "HEAD /home/main/main.do HTTP/1.1" 200 -
194.153.113.100 - - [30/Jan/2020:21:26:00 +0900] "GET /index.jsp HTTP/1.1" 302 -
194.153.113.100 - - [30/Jan/2020:21:26:00 +0900] "GET /home/main/main.do HTTP/1.1" 200 12222
194.153.113.100 - - [30/Jan/2020:21:26:02 +0900] "GET /error/kr/error.jsp HTTP/1.1" 500 3570
194.153.113.100 - - [30/Jan/2020:21:26:03 +0900] "GET /index.jsp HTTP/1.1" 302 -
194.153.113.100 - - [30/Jan/2020:21:26:03 +0900] "GET /home/main/main.do HTTP/1.1" 200 12222
121.254.147.237 - - [30/Jan/2020:21:26:54 +0900] "GET /index.jsp HTTP/1.1" 302 -
121.254.147.237 - - [30/Jan/2020:21:26:54 +0900] "GET /home/en/main/main.do HTTP/1.1" 200 11080
125.209.235.183 - - [30/Jan/2020:21:31:22 +0900] "GET /error/kr/error.jsp HTTP/1.1" 500 3570
211.231.103.91 - - [30/Jan/2020:21:35:30 +0900] "GET /home/whoweare/korea.do HTTP/1.1" 200 30366
89.248.174.146 - - [30/Jan/2020:21:37:38 +0900] "GET /error/kr/error.jsp HTTP/1.1" 500 3570
40.77.167.23 - - [30/Jan/2020:21:39:39 +0900] "GET /error/kr/error.jsp HTTP/1.1" 500 3570
23.100.232.233 - - [30/Jan/2020:21:45:51 +0900] "GET /home/meetourpartners/all.do HTTP/1.1" 200 101569
223.38.11.114 - - [30/Jan/2020:21:46:07 +0900] "GET /index.jsp HTTP/1.1" 302 -
223.38.11.114 - - [30/Jan/2020:21:46:07 +0900] "GET /home/main/main.do HTTP/1.1" 302 -
223.38.11.114 - - [30/Jan/2020:21:46:08 +0900] "GET /home/main/main.do HTTP/1.1" 200 8898
223.38.11.114 - - [30/Jan/2020:21:46:08 +0900] "GET /error/kr/error.jsp HTTP/1.1" 500 3762
223.38.11.114 - - [30/Jan/2020:21:46:13 +0900] "GET /home/whoweare/korea.do HTTP/1.1" 200 44336
34.199.176.251 - - [30/Jan/2020:21:47:27 +0900] "GET /home/news/news/view.do?num=1 HTTP/1.1" 200 8971
34.199.176.251 - - [30/Jan/2020:21:47:47 +0900] "GET /home/news/news/view.do HTTP/1.1" 500 3570
77.75.76.171 - - [30/Jan/2020:21:53:01 +0900] "GET /error/kr/error.jsp HTTP/1.1" 500 3570
38.99.62.91 - - [30/Jan/2020:21:54:00 +0900] "GET /home/news/news/view.do?page=&num=14 HTTP/1.1" 200 6733
38.99.62.91 - - [30/Jan/2020:21:54:40 +0900] "GET /home/news/news/view.do?page=&num=15 HTTP/1.1" 200 9178
38.99.62.91 - - [30/Jan/2020:21:55:20 +0900] "GET /home/news/news/view.do?page=&num=16 HTTP/1.1" 200 5663
38.99.62.91 - - [30/Jan/2020:21:55:59 +0900] "GET /home/news/news/view.do?page=&num=15 HTTP/1.1" 200 9178
38.99.62.91 - - [30/Jan/2020:21:56:39 +0900] "GET /home/en/meetourpartners/all.do HTTP/1.1" 200 95227
38.99.62.91 - - [30/Jan/2020:21:57:19 +0900] "GET /home/news/news/view.do?page=&num=16 HTTP/1.1" 200 5663
38.99.62.91 - - [30/Jan/2020:21:57:44 +0900] "GET /home/news/news/view.do?page=&num=17 HTTP/1.1" 200 5758
38.99.62.91 - - [30/Jan/2020:21:58:09 +0900] "GET /home/news/news/view.do?page=&num=16 HTTP/1.1" 200 5663
38.99.62.91 - - [30/Jan/2020:21:58:35 +0900] "GET /home/news/news/view.do?page=&num=17 HTTP/1.1" 200 5758
38.99.62.91 - - [30/Jan/2020:21:59:01 +0900] "GET /home/news/news/view.do?page=&num=18 HTTP/1.1" 200 9134
38.99.62.91 - - [30/Jan/2020:21:59:40 +0900] "GET /home/news/news/view.do?page=&num=17 HTTP/1.1" 200 5758
38.99.62.91 - - [30/Jan/2020:22:00:20 +0900] "GET /home/meetourpartners/all.do HTTP/1.1" 200 101569
40.77.167.23 - - [30/Jan/2020:22:00:40 +0900] "GET /error/kr/error.jsp HTTP/1.1" 500 3570
38.99.62.91 - - [30/Jan/2020:22:01:00 +0900] "GET /home/news/news/view.do?page=&num=18 HTTP/1.1" 200 9134
38.99.62.91 - - [30/Jan/2020:22:01:39 +0900] "GET /home/news/news/view.do?page=&num=19 HTTP/1.1" 200 6162
38.99.62.91 - - [30/Jan/2020:22:02:05 +0900] "GET /home/news/news/view.do?page=&num=18 HTTP/1.1" 200 9134
38.99.62.91 - - [30/Jan/2020:22:02:44 +0900] "GET /home/news/news/view.do?page=&num=19 HTTP/1.1" 200 6162
38.99.62.91 - - [30/Jan/2020:22:04:03 +0900] "GET /home/news/news/view.do?page=&num=10 HTTP/1.1" 200 6753
38.99.62.91 - - [30/Jan/2020:22:04:44 +0900] "GET /home/news/news/view.do?page=&num=7 HTTP/1.1" 200 5545
38.99.62.91 - - [30/Jan/2020:22:05:23 +0900] "GET /home/news/news/view.do?page=&num=6 HTTP/1.1" 200 9118
38.99.62.91 - - [30/Jan/2020:22:05:49 +0900] "GET /home/news/news/view.do?page=1&num=12 HTTP/1.1" 200 9083
38.99.62.91 - - [30/Jan/2020:22:06:15 +0900] "GET /home/news/news/view.do?page=1&num=13 HTTP/1.1" 200 9159
38.99.62.91 - - [30/Jan/2020:22:06:55 +0900] "GET /home/meetourpartners/all.do HTTP/1.1" 200 101569
38.99.62.91 - - [30/Jan/2020:22:07:34 +0900] "GET /home/news/news/view.do?page=1&num=13 HTTP/1.1" 200 9159
38.99.62.91 - - [30/Jan/2020:22:08:14 +0900] "GET /home/news/news/view.do?page=1&num=14 HTTP/1.1" 200 6736
38.99.62.91 - - [30/Jan/2020:22:08:53 +0900] "GET /home/news/news/view.do?page=1&num=13 HTTP/1.1" 200 9159
38.99.62.91 - - [30/Jan/2020:22:09:33 +0900] "GET /home/news/news/view.do?page=1&num=14 HTTP/1.1" 200 6736
38.99.62.91 - - [30/Jan/2020:22:10:12 +0900] "GET /home/meetourpartners/all.do HTTP/1.1" 200 101569
38.99.62.91 - - [30/Jan/2020:22:10:52 +0900] "GET /home/news/news/view.do?page=1&num=15 HTTP/1.1" 200 9181
38.99.62.91 - - [30/Jan/2020:22:11:57 +0900] "GET /home/news/news/view.do?page=1&num=16 HTTP/1.1" 200 5666
38.99.62.91 - - [30/Jan/2020:22:12:37 +0900] "GET /home/news/news/view.do?page=1&num=15 HTTP/1.1" 200 9181
157.55.39.203 - - [30/Jan/2020:22:12:40 +0900] "GET /home/whoweare/korea.do HTTP/1.1" 200 30366
157.55.39.202 - - [30/Jan/2020:22:12:45 +0900] "GET /error/kr/error.jsp HTTP/1.1" 500 3570
157.55.39.202 - - [30/Jan/2020:22:12:45 +0900] "GET /error/kr/error.jsp HTTP/1.1" 500 3570
157.55.39.202 - - [30/Jan/2020:22:12:46 +0900] "GET /error/kr/error.jsp HTTP/1.1" 500 3570
157.55.39.202 - - [30/Jan/2020:22:12:46 +0900] "GET /error/kr/error.jsp HTTP/1.1" 500 3570
157.55.39.202 - - [30/Jan/2020:22:12:46 +0900] "GET /error/kr/error.jsp HTTP/1.1" 500 3570
38.99.62.91 - - [30/Jan/2020:22:13:16 +0900] "GET /home/news/news/view.do?page=1&num=16 HTTP/1.1" 200 5666
61.74.181.1 - - [30/Jan/2020:22:13:35 +0900] "GET /home/whoweare/korea.do HTTP/1.1" 200 44336
38.99.62.91 - - [30/Jan/2020:22:13:56 +0900] "GET /home/news/news/view.do?page=1&num=17 HTTP/1.1" 200 5761
206.189.37.55 - - [30/Jan/2020:22:14:30 +0900] "GET /index.jsp HTTP/1.0" 302 -
38.99.62.91 - - [30/Jan/2020:22:14:36 +0900] "GET /home/news/news/view.do?page=1&num=16 HTTP/1.1" 200 5666
38.99.62.91 - - [30/Jan/2020:22:15:15 +0900] "GET /home/news/news/view.do?page=1&num=17 HTTP/1.1" 200 5761
38.99.62.91 - - [30/Jan/2020:22:15:56 +0900] "GET /home/news/news/view.do?page=1&num=18 HTTP/1.1" 200 9137
38.99.62.91 - - [30/Jan/2020:22:16:35 +0900] "GET /home/news/news/view.do?page=1&num=17 HTTP/1.1" 200 5761
38.99.62.91 - - [30/Jan/2020:22:17:15 +0900] "GET /home/news/news/view.do?page=1&num=18 HTTP/1.1" 200 9137
61.74.181.1 - - [30/Jan/2020:22:17:27 +0900] "GET /home/whoweare/korea.do HTTP/1.1" 200 30366
38.99.62.91 - - [30/Jan/2020:22:17:54 +0900] "GET /home/news/news/view.do?page=1&num=19 HTTP/1.1" 200 6164
38.99.62.91 - - [30/Jan/2020:22:18:34 +0900] "GET /home/news/news/view.do?page=1&num=18 HTTP/1.1" 200 9137
38.99.62.91 - - [30/Jan/2020:22:19:14 +0900] "GET /home/news/news/view.do?page=1&num=19 HTTP/1.1" 200 6164
38.99.62.91 - - [30/Jan/2020:22:19:54 +0900] "GET /home/meetourpartners/all.do HTTP/1.1" 200 101569
38.99.62.91 - - [30/Jan/2020:22:20:33 +0900] "GET /home/news/news/view.do?page=1&num=19 HTTP/1.1" 200 6164
38.99.62.91 - - [30/Jan/2020:22:21:13 +0900] "GET /home/news/news/view.do?page=1&num=14 HTTP/1.1" 200 6736
38.99.62.91 - - [30/Jan/2020:22:21:52 +0900] "GET /home/news/news/view.do?page=1&num=12 HTTP/1.1" 200 9083
193.111.62.163 - - [30/Jan/2020:22:22:00 +0900] "GET /home/news/news/list.do HTTP/1.1" 200 7091
38.99.62.91 - - [30/Jan/2020:22:22:32 +0900] "GET /home/news/news/view.do?page=2&num=10 HTTP/1.1" 200 6756
38.99.62.91 - - [30/Jan/2020:22:23:12 +0900] "GET /home/news/news/view.do?page=2&num=9 HTTP/1.1" 200 9135
38.99.62.91 - - [30/Jan/2020:22:23:51 +0900] "GET /home/news/news/view.do?page=2&num=10 HTTP/1.1" 200 6756
38.99.62.91 - - [30/Jan/2020:22:24:31 +0900] "GET /home/news/news/view.do?page=&num=6 HTTP/1.1" 200 9118
38.99.62.91 - - [30/Jan/2020:22:24:56 +0900] "GET /home/en/meetourpartners/all.do HTTP/1.1" 200 95227
66.249.64.214 - - [30/Jan/2020:22:25:08 +0900] "GET /error/kr/error.jsp HTTP/1.1" 500 3570
38.99.62.91 - - [30/Jan/2020:22:25:36 +0900] "GET /home/news/news/view.do?page=&num=7 HTTP/1.1" 200 5545
38.99.62.91 - - [30/Jan/2020:22:26:16 +0900] "GET /home/meetourpartners/all.do HTTP/1.1" 200 101569
38.99.62.91 - - [30/Jan/2020:22:26:56 +0900] "GET /home/news/news/view.do?page=&num=6 HTTP/1.1" 200 9118
38.99.62.91 - - [30/Jan/2020:22:27:36 +0900] "GET /home/news/news/view.do?page=2&num=9 HTTP/1.1" 200 9135
38.99.62.91 - - [30/Jan/2020:22:28:16 +0900] "GET /home/news/news/view.do?page=2&num=8 HTTP/1.1" 200 9169
38.99.62.91 - - [30/Jan/2020:22:28:55 +0900] "GET /home/news/news/view.do?page=2&num=9 HTTP/1.1" 200 9135
38.99.62.91 - - [30/Jan/2020:22:29:35 +0900] "GET /home/news/news/view.do?page=2&num=9 HTTP/1.1" 200 9135
38.99.62.91 - - [30/Jan/2020:22:30:15 +0900] "GET /home/news/news/view.do?page=2&num=8 HTTP/1.1" 200 9169
38.99.62.91 - - [30/Jan/2020:22:31:33 +0900] "GET /home/news/news/view.do?page=2&num=7 HTTP/1.1" 200 5548
23.100.232.233 - - [30/Jan/2020:22:32:01 +0900] "GET /home/meetourpartners/all.do HTTP/1.1" 200 101569
38.99.62.91 - - [30/Jan/2020:22:32:13 +0900] "GET /home/news/news/view.do?page=2&num=8 HTTP/1.1" 200 9169
38.99.62.91 - - [30/Jan/2020:22:32:52 +0900] "GET /home/news/news/view.do?page=2&num=7 HTTP/1.1" 200 5548
38.99.62.91 - - [30/Jan/2020:22:33:32 +0900] "GET /home/news/news/view.do?page=2&num=6 HTTP/1.1" 200 9121
38.99.62.91 - - [30/Jan/2020:22:34:12 +0900] "GET /home/news/news/view.do?page=2&num=7 HTTP/1.1" 200 5548
38.99.62.91 - - [30/Jan/2020:22:34:52 +0900] "GET /home/meetourpartners/all.do HTTP/1.1" 200 101569
38.99.62.91 - - [30/Jan/2020:22:35:31 +0900] "GET /home/news/news/view.do?page=2&num=6 HTTP/1.1" 200 9121
38.99.62.91 - - [30/Jan/2020:22:36:11 +0900] "GET /home/news/news/view.do?page=2&num=5 HTTP/1.1" 200 9112
38.99.62.91 - - [30/Jan/2020:22:36:51 +0900] "GET /home/news/news/view.do?page=2&num=6 HTTP/1.1" 200 9121
38.99.62.91 - - [30/Jan/2020:22:37:30 +0900] "GET /home/meetourpartners/all.do HTTP/1.1" 200 101569
38.99.62.91 - - [30/Jan/2020:22:38:10 +0900] "GET /home/news/news/view.do?page=2&num=5 HTTP/1.1" 200 9112
38.99.62.91 - - [30/Jan/2020:22:38:50 +0900] "GET /home/news/news/view.do?page=2&num=4 HTTP/1.1" 200 9123
38.99.62.91 - - [30/Jan/2020:22:39:30 +0900] "GET /home/news/news/view.do?page=2&num=5 HTTP/1.1" 200 9112
38.99.62.91 - - [30/Jan/2020:22:40:09 +0900] "GET /home/news/news/view.do?page=2&num=4 HTTP/1.1" 200 9123
18.232.98.238 - - [30/Jan/2020:22:40:29 +0900] "GET /index.jsp HTTP/1.1" 302 -
38.99.62.91 - - [30/Jan/2020:22:40:50 +0900] "GET /home/news/news/view.do?page=2&num=3 HTTP/1.1" 200 5576
38.99.62.91 - - [30/Jan/2020:22:41:29 +0900] "GET /home/news/news/view.do?page=2&num=4 HTTP/1.1" 200 9123
38.99.62.91 - - [30/Jan/2020:22:42:09 +0900] "GET /home/news/news/view.do?page=2&num=3 HTTP/1.1" 200 5576
66.249.64.214 - - [30/Jan/2020:22:42:20 +0900] "GET /error/kr/error.jsp HTTP/1.1" 500 3570
38.99.62.91 - - [30/Jan/2020:22:42:49 +0900] "GET /home/news/news/view.do?page=2&num=2 HTTP/1.1" 200 6977
207.46.13.41 - - [30/Jan/2020:22:43:11 +0900] "GET /home/en/meetourpartners/all.do HTTP/1.1" 200 100316
38.99.62.91 - - [30/Jan/2020:22:43:29 +0900] "GET /home/news/news/view.do?page=2&num=3 HTTP/1.1" 200 5576
157.55.39.202 - - [30/Jan/2020:22:43:59 +0900] "GET /error/kr/error.jsp HTTP/1.1" 500 3570
38.99.62.91 - - [30/Jan/2020:22:44:08 +0900] "GET /home/news/news/view.do?page=2&num=2 HTTP/1.1" 200 6977
38.99.62.91 - - [30/Jan/2020:22:44:48 +0900] "GET /home/news/news/view.do?page=2&num=1 HTTP/1.1" 200 8973
38.99.62.91 - - [30/Jan/2020:22:45:27 +0900] "GET /home/news/news/view.do?page=2&num=2 HTTP/1.1" 200 6977
38.99.62.91 - - [30/Jan/2020:22:46:07 +0900] "GET /home/news/news/view.do?page=2&num=1 HTTP/1.1" 200 8973
38.99.62.91 - - [30/Jan/2020:22:46:47 +0900] "GET /home/en/meetourpartners/all.do HTTP/1.1" 200 95227
38.99.62.91 - - [30/Jan/2020:22:47:27 +0900] "GET /home/news/news/view.do?page=2&num=1 HTTP/1.1" 200 8973
38.99.62.91 - - [30/Jan/2020:22:48:06 +0900] "GET /home/en/meetourpartners/all.do HTTP/1.1" 200 95227
18.232.98.238 - - [30/Jan/2020:22:48:33 +0900] "GET /error/kr/error.jsp HTTP/1.1" 500 3570
38.99.62.91 - - [30/Jan/2020:22:48:47 +0900] "GET /home/news/news/view.do?page=2&num=9 HTTP/1.1" 200 9135
38.99.62.91 - - [30/Jan/2020:22:49:27 +0900] "GET /home/en/meetourpartners/all.do HTTP/1.1" 200 95227
38.99.62.91 - - [30/Jan/2020:22:49:52 +0900] "GET /home/news/news/view.do?page=&num=7 HTTP/1.1" 200 5545
38.99.62.91 - - [30/Jan/2020:22:50:32 +0900] "GET /home/news/news/view.do?page=&num=8 HTTP/1.1" 200 9166
38.99.62.91 - - [30/Jan/2020:22:50:58 +0900] "GET /home/news/news/view.do?page=&num=7 HTTP/1.1" 200 5545
35.245.212.239 - - [30/Jan/2020:22:50:59 +0900] "OPTIONS /index.jsp HTTP/1.0" 405 1105
38.99.62.91 - - [30/Jan/2020:22:51:37 +0900] "GET /home/news/news/view.do?page=2&num=8 HTTP/1.1" 200 9169
38.99.62.91 - - [30/Jan/2020:22:52:17 +0900] "GET /home/news/news/view.do?page=2&num=7 HTTP/1.1" 200 5548
66.249.64.94 - - [30/Jan/2020:22:52:44 +0900] "GET /error/kr/error.jsp HTTP/1.1" 500 3762
38.99.62.91 - - [30/Jan/2020:22:53:22 +0900] "GET /home/news/news/view.do?page=2&num=6 HTTP/1.1" 200 9121
38.99.62.91 - - [30/Jan/2020:22:54:01 +0900] "GET /home/en/meetourpartners/all.do HTTP/1.1" 200 95227
173.205.33.18 - - [30/Jan/2020:22:55:41 +0900] "GET /index.jsp HTTP/1.1" 302 -
173.205.33.19 - - [30/Jan/2020:22:55:42 +0900] "GET /home/en/main/main.do HTTP/1.1" 200 11080
103.131.71.52 - - [30/Jan/2020:22:56:47 +0900] "GET /error/kr/error.jsp HTTP/1.1" 500 3570
103.131.71.48 - - [30/Jan/2020:22:56:49 +0900] "GET /error/kr/error.jsp HTTP/1.1" 500 3762
103.131.71.44 - - [30/Jan/2020:22:56:59 +0900] "GET /error/kr/error.jsp HTTP/1.1" 500 3570
119.207.72.153 - - [30/Jan/2020:23:05:23 +0900] "GET /home/meetourpartners/all.do HTTP/1.1" 200 101569
66.249.64.90 - - [30/Jan/2020:23:05:52 +0900] "GET /error/kr/error.jsp HTTP/1.1" 500 3762
66.249.70.26 - - [30/Jan/2020:23:06:05 +0900] "GET /error/kr/error.jsp HTTP/1.1" 500 3570
125.117.171.144 - - [30/Jan/2020:23:17:45 +0900] "GET /error/kr/error.jsp HTTP/1.1" 500 3570
193.111.62.163 - - [30/Jan/2020:23:20:21 +0900] "GET /home/news/news/list.do HTTP/1.1" 200 7091
34.199.176.251 - - [30/Jan/2020:23:22:08 +0900] "GET /index.jsp HTTP/1.1" 302 -
34.199.176.251 - - [30/Jan/2020:23:22:08 +0900] "GET /home/main/main.do HTTP/1.1" 200 12222
181.177.80.11 - - [30/Jan/2020:23:22:58 +0900] "GET /home/en/whoweare/china.do HTTP/1.1" 200 11458
23.100.232.233 - - [30/Jan/2020:23:25:16 +0900] "GET /home/en/watwedo/overview.do HTTP/1.1" 200 6156
125.209.235.184 - - [30/Jan/2020:23:31:22 +0900] "GET /error/kr/error.jsp HTTP/1.1" 500 3570
66.249.64.94 - - [30/Jan/2020:23:32:39 +0900] "GET /error/kr/error.jsp HTTP/1.1" 500 3762
182.229.101.147 - - [30/Jan/2020:23:36:25 +0900] "GET /index.jsp HTTP/1.1" 302 -
182.229.101.147 - - [30/Jan/2020:23:36:25 +0900] "GET /home/main/main.do HTTP/1.1" 200 12222
182.229.101.147 - - [30/Jan/2020:23:36:37 +0900] "GET /home/watwedo/overview.do HTTP/1.1" 200 6147
182.229.101.147 - - [30/Jan/2020:23:36:53 +0900] "GET /home/meetourpartners/all.do HTTP/1.1" 200 101569
182.229.101.147 - - [30/Jan/2020:23:37:18 +0900] "GET /error/kr/error.jsp HTTP/1.1" 500 3570
182.229.101.147 - - [30/Jan/2020:23:37:40 +0900] "GET /home/meetourpartners/domestic.do HTTP/1.1" 200 73451
182.229.101.147 - - [30/Jan/2020:23:37:43 +0900] "GET /home/contact/contact.do HTTP/1.1" 200 5224
182.229.101.147 - - [30/Jan/2020:23:37:50 +0900] "GET /home/about/about.do HTTP/1.1" 200 14216
182.229.101.147 - - [30/Jan/2020:23:38:02 +0900] "GET /home/whoweare/korea.do HTTP/1.1" 200 30366
157.55.39.23 - - [30/Jan/2020:23:39:35 +0900] "GET /error/kr/error.jsp HTTP/1.1" 500 3570
38.109.93.7 - - [30/Jan/2020:23:39:38 +0900] "GET /index.jsp HTTP/1.1" 302 -
38.109.93.7 - - [30/Jan/2020:23:39:38 +0900] "GET /home/main/main.do HTTP/1.1" 200 12222
182.229.101.147 - - [30/Jan/2020:23:40:08 +0900] "GET /home/watwedo/overview.do HTTP/1.1" 200 6147
182.229.101.147 - - [30/Jan/2020:23:40:46 +0900] "GET /home/watwedo/overview.do HTTP/1.1" 200 6147
157.55.39.23 - - [30/Jan/2020:23:47:32 +0900] "GET /error/kr/error.jsp HTTP/1.1" 500 3570
87.74.80.218 - - [30/Jan/2020:23:49:42 +0900] "GET /index.jsp HTTP/1.1" 302 -
87.74.80.218 - - [30/Jan/2020:23:49:43 +0900] "GET /home/en/main/main.do HTTP/1.1" 200 11080
157.55.39.23 - - [30/Jan/2020:23:50:56 +0900] "GET /error/kr/error.jsp HTTP/1.1" 500 3570
66.249.70.28 - - [30/Jan/2020:23:56:30 +0900] "GET /error/kr/error.jsp HTTP/1.1" 500 3570
