66.249.64.116 - - [31/May/2020:00:00:52 +0900] "GET /error/kr/error.jsp HTTP/1.1" 500 3762
66.249.64.116 - - [31/May/2020:00:07:40 +0900] "GET /error/kr/error.jsp HTTP/1.1" 500 3762
66.249.64.190 - - [31/May/2020:00:07:41 +0900] "GET /error/kr/error.jsp HTTP/1.1" 500 3570
23.100.232.233 - - [31/May/2020:00:09:13 +0900] "GET /home/en/meetourpartners/all.do HTTP/1.1" 200 95227
66.249.64.116 - - [31/May/2020:00:11:02 +0900] "GET /error/kr/error.jsp HTTP/1.1" 500 3762
157.55.39.224 - - [31/May/2020:00:15:43 +0900] "GET /index.jsp HTTP/1.1" 302 -
66.249.64.116 - - [31/May/2020:00:17:40 +0900] "GET /error/kr/error.jsp HTTP/1.1" 500 3762
66.249.64.237 - - [31/May/2020:00:17:41 +0900] "GET /error/kr/error.jsp HTTP/1.1" 500 3570
157.55.39.57 - - [31/May/2020:00:18:56 +0900] "GET /error/kr/error.jsp HTTP/1.1" 500 3570
66.249.64.237 - - [31/May/2020:00:21:53 +0900] "GET /error/kr/error.jsp HTTP/1.1" 500 3570
129.204.24.99 - - [31/May/2020:00:21:54 +0900] "GET /error/kr/error.jsp HTTP/1.1" 500 3570
129.204.24.99 - - [31/May/2020:00:22:24 +0900] "HEAD /index.jsp?s=www.yumiaoua.cn HTTP/1.1" 302 -
129.204.24.99 - - [31/May/2020:00:22:25 +0900] "HEAD /home/main/main.do HTTP/1.1" 200 -
110.10.66.29 - - [31/May/2020:00:24:16 +0900] "GET /index.jsp HTTP/1.1" 302 -
110.10.66.29 - - [31/May/2020:00:24:16 +0900] "GET /home/main/main.do HTTP/1.1" 302 -
110.10.66.29 - - [31/May/2020:00:24:16 +0900] "GET /home/main/main.do HTTP/1.1" 200 8866
110.10.66.29 - - [31/May/2020:00:24:16 +0900] "GET /error/kr/error.jsp HTTP/1.1" 500 3762
66.249.64.237 - - [31/May/2020:00:27:39 +0900] "GET /error/kr/error.jsp HTTP/1.1" 500 3570
119.207.72.110 - - [31/May/2020:00:29:22 +0900] "GET /home/news/news/view.do?num=2 HTTP/1.1" 200 6974
193.111.62.163 - - [31/May/2020:00:29:23 +0900] "GET /home/news/news/list.do HTTP/1.1" 200 7100
157.55.39.224 - - [31/May/2020:00:31:14 +0900] "GET /error/kr/error.jsp HTTP/1.1" 500 3570
66.249.64.237 - - [31/May/2020:00:31:52 +0900] "GET /error/kr/error.jsp HTTP/1.1" 500 3570
157.55.39.57 - - [31/May/2020:00:34:47 +0900] "GET /error/kr/error.jsp HTTP/1.1" 500 3570
207.46.13.207 - - [31/May/2020:00:35:20 +0900] "GET /error/kr/error.jsp HTTP/1.1" 500 3570
157.55.39.224 - - [31/May/2020:00:36:50 +0900] "GET /index.jsp HTTP/1.1" 302 -
66.249.64.237 - - [31/May/2020:00:37:50 +0900] "GET /error/kr/error.jsp HTTP/1.1" 500 3570
66.249.64.237 - - [31/May/2020:00:42:04 +0900] "GET /error/kr/error.jsp HTTP/1.1" 500 3570
157.55.39.224 - - [31/May/2020:00:43:14 +0900] "GET /error/kr/error.jsp HTTP/1.1" 500 3570
157.55.39.224 - - [31/May/2020:00:43:14 +0900] "GET /index.jsp HTTP/1.1" 302 -
157.55.39.224 - - [31/May/2020:00:43:15 +0900] "GET /home/main/main.do HTTP/1.1" 200 12249
66.249.64.116 - - [31/May/2020:00:43:30 +0900] "GET /error/kr/error.jsp HTTP/1.1" 500 3762
66.249.64.237 - - [31/May/2020:00:47:49 +0900] "GET /error/kr/error.jsp HTTP/1.1" 500 3570
66.249.64.163 - - [31/May/2020:00:47:54 +0900] "GET /error/kr/error.jsp HTTP/1.1" 500 3570
66.249.64.237 - - [31/May/2020:00:52:02 +0900] "GET /error/kr/error.jsp HTTP/1.1" 500 3570
23.100.232.233 - - [31/May/2020:00:52:31 +0900] "GET /home/en/meetourpartners/all.do HTTP/1.1" 200 95227
23.100.232.233 - - [31/May/2020:00:56:13 +0900] "GET /home/en/whoweare/korea.do HTTP/1.1" 200 29641
119.207.72.116 - - [31/May/2020:00:56:46 +0900] "GET /home/main/main.do HTTP/1.1" 200 12249
66.249.64.237 - - [31/May/2020:00:57:49 +0900] "GET /error/kr/error.jsp HTTP/1.1" 500 3570
35.173.35.82 - - [31/May/2020:00:59:12 +0900] "GET /index.jsp HTTP/1.1" 302 -
35.173.35.82 - - [31/May/2020:00:59:13 +0900] "GET /home/main/main.do HTTP/1.1" 200 12249
35.173.35.82 - - [31/May/2020:00:59:13 +0900] "GET /home/main/main.do HTTP/1.1" 200 12249
35.173.35.82 - - [31/May/2020:00:59:13 +0900] "GET /home/main/main.do HTTP/1.1" 200 12249
40.77.167.234 - - [31/May/2020:01:00:32 +0900] "GET /error/kr/error.jsp HTTP/1.1" 500 3570
66.249.64.237 - - [31/May/2020:01:01:12 +0900] "GET /error/kr/error.jsp HTTP/1.1" 500 3570
66.249.64.237 - - [31/May/2020:01:08:01 +0900] "GET /error/kr/error.jsp HTTP/1.1" 500 3570
91.240.109.1 - - [31/May/2020:01:10:26 +0900] "GET /index.jsp HTTP/1.1" 302 -
91.240.109.1 - - [31/May/2020:01:10:26 +0900] "GET /home/main/main.do HTTP/1.1" 200 12249
66.249.64.237 - - [31/May/2020:01:11:20 +0900] "GET /error/kr/error.jsp HTTP/1.1" 500 3570
66.249.64.237 - - [31/May/2020:01:17:48 +0900] "GET /error/kr/error.jsp HTTP/1.1" 500 3570
129.204.24.99 - - [31/May/2020:01:21:01 +0900] "GET /error/kr/error.jsp HTTP/1.1" 500 3570
66.249.64.237 - - [31/May/2020:01:21:11 +0900] "GET /error/kr/error.jsp HTTP/1.1" 500 3570
129.204.24.99 - - [31/May/2020:01:21:30 +0900] "HEAD /index.jsp?s=www.yumiaova.cn HTTP/1.1" 302 -
129.204.24.99 - - [31/May/2020:01:21:30 +0900] "HEAD /home/main/main.do HTTP/1.1" 200 -
157.55.39.57 - - [31/May/2020:01:22:54 +0900] "GET /error/kr/error.jsp HTTP/1.1" 500 3570
35.196.164.241 - - [31/May/2020:01:23:03 +0900] "GET /error/kr/error.jsp HTTP/1.0" 500 3570
35.196.164.241 - - [31/May/2020:01:23:03 +0900] "GET /home/en/about/about.do HTTP/1.0" 200 16228
193.111.62.163 - - [31/May/2020:01:26:08 +0900] "GET /home/news/news/list.do HTTP/1.1" 200 7100
66.249.64.237 - - [31/May/2020:01:27:47 +0900] "GET /error/kr/error.jsp HTTP/1.1" 500 3570
35.196.164.241 - - [31/May/2020:01:29:00 +0900] "GET /error/kr/error.jsp HTTP/1.0" 500 3570
35.196.164.241 - - [31/May/2020:01:29:00 +0900] "GET /home/en/watwedo/overview.do HTTP/1.0" 200 6218
35.196.164.241 - - [31/May/2020:01:30:03 +0900] "GET /error/kr/error.jsp HTTP/1.0" 500 3570
35.196.164.241 - - [31/May/2020:01:30:03 +0900] "GET /home/main/main.do HTTP/1.0" 200 12249
66.249.64.237 - - [31/May/2020:01:31:29 +0900] "GET /error/kr/error.jsp HTTP/1.1" 500 3570
35.196.164.241 - - [31/May/2020:01:35:00 +0900] "GET /error/kr/error.jsp HTTP/1.0" 500 3570
35.196.164.241 - - [31/May/2020:01:35:01 +0900] "GET /home/en/meetourpartners/all.do HTTP/1.0" 200 95227
211.229.146.91 - - [31/May/2020:01:35:53 +0900] "GET /home/whoweare/china.do HTTP/1.1" 200 11536
211.229.146.91 - - [31/May/2020:01:36:05 +0900] "GET /home/whoweare/china.do HTTP/1.1" 200 11536
66.249.64.237 - - [31/May/2020:01:38:01 +0900] "GET /error/kr/error.jsp HTTP/1.1" 500 3570
211.229.146.91 - - [31/May/2020:01:40:55 +0900] "GET /home/whoweare/korea.do HTTP/1.1" 200 43261
35.196.164.241 - - [31/May/2020:01:43:49 +0900] "GET /error/kr/error.jsp HTTP/1.0" 500 3570
35.196.164.241 - - [31/May/2020:01:43:49 +0900] "GET /home/en/watwedo/philosophy.do HTTP/1.0" 200 7112
35.196.164.241 - - [31/May/2020:01:48:18 +0900] "GET /error/kr/error.jsp HTTP/1.0" 500 3570
35.196.164.241 - - [31/May/2020:01:48:18 +0900] "GET /home/en/whoweare/korea.do HTTP/1.0" 200 29641
35.196.164.241 - - [31/May/2020:01:50:58 +0900] "GET /error/kr/error.jsp HTTP/1.0" 500 3570
35.196.164.241 - - [31/May/2020:01:50:59 +0900] "GET /home/en/contact/contact.do HTTP/1.0" 200 5187
35.196.164.241 - - [31/May/2020:01:51:52 +0900] "GET /error/kr/error.jsp HTTP/1.0" 500 3570
35.196.164.241 - - [31/May/2020:01:51:53 +0900] "GET /home/en/meetourpartners/all.do HTTP/1.0" 200 95227
35.196.164.241 - - [31/May/2020:01:51:56 +0900] "GET /error/kr/error.jsp HTTP/1.0" 500 3570
35.196.164.241 - - [31/May/2020:01:51:56 +0900] "GET /home/en/watwedo/overview.do HTTP/1.0" 200 6218
35.196.164.241 - - [31/May/2020:01:51:58 +0900] "GET /error/kr/error.jsp HTTP/1.0" 500 3570
35.196.164.241 - - [31/May/2020:01:51:58 +0900] "GET /home/en/whoweare/korea.do HTTP/1.0" 200 29641
35.196.164.241 - - [31/May/2020:01:52:00 +0900] "GET /error/kr/error.jsp HTTP/1.0" 500 3570
35.196.164.241 - - [31/May/2020:01:52:00 +0900] "GET /home/en/about/about.do HTTP/1.0" 200 16228
35.196.164.241 - - [31/May/2020:01:52:02 +0900] "GET /error/kr/error.jsp HTTP/1.0" 500 3570
35.196.164.241 - - [31/May/2020:01:52:02 +0900] "GET /home/en/contact/contact.do HTTP/1.0" 200 5187
35.196.164.241 - - [31/May/2020:01:52:03 +0900] "GET /error/kr/error.jsp HTTP/1.0" 500 3570
35.196.164.241 - - [31/May/2020:01:52:04 +0900] "GET /home/en/watwedo/philosophy.do HTTP/1.0" 200 7112
35.196.164.241 - - [31/May/2020:01:52:05 +0900] "GET /error/kr/error.jsp HTTP/1.0" 500 3570
35.196.164.241 - - [31/May/2020:01:52:05 +0900] "GET /home/main/main.do HTTP/1.0" 200 12249
40.77.167.64 - - [31/May/2020:01:54:50 +0900] "GET /home/news/news/view.do?page=1&num=13 HTTP/1.1" 200 9159
66.249.64.116 - - [31/May/2020:01:57:48 +0900] "GET /error/kr/error.jsp HTTP/1.1" 500 3762
58.16.251.134 - - [31/May/2020:02:01:32 +0900] "GET /index.jsp HTTP/1.1" 302 -
220.200.165.109 - - [31/May/2020:02:01:39 +0900] "GET /index.jsp HTTP/1.1" 302 -
111.224.234.189 - - [31/May/2020:02:01:52 +0900] "GET /index.jsp HTTP/1.1" 302 -
124.235.138.168 - - [31/May/2020:02:02:06 +0900] "GET /index.jsp HTTP/1.1" 302 -
213.180.203.190 - - [31/May/2020:02:03:17 +0900] "GET /error/kr/error.jsp HTTP/1.1" 500 3570
40.77.167.64 - - [31/May/2020:02:07:59 +0900] "GET /error/kr/error.jsp HTTP/1.1" 500 3570
178.62.60.227 - - [31/May/2020:02:11:54 +0900] "GET /index.jsp HTTP/1.0" 302 -
193.111.62.163 - - [31/May/2020:02:20:11 +0900] "GET /home/news/news/list.do HTTP/1.1" 200 7100
129.204.24.99 - - [31/May/2020:02:20:16 +0900] "GET /error/kr/error.jsp HTTP/1.1" 500 3570
106.161.230.28 - - [31/May/2020:02:22:41 +0900] "GET /index.jsp HTTP/1.1" 302 -
106.161.230.28 - - [31/May/2020:02:22:41 +0900] "GET /home/en/main/main.do HTTP/1.1" 200 11542
106.161.230.28 - - [31/May/2020:02:23:35 +0900] "GET /home/en/whoweare/korea.do HTTP/1.1" 200 29641
106.161.230.28 - - [31/May/2020:02:24:28 +0900] "GET /home/en/meetourpartners/all.do HTTP/1.1" 200 95227
106.161.230.28 - - [31/May/2020:02:24:43 +0900] "GET /home/en/contact/contact.do HTTP/1.1" 200 5187
106.161.230.28 - - [31/May/2020:02:25:07 +0900] "GET /home/en/meetourpartners/all.do HTTP/1.1" 200 95227
106.161.230.28 - - [31/May/2020:02:25:11 +0900] "GET /home/en/whoweare/korea.do HTTP/1.1" 200 29641
106.161.230.28 - - [31/May/2020:02:25:13 +0900] "GET /home/en/main/main.do HTTP/1.1" 200 11542
40.77.167.234 - - [31/May/2020:02:26:13 +0900] "GET /home/en/about/about.do HTTP/1.1" 200 17199
62.210.83.78 - - [31/May/2020:02:27:17 +0900] "GET /index.jsp HTTP/1.1" 302 -
62.210.83.78 - - [31/May/2020:02:27:18 +0900] "GET /home/en/main/main.do HTTP/1.1" 200 11542
157.55.39.224 - - [31/May/2020:02:29:47 +0900] "GET /error/kr/error.jsp HTTP/1.1" 500 3570
178.62.55.19 - - [31/May/2020:02:30:53 +0900] "GET /index.jsp HTTP/1.0" 302 -
220.64.101.12 - - [31/May/2020:02:32:55 +0900] "GET /home/main/main.do HTTP/1.1" 200 12249
157.55.39.224 - - [31/May/2020:02:34:44 +0900] "GET /index.jsp HTTP/1.1" 302 -
157.55.39.224 - - [31/May/2020:02:34:45 +0900] "GET /home/main/main.do HTTP/1.1" 200 12249
37.235.197.175 - - [31/May/2020:02:35:23 +0900] "GET /index.jsp HTTP/1.1" 302 -
172.104.108.109 - - [31/May/2020:02:38:47 +0900] "GET /index.jsp HTTP/1.1" 302 -
103.131.71.39 - - [31/May/2020:02:41:38 +0900] "GET /error/kr/error.jsp HTTP/1.1" 500 3570
103.131.71.40 - - [31/May/2020:02:41:40 +0900] "GET /error/kr/error.jsp HTTP/1.1" 500 3762
103.131.71.47 - - [31/May/2020:02:41:52 +0900] "GET /error/kr/error.jsp HTTP/1.1" 500 3570
209.17.96.218 - - [31/May/2020:02:43:42 +0900] "GET /index.jsp HTTP/1.1" 302 -
40.77.167.64 - - [31/May/2020:02:49:26 +0900] "GET /error/kr/error.jsp HTTP/1.1" 500 3570
40.77.167.234 - - [31/May/2020:02:50:19 +0900] "GET /error/kr/error.jsp HTTP/1.1" 500 3570
157.55.39.224 - - [31/May/2020:02:52:28 +0900] "GET /error/kr/error.jsp HTTP/1.1" 500 3570
178.154.200.215 - - [31/May/2020:02:54:26 +0900] "GET /home/en/about/about.do HTTP/1.1" 200 16228
114.119.162.240 - - [31/May/2020:02:59:54 +0900] "GET /error/kr/error.jsp HTTP/1.1" 500 3570
66.249.72.80 - - [31/May/2020:03:12:37 +0900] "GET /error/kr/error.jsp HTTP/1.1" 500 3570
106.13.103.158 - - [31/May/2020:03:14:03 +0900] "GET /index.jsp HTTP/1.1" 302 -
106.13.103.158 - - [31/May/2020:03:14:03 +0900] "GET /home/en/main/main.do HTTP/1.1" 200 11542
129.204.24.99 - - [31/May/2020:03:20:34 +0900] "GET /error/kr/error.jsp HTTP/1.1" 500 3570
129.204.24.99 - - [31/May/2020:03:21:05 +0900] "HEAD /index.jsp?s=www.yumiaoxa.cn HTTP/1.1" 302 -
129.204.24.99 - - [31/May/2020:03:21:05 +0900] "HEAD /home/main/main.do HTTP/1.1" 200 -
222.122.190.39 - - [31/May/2020:03:22:52 +0900] "GET /index.jsp HTTP/1.1" 302 -
222.122.190.39 - - [31/May/2020:03:22:52 +0900] "GET /home/main/main.do HTTP/1.1" 200 12249
222.122.190.39 - - [31/May/2020:03:22:52 +0900] "GET /index.jsp HTTP/1.1" 302 -
222.122.190.39 - - [31/May/2020:03:22:52 +0900] "GET /home/main/main.do HTTP/1.1" 200 12249
222.122.190.39 - - [31/May/2020:03:22:52 +0900] "GET /error/kr/error.jsp HTTP/1.1" 500 3570
193.111.62.163 - - [31/May/2020:03:26:26 +0900] "GET /home/news/news/list.do HTTP/1.1" 200 7100
40.77.167.64 - - [31/May/2020:03:36:57 +0900] "GET /home/en/contact/contact.do HTTP/1.1" 200 7252
40.77.167.64 - - [31/May/2020:03:49:13 +0900] "GET /error/kr/error.jsp HTTP/1.1" 500 3570
95.163.255.192 - - [31/May/2020:03:50:29 +0900] "GET /error/kr/error.jsp HTTP/1.0" 500 3570
95.163.255.197 - - [31/May/2020:03:50:32 +0900] "GET /error/kr/error.jsp HTTP/1.1" 500 3570
76.248.75.193 - - [31/May/2020:04:00:00 +0900] "GET /index.jsp HTTP/1.1" 302 -
125.209.235.173 - - [31/May/2020:04:06:50 +0900] "GET /index.jsp HTTP/1.1" 302 -
125.209.235.173 - - [31/May/2020:04:06:51 +0900] "GET /home/main/main.do HTTP/1.1" 200 12249
64.233.173.13 - - [31/May/2020:04:11:12 +0900] "GET /index.jsp HTTP/1.1" 302 -
64.233.173.14 - - [31/May/2020:04:11:12 +0900] "GET /home/main/main.do HTTP/1.1" 200 12249
114.119.164.51 - - [31/May/2020:04:15:03 +0900] "GET /error/kr/error.jsp HTTP/1.1" 500 3570
157.55.39.57 - - [31/May/2020:04:19:10 +0900] "GET /error/kr/error.jsp HTTP/1.1" 500 3570
193.111.62.163 - - [31/May/2020:04:20:38 +0900] "GET /home/news/news/list.do HTTP/1.1" 200 7100
129.204.24.99 - - [31/May/2020:04:21:26 +0900] "GET /error/kr/error.jsp HTTP/1.1" 500 3570
38.99.62.91 - - [31/May/2020:04:23:19 +0900] "GET /home/meetourpartners/domestic.do HTTP/1.1" 200 73451
40.77.167.234 - - [31/May/2020:04:23:36 +0900] "GET /error/kr/error.jsp HTTP/1.1" 500 3570
38.99.62.91 - - [31/May/2020:04:23:59 +0900] "GET /home/meetourpartners/all.do HTTP/1.1" 200 101569
38.99.62.91 - - [31/May/2020:04:24:38 +0900] "GET /home/meetourpartners/domestic.do HTTP/1.1" 200 73451
38.99.62.91 - - [31/May/2020:04:26:58 +0900] "GET /home/en/meetourpartners/all.do HTTP/1.1" 200 95227
38.99.62.91 - - [31/May/2020:04:27:37 +0900] "GET /home/meetourpartners/domestic.do HTTP/1.1" 200 73451
101.249.59.134 - - [31/May/2020:04:28:51 +0900] "GET /index.jsp HTTP/1.1" 302 -
38.99.62.91 - - [31/May/2020:04:28:56 +0900] "GET /home/en/meetourpartners/all.do HTTP/1.1" 200 95227
38.99.62.91 - - [31/May/2020:04:30:01 +0900] "GET /home/meetourpartners/domestic.do HTTP/1.1" 200 73451
38.99.62.91 - - [31/May/2020:04:34:07 +0900] "GET /home/meetourpartners/all.do HTTP/1.1" 200 101569
38.99.62.91 - - [31/May/2020:04:34:46 +0900] "GET /home/meetourpartners/domestic.do HTTP/1.1" 200 73451
38.99.62.91 - - [31/May/2020:04:35:25 +0900] "GET /home/meetourpartners/all.do HTTP/1.1" 200 101569
128.14.134.170 - - [31/May/2020:04:35:44 +0900] "GET /index.jsp HTTP/1.1" 302 -
128.14.134.170 - - [31/May/2020:04:35:44 +0900] "GET /home/main/main.do HTTP/1.1" 200 12249
38.99.62.91 - - [31/May/2020:04:35:51 +0900] "GET /home/meetourpartners/domestic.do HTTP/1.1" 200 73451
38.99.62.91 - - [31/May/2020:04:37:35 +0900] "GET /home/meetourpartners/all.do HTTP/1.1" 200 101569
38.99.62.91 - - [31/May/2020:04:38:14 +0900] "GET /home/meetourpartners/domestic.do HTTP/1.1" 200 73451
38.99.62.91 - - [31/May/2020:04:38:54 +0900] "GET /home/en/meetourpartners/all.do HTTP/1.1" 200 95227
38.99.62.91 - - [31/May/2020:04:39:33 +0900] "GET /home/meetourpartners/domestic.do HTTP/1.1" 200 73451
38.99.62.91 - - [31/May/2020:04:44:18 +0900] "GET /home/en/meetourpartners/all.do HTTP/1.1" 200 95227
38.99.62.91 - - [31/May/2020:04:44:58 +0900] "GET /home/meetourpartners/all.do HTTP/1.1" 200 101569
38.99.62.91 - - [31/May/2020:04:45:38 +0900] "GET /home/meetourpartners/domestic.do HTTP/1.1" 200 73451
38.99.62.91 - - [31/May/2020:04:48:01 +0900] "GET /home/en/meetourpartners/all.do HTTP/1.1" 200 95227
38.99.62.91 - - [31/May/2020:04:48:41 +0900] "GET /home/meetourpartners/domestic.do HTTP/1.1" 200 73451
38.99.62.91 - - [31/May/2020:04:50:00 +0900] "GET /home/meetourpartners/all.do HTTP/1.1" 200 101569
38.99.62.91 - - [31/May/2020:04:50:39 +0900] "GET /home/meetourpartners/domestic.do HTTP/1.1" 200 73451
38.99.62.91 - - [31/May/2020:04:51:19 +0900] "GET /home/meetourpartners/all.do HTTP/1.1" 200 101569
38.99.62.91 - - [31/May/2020:04:51:58 +0900] "GET /home/meetourpartners/domestic.do HTTP/1.1" 200 73451
38.99.62.91 - - [31/May/2020:04:53:43 +0900] "GET /home/en/meetourpartners/all.do HTTP/1.1" 200 95227
213.180.203.190 - - [31/May/2020:04:53:55 +0900] "GET /error/kr/error.jsp HTTP/1.1" 500 3570
157.55.39.57 - - [31/May/2020:04:54:52 +0900] "GET /error/kr/error.jsp HTTP/1.1" 500 3570
38.99.62.91 - - [31/May/2020:04:55:01 +0900] "GET /home/meetourpartners/domestic.do HTTP/1.1" 200 73451
38.99.62.91 - - [31/May/2020:04:57:43 +0900] "GET /home/en/meetourpartners/all.do HTTP/1.1" 200 95227
38.99.62.91 - - [31/May/2020:04:58:23 +0900] "GET /home/meetourpartners/all.do HTTP/1.1" 200 101569
66.249.72.80 - - [31/May/2020:04:58:58 +0900] "GET /error/kr/error.jsp HTTP/1.1" 500 3570
38.99.62.91 - - [31/May/2020:04:59:02 +0900] "GET /home/en/meetourpartners/all.do HTTP/1.1" 200 95227
38.99.62.91 - - [31/May/2020:04:59:42 +0900] "GET /home/meetourpartners/domestic.do HTTP/1.1" 200 73451
38.99.62.91 - - [31/May/2020:05:00:46 +0900] "GET /home/meetourpartners/all.do HTTP/1.1" 200 101569
38.99.62.91 - - [31/May/2020:05:01:26 +0900] "GET /home/meetourpartners/domestic.do HTTP/1.1" 200 73451
157.55.39.224 - - [31/May/2020:05:01:39 +0900] "GET /error/kr/error.jsp HTTP/1.1" 500 3570
38.99.62.91 - - [31/May/2020:05:03:23 +0900] "GET /home/meetourpartners/overseas.do HTTP/1.1" 200 32620
38.99.62.91 - - [31/May/2020:05:04:03 +0900] "GET /home/meetourpartners/all.do HTTP/1.1" 200 101569
38.99.62.91 - - [31/May/2020:05:04:43 +0900] "GET /home/meetourpartners/overseas.do HTTP/1.1" 200 32620
38.99.62.91 - - [31/May/2020:05:06:40 +0900] "GET /home/meetourpartners/all.do HTTP/1.1" 200 101569
38.99.62.91 - - [31/May/2020:05:07:20 +0900] "GET /home/meetourpartners/overseas.do HTTP/1.1" 200 32620
38.99.62.91 - - [31/May/2020:05:09:57 +0900] "GET /home/en/meetourpartners/all.do HTTP/1.1" 200 95227
38.99.62.91 - - [31/May/2020:05:10:36 +0900] "GET /home/meetourpartners/overseas.do HTTP/1.1" 200 32620
40.77.167.234 - - [31/May/2020:05:10:36 +0900] "GET /error/kr/error.jsp HTTP/1.1" 500 3570
38.99.62.91 - - [31/May/2020:05:13:38 +0900] "GET /home/meetourpartners/all.do HTTP/1.1" 200 101569
38.99.62.91 - - [31/May/2020:05:14:17 +0900] "GET /home/en/meetourpartners/all.do HTTP/1.1" 200 95227
38.99.62.91 - - [31/May/2020:05:14:57 +0900] "GET /home/en/meetourpartners/all.do HTTP/1.1" 200 95227
38.99.62.91 - - [31/May/2020:05:15:37 +0900] "GET /home/meetourpartners/overseas.do HTTP/1.1" 200 32620
38.99.62.91 - - [31/May/2020:05:18:00 +0900] "GET /home/en/meetourpartners/all.do HTTP/1.1" 200 95227
38.99.62.91 - - [31/May/2020:05:18:39 +0900] "GET /home/meetourpartners/overseas.do HTTP/1.1" 200 32620
38.99.62.91 - - [31/May/2020:05:20:37 +0900] "GET /home/meetourpartners/all.do HTTP/1.1" 200 101569
38.99.62.91 - - [31/May/2020:05:21:16 +0900] "GET /home/meetourpartners/overseas.do HTTP/1.1" 200 32620
129.204.24.99 - - [31/May/2020:05:22:06 +0900] "GET /error/kr/error.jsp HTTP/1.1" 500 3570
129.204.24.99 - - [31/May/2020:05:22:36 +0900] "HEAD /index.jsp?s=www.yumiaoza.cn HTTP/1.1" 302 -
129.204.24.99 - - [31/May/2020:05:22:37 +0900] "HEAD /home/main/main.do HTTP/1.1" 200 -
38.99.62.91 - - [31/May/2020:05:23:39 +0900] "GET /home/meetourpartners/all.do HTTP/1.1" 200 101569
188.166.69.232 - - [31/May/2020:05:26:32 +0900] "GET /index.jsp HTTP/1.1" 302 -
188.166.69.232 - - [31/May/2020:05:26:32 +0900] "GET /home/main/main.do HTTP/1.1" 200 12249
193.111.62.163 - - [31/May/2020:05:28:35 +0900] "GET /home/news/news/list.do HTTP/1.1" 200 7100
180.97.215.22 - - [31/May/2020:05:36:44 +0900] "GET /index.jsp HTTP/1.1" 302 -
180.97.215.22 - - [31/May/2020:05:36:44 +0900] "GET /home/main/main.do HTTP/1.1" 200 8866
180.97.215.22 - - [31/May/2020:05:36:59 +0900] "GET /error/kr/error.jsp HTTP/1.1" 500 3570
180.97.215.22 - - [31/May/2020:05:37:05 +0900] "GET /error/kr/error.jsp HTTP/1.1" 500 3570
180.97.215.22 - - [31/May/2020:05:37:08 +0900] "GET /error/kr/error.jsp HTTP/1.1" 500 3570
180.97.215.22 - - [31/May/2020:05:37:10 +0900] "GET /error/kr/error.jsp HTTP/1.1" 500 3570
180.97.215.22 - - [31/May/2020:05:37:11 +0900] "GET /error/kr/error.jsp HTTP/1.1" 500 3570
180.97.215.22 - - [31/May/2020:05:37:21 +0900] "GET /error/kr/error.jsp HTTP/1.1" 500 3570
34.207.249.20 - - [31/May/2020:05:42:22 +0900] "GET /error/kr/error.jsp HTTP/1.1" 500 3570
34.207.249.20 - - [31/May/2020:05:42:24 +0900] "GET /error/kr/error.jsp HTTP/1.1" 500 3570
118.190.53.55 - - [31/May/2020:05:42:57 +0900] "GET /error/kr/error.jsp HTTP/1.1" 500 3570
40.77.167.234 - - [31/May/2020:05:46:14 +0900] "GET /error/kr/error.jsp HTTP/1.1" 500 3570
108.170.31.91 - - [31/May/2020:05:56:45 +0900] "GET /home/en/whoweare/korea.do HTTP/1.1" 200 43296
108.170.31.91 - - [31/May/2020:05:57:06 +0900] "GET /home/en/whoweare/korea.do HTTP/1.1" 200 29641
157.55.39.224 - - [31/May/2020:06:00:04 +0900] "GET /error/kr/error.jsp HTTP/1.1" 500 3570
157.55.39.224 - - [31/May/2020:06:00:04 +0900] "GET /index.jsp HTTP/1.1" 302 -
157.55.39.29 - - [31/May/2020:06:06:05 +0900] "GET /error/kr/error.jsp HTTP/1.1" 500 3570
40.77.167.64 - - [31/May/2020:06:06:20 +0900] "GET /error/kr/error.jsp HTTP/1.1" 500 3570
66.249.72.82 - - [31/May/2020:06:08:05 +0900] "GET /error/kr/error.jsp HTTP/1.1" 500 3570
45.129.2.70 - - [31/May/2020:06:12:11 +0900] "GET /index.jsp HTTP/1.1" 302 -
45.129.2.70 - - [31/May/2020:06:12:13 +0900] "GET /home/main/main.do HTTP/1.1" 302 -
45.129.2.70 - - [31/May/2020:06:12:24 +0900] "GET /home/main/main.do HTTP/1.1" 200 8866
45.129.2.70 - - [31/May/2020:06:12:39 +0900] "GET /error/kr/error.jsp HTTP/1.1" 500 3570
111.231.205.120 - - [31/May/2020:06:19:24 +0900] "GET /index.jsp HTTP/1.1" 302 -
111.231.205.120 - - [31/May/2020:06:19:24 +0900] "GET /home/en/main/main.do HTTP/1.1" 200 11542
129.204.24.99 - - [31/May/2020:06:22:46 +0900] "GET /error/kr/error.jsp HTTP/1.1" 500 3570
129.204.24.99 - - [31/May/2020:06:23:20 +0900] "HEAD /index.jsp?s=www.yumiaoab.cn HTTP/1.1" 302 -
129.204.24.99 - - [31/May/2020:06:23:20 +0900] "HEAD /home/main/main.do HTTP/1.1" 200 -
106.13.112.245 - - [31/May/2020:06:36:51 +0900] "GET /index.jsp HTTP/1.1" 302 -
106.13.112.245 - - [31/May/2020:06:36:51 +0900] "GET /home/en/main/main.do HTTP/1.1" 200 11542
58.22.65.115 - - [31/May/2020:06:43:08 +0900] "GET /index.jsp HTTP/1.1" 302 -
58.22.65.115 - - [31/May/2020:06:43:08 +0900] "GET /home/en/main/main.do HTTP/1.1" 200 11542
157.55.39.15 - - [31/May/2020:06:53:19 +0900] "GET /error/kr/error.jsp HTTP/1.1" 500 3762
194.153.113.101 - - [31/May/2020:06:53:23 +0900] "GET /error/kr/error.jsp HTTP/1.1" 500 3570
194.153.113.101 - - [31/May/2020:06:53:23 +0900] "GET /index.jsp HTTP/1.1" 302 -
194.153.113.101 - - [31/May/2020:06:53:23 +0900] "GET /home/main/main.do HTTP/1.1" 200 12249
194.153.113.101 - - [31/May/2020:06:53:24 +0900] "GET /error/kr/error.jsp HTTP/1.1" 500 3570
194.153.113.101 - - [31/May/2020:06:53:25 +0900] "HEAD /index.jsp HTTP/1.1" 302 -
194.153.113.101 - - [31/May/2020:06:53:25 +0900] "HEAD /home/main/main.do HTTP/1.1" 200 -
194.153.113.101 - - [31/May/2020:06:53:25 +0900] "GET /index.jsp HTTP/1.1" 302 -
194.153.113.101 - - [31/May/2020:06:53:25 +0900] "GET /home/main/main.do HTTP/1.1" 200 12249
194.153.113.101 - - [31/May/2020:06:53:27 +0900] "GET /error/kr/error.jsp HTTP/1.1" 500 3570
194.153.113.101 - - [31/May/2020:06:53:28 +0900] "GET /index.jsp HTTP/1.1" 302 -
194.153.113.101 - - [31/May/2020:06:53:28 +0900] "GET /home/main/main.do HTTP/1.1" 200 12249
157.55.39.57 - - [31/May/2020:06:53:53 +0900] "GET /home/whoweare/korea.do HTTP/1.1" 200 43261
162.243.144.142 - - [31/May/2020:07:06:49 +0900] "GET /error/kr/error.jsp HTTP/1.1" 500 3570
193.111.62.163 - - [31/May/2020:07:09:09 +0900] "GET /home/news/news/list.do HTTP/1.1" 200 7100
42.123.77.121 - - [31/May/2020:07:11:30 +0900] "GET /error/kr/error.jsp HTTP/1.1" 500 3570
129.204.24.99 - - [31/May/2020:07:22:23 +0900] "GET /error/kr/error.jsp HTTP/1.1" 500 3570
129.204.24.99 - - [31/May/2020:07:22:54 +0900] "HEAD /index.jsp?s=www.yumiaobb.cn HTTP/1.1" 302 -
129.204.24.99 - - [31/May/2020:07:22:54 +0900] "HEAD /home/main/main.do HTTP/1.1" 200 -
119.207.72.69 - - [31/May/2020:07:23:17 +0900] "GET /home/about/about.do HTTP/1.1" 200 14667
119.207.72.168 - - [31/May/2020:07:23:21 +0900] "GET /home/news/news/view.do?page=&num=4 HTTP/1.1" 200 9120
157.55.39.57 - - [31/May/2020:07:26:38 +0900] "GET /error/kr/error.jsp HTTP/1.1" 500 3570
66.249.72.82 - - [31/May/2020:07:29:19 +0900] "GET /error/kr/error.jsp HTTP/1.1" 500 3570
106.13.79.113 - - [31/May/2020:07:30:45 +0900] "GET /index.jsp HTTP/1.1" 302 -
106.13.79.113 - - [31/May/2020:07:30:45 +0900] "GET /home/en/main/main.do HTTP/1.1" 200 11542
119.207.72.71 - - [31/May/2020:07:41:57 +0900] "GET /home/main/main.do HTTP/1.1" 200 12249
213.180.203.190 - - [31/May/2020:07:51:37 +0900] "GET /error/kr/error.jsp HTTP/1.1" 500 3570
213.180.203.190 - - [31/May/2020:07:51:41 +0900] "GET /home/whoweare/china.do HTTP/1.1" 200 10340
119.207.72.115 - - [31/May/2020:07:57:09 +0900] "GET /index.jsp HTTP/1.1" 302 -
119.207.72.115 - - [31/May/2020:07:57:09 +0900] "GET /home/main/main.do HTTP/1.1" 200 12249
119.207.72.116 - - [31/May/2020:07:57:19 +0900] "GET /index.jsp HTTP/1.1" 302 -
119.207.72.116 - - [31/May/2020:07:57:19 +0900] "GET /home/main/main.do HTTP/1.1" 200 12249
157.55.39.42 - - [31/May/2020:08:01:55 +0900] "GET /home/meetourpartners/all.do HTTP/1.1" 200 101569
95.216.96.242 - - [31/May/2020:08:04:22 +0900] "GET /error/kr/error.jsp HTTP/1.1" 500 3570
95.216.96.242 - - [31/May/2020:08:04:24 +0900] "GET /index.jsp HTTP/1.1" 302 -
95.216.96.242 - - [31/May/2020:08:04:26 +0900] "GET /home/main/main.do HTTP/1.1" 200 12249
95.216.96.242 - - [31/May/2020:08:04:30 +0900] "GET /home/en/main/main.do HTTP/1.1" 200 11542
95.216.96.242 - - [31/May/2020:08:04:32 +0900] "GET /home/watwedo/overview.do HTTP/1.1" 200 6276
95.216.96.242 - - [31/May/2020:08:04:35 +0900] "GET /home/whoweare/korea.do HTTP/1.1" 200 29677
95.216.96.242 - - [31/May/2020:08:04:38 +0900] "GET /home/meetourpartners/all.do HTTP/1.1" 200 101569
95.216.96.242 - - [31/May/2020:08:04:42 +0900] "GET /home/news/news/list.do HTTP/1.1" 200 7100
95.216.96.242 - - [31/May/2020:08:04:46 +0900] "GET /home/contact/contact.do HTTP/1.1" 200 5224
95.216.96.242 - - [31/May/2020:08:04:48 +0900] "GET /home/about/about.do HTTP/1.1" 200 14667
40.77.167.64 - - [31/May/2020:08:08:44 +0900] "GET /error/kr/error.jsp HTTP/1.1" 500 3570
119.207.72.113 - - [31/May/2020:08:11:22 +0900] "GET /index.jsp HTTP/1.1" 302 -
119.207.72.113 - - [31/May/2020:08:11:22 +0900] "GET /home/main/main.do HTTP/1.1" 200 12249
119.207.72.75 - - [31/May/2020:08:11:31 +0900] "GET /index.jsp HTTP/1.1" 302 -
119.207.72.75 - - [31/May/2020:08:11:31 +0900] "GET /home/main/main.do HTTP/1.1" 200 12249
40.77.167.234 - - [31/May/2020:08:14:12 +0900] "GET /error/kr/error.jsp HTTP/1.1" 500 3570
121.254.147.237 - - [31/May/2020:08:14:18 +0900] "GET /index.jsp HTTP/1.1" 302 -
121.254.147.237 - - [31/May/2020:08:14:18 +0900] "GET /home/en/main/main.do HTTP/1.1" 200 11542
66.249.72.22 - - [31/May/2020:08:18:42 +0900] "GET /error/kr/error.jsp HTTP/1.1" 500 3762
193.111.62.163 - - [31/May/2020:08:21:51 +0900] "GET /home/news/news/list.do HTTP/1.1" 200 7100
129.204.24.99 - - [31/May/2020:08:22:23 +0900] "GET /error/kr/error.jsp HTTP/1.1" 500 3570
129.204.24.99 - - [31/May/2020:08:22:57 +0900] "HEAD /index.jsp?s=www.yumiaocb.cn HTTP/1.1" 302 -
129.204.24.99 - - [31/May/2020:08:22:57 +0900] "HEAD /home/main/main.do HTTP/1.1" 200 -
193.42.99.162 - - [31/May/2020:08:22:59 +0900] "GET /error/kr/error.jsp HTTP/1.0" 500 3570
119.207.72.117 - - [31/May/2020:08:26:01 +0900] "GET /home/news/news/view.do?num=3 HTTP/1.1" 200 5573
40.77.167.64 - - [31/May/2020:08:32:34 +0900] "GET /error/kr/error.jsp HTTP/1.1" 500 3570
157.55.39.42 - - [31/May/2020:08:34:11 +0900] "GET /error/kr/error.jsp HTTP/1.1" 500 3570
18.216.199.159 - - [31/May/2020:08:40:38 +0900] "GET /index.jsp HTTP/1.1" 302 -
18.216.199.159 - - [31/May/2020:08:40:38 +0900] "GET /index.jsp HTTP/1.1" 302 -
18.216.199.159 - - [31/May/2020:08:40:38 +0900] "GET /home/en/main/main.do HTTP/1.1" 200 11542
18.216.199.159 - - [31/May/2020:08:40:38 +0900] "GET /home/en/main/main.do HTTP/1.1" 200 11542
18.216.199.159 - - [31/May/2020:08:40:39 +0900] "GET /index.jsp HTTP/1.1" 302 -
18.216.199.159 - - [31/May/2020:08:40:39 +0900] "GET /home/main/main.do HTTP/1.1" 200 12249
18.216.199.159 - - [31/May/2020:08:40:43 +0900] "GET /error/kr/error.jsp HTTP/1.1" 500 3570
119.207.72.108 - - [31/May/2020:08:59:21 +0900] "GET /index.jsp HTTP/1.1" 302 -
119.207.72.108 - - [31/May/2020:08:59:21 +0900] "GET /home/main/main.do HTTP/1.1" 200 12249
66.249.75.38 - - [31/May/2020:09:00:10 +0900] "GET /error/kr/error.jsp HTTP/1.1" 500 3570
52.37.61.236 - - [31/May/2020:09:06:06 +0900] "GET /error/kr/error.jsp HTTP/1.1" 500 3570
54.200.63.238 - - [31/May/2020:09:06:08 +0900] "GET /error/kr/error.jsp HTTP/1.1" 500 3570
52.37.61.236 - - [31/May/2020:09:06:11 +0900] "GET /error/kr/error.jsp HTTP/1.1" 500 3570
101.133.129.253 - - [31/May/2020:09:06:51 +0900] "HEAD /index.jsp HTTP/1.1" 302 -
101.133.129.253 - - [31/May/2020:09:06:55 +0900] "GET /index.jsp HTTP/1.1" 302 -
101.133.129.253 - - [31/May/2020:09:06:55 +0900] "GET /home/en/main/main.do HTTP/1.1" 200 11542
193.42.99.162 - - [31/May/2020:09:09:30 +0900] "GET /error/kr/error.jsp HTTP/1.0" 500 3570
66.249.72.80 - - [31/May/2020:09:17:59 +0900] "GET /error/kr/error.jsp HTTP/1.1" 500 3570
40.77.167.234 - - [31/May/2020:09:18:02 +0900] "GET /error/kr/error.jsp HTTP/1.1" 500 3570
129.204.24.99 - - [31/May/2020:09:23:20 +0900] "GET /error/kr/error.jsp HTTP/1.1" 500 3570
40.77.167.234 - - [31/May/2020:09:23:50 +0900] "GET /error/kr/error.jsp HTTP/1.1" 500 3570
129.204.24.99 - - [31/May/2020:09:23:51 +0900] "HEAD /index.jsp?s=www.yumiaodb.cn HTTP/1.1" 302 -
129.204.24.99 - - [31/May/2020:09:23:51 +0900] "HEAD /home/main/main.do HTTP/1.1" 200 -
223.62.175.175 - - [31/May/2020:09:25:21 +0900] "GET /home/whoweare/korea.do HTTP/1.1" 302 -
223.62.175.175 - - [31/May/2020:09:25:22 +0900] "GET /home/whoweare/korea.do HTTP/1.1" 200 43261
223.62.175.175 - - [31/May/2020:09:25:52 +0900] "GET /home/whoweare/korea.do HTTP/1.1" 302 -
223.62.175.175 - - [31/May/2020:09:25:53 +0900] "GET /home/whoweare/korea.do HTTP/1.1" 200 43261
223.62.175.175 - - [31/May/2020:09:25:54 +0900] "GET /home/whoweare/china.do HTTP/1.1" 200 11536
223.62.175.175 - - [31/May/2020:09:27:25 +0900] "GET /home/whoweare/korea.do HTTP/1.1" 302 -
223.62.175.175 - - [31/May/2020:09:27:25 +0900] "GET /home/whoweare/korea.do HTTP/1.1" 200 43261
223.62.175.175 - - [31/May/2020:09:27:29 +0900] "GET /home/whoweare/korea.do HTTP/1.1" 302 -
223.62.175.175 - - [31/May/2020:09:27:29 +0900] "GET /home/whoweare/korea.do HTTP/1.1" 200 43261
223.62.175.175 - - [31/May/2020:09:27:40 +0900] "GET /home/whoweare/korea.do HTTP/1.1" 302 -
223.62.175.175 - - [31/May/2020:09:27:40 +0900] "GET /home/whoweare/korea.do HTTP/1.1" 200 43261
193.111.62.163 - - [31/May/2020:09:32:49 +0900] "GET /home/news/news/list.do HTTP/1.1" 200 7100
52.25.50.11 - - [31/May/2020:09:42:42 +0900] "GET /error/kr/error.jsp HTTP/1.1" 500 3570
52.25.50.11 - - [31/May/2020:09:42:44 +0900] "GET /error/kr/error.jsp HTTP/1.1" 500 3570
66.249.75.62 - - [31/May/2020:09:50:28 +0900] "GET /error/kr/error.jsp HTTP/1.1" 500 3570
119.207.72.73 - - [31/May/2020:09:56:58 +0900] "GET /home/main/main.do HTTP/1.1" 200 12249
119.207.72.113 - - [31/May/2020:09:56:58 +0900] "GET /home/main/main.do HTTP/1.1" 200 12249
119.207.72.78 - - [31/May/2020:09:59:30 +0900] "GET /home/whoweare/korea.do HTTP/1.1" 200 29677
119.207.72.67 - - [31/May/2020:09:59:38 +0900] "GET /home/whoweare/korea.do HTTP/1.1" 200 29677
18.207.120.96 - - [31/May/2020:10:01:56 +0900] "GET /error/kr/error.jsp HTTP/1.0" 500 3570
116.127.144.145 - - [31/May/2020:10:09:38 +0900] "GET /index.jsp HTTP/1.1" 302 -
116.127.144.145 - - [31/May/2020:10:09:38 +0900] "GET /home/main/main.do HTTP/1.1" 302 -
116.127.144.145 - - [31/May/2020:10:09:39 +0900] "GET /home/main/main.do HTTP/1.1" 200 8866
116.127.144.145 - - [31/May/2020:10:09:39 +0900] "GET /error/kr/error.jsp HTTP/1.1" 500 3762
116.127.144.145 - - [31/May/2020:10:09:42 +0900] "GET /home/whoweare/korea.do HTTP/1.1" 200 43261
116.127.144.145 - - [31/May/2020:10:09:56 +0900] "GET /home/whoweare/korea.do HTTP/1.1" 200 43261
116.127.144.145 - - [31/May/2020:10:10:16 +0900] "GET /home/whoweare/korea.do HTTP/1.1" 200 43261
116.127.144.145 - - [31/May/2020:10:10:47 +0900] "GET /home/whoweare/china.do HTTP/1.1" 200 11536
116.127.144.145 - - [31/May/2020:10:11:04 +0900] "GET /error/kr/error.jsp HTTP/1.1" 500 3762
193.111.62.163 - - [31/May/2020:10:18:52 +0900] "GET /home/news/news/list.do HTTP/1.1" 200 7100
108.170.31.91 - - [31/May/2020:10:19:22 +0900] "GET /home/en/whoweare/korea.do HTTP/1.1" 200 29641
120.24.208.19 - - [31/May/2020:10:20:19 +0900] "GET /error/kr/error.jsp HTTP/1.1" 500 3570
120.24.208.19 - - [31/May/2020:10:20:20 +0900] "GET /error/kr/error.jsp HTTP/1.1" 500 3570
157.55.39.29 - - [31/May/2020:10:21:22 +0900] "GET /error/kr/error.jsp HTTP/1.1" 500 3570
129.204.24.99 - - [31/May/2020:10:24:05 +0900] "GET /error/kr/error.jsp HTTP/1.1" 500 3570
34.73.208.231 - - [31/May/2020:10:24:25 +0900] "GET /error/kr/error.jsp HTTP/1.0" 500 3570
34.73.208.231 - - [31/May/2020:10:24:26 +0900] "GET /home/en/about/about.do HTTP/1.0" 200 16228
129.204.24.99 - - [31/May/2020:10:24:34 +0900] "HEAD /index.jsp?s=www.yumiaoeb.cn HTTP/1.1" 302 -
129.204.24.99 - - [31/May/2020:10:24:34 +0900] "HEAD /home/main/main.do HTTP/1.1" 200 -
157.55.39.42 - - [31/May/2020:10:25:29 +0900] "GET /error/kr/error.jsp HTTP/1.1" 500 3570
34.73.208.231 - - [31/May/2020:10:30:31 +0900] "GET /error/kr/error.jsp HTTP/1.0" 500 3570
34.73.208.231 - - [31/May/2020:10:30:31 +0900] "GET /home/en/watwedo/overview.do HTTP/1.0" 200 6218
34.73.208.231 - - [31/May/2020:10:31:37 +0900] "GET /error/kr/error.jsp HTTP/1.0" 500 3570
34.73.208.231 - - [31/May/2020:10:31:37 +0900] "GET /home/main/main.do HTTP/1.0" 200 12249
23.237.4.26 - - [31/May/2020:10:34:04 +0900] "GET /index.jsp HTTP/1.0" 302 -
23.237.4.26 - - [31/May/2020:10:34:04 +0900] "GET /home/main/main.do HTTP/1.0" 200 12249
34.73.208.231 - - [31/May/2020:10:36:49 +0900] "GET /error/kr/error.jsp HTTP/1.0" 500 3570
34.73.208.231 - - [31/May/2020:10:36:50 +0900] "GET /home/en/meetourpartners/all.do HTTP/1.0" 200 95227
183.104.185.190 - - [31/May/2020:10:42:04 +0900] "GET /filter/checker.jsp?campaignID=715&email=hgy2771@naver.com&responseEnd=2018-12-28 HTTP/1.1" 404 3570
183.104.185.190 - - [31/May/2020:10:42:07 +0900] "GET /filter/checker.jsp?campaignID=715&email=hgy2771@naver.com&responseEnd=2018-12-28 HTTP/1.1" 404 3570
119.207.72.117 - - [31/May/2020:10:45:37 +0900] "GET /home/meetourpartners/all.do HTTP/1.1" 200 101569
34.73.208.231 - - [31/May/2020:10:45:49 +0900] "GET /error/kr/error.jsp HTTP/1.0" 500 3570
34.73.208.231 - - [31/May/2020:10:45:49 +0900] "GET /home/en/watwedo/philosophy.do HTTP/1.0" 200 7112
34.73.208.231 - - [31/May/2020:10:50:17 +0900] "GET /error/kr/error.jsp HTTP/1.0" 500 3570
34.73.208.231 - - [31/May/2020:10:50:17 +0900] "GET /home/en/whoweare/korea.do HTTP/1.0" 200 29641
34.73.208.231 - - [31/May/2020:10:53:01 +0900] "GET /error/kr/error.jsp HTTP/1.0" 500 3570
34.73.208.231 - - [31/May/2020:10:53:02 +0900] "GET /home/en/contact/contact.do HTTP/1.0" 200 5187
34.73.208.231 - - [31/May/2020:10:53:55 +0900] "GET /error/kr/error.jsp HTTP/1.0" 500 3570
34.73.208.231 - - [31/May/2020:10:53:55 +0900] "GET /home/en/meetourpartners/all.do HTTP/1.0" 200 95227
34.73.208.231 - - [31/May/2020:10:53:58 +0900] "GET /error/kr/error.jsp HTTP/1.0" 500 3570
34.73.208.231 - - [31/May/2020:10:53:59 +0900] "GET /home/en/watwedo/overview.do HTTP/1.0" 200 6218
34.73.208.231 - - [31/May/2020:10:54:00 +0900] "GET /error/kr/error.jsp HTTP/1.0" 500 3570
34.73.208.231 - - [31/May/2020:10:54:01 +0900] "GET /home/en/whoweare/korea.do HTTP/1.0" 200 29641
34.73.208.231 - - [31/May/2020:10:54:02 +0900] "GET /error/kr/error.jsp HTTP/1.0" 500 3570
34.73.208.231 - - [31/May/2020:10:54:03 +0900] "GET /home/en/about/about.do HTTP/1.0" 200 16228
34.73.208.231 - - [31/May/2020:10:54:04 +0900] "GET /error/kr/error.jsp HTTP/1.0" 500 3570
34.73.208.231 - - [31/May/2020:10:54:05 +0900] "GET /home/en/contact/contact.do HTTP/1.0" 200 5187
34.73.208.231 - - [31/May/2020:10:54:06 +0900] "GET /error/kr/error.jsp HTTP/1.0" 500 3570
34.73.208.231 - - [31/May/2020:10:54:07 +0900] "GET /home/en/watwedo/philosophy.do HTTP/1.0" 200 7112
34.73.208.231 - - [31/May/2020:10:54:08 +0900] "GET /error/kr/error.jsp HTTP/1.0" 500 3570
34.73.208.231 - - [31/May/2020:10:54:08 +0900] "GET /home/main/main.do HTTP/1.0" 200 12249
13.68.255.211 - - [31/May/2020:11:05:27 +0900] "GET /error/kr/error.jsp HTTP/1.0" 500 3570
157.55.39.159 - - [31/May/2020:11:05:41 +0900] "GET /error/kr/error.jsp HTTP/1.1" 500 3570
40.77.167.64 - - [31/May/2020:11:18:46 +0900] "GET /error/kr/error.jsp HTTP/1.1" 500 3570
36.78.46.209 - - [31/May/2020:11:20:39 +0900] "GET /index.jsp HTTP/1.1" 302 -
157.55.39.159 - - [31/May/2020:11:21:01 +0900] "GET /error/kr/error.jsp HTTP/1.1" 500 3570
40.77.167.64 - - [31/May/2020:11:23:09 +0900] "GET /error/kr/error.jsp HTTP/1.1" 500 3570
129.204.24.99 - - [31/May/2020:11:24:29 +0900] "GET /error/kr/error.jsp HTTP/1.1" 500 3570
129.204.24.99 - - [31/May/2020:11:25:03 +0900] "HEAD /index.jsp?s=www.yumiaogb.cn HTTP/1.1" 302 -
129.204.24.99 - - [31/May/2020:11:25:03 +0900] "HEAD /home/main/main.do HTTP/1.1" 200 -
221.213.75.144 - - [31/May/2020:11:29:07 +0900] "GET /index.jsp HTTP/1.1" 302 -
193.111.62.163 - - [31/May/2020:11:33:15 +0900] "GET /home/news/news/list.do HTTP/1.1" 200 7100
119.207.72.111 - - [31/May/2020:11:41:46 +0900] "GET /home/contact/contact.do HTTP/1.1" 200 5224
119.207.72.116 - - [31/May/2020:11:42:20 +0900] "GET /home/whoweare/korea.do HTTP/1.1" 200 29677
178.93.20.135 - - [31/May/2020:12:12:33 +0900] "GET /index.jsp HTTP/1.1" 302 -
42.123.77.121 - - [31/May/2020:12:17:52 +0900] "GET /error/kr/error.jsp HTTP/1.1" 500 3570
129.204.24.99 - - [31/May/2020:12:24:20 +0900] "GET /error/kr/error.jsp HTTP/1.1" 500 3570
129.204.24.99 - - [31/May/2020:12:24:54 +0900] "HEAD /index.jsp?s=www.yumiaofb.cn HTTP/1.1" 302 -
193.111.62.163 - - [31/May/2020:12:25:46 +0900] "GET /home/news/news/list.do HTTP/1.1" 200 7100
120.84.11.124 - - [31/May/2020:12:27:32 +0900] "GET /error/kr/error.jsp HTTP/1.1" 500 3570
119.207.72.69 - - [31/May/2020:12:31:18 +0900] "GET /home/watwedo/philosophy.do HTTP/1.1" 200 7162
157.55.39.42 - - [31/May/2020:12:36:52 +0900] "GET /index.jsp HTTP/1.1" 302 -
36.111.152.175 - - [31/May/2020:12:38:39 +0900] "GET /error/kr/error.jsp HTTP/1.1" 500 3570
118.190.53.55 - - [31/May/2020:12:40:21 +0900] "GET /error/kr/error.jsp HTTP/1.1" 500 3570
118.190.53.55 - - [31/May/2020:12:41:29 +0900] "GET /error/kr/error.jsp HTTP/1.1" 500 3570
51.254.59.113 - - [31/May/2020:12:41:49 +0900] "GET /index.jsp HTTP/1.1" 302 -
51.254.59.113 - - [31/May/2020:12:41:50 +0900] "GET /home/main/main.do HTTP/1.1" 200 12249
66.249.72.78 - - [31/May/2020:12:52:03 +0900] "GET /error/kr/error.jsp HTTP/1.1" 500 3570
157.55.39.42 - - [31/May/2020:13:01:14 +0900] "GET /index.jsp HTTP/1.1" 302 -
157.55.39.159 - - [31/May/2020:13:03:50 +0900] "GET /error/kr/error.jsp HTTP/1.1" 500 3570
157.55.39.42 - - [31/May/2020:13:07:58 +0900] "GET /error/kr/error.jsp HTTP/1.1" 500 3570
121.147.243.248 - - [31/May/2020:13:10:27 +0900] "GET /filter/checker.jsp?campaignID=663&email=cham0654@naver.com&responseEnd=2018-12-30 HTTP/1.1" 404 3570
157.55.39.159 - - [31/May/2020:13:13:04 +0900] "GET /error/kr/error.jsp HTTP/1.1" 500 3762
49.233.160.137 - - [31/May/2020:13:19:24 +0900] "GET /index.jsp HTTP/1.1" 302 -
49.233.160.137 - - [31/May/2020:13:19:24 +0900] "GET /home/main/main.do HTTP/1.1" 200 12249
40.77.167.64 - - [31/May/2020:13:21:13 +0900] "GET /error/kr/error.jsp HTTP/1.1" 500 3570
129.204.24.99 - - [31/May/2020:13:23:59 +0900] "GET /error/kr/error.jsp HTTP/1.1" 500 3570
129.204.24.99 - - [31/May/2020:13:24:28 +0900] "HEAD /index.jsp?s=www.yumiaoib.cn HTTP/1.1" 302 -
129.204.24.99 - - [31/May/2020:13:24:28 +0900] "HEAD /home/main/main.do HTTP/1.1" 200 -
222.211.249.157 - - [31/May/2020:13:24:29 +0900] "GET /error/kr/error.jsp HTTP/1.1" 500 3570
40.77.167.64 - - [31/May/2020:13:26:14 +0900] "GET /error/kr/error.jsp HTTP/1.1" 500 3570
118.31.111.216 - - [31/May/2020:13:31:34 +0900] "GET /error/kr/error.jsp HTTP/1.1" 500 3570
119.207.72.70 - - [31/May/2020:13:31:49 +0900] "GET /index.jsp HTTP/1.1" 302 -
119.207.72.70 - - [31/May/2020:13:31:49 +0900] "GET /home/main/main.do HTTP/1.1" 200 12249
95.216.96.242 - - [31/May/2020:13:34:38 +0900] "GET /home/news/news/view.do?num=1 HTTP/1.1" 200 8971
95.216.96.242 - - [31/May/2020:13:34:41 +0900] "GET /home/news/news/view.do?num=2 HTTP/1.1" 200 6974
95.216.96.242 - - [31/May/2020:13:34:43 +0900] "GET /home/news/news/view.do?num=3 HTTP/1.1" 200 5573
95.216.96.242 - - [31/May/2020:13:34:49 +0900] "GET /home/watwedo/philosophy.do HTTP/1.1" 200 7162
95.216.96.242 - - [31/May/2020:13:34:54 +0900] "GET /home/en/watwedo/overview.do HTTP/1.1" 200 6218
95.216.96.242 - - [31/May/2020:13:34:59 +0900] "GET /home/en/whoweare/korea.do HTTP/1.1" 200 29641
95.216.96.242 - - [31/May/2020:13:35:05 +0900] "GET /home/en/meetourpartners/all.do HTTP/1.1" 200 95227
95.216.96.242 - - [31/May/2020:13:35:10 +0900] "GET /home/en/contact/contact.do HTTP/1.1" 200 5187
95.216.96.242 - - [31/May/2020:13:35:13 +0900] "GET /home/en/about/about.do HTTP/1.1" 200 16228
95.216.96.242 - - [31/May/2020:13:35:17 +0900] "GET /home/en/watwedo/philosophy.do HTTP/1.1" 200 7112
95.216.96.242 - - [31/May/2020:13:35:21 +0900] "GET /home/watwedo/history.do HTTP/1.1" 200 10890
193.111.62.163 - - [31/May/2020:13:35:57 +0900] "GET /home/news/news/list.do HTTP/1.1" 200 7100
54.236.1.12 - - [31/May/2020:13:39:16 +0900] "GET /error/kr/error.jsp HTTP/1.1" 500 3570
54.236.1.12 - - [31/May/2020:13:39:16 +0900] "GET /error/kr/error.jsp HTTP/1.1" 500 3570
66.249.72.24 - - [31/May/2020:13:42:29 +0900] "GET /error/kr/error.jsp HTTP/1.1" 500 3762
207.46.13.2 - - [31/May/2020:13:55:43 +0900] "GET /error/kr/error.jsp HTTP/1.1" 500 3762
125.126.219.139 - - [31/May/2020:14:06:51 +0900] "GET /home/en/contact/contact.do HTTP/1.1" 200 7252
157.55.39.159 - - [31/May/2020:14:15:25 +0900] "GET /error/kr/error.jsp HTTP/1.1" 500 3570
157.55.39.159 - - [31/May/2020:14:19:52 +0900] "GET /error/kr/error.jsp HTTP/1.1" 500 3570
129.204.24.99 - - [31/May/2020:14:22:34 +0900] "GET /error/kr/error.jsp HTTP/1.1" 500 3570
129.204.24.99 - - [31/May/2020:14:23:05 +0900] "HEAD /index.jsp?s=www.yumiaohb.cn HTTP/1.1" 302 -
129.204.24.99 - - [31/May/2020:14:23:05 +0900] "HEAD /home/main/main.do HTTP/1.1" 200 -
207.46.13.2 - - [31/May/2020:14:26:01 +0900] "GET /error/kr/error.jsp HTTP/1.1" 500 3570
207.46.13.2 - - [31/May/2020:14:26:01 +0900] "GET /home/main/main.do HTTP/1.1" 200 12249
207.46.13.2 - - [31/May/2020:14:26:02 +0900] "GET /error/kr/error.jsp HTTP/1.1" 500 3570
207.46.13.2 - - [31/May/2020:14:26:02 +0900] "GET /error/kr/error.jsp HTTP/1.1" 500 3570
45.229.53.190 - - [31/May/2020:14:30:22 +0900] "GET /index.jsp HTTP/1.1" 302 -
193.111.62.163 - - [31/May/2020:14:35:01 +0900] "GET /home/news/news/list.do HTTP/1.1" 200 7100
157.55.39.42 - - [31/May/2020:15:01:50 +0900] "GET /error/kr/error.jsp HTTP/1.1" 500 3570
153.212.104.204 - - [31/May/2020:15:10:05 +0900] "GET /error/kr/error.jsp HTTP/1.1" 500 3762
162.243.145.80 - - [31/May/2020:15:11:42 +0900] "GET /index.jsp HTTP/1.1" 302 -
139.5.223.93 - - [31/May/2020:15:13:50 +0900] "GET /index.jsp HTTP/1.1" 302 -
129.204.24.99 - - [31/May/2020:15:21:14 +0900] "GET /error/kr/error.jsp HTTP/1.1" 500 3570
129.204.24.99 - - [31/May/2020:15:21:38 +0900] "HEAD /index.jsp?s=www.yumiaokb.cn HTTP/1.1" 302 -
129.204.24.99 - - [31/May/2020:15:21:38 +0900] "HEAD /home/main/main.do HTTP/1.1" 200 -
193.111.62.163 - - [31/May/2020:15:23:41 +0900] "GET /home/news/news/list.do HTTP/1.1" 200 7100
103.131.71.143 - - [31/May/2020:15:30:42 +0900] "GET /error/kr/error.jsp HTTP/1.1" 500 3570
103.131.71.136 - - [31/May/2020:15:30:44 +0900] "GET /error/kr/error.jsp HTTP/1.1" 500 3762
103.131.71.131 - - [31/May/2020:15:30:46 +0900] "GET /home/en/whoweare/korea.do HTTP/1.1" 200 43296
103.131.71.131 - - [31/May/2020:15:30:48 +0900] "GET /error/kr/error.jsp HTTP/1.1" 500 3570
103.131.71.143 - - [31/May/2020:15:30:50 +0900] "GET /home/en/main/main.do HTTP/1.1" 200 11542
207.46.13.2 - - [31/May/2020:15:33:43 +0900] "GET /home/main/main.do HTTP/1.1" 200 12249
66.249.72.78 - - [31/May/2020:15:38:42 +0900] "GET /error/kr/error.jsp HTTP/1.1" 500 3570
119.207.72.186 - - [31/May/2020:15:39:33 +0900] "GET /index.jsp HTTP/1.1" 302 -
119.207.72.186 - - [31/May/2020:15:39:33 +0900] "GET /home/main/main.do HTTP/1.1" 200 12249
103.74.16.251 - - [31/May/2020:15:45:08 +0900] "GET /index.jsp HTTP/1.1" 302 -
103.74.16.251 - - [31/May/2020:15:45:09 +0900] "GET /home/en/main/main.do HTTP/1.1" 200 11542
119.207.72.75 - - [31/May/2020:15:47:48 +0900] "GET /home/news/news/list.do HTTP/1.1" 200 7100
119.207.72.117 - - [31/May/2020:15:47:50 +0900] "GET /home/news/news/list.do HTTP/1.1" 200 7100
207.46.13.2 - - [31/May/2020:15:48:00 +0900] "GET /error/kr/error.jsp HTTP/1.1" 500 3570
218.38.165.172 - - [31/May/2020:15:50:06 +0900] "GET /index.jsp HTTP/1.1" 302 -
218.38.165.172 - - [31/May/2020:15:50:06 +0900] "GET /home/main/main.do HTTP/1.1" 200 12249
218.38.165.172 - - [31/May/2020:15:50:12 +0900] "GET /home/watwedo/overview.do HTTP/1.1" 200 6276
218.38.165.172 - - [31/May/2020:15:50:20 +0900] "GET /home/meetourpartners/all.do HTTP/1.1" 200 101569
218.38.165.172 - - [31/May/2020:15:52:35 +0900] "GET /home/main/main.do HTTP/1.1" 200 12249
40.77.167.64 - - [31/May/2020:16:01:01 +0900] "GET /home/news/news/view.do?page=1&num=13 HTTP/1.1" 200 9159
42.123.77.121 - - [31/May/2020:16:01:21 +0900] "GET /error/kr/error.jsp HTTP/1.1" 500 3570
121.254.147.237 - - [31/May/2020:16:01:32 +0900] "GET /index.jsp HTTP/1.1" 302 -
121.254.147.237 - - [31/May/2020:16:01:32 +0900] "GET /home/en/main/main.do HTTP/1.1" 200 11542
59.29.71.110 - - [31/May/2020:16:03:17 +0900] "GET /filter/checker.jsp?campaignID=670&email=ninadyd@naver.com&responseEnd=2018-12-30 HTTP/1.1" 404 3570
66.249.72.82 - - [31/May/2020:16:05:56 +0900] "GET /error/kr/error.jsp HTTP/1.1" 500 3570
223.33.181.100 - - [31/May/2020:16:08:00 +0900] "GET /index.jsp HTTP/1.1" 302 -
223.33.181.100 - - [31/May/2020:16:08:00 +0900] "GET /home/main/main.do HTTP/1.1" 200 8866
223.33.181.100 - - [31/May/2020:16:08:00 +0900] "GET /error/kr/error.jsp HTTP/1.1" 500 3762
207.46.13.2 - - [31/May/2020:16:09:53 +0900] "GET /home/en/about/about.do HTTP/1.1" 200 17199
157.55.39.42 - - [31/May/2020:16:11:49 +0900] "GET /error/kr/error.jsp HTTP/1.1" 500 3570
40.77.167.64 - - [31/May/2020:16:13:25 +0900] "GET /error/kr/error.jsp HTTP/1.1" 500 3570
35.192.48.70 - - [31/May/2020:16:18:07 +0900] "GET /index.jsp HTTP/1.1" 302 -
35.192.48.70 - - [31/May/2020:16:18:08 +0900] "GET /home/en/main/main.do HTTP/1.1" 200 11542
118.190.53.55 - - [31/May/2020:16:19:16 +0900] "GET /error/kr/error.jsp HTTP/1.1" 500 3570
17.58.101.3 - - [31/May/2020:16:19:56 +0900] "GET /error/kr/error.jsp HTTP/1.1" 500 3570
17.58.101.93 - - [31/May/2020:16:19:56 +0900] "GET /home/contact/contact.do HTTP/1.1" 200 5224
129.204.24.99 - - [31/May/2020:16:20:17 +0900] "GET /error/kr/error.jsp HTTP/1.1" 500 3570
211.249.42.241 - - [31/May/2020:16:22:24 +0900] "GET /index.jsp HTTP/1.1" 302 -
211.249.42.241 - - [31/May/2020:16:22:25 +0900] "GET /home/en/main/main.do HTTP/1.1" 200 11542
49.7.20.89 - - [31/May/2020:16:25:17 +0900] "GET /index.jsp HTTP/1.1" 302 -
180.97.106.17 - - [31/May/2020:16:25:36 +0900] "GET /home/en/main/main.do HTTP/1.0" 200 8565
49.7.20.89 - - [31/May/2020:16:26:21 +0900] "GET /home/en/main/main.do HTTP/1.1" 200 11542
220.118.188.232 - - [31/May/2020:16:28:27 +0900] "GET /index.jsp HTTP/1.1" 302 -
220.118.188.232 - - [31/May/2020:16:28:27 +0900] "GET /home/main/main.do HTTP/1.1" 200 8866
220.118.188.232 - - [31/May/2020:16:28:30 +0900] "GET /error/kr/error.jsp HTTP/1.1" 500 3762
220.118.188.232 - - [31/May/2020:16:28:36 +0900] "GET /home/watwedo/overview.do HTTP/1.1" 200 7207
203.217.242.13 - - [31/May/2020:16:35:14 +0900] "GET /home/meetourpartners/all.do HTTP/1.1" 200 101569
193.111.62.163 - - [31/May/2020:16:35:45 +0900] "GET /home/news/news/list.do HTTP/1.1" 200 7100
54.244.59.102 - - [31/May/2020:16:47:03 +0900] "GET /index.jsp HTTP/1.1" 302 -
120.142.124.90 - - [31/May/2020:16:47:09 +0900] "GET /index.jsp HTTP/1.1" 302 -
120.142.124.90 - - [31/May/2020:16:47:09 +0900] "GET /home/main/main.do HTTP/1.1" 302 -
120.142.124.90 - - [31/May/2020:16:47:09 +0900] "GET /home/main/main.do HTTP/1.1" 200 8866
120.142.124.90 - - [31/May/2020:16:47:09 +0900] "GET /error/kr/error.jsp HTTP/1.1" 500 3762
118.190.53.55 - - [31/May/2020:16:47:55 +0900] "GET /error/kr/error.jsp HTTP/1.1" 500 3570
223.73.151.100 - - [31/May/2020:16:49:28 +0900] "GET /error/kr/error.jsp HTTP/1.1" 500 3570
119.207.72.72 - - [31/May/2020:16:51:46 +0900] "GET /home/meetourpartners/all.do HTTP/1.1" 200 101569
119.207.72.71 - - [31/May/2020:16:51:48 +0900] "GET /home/meetourpartners/all.do HTTP/1.1" 200 101569
119.207.72.117 - - [31/May/2020:16:52:05 +0900] "GET /home/meetourpartners/all.do HTTP/1.1" 200 101569
