157.55.39.173 - - [21/Mar/2020:00:27:07 +0900] "GET /error/kr/error.jsp HTTP/1.1" 500 3570
80.91.120.66 - - [21/Mar/2020:00:42:51 +0900] "GET /index.jsp HTTP/1.1" 302 -
193.111.62.163 - - [21/Mar/2020:00:44:58 +0900] "GET /home/news/news/list.do HTTP/1.1" 200 7100
66.249.72.18 - - [21/Mar/2020:01:02:33 +0900] "GET /error/kr/error.jsp HTTP/1.1" 500 3570
2.216.228.143 - - [21/Mar/2020:01:05:13 +0900] "GET /index.jsp HTTP/1.1" 302 -
2.216.228.143 - - [21/Mar/2020:01:05:13 +0900] "GET /home/en/main/main.do HTTP/1.1" 200 11080
2.216.228.143 - - [21/Mar/2020:01:05:24 +0900] "GET /home/en/whoweare/korea.do HTTP/1.1" 200 29641
120.37.9.227 - - [21/Mar/2020:01:07:21 +0900] "GET /error/kr/error.jsp HTTP/1.1" 500 3762
207.46.13.129 - - [21/Mar/2020:01:07:35 +0900] "GET /error/kr/error.jsp HTTP/1.1" 500 3570
42.236.10.75 - - [21/Mar/2020:01:15:22 +0900] "GET /error/kr/error.jsp HTTP/1.1" 500 3570
42.236.10.84 - - [21/Mar/2020:01:15:37 +0900] "GET /error/kr/error.jsp HTTP/1.1" 500 3570
42.236.10.84 - - [21/Mar/2020:01:15:37 +0900] "GET /error/kr/error.jsp HTTP/1.1" 500 3570
66.249.72.18 - - [21/Mar/2020:01:17:22 +0900] "GET /error/kr/error.jsp HTTP/1.1" 500 3570
207.46.13.79 - - [21/Mar/2020:01:24:28 +0900] "GET /home/news/news/list.do HTTP/1.1" 200 7100
66.249.72.14 - - [21/Mar/2020:01:25:30 +0900] "GET /error/kr/error.jsp HTTP/1.1" 500 3570
119.207.72.113 - - [21/Mar/2020:01:31:05 +0900] "GET /home/whoweare/korea.do HTTP/1.1" 200 29677
66.249.72.14 - - [21/Mar/2020:01:33:45 +0900] "GET /error/kr/error.jsp HTTP/1.1" 500 3570
207.46.13.251 - - [21/Mar/2020:01:33:59 +0900] "GET /home/news/news/view.do?page=1&num=20 HTTP/1.1" 200 8973
157.55.39.173 - - [21/Mar/2020:01:34:24 +0900] "GET /home/news/news/view.do?page=1&num=20 HTTP/1.1" 200 8973
193.111.62.163 - - [21/Mar/2020:01:37:42 +0900] "GET /home/news/news/list.do HTTP/1.1" 200 7100
66.249.72.14 - - [21/Mar/2020:01:49:53 +0900] "GET /error/kr/error.jsp HTTP/1.1" 500 3570
119.207.72.159 - - [21/Mar/2020:01:54:39 +0900] "GET /index.jsp HTTP/1.1" 302 -
119.207.72.159 - - [21/Mar/2020:01:54:39 +0900] "GET /home/main/main.do HTTP/1.1" 200 14876
119.207.72.160 - - [21/Mar/2020:01:56:07 +0900] "GET /home/watwedo/overview.do HTTP/1.1" 200 6147
66.249.69.247 - - [21/Mar/2020:02:02:28 +0900] "GET /error/kr/error.jsp HTTP/1.1" 500 3762
38.99.62.91 - - [21/Mar/2020:02:08:23 +0900] "GET /home/meetourpartners/all.do HTTP/1.1" 200 101569
38.99.62.91 - - [21/Mar/2020:02:09:03 +0900] "GET /home/news/news/view.do?page=&num=19 HTTP/1.1" 200 6162
38.99.62.91 - - [21/Mar/2020:02:09:42 +0900] "GET /home/en/meetourpartners/all.do HTTP/1.1" 200 95227
38.99.62.91 - - [21/Mar/2020:02:10:08 +0900] "GET /home/news/news/view.do?page=&num=19 HTTP/1.1" 200 6162
38.99.62.91 - - [21/Mar/2020:02:10:58 +0900] "GET /home/news/news/view.do?page=&num=18 HTTP/1.1" 200 9134
38.99.62.91 - - [21/Mar/2020:02:11:38 +0900] "GET /home/news/news/view.do?page=&num=14 HTTP/1.1" 200 6733
38.99.62.91 - - [21/Mar/2020:02:12:17 +0900] "GET /home/news/news/view.do?page=&num=12 HTTP/1.1" 200 9080
38.99.62.91 - - [21/Mar/2020:02:12:43 +0900] "GET /home/news/news/view.do?page=&num=11 HTTP/1.1" 200 5545
38.99.62.91 - - [21/Mar/2020:02:13:09 +0900] "GET /index.jsp HTTP/1.1" 302 -
38.99.62.91 - - [21/Mar/2020:02:13:09 +0900] "GET /home/en/main/main.do HTTP/1.1" 200 11080
38.99.62.91 - - [21/Mar/2020:02:13:48 +0900] "GET /home/en/meetourpartners/all.do HTTP/1.1" 200 95227
38.99.62.91 - - [21/Mar/2020:02:14:28 +0900] "GET /home/main/main.do HTTP/1.1" 200 14876
38.99.62.91 - - [21/Mar/2020:02:14:29 +0900] "GET /error/kr/error.jsp HTTP/1.1" 500 3570
38.99.62.91 - - [21/Mar/2020:02:14:53 +0900] "GET /home/main/main.do HTTP/1.1" 200 14876
38.99.62.91 - - [21/Mar/2020:02:14:54 +0900] "GET /error/kr/error.jsp HTTP/1.1" 500 3570
38.99.62.91 - - [21/Mar/2020:02:15:34 +0900] "GET /home/meetourpartners/all.do HTTP/1.1" 200 101569
38.99.62.91 - - [21/Mar/2020:02:16:13 +0900] "GET /home/news/news/view.do?page=1&num=20 HTTP/1.1" 200 8973
38.99.62.91 - - [21/Mar/2020:02:18:11 +0900] "GET /home/en/main/main.do HTTP/1.1" 200 11080
38.99.62.91 - - [21/Mar/2020:02:18:51 +0900] "GET /home/en/meetourpartners/all.do HTTP/1.1" 200 95227
38.99.62.91 - - [21/Mar/2020:02:19:30 +0900] "GET /home/watwedo/overview.do HTTP/1.1" 200 6147
38.99.62.91 - - [21/Mar/2020:02:20:10 +0900] "GET /home/whoweare/korea.do HTTP/1.1" 200 29677
38.99.62.91 - - [21/Mar/2020:02:20:49 +0900] "GET /home/en/meetourpartners/all.do HTTP/1.1" 200 95227
38.99.62.91 - - [21/Mar/2020:02:21:29 +0900] "GET /home/meetourpartners/domestic.do HTTP/1.1" 200 73451
38.99.62.91 - - [21/Mar/2020:02:22:10 +0900] "GET /home/meetourpartners/overseas.do HTTP/1.1" 200 32620
38.99.62.91 - - [21/Mar/2020:02:22:49 +0900] "GET /home/meetourpartners/all.do HTTP/1.1" 200 101569
38.99.62.91 - - [21/Mar/2020:02:23:33 +0900] "GET /home/en/meetourpartners/all.do HTTP/1.1" 200 95227
38.99.62.91 - - [21/Mar/2020:02:24:29 +0900] "GET /home/en/meetourpartners/all.do HTTP/1.1" 200 95227
66.249.72.16 - - [21/Mar/2020:02:24:40 +0900] "GET /error/kr/error.jsp HTTP/1.1" 500 3570
38.99.62.91 - - [21/Mar/2020:02:25:34 +0900] "GET /home/meetourpartners/all.do HTTP/1.1" 200 101569
38.99.62.91 - - [21/Mar/2020:02:26:13 +0900] "GET /home/en/meetourpartners/all.do HTTP/1.1" 200 95227
38.99.62.91 - - [21/Mar/2020:02:26:53 +0900] "GET /home/en/meetourpartners/domestic.do HTTP/1.1" 200 69240
38.99.62.91 - - [21/Mar/2020:02:27:32 +0900] "GET /home/en/meetourpartners/all.do HTTP/1.1" 200 95227
38.99.62.91 - - [21/Mar/2020:02:27:58 +0900] "GET /home/meetourpartners/all.do HTTP/1.1" 200 101569
36.225.54.173 - - [21/Mar/2020:02:28:13 +0900] "GET /index.jsp HTTP/1.1" 302 -
36.225.54.173 - - [21/Mar/2020:02:28:13 +0900] "GET /home/en/main/main.do HTTP/1.1" 200 11080
36.225.54.173 - - [21/Mar/2020:02:28:17 +0900] "GET /home/en/about/about.do HTTP/1.1" 200 14811
36.225.54.173 - - [21/Mar/2020:02:28:27 +0900] "GET /home/en/whoweare/korea.do HTTP/1.1" 200 29641
27.57.55.37 - - [21/Mar/2020:02:28:34 +0900] "GET /index.jsp HTTP/1.1" 302 -
27.57.55.37 - - [21/Mar/2020:02:28:35 +0900] "GET /home/en/main/main.do HTTP/1.1" 200 11080
38.99.62.91 - - [21/Mar/2020:02:28:37 +0900] "GET /home/en/meetourpartners/all.do HTTP/1.1" 200 95227
27.57.55.37 - - [21/Mar/2020:02:28:49 +0900] "GET /home/en/watwedo/overview.do HTTP/1.1" 200 6156
38.99.62.91 - - [21/Mar/2020:02:29:17 +0900] "GET /home/meetourpartners/all.do HTTP/1.1" 200 101569
36.225.54.173 - - [21/Mar/2020:02:29:29 +0900] "GET /home/en/watwedo/overview.do HTTP/1.1" 200 6156
27.57.55.37 - - [21/Mar/2020:02:29:47 +0900] "GET /home/en/watwedo/history.do HTTP/1.1" 200 10541
27.57.55.37 - - [21/Mar/2020:02:29:52 +0900] "GET /home/en/watwedo/philosophy.do HTTP/1.1" 200 7112
38.99.62.91 - - [21/Mar/2020:02:30:36 +0900] "GET /home/meetourpartners/all.do HTTP/1.1" 200 101569
27.57.55.37 - - [21/Mar/2020:02:30:52 +0900] "GET /home/en/whoweare/korea.do HTTP/1.1" 200 29641
38.99.62.91 - - [21/Mar/2020:02:31:15 +0900] "GET /home/meetourpartners/all.do HTTP/1.1" 200 101569
27.57.55.37 - - [21/Mar/2020:02:32:03 +0900] "GET /home/en/whoweare/korea.do HTTP/1.1" 200 29641
36.225.54.173 - - [21/Mar/2020:02:32:29 +0900] "GET /home/en/about/about.do HTTP/1.1" 200 16658
36.225.54.173 - - [21/Mar/2020:02:32:29 +0900] "GET /error/kr/error.jsp HTTP/1.1" 500 3762
60.189.96.175 - - [21/Mar/2020:02:32:49 +0900] "GET /error/kr/error.jsp HTTP/1.1" 500 3762
38.99.62.91 - - [21/Mar/2020:02:34:32 +0900] "GET /home/meetourpartners/all.do HTTP/1.1" 200 101569
66.249.69.247 - - [21/Mar/2020:02:34:40 +0900] "GET /error/kr/error.jsp HTTP/1.1" 500 3762
38.99.62.91 - - [21/Mar/2020:02:35:12 +0900] "GET /home/meetourpartners/all.do HTTP/1.1" 200 101569
38.99.62.91 - - [21/Mar/2020:02:35:51 +0900] "GET /home/en/meetourpartners/all.do HTTP/1.1" 200 95227
38.99.62.91 - - [21/Mar/2020:02:36:31 +0900] "GET /home/meetourpartners/all.do HTTP/1.1" 200 101569
103.47.218.20 - - [21/Mar/2020:02:36:46 +0900] "GET /index.jsp HTTP/1.1" 302 -
27.57.55.37 - - [21/Mar/2020:02:37:59 +0900] "GET /home/en/whoweare/korea.do HTTP/1.1" 200 29641
27.57.55.37 - - [21/Mar/2020:02:38:09 +0900] "GET /home/en/whoweare/korea.do HTTP/1.1" 200 29641
38.99.62.91 - - [21/Mar/2020:02:38:29 +0900] "GET /home/en/meetourpartners/all.do HTTP/1.1" 200 95227
38.99.62.91 - - [21/Mar/2020:02:39:08 +0900] "GET /home/meetourpartners/all.do HTTP/1.1" 200 101569
38.99.62.91 - - [21/Mar/2020:02:39:48 +0900] "GET /home/meetourpartners/domestic.do HTTP/1.1" 200 73451
27.57.55.37 - - [21/Mar/2020:02:39:50 +0900] "GET /home/en/whoweare/korea.do HTTP/1.1" 200 29641
38.99.62.91 - - [21/Mar/2020:02:46:19 +0900] "GET /home/en/meetourpartners/all.do HTTP/1.1" 200 95227
207.46.13.129 - - [21/Mar/2020:02:46:41 +0900] "GET /error/kr/error.jsp HTTP/1.1" 500 3570
38.99.62.91 - - [21/Mar/2020:02:46:59 +0900] "GET /home/meetourpartners/domestic.do HTTP/1.1" 200 73451
38.99.62.91 - - [21/Mar/2020:02:48:56 +0900] "GET /home/meetourpartners/all.do HTTP/1.1" 200 101569
38.99.62.91 - - [21/Mar/2020:02:49:36 +0900] "GET /home/meetourpartners/domestic.do HTTP/1.1" 200 73451
38.99.62.91 - - [21/Mar/2020:02:51:20 +0900] "GET /home/meetourpartners/all.do HTTP/1.1" 200 101569
38.99.62.91 - - [21/Mar/2020:02:52:00 +0900] "GET /home/meetourpartners/domestic.do HTTP/1.1" 200 73451
38.99.62.91 - - [21/Mar/2020:02:52:40 +0900] "GET /home/en/meetourpartners/all.do HTTP/1.1" 200 95227
38.99.62.91 - - [21/Mar/2020:02:53:20 +0900] "GET /home/meetourpartners/domestic.do HTTP/1.1" 200 73451
38.99.62.91 - - [21/Mar/2020:02:55:57 +0900] "GET /home/en/meetourpartners/all.do HTTP/1.1" 200 95227
38.99.62.91 - - [21/Mar/2020:02:56:36 +0900] "GET /home/meetourpartners/domestic.do HTTP/1.1" 200 73451
38.99.62.91 - - [21/Mar/2020:02:57:41 +0900] "GET /home/en/meetourpartners/all.do HTTP/1.1" 200 95227
38.99.62.91 - - [21/Mar/2020:02:58:20 +0900] "GET /home/meetourpartners/domestic.do HTTP/1.1" 200 73451
54.208.102.37 - - [21/Mar/2020:02:59:22 +0900] "GET /index.jsp HTTP/1.1" 302 -
54.208.102.37 - - [21/Mar/2020:02:59:22 +0900] "GET /home/en/main/main.do HTTP/1.1" 200 11080
107.21.1.8 - - [21/Mar/2020:02:59:25 +0900] "GET /index.jsp HTTP/1.1" 302 -
107.21.1.8 - - [21/Mar/2020:02:59:26 +0900] "GET /home/en/main/main.do HTTP/1.1" 200 11080
38.99.62.91 - - [21/Mar/2020:02:59:39 +0900] "GET /home/en/meetourpartners/all.do HTTP/1.1" 200 95227
38.99.62.91 - - [21/Mar/2020:03:00:19 +0900] "GET /home/meetourpartners/all.do HTTP/1.1" 200 101569
38.99.62.91 - - [21/Mar/2020:03:00:59 +0900] "GET /home/meetourpartners/domestic.do HTTP/1.1" 200 73451
38.99.62.91 - - [21/Mar/2020:03:01:38 +0900] "GET /home/meetourpartners/all.do HTTP/1.1" 200 101569
38.99.62.91 - - [21/Mar/2020:03:02:19 +0900] "GET /home/meetourpartners/domestic.do HTTP/1.1" 200 73451
54.164.196.191 - - [21/Mar/2020:03:02:31 +0900] "GET /error/kr/error.jsp HTTP/1.1" 500 3570
54.164.196.191 - - [21/Mar/2020:03:02:33 +0900] "GET /error/kr/error.jsp HTTP/1.1" 500 3570
207.46.13.129 - - [21/Mar/2020:03:04:39 +0900] "GET /home/en/whoweare/china.do HTTP/1.1" 200 10353
66.249.72.16 - - [21/Mar/2020:03:04:50 +0900] "GET /error/kr/error.jsp HTTP/1.1" 500 3570
38.99.62.91 - - [21/Mar/2020:03:05:35 +0900] "GET /home/meetourpartners/all.do HTTP/1.1" 200 101569
38.99.62.91 - - [21/Mar/2020:03:06:14 +0900] "GET /home/meetourpartners/domestic.do HTTP/1.1" 200 73451
209.17.96.170 - - [21/Mar/2020:03:13:32 +0900] "GET /index.jsp HTTP/1.1" 302 -
134.249.141.83 - - [21/Mar/2020:03:18:03 +0900] "GET /error/kr/error.jsp HTTP/1.1" 500 3570
134.249.141.83 - - [21/Mar/2020:03:18:04 +0900] "GET /error/kr/error.jsp HTTP/1.1" 500 3570
134.249.141.83 - - [21/Mar/2020:03:18:04 +0900] "GET /error/kr/error.jsp HTTP/1.1" 500 3570
134.249.141.83 - - [21/Mar/2020:03:18:05 +0900] "GET /error/kr/error.jsp HTTP/1.1" 500 3570
134.249.141.83 - - [21/Mar/2020:03:18:06 +0900] "GET /error/kr/error.jsp HTTP/1.1" 500 3570
134.249.141.83 - - [21/Mar/2020:03:18:06 +0900] "GET /error/kr/error.jsp HTTP/1.1" 500 3570
119.207.72.111 - - [21/Mar/2020:03:19:29 +0900] "GET /home/watwedo/overview.do HTTP/1.1" 200 6147
157.55.39.14 - - [21/Mar/2020:03:19:36 +0900] "GET /error/kr/error.jsp HTTP/1.1" 500 3570
157.55.39.173 - - [21/Mar/2020:03:20:14 +0900] "GET /index.jsp HTTP/1.1" 302 -
157.55.39.173 - - [21/Mar/2020:03:20:15 +0900] "GET /home/main/main.do HTTP/1.1" 200 14876
207.46.13.111 - - [21/Mar/2020:03:24:02 +0900] "GET /error/kr/error.jsp HTTP/1.1" 500 3570
47.56.142.192 - - [21/Mar/2020:03:24:04 +0900] "GET /error/kr/error.jsp HTTP/1.1" 500 3570
47.56.142.192 - - [21/Mar/2020:03:24:05 +0900] "GET /error/kr/error.jsp HTTP/1.1" 500 3762
207.46.13.111 - - [21/Mar/2020:03:33:49 +0900] "GET /error/kr/error.jsp HTTP/1.1" 500 3570
66.249.72.14 - - [21/Mar/2020:03:35:35 +0900] "GET /error/kr/error.jsp HTTP/1.1" 500 3570
193.111.62.163 - - [21/Mar/2020:03:35:46 +0900] "GET /home/news/news/list.do HTTP/1.1" 200 7100
66.249.75.126 - - [21/Mar/2020:03:53:03 +0900] "GET /error/kr/error.jsp HTTP/1.1" 500 3570
157.55.39.173 - - [21/Mar/2020:03:55:04 +0900] "GET /error/kr/error.jsp HTTP/1.1" 500 3570
207.46.13.111 - - [21/Mar/2020:03:58:23 +0900] "GET /error/kr/error.jsp HTTP/1.1" 500 3570
83.147.248.105 - - [21/Mar/2020:04:02:42 +0900] "GET /index.jsp HTTP/1.1" 302 -
66.249.69.247 - - [21/Mar/2020:04:04:51 +0900] "GET /error/kr/error.jsp HTTP/1.1" 500 3762
193.111.62.163 - - [21/Mar/2020:04:24:07 +0900] "GET /home/news/news/list.do HTTP/1.1" 200 7100
66.249.72.16 - - [21/Mar/2020:04:24:43 +0900] "GET /error/kr/error.jsp HTTP/1.1" 500 3570
66.249.75.126 - - [21/Mar/2020:04:25:34 +0900] "GET /error/kr/error.jsp HTTP/1.1" 500 3570
103.131.71.36 - - [21/Mar/2020:04:29:07 +0900] "GET /error/kr/error.jsp HTTP/1.1" 500 3570
103.131.71.52 - - [21/Mar/2020:04:29:10 +0900] "GET /error/kr/error.jsp HTTP/1.1" 500 3762
103.131.71.44 - - [21/Mar/2020:04:29:14 +0900] "GET /error/kr/error.jsp HTTP/1.1" 500 3570
119.207.72.70 - - [21/Mar/2020:04:32:01 +0900] "GET /home/watwedo/overview.do HTTP/1.1" 200 6147
54.197.33.112 - - [21/Mar/2020:04:35:04 +0900] "GET /index.jsp HTTP/1.1" 302 -
54.197.33.112 - - [21/Mar/2020:04:35:04 +0900] "GET /home/main/main.do HTTP/1.1" 200 14876
54.197.33.112 - - [21/Mar/2020:04:35:04 +0900] "GET /home/main/main.do HTTP/1.1" 200 14876
54.197.33.112 - - [21/Mar/2020:04:35:05 +0900] "GET /home/main/main.do HTTP/1.1" 200 14876
5.188.84.130 - - [21/Mar/2020:04:41:56 +0900] "GET /home/news/news/view.do?page=1&num=10 HTTP/1.0" 200 6756
157.55.39.173 - - [21/Mar/2020:04:46:28 +0900] "GET /home/news/news/view.do?page=2&num=9 HTTP/1.1" 200 9135
186.43.87.128 - - [21/Mar/2020:04:52:53 +0900] "GET /index.jsp HTTP/1.1" 302 -
125.209.235.184 - - [21/Mar/2020:04:55:13 +0900] "GET /error/kr/error.jsp HTTP/1.1" 500 3570
125.209.235.181 - - [21/Mar/2020:04:55:15 +0900] "GET /index.jsp HTTP/1.1" 302 -
125.209.235.181 - - [21/Mar/2020:04:55:16 +0900] "GET /home/main/main.do HTTP/1.1" 200 14876
162.243.130.25 - - [21/Mar/2020:04:58:14 +0900] "GET /error/kr/error.jsp HTTP/1.1" 500 3570
5.101.0.209 - - [21/Mar/2020:05:07:47 +0900] "GET /error/kr/error.jsp HTTP/1.1" 500 3570
213.106.99.226 - - [21/Mar/2020:05:08:33 +0900] "GET /index.jsp HTTP/1.1" 302 -
213.106.99.226 - - [21/Mar/2020:05:08:34 +0900] "GET /error/kr/error.jsp HTTP/1.1" 500 3570
207.46.13.129 - - [21/Mar/2020:05:12:08 +0900] "GET /error/kr/error.jsp HTTP/1.1" 500 3570
121.254.147.237 - - [21/Mar/2020:05:13:19 +0900] "GET /index.jsp HTTP/1.1" 302 -
121.254.147.237 - - [21/Mar/2020:05:13:19 +0900] "GET /home/en/main/main.do HTTP/1.1" 200 11080
5.101.0.209 - - [21/Mar/2020:05:21:53 +0900] "GET /index.jsp?a=fetch&content=<php>die(@md5(HelloThinkCMF))</php> HTTP/1.1" 302 -
5.101.0.209 - - [21/Mar/2020:05:21:53 +0900] "GET /index.jsp?XDEBUG_SESSION_START=phpstorm HTTP/1.1" 302 -
5.101.0.209 - - [21/Mar/2020:05:21:54 +0900] "GET /home/main/main.do HTTP/1.1" 200 14876
5.101.0.209 - - [21/Mar/2020:05:21:54 +0900] "GET /home/main/main.do HTTP/1.1" 200 14876
66.249.72.18 - - [21/Mar/2020:05:24:38 +0900] "GET /error/kr/error.jsp HTTP/1.1" 500 3570
39.101.165.84 - - [21/Mar/2020:05:26:53 +0900] "GET /error/kr/error.jsp HTTP/1.1" 500 3570
39.101.165.84 - - [21/Mar/2020:05:26:53 +0900] "GET /error/kr/error.jsp HTTP/1.1" 500 3570
5.101.0.209 - - [21/Mar/2020:05:30:34 +0900] "GET /error/kr/error.jsp HTTP/1.1" 500 3570
193.111.62.163 - - [21/Mar/2020:05:31:24 +0900] "GET /home/news/news/list.do HTTP/1.1" 200 7100
108.170.31.91 - - [21/Mar/2020:05:32:55 +0900] "GET /home/en/whoweare/korea.do HTTP/1.1" 200 29641
108.170.31.91 - - [21/Mar/2020:05:41:33 +0900] "GET /home/en/whoweare/korea.do HTTP/1.1" 200 29641
119.207.72.66 - - [21/Mar/2020:05:41:43 +0900] "GET /home/watwedo/philosophy.do HTTP/1.1" 200 7162
119.207.72.78 - - [21/Mar/2020:05:41:46 +0900] "GET /home/watwedo/philosophy.do HTTP/1.1" 200 7162
119.207.72.76 - - [21/Mar/2020:05:42:42 +0900] "GET /home/main/main.do HTTP/1.1" 200 14876
119.207.72.67 - - [21/Mar/2020:05:42:45 +0900] "GET /home/main/main.do HTTP/1.1" 200 14876
171.67.70.85 - - [21/Mar/2020:05:43:21 +0900] "GET /index.jsp HTTP/1.1" 302 -
171.67.70.85 - - [21/Mar/2020:05:43:21 +0900] "GET /home/main/main.do HTTP/1.1" 200 14876
103.131.71.133 - - [21/Mar/2020:05:48:59 +0900] "GET /error/kr/error.jsp HTTP/1.1" 500 3570
120.37.9.227 - - [21/Mar/2020:05:50:08 +0900] "GET /error/kr/error.jsp HTTP/1.1" 500 3570
125.209.235.181 - - [21/Mar/2020:05:55:15 +0900] "GET /home/news/news/view.do?page=1&num=20 HTTP/1.1" 200 8973
66.249.72.14 - - [21/Mar/2020:06:04:56 +0900] "GET /error/kr/error.jsp HTTP/1.1" 500 3570
157.55.39.173 - - [21/Mar/2020:06:07:41 +0900] "GET /index.jsp HTTP/1.1" 302 -
66.249.72.14 - - [21/Mar/2020:06:15:12 +0900] "GET /error/kr/error.jsp HTTP/1.1" 500 3570
157.55.39.173 - - [21/Mar/2020:06:15:30 +0900] "GET /home/news/news/view.do?page=1&num=3 HTTP/1.1" 200 5576
113.110.217.210 - - [21/Mar/2020:06:25:58 +0900] "GET /error/kr/error.jsp HTTP/1.1" 500 3570
193.111.62.163 - - [21/Mar/2020:06:28:50 +0900] "GET /home/news/news/list.do HTTP/1.1" 200 7100
66.249.69.243 - - [21/Mar/2020:06:29:24 +0900] "GET /error/kr/error.jsp HTTP/1.1" 500 3762
157.55.39.173 - - [21/Mar/2020:06:33:00 +0900] "GET /index.jsp HTTP/1.1" 302 -
66.249.69.243 - - [21/Mar/2020:06:36:32 +0900] "GET /error/kr/error.jsp HTTP/1.1" 500 3762
119.207.72.71 - - [21/Mar/2020:06:38:33 +0900] "GET /home/main/main.do HTTP/1.1" 200 14876
35.231.153.251 - - [21/Mar/2020:06:56:49 +0900] "GET /error/kr/error.jsp HTTP/1.0" 500 3570
35.231.153.251 - - [21/Mar/2020:06:56:49 +0900] "GET /home/en/about/about.do HTTP/1.0" 200 14811
66.249.69.247 - - [21/Mar/2020:07:01:17 +0900] "GET /error/kr/error.jsp HTTP/1.1" 500 3762
35.231.153.251 - - [21/Mar/2020:07:02:13 +0900] "GET /error/kr/error.jsp HTTP/1.0" 500 3570
35.231.153.251 - - [21/Mar/2020:07:02:13 +0900] "GET /home/en/watwedo/overview.do HTTP/1.0" 200 6156
35.231.153.251 - - [21/Mar/2020:07:03:11 +0900] "GET /error/kr/error.jsp HTTP/1.0" 500 3570
35.231.153.251 - - [21/Mar/2020:07:03:11 +0900] "GET /home/main/main.do HTTP/1.0" 200 14876
35.231.153.251 - - [21/Mar/2020:07:07:53 +0900] "GET /error/kr/error.jsp HTTP/1.0" 500 3570
35.231.153.251 - - [21/Mar/2020:07:07:53 +0900] "GET /home/en/meetourpartners/all.do HTTP/1.0" 200 95227
35.231.153.251 - - [21/Mar/2020:07:16:56 +0900] "GET /error/kr/error.jsp HTTP/1.0" 500 3570
35.231.153.251 - - [21/Mar/2020:07:16:56 +0900] "GET /home/en/watwedo/philosophy.do HTTP/1.0" 200 7112
149.28.203.36 - - [21/Mar/2020:07:20:16 +0900] "GET /home/news/news/view.do?page=1&amp;num=1 HTTP/1.1" 500 3570
35.231.153.251 - - [21/Mar/2020:07:20:58 +0900] "GET /error/kr/error.jsp HTTP/1.0" 500 3570
35.231.153.251 - - [21/Mar/2020:07:20:59 +0900] "GET /home/en/whoweare/korea.do HTTP/1.0" 200 29641
35.231.153.251 - - [21/Mar/2020:07:23:36 +0900] "GET /error/kr/error.jsp HTTP/1.0" 500 3570
35.231.153.251 - - [21/Mar/2020:07:23:38 +0900] "GET /home/en/contact/contact.do HTTP/1.0" 200 5187
35.231.153.251 - - [21/Mar/2020:07:24:33 +0900] "GET /error/kr/error.jsp HTTP/1.0" 500 3570
35.231.153.251 - - [21/Mar/2020:07:24:33 +0900] "GET /home/en/meetourpartners/all.do HTTP/1.0" 200 95227
35.231.153.251 - - [21/Mar/2020:07:24:37 +0900] "GET /error/kr/error.jsp HTTP/1.0" 500 3570
35.231.153.251 - - [21/Mar/2020:07:24:37 +0900] "GET /home/en/watwedo/overview.do HTTP/1.0" 200 6156
35.231.153.251 - - [21/Mar/2020:07:24:39 +0900] "GET /error/kr/error.jsp HTTP/1.0" 500 3570
35.231.153.251 - - [21/Mar/2020:07:24:39 +0900] "GET /home/en/whoweare/korea.do HTTP/1.0" 200 29641
35.231.153.251 - - [21/Mar/2020:07:24:41 +0900] "GET /error/kr/error.jsp HTTP/1.0" 500 3570
35.231.153.251 - - [21/Mar/2020:07:24:41 +0900] "GET /home/en/about/about.do HTTP/1.0" 200 14811
35.231.153.251 - - [21/Mar/2020:07:24:43 +0900] "GET /error/kr/error.jsp HTTP/1.0" 500 3570
35.231.153.251 - - [21/Mar/2020:07:24:43 +0900] "GET /home/en/contact/contact.do HTTP/1.0" 200 5187
35.231.153.251 - - [21/Mar/2020:07:24:45 +0900] "GET /error/kr/error.jsp HTTP/1.0" 500 3570
35.231.153.251 - - [21/Mar/2020:07:24:45 +0900] "GET /home/en/watwedo/philosophy.do HTTP/1.0" 200 7112
35.231.153.251 - - [21/Mar/2020:07:24:46 +0900] "GET /error/kr/error.jsp HTTP/1.0" 500 3570
35.231.153.251 - - [21/Mar/2020:07:24:47 +0900] "GET /home/main/main.do HTTP/1.0" 200 14876
139.59.29.219 - - [21/Mar/2020:07:25:43 +0900] "GET /error/kr/error.jsp HTTP/1.1" 500 3570
66.249.69.247 - - [21/Mar/2020:07:28:59 +0900] "GET /error/kr/error.jsp HTTP/1.1" 500 3762
17.58.102.54 - - [21/Mar/2020:07:35:32 +0900] "GET /error/kr/error.jsp HTTP/1.1" 500 3570
17.58.96.118 - - [21/Mar/2020:07:35:32 +0900] "GET /index.jsp?ko= HTTP/1.1" 302 -
17.58.96.118 - - [21/Mar/2020:07:35:32 +0900] "GET /home/main/main.do HTTP/1.1" 200 14876
193.111.62.163 - - [21/Mar/2020:07:36:40 +0900] "GET /home/news/news/list.do HTTP/1.1" 200 7100
49.233.143.96 - - [21/Mar/2020:07:45:58 +0900] "GET /error/kr/error.jsp HTTP/1.1" 500 3570
49.233.143.96 - - [21/Mar/2020:07:47:08 +0900] "HEAD /index.jsp?s=www.guizhouymcg.cn HTTP/1.1" 302 -
49.233.143.96 - - [21/Mar/2020:07:47:08 +0900] "HEAD /home/main/main.do HTTP/1.1" 200 -
66.249.69.243 - - [21/Mar/2020:07:56:40 +0900] "GET /error/kr/error.jsp HTTP/1.1" 500 3762
119.207.72.176 - - [21/Mar/2020:07:57:16 +0900] "GET /home/watwedo/overview.do HTTP/1.1" 200 6147
157.55.39.43 - - [21/Mar/2020:07:57:29 +0900] "GET /error/kr/error.jsp HTTP/1.1" 500 3762
59.126.244.150 - - [21/Mar/2020:08:03:45 +0900] "GET /index.jsp HTTP/1.0" 302 -
207.46.13.111 - - [21/Mar/2020:08:20:00 +0900] "GET /error/kr/error.jsp HTTP/1.1" 500 3570
193.111.62.163 - - [21/Mar/2020:08:23:14 +0900] "GET /home/news/news/list.do HTTP/1.1" 200 7100
66.249.69.245 - - [21/Mar/2020:08:24:22 +0900] "GET /error/kr/error.jsp HTTP/1.1" 500 3762
108.170.31.91 - - [21/Mar/2020:08:29:49 +0900] "GET /home/en/whoweare/korea.do HTTP/1.1" 200 29641
209.95.56.110 - - [21/Mar/2020:08:43:13 +0900] "GET /home/en/main/main.do HTTP/1.1" 200 11080
209.95.56.110 - - [21/Mar/2020:08:43:13 +0900] "GET /home/en/contact/contact.do HTTP/1.1" 200 5187
207.46.13.129 - - [21/Mar/2020:08:46:35 +0900] "GET /home/news/news/view.do?page=1&num=16 HTTP/1.1" 200 5666
66.249.69.247 - - [21/Mar/2020:08:52:03 +0900] "GET /error/kr/error.jsp HTTP/1.1" 500 3762
23.100.232.233 - - [21/Mar/2020:09:08:29 +0900] "GET /home/en/about/about.do HTTP/1.1" 200 14811
125.209.235.169 - - [21/Mar/2020:09:11:51 +0900] "GET /index.jsp HTTP/1.1" 302 -
125.209.235.169 - - [21/Mar/2020:09:11:51 +0900] "GET /home/main/main.do HTTP/1.1" 302 -
125.209.235.169 - - [21/Mar/2020:09:11:51 +0900] "GET /home/main/main.do HTTP/1.1" 200 12119
125.209.235.168 - - [21/Mar/2020:09:11:52 +0900] "GET /error/kr/error.jsp HTTP/1.1" 500 3762
125.209.235.167 - - [21/Mar/2020:09:11:52 +0900] "GET /error/kr/error.jsp HTTP/1.1" 500 3762
125.209.235.171 - - [21/Mar/2020:09:11:54 +0900] "GET /index.jsp HTTP/1.1" 302 -
125.209.235.171 - - [21/Mar/2020:09:11:54 +0900] "GET /home/main/main.do HTTP/1.1" 200 14876
66.249.69.247 - - [21/Mar/2020:09:19:45 +0900] "GET /error/kr/error.jsp HTTP/1.1" 500 3762
54.68.85.0 - - [21/Mar/2020:09:21:09 +0900] "GET /error/kr/error.jsp HTTP/1.1" 500 3570
54.68.85.0 - - [21/Mar/2020:09:21:11 +0900] "GET /error/kr/error.jsp HTTP/1.1" 500 3570
35.160.131.102 - - [21/Mar/2020:09:21:14 +0900] "GET /error/kr/error.jsp HTTP/1.1" 500 3570
207.46.13.111 - - [21/Mar/2020:09:21:42 +0900] "GET /error/kr/error.jsp HTTP/1.1" 500 3570
193.111.62.163 - - [21/Mar/2020:09:27:57 +0900] "GET /home/news/news/list.do HTTP/1.1" 200 7100
112.225.1.165 - - [21/Mar/2020:09:28:37 +0900] "GET /filter/checker.jsp?campaignID=666&email=chaejy99@naver.com&responseEnd=2018-12-30 HTTP/1.1" 404 3570
5.1.74.178 - - [21/Mar/2020:09:31:25 +0900] "GET /index.jsp HTTP/1.1" 302 -
5.1.74.178 - - [21/Mar/2020:09:31:26 +0900] "GET /home/main/main.do HTTP/1.1" 200 14876
104.41.228.253 - - [21/Mar/2020:09:32:09 +0900] "GET /index.jsp HTTP/1.1" 302 -
104.41.228.253 - - [21/Mar/2020:09:32:10 +0900] "GET /home/en/main/main.do HTTP/1.1" 200 11080
13.69.199.207 - - [21/Mar/2020:09:33:08 +0900] "GET /home/en/contact/contact.do HTTP/1.1" 200 5187
104.41.228.253 - - [21/Mar/2020:09:33:35 +0900] "GET /home/en/about/about.do HTTP/1.1" 200 14811
34.231.122.15 - - [21/Mar/2020:09:36:38 +0900] "GET /index.jsp HTTP/1.1" 302 -
34.231.122.15 - - [21/Mar/2020:09:36:38 +0900] "GET /home/main/main.do HTTP/1.1" 200 14876
34.231.122.15 - - [21/Mar/2020:09:36:38 +0900] "GET /home/main/main.do HTTP/1.1" 200 14876
34.231.122.15 - - [21/Mar/2020:09:36:39 +0900] "GET /home/main/main.do HTTP/1.1" 200 14876
66.249.72.14 - - [21/Mar/2020:09:47:27 +0900] "GET /error/kr/error.jsp HTTP/1.1" 500 3570
207.46.13.195 - - [21/Mar/2020:09:53:00 +0900] "GET /home/about/about.do HTTP/1.1" 200 15329
162.243.130.239 - - [21/Mar/2020:09:53:04 +0900] "GET /index.jsp HTTP/1.1" 302 -
23.100.232.233 - - [21/Mar/2020:10:10:47 +0900] "GET /home/en/about/about.do HTTP/1.1" 200 14811
37.203.123.175 - - [21/Mar/2020:10:12:46 +0900] "GET /index.jsp HTTP/1.1" 302 -
66.249.72.18 - - [21/Mar/2020:10:15:08 +0900] "GET /error/kr/error.jsp HTTP/1.1" 500 3570
119.207.72.66 - - [21/Mar/2020:10:22:12 +0900] "GET /home/watwedo/overview.do HTTP/1.1" 200 6147
119.207.72.141 - - [21/Mar/2020:10:22:13 +0900] "GET /home/watwedo/overview.do HTTP/1.1" 200 6147
193.111.62.163 - - [21/Mar/2020:10:32:36 +0900] "GET /home/news/news/list.do HTTP/1.1" 200 7100
207.46.13.111 - - [21/Mar/2020:10:35:41 +0900] "GET /error/kr/error.jsp HTTP/1.1" 500 3570
3.235.41.201 - - [21/Mar/2020:10:41:34 +0900] "GET /index.jsp HTTP/1.1" 302 -
3.235.41.201 - - [21/Mar/2020:10:41:35 +0900] "GET /home/main/main.do HTTP/1.1" 200 14876
3.235.41.201 - - [21/Mar/2020:10:41:35 +0900] "GET /home/main/main.do HTTP/1.1" 200 14876
3.235.41.201 - - [21/Mar/2020:10:41:36 +0900] "GET /home/main/main.do HTTP/1.1" 200 14876
66.249.72.18 - - [21/Mar/2020:10:42:49 +0900] "GET /error/kr/error.jsp HTTP/1.1" 500 3570
113.12.192.230 - - [21/Mar/2020:10:43:28 +0900] "GET /error/kr/error.jsp HTTP/1.1" 500 3570
113.12.192.230 - - [21/Mar/2020:10:43:28 +0900] "GET /error/kr/error.jsp HTTP/1.1" 500 3570
113.12.192.230 - - [21/Mar/2020:10:43:28 +0900] "GET /error/kr/error.jsp HTTP/1.1" 500 3570
113.12.192.230 - - [21/Mar/2020:10:43:29 +0900] "GET /error/kr/error.jsp HTTP/1.1" 500 3570
113.12.192.230 - - [21/Mar/2020:10:43:29 +0900] "GET /error/kr/error.jsp HTTP/1.1" 500 3570
113.12.192.230 - - [21/Mar/2020:10:43:30 +0900] "GET /error/kr/error.jsp HTTP/1.1" 500 3570
113.12.192.230 - - [21/Mar/2020:10:43:30 +0900] "GET /error/kr/error.jsp HTTP/1.1" 500 3570
113.12.192.230 - - [21/Mar/2020:10:43:30 +0900] "GET /error/kr/error.jsp HTTP/1.1" 500 3570
113.12.192.230 - - [21/Mar/2020:10:43:32 +0900] "GET /error/kr/error.jsp HTTP/1.1" 500 3570
113.12.192.230 - - [21/Mar/2020:10:43:34 +0900] "GET /error/kr/error.jsp HTTP/1.1" 500 3570
183.153.143.49 - - [21/Mar/2020:10:43:55 +0900] "GET /error/kr/error.jsp HTTP/1.1" 500 3762
207.46.13.195 - - [21/Mar/2020:10:49:07 +0900] "GET /index.jsp HTTP/1.1" 302 -
119.207.72.152 - - [21/Mar/2020:10:59:52 +0900] "GET /home/watwedo/overview.do HTTP/1.1" 200 6147
203.150.135.69 - - [21/Mar/2020:10:59:53 +0900] "GET /index.jsp HTTP/1.1" 302 -
120.84.9.104 - - [21/Mar/2020:11:05:27 +0900] "GET /error/kr/error.jsp HTTP/1.1" 500 3570
195.205.161.154 - - [21/Mar/2020:11:18:04 +0900] "GET /index.jsp HTTP/1.1" 302 -
193.29.15.107 - - [21/Mar/2020:11:19:31 +0900] "GET /error/kr/error.jsp HTTP/1.1" 500 3570
193.111.62.163 - - [21/Mar/2020:11:27:27 +0900] "GET /home/news/news/list.do HTTP/1.1" 200 7100
207.46.13.111 - - [21/Mar/2020:11:33:04 +0900] "GET /error/kr/error.jsp HTTP/1.1" 500 3570
23.100.232.233 - - [21/Mar/2020:11:35:17 +0900] "GET /home/en/meetourpartners/domestic.do HTTP/1.1" 200 69240
66.249.75.126 - - [21/Mar/2020:11:38:13 +0900] "GET /error/kr/error.jsp HTTP/1.1" 500 3570
188.158.226.115 - - [21/Mar/2020:11:39:56 +0900] "GET /index.jsp HTTP/1.1" 302 -
171.67.70.85 - - [21/Mar/2020:11:41:22 +0900] "GET /index.jsp HTTP/1.1" 302 -
171.67.70.85 - - [21/Mar/2020:11:41:22 +0900] "GET /home/main/main.do HTTP/1.1" 200 14876
39.98.124.123 - - [21/Mar/2020:11:42:03 +0900] "GET /error/kr/error.jsp HTTP/1.1" 500 3570
207.46.13.111 - - [21/Mar/2020:11:42:41 +0900] "GET /error/kr/error.jsp HTTP/1.1" 500 3570
83.239.18.110 - - [21/Mar/2020:11:44:24 +0900] "GET /index.jsp HTTP/1.1" 302 -
34.231.147.230 - - [21/Mar/2020:11:49:41 +0900] "GET /index.jsp HTTP/1.1" 302 -
34.231.147.230 - - [21/Mar/2020:11:49:41 +0900] "GET /home/en/main/main.do HTTP/1.1" 200 11080
207.46.13.79 - - [21/Mar/2020:11:58:22 +0900] "GET /home/en/main/main.do HTTP/1.1" 200 11080
207.46.13.129 - - [21/Mar/2020:12:01:26 +0900] "GET /home/whoweare/korea.do HTTP/1.1" 200 43261
207.46.13.195 - - [21/Mar/2020:12:03:44 +0900] "GET /error/kr/error.jsp HTTP/1.1" 500 3762
207.46.13.195 - - [21/Mar/2020:12:03:45 +0900] "GET /error/kr/error.jsp HTTP/1.1" 500 3762
157.55.39.43 - - [21/Mar/2020:12:04:00 +0900] "GET /error/kr/error.jsp HTTP/1.1" 500 3762
66.249.69.247 - - [21/Mar/2020:12:05:54 +0900] "GET /error/kr/error.jsp HTTP/1.1" 500 3762
119.67.239.220 - - [21/Mar/2020:12:08:24 +0900] "GET /index.jsp HTTP/1.1" 302 -
119.67.239.220 - - [21/Mar/2020:12:08:25 +0900] "GET /home/main/main.do HTTP/1.1" 200 14876
119.67.239.220 - - [21/Mar/2020:12:08:25 +0900] "GET /error/kr/error.jsp HTTP/1.1" 500 3570
119.67.239.220 - - [21/Mar/2020:12:08:35 +0900] "GET /home/meetourpartners/all.do HTTP/1.1" 200 101569
207.46.13.129 - - [21/Mar/2020:12:11:14 +0900] "GET /error/kr/error.jsp HTTP/1.1" 500 3570
118.235.48.199 - - [21/Mar/2020:12:17:27 +0900] "GET /filter/checker.jsp?campaignID=286&email=jineongim8@naver.com&responseEnd=2018-12-04 HTTP/1.1" 404 3570
85.208.21.80 - - [21/Mar/2020:12:23:17 +0900] "GET /index.jsp HTTP/1.1" 302 -
85.208.21.80 - - [21/Mar/2020:12:23:18 +0900] "GET /home/en/main/main.do HTTP/1.1" 200 11080
85.208.21.80 - - [21/Mar/2020:12:23:19 +0900] "GET /home/en/main/main.do HTTP/1.1" 200 11080
111.231.81.165 - - [21/Mar/2020:12:26:34 +0900] "GET /error/kr/error.jsp HTTP/1.1" 500 3570
122.51.154.89 - - [21/Mar/2020:12:26:39 +0900] "GET /error/kr/error.jsp HTTP/1.1" 500 3570
122.51.154.89 - - [21/Mar/2020:12:27:45 +0900] "HEAD /index.jsp?s=www.jiangxiymca.cn HTTP/1.1" 302 -
122.51.154.89 - - [21/Mar/2020:12:27:45 +0900] "HEAD /home/main/main.do HTTP/1.1" 200 -
117.63.90.48 - - [21/Mar/2020:12:31:23 +0900] "GET /error/kr/error.jsp HTTP/1.1" 500 3570
117.63.90.48 - - [21/Mar/2020:12:31:26 +0900] "GET /home/en/main/main.do HTTP/1.1" 200 11080
42.236.10.114 - - [21/Mar/2020:12:31:31 +0900] "GET /home/en/main/main.do HTTP/1.1" 302 -
42.236.10.114 - - [21/Mar/2020:12:31:33 +0900] "GET /home/en/main/main.do HTTP/1.1" 200 8279
42.236.10.117 - - [21/Mar/2020:12:31:36 +0900] "GET /error/kr/error.jsp HTTP/1.1" 500 3762
180.163.220.66 - - [21/Mar/2020:12:31:50 +0900] "GET /index.jsp HTTP/1.1" 302 -
180.163.220.66 - - [21/Mar/2020:12:31:52 +0900] "GET /home/main/main.do HTTP/1.1" 200 12119
180.163.220.67 - - [21/Mar/2020:12:31:58 +0900] "GET /error/kr/error.jsp HTTP/1.1" 500 3762
180.163.220.5 - - [21/Mar/2020:12:31:59 +0900] "GET /error/kr/error.jsp HTTP/1.1" 500 3762
66.249.72.18 - - [21/Mar/2020:12:33:36 +0900] "GET /error/kr/error.jsp HTTP/1.1" 500 3570
193.111.62.163 - - [21/Mar/2020:12:33:40 +0900] "GET /home/news/news/list.do HTTP/1.1" 200 7100
23.100.232.233 - - [21/Mar/2020:12:34:58 +0900] "GET /home/en/meetourpartners/domestic.do HTTP/1.1" 200 69240
175.122.17.127 - - [21/Mar/2020:12:46:19 +0900] "GET /index.jsp HTTP/1.1" 302 -
175.122.17.127 - - [21/Mar/2020:12:46:19 +0900] "GET /home/main/main.do HTTP/1.1" 200 14876
175.122.17.127 - - [21/Mar/2020:12:47:01 +0900] "GET /error/kr/error.jsp HTTP/1.1" 500 3570
175.122.17.127 - - [21/Mar/2020:12:47:11 +0900] "GET /home/watwedo/overview.do HTTP/1.1" 200 6147
175.122.17.127 - - [21/Mar/2020:12:47:20 +0900] "GET /home/watwedo/history.do HTTP/1.1" 200 10614
175.122.17.127 - - [21/Mar/2020:12:47:31 +0900] "GET /home/watwedo/philosophy.do HTTP/1.1" 200 7162
175.122.17.127 - - [21/Mar/2020:12:47:43 +0900] "GET /home/meetourpartners/all.do HTTP/1.1" 200 101569
175.122.17.127 - - [21/Mar/2020:12:47:47 +0900] "GET /home/meetourpartners/domestic.do HTTP/1.1" 200 73451
175.122.17.127 - - [21/Mar/2020:12:48:03 +0900] "GET /home/meetourpartners/overseas.do HTTP/1.1" 200 32620
175.122.17.127 - - [21/Mar/2020:12:48:05 +0900] "GET /home/meetourpartners/domestic.do HTTP/1.1" 200 73451
175.122.17.127 - - [21/Mar/2020:12:48:32 +0900] "GET /index.jsp HTTP/1.1" 302 -
175.122.17.127 - - [21/Mar/2020:12:48:32 +0900] "GET /home/main/main.do HTTP/1.1" 200 14876
23.100.232.233 - - [21/Mar/2020:12:49:19 +0900] "GET /home/en/about/about.do HTTP/1.1" 200 14811
180.163.220.3 - - [21/Mar/2020:12:58:58 +0900] "GET /home/en/main/main.do HTTP/1.1" 200 11080
180.163.220.67 - - [21/Mar/2020:12:59:07 +0900] "GET /home/en/main/main.do HTTP/1.1" 200 11080
180.163.220.67 - - [21/Mar/2020:12:59:07 +0900] "GET /home/en/main/main.do HTTP/1.1" 200 11080
207.46.13.195 - - [21/Mar/2020:13:01:16 +0900] "GET /error/kr/error.jsp HTTP/1.1" 500 3570
17.58.96.118 - - [21/Mar/2020:13:01:16 +0900] "GET /home/en/meetourpartners/all.do HTTP/1.1" 200 95227
66.249.72.18 - - [21/Mar/2020:13:01:17 +0900] "GET /error/kr/error.jsp HTTP/1.1" 500 3570
178.172.147.221 - - [21/Mar/2020:13:12:04 +0900] "GET /index.jsp HTTP/1.0" 302 -
178.172.147.221 - - [21/Mar/2020:13:12:05 +0900] "GET /home/main/main.do HTTP/1.0" 200 14876
178.172.147.221 - - [21/Mar/2020:13:12:11 +0900] "GET /home/contact/contact.do HTTP/1.0" 200 5224
213.180.203.190 - - [21/Mar/2020:13:12:22 +0900] "GET /error/kr/error.jsp HTTP/1.1" 500 3570
113.77.192.231 - - [21/Mar/2020:13:14:23 +0900] "GET /error/kr/error.jsp HTTP/1.1" 500 3570
119.207.72.69 - - [21/Mar/2020:13:15:17 +0900] "GET /home/news/news/list.do HTTP/1.1" 200 7100
119.207.72.66 - - [21/Mar/2020:13:15:21 +0900] "GET /home/news/news/list.do HTTP/1.1" 200 7100
119.207.72.166 - - [21/Mar/2020:13:17:01 +0900] "GET /index.jsp HTTP/1.1" 302 -
119.207.72.166 - - [21/Mar/2020:13:17:01 +0900] "GET /home/main/main.do HTTP/1.1" 200 14876
223.62.169.14 - - [21/Mar/2020:13:22:47 +0900] "GET /home/whoweare/korea.do HTTP/1.1" 200 43261
193.111.62.163 - - [21/Mar/2020:13:25:22 +0900] "GET /home/news/news/list.do HTTP/1.1" 200 7100
60.119.161.59 - - [21/Mar/2020:13:27:19 +0900] "GET /index.jsp HTTP/1.1" 302 -
60.119.161.59 - - [21/Mar/2020:13:27:19 +0900] "GET /home/en/main/main.do HTTP/1.1" 200 11080
60.119.161.59 - - [21/Mar/2020:13:27:27 +0900] "GET /home/en/watwedo/overview.do HTTP/1.1" 200 6156
60.119.161.59 - - [21/Mar/2020:13:27:35 +0900] "GET /home/main/main.do HTTP/1.1" 200 14876
60.119.161.59 - - [21/Mar/2020:13:27:36 +0900] "GET /error/kr/error.jsp HTTP/1.1" 500 3570
60.119.161.59 - - [21/Mar/2020:13:27:38 +0900] "GET /home/en/main/main.do HTTP/1.1" 200 11080
60.119.161.59 - - [21/Mar/2020:13:27:40 +0900] "GET /home/en/main/main.do HTTP/1.1" 200 11080
60.119.161.59 - - [21/Mar/2020:13:28:02 +0900] "GET /home/en/watwedo/philosophy.do HTTP/1.1" 200 7112
66.249.69.243 - - [21/Mar/2020:13:28:59 +0900] "GET /error/kr/error.jsp HTTP/1.1" 500 3762
121.254.147.237 - - [21/Mar/2020:13:30:44 +0900] "GET /index.jsp HTTP/1.1" 302 -
121.254.147.237 - - [21/Mar/2020:13:30:44 +0900] "GET /home/en/main/main.do HTTP/1.1" 200 11080
58.176.231.78 - - [21/Mar/2020:13:38:11 +0900] "GET /error/kr/error.jsp HTTP/1.1" 500 3570
200.53.20.244 - - [21/Mar/2020:13:42:23 +0900] "GET /index.jsp HTTP/1.1" 302 -
119.207.72.73 - - [21/Mar/2020:13:47:10 +0900] "GET /home/news/news/list.do?page=2 HTTP/1.1" 200 7127
119.207.72.74 - - [21/Mar/2020:13:47:16 +0900] "GET /home/whoweare/korea.do HTTP/1.1" 200 29677
172.105.20.185 - - [21/Mar/2020:13:49:14 +0900] "GET /error/kr/error.jsp HTTP/1.1" 500 3570
38.99.62.91 - - [21/Mar/2020:13:55:38 +0900] "GET /home/meetourpartners/domestic.do HTTP/1.1" 200 73451
66.249.72.18 - - [21/Mar/2020:13:56:40 +0900] "GET /error/kr/error.jsp HTTP/1.1" 500 3570
119.207.72.69 - - [21/Mar/2020:14:00:06 +0900] "GET /home/watwedo/history.do HTTP/1.1" 200 10614
119.207.72.68 - - [21/Mar/2020:14:00:09 +0900] "GET /home/meetourpartners/all.do HTTP/1.1" 200 101569
38.99.62.91 - - [21/Mar/2020:14:00:26 +0900] "GET /home/meetourpartners/all.do HTTP/1.1" 200 101569
38.99.62.91 - - [21/Mar/2020:14:00:52 +0900] "GET /home/meetourpartners/domestic.do HTTP/1.1" 200 73451
38.99.62.91 - - [21/Mar/2020:14:01:33 +0900] "GET /home/meetourpartners/all.do HTTP/1.1" 200 101569
38.99.62.91 - - [21/Mar/2020:14:02:14 +0900] "GET /home/meetourpartners/domestic.do HTTP/1.1" 200 73451
38.99.62.91 - - [21/Mar/2020:14:05:57 +0900] "GET /home/meetourpartners/all.do HTTP/1.1" 200 101569
38.99.62.91 - - [21/Mar/2020:14:06:36 +0900] "GET /home/meetourpartners/domestic.do HTTP/1.1" 200 73451
38.99.62.91 - - [21/Mar/2020:14:08:22 +0900] "GET /home/en/meetourpartners/all.do HTTP/1.1" 200 95227
38.99.62.91 - - [21/Mar/2020:14:09:01 +0900] "GET /home/meetourpartners/domestic.do HTTP/1.1" 200 73451
38.99.62.91 - - [21/Mar/2020:14:10:22 +0900] "GET /home/en/meetourpartners/all.do HTTP/1.1" 200 95227
38.99.62.91 - - [21/Mar/2020:14:11:01 +0900] "GET /home/meetourpartners/domestic.do HTTP/1.1" 200 73451
38.99.62.91 - - [21/Mar/2020:14:11:42 +0900] "GET /home/meetourpartners/all.do HTTP/1.1" 200 101569
38.99.62.91 - - [21/Mar/2020:14:12:26 +0900] "GET /home/meetourpartners/domestic.do HTTP/1.1" 200 73451
38.99.62.91 - - [21/Mar/2020:14:13:05 +0900] "GET /home/en/meetourpartners/all.do HTTP/1.1" 200 95227
141.8.142.12 - - [21/Mar/2020:14:13:09 +0900] "GET /error/kr/error.jsp HTTP/1.1" 500 3570
141.8.142.26 - - [21/Mar/2020:14:13:09 +0900] "GET /error/kr/error.jsp HTTP/1.1" 500 3570
141.8.142.12 - - [21/Mar/2020:14:13:13 +0900] "GET /index.jsp HTTP/1.1" 302 -
141.8.142.26 - - [21/Mar/2020:14:13:13 +0900] "GET /index.jsp HTTP/1.1" 302 -
178.154.171.122 - - [21/Mar/2020:14:13:17 +0900] "GET /home/en/main/main.do HTTP/1.1" 200 11080
95.108.181.78 - - [21/Mar/2020:14:13:17 +0900] "GET /home/en/main/main.do HTTP/1.1" 200 11080
38.99.62.91 - - [21/Mar/2020:14:13:45 +0900] "GET /home/meetourpartners/domestic.do HTTP/1.1" 200 73451
61.74.124.134 - - [21/Mar/2020:14:14:40 +0900] "GET /index.jsp HTTP/1.1" 302 -
61.74.124.134 - - [21/Mar/2020:14:14:40 +0900] "GET /home/main/main.do HTTP/1.1" 200 14876
38.99.62.91 - - [21/Mar/2020:14:16:09 +0900] "GET /home/meetourpartners/all.do HTTP/1.1" 200 101569
38.99.62.91 - - [21/Mar/2020:14:16:49 +0900] "GET /home/meetourpartners/domestic.do HTTP/1.1" 200 73451
38.99.62.91 - - [21/Mar/2020:14:17:29 +0900] "GET /home/meetourpartners/overseas.do HTTP/1.1" 200 32620
38.99.62.91 - - [21/Mar/2020:14:18:09 +0900] "GET /home/meetourpartners/all.do HTTP/1.1" 200 101569
38.99.62.91 - - [21/Mar/2020:14:18:49 +0900] "GET /home/meetourpartners/overseas.do HTTP/1.1" 200 32620
207.46.13.195 - - [21/Mar/2020:14:19:41 +0900] "GET /home/news/news/list.do?page= HTTP/1.1" 200 7100
38.99.62.91 - - [21/Mar/2020:14:20:48 +0900] "GET /home/meetourpartners/all.do HTTP/1.1" 200 101569
193.111.62.163 - - [21/Mar/2020:14:21:16 +0900] "GET /home/news/news/list.do HTTP/1.1" 200 7100
38.99.62.91 - - [21/Mar/2020:14:21:27 +0900] "GET /home/meetourpartners/overseas.do HTTP/1.1" 200 32620
38.99.62.91 - - [21/Mar/2020:14:22:46 +0900] "GET /home/meetourpartners/all.do HTTP/1.1" 200 101569
38.99.62.91 - - [21/Mar/2020:14:23:26 +0900] "GET /home/meetourpartners/overseas.do HTTP/1.1" 200 32620
66.249.75.99 - - [21/Mar/2020:14:24:22 +0900] "GET /error/kr/error.jsp HTTP/1.1" 500 3570
38.99.62.91 - - [21/Mar/2020:14:25:24 +0900] "GET /home/meetourpartners/all.do HTTP/1.1" 200 101569
38.99.62.91 - - [21/Mar/2020:14:26:03 +0900] "GET /home/meetourpartners/overseas.do HTTP/1.1" 200 32620
23.100.232.233 - - [21/Mar/2020:14:26:12 +0900] "GET /home/en/about/about.do HTTP/1.1" 200 14811
38.99.62.91 - - [21/Mar/2020:14:28:26 +0900] "GET /home/en/meetourpartners/all.do HTTP/1.1" 200 95227
38.99.62.91 - - [21/Mar/2020:14:29:06 +0900] "GET /home/en/meetourpartners/all.do HTTP/1.1" 200 95227
38.99.62.91 - - [21/Mar/2020:14:29:51 +0900] "GET /home/meetourpartners/overseas.do HTTP/1.1" 200 32620
38.99.62.91 - - [21/Mar/2020:14:32:20 +0900] "GET /home/en/meetourpartners/all.do HTTP/1.1" 200 95227
207.46.13.195 - - [21/Mar/2020:14:32:51 +0900] "GET /error/kr/error.jsp HTTP/1.1" 500 3570
38.99.62.91 - - [21/Mar/2020:14:32:59 +0900] "GET /home/meetourpartners/overseas.do HTTP/1.1" 200 32620
115.206.240.93 - - [21/Mar/2020:14:34:43 +0900] "GET /error/kr/error.jsp HTTP/1.1" 500 3570
38.99.62.91 - - [21/Mar/2020:14:36:18 +0900] "GET /home/en/meetourpartners/all.do HTTP/1.1" 200 95227
38.99.62.91 - - [21/Mar/2020:14:36:57 +0900] "GET /home/meetourpartners/overseas.do HTTP/1.1" 200 32620
38.99.62.91 - - [21/Mar/2020:14:38:17 +0900] "GET /home/meetourpartners/all.do HTTP/1.1" 200 101569
207.46.13.79 - - [21/Mar/2020:14:38:52 +0900] "GET /error/kr/error.jsp HTTP/1.1" 500 3570
38.99.62.91 - - [21/Mar/2020:14:38:57 +0900] "GET /home/meetourpartners/overseas.do HTTP/1.1" 200 32620
38.99.62.91 - - [21/Mar/2020:14:40:02 +0900] "GET /home/meetourpartners/all.do HTTP/1.1" 200 101569
38.99.62.91 - - [21/Mar/2020:14:40:41 +0900] "GET /home/meetourpartners/overseas.do HTTP/1.1" 200 32620
38.99.62.91 - - [21/Mar/2020:14:42:00 +0900] "GET /home/news/news/list.do HTTP/1.1" 200 7100
106.102.142.27 - - [21/Mar/2020:14:43:58 +0900] "GET /index.jsp HTTP/1.1" 302 -
106.102.142.27 - - [21/Mar/2020:14:43:58 +0900] "GET /home/main/main.do HTTP/1.1" 302 -
106.102.142.27 - - [21/Mar/2020:14:43:58 +0900] "GET /home/main/main.do HTTP/1.1" 200 12119
106.102.142.27 - - [21/Mar/2020:14:43:59 +0900] "GET /error/kr/error.jsp HTTP/1.1" 500 3762
106.102.142.27 - - [21/Mar/2020:14:43:59 +0900] "GET /error/kr/error.jsp HTTP/1.1" 500 3762
106.102.142.27 - - [21/Mar/2020:14:44:03 +0900] "GET /home/news/news/list.do?num=20 HTTP/1.1" 200 75163
38.99.62.91 - - [21/Mar/2020:14:44:05 +0900] "GET /home/contact/contact.do HTTP/1.1" 200 5224
38.99.62.91 - - [21/Mar/2020:14:44:46 +0900] "GET /home/en/meetourpartners/all.do HTTP/1.1" 200 95227
106.102.142.27 - - [21/Mar/2020:14:45:24 +0900] "GET /index.jsp HTTP/1.1" 302 -
106.102.142.27 - - [21/Mar/2020:14:45:24 +0900] "GET /home/main/main.do HTTP/1.1" 302 -
106.102.142.27 - - [21/Mar/2020:14:45:24 +0900] "GET /home/main/main.do HTTP/1.1" 200 12119
106.102.142.27 - - [21/Mar/2020:14:45:24 +0900] "GET /error/kr/error.jsp HTTP/1.1" 500 3762
106.102.142.27 - - [21/Mar/2020:14:45:24 +0900] "GET /error/kr/error.jsp HTTP/1.1" 500 3762
38.99.62.91 - - [21/Mar/2020:14:45:25 +0900] "GET /home/contact/contact.do HTTP/1.1" 200 5224
106.102.142.27 - - [21/Mar/2020:14:45:30 +0900] "GET /home/watwedo/overview.do HTTP/1.1" 200 7044
106.102.142.27 - - [21/Mar/2020:14:46:06 +0900] "GET /home/watwedo/history.do HTTP/1.1" 200 8921
106.102.142.27 - - [21/Mar/2020:14:46:29 +0900] "GET /home/watwedo/philosophy.do HTTP/1.1" 200 7553
38.99.62.91 - - [21/Mar/2020:14:46:47 +0900] "GET /home/en/meetourpartners/all.do HTTP/1.1" 200 95227
111.161.185.254 - - [21/Mar/2020:14:47:13 +0900] "GET /error/kr/error.jsp HTTP/1.1" 500 3570
38.99.62.91 - - [21/Mar/2020:14:47:27 +0900] "GET /home/news/news/view.do?num=1 HTTP/1.1" 200 8971
38.99.62.91 - - [21/Mar/2020:14:48:08 +0900] "GET /home/news/news/view.do?num=3 HTTP/1.1" 200 5573
38.99.62.91 - - [21/Mar/2020:14:50:06 +0900] "GET /home/meetourpartners/all.do HTTP/1.1" 200 101569
38.99.62.91 - - [21/Mar/2020:14:50:46 +0900] "GET /home/news/news/view.do?num=2 HTTP/1.1" 200 6974
38.99.62.91 - - [21/Mar/2020:14:51:26 +0900] "GET /home/main/main.do HTTP/1.1" 200 14876
38.99.62.91 - - [21/Mar/2020:14:51:27 +0900] "GET /error/kr/error.jsp HTTP/1.1" 500 3570
66.249.75.99 - - [21/Mar/2020:14:52:03 +0900] "GET /error/kr/error.jsp HTTP/1.1" 500 3570
38.99.62.91 - - [21/Mar/2020:14:52:46 +0900] "GET /home/watwedo/philosophy.do HTTP/1.1" 200 7162
38.99.62.91 - - [21/Mar/2020:14:53:11 +0900] "GET /home/main/main.do HTTP/1.1" 200 14876
38.99.62.91 - - [21/Mar/2020:14:53:12 +0900] "GET /error/kr/error.jsp HTTP/1.1" 500 3570
38.99.62.91 - - [21/Mar/2020:14:53:51 +0900] "GET /home/en/meetourpartners/all.do HTTP/1.1" 200 95227
38.99.62.91 - - [21/Mar/2020:14:54:30 +0900] "GET /home/en/main/main.do HTTP/1.1" 200 11080
38.99.62.91 - - [21/Mar/2020:14:55:10 +0900] "GET /home/en/watwedo/overview.do HTTP/1.1" 200 6156
38.99.62.91 - - [21/Mar/2020:14:55:35 +0900] "GET /home/about/about.do HTTP/1.1" 200 14216
46.101.144.52 - - [21/Mar/2020:15:05:17 +0900] "GET /index.jsp HTTP/1.1" 302 -
46.101.144.52 - - [21/Mar/2020:15:05:17 +0900] "GET /index.jsp HTTP/1.1" 302 -
46.101.144.52 - - [21/Mar/2020:15:05:17 +0900] "GET /error/kr/error.jsp HTTP/1.1" 500 3570
46.101.144.52 - - [21/Mar/2020:15:05:18 +0900] "GET /error/kr/error.jsp HTTP/1.1" 500 3570
46.101.144.52 - - [21/Mar/2020:15:05:18 +0900] "GET /index.jsp HTTP/1.1" 302 -
46.101.144.52 - - [21/Mar/2020:15:05:19 +0900] "GET /error/kr/error.jsp HTTP/1.1" 500 3570
46.101.144.52 - - [21/Mar/2020:15:05:19 +0900] "GET /error/kr/error.jsp HTTP/1.1" 500 3570
46.101.144.52 - - [21/Mar/2020:15:05:20 +0900] "GET /error/kr/error.jsp HTTP/1.1" 500 3570
46.101.144.52 - - [21/Mar/2020:15:05:20 +0900] "GET /error/kr/error.jsp HTTP/1.1" 500 3570
46.101.144.52 - - [21/Mar/2020:15:05:21 +0900] "GET /error/kr/error.jsp HTTP/1.1" 500 3570
46.101.144.52 - - [21/Mar/2020:15:05:22 +0900] "GET /error/kr/error.jsp HTTP/1.1" 500 3570
46.101.144.52 - - [21/Mar/2020:15:05:22 +0900] "GET /error/kr/error.jsp HTTP/1.1" 500 3570
46.101.144.52 - - [21/Mar/2020:15:05:23 +0900] "GET /error/kr/error.jsp HTTP/1.1" 500 3570
46.101.144.52 - - [21/Mar/2020:15:05:23 +0900] "GET /error/kr/error.jsp HTTP/1.1" 500 3570
46.101.144.52 - - [21/Mar/2020:15:05:24 +0900] "GET /error/kr/error.jsp HTTP/1.1" 500 3570
46.101.144.52 - - [21/Mar/2020:15:05:25 +0900] "GET /error/kr/error.jsp HTTP/1.1" 500 3570
46.101.144.52 - - [21/Mar/2020:15:05:25 +0900] "GET /error/kr/error.jsp HTTP/1.1" 500 3570
46.101.144.52 - - [21/Mar/2020:15:05:26 +0900] "GET /error/kr/error.jsp HTTP/1.1" 500 3570
46.101.144.52 - - [21/Mar/2020:15:05:26 +0900] "GET /error/kr/error.jsp HTTP/1.1" 500 3570
46.101.144.52 - - [21/Mar/2020:15:05:27 +0900] "GET /error/kr/error.jsp HTTP/1.1" 500 3570
46.101.144.52 - - [21/Mar/2020:15:05:28 +0900] "GET /error/kr/error.jsp HTTP/1.1" 500 3570
23.100.232.233 - - [21/Mar/2020:15:10:21 +0900] "GET /home/main/main.do HTTP/1.1" 200 14876
193.111.62.163 - - [21/Mar/2020:15:19:18 +0900] "GET /home/news/news/list.do HTTP/1.1" 200 7100
66.249.69.245 - - [21/Mar/2020:15:19:45 +0900] "GET /error/kr/error.jsp HTTP/1.1" 500 3762
59.56.83.67 - - [21/Mar/2020:15:30:49 +0900] "GET /error/kr/error.jsp HTTP/1.1" 500 3570
103.131.71.137 - - [21/Mar/2020:15:46:02 +0900] "GET /error/kr/error.jsp HTTP/1.1" 500 3570
66.249.72.18 - - [21/Mar/2020:15:47:26 +0900] "GET /error/kr/error.jsp HTTP/1.1" 500 3570
192.234.235.103 - - [21/Mar/2020:15:50:06 +0900] "GET /index.jsp HTTP/1.0" 302 -
23.100.232.233 - - [21/Mar/2020:15:50:51 +0900] "GET /home/en/meetourpartners/domestic.do HTTP/1.1" 200 69240
5.188.84.66 - - [21/Mar/2020:15:59:47 +0900] "GET /home/watwedo/overview.do HTTP/1.0" 200 6147
5.62.43.182 - - [21/Mar/2020:16:01:29 +0900] "GET /error/kr/error.jsp HTTP/1.1" 500 3570
66.249.69.243 - - [21/Mar/2020:16:15:08 +0900] "GET /error/kr/error.jsp HTTP/1.1" 500 3762
119.119.41.216 - - [21/Mar/2020:16:15:30 +0900] "GET /error/kr/error.jsp HTTP/1.1" 500 3570
95.84.185.168 - - [21/Mar/2020:16:23:22 +0900] "GET /index.jsp HTTP/1.1" 302 -
23.100.232.233 - - [21/Mar/2020:16:23:38 +0900] "GET /home/en/whoweare/korea.do HTTP/1.1" 200 29641
207.46.13.111 - - [21/Mar/2020:16:27:06 +0900] "GET /error/kr/error.jsp HTTP/1.1" 500 3570
193.111.62.163 - - [21/Mar/2020:16:28:05 +0900] "GET /home/news/news/list.do HTTP/1.1" 200 7100
54.235.17.83 - - [21/Mar/2020:16:39:20 +0900] "GET /error/kr/error.jsp HTTP/1.1" 500 3570
54.235.17.83 - - [21/Mar/2020:16:39:23 +0900] "GET /error/kr/error.jsp HTTP/1.1" 500 3570
42.236.10.72 - - [21/Mar/2020:16:40:56 +0900] "GET /index.jsp HTTP/1.1" 302 -
42.236.10.72 - - [21/Mar/2020:16:40:56 +0900] "GET /home/en/main/main.do HTTP/1.1" 200 11080
5.101.0.209 - - [21/Mar/2020:16:42:23 +0900] "GET /error/kr/error.jsp HTTP/1.1" 500 3570
1.214.217.170 - - [21/Mar/2020:16:45:34 +0900] "GET /index.jsp HTTP/1.1" 302 -
1.214.217.170 - - [21/Mar/2020:16:45:34 +0900] "GET /home/main/main.do HTTP/1.1" 200 14876
1.214.217.170 - - [21/Mar/2020:16:45:34 +0900] "GET /error/kr/error.jsp HTTP/1.1" 500 3570
1.214.217.170 - - [21/Mar/2020:16:45:34 +0900] "GET /error/kr/error.jsp HTTP/1.1" 500 3570
1.214.217.170 - - [21/Mar/2020:16:45:34 +0900] "GET /index.jsp HTTP/1.1" 302 -
1.214.217.170 - - [21/Mar/2020:16:45:34 +0900] "GET /home/main/main.do HTTP/1.1" 302 -
1.214.217.170 - - [21/Mar/2020:16:45:34 +0900] "GET /home/main/main.do HTTP/1.1" 200 12119
204.246.159.170 - - [21/Mar/2020:16:52:55 +0900] "GET /index.jsp HTTP/1.1" 302 -
204.246.159.170 - - [21/Mar/2020:16:52:55 +0900] "GET /home/main/main.do HTTP/1.1" 200 14876
207.46.13.129 - - [21/Mar/2020:16:54:03 +0900] "GET /error/kr/error.jsp HTTP/1.1" 500 3570
42.115.71.7 - - [21/Mar/2020:16:57:17 +0900] "GET /home/en/whoweare/korea.do HTTP/1.1" 200 29641
