34.199.176.251 - - [13/Feb/2020:00:01:25 +0900] "GET /home/news/news/view.do?num=1 HTTP/1.1" 200 8971
34.199.176.251 - - [13/Feb/2020:00:01:26 +0900] "GET /home/news/news/view.do HTTP/1.1" 500 3570
66.249.65.186 - - [13/Feb/2020:00:02:03 +0900] "GET /error/kr/error.jsp HTTP/1.1" 500 3762
66.249.65.186 - - [13/Feb/2020:00:12:01 +0900] "GET /error/kr/error.jsp HTTP/1.1" 500 3762
23.226.211.182 - - [13/Feb/2020:00:20:37 +0900] "GET /index.jsp HTTP/1.1" 302 -
23.226.211.182 - - [13/Feb/2020:00:20:37 +0900] "GET /home/en/main/main.do HTTP/1.1" 200 11080
23.100.232.233 - - [13/Feb/2020:00:21:56 +0900] "GET /home/watwedo/history.do HTTP/1.1" 200 10614
66.249.65.218 - - [13/Feb/2020:00:22:12 +0900] "GET /error/kr/error.jsp HTTP/1.1" 500 3570
193.111.62.163 - - [13/Feb/2020:00:22:52 +0900] "GET /home/news/news/list.do HTTP/1.1" 200 7091
66.249.65.190 - - [13/Feb/2020:00:32:14 +0900] "GET /error/kr/error.jsp HTTP/1.1" 500 3762
185.210.218.101 - - [13/Feb/2020:00:34:19 +0900] "GET /error/kr/error.jsp HTTP/1.0" 500 3570
103.131.71.140 - - [13/Feb/2020:00:34:45 +0900] "GET /error/kr/error.jsp HTTP/1.1" 500 3570
125.209.235.184 - - [13/Feb/2020:00:45:43 +0900] "GET /error/kr/error.jsp HTTP/1.1" 500 3570
125.209.235.173 - - [13/Feb/2020:00:45:45 +0900] "GET /home/whoweare/korea.do HTTP/1.1" 200 29677
5.202.82.113 - - [13/Feb/2020:00:53:06 +0900] "GET /index.jsp HTTP/1.1" 302 -
94.23.222.44 - - [13/Feb/2020:00:57:53 +0900] "GET /index.jsp HTTP/1.1" 302 -
66.249.65.190 - - [13/Feb/2020:01:02:10 +0900] "GET /error/kr/error.jsp HTTP/1.1" 500 3762
40.77.167.117 - - [13/Feb/2020:01:03:16 +0900] "GET /error/kr/error.jsp HTTP/1.1" 500 3570
17.58.96.118 - - [13/Feb/2020:01:06:18 +0900] "GET /error/kr/error.jsp HTTP/1.1" 500 3570
119.207.72.71 - - [13/Feb/2020:01:18:26 +0900] "GET /home/whoweare/china.do HTTP/1.1" 200 10340
119.207.72.71 - - [13/Feb/2020:01:18:26 +0900] "GET /home/whoweare/china.do HTTP/1.1" 200 10340
34.218.41.30 - - [13/Feb/2020:01:19:04 +0900] "GET /index.jsp HTTP/1.1" 302 -
34.218.41.30 - - [13/Feb/2020:01:19:04 +0900] "GET /home/en/main/main.do HTTP/1.1" 200 11080
34.218.41.30 - - [13/Feb/2020:01:19:04 +0900] "GET /home/main/main.do HTTP/1.1" 200 12222
34.220.94.120 - - [13/Feb/2020:01:25:15 +0900] "GET /index.jsp HTTP/1.1" 302 -
34.220.94.120 - - [13/Feb/2020:01:25:15 +0900] "GET /home/en/main/main.do HTTP/1.1" 200 11080
34.220.94.120 - - [13/Feb/2020:01:25:15 +0900] "GET /home/main/main.do HTTP/1.1" 200 12222
200.52.203.62 - - [13/Feb/2020:01:29:34 +0900] "GET /index.jsp HTTP/1.1" 302 -
193.111.62.163 - - [13/Feb/2020:01:30:46 +0900] "GET /home/news/news/list.do HTTP/1.1" 200 7091
119.207.72.76 - - [13/Feb/2020:01:40:06 +0900] "GET /home/watwedo/overview.do HTTP/1.1" 200 6147
119.207.72.185 - - [13/Feb/2020:01:40:09 +0900] "GET /home/watwedo/overview.do HTTP/1.1" 200 6147
66.249.65.218 - - [13/Feb/2020:01:42:42 +0900] "GET /error/kr/error.jsp HTTP/1.1" 500 3570
69.12.72.190 - - [13/Feb/2020:01:43:03 +0900] "GET /error/kr/error.jsp HTTP/1.1" 500 3570
18.236.103.28 - - [13/Feb/2020:01:45:00 +0900] "GET /index.jsp HTTP/1.1" 302 -
18.236.103.28 - - [13/Feb/2020:01:45:00 +0900] "GET /home/en/main/main.do HTTP/1.1" 200 11080
18.236.103.28 - - [13/Feb/2020:01:45:01 +0900] "GET /home/main/main.do HTTP/1.1" 200 12222
66.249.65.188 - - [13/Feb/2020:01:45:22 +0900] "GET /error/kr/error.jsp HTTP/1.1" 500 3762
125.209.235.177 - - [13/Feb/2020:01:45:45 +0900] "GET /error/kr/error.jsp HTTP/1.1" 500 3570
23.239.180.218 - - [13/Feb/2020:01:46:03 +0900] "GET /index.jsp HTTP/1.1" 302 -
23.239.180.218 - - [13/Feb/2020:01:46:04 +0900] "GET /home/en/main/main.do HTTP/1.1" 200 11080
207.46.13.155 - - [13/Feb/2020:01:47:16 +0900] "GET /error/kr/error.jsp HTTP/1.1" 500 3570
66.249.65.186 - - [13/Feb/2020:01:52:36 +0900] "GET /error/kr/error.jsp HTTP/1.1" 500 3762
157.55.39.23 - - [13/Feb/2020:01:54:27 +0900] "GET /error/kr/error.jsp HTTP/1.1" 500 3570
40.77.167.117 - - [13/Feb/2020:01:54:30 +0900] "GET /index.jsp HTTP/1.1" 302 -
39.104.156.79 - - [13/Feb/2020:02:01:17 +0900] "GET /error/kr/error.jsp HTTP/1.1" 500 3570
66.249.65.186 - - [13/Feb/2020:02:02:44 +0900] "GET /error/kr/error.jsp HTTP/1.1" 500 3762
119.207.72.77 - - [13/Feb/2020:02:10:48 +0900] "GET /index.jsp HTTP/1.1" 302 -
119.207.72.77 - - [13/Feb/2020:02:10:48 +0900] "GET /home/main/main.do HTTP/1.1" 200 12222
66.249.65.186 - - [13/Feb/2020:02:15:59 +0900] "GET /error/kr/error.jsp HTTP/1.1" 500 3762
103.131.71.52 - - [13/Feb/2020:02:20:49 +0900] "GET /error/kr/error.jsp HTTP/1.1" 500 3570
103.131.71.52 - - [13/Feb/2020:02:20:54 +0900] "GET /error/kr/error.jsp HTTP/1.1" 500 3762
103.131.71.43 - - [13/Feb/2020:02:21:01 +0900] "GET /error/kr/error.jsp HTTP/1.1" 500 3570
193.111.62.163 - - [13/Feb/2020:02:22:07 +0900] "GET /home/news/news/list.do HTTP/1.1" 200 7091
182.76.82.166 - - [13/Feb/2020:02:22:50 +0900] "GET /home/en/meetourpartners/domestic.do HTTP/1.1" 200 71879
66.249.65.214 - - [13/Feb/2020:02:22:54 +0900] "GET /error/kr/error.jsp HTTP/1.1" 500 3570
66.249.65.186 - - [13/Feb/2020:02:26:11 +0900] "GET /error/kr/error.jsp HTTP/1.1" 500 3762
40.77.167.117 - - [13/Feb/2020:02:27:16 +0900] "GET /index.jsp HTTP/1.1" 302 -
157.55.39.23 - - [13/Feb/2020:02:28:39 +0900] "GET /error/kr/error.jsp HTTP/1.1" 500 3570
207.46.13.155 - - [13/Feb/2020:02:28:43 +0900] "GET /error/kr/error.jsp HTTP/1.1" 500 3570
66.249.65.186 - - [13/Feb/2020:02:32:43 +0900] "GET /error/kr/error.jsp HTTP/1.1" 500 3762
34.220.94.120 - - [13/Feb/2020:02:34:18 +0900] "GET /index.jsp HTTP/1.1" 302 -
34.220.94.120 - - [13/Feb/2020:02:34:18 +0900] "GET /home/en/main/main.do HTTP/1.1" 200 11080
34.220.94.120 - - [13/Feb/2020:02:34:18 +0900] "GET /home/main/main.do HTTP/1.1" 200 12222
17.58.96.118 - - [13/Feb/2020:02:50:36 +0900] "GET /error/kr/error.jsp HTTP/1.1" 500 3570
34.199.176.251 - - [13/Feb/2020:02:51:24 +0900] "GET /home/news/news/view.do?num=2 HTTP/1.1" 200 6974
34.199.176.251 - - [13/Feb/2020:02:51:25 +0900] "GET /home/news/news/view.do HTTP/1.1" 500 3570
23.100.232.233 - - [13/Feb/2020:02:53:47 +0900] "GET /home/contact/contact.do HTTP/1.1" 200 5224
94.158.36.183 - - [13/Feb/2020:02:53:59 +0900] "GET /error/kr/error.jsp HTTP/1.1" 500 3570
94.158.36.183 - - [13/Feb/2020:02:54:02 +0900] "GET /error/kr/error.jsp HTTP/1.1" 500 3570
209.210.48.124 - - [13/Feb/2020:02:56:56 +0900] "GET /home/en/meetourpartners/all.do HTTP/1.1" 200 95227
23.100.232.233 - - [13/Feb/2020:02:57:20 +0900] "GET /home/watwedo/history.do HTTP/1.1" 200 10614
38.99.62.91 - - [13/Feb/2020:02:59:04 +0900] "GET /home/news/news/view.do?page=&num=4 HTTP/1.1" 200 9120
38.99.62.91 - - [13/Feb/2020:02:59:43 +0900] "GET /home/news/news/view.do?page=&num=3 HTTP/1.1" 200 5573
38.99.62.91 - - [13/Feb/2020:03:00:23 +0900] "GET /home/en/meetourpartners/all.do HTTP/1.1" 200 95227
38.99.62.91 - - [13/Feb/2020:03:01:02 +0900] "GET /home/news/news/view.do?page=&num=1 HTTP/1.1" 200 8971
38.99.62.91 - - [13/Feb/2020:03:01:53 +0900] "GET /error/kr/error.jsp HTTP/1.1" 500 3570
38.99.62.91 - - [13/Feb/2020:03:02:43 +0900] "GET /home/en/watwedo/history.do HTTP/1.1" 200 10541
38.99.62.91 - - [13/Feb/2020:03:03:48 +0900] "GET /home/en/whoweare/china.do HTTP/1.1" 200 10353
34.219.243.72 - - [13/Feb/2020:03:04:45 +0900] "GET /index.jsp HTTP/1.1" 302 -
34.219.243.72 - - [13/Feb/2020:03:04:45 +0900] "GET /home/en/main/main.do HTTP/1.1" 200 11080
38.99.62.91 - - [13/Feb/2020:03:04:52 +0900] "GET /home/en/main/main.do HTTP/1.1" 200 11080
38.99.62.91 - - [13/Feb/2020:03:05:32 +0900] "GET /home/en/watwedo/overview.do HTTP/1.1" 200 6156
38.99.62.91 - - [13/Feb/2020:03:06:12 +0900] "GET /home/en/whoweare/korea.do HTTP/1.1" 200 29641
38.99.62.91 - - [13/Feb/2020:03:06:52 +0900] "GET /home/meetourpartners/all.do HTTP/1.1" 200 101569
38.99.62.91 - - [13/Feb/2020:03:07:32 +0900] "GET /home/en/meetourpartners/all.do HTTP/1.1" 200 95227
38.99.62.91 - - [13/Feb/2020:03:08:12 +0900] "GET /home/en/contact/contact.do HTTP/1.1" 200 5187
38.99.62.91 - - [13/Feb/2020:03:08:52 +0900] "GET /home/en/meetourpartners/all.do HTTP/1.1" 200 95227
38.99.62.91 - - [13/Feb/2020:03:09:18 +0900] "GET /home/en/about/about.do HTTP/1.1" 200 14811
38.99.62.91 - - [13/Feb/2020:03:09:57 +0900] "GET /home/en/main/main.do HTTP/1.1" 200 11080
61.135.190.72 - - [13/Feb/2020:03:10:01 +0900] "GET /home/en/main/main.do HTTP/1.0" 200 8279
38.99.62.91 - - [13/Feb/2020:03:10:48 +0900] "GET /home/en/watwedo/philosophy.do HTTP/1.1" 200 7112
38.99.62.91 - - [13/Feb/2020:03:11:27 +0900] "GET /home/en/main/main.do HTTP/1.1" 200 11080
38.99.62.91 - - [13/Feb/2020:03:12:07 +0900] "GET /home/watwedo/overview.do HTTP/1.1" 200 6147
38.99.62.91 - - [13/Feb/2020:03:12:46 +0900] "GET /home/watwedo/history.do HTTP/1.1" 200 10614
38.99.62.91 - - [13/Feb/2020:03:13:26 +0900] "GET /home/watwedo/overview.do HTTP/1.1" 200 6147
38.99.62.91 - - [13/Feb/2020:03:14:06 +0900] "GET /home/whoweare/korea.do HTTP/1.1" 200 29677
61.135.190.71 - - [13/Feb/2020:03:14:15 +0900] "GET /home/en/main/main.do HTTP/1.0" 200 8279
38.99.62.91 - - [13/Feb/2020:03:14:46 +0900] "GET /home/whoweare/china.do HTTP/1.1" 200 10340
38.99.62.91 - - [13/Feb/2020:03:15:26 +0900] "GET /home/whoweare/korea.do HTTP/1.1" 200 29677
38.99.62.91 - - [13/Feb/2020:03:16:05 +0900] "GET /home/meetourpartners/all.do HTTP/1.1" 200 101569
38.99.62.91 - - [13/Feb/2020:03:17:49 +0900] "GET /home/news/news/list.do HTTP/1.1" 200 7091
38.99.62.91 - - [13/Feb/2020:03:18:29 +0900] "GET /home/news/news/view.do?page=1&num=1 HTTP/1.1" 200 8973
38.99.62.91 - - [13/Feb/2020:03:19:08 +0900] "GET /home/meetourpartners/all.do HTTP/1.1" 200 101569
38.99.62.91 - - [13/Feb/2020:03:19:48 +0900] "GET /home/news/news/view.do?page=1&num=2 HTTP/1.1" 200 6977
38.99.62.91 - - [13/Feb/2020:03:20:27 +0900] "GET /home/meetourpartners/all.do HTTP/1.1" 200 101569
38.99.62.91 - - [13/Feb/2020:03:21:07 +0900] "GET /home/news/news/view.do?page=1&num=3 HTTP/1.1" 200 5576
38.99.62.91 - - [13/Feb/2020:03:21:46 +0900] "GET /home/news/news/view.do?page=1&num=4 HTTP/1.1" 200 9123
38.99.62.91 - - [13/Feb/2020:03:22:26 +0900] "GET /home/news/news/view.do?page=1&num=5 HTTP/1.1" 200 9112
66.249.65.188 - - [13/Feb/2020:03:23:01 +0900] "GET /error/kr/error.jsp HTTP/1.1" 500 3762
38.99.62.91 - - [13/Feb/2020:03:23:06 +0900] "GET /home/news/news/view.do?page=1&num=6 HTTP/1.1" 200 9121
38.99.62.91 - - [13/Feb/2020:03:23:45 +0900] "GET /home/en/meetourpartners/all.do HTTP/1.1" 200 95227
38.99.62.91 - - [13/Feb/2020:03:24:25 +0900] "GET /home/news/news/view.do?page=1&num=7 HTTP/1.1" 200 5548
38.99.62.91 - - [13/Feb/2020:03:25:04 +0900] "GET /home/news/news/view.do?page=1&num=8 HTTP/1.1" 200 9169
38.99.62.91 - - [13/Feb/2020:03:25:44 +0900] "GET /home/news/news/view.do?page=1&num=9 HTTP/1.1" 200 9135
38.99.62.91 - - [13/Feb/2020:03:26:23 +0900] "GET /home/en/meetourpartners/all.do HTTP/1.1" 200 95227
193.111.62.163 - - [13/Feb/2020:03:26:42 +0900] "GET /home/news/news/list.do HTTP/1.1" 200 7091
38.99.62.91 - - [13/Feb/2020:03:27:03 +0900] "GET /home/news/news/view.do?page=1&num=10 HTTP/1.1" 200 6756
38.99.62.91 - - [13/Feb/2020:03:27:28 +0900] "GET /home/news/news/list.do?page=1 HTTP/1.1" 200 7091
38.99.62.91 - - [13/Feb/2020:03:27:54 +0900] "GET /home/news/news/list.do?page=2 HTTP/1.1" 200 6849
38.99.62.91 - - [13/Feb/2020:03:28:33 +0900] "GET /home/news/news/list.do HTTP/1.1" 200 7091
38.99.62.91 - - [13/Feb/2020:03:28:59 +0900] "GET /home/contact/contact.do HTTP/1.1" 200 5224
38.99.62.91 - - [13/Feb/2020:03:30:20 +0900] "GET /home/en/meetourpartners/all.do HTTP/1.1" 200 95227
38.99.62.91 - - [13/Feb/2020:03:30:59 +0900] "GET /home/about/about.do HTTP/1.1" 200 14216
38.99.62.91 - - [13/Feb/2020:03:32:18 +0900] "GET /home/news/news/view.do?num=1 HTTP/1.1" 200 8971
38.99.62.91 - - [13/Feb/2020:03:32:44 +0900] "GET /home/en/meetourpartners/all.do HTTP/1.1" 200 95227
66.249.65.186 - - [13/Feb/2020:03:33:05 +0900] "GET /error/kr/error.jsp HTTP/1.1" 500 3762
38.99.62.91 - - [13/Feb/2020:03:33:23 +0900] "GET /home/news/news/view.do?page=&num=2 HTTP/1.1" 200 6974
119.207.72.70 - - [13/Feb/2020:03:33:25 +0900] "GET /home/news/news/list.do HTTP/1.1" 200 7091
38.99.62.91 - - [13/Feb/2020:03:34:03 +0900] "GET /home/news/news/list.do?page= HTTP/1.1" 200 7091
34.199.176.251 - - [13/Feb/2020:03:34:37 +0900] "GET /home/news/news/view.do?num=3 HTTP/1.1" 200 5573
34.199.176.251 - - [13/Feb/2020:03:34:38 +0900] "GET /home/news/news/view.do HTTP/1.1" 500 3570
38.99.62.91 - - [13/Feb/2020:03:34:43 +0900] "GET /home/en/meetourpartners/all.do HTTP/1.1" 200 95227
34.199.176.251 - - [13/Feb/2020:03:34:50 +0900] "GET /home/news/news/view.do?num=3 HTTP/1.1" 200 5573
34.199.176.251 - - [13/Feb/2020:03:34:51 +0900] "GET /home/news/news/view.do HTTP/1.1" 500 3570
34.199.176.251 - - [13/Feb/2020:03:35:14 +0900] "GET /home/news/news/view.do?num=3 HTTP/1.1" 200 5573
34.199.176.251 - - [13/Feb/2020:03:35:14 +0900] "GET /home/news/news/view.do HTTP/1.1" 500 3570
38.99.62.91 - - [13/Feb/2020:03:35:22 +0900] "GET /home/news/news/view.do?num=1 HTTP/1.1" 200 8971
38.99.62.91 - - [13/Feb/2020:03:36:02 +0900] "GET /home/meetourpartners/all.do HTTP/1.1" 200 101569
38.99.62.91 - - [13/Feb/2020:03:36:41 +0900] "GET /home/news/news/view.do?num=3 HTTP/1.1" 200 5573
38.99.62.91 - - [13/Feb/2020:03:37:21 +0900] "GET /home/news/news/view.do?page=&num=4 HTTP/1.1" 200 9120
38.99.62.91 - - [13/Feb/2020:03:38:01 +0900] "GET /home/news/news/view.do?num=3 HTTP/1.1" 200 5573
64.114.222.149 - - [13/Feb/2020:03:38:22 +0900] "GET /index.jsp HTTP/1.1" 302 -
64.114.222.149 - - [13/Feb/2020:03:38:24 +0900] "GET /home/en/main/main.do HTTP/1.1" 200 11080
64.114.222.149 - - [13/Feb/2020:03:38:34 +0900] "GET /index.jsp HTTP/1.1" 302 -
64.114.222.149 - - [13/Feb/2020:03:38:35 +0900] "GET /home/en/main/main.do HTTP/1.1" 200 11080
38.99.62.91 - - [13/Feb/2020:03:38:40 +0900] "GET /home/news/news/view.do?num=2 HTTP/1.1" 200 6974
38.99.62.91 - - [13/Feb/2020:03:39:20 +0900] "GET /home/meetourpartners/all.do HTTP/1.1" 200 101569
38.99.62.91 - - [13/Feb/2020:03:39:59 +0900] "GET /home/news/news/view.do?page=&num=3 HTTP/1.1" 200 5573
38.99.62.91 - - [13/Feb/2020:03:40:31 +0900] "GET /home/news/news/view.do?page=&num=1 HTTP/1.1" 200 8971
38.99.62.91 - - [13/Feb/2020:03:41:11 +0900] "GET /home/en/meetourpartners/all.do HTTP/1.1" 200 95227
38.99.62.91 - - [13/Feb/2020:03:41:50 +0900] "GET /home/news/news/view.do?num=2 HTTP/1.1" 200 6974
3.226.239.32 - - [13/Feb/2020:03:42:27 +0900] "GET /index.jsp HTTP/1.1" 302 -
3.226.239.32 - - [13/Feb/2020:03:42:27 +0900] "GET /home/main/main.do HTTP/1.1" 200 12222
3.226.239.32 - - [13/Feb/2020:03:42:28 +0900] "GET /home/main/main.do HTTP/1.1" 200 12222
3.226.239.32 - - [13/Feb/2020:03:42:28 +0900] "GET /home/main/main.do HTTP/1.1" 200 12222
38.99.62.91 - - [13/Feb/2020:03:42:30 +0900] "GET /home/news/news/view.do?page=1&num=1 HTTP/1.1" 200 8973
66.249.65.216 - - [13/Feb/2020:03:43:03 +0900] "GET /error/kr/error.jsp HTTP/1.1" 500 3570
38.99.62.91 - - [13/Feb/2020:03:43:49 +0900] "GET /home/news/news/view.do?page=1&num=2 HTTP/1.1" 200 6977
34.220.206.0 - - [13/Feb/2020:03:44:31 +0900] "GET /index.jsp HTTP/1.1" 302 -
34.220.206.0 - - [13/Feb/2020:03:44:31 +0900] "GET /home/en/main/main.do HTTP/1.1" 200 11080
38.99.62.91 - - [13/Feb/2020:03:44:53 +0900] "GET /home/news/news/view.do?page=1&num=3 HTTP/1.1" 200 5576
38.99.62.91 - - [13/Feb/2020:03:46:12 +0900] "GET /home/news/news/view.do?page=1&num=4 HTTP/1.1" 200 9123
38.99.62.91 - - [13/Feb/2020:03:47:31 +0900] "GET /home/news/news/view.do?page=1&num=5 HTTP/1.1" 200 9112
38.99.62.91 - - [13/Feb/2020:03:48:50 +0900] "GET /home/news/news/view.do?page=1&num=6 HTTP/1.1" 200 9121
38.99.62.91 - - [13/Feb/2020:03:50:09 +0900] "GET /home/news/news/view.do?page=1&num=7 HTTP/1.1" 200 5548
38.99.62.91 - - [13/Feb/2020:03:51:28 +0900] "GET /home/meetourpartners/all.do HTTP/1.1" 200 101569
112.155.123.10 - - [13/Feb/2020:03:52:21 +0900] "GET /index.jsp HTTP/1.1" 302 -
112.155.123.10 - - [13/Feb/2020:03:52:21 +0900] "GET /home/main/main.do HTTP/1.1" 200 12222
112.155.123.10 - - [13/Feb/2020:03:52:24 +0900] "GET /home/meetourpartners/all.do HTTP/1.1" 200 101569
112.155.123.10 - - [13/Feb/2020:03:52:28 +0900] "GET /home/whoweare/korea.do HTTP/1.1" 200 29677
112.155.123.10 - - [13/Feb/2020:03:52:43 +0900] "GET /home/meetourpartners/all.do HTTP/1.1" 200 101569
38.99.62.91 - - [13/Feb/2020:03:52:46 +0900] "GET /home/en/meetourpartners/all.do HTTP/1.1" 200 95227
112.155.123.10 - - [13/Feb/2020:03:52:48 +0900] "GET /home/whoweare/korea.do HTTP/1.1" 200 29677
66.249.65.186 - - [13/Feb/2020:03:53:12 +0900] "GET /error/kr/error.jsp HTTP/1.1" 500 3762
112.155.123.10 - - [13/Feb/2020:03:53:13 +0900] "GET /home/meetourpartners/all.do HTTP/1.1" 200 101569
112.155.123.10 - - [13/Feb/2020:03:53:16 +0900] "GET /home/whoweare/korea.do HTTP/1.1" 200 29677
38.99.62.91 - - [13/Feb/2020:03:53:26 +0900] "GET /home/news/news/list.do?page=2 HTTP/1.1" 200 6849
38.99.62.91 - - [13/Feb/2020:03:54:05 +0900] "GET /home/news/news/view.do?page=2&num=11 HTTP/1.1" 200 5548
38.99.62.91 - - [13/Feb/2020:03:54:45 +0900] "GET /home/news/news/view.do?page=2&num=12 HTTP/1.1" 200 9083
112.155.123.10 - - [13/Feb/2020:03:55:14 +0900] "GET /home/watwedo/overview.do HTTP/1.1" 200 6147
112.155.123.10 - - [13/Feb/2020:03:55:25 +0900] "GET /home/watwedo/overview.do HTTP/1.1" 200 6147
38.99.62.91 - - [13/Feb/2020:03:55:25 +0900] "GET /home/en/meetourpartners/all.do HTTP/1.1" 200 95227
112.155.123.10 - - [13/Feb/2020:03:55:30 +0900] "GET /home/whoweare/korea.do HTTP/1.1" 200 29677
112.155.123.10 - - [13/Feb/2020:03:55:32 +0900] "GET /home/meetourpartners/all.do HTTP/1.1" 200 101569
112.155.123.10 - - [13/Feb/2020:03:55:37 +0900] "GET /home/news/news/list.do HTTP/1.1" 200 7091
112.155.123.10 - - [13/Feb/2020:03:55:38 +0900] "GET /home/contact/contact.do HTTP/1.1" 200 5224
112.155.123.10 - - [13/Feb/2020:03:55:45 +0900] "GET /home/about/about.do HTTP/1.1" 200 14216
38.99.62.91 - - [13/Feb/2020:03:56:05 +0900] "GET /home/news/news/view.do?page=2&num=13 HTTP/1.1" 200 9159
38.99.62.91 - - [13/Feb/2020:03:56:44 +0900] "GET /home/news/news/view.do?page=2&num=14 HTTP/1.1" 200 6736
38.99.62.91 - - [13/Feb/2020:03:57:24 +0900] "GET /home/news/news/view.do?page=2&num=15 HTTP/1.1" 200 9181
119.207.72.114 - - [13/Feb/2020:03:57:40 +0900] "GET /home/news/news/list.do HTTP/1.1" 200 7091
38.99.62.91 - - [13/Feb/2020:03:58:03 +0900] "GET /home/news/news/view.do?page=2&num=16 HTTP/1.1" 200 5666
38.99.62.91 - - [13/Feb/2020:03:58:43 +0900] "GET /home/news/news/view.do?page=2&num=17 HTTP/1.1" 200 5761
119.207.72.79 - - [13/Feb/2020:03:58:43 +0900] "GET /home/news/news/list.do HTTP/1.1" 200 7091
119.207.72.71 - - [13/Feb/2020:03:59:00 +0900] "GET /home/news/news/list.do HTTP/1.1" 200 7091
119.207.72.78 - - [13/Feb/2020:03:59:01 +0900] "GET /home/news/news/list.do HTTP/1.1" 200 7091
38.99.62.91 - - [13/Feb/2020:03:59:22 +0900] "GET /home/news/news/view.do?page=2&num=18 HTTP/1.1" 200 9137
207.46.13.155 - - [13/Feb/2020:04:08:11 +0900] "GET /error/kr/error.jsp HTTP/1.1" 500 3570
66.249.65.190 - - [13/Feb/2020:04:08:56 +0900] "GET /error/kr/error.jsp HTTP/1.1" 500 3762
121.254.147.237 - - [13/Feb/2020:04:14:24 +0900] "GET /index.jsp HTTP/1.1" 302 -
121.254.147.237 - - [13/Feb/2020:04:14:24 +0900] "GET /home/en/main/main.do HTTP/1.1" 200 11080
23.100.232.233 - - [13/Feb/2020:04:20:43 +0900] "GET /home/watwedo/history.do HTTP/1.1" 200 10614
193.111.62.163 - - [13/Feb/2020:04:23:26 +0900] "GET /home/news/news/list.do HTTP/1.1" 200 7091
45.33.66.85 - - [13/Feb/2020:04:27:23 +0900] "GET /error/kr/error.jsp HTTP/1.1" 500 3570
60.191.52.254 - - [13/Feb/2020:04:39:16 +0900] "HEAD /index.jsp HTTP/1.1" 302 -
60.191.52.254 - - [13/Feb/2020:04:39:16 +0900] "GET /home/main/main.do HTTP/1.1" 200 12222
66.249.65.188 - - [13/Feb/2020:04:39:57 +0900] "GET /error/kr/error.jsp HTTP/1.1" 500 3762
119.207.72.74 - - [13/Feb/2020:04:42:32 +0900] "GET /home/main/main.do HTTP/1.1" 200 12222
23.100.232.233 - - [13/Feb/2020:04:47:28 +0900] "GET /home/contact/contact.do HTTP/1.1" 200 5224
46.173.190.26 - - [13/Feb/2020:04:51:01 +0900] "GET /index.jsp HTTP/1.1" 302 -
175.196.235.52 - - [13/Feb/2020:04:52:05 +0900] "GET /index.jsp HTTP/1.1" 302 -
175.196.235.52 - - [13/Feb/2020:04:52:05 +0900] "GET /home/main/main.do HTTP/1.1" 200 12222
176.123.60.152 - - [13/Feb/2020:04:52:27 +0900] "GET /index.jsp HTTP/1.1" 302 -
66.249.65.190 - - [13/Feb/2020:04:55:07 +0900] "GET /error/kr/error.jsp HTTP/1.1" 500 3762
42.236.10.70 - - [13/Feb/2020:05:11:49 +0900] "GET /error/kr/error.jsp HTTP/1.1" 500 3570
23.100.232.233 - - [13/Feb/2020:05:12:05 +0900] "GET /home/watwedo/history.do HTTP/1.1" 200 10614
193.111.62.163 - - [13/Feb/2020:05:19:47 +0900] "GET /home/news/news/list.do HTTP/1.1" 200 7091
47.113.106.81 - - [13/Feb/2020:05:22:19 +0900] "GET /error/kr/error.jsp HTTP/1.1" 500 3570
82.117.194.229 - - [13/Feb/2020:05:24:33 +0900] "GET /error/kr/error.jsp HTTP/1.1" 500 3570
40.77.167.98 - - [13/Feb/2020:05:36:18 +0900] "GET /error/kr/error.jsp HTTP/1.1" 500 3570
157.55.39.52 - - [13/Feb/2020:05:38:06 +0900] "GET /home/en/meetourpartners/overseas.do HTTP/1.1" 200 31428
40.77.167.98 - - [13/Feb/2020:05:51:49 +0900] "GET /error/kr/error.jsp HTTP/1.1" 500 3570
207.38.88.153 - - [13/Feb/2020:05:52:33 +0900] "GET /index.jsp HTTP/1.1" 302 -
207.38.88.153 - - [13/Feb/2020:05:52:34 +0900] "GET /home/main/main.do HTTP/1.1" 200 12222
207.38.88.153 - - [13/Feb/2020:05:52:34 +0900] "GET /index.jsp HTTP/1.1" 302 -
207.38.88.153 - - [13/Feb/2020:05:52:40 +0900] "GET /home/main/main.do HTTP/1.1" 200 12222
207.38.88.153 - - [13/Feb/2020:05:52:40 +0900] "GET /error/kr/error.jsp HTTP/1.1" 500 3570
207.38.88.153 - - [13/Feb/2020:05:52:45 +0900] "GET /error/kr/error.jsp HTTP/1.1" 500 3570
207.38.88.153 - - [13/Feb/2020:05:52:51 +0900] "GET /error/kr/error.jsp HTTP/1.1" 500 3570
207.38.88.153 - - [13/Feb/2020:05:52:51 +0900] "GET /error/kr/error.jsp HTTP/1.1" 500 3570
207.38.88.153 - - [13/Feb/2020:05:52:52 +0900] "GET /error/kr/error.jsp HTTP/1.1" 500 3570
119.207.72.160 - - [13/Feb/2020:06:05:28 +0900] "GET /home/news/news/list.do?page=1 HTTP/1.1" 200 7091
119.207.72.117 - - [13/Feb/2020:06:05:29 +0900] "GET /home/news/news/list.do?page=1 HTTP/1.1" 200 7091
40.77.167.98 - - [13/Feb/2020:06:10:58 +0900] "GET /home/meetourpartners/domestic.do HTTP/1.1" 200 73451
123.125.71.81 - - [13/Feb/2020:06:14:08 +0900] "GET /home/en/main/main.do HTTP/1.1" 200 8279
123.125.71.107 - - [13/Feb/2020:06:14:08 +0900] "GET /error/kr/error.jsp HTTP/1.1" 500 3762
111.206.221.2 - - [13/Feb/2020:06:14:09 +0900] "GET /error/kr/error.jsp HTTP/1.1" 500 3762
111.206.221.74 - - [13/Feb/2020:06:14:10 +0900] "GET /error/kr/error.jsp HTTP/1.1" 500 3762
66.249.65.186 - - [13/Feb/2020:06:15:58 +0900] "GET /error/kr/error.jsp HTTP/1.1" 500 3762
157.55.39.52 - - [13/Feb/2020:06:23:10 +0900] "GET /error/kr/error.jsp HTTP/1.1" 500 3570
193.111.62.163 - - [13/Feb/2020:06:24:24 +0900] "GET /home/news/news/list.do HTTP/1.1" 200 7091
34.199.176.251 - - [13/Feb/2020:06:29:01 +0900] "GET /home/news/news/view.do?num=2 HTTP/1.1" 200 6974
34.199.176.251 - - [13/Feb/2020:06:29:02 +0900] "GET /home/news/news/view.do HTTP/1.1" 500 3570
23.100.232.233 - - [13/Feb/2020:06:32:10 +0900] "GET /home/meetourpartners/overseas.do HTTP/1.1" 200 32620
40.77.167.78 - - [13/Feb/2020:06:35:07 +0900] "GET /error/kr/error.jsp HTTP/1.1" 500 3570
119.207.72.70 - - [13/Feb/2020:06:35:50 +0900] "GET /home/meetourpartners/all.do HTTP/1.1" 200 101569
119.207.72.111 - - [13/Feb/2020:06:37:14 +0900] "GET /home/news/news/view.do?page=1&num=5 HTTP/1.1" 200 9112
119.207.72.170 - - [13/Feb/2020:06:37:16 +0900] "GET /home/news/news/view.do?page=1&num=5 HTTP/1.1" 200 9112
35.229.33.80 - - [13/Feb/2020:06:38:22 +0900] "GET /error/kr/error.jsp HTTP/1.0" 500 3570
35.229.33.80 - - [13/Feb/2020:06:38:23 +0900] "GET /home/en/about/about.do HTTP/1.0" 200 14811
35.229.33.80 - - [13/Feb/2020:06:43:35 +0900] "GET /error/kr/error.jsp HTTP/1.0" 500 3570
35.229.33.80 - - [13/Feb/2020:06:43:35 +0900] "GET /home/en/watwedo/overview.do HTTP/1.0" 200 6156
35.229.33.80 - - [13/Feb/2020:06:44:34 +0900] "GET /error/kr/error.jsp HTTP/1.0" 500 3570
35.229.33.80 - - [13/Feb/2020:06:44:34 +0900] "GET /home/main/main.do HTTP/1.0" 200 12222
23.100.232.233 - - [13/Feb/2020:06:45:50 +0900] "GET /home/contact/contact.do HTTP/1.1" 200 5224
123.125.71.53 - - [13/Feb/2020:06:47:28 +0900] "GET /home/en/main/main.do HTTP/1.1" 200 8279
123.125.71.39 - - [13/Feb/2020:06:47:28 +0900] "GET /error/kr/error.jsp HTTP/1.1" 500 3762
111.206.221.14 - - [13/Feb/2020:06:47:29 +0900] "GET /error/kr/error.jsp HTTP/1.1" 500 3762
111.206.221.44 - - [13/Feb/2020:06:47:30 +0900] "GET /error/kr/error.jsp HTTP/1.1" 500 3762
35.229.33.80 - - [13/Feb/2020:06:48:48 +0900] "GET /error/kr/error.jsp HTTP/1.0" 500 3570
35.229.33.80 - - [13/Feb/2020:06:48:49 +0900] "GET /home/en/meetourpartners/all.do HTTP/1.0" 200 95227
35.229.33.80 - - [13/Feb/2020:06:56:07 +0900] "GET /error/kr/error.jsp HTTP/1.0" 500 3570
35.229.33.80 - - [13/Feb/2020:06:56:08 +0900] "GET /home/en/watwedo/philosophy.do HTTP/1.0" 200 7112
66.249.65.214 - - [13/Feb/2020:06:56:37 +0900] "GET /error/kr/error.jsp HTTP/1.1" 500 3570
110.229.217.101 - - [13/Feb/2020:06:57:36 +0900] "GET /error/kr/error.jsp HTTP/1.1" 500 3570
40.117.251.71 - - [13/Feb/2020:06:59:23 +0900] "GET /error/kr/error.jsp HTTP/1.1" 500 3570
40.117.251.71 - - [13/Feb/2020:06:59:24 +0900] "GET /error/kr/error.jsp HTTP/1.1" 500 3570
35.229.33.80 - - [13/Feb/2020:06:59:37 +0900] "GET /error/kr/error.jsp HTTP/1.0" 500 3570
35.229.33.80 - - [13/Feb/2020:06:59:38 +0900] "GET /home/en/whoweare/korea.do HTTP/1.0" 200 29641
119.207.72.163 - - [13/Feb/2020:07:00:42 +0900] "GET /home/watwedo/overview.do HTTP/1.1" 200 6147
119.207.72.176 - - [13/Feb/2020:07:00:43 +0900] "GET /home/watwedo/overview.do HTTP/1.1" 200 6147
119.207.72.178 - - [13/Feb/2020:07:00:45 +0900] "GET /home/news/news/view.do?page=1&num=2 HTTP/1.1" 200 6977
119.207.72.166 - - [13/Feb/2020:07:00:47 +0900] "GET /home/news/news/view.do?page=1&num=2 HTTP/1.1" 200 6977
35.229.33.80 - - [13/Feb/2020:07:01:57 +0900] "GET /error/kr/error.jsp HTTP/1.0" 500 3570
35.229.33.80 - - [13/Feb/2020:07:01:58 +0900] "GET /home/en/contact/contact.do HTTP/1.0" 200 5187
66.249.65.214 - - [13/Feb/2020:07:02:39 +0900] "GET /error/kr/error.jsp HTTP/1.1" 500 3570
35.229.33.80 - - [13/Feb/2020:07:02:44 +0900] "GET /error/kr/error.jsp HTTP/1.0" 500 3570
35.229.33.80 - - [13/Feb/2020:07:02:45 +0900] "GET /home/en/meetourpartners/all.do HTTP/1.0" 200 95227
35.229.33.80 - - [13/Feb/2020:07:02:48 +0900] "GET /error/kr/error.jsp HTTP/1.0" 500 3570
35.229.33.80 - - [13/Feb/2020:07:02:49 +0900] "GET /home/en/watwedo/overview.do HTTP/1.0" 200 6156
35.229.33.80 - - [13/Feb/2020:07:02:50 +0900] "GET /error/kr/error.jsp HTTP/1.0" 500 3570
35.229.33.80 - - [13/Feb/2020:07:02:51 +0900] "GET /home/en/whoweare/korea.do HTTP/1.0" 200 29641
35.229.33.80 - - [13/Feb/2020:07:02:53 +0900] "GET /error/kr/error.jsp HTTP/1.0" 500 3570
35.229.33.80 - - [13/Feb/2020:07:02:54 +0900] "GET /home/en/about/about.do HTTP/1.0" 200 14811
35.229.33.80 - - [13/Feb/2020:07:02:55 +0900] "GET /error/kr/error.jsp HTTP/1.0" 500 3570
35.229.33.80 - - [13/Feb/2020:07:02:55 +0900] "GET /home/en/contact/contact.do HTTP/1.0" 200 5187
35.229.33.80 - - [13/Feb/2020:07:02:57 +0900] "GET /error/kr/error.jsp HTTP/1.0" 500 3570
35.229.33.80 - - [13/Feb/2020:07:02:57 +0900] "GET /home/en/watwedo/philosophy.do HTTP/1.0" 200 7112
35.229.33.80 - - [13/Feb/2020:07:02:59 +0900] "GET /error/kr/error.jsp HTTP/1.0" 500 3570
35.229.33.80 - - [13/Feb/2020:07:02:59 +0900] "GET /home/main/main.do HTTP/1.0" 200 12222
66.249.65.214 - - [13/Feb/2020:07:09:53 +0900] "GET /error/kr/error.jsp HTTP/1.1" 500 3570
34.199.176.251 - - [13/Feb/2020:07:13:21 +0900] "GET /home/news/news/view.do?num=3 HTTP/1.1" 200 5573
34.199.176.251 - - [13/Feb/2020:07:13:21 +0900] "GET /home/news/news/view.do HTTP/1.1" 500 3570
27.224.137.253 - - [13/Feb/2020:07:13:50 +0900] "HEAD /index.jsp HTTP/1.1" 302 -
66.249.65.214 - - [13/Feb/2020:07:15:52 +0900] "GET /error/kr/error.jsp HTTP/1.1" 500 3570
193.111.62.163 - - [13/Feb/2020:07:22:11 +0900] "GET /home/news/news/list.do HTTP/1.1" 200 7091
66.249.65.214 - - [13/Feb/2020:07:26:46 +0900] "GET /error/kr/error.jsp HTTP/1.1" 500 3570
104.222.43.33 - - [13/Feb/2020:07:40:27 +0900] "GET /index.jsp HTTP/1.1" 302 -
104.222.43.33 - - [13/Feb/2020:07:40:27 +0900] "GET /home/en/main/main.do HTTP/1.1" 200 11080
197.232.1.182 - - [13/Feb/2020:07:45:13 +0900] "GET /error/kr/error.jsp HTTP/1.1" 500 3570
119.207.72.115 - - [13/Feb/2020:07:46:37 +0900] "GET /home/about/about.do HTTP/1.1" 200 14216
23.100.232.233 - - [13/Feb/2020:07:47:55 +0900] "GET /home/meetourpartners/overseas.do HTTP/1.1" 200 32620
211.44.51.30 - - [13/Feb/2020:08:09:06 +0900] "GET /index.jsp HTTP/1.1" 302 -
211.44.51.30 - - [13/Feb/2020:08:09:06 +0900] "GET /home/main/main.do HTTP/1.1" 200 12222
211.44.51.30 - - [13/Feb/2020:08:09:11 +0900] "GET /home/whoweare/korea.do HTTP/1.1" 200 29677
66.249.65.188 - - [13/Feb/2020:08:17:55 +0900] "GET /error/kr/error.jsp HTTP/1.1" 500 3762
35.231.164.98 - - [13/Feb/2020:08:22:55 +0900] "GET /error/kr/error.jsp HTTP/1.0" 500 3570
35.231.164.98 - - [13/Feb/2020:08:22:56 +0900] "GET /home/en/about/about.do HTTP/1.0" 200 14811
23.100.232.233 - - [13/Feb/2020:08:23:44 +0900] "GET /home/about/about.do HTTP/1.1" 200 14216
50.242.89.75 - - [13/Feb/2020:08:26:34 +0900] "GET /index.jsp HTTP/1.1" 302 -
50.242.89.75 - - [13/Feb/2020:08:26:35 +0900] "GET /home/en/main/main.do HTTP/1.1" 200 11080
35.231.164.98 - - [13/Feb/2020:08:28:42 +0900] "GET /error/kr/error.jsp HTTP/1.0" 500 3570
35.231.164.98 - - [13/Feb/2020:08:28:42 +0900] "GET /home/en/watwedo/overview.do HTTP/1.0" 200 6156
193.111.62.163 - - [13/Feb/2020:08:29:07 +0900] "GET /home/news/news/list.do HTTP/1.1" 200 7091
35.231.164.98 - - [13/Feb/2020:08:29:43 +0900] "GET /error/kr/error.jsp HTTP/1.0" 500 3570
35.231.164.98 - - [13/Feb/2020:08:29:44 +0900] "GET /home/main/main.do HTTP/1.0" 200 12222
50.242.89.75 - - [13/Feb/2020:08:32:04 +0900] "GET /index.jsp HTTP/1.1" 302 -
50.242.89.75 - - [13/Feb/2020:08:32:05 +0900] "GET /home/en/main/main.do HTTP/1.1" 200 11080
35.231.164.98 - - [13/Feb/2020:08:34:03 +0900] "GET /error/kr/error.jsp HTTP/1.0" 500 3570
35.231.164.98 - - [13/Feb/2020:08:34:03 +0900] "GET /home/en/meetourpartners/all.do HTTP/1.0" 200 95227
223.52.189.199 - - [13/Feb/2020:08:35:02 +0900] "GET /index.jsp HTTP/1.1" 302 -
223.52.189.199 - - [13/Feb/2020:08:35:02 +0900] "GET /home/main/main.do HTTP/1.1" 302 -
223.52.189.199 - - [13/Feb/2020:08:35:02 +0900] "GET /home/main/main.do HTTP/1.1" 200 8898
223.52.189.199 - - [13/Feb/2020:08:35:03 +0900] "GET /error/kr/error.jsp HTTP/1.1" 500 3762
223.52.189.199 - - [13/Feb/2020:08:35:21 +0900] "GET /home/meetourpartners/all.do HTTP/1.1" 200 105128
208.100.26.237 - - [13/Feb/2020:08:35:38 +0900] "GET /index.jsp HTTP/1.1" 302 -
208.100.26.237 - - [13/Feb/2020:08:35:38 +0900] "GET /home/main/main.do HTTP/1.1" 200 12222
208.100.26.248 - - [13/Feb/2020:08:35:39 +0900] "GET /index.jsp HTTP/1.1" 302 -
208.100.26.248 - - [13/Feb/2020:08:35:39 +0900] "GET /home/main/main.do HTTP/1.1" 200 8898
208.100.26.237 - - [13/Feb/2020:08:35:45 +0900] "GET /index.jsp HTTP/1.1" 302 -
208.100.26.237 - - [13/Feb/2020:08:35:45 +0900] "GET /home/main/main.do HTTP/1.1" 200 12222
208.100.26.237 - - [13/Feb/2020:08:35:46 +0900] "GET /error/kr/error.jsp HTTP/1.1" 500 3570
208.100.26.237 - - [13/Feb/2020:08:35:47 +0900] "GET /error/kr/error.jsp HTTP/1.1" 500 3570
208.100.26.248 - - [13/Feb/2020:08:35:47 +0900] "GET /index.jsp HTTP/1.1" 302 -
208.100.26.248 - - [13/Feb/2020:08:35:48 +0900] "GET /home/main/main.do HTTP/1.1" 200 12222
208.100.26.248 - - [13/Feb/2020:08:35:48 +0900] "GET /index.jsp HTTP/1.1" 302 -
208.100.26.237 - - [13/Feb/2020:08:35:48 +0900] "GET /error/kr/error.jsp HTTP/1.1" 500 3570
208.100.26.237 - - [13/Feb/2020:08:35:48 +0900] "GET /error/kr/error.jsp HTTP/1.1" 500 3570
208.100.26.237 - - [13/Feb/2020:08:35:49 +0900] "GET /error/kr/error.jsp HTTP/1.1" 500 3570
208.100.26.248 - - [13/Feb/2020:08:35:49 +0900] "GET /home/main/main.do HTTP/1.1" 200 8898
208.100.26.237 - - [13/Feb/2020:08:35:49 +0900] "GET /error/kr/error.jsp HTTP/1.1" 500 3570
208.100.26.237 - - [13/Feb/2020:08:35:50 +0900] "GET /error/kr/error.jsp HTTP/1.1" 500 3570
208.100.26.248 - - [13/Feb/2020:08:35:51 +0900] "GET /error/kr/error.jsp HTTP/1.1" 500 3762
208.100.26.248 - - [13/Feb/2020:08:35:52 +0900] "GET /error/kr/error.jsp HTTP/1.1" 500 3762
208.100.26.248 - - [13/Feb/2020:08:35:53 +0900] "GET /error/kr/error.jsp HTTP/1.1" 500 3762
208.100.26.248 - - [13/Feb/2020:08:35:53 +0900] "GET /error/kr/error.jsp HTTP/1.1" 500 3762
208.100.26.248 - - [13/Feb/2020:08:35:54 +0900] "GET /error/kr/error.jsp HTTP/1.1" 500 3762
208.100.26.248 - - [13/Feb/2020:08:35:55 +0900] "GET /error/kr/error.jsp HTTP/1.1" 500 3762
208.100.26.248 - - [13/Feb/2020:08:35:55 +0900] "GET /error/kr/error.jsp HTTP/1.1" 500 3762
223.52.189.199 - - [13/Feb/2020:08:36:25 +0900] "GET /home/meetourpartners/all.do HTTP/1.1" 200 105128
50.242.89.75 - - [13/Feb/2020:08:36:47 +0900] "GET /home/en/whoweare/korea.do HTTP/1.1" 200 29641
50.242.89.75 - - [13/Feb/2020:08:37:56 +0900] "GET /home/en/whoweare/china.do HTTP/1.1" 200 10353
50.242.89.75 - - [13/Feb/2020:08:38:16 +0900] "GET /home/en/whoweare/korea.do HTTP/1.1" 200 29641
50.242.89.75 - - [13/Feb/2020:08:38:23 +0900] "GET /home/en/watwedo/overview.do HTTP/1.1" 200 6156
50.242.89.75 - - [13/Feb/2020:08:38:38 +0900] "GET /home/en/watwedo/history.do HTTP/1.1" 200 10541
50.242.89.75 - - [13/Feb/2020:08:38:44 +0900] "GET /home/en/watwedo/philosophy.do HTTP/1.1" 200 7112
35.231.164.98 - - [13/Feb/2020:08:41:19 +0900] "GET /error/kr/error.jsp HTTP/1.0" 500 3570
35.231.164.98 - - [13/Feb/2020:08:41:20 +0900] "GET /home/en/watwedo/philosophy.do HTTP/1.0" 200 7112
50.242.89.75 - - [13/Feb/2020:08:42:01 +0900] "GET /home/en/meetourpartners/all.do HTTP/1.1" 200 95227
50.242.89.75 - - [13/Feb/2020:08:42:06 +0900] "GET /home/en/meetourpartners/overseas.do HTTP/1.1" 200 31428
50.242.89.75 - - [13/Feb/2020:08:42:56 +0900] "GET /home/en/meetourpartners/domestic.do HTTP/1.1" 200 69240
50.242.89.75 - - [13/Feb/2020:08:43:24 +0900] "GET /home/en/meetourpartners/overseas.do HTTP/1.1" 200 31428
50.242.89.75 - - [13/Feb/2020:08:44:11 +0900] "GET /home/en/about/about.do HTTP/1.1" 200 14811
35.231.164.98 - - [13/Feb/2020:08:44:48 +0900] "GET /error/kr/error.jsp HTTP/1.0" 500 3570
35.231.164.98 - - [13/Feb/2020:08:44:49 +0900] "GET /home/en/whoweare/korea.do HTTP/1.0" 200 29641
50.242.89.75 - - [13/Feb/2020:08:46:41 +0900] "GET /index.jsp HTTP/1.1" 302 -
50.242.89.75 - - [13/Feb/2020:08:46:41 +0900] "GET /home/en/main/main.do HTTP/1.1" 200 11080
50.242.89.75 - - [13/Feb/2020:08:47:09 +0900] "GET /home/en/about/about.do HTTP/1.1" 200 14811
35.231.164.98 - - [13/Feb/2020:08:47:11 +0900] "GET /error/kr/error.jsp HTTP/1.0" 500 3570
35.231.164.98 - - [13/Feb/2020:08:47:12 +0900] "GET /home/en/contact/contact.do HTTP/1.0" 200 5187
35.231.164.98 - - [13/Feb/2020:08:48:01 +0900] "GET /error/kr/error.jsp HTTP/1.0" 500 3570
35.231.164.98 - - [13/Feb/2020:08:48:02 +0900] "GET /home/en/meetourpartners/all.do HTTP/1.0" 200 95227
35.231.164.98 - - [13/Feb/2020:08:48:05 +0900] "GET /error/kr/error.jsp HTTP/1.0" 500 3570
35.231.164.98 - - [13/Feb/2020:08:48:06 +0900] "GET /home/en/watwedo/overview.do HTTP/1.0" 200 6156
35.231.164.98 - - [13/Feb/2020:08:48:07 +0900] "GET /error/kr/error.jsp HTTP/1.0" 500 3570
35.231.164.98 - - [13/Feb/2020:08:48:07 +0900] "GET /home/en/whoweare/korea.do HTTP/1.0" 200 29641
35.231.164.98 - - [13/Feb/2020:08:48:09 +0900] "GET /error/kr/error.jsp HTTP/1.0" 500 3570
35.231.164.98 - - [13/Feb/2020:08:48:10 +0900] "GET /home/en/about/about.do HTTP/1.0" 200 14811
35.231.164.98 - - [13/Feb/2020:08:48:11 +0900] "GET /error/kr/error.jsp HTTP/1.0" 500 3570
35.231.164.98 - - [13/Feb/2020:08:48:12 +0900] "GET /home/en/contact/contact.do HTTP/1.0" 200 5187
35.231.164.98 - - [13/Feb/2020:08:48:13 +0900] "GET /error/kr/error.jsp HTTP/1.0" 500 3570
35.231.164.98 - - [13/Feb/2020:08:48:14 +0900] "GET /home/en/watwedo/philosophy.do HTTP/1.0" 200 7112
35.231.164.98 - - [13/Feb/2020:08:48:15 +0900] "GET /error/kr/error.jsp HTTP/1.0" 500 3570
35.231.164.98 - - [13/Feb/2020:08:48:15 +0900] "GET /home/main/main.do HTTP/1.0" 200 12222
49.7.20.138 - - [13/Feb/2020:08:48:26 +0900] "GET /error/kr/error.jsp HTTP/1.1" 500 3570
219.255.206.200 - - [13/Feb/2020:08:50:55 +0900] "GET /index.jsp HTTP/1.1" 302 -
219.255.206.200 - - [13/Feb/2020:08:50:55 +0900] "GET /home/main/main.do HTTP/1.1" 200 12222
45.121.165.234 - - [13/Feb/2020:08:54:27 +0900] "GET /index.jsp HTTP/1.1" 302 -
45.121.165.234 - - [13/Feb/2020:08:54:27 +0900] "GET /home/main/main.do HTTP/1.1" 200 12222
45.121.165.234 - - [13/Feb/2020:08:54:30 +0900] "GET /home/watwedo/overview.do HTTP/1.1" 200 6147
45.121.165.234 - - [13/Feb/2020:08:55:53 +0900] "GET /home/watwedo/history.do HTTP/1.1" 200 10614
45.121.165.234 - - [13/Feb/2020:08:55:57 +0900] "GET /home/watwedo/philosophy.do HTTP/1.1" 200 7162
45.121.165.234 - - [13/Feb/2020:08:56:50 +0900] "GET /home/meetourpartners/all.do HTTP/1.1" 200 101569
104.222.33.102 - - [13/Feb/2020:08:57:32 +0900] "GET /index.jsp HTTP/1.1" 302 -
104.222.33.102 - - [13/Feb/2020:08:57:32 +0900] "GET /home/en/main/main.do HTTP/1.1" 200 11080
23.100.232.233 - - [13/Feb/2020:08:58:50 +0900] "GET /home/contact/contact.do HTTP/1.1" 200 5224
54.244.149.42 - - [13/Feb/2020:09:10:37 +0900] "GET /index.jsp HTTP/1.1" 302 -
54.244.149.42 - - [13/Feb/2020:09:10:37 +0900] "GET /home/en/main/main.do HTTP/1.1" 200 11080
169.197.108.6 - - [13/Feb/2020:09:17:52 +0900] "GET /error/kr/error.jsp HTTP/1.1" 500 3570
193.111.62.163 - - [13/Feb/2020:09:19:00 +0900] "GET /home/news/news/list.do HTTP/1.1" 200 7091
207.46.13.155 - - [13/Feb/2020:09:22:22 +0900] "GET /error/kr/error.jsp HTTP/1.1" 500 3570
37.49.226.9 - - [13/Feb/2020:09:22:42 +0900] "GET /index.jsp HTTP/1.1" 302 -
37.49.226.9 - - [13/Feb/2020:09:22:43 +0900] "GET /home/main/main.do HTTP/1.1" 200 12222
211.178.8.28 - - [13/Feb/2020:09:24:32 +0900] "GET /index.jsp HTTP/1.1" 302 -
211.178.8.28 - - [13/Feb/2020:09:24:32 +0900] "GET /home/main/main.do HTTP/1.1" 200 12222
211.178.8.28 - - [13/Feb/2020:09:24:38 +0900] "GET /home/whoweare/korea.do HTTP/1.1" 200 29677
157.55.39.52 - - [13/Feb/2020:09:26:06 +0900] "GET /error/kr/error.jsp HTTP/1.1" 500 3570
157.55.39.23 - - [13/Feb/2020:09:29:45 +0900] "GET /error/kr/error.jsp HTTP/1.1" 500 3570
157.55.39.52 - - [13/Feb/2020:09:29:47 +0900] "GET /error/kr/error.jsp HTTP/1.1" 500 3570
211.178.8.28 - - [13/Feb/2020:09:30:33 +0900] "GET /home/whoweare/korea.do HTTP/1.1" 200 29677
157.55.39.52 - - [13/Feb/2020:09:32:52 +0900] "GET /error/kr/error.jsp HTTP/1.1" 500 3570
17.58.102.54 - - [13/Feb/2020:09:33:15 +0900] "GET /error/kr/error.jsp HTTP/1.1" 500 3570
17.58.96.118 - - [13/Feb/2020:09:33:16 +0900] "GET /index.jsp?ko= HTTP/1.1" 302 -
17.58.96.118 - - [13/Feb/2020:09:33:16 +0900] "GET /home/main/main.do HTTP/1.1" 200 12222
54.208.102.37 - - [13/Feb/2020:09:38:42 +0900] "GET /index.jsp HTTP/1.1" 302 -
54.208.102.37 - - [13/Feb/2020:09:38:42 +0900] "GET /home/en/main/main.do HTTP/1.1" 200 11080
107.21.1.8 - - [13/Feb/2020:09:38:43 +0900] "GET /index.jsp HTTP/1.1" 302 -
107.21.1.8 - - [13/Feb/2020:09:38:43 +0900] "GET /home/en/main/main.do HTTP/1.1" 200 11080
207.46.13.4 - - [13/Feb/2020:09:43:12 +0900] "GET /error/kr/error.jsp HTTP/1.1" 500 3570
34.199.176.251 - - [13/Feb/2020:09:43:59 +0900] "GET /home/news/news/list.do HTTP/1.1" 200 7091
49.7.20.138 - - [13/Feb/2020:09:46:53 +0900] "GET /index.jsp HTTP/1.1" 302 -
211.178.8.28 - - [13/Feb/2020:09:47:23 +0900] "GET /home/main/main.do HTTP/1.1" 200 12222
211.178.8.28 - - [13/Feb/2020:09:47:29 +0900] "GET /home/meetourpartners/all.do HTTP/1.1" 200 101569
45.33.66.85 - - [13/Feb/2020:09:52:24 +0900] "GET /error/kr/error.jsp HTTP/1.1" 500 3570
3.81.131.34 - - [13/Feb/2020:09:59:53 +0900] "GET /error/kr/error.jsp HTTP/1.1" 500 3570
3.81.131.34 - - [13/Feb/2020:09:59:54 +0900] "GET /error/kr/error.jsp HTTP/1.1" 500 3570
207.46.13.155 - - [13/Feb/2020:10:01:39 +0900] "GET /error/kr/error.jsp HTTP/1.1" 500 3570
110.229.221.191 - - [13/Feb/2020:10:05:13 +0900] "GET /error/kr/error.jsp HTTP/1.1" 500 3570
211.56.145.140 - - [13/Feb/2020:10:05:32 +0900] "GET /index.jsp HTTP/1.1" 302 -
211.56.145.140 - - [13/Feb/2020:10:05:32 +0900] "GET /home/main/main.do HTTP/1.1" 302 -
211.56.145.140 - - [13/Feb/2020:10:05:32 +0900] "GET /home/main/main.do HTTP/1.1" 200 8898
66.249.65.218 - - [13/Feb/2020:10:06:22 +0900] "GET /error/kr/error.jsp HTTP/1.1" 500 3570
23.100.232.233 - - [13/Feb/2020:10:09:31 +0900] "GET /home/meetourpartners/overseas.do HTTP/1.1" 200 32620
13.228.6.37 - - [13/Feb/2020:10:11:13 +0900] "GET /home/en/meetourpartners/all.do HTTP/1.1" 200 95227
202.148.16.27 - - [13/Feb/2020:10:12:12 +0900] "GET /index.jsp HTTP/1.1" 302 -
165.227.48.147 - - [13/Feb/2020:10:12:20 +0900] "GET /index.jsp HTTP/1.1" 302 -
40.77.167.78 - - [13/Feb/2020:10:12:22 +0900] "GET /error/kr/error.jsp HTTP/1.1" 500 3570
165.227.48.147 - - [13/Feb/2020:10:12:23 +0900] "GET /home/main/main.do HTTP/1.1" 200 12222
165.227.48.147 - - [13/Feb/2020:10:12:23 +0900] "GET /index.jsp HTTP/1.1" 302 -
166.62.101.171 - - [13/Feb/2020:10:12:24 +0900] "GET /error/kr/error.jsp HTTP/1.1" 500 3570
165.227.48.147 - - [13/Feb/2020:10:12:25 +0900] "GET /home/main/main.do HTTP/1.1" 200 12222
165.227.48.147 - - [13/Feb/2020:10:12:26 +0900] "GET /error/kr/error.jsp HTTP/1.1" 500 3570
175.121.41.249 - - [13/Feb/2020:10:12:28 +0900] "GET /index.jsp HTTP/1.1" 302 -
175.121.41.249 - - [13/Feb/2020:10:12:28 +0900] "GET /home/main/main.do HTTP/1.1" 200 12222
175.121.41.249 - - [13/Feb/2020:10:12:37 +0900] "GET /home/whoweare/korea.do HTTP/1.1" 200 29677
166.62.101.171 - - [13/Feb/2020:10:12:43 +0900] "GET /index.jsp HTTP/1.1" 302 -
165.227.48.147 - - [13/Feb/2020:10:12:48 +0900] "GET /error/kr/error.jsp HTTP/1.1" 500 3570
166.62.101.171 - - [13/Feb/2020:10:12:49 +0900] "GET /home/main/main.do HTTP/1.1" 200 12222
165.227.48.147 - - [13/Feb/2020:10:12:52 +0900] "GET /error/kr/error.jsp HTTP/1.1" 500 3570
166.62.101.171 - - [13/Feb/2020:10:12:54 +0900] "GET /error/kr/error.jsp HTTP/1.1" 500 3570
166.62.101.171 - - [13/Feb/2020:10:13:01 +0900] "GET /error/kr/error.jsp HTTP/1.1" 500 3570
166.62.101.171 - - [13/Feb/2020:10:13:02 +0900] "GET /error/kr/error.jsp HTTP/1.1" 500 3570
166.62.101.171 - - [13/Feb/2020:10:13:03 +0900] "GET /error/kr/error.jsp HTTP/1.1" 500 3570
175.121.41.249 - - [13/Feb/2020:10:13:24 +0900] "GET /home/whoweare/china.do HTTP/1.1" 200 10340
175.121.41.249 - - [13/Feb/2020:10:13:27 +0900] "GET /home/whoweare/korea.do HTTP/1.1" 200 29677
175.121.41.249 - - [13/Feb/2020:10:13:44 +0900] "GET /home/meetourpartners/all.do HTTP/1.1" 200 101569
210.178.124.12 - - [13/Feb/2020:10:13:45 +0900] "GET /index.jsp HTTP/1.1" 302 -
210.178.124.12 - - [13/Feb/2020:10:13:45 +0900] "GET /home/en/main/main.do HTTP/1.1" 200 11080
210.178.124.12 - - [13/Feb/2020:10:13:53 +0900] "GET /home/en/watwedo/overview.do HTTP/1.1" 200 6156
210.178.124.12 - - [13/Feb/2020:10:14:19 +0900] "GET /home/en/whoweare/korea.do HTTP/1.1" 200 29641
210.178.124.12 - - [13/Feb/2020:10:16:10 +0900] "GET /home/en/watwedo/overview.do HTTP/1.1" 200 6156
210.178.124.12 - - [13/Feb/2020:10:16:18 +0900] "GET /home/en/whoweare/korea.do HTTP/1.1" 200 29641
210.178.124.12 - - [13/Feb/2020:10:17:15 +0900] "GET /home/en/whoweare/china.do HTTP/1.1" 200 10353
210.178.124.12 - - [13/Feb/2020:10:17:34 +0900] "GET /home/en/whoweare/korea.do HTTP/1.1" 200 29641
210.178.124.12 - - [13/Feb/2020:10:17:35 +0900] "GET /home/en/contact/contact.do HTTP/1.1" 200 5187
210.178.124.12 - - [13/Feb/2020:10:17:36 +0900] "GET /home/en/about/about.do HTTP/1.1" 200 14811
148.251.195.14 - - [13/Feb/2020:10:20:54 +0900] "GET /error/kr/error.jsp HTTP/1.1" 500 3570
193.111.62.163 - - [13/Feb/2020:10:21:49 +0900] "GET /home/news/news/list.do HTTP/1.1" 200 7091
40.77.167.98 - - [13/Feb/2020:10:29:05 +0900] "GET /error/kr/error.jsp HTTP/1.1" 500 3570
221.163.163.51 - - [13/Feb/2020:10:34:07 +0900] "GET /index.jsp HTTP/1.1" 302 -
221.163.163.51 - - [13/Feb/2020:10:34:07 +0900] "GET /home/main/main.do HTTP/1.1" 200 12222
221.163.163.51 - - [13/Feb/2020:10:34:08 +0900] "GET /home/main/main.do HTTP/1.1" 200 12222
221.163.163.51 - - [13/Feb/2020:10:34:11 +0900] "GET /home/contact/contact.do HTTP/1.1" 200 5224
121.13.21.210 - - [13/Feb/2020:10:36:08 +0900] "GET /error/kr/error.jsp HTTP/1.1" 500 3570
175.121.41.249 - - [13/Feb/2020:10:36:27 +0900] "GET /home/meetourpartners/domestic.do HTTP/1.1" 200 73451
175.121.41.249 - - [13/Feb/2020:10:36:34 +0900] "GET /home/about/about.do HTTP/1.1" 200 14216
175.121.41.249 - - [13/Feb/2020:10:36:36 +0900] "GET /home/contact/contact.do HTTP/1.1" 200 5224
175.121.41.249 - - [13/Feb/2020:10:36:40 +0900] "GET /home/news/news/list.do HTTP/1.1" 200 7091
175.121.41.249 - - [13/Feb/2020:10:36:47 +0900] "GET /home/meetourpartners/all.do HTTP/1.1" 200 101569
175.121.41.249 - - [13/Feb/2020:10:36:49 +0900] "GET /home/whoweare/korea.do HTTP/1.1" 200 29677
207.46.13.67 - - [13/Feb/2020:10:37:55 +0900] "GET /error/kr/error.jsp HTTP/1.1" 500 3570
17.58.96.118 - - [13/Feb/2020:10:41:03 +0900] "GET /home/news/news/list.do HTTP/1.1" 200 7091
120.84.9.89 - - [13/Feb/2020:10:45:48 +0900] "GET /error/kr/error.jsp HTTP/1.1" 500 3570
119.207.72.78 - - [13/Feb/2020:10:46:22 +0900] "GET /index.jsp HTTP/1.1" 302 -
119.207.72.78 - - [13/Feb/2020:10:46:22 +0900] "GET /home/main/main.do HTTP/1.1" 200 12222
191.205.101.216 - - [13/Feb/2020:10:51:21 +0900] "GET /index.jsp HTTP/1.1" 302 -
106.241.135.125 - - [13/Feb/2020:10:52:28 +0900] "GET /index.jsp HTTP/1.1" 302 -
106.241.135.125 - - [13/Feb/2020:10:52:28 +0900] "GET /home/main/main.do HTTP/1.1" 200 12222
106.241.135.125 - - [13/Feb/2020:10:52:32 +0900] "GET /home/about/about.do HTTP/1.1" 200 14216
40.77.167.78 - - [13/Feb/2020:10:55:47 +0900] "GET /error/kr/error.jsp HTTP/1.1" 500 3570
40.77.167.78 - - [13/Feb/2020:11:01:10 +0900] "GET /error/kr/error.jsp HTTP/1.1" 500 3570
125.131.1.1 - - [13/Feb/2020:11:01:19 +0900] "GET /index.jsp HTTP/1.1" 302 -
125.131.1.1 - - [13/Feb/2020:11:01:19 +0900] "GET /home/main/main.do HTTP/1.1" 200 12222
58.102.135.210 - - [13/Feb/2020:11:02:03 +0900] "GET /index.jsp HTTP/1.1" 302 -
58.102.135.210 - - [13/Feb/2020:11:02:03 +0900] "GET /home/main/main.do HTTP/1.1" 200 12222
1.247.70.49 - - [13/Feb/2020:11:05:00 +0900] "GET /filter/checker.jsp?campaignID=240&email=cwnam0116@naver.com&responseEnd=2018-12-02 HTTP/1.1" 404 3570
58.102.135.210 - - [13/Feb/2020:11:07:31 +0900] "GET /index.jsp HTTP/1.1" 302 -
58.102.135.210 - - [13/Feb/2020:11:07:31 +0900] "GET /home/main/main.do HTTP/1.1" 200 12222
58.102.135.210 - - [13/Feb/2020:11:08:00 +0900] "GET /index.jsp HTTP/1.1" 302 -
58.102.135.210 - - [13/Feb/2020:11:08:00 +0900] "GET /home/main/main.do HTTP/1.1" 200 12222
58.102.135.210 - - [13/Feb/2020:11:08:07 +0900] "GET /home/watwedo/overview.do HTTP/1.1" 200 6147
58.102.135.210 - - [13/Feb/2020:11:08:16 +0900] "GET /home/whoweare/korea.do HTTP/1.1" 200 29677
58.102.135.210 - - [13/Feb/2020:11:08:34 +0900] "GET /home/meetourpartners/all.do HTTP/1.1" 200 101569
58.102.135.210 - - [13/Feb/2020:11:08:35 +0900] "GET /home/news/news/list.do HTTP/1.1" 200 7091
58.102.135.210 - - [13/Feb/2020:11:08:37 +0900] "GET /home/news/news/view.do?page=1&num=1 HTTP/1.1" 200 8973
58.102.135.210 - - [13/Feb/2020:11:08:41 +0900] "GET /home/watwedo/overview.do HTTP/1.1" 200 6147
58.102.135.210 - - [13/Feb/2020:11:08:43 +0900] "GET /home/watwedo/history.do HTTP/1.1" 200 10614
58.102.135.210 - - [13/Feb/2020:11:09:02 +0900] "GET /home/meetourpartners/all.do HTTP/1.1" 200 101569
211.208.112.244 - - [13/Feb/2020:11:09:05 +0900] "GET /home/main/main.do HTTP/1.1" 200 12222
211.208.112.244 - - [13/Feb/2020:11:09:14 +0900] "GET /home/main/main.do HTTP/1.1" 200 12222
40.77.167.78 - - [13/Feb/2020:11:09:23 +0900] "GET /error/kr/error.jsp HTTP/1.1" 500 3570
211.208.112.244 - - [13/Feb/2020:11:09:24 +0900] "GET /home/main/main.do HTTP/1.1" 200 12222
40.77.167.98 - - [13/Feb/2020:11:10:57 +0900] "GET /error/kr/error.jsp HTTP/1.1" 500 3570
222.231.30.115 - - [13/Feb/2020:11:17:01 +0900] "GET /index.jsp HTTP/1.1" 302 -
222.231.30.115 - - [13/Feb/2020:11:17:01 +0900] "GET /home/main/main.do HTTP/1.1" 200 12222
222.231.30.115 - - [13/Feb/2020:11:17:03 +0900] "GET /home/main/main.do HTTP/1.1" 200 12222
222.231.30.115 - - [13/Feb/2020:11:17:03 +0900] "GET /home/main/main.do HTTP/1.1" 200 12222
23.100.232.233 - - [13/Feb/2020:11:21:58 +0900] "GET /home/about/about.do HTTP/1.1" 200 14216
193.111.62.163 - - [13/Feb/2020:11:22:22 +0900] "GET /home/news/news/list.do HTTP/1.1" 200 7091
94.158.36.183 - - [13/Feb/2020:11:24:23 +0900] "GET /error/kr/error.jsp HTTP/1.1" 500 3570
94.158.36.183 - - [13/Feb/2020:11:24:25 +0900] "GET /error/kr/error.jsp HTTP/1.1" 500 3570
187.207.250.250 - - [13/Feb/2020:11:25:16 +0900] "GET /index.jsp HTTP/1.1" 302 -
23.100.232.233 - - [13/Feb/2020:11:25:24 +0900] "GET /index.jsp HTTP/1.1" 302 -
23.100.232.233 - - [13/Feb/2020:11:25:24 +0900] "GET /home/en/main/main.do HTTP/1.1" 200 11080
17.58.96.118 - - [13/Feb/2020:11:26:12 +0900] "GET /home/news/news/view.do?num=1 HTTP/1.1" 200 8971
40.77.167.78 - - [13/Feb/2020:11:26:39 +0900] "GET /error/kr/error.jsp HTTP/1.1" 500 3570
40.77.167.98 - - [13/Feb/2020:11:39:39 +0900] "GET /home/watwedo/overview.do HTTP/1.1" 200 7044
40.77.167.98 - - [13/Feb/2020:11:40:11 +0900] "GET /error/kr/error.jsp HTTP/1.1" 500 3762
66.249.65.214 - - [13/Feb/2020:11:41:04 +0900] "GET /error/kr/error.jsp HTTP/1.1" 500 3570
125.209.235.182 - - [13/Feb/2020:11:43:16 +0900] "GET /index.jsp HTTP/1.1" 302 -
125.209.235.182 - - [13/Feb/2020:11:43:17 +0900] "GET /home/main/main.do HTTP/1.1" 200 12222
5.202.76.64 - - [13/Feb/2020:11:47:58 +0900] "GET /index.jsp HTTP/1.1" 302 -
61.162.214.174 - - [13/Feb/2020:11:53:43 +0900] "GET /error/kr/error.jsp HTTP/1.1" 500 3570
