66.249.73.46 - - [29/Apr/2020:00:03:12 +0900] "GET /error/kr/error.jsp HTTP/1.1" 500 3570
18.196.30.30 - - [29/Apr/2020:00:03:58 +0900] "HEAD /index.jsp HTTP/1.1" 302 -
18.196.30.30 - - [29/Apr/2020:00:03:59 +0900] "HEAD /home/main/main.do HTTP/1.1" 200 -
54.36.148.153 - - [29/Apr/2020:00:05:59 +0900] "GET /error/kr/error.jsp HTTP/1.1" 500 3570
157.55.39.54 - - [29/Apr/2020:00:13:12 +0900] "GET /index.jsp HTTP/1.1" 302 -
157.55.39.54 - - [29/Apr/2020:00:13:12 +0900] "GET /home/main/main.do HTTP/1.1" 200 14903
129.204.24.99 - - [29/Apr/2020:00:13:23 +0900] "GET /error/kr/error.jsp HTTP/1.1" 500 3570
129.204.24.99 - - [29/Apr/2020:00:13:56 +0900] "HEAD /index.jsp?s=www.anhuiymcf.cn HTTP/1.1" 302 -
129.204.24.99 - - [29/Apr/2020:00:13:56 +0900] "HEAD /home/main/main.do HTTP/1.1" 302 -
129.204.24.99 - - [29/Apr/2020:00:13:58 +0900] "HEAD /home/main/main.do HTTP/1.1" 200 -
138.197.164.82 - - [29/Apr/2020:00:19:09 +0900] "GET /error/kr/error.jsp HTTP/1.1" 500 3570
157.55.39.5 - - [29/Apr/2020:00:20:27 +0900] "GET /error/kr/error.jsp HTTP/1.1" 500 3762
157.55.39.54 - - [29/Apr/2020:00:26:59 +0900] "GET /index.jsp HTTP/1.1" 302 -
207.46.13.225 - - [29/Apr/2020:00:30:35 +0900] "GET /home/news/news/view.do?page=2&num=14 HTTP/1.1" 200 6736
157.55.39.40 - - [29/Apr/2020:00:38:13 +0900] "GET /error/kr/error.jsp HTTP/1.1" 500 3570
193.111.62.163 - - [29/Apr/2020:00:39:10 +0900] "GET /home/news/news/list.do HTTP/1.1" 200 7100
42.236.99.166 - - [29/Apr/2020:00:50:54 +0900] "GET /index.jsp HTTP/1.1" 302 -
42.236.99.166 - - [29/Apr/2020:00:50:54 +0900] "GET /home/en/main/main.do HTTP/1.1" 200 11542
18.207.120.96 - - [29/Apr/2020:01:05:19 +0900] "GET /error/kr/error.jsp HTTP/1.0" 500 3570
46.98.122.187 - - [29/Apr/2020:01:09:26 +0900] "GET /index.jsp HTTP/1.1" 302 -
104.198.195.61 - - [29/Apr/2020:01:14:47 +0900] "HEAD /index.jsp HTTP/1.1" 302 -
104.198.195.61 - - [29/Apr/2020:01:14:47 +0900] "HEAD /home/main/main.do HTTP/1.1" 200 -
129.204.24.99 - - [29/Apr/2020:01:15:14 +0900] "GET /error/kr/error.jsp HTTP/1.1" 500 3570
162.241.224.32 - - [29/Apr/2020:01:17:09 +0900] "GET /error/kr/error.jsp HTTP/1.1" 500 3570
207.46.13.225 - - [29/Apr/2020:01:20:38 +0900] "GET /home/watwedo/overview.do HTTP/1.1" 200 6276
47.240.49.165 - - [29/Apr/2020:01:22:27 +0900] "GET /error/kr/error.jsp HTTP/1.1" 500 3570
157.55.39.54 - - [29/Apr/2020:01:22:35 +0900] "GET /error/kr/error.jsp HTTP/1.1" 500 3570
52.72.246.41 - - [29/Apr/2020:01:37:58 +0900] "GET /index.jsp HTTP/1.1" 302 -
52.72.246.41 - - [29/Apr/2020:01:37:58 +0900] "GET /home/main/main.do HTTP/1.1" 200 14903
104.198.195.61 - - [29/Apr/2020:01:38:42 +0900] "HEAD /index.jsp HTTP/1.1" 302 -
104.198.195.61 - - [29/Apr/2020:01:38:42 +0900] "HEAD /home/main/main.do HTTP/1.1" 200 -
113.77.208.112 - - [29/Apr/2020:01:39:44 +0900] "GET /error/kr/error.jsp HTTP/1.1" 500 3570
193.111.62.163 - - [29/Apr/2020:01:41:22 +0900] "GET /home/news/news/list.do HTTP/1.1" 200 7100
207.46.13.225 - - [29/Apr/2020:01:42:07 +0900] "GET /error/kr/error.jsp HTTP/1.1" 500 3570
71.232.27.198 - - [29/Apr/2020:01:44:28 +0900] "GET /index.jsp HTTP/1.1" 302 -
71.232.27.198 - - [29/Apr/2020:01:44:28 +0900] "GET /home/en/main/main.do HTTP/1.1" 200 11542
71.232.27.198 - - [29/Apr/2020:01:44:39 +0900] "GET /home/en/meetourpartners/all.do HTTP/1.1" 200 95227
71.232.27.198 - - [29/Apr/2020:01:44:43 +0900] "GET /home/en/meetourpartners/overseas.do HTTP/1.1" 200 31428
71.232.27.198 - - [29/Apr/2020:01:44:49 +0900] "GET /home/en/meetourpartners/domestic.do HTTP/1.1" 200 69240
42.123.77.121 - - [29/Apr/2020:01:48:18 +0900] "GET /error/kr/error.jsp HTTP/1.1" 500 3570
66.68.99.212 - - [29/Apr/2020:01:49:35 +0900] "GET /error/kr/error.jsp HTTP/1.1" 500 3570
104.198.195.61 - - [29/Apr/2020:01:51:28 +0900] "HEAD /index.jsp HTTP/1.1" 302 -
104.198.195.61 - - [29/Apr/2020:01:51:28 +0900] "HEAD /home/main/main.do HTTP/1.1" 200 -
18.206.95.200 - - [29/Apr/2020:01:54:45 +0900] "GET /error/kr/error.jsp HTTP/1.1" 500 3570
18.206.95.200 - - [29/Apr/2020:01:54:46 +0900] "GET /error/kr/error.jsp HTTP/1.1" 500 3570
17.58.96.119 - - [29/Apr/2020:01:56:00 +0900] "GET /home/news/news/view.do?num=2 HTTP/1.1" 200 6974
222.122.190.114 - - [29/Apr/2020:01:58:02 +0900] "GET /index.jsp HTTP/1.1" 302 -
222.122.190.114 - - [29/Apr/2020:01:58:02 +0900] "GET /home/main/main.do HTTP/1.1" 200 14903
222.122.190.114 - - [29/Apr/2020:01:58:02 +0900] "GET /index.jsp HTTP/1.1" 302 -
222.122.190.114 - - [29/Apr/2020:01:58:02 +0900] "GET /home/main/main.do HTTP/1.1" 200 14903
222.122.190.114 - - [29/Apr/2020:01:58:02 +0900] "GET /error/kr/error.jsp HTTP/1.1" 500 3570
23.100.232.233 - - [29/Apr/2020:02:05:16 +0900] "GET /home/about/about.do HTTP/1.1" 200 14667
157.55.39.54 - - [29/Apr/2020:02:16:06 +0900] "GET /error/kr/error.jsp HTTP/1.1" 500 3570
207.46.13.225 - - [29/Apr/2020:02:16:26 +0900] "GET /home/watwedo/philosophy.do HTTP/1.1" 200 7553
129.204.24.99 - - [29/Apr/2020:02:16:54 +0900] "GET /error/kr/error.jsp HTTP/1.1" 500 3570
47.111.229.152 - - [29/Apr/2020:02:22:56 +0900] "GET /error/kr/error.jsp HTTP/1.1" 500 3762
47.111.229.152 - - [29/Apr/2020:02:23:45 +0900] "GET /error/kr/error.jsp HTTP/1.1" 500 3570
66.249.65.216 - - [29/Apr/2020:02:24:10 +0900] "GET /error/kr/error.jsp HTTP/1.1" 500 3762
66.249.73.46 - - [29/Apr/2020:02:24:11 +0900] "GET /error/kr/error.jsp HTTP/1.1" 500 3570
193.111.62.163 - - [29/Apr/2020:02:25:55 +0900] "GET /home/news/news/list.do HTTP/1.1" 200 7100
66.249.65.190 - - [29/Apr/2020:02:34:06 +0900] "GET /error/kr/error.jsp HTTP/1.1" 500 3570
66.249.65.212 - - [29/Apr/2020:02:34:06 +0900] "GET /error/kr/error.jsp HTTP/1.1" 500 3762
66.249.65.212 - - [29/Apr/2020:02:44:21 +0900] "GET /error/kr/error.jsp HTTP/1.1" 500 3762
17.58.96.119 - - [29/Apr/2020:02:52:34 +0900] "GET /home/news/news/list.do HTTP/1.1" 200 7100
67.205.142.117 - - [29/Apr/2020:02:53:22 +0900] "GET /index.jsp HTTP/1.0" 302 -
142.252.78.149 - - [29/Apr/2020:02:53:25 +0900] "GET /home/en/whoweare/korea.do HTTP/1.1" 200 29641
66.249.73.46 - - [29/Apr/2020:02:54:29 +0900] "GET /error/kr/error.jsp HTTP/1.1" 500 3570
66.249.65.212 - - [29/Apr/2020:02:55:24 +0900] "GET /error/kr/error.jsp HTTP/1.1" 500 3762
186.189.234.70 - - [29/Apr/2020:02:55:47 +0900] "GET /index.jsp HTTP/1.1" 302 -
113.118.117.179 - - [29/Apr/2020:02:57:48 +0900] "GET /error/kr/error.jsp HTTP/1.1" 500 3570
119.207.72.66 - - [29/Apr/2020:02:59:23 +0900] "GET /home/news/news/list.do HTTP/1.1" 200 7100
119.207.72.109 - - [29/Apr/2020:03:01:18 +0900] "GET /home/meetourpartners/all.do HTTP/1.1" 200 101569
17.58.96.119 - - [29/Apr/2020:03:03:01 +0900] "GET /home/meetourpartners/all.do HTTP/1.1" 200 101569
66.249.73.46 - - [29/Apr/2020:03:04:31 +0900] "GET /error/kr/error.jsp HTTP/1.1" 500 3570
66.249.65.212 - - [29/Apr/2020:03:04:32 +0900] "GET /error/kr/error.jsp HTTP/1.1" 500 3762
23.100.232.233 - - [29/Apr/2020:03:11:59 +0900] "GET /home/about/about.do HTTP/1.1" 200 14667
66.249.73.46 - - [29/Apr/2020:03:13:59 +0900] "GET /error/kr/error.jsp HTTP/1.1" 500 3570
5.188.84.66 - - [29/Apr/2020:03:14:46 +0900] "GET /home/watwedo/philosophy.do HTTP/1.0" 200 7162
129.204.24.99 - - [29/Apr/2020:03:18:59 +0900] "GET /error/kr/error.jsp HTTP/1.1" 500 3570
129.204.24.99 - - [29/Apr/2020:03:19:34 +0900] "HEAD /index.jsp?s=www.shandongymca.cn HTTP/1.1" 302 -
129.204.24.99 - - [29/Apr/2020:03:19:34 +0900] "HEAD /home/main/main.do HTTP/1.1" 302 -
129.204.24.99 - - [29/Apr/2020:03:19:37 +0900] "HEAD /home/main/main.do HTTP/1.1" 200 -
35.227.118.30 - - [29/Apr/2020:03:21:34 +0900] "GET /error/kr/error.jsp HTTP/1.0" 500 3570
35.227.118.30 - - [29/Apr/2020:03:21:34 +0900] "GET /home/en/about/about.do HTTP/1.0" 200 16228
66.249.65.216 - - [29/Apr/2020:03:24:27 +0900] "GET /error/kr/error.jsp HTTP/1.1" 500 3762
40.77.167.153 - - [29/Apr/2020:03:24:41 +0900] "GET /error/kr/error.jsp HTTP/1.1" 500 3570
35.227.118.30 - - [29/Apr/2020:03:27:49 +0900] "GET /error/kr/error.jsp HTTP/1.0" 500 3570
35.227.118.30 - - [29/Apr/2020:03:27:49 +0900] "GET /home/en/watwedo/overview.do HTTP/1.0" 200 6218
35.227.118.30 - - [29/Apr/2020:03:28:58 +0900] "GET /error/kr/error.jsp HTTP/1.0" 500 3570
35.227.118.30 - - [29/Apr/2020:03:28:58 +0900] "GET /home/main/main.do HTTP/1.0" 200 14903
119.207.72.66 - - [29/Apr/2020:03:30:52 +0900] "GET /home/contact/contact.do HTTP/1.1" 200 5224
23.100.232.233 - - [29/Apr/2020:03:33:49 +0900] "GET /home/whoweare/korea.do HTTP/1.1" 200 29677
66.249.65.212 - - [29/Apr/2020:03:33:59 +0900] "GET /error/kr/error.jsp HTTP/1.1" 500 3762
35.227.118.30 - - [29/Apr/2020:03:34:17 +0900] "GET /error/kr/error.jsp HTTP/1.0" 500 3570
35.227.118.30 - - [29/Apr/2020:03:34:18 +0900] "GET /home/en/meetourpartners/all.do HTTP/1.0" 200 95227
193.111.62.163 - - [29/Apr/2020:03:36:17 +0900] "GET /home/news/news/list.do HTTP/1.1" 200 7100
122.228.19.79 - - [29/Apr/2020:03:38:42 +0900] "GET /index.jsp HTTP/1.1" 302 -
122.228.19.79 - - [29/Apr/2020:03:38:42 +0900] "GET /home/main/main.do HTTP/1.1" 200 14903
45.13.93.82 - - [29/Apr/2020:03:40:33 +0900] "CONNECT /index.jsp HTTP/1.1" 405 1105
66.249.65.212 - - [29/Apr/2020:03:43:58 +0900] "GET /error/kr/error.jsp HTTP/1.1" 500 3762
157.55.39.40 - - [29/Apr/2020:03:52:58 +0900] "GET /home/news/news/list.do HTTP/1.1" 200 7100
66.249.73.48 - - [29/Apr/2020:03:53:48 +0900] "GET /error/kr/error.jsp HTTP/1.1" 500 3570
40.77.167.153 - - [29/Apr/2020:03:53:52 +0900] "GET /error/kr/error.jsp HTTP/1.1" 500 3570
183.61.6.120 - - [29/Apr/2020:03:59:06 +0900] "GET /error/kr/error.jsp HTTP/1.1" 500 3570
66.249.65.214 - - [29/Apr/2020:04:04:03 +0900] "GET /error/kr/error.jsp HTTP/1.1" 500 3762
66.249.65.190 - - [29/Apr/2020:04:04:12 +0900] "GET /error/kr/error.jsp HTTP/1.1" 500 3570
104.243.199.229 - - [29/Apr/2020:04:04:34 +0900] "GET /home/en/meetourpartners/all.do HTTP/1.1" 200 95227
74.125.212.34 - - [29/Apr/2020:04:04:45 +0900] "GET /index.jsp HTTP/1.1" 302 -
74.125.212.34 - - [29/Apr/2020:04:04:45 +0900] "GET /home/main/main.do HTTP/1.1" 200 14903
157.55.39.54 - - [29/Apr/2020:04:05:37 +0900] "GET /error/kr/error.jsp HTTP/1.1" 500 3570
182.215.172.177 - - [29/Apr/2020:04:07:47 +0900] "GET /filter/checker.jsp?campaignID=802&email=jatell99@naver.com&responseEnd=2019-01-06 HTTP/1.1" 404 3570
207.46.13.225 - - [29/Apr/2020:04:11:57 +0900] "GET /error/kr/error.jsp HTTP/1.1" 500 3570
66.249.65.212 - - [29/Apr/2020:04:14:06 +0900] "GET /error/kr/error.jsp HTTP/1.1" 500 3762
51.144.247.2 - - [29/Apr/2020:04:16:16 +0900] "GET /home/en/main/main.do HTTP/1.1" 200 11542
51.144.247.2 - - [29/Apr/2020:04:16:19 +0900] "GET /home/en/main/main.do HTTP/1.1" 200 11542
51.144.247.2 - - [29/Apr/2020:04:16:20 +0900] "GET /home/main/main.do HTTP/1.1" 200 14903
106.201.115.127 - - [29/Apr/2020:04:18:13 +0900] "GET /index.jsp HTTP/1.1" 302 -
106.201.115.127 - - [29/Apr/2020:04:18:13 +0900] "GET /home/en/main/main.do HTTP/1.1" 302 -
106.201.115.127 - - [29/Apr/2020:04:18:14 +0900] "GET /home/en/main/main.do HTTP/1.1" 200 8565
119.207.72.109 - - [29/Apr/2020:04:18:15 +0900] "GET /index.jsp HTTP/1.1" 302 -
119.207.72.109 - - [29/Apr/2020:04:18:15 +0900] "GET /home/main/main.do HTTP/1.1" 200 14903
106.201.115.127 - - [29/Apr/2020:04:18:16 +0900] "GET /error/kr/error.jsp HTTP/1.1" 500 3762
106.201.115.127 - - [29/Apr/2020:04:18:45 +0900] "GET /home/en/watwedo/overview.do HTTP/1.1" 200 7185
106.201.115.127 - - [29/Apr/2020:04:18:48 +0900] "GET /home/en/whoweare/korea.do HTTP/1.1" 200 43296
106.201.115.127 - - [29/Apr/2020:04:19:05 +0900] "GET /home/en/whoweare/china.do HTTP/1.1" 200 11458
106.201.115.127 - - [29/Apr/2020:04:19:13 +0900] "GET /home/en/whoweare/korea.do HTTP/1.1" 200 43296
106.201.115.127 - - [29/Apr/2020:04:19:15 +0900] "GET /home/en/whoweare/china.do HTTP/1.1" 200 11458
106.201.115.127 - - [29/Apr/2020:04:19:21 +0900] "GET /home/en/whoweare/korea.do HTTP/1.1" 200 43296
106.201.115.127 - - [29/Apr/2020:04:19:41 +0900] "GET /home/en/whoweare/china.do HTTP/1.1" 200 11458
66.249.73.50 - - [29/Apr/2020:04:21:32 +0900] "GET /error/kr/error.jsp HTTP/1.1" 500 3570
51.144.247.2 - - [29/Apr/2020:04:21:40 +0900] "GET /home/en/meetourpartners/all.do HTTP/1.1" 200 95227
34.74.7.73 - - [29/Apr/2020:04:21:48 +0900] "GET /error/kr/error.jsp HTTP/1.0" 500 3570
34.74.7.73 - - [29/Apr/2020:04:21:49 +0900] "GET /home/en/about/about.do HTTP/1.0" 200 16228
129.204.24.99 - - [29/Apr/2020:04:21:58 +0900] "GET /error/kr/error.jsp HTTP/1.1" 500 3570
129.204.24.99 - - [29/Apr/2020:04:22:28 +0900] "HEAD /index.jsp?s=www.shandongymcb.cn HTTP/1.1" 302 -
129.204.24.99 - - [29/Apr/2020:04:22:28 +0900] "HEAD /home/main/main.do HTTP/1.1" 302 -
129.204.24.99 - - [29/Apr/2020:04:22:28 +0900] "HEAD /home/main/main.do HTTP/1.1" 200 -
51.144.247.2 - - [29/Apr/2020:04:24:52 +0900] "GET /home/en/meetourpartners/all.do HTTP/1.1" 200 95227
51.144.247.2 - - [29/Apr/2020:04:24:52 +0900] "GET /home/en/meetourpartners/all.do HTTP/1.1" 200 95227
51.144.247.2 - - [29/Apr/2020:04:24:54 +0900] "GET /home/whoweare/korea.do HTTP/1.1" 200 29677
51.144.247.2 - - [29/Apr/2020:04:25:00 +0900] "GET /home/en/watwedo/overview.do HTTP/1.1" 200 6218
34.74.7.73 - - [29/Apr/2020:04:27:15 +0900] "GET /error/kr/error.jsp HTTP/1.0" 500 3570
34.74.7.73 - - [29/Apr/2020:04:27:15 +0900] "GET /home/en/watwedo/overview.do HTTP/1.0" 200 6218
51.144.247.2 - - [29/Apr/2020:04:27:41 +0900] "GET /home/en/main/main.do HTTP/1.1" 200 11542
51.144.247.2 - - [29/Apr/2020:04:27:59 +0900] "GET /home/main/main.do HTTP/1.1" 200 14903
34.74.7.73 - - [29/Apr/2020:04:28:12 +0900] "GET /error/kr/error.jsp HTTP/1.0" 500 3570
34.74.7.73 - - [29/Apr/2020:04:28:12 +0900] "GET /home/main/main.do HTTP/1.0" 200 14903
51.144.247.2 - - [29/Apr/2020:04:30:30 +0900] "GET /home/en/about/about.do HTTP/1.1" 200 16228
34.74.7.73 - - [29/Apr/2020:04:32:40 +0900] "GET /error/kr/error.jsp HTTP/1.0" 500 3570
34.74.7.73 - - [29/Apr/2020:04:32:40 +0900] "GET /home/en/meetourpartners/all.do HTTP/1.0" 200 95227
51.144.247.2 - - [29/Apr/2020:04:34:23 +0900] "GET /home/en/contact/contact.do HTTP/1.1" 200 5187
23.237.4.26 - - [29/Apr/2020:04:34:23 +0900] "GET /index.jsp HTTP/1.0" 302 -
23.237.4.26 - - [29/Apr/2020:04:34:24 +0900] "GET /home/main/main.do HTTP/1.0" 200 14903
23.237.4.26 - - [29/Apr/2020:04:34:27 +0900] "GET /home/main/main.do HTTP/1.0" 200 14903
23.237.4.26 - - [29/Apr/2020:04:34:30 +0900] "GET /home/en/main/main.do HTTP/1.0" 200 11542
23.237.4.26 - - [29/Apr/2020:04:34:34 +0900] "GET /home/watwedo/overview.do HTTP/1.0" 200 6276
23.237.4.26 - - [29/Apr/2020:04:34:34 +0900] "GET /home/whoweare/korea.do HTTP/1.0" 200 29677
23.237.4.26 - - [29/Apr/2020:04:34:36 +0900] "GET /home/whoweare/korea.do HTTP/1.0" 200 29677
23.237.4.26 - - [29/Apr/2020:04:34:39 +0900] "GET /home/meetourpartners/all.do HTTP/1.0" 200 101569
23.237.4.26 - - [29/Apr/2020:04:34:42 +0900] "GET /home/news/news/list.do HTTP/1.0" 200 7100
23.237.4.26 - - [29/Apr/2020:04:34:43 +0900] "GET /home/contact/contact.do HTTP/1.0" 200 5224
23.237.4.26 - - [29/Apr/2020:04:34:45 +0900] "GET /home/contact/contact.do HTTP/1.0" 200 5224
23.237.4.26 - - [29/Apr/2020:04:34:46 +0900] "GET /home/about/about.do HTTP/1.0" 200 14667
23.237.4.26 - - [29/Apr/2020:04:34:47 +0900] "GET /home/about/about.do HTTP/1.0" 200 14667
23.237.4.26 - - [29/Apr/2020:04:34:50 +0900] "GET /home/news/news/view.do?num=1 HTTP/1.0" 200 8971
23.237.4.26 - - [29/Apr/2020:04:34:53 +0900] "GET /home/news/news/view.do?num=2 HTTP/1.0" 200 6974
23.237.4.26 - - [29/Apr/2020:04:34:53 +0900] "GET /home/news/news/view.do?num=3 HTTP/1.0" 200 5573
23.237.4.26 - - [29/Apr/2020:04:34:56 +0900] "GET /home/news/news/view.do?num=3 HTTP/1.0" 200 5573
23.237.4.26 - - [29/Apr/2020:04:34:57 +0900] "GET /home/watwedo/philosophy.do HTTP/1.0" 200 7162
23.237.4.26 - - [29/Apr/2020:04:34:59 +0900] "GET /home/watwedo/philosophy.do HTTP/1.0" 200 7162
23.237.4.26 - - [29/Apr/2020:04:35:00 +0900] "GET /home/news/news/view.do?page=1&num=20 HTTP/1.0" 200 8973
23.237.4.26 - - [29/Apr/2020:04:35:02 +0900] "GET /home/news/news/view.do?page=1&num=20 HTTP/1.0" 200 8973
40.77.167.153 - - [29/Apr/2020:04:35:03 +0900] "GET /error/kr/error.jsp HTTP/1.1" 500 3570
23.237.4.26 - - [29/Apr/2020:04:35:12 +0900] "GET /home/main/main.do HTTP/1.0" 200 14903
23.237.4.26 - - [29/Apr/2020:04:35:19 +0900] "GET /home/en/watwedo/overview.do HTTP/1.0" 200 6218
23.237.4.26 - - [29/Apr/2020:04:35:21 +0900] "GET /home/en/whoweare/korea.do HTTP/1.0" 200 29641
23.237.4.26 - - [29/Apr/2020:04:35:27 +0900] "GET /home/en/whoweare/korea.do HTTP/1.0" 200 29641
51.144.247.2 - - [29/Apr/2020:04:35:28 +0900] "GET /home/main/main.do HTTP/1.1" 200 14903
51.144.247.2 - - [29/Apr/2020:04:35:28 +0900] "GET /index.jsp HTTP/1.1" 302 -
51.144.247.2 - - [29/Apr/2020:04:35:28 +0900] "GET /home/main/main.do HTTP/1.1" 200 14903
23.237.4.26 - - [29/Apr/2020:04:35:49 +0900] "GET /home/en/meetourpartners/all.do HTTP/1.0" 200 95227
51.144.247.2 - - [29/Apr/2020:04:35:52 +0900] "GET /home/en/watwedo/overview.do HTTP/1.1" 200 6218
23.237.4.26 - - [29/Apr/2020:04:35:56 +0900] "GET /home/en/contact/contact.do HTTP/1.0" 200 5187
23.237.4.26 - - [29/Apr/2020:04:36:01 +0900] "GET /home/en/about/about.do HTTP/1.0" 200 16228
23.237.4.26 - - [29/Apr/2020:04:36:06 +0900] "GET /home/en/about/about.do HTTP/1.0" 200 16228
23.237.4.26 - - [29/Apr/2020:04:36:15 +0900] "GET /home/en/watwedo/philosophy.do HTTP/1.0" 200 7112
23.237.4.26 - - [29/Apr/2020:04:36:17 +0900] "GET /home/en/main/main.do HTTP/1.0" 200 11542
23.237.4.26 - - [29/Apr/2020:04:36:22 +0900] "GET /home/en/main/main.do HTTP/1.0" 200 11542
23.237.4.26 - - [29/Apr/2020:04:36:30 +0900] "GET /home/watwedo/history.do HTTP/1.0" 200 10890
23.237.4.26 - - [29/Apr/2020:04:36:38 +0900] "GET /home/whoweare/china.do HTTP/1.0" 200 10340
23.237.4.26 - - [29/Apr/2020:04:36:46 +0900] "GET /home/meetourpartners/domestic.do HTTP/1.0" 200 73451
23.237.4.26 - - [29/Apr/2020:04:37:03 +0900] "GET /home/meetourpartners/overseas.do HTTP/1.0" 200 32620
51.144.247.2 - - [29/Apr/2020:04:37:14 +0900] "GET /home/en/main/main.do HTTP/1.1" 200 11542
23.237.4.26 - - [29/Apr/2020:04:37:16 +0900] "GET /home/news/news/view.do?page=1&num=1 HTTP/1.0" 200 8973
23.237.4.26 - - [29/Apr/2020:04:37:27 +0900] "GET /home/news/news/view.do?page=1&num=2 HTTP/1.0" 200 6977
23.237.4.26 - - [29/Apr/2020:04:37:31 +0900] "GET /home/news/news/view.do?page=1&num=3 HTTP/1.0" 200 5576
51.144.247.2 - - [29/Apr/2020:04:37:38 +0900] "GET /home/en/contact/contact.do HTTP/1.1" 200 5187
23.237.4.26 - - [29/Apr/2020:04:37:41 +0900] "GET /home/news/news/view.do?page=1&num=3 HTTP/1.0" 200 5576
158.69.31.47 - - [29/Apr/2020:04:37:42 +0900] "GET /index.jsp HTTP/1.1" 302 -
51.144.247.2 - - [29/Apr/2020:04:37:50 +0900] "GET /home/en/about/about.do HTTP/1.1" 200 16228
23.237.4.26 - - [29/Apr/2020:04:37:52 +0900] "GET /home/news/news/view.do?page=1&num=4 HTTP/1.0" 200 9123
23.237.4.26 - - [29/Apr/2020:04:38:06 +0900] "GET /home/news/news/view.do?page=1&num=5 HTTP/1.0" 200 9112
23.237.4.26 - - [29/Apr/2020:04:38:19 +0900] "GET /home/news/news/view.do?page=1&num=6 HTTP/1.0" 200 9121
23.237.4.26 - - [29/Apr/2020:04:38:35 +0900] "GET /home/news/news/view.do?page=1&num=7 HTTP/1.0" 200 5548
23.237.4.26 - - [29/Apr/2020:04:38:36 +0900] "GET /home/news/news/view.do?page=1&num=8 HTTP/1.0" 200 9169
23.237.4.26 - - [29/Apr/2020:04:38:47 +0900] "GET /home/news/news/view.do?page=1&num=8 HTTP/1.0" 200 9169
23.237.4.26 - - [29/Apr/2020:04:39:00 +0900] "GET /home/news/news/view.do?page=1&num=9 HTTP/1.0" 200 9135
23.237.4.26 - - [29/Apr/2020:04:39:12 +0900] "GET /home/news/news/list.do?page=1 HTTP/1.0" 200 7100
193.111.62.163 - - [29/Apr/2020:04:39:14 +0900] "GET /home/news/news/list.do HTTP/1.1" 200 7100
23.237.4.26 - - [29/Apr/2020:04:39:17 +0900] "GET /home/news/news/list.do?page=2 HTTP/1.0" 200 7127
23.237.4.26 - - [29/Apr/2020:04:39:26 +0900] "GET /home/news/news/list.do?page=2 HTTP/1.0" 200 7127
23.237.4.26 - - [29/Apr/2020:04:39:39 +0900] "GET /home/news/news/view.do?page=&num=2 HTTP/1.0" 200 6974
51.144.247.2 - - [29/Apr/2020:04:39:44 +0900] "GET /error/kr/error.jsp HTTP/1.1" 500 3570
23.237.4.26 - - [29/Apr/2020:04:39:55 +0900] "GET /home/news/news/list.do?page= HTTP/1.0" 200 7100
23.237.4.26 - - [29/Apr/2020:04:39:59 +0900] "GET /home/news/news/view.do?page=&num=3 HTTP/1.0" 200 5573
23.237.4.26 - - [29/Apr/2020:04:40:06 +0900] "GET /home/news/news/view.do?page=&num=3 HTTP/1.0" 200 5573
23.237.4.26 - - [29/Apr/2020:04:40:10 +0900] "GET /home/news/news/view.do?page=&num=1 HTTP/1.0" 200 8971
23.237.4.26 - - [29/Apr/2020:04:40:15 +0900] "GET /home/news/news/view.do?page=&num=1 HTTP/1.0" 200 8971
23.237.4.26 - - [29/Apr/2020:04:40:28 +0900] "GET /home/news/news/view.do?page=&num=4 HTTP/1.0" 200 9120
23.237.4.26 - - [29/Apr/2020:04:40:40 +0900] "GET /error/kr/error.jsp HTTP/1.0" 500 3570
23.237.4.26 - - [29/Apr/2020:04:40:52 +0900] "GET /home/en/watwedo/history.do HTTP/1.0" 200 10815
34.74.7.73 - - [29/Apr/2020:04:40:58 +0900] "GET /error/kr/error.jsp HTTP/1.0" 500 3570
34.74.7.73 - - [29/Apr/2020:04:40:58 +0900] "GET /home/en/watwedo/philosophy.do HTTP/1.0" 200 7112
23.237.4.26 - - [29/Apr/2020:04:41:03 +0900] "GET /home/en/whoweare/china.do HTTP/1.0" 200 10353
23.237.4.26 - - [29/Apr/2020:04:41:14 +0900] "GET /home/en/meetourpartners/domestic.do HTTP/1.0" 200 69240
23.237.4.26 - - [29/Apr/2020:04:41:26 +0900] "GET /home/en/meetourpartners/overseas.do HTTP/1.0" 200 31428
23.237.4.26 - - [29/Apr/2020:04:41:38 +0900] "GET /home/news/news/view.do?page=1&num=10 HTTP/1.0" 200 6756
66.249.73.46 - - [29/Apr/2020:04:41:44 +0900] "GET /error/kr/error.jsp HTTP/1.1" 500 3570
23.237.4.26 - - [29/Apr/2020:04:41:54 +0900] "GET /home/news/news/view.do?page=2&num=10 HTTP/1.0" 200 6756
23.237.4.26 - - [29/Apr/2020:04:42:07 +0900] "GET /home/news/news/view.do?page=2&num=11 HTTP/1.0" 200 5548
23.237.4.26 - - [29/Apr/2020:04:42:20 +0900] "GET /home/news/news/view.do?page=2&num=12 HTTP/1.0" 200 9083
51.144.247.2 - - [29/Apr/2020:04:42:27 +0900] "GET /home/main/main.do HTTP/1.1" 200 14903
51.144.247.2 - - [29/Apr/2020:04:42:27 +0900] "GET /index.jsp HTTP/1.1" 302 -
51.144.247.2 - - [29/Apr/2020:04:42:27 +0900] "GET /home/main/main.do HTTP/1.1" 200 14903
23.237.4.26 - - [29/Apr/2020:04:42:29 +0900] "GET /home/news/news/view.do?page=2&num=13 HTTP/1.0" 200 9159
121.254.147.237 - - [29/Apr/2020:04:42:32 +0900] "GET /index.jsp HTTP/1.1" 302 -
121.254.147.237 - - [29/Apr/2020:04:42:32 +0900] "GET /home/en/main/main.do HTTP/1.1" 200 11542
51.144.247.2 - - [29/Apr/2020:04:42:39 +0900] "GET /home/en/watwedo/overview.do HTTP/1.1" 200 6218
23.237.4.26 - - [29/Apr/2020:04:42:39 +0900] "GET /home/news/news/view.do?page=2&num=14 HTTP/1.0" 200 6736
23.237.4.26 - - [29/Apr/2020:04:42:44 +0900] "GET /home/news/news/view.do?page=2&num=15 HTTP/1.0" 200 9181
51.144.247.2 - - [29/Apr/2020:04:42:47 +0900] "GET /home/en/whoweare/china.do HTTP/1.1" 200 10353
23.237.4.26 - - [29/Apr/2020:04:42:51 +0900] "GET /home/news/news/view.do?page=2&num=15 HTTP/1.0" 200 9181
23.237.4.26 - - [29/Apr/2020:04:43:03 +0900] "GET /home/news/news/view.do?page=2&num=16 HTTP/1.0" 200 5666
23.237.4.26 - - [29/Apr/2020:04:43:08 +0900] "GET /home/news/news/view.do?page=2&num=17 HTTP/1.0" 200 5761
23.237.4.26 - - [29/Apr/2020:04:43:14 +0900] "GET /home/news/news/view.do?page=2&num=17 HTTP/1.0" 200 5761
23.237.4.26 - - [29/Apr/2020:04:43:17 +0900] "GET /home/news/news/view.do?page=2&num=18 HTTP/1.0" 200 9137
51.144.247.2 - - [29/Apr/2020:04:43:21 +0900] "GET /home/en/main/main.do HTTP/1.1" 200 11542
23.237.4.26 - - [29/Apr/2020:04:43:24 +0900] "GET /home/news/news/view.do?page=2&num=18 HTTP/1.0" 200 9137
51.144.247.2 - - [29/Apr/2020:04:43:28 +0900] "GET /error/kr/error.jsp HTTP/1.1" 500 3570
23.237.4.26 - - [29/Apr/2020:04:43:35 +0900] "GET /home/news/news/view.do?page=2&num=19 HTTP/1.0" 200 6164
23.237.4.26 - - [29/Apr/2020:04:43:37 +0900] "GET /home/news/news/view.do?page=&num=5 HTTP/1.0" 200 9109
23.237.4.26 - - [29/Apr/2020:04:43:44 +0900] "GET /home/news/news/view.do?page=&num=5 HTTP/1.0" 200 9109
23.237.4.26 - - [29/Apr/2020:04:43:54 +0900] "GET /home/news/news/view.do?page=1&num=11 HTTP/1.0" 200 5548
23.237.4.26 - - [29/Apr/2020:04:43:58 +0900] "GET /home/news/news/view.do?page=2&num=9 HTTP/1.0" 200 9135
23.237.4.26 - - [29/Apr/2020:04:44:05 +0900] "GET /home/news/news/view.do?page=2&num=9 HTTP/1.0" 200 9135
23.237.4.26 - - [29/Apr/2020:04:44:24 +0900] "GET /home/news/news/view.do?page=&num=6 HTTP/1.0" 200 9118
23.237.4.26 - - [29/Apr/2020:04:44:33 +0900] "GET /home/news/news/view.do?page=1&num=12 HTTP/1.0" 200 9083
51.144.247.2 - - [29/Apr/2020:04:44:34 +0900] "GET /home/watwedo/overview.do HTTP/1.1" 200 6276
23.237.4.26 - - [29/Apr/2020:04:44:41 +0900] "GET /home/news/news/view.do?page=2&num=8 HTTP/1.0" 200 9169
51.144.247.2 - - [29/Apr/2020:04:44:42 +0900] "GET /home/watwedo/overview.do HTTP/1.1" 200 6276
23.100.232.233 - - [29/Apr/2020:04:44:46 +0900] "GET /home/about/about.do HTTP/1.1" 200 14667
23.237.4.26 - - [29/Apr/2020:04:44:48 +0900] "GET /home/news/news/view.do?page=&num=7 HTTP/1.0" 200 5545
157.55.39.40 - - [29/Apr/2020:04:44:54 +0900] "GET /error/kr/error.jsp HTTP/1.1" 500 3570
34.74.7.73 - - [29/Apr/2020:04:44:55 +0900] "GET /error/kr/error.jsp HTTP/1.0" 500 3570
34.74.7.73 - - [29/Apr/2020:04:44:56 +0900] "GET /home/en/whoweare/korea.do HTTP/1.0" 200 29641
23.237.4.26 - - [29/Apr/2020:04:45:00 +0900] "GET /home/news/news/view.do?page=1&num=13 HTTP/1.0" 200 9159
23.237.4.26 - - [29/Apr/2020:04:45:12 +0900] "GET /home/news/news/view.do?page=2&num=7 HTTP/1.0" 200 5548
23.237.4.26 - - [29/Apr/2020:04:45:16 +0900] "GET /home/news/news/view.do?page=&num=8 HTTP/1.0" 200 9166
23.237.4.26 - - [29/Apr/2020:04:45:21 +0900] "GET /home/news/news/view.do?page=&num=8 HTTP/1.0" 200 9166
23.237.4.26 - - [29/Apr/2020:04:45:31 +0900] "GET /home/news/news/view.do?page=1&num=14 HTTP/1.0" 200 6736
23.237.4.26 - - [29/Apr/2020:04:45:36 +0900] "GET /home/news/news/view.do?page=2&num=6 HTTP/1.0" 200 9121
23.237.4.26 - - [29/Apr/2020:04:45:41 +0900] "GET /home/news/news/view.do?page=2&num=6 HTTP/1.0" 200 9121
23.237.4.26 - - [29/Apr/2020:04:45:50 +0900] "GET /home/news/news/view.do?page=&num=9 HTTP/1.0" 200 9132
207.46.13.225 - - [29/Apr/2020:04:45:56 +0900] "GET /error/kr/error.jsp HTTP/1.1" 500 3570
23.237.4.26 - - [29/Apr/2020:04:46:01 +0900] "GET /home/news/news/view.do?page=1&num=15 HTTP/1.0" 200 9181
51.144.247.2 - - [29/Apr/2020:04:46:09 +0900] "GET /home/en/watwedo/philosophy.do HTTP/1.1" 200 7112
23.237.4.26 - - [29/Apr/2020:04:46:14 +0900] "GET /home/news/news/view.do?page=2&num=5 HTTP/1.0" 200 9112
66.249.69.180 - - [29/Apr/2020:04:46:14 +0900] "GET /error/kr/error.jsp HTTP/1.1" 500 3762
23.237.4.26 - - [29/Apr/2020:04:46:33 +0900] "GET /home/news/news/view.do?page=&num=10 HTTP/1.0" 200 6753
23.237.4.26 - - [29/Apr/2020:04:46:48 +0900] "GET /home/news/news/view.do?page=1&num=16 HTTP/1.0" 200 5666
23.237.4.26 - - [29/Apr/2020:04:47:01 +0900] "GET /home/news/news/view.do?page=2&num=4 HTTP/1.0" 200 9123
23.237.4.26 - - [29/Apr/2020:04:47:15 +0900] "GET /home/news/news/view.do?page=&num=11 HTTP/1.0" 200 5545
34.74.7.73 - - [29/Apr/2020:04:47:23 +0900] "GET /error/kr/error.jsp HTTP/1.0" 500 3570
34.74.7.73 - - [29/Apr/2020:04:47:23 +0900] "GET /home/en/contact/contact.do HTTP/1.0" 200 5187
23.237.4.26 - - [29/Apr/2020:04:47:33 +0900] "GET /home/news/news/view.do?page=1&num=17 HTTP/1.0" 200 5761
23.237.4.26 - - [29/Apr/2020:04:47:53 +0900] "GET /home/news/news/view.do?page=2&num=3 HTTP/1.0" 200 5576
23.237.4.26 - - [29/Apr/2020:04:48:13 +0900] "GET /home/news/news/view.do?page=&num=12 HTTP/1.0" 200 9080
34.74.7.73 - - [29/Apr/2020:04:48:21 +0900] "GET /error/kr/error.jsp HTTP/1.0" 500 3570
34.74.7.73 - - [29/Apr/2020:04:48:22 +0900] "GET /home/en/meetourpartners/all.do HTTP/1.0" 200 95227
34.74.7.73 - - [29/Apr/2020:04:48:25 +0900] "GET /error/kr/error.jsp HTTP/1.0" 500 3570
23.237.4.26 - - [29/Apr/2020:04:48:25 +0900] "GET /home/news/news/view.do?page=1&num=18 HTTP/1.0" 200 9137
34.74.7.73 - - [29/Apr/2020:04:48:25 +0900] "GET /home/en/watwedo/overview.do HTTP/1.0" 200 6218
34.74.7.73 - - [29/Apr/2020:04:48:26 +0900] "GET /error/kr/error.jsp HTTP/1.0" 500 3570
34.74.7.73 - - [29/Apr/2020:04:48:27 +0900] "GET /home/en/whoweare/korea.do HTTP/1.0" 200 29641
34.74.7.73 - - [29/Apr/2020:04:48:29 +0900] "GET /error/kr/error.jsp HTTP/1.0" 500 3570
34.74.7.73 - - [29/Apr/2020:04:48:29 +0900] "GET /home/en/about/about.do HTTP/1.0" 200 16228
34.74.7.73 - - [29/Apr/2020:04:48:31 +0900] "GET /error/kr/error.jsp HTTP/1.0" 500 3570
34.74.7.73 - - [29/Apr/2020:04:48:31 +0900] "GET /home/en/contact/contact.do HTTP/1.0" 200 5187
34.74.7.73 - - [29/Apr/2020:04:48:32 +0900] "GET /error/kr/error.jsp HTTP/1.0" 500 3570
34.74.7.73 - - [29/Apr/2020:04:48:33 +0900] "GET /home/en/watwedo/philosophy.do HTTP/1.0" 200 7112
34.74.7.73 - - [29/Apr/2020:04:48:34 +0900] "GET /error/kr/error.jsp HTTP/1.0" 500 3570
34.74.7.73 - - [29/Apr/2020:04:48:35 +0900] "GET /home/main/main.do HTTP/1.0" 200 14903
23.237.4.26 - - [29/Apr/2020:04:48:43 +0900] "GET /home/news/news/view.do?page=2&num=2 HTTP/1.0" 200 6977
23.237.4.26 - - [29/Apr/2020:04:49:00 +0900] "GET /home/news/news/view.do?page=&num=13 HTTP/1.0" 200 9156
23.237.4.26 - - [29/Apr/2020:04:49:12 +0900] "GET /home/news/news/view.do?page=1&num=19 HTTP/1.0" 200 6164
23.237.4.26 - - [29/Apr/2020:04:49:17 +0900] "GET /home/news/news/view.do?page=2&num=1 HTTP/1.0" 200 8973
23.237.4.26 - - [29/Apr/2020:04:49:25 +0900] "GET /home/news/news/view.do?page=2&num=1 HTTP/1.0" 200 8973
157.55.39.54 - - [29/Apr/2020:04:49:26 +0900] "GET /index.jsp HTTP/1.1" 302 -
157.55.39.54 - - [29/Apr/2020:04:49:28 +0900] "GET /error/kr/error.jsp HTTP/1.1" 500 3570
23.237.4.26 - - [29/Apr/2020:04:49:37 +0900] "GET /home/news/news/view.do?page=&num=14 HTTP/1.0" 200 6733
23.237.4.26 - - [29/Apr/2020:04:49:50 +0900] "GET /home/news/news/view.do?page=&num=15 HTTP/1.0" 200 9178
23.237.4.26 - - [29/Apr/2020:04:50:02 +0900] "GET /home/news/news/view.do?page=&num=16 HTTP/1.0" 200 5663
23.237.4.26 - - [29/Apr/2020:04:50:14 +0900] "GET /home/news/news/view.do?page=&num=17 HTTP/1.0" 200 5758
23.237.4.26 - - [29/Apr/2020:04:50:27 +0900] "GET /home/news/news/view.do?page=&num=18 HTTP/1.0" 200 9134
23.237.4.26 - - [29/Apr/2020:04:50:42 +0900] "GET /home/news/news/view.do?page=&num=19 HTTP/1.0" 200 6162
66.249.72.35 - - [29/Apr/2020:04:50:44 +0900] "GET /error/kr/error.jsp HTTP/1.1" 500 3570
66.249.72.14 - - [29/Apr/2020:04:51:46 +0900] "GET /error/kr/error.jsp HTTP/1.1" 500 3570
114.119.165.42 - - [29/Apr/2020:04:54:01 +0900] "GET /error/kr/error.jsp HTTP/1.1" 500 3762
119.207.72.178 - - [29/Apr/2020:04:56:43 +0900] "GET /home/about/about.do HTTP/1.1" 200 14667
119.207.72.71 - - [29/Apr/2020:04:56:43 +0900] "GET /home/about/about.do HTTP/1.1" 200 14667
66.249.72.14 - - [29/Apr/2020:05:00:31 +0900] "GET /error/kr/error.jsp HTTP/1.1" 500 3570
5.188.84.66 - - [29/Apr/2020:05:07:11 +0900] "GET /home/watwedo/overview.do HTTP/1.0" 200 6276
66.249.72.54 - - [29/Apr/2020:05:09:31 +0900] "GET /error/kr/error.jsp HTTP/1.1" 500 3762
5.188.84.76 - - [29/Apr/2020:05:17:10 +0900] "GET /home/en/watwedo/overview.do HTTP/1.0" 200 7185
122.112.150.87 - - [29/Apr/2020:05:17:40 +0900] "GET /index.jsp HTTP/1.1" 302 -
122.112.150.87 - - [29/Apr/2020:05:17:41 +0900] "GET /home/main/main.do HTTP/1.1" 200 14903
122.112.150.87 - - [29/Apr/2020:05:17:41 +0900] "GET /index.jsp HTTP/1.1" 302 -
122.112.150.87 - - [29/Apr/2020:05:17:42 +0900] "GET /home/main/main.do HTTP/1.1" 200 14903
66.249.72.14 - - [29/Apr/2020:05:18:31 +0900] "GET /error/kr/error.jsp HTTP/1.1" 500 3570
119.207.72.75 - - [29/Apr/2020:05:19:59 +0900] "GET /index.jsp HTTP/1.1" 302 -
119.207.72.75 - - [29/Apr/2020:05:19:59 +0900] "GET /home/main/main.do HTTP/1.1" 200 14903
129.204.24.99 - - [29/Apr/2020:05:25:11 +0900] "HEAD /index.jsp?s=www.shandongymcc.cn HTTP/1.1" 302 -
129.204.24.99 - - [29/Apr/2020:05:25:11 +0900] "HEAD /home/main/main.do HTTP/1.1" 302 -
129.204.24.99 - - [29/Apr/2020:05:25:12 +0900] "HEAD /home/main/main.do HTTP/1.1" 200 -
17.58.96.119 - - [29/Apr/2020:05:26:04 +0900] "GET /home/en/whoweare/korea.do HTTP/1.1" 200 29641
193.111.62.163 - - [29/Apr/2020:05:26:17 +0900] "GET /home/news/news/list.do HTTP/1.1" 200 7100
66.249.72.14 - - [29/Apr/2020:05:27:31 +0900] "GET /error/kr/error.jsp HTTP/1.1" 500 3570
5.188.84.76 - - [29/Apr/2020:05:29:19 +0900] "GET /home/whoweare/korea.do HTTP/1.0" 200 43261
23.244.61.17 - - [29/Apr/2020:05:29:31 +0900] "GET /error/kr/error.jsp HTTP/1.1" 500 3762
23.244.61.17 - - [29/Apr/2020:05:29:31 +0900] "GET /error/kr/error.jsp HTTP/1.1" 500 3762
23.244.61.17 - - [29/Apr/2020:05:29:31 +0900] "GET /error/kr/error.jsp HTTP/1.1" 500 3762
23.244.61.17 - - [29/Apr/2020:05:29:32 +0900] "GET /error/kr/error.jsp HTTP/1.1" 500 3762
23.244.61.17 - - [29/Apr/2020:05:29:32 +0900] "GET /error/kr/error.jsp HTTP/1.1" 500 3762
23.244.61.17 - - [29/Apr/2020:05:29:32 +0900] "GET /error/kr/error.jsp HTTP/1.1" 500 3762
23.244.61.17 - - [29/Apr/2020:05:29:32 +0900] "GET /error/kr/error.jsp HTTP/1.1" 500 3762
23.244.61.17 - - [29/Apr/2020:05:29:33 +0900] "GET /error/kr/error.jsp HTTP/1.1" 500 3762
23.244.61.17 - - [29/Apr/2020:05:29:33 +0900] "GET /error/kr/error.jsp HTTP/1.1" 500 3762
23.244.61.17 - - [29/Apr/2020:05:29:33 +0900] "GET /error/kr/error.jsp HTTP/1.1" 500 3762
23.244.61.17 - - [29/Apr/2020:05:29:34 +0900] "GET /error/kr/error.jsp HTTP/1.1" 500 3762
23.244.61.17 - - [29/Apr/2020:05:29:34 +0900] "GET /error/kr/error.jsp HTTP/1.1" 500 3762
66.249.72.14 - - [29/Apr/2020:05:36:31 +0900] "GET /error/kr/error.jsp HTTP/1.1" 500 3570
66.249.75.118 - - [29/Apr/2020:05:39:17 +0900] "GET /error/kr/error.jsp HTTP/1.1" 500 3762
82.139.16.96 - - [29/Apr/2020:05:43:42 +0900] "GET /error/kr/error.jsp HTTP/1.1" 500 3570
178.254.50.20 - - [29/Apr/2020:05:45:26 +0900] "GET /error/kr/error.jsp HTTP/1.1" 500 3570
66.249.72.14 - - [29/Apr/2020:05:45:31 +0900] "GET /error/kr/error.jsp HTTP/1.1" 500 3570
157.55.39.40 - - [29/Apr/2020:05:46:03 +0900] "GET /error/kr/error.jsp HTTP/1.1" 500 3570
66.249.72.14 - - [29/Apr/2020:05:54:31 +0900] "GET /error/kr/error.jsp HTTP/1.1" 500 3570
40.77.167.153 - - [29/Apr/2020:05:57:58 +0900] "GET /index.jsp?ko HTTP/1.1" 302 -
66.249.72.14 - - [29/Apr/2020:06:03:31 +0900] "GET /error/kr/error.jsp HTTP/1.1" 500 3570
157.55.39.40 - - [29/Apr/2020:06:09:57 +0900] "GET /home/meetourpartners/all.do HTTP/1.1" 200 105128
157.55.39.40 - - [29/Apr/2020:06:09:58 +0900] "GET /home/en/meetourpartners/domestic.do HTTP/1.1" 200 71879
66.249.72.14 - - [29/Apr/2020:06:12:31 +0900] "GET /error/kr/error.jsp HTTP/1.1" 500 3570
23.100.232.233 - - [29/Apr/2020:06:14:10 +0900] "GET /home/about/about.do HTTP/1.1" 200 14667
34.250.9.32 - - [29/Apr/2020:06:14:41 +0900] "GET /error/kr/error.jsp HTTP/1.1" 500 3570
34.250.9.32 - - [29/Apr/2020:06:14:41 +0900] "GET /error/kr/error.jsp HTTP/1.1" 500 3570
66.249.72.14 - - [29/Apr/2020:06:21:31 +0900] "GET /error/kr/error.jsp HTTP/1.1" 500 3570
193.111.62.163 - - [29/Apr/2020:06:26:28 +0900] "GET /home/news/news/list.do HTTP/1.1" 200 7100
129.204.24.99 - - [29/Apr/2020:06:28:07 +0900] "GET /error/kr/error.jsp HTTP/1.1" 500 3570
157.55.39.54 - - [29/Apr/2020:06:28:16 +0900] "GET /error/kr/error.jsp HTTP/1.1" 500 3570
129.204.24.99 - - [29/Apr/2020:06:28:33 +0900] "HEAD /index.jsp?s=www.shandongymcd.cn HTTP/1.1" 302 -
129.204.24.99 - - [29/Apr/2020:06:28:33 +0900] "HEAD /home/main/main.do HTTP/1.1" 302 -
129.204.24.99 - - [29/Apr/2020:06:28:34 +0900] "HEAD /home/main/main.do HTTP/1.1" 200 -
66.249.72.14 - - [29/Apr/2020:06:30:31 +0900] "GET /error/kr/error.jsp HTTP/1.1" 500 3570
66.249.72.14 - - [29/Apr/2020:06:39:31 +0900] "GET /error/kr/error.jsp HTTP/1.1" 500 3570
40.77.167.153 - - [29/Apr/2020:06:40:11 +0900] "GET /error/kr/error.jsp HTTP/1.1" 500 3570
157.55.39.40 - - [29/Apr/2020:06:57:35 +0900] "GET /error/kr/error.jsp HTTP/1.1" 500 3570
207.46.13.144 - - [29/Apr/2020:06:57:35 +0900] "GET /error/kr/error.jsp HTTP/1.1" 500 3570
40.77.167.153 - - [29/Apr/2020:07:01:22 +0900] "GET /error/kr/error.jsp HTTP/1.1" 500 3570
40.113.85.123 - - [29/Apr/2020:07:15:07 +0900] "GET /index.jsp HTTP/1.1" 302 -
40.113.85.123 - - [29/Apr/2020:07:15:08 +0900] "GET /home/en/main/main.do HTTP/1.1" 200 11542
40.113.85.123 - - [29/Apr/2020:07:15:55 +0900] "GET /home/en/contact/contact.do HTTP/1.1" 200 5187
40.113.85.123 - - [29/Apr/2020:07:16:32 +0900] "GET /home/en/about/about.do HTTP/1.1" 200 16228
40.77.167.153 - - [29/Apr/2020:07:20:39 +0900] "GET /error/kr/error.jsp HTTP/1.1" 500 3570
157.55.39.54 - - [29/Apr/2020:07:25:39 +0900] "GET /error/kr/error.jsp HTTP/1.1" 500 3570
66.249.72.35 - - [29/Apr/2020:07:26:00 +0900] "GET /error/kr/error.jsp HTTP/1.1" 500 3570
129.204.24.99 - - [29/Apr/2020:07:30:41 +0900] "GET /error/kr/error.jsp HTTP/1.1" 500 3570
129.204.24.99 - - [29/Apr/2020:07:31:12 +0900] "HEAD /index.jsp?s=www.shandongymce.cn HTTP/1.1" 302 -
129.204.24.99 - - [29/Apr/2020:07:31:12 +0900] "HEAD /home/main/main.do HTTP/1.1" 302 -
129.204.24.99 - - [29/Apr/2020:07:31:12 +0900] "HEAD /home/main/main.do HTTP/1.1" 200 -
193.111.62.163 - - [29/Apr/2020:07:40:31 +0900] "GET /home/news/news/list.do HTTP/1.1" 200 7100
198.108.66.32 - - [29/Apr/2020:07:41:49 +0900] "GET /index.jsp HTTP/1.1" 302 -
198.108.66.32 - - [29/Apr/2020:07:41:50 +0900] "GET /home/main/main.do HTTP/1.1" 200 14903
157.55.39.199 - - [29/Apr/2020:07:45:33 +0900] "GET /error/kr/error.jsp HTTP/1.1" 500 3570
98.225.36.61 - - [29/Apr/2020:08:01:00 +0900] "GET /error/kr/error.jsp HTTP/1.1" 500 3570
66.249.72.35 - - [29/Apr/2020:08:16:09 +0900] "GET /error/kr/error.jsp HTTP/1.1" 500 3570
23.94.145.121 - - [29/Apr/2020:08:16:35 +0900] "GET /index.jsp HTTP/1.1" 302 -
23.94.145.121 - - [29/Apr/2020:08:16:35 +0900] "GET /home/en/main/main.do HTTP/1.1" 200 11542
1.234.57.105 - - [29/Apr/2020:08:23:10 +0900] "GET /index.jsp HTTP/1.1" 302 -
1.234.57.105 - - [29/Apr/2020:08:23:10 +0900] "GET /home/main/main.do HTTP/1.1" 200 14903
1.234.57.105 - - [29/Apr/2020:08:23:11 +0900] "GET /error/kr/error.jsp HTTP/1.1" 500 3570
1.234.57.105 - - [29/Apr/2020:08:23:25 +0900] "GET /home/about/about.do HTTP/1.1" 200 14667
1.234.57.105 - - [29/Apr/2020:08:23:29 +0900] "GET /home/contact/contact.do HTTP/1.1" 200 5224
1.234.57.105 - - [29/Apr/2020:08:23:30 +0900] "GET /home/about/about.do HTTP/1.1" 200 14667
1.234.57.105 - - [29/Apr/2020:08:23:33 +0900] "GET /home/contact/contact.do HTTP/1.1" 200 5224
40.77.167.153 - - [29/Apr/2020:08:26:24 +0900] "GET /error/kr/error.jsp HTTP/1.1" 500 3570
193.111.62.163 - - [29/Apr/2020:08:30:53 +0900] "GET /home/news/news/list.do HTTP/1.1" 200 7100
207.46.13.225 - - [29/Apr/2020:08:31:14 +0900] "GET /error/kr/error.jsp HTTP/1.1" 500 3570
123.183.224.2 - - [29/Apr/2020:08:32:48 +0900] "GET /index.jsp HTTP/1.1" 302 -
123.183.224.2 - - [29/Apr/2020:08:32:48 +0900] "GET /home/en/main/main.do HTTP/1.1" 200 11542
129.204.24.99 - - [29/Apr/2020:08:34:13 +0900] "HEAD /index.jsp?s=www.shandongymcf.cn HTTP/1.1" 302 -
129.204.24.99 - - [29/Apr/2020:08:34:13 +0900] "HEAD /home/main/main.do HTTP/1.1" 302 -
129.204.24.99 - - [29/Apr/2020:08:34:14 +0900] "HEAD /home/main/main.do HTTP/1.1" 200 -
119.207.72.111 - - [29/Apr/2020:08:37:35 +0900] "GET /home/news/news/view.do?page=1&num=20 HTTP/1.1" 200 8973
98.207.184.155 - - [29/Apr/2020:08:46:10 +0900] "GET /index.jsp HTTP/1.1" 302 -
98.207.184.155 - - [29/Apr/2020:08:46:10 +0900] "GET /home/en/main/main.do HTTP/1.1" 200 11542
98.207.184.155 - - [29/Apr/2020:08:46:15 +0900] "GET /home/en/whoweare/korea.do HTTP/1.1" 200 29641
108.61.175.242 - - [29/Apr/2020:08:48:23 +0900] "GET /error/kr/error.jsp HTTP/1.1" 500 3570
119.207.72.148 - - [29/Apr/2020:08:53:48 +0900] "GET /index.jsp HTTP/1.1" 302 -
119.207.72.148 - - [29/Apr/2020:08:53:48 +0900] "GET /home/main/main.do HTTP/1.1" 200 14903
104.222.43.145 - - [29/Apr/2020:08:56:28 +0900] "GET /index.jsp HTTP/1.1" 302 -
104.222.43.145 - - [29/Apr/2020:08:56:28 +0900] "GET /home/en/main/main.do HTTP/1.1" 200 11542
107.172.183.66 - - [29/Apr/2020:08:56:34 +0900] "GET /index.jsp HTTP/1.1" 302 -
107.172.183.66 - - [29/Apr/2020:08:56:34 +0900] "GET /home/en/main/main.do HTTP/1.1" 200 11542
66.249.72.18 - - [29/Apr/2020:08:56:39 +0900] "GET /error/kr/error.jsp HTTP/1.1" 500 3570
40.77.167.69 - - [29/Apr/2020:09:01:17 +0900] "GET /home/main/main.do HTTP/1.1" 200 14903
52.13.16.182 - - [29/Apr/2020:09:08:08 +0900] "GET /error/kr/error.jsp HTTP/1.1" 500 3570
52.37.61.236 - - [29/Apr/2020:09:08:11 +0900] "GET /error/kr/error.jsp HTTP/1.1" 500 3570
52.37.61.236 - - [29/Apr/2020:09:08:14 +0900] "GET /error/kr/error.jsp HTTP/1.1" 500 3570
175.209.37.121 - - [29/Apr/2020:09:18:52 +0900] "GET /index.jsp HTTP/1.1" 302 -
175.209.37.121 - - [29/Apr/2020:09:18:52 +0900] "GET /home/main/main.do HTTP/1.1" 200 14903
175.209.37.121 - - [29/Apr/2020:09:18:52 +0900] "GET /error/kr/error.jsp HTTP/1.1" 500 3570
175.209.37.121 - - [29/Apr/2020:09:19:45 +0900] "GET /home/watwedo/philosophy.do HTTP/1.1" 200 7162
175.209.37.121 - - [29/Apr/2020:09:21:36 +0900] "GET /home/whoweare/korea.do HTTP/1.1" 200 29677
157.55.39.54 - - [29/Apr/2020:09:21:55 +0900] "GET /error/kr/error.jsp HTTP/1.1" 500 3570
175.209.37.121 - - [29/Apr/2020:09:22:52 +0900] "GET /home/whoweare/china.do HTTP/1.1" 200 10340
175.209.37.121 - - [29/Apr/2020:09:23:16 +0900] "GET /home/whoweare/korea.do HTTP/1.1" 200 29677
175.209.37.121 - - [29/Apr/2020:09:23:41 +0900] "GET /home/meetourpartners/all.do HTTP/1.1" 200 101569
213.180.203.190 - - [29/Apr/2020:09:24:20 +0900] "GET /error/kr/error.jsp HTTP/1.1" 500 3570
193.111.62.163 - - [29/Apr/2020:09:25:57 +0900] "GET /home/news/news/list.do HTTP/1.1" 200 7100
40.77.167.69 - - [29/Apr/2020:09:26:05 +0900] "GET /error/kr/error.jsp HTTP/1.1" 500 3570
207.46.13.225 - - [29/Apr/2020:09:27:49 +0900] "GET /error/kr/error.jsp HTTP/1.1" 500 3570
129.204.24.99 - - [29/Apr/2020:09:36:26 +0900] "GET /error/kr/error.jsp HTTP/1.1" 500 3570
157.55.39.5 - - [29/Apr/2020:09:38:31 +0900] "GET /error/kr/error.jsp HTTP/1.1" 500 3762
119.207.72.160 - - [29/Apr/2020:09:43:01 +0900] "GET /home/news/news/list.do HTTP/1.1" 200 7100
119.207.72.110 - - [29/Apr/2020:09:43:02 +0900] "GET /home/news/news/list.do HTTP/1.1" 200 7100
24.254.170.6 - - [29/Apr/2020:09:45:59 +0900] "GET /index.jsp HTTP/1.1" 302 -
103.131.71.40 - - [29/Apr/2020:09:47:31 +0900] "GET /error/kr/error.jsp HTTP/1.1" 500 3570
103.131.71.37 - - [29/Apr/2020:09:47:33 +0900] "GET /error/kr/error.jsp HTTP/1.1" 500 3762
103.131.71.42 - - [29/Apr/2020:09:47:51 +0900] "GET /error/kr/error.jsp HTTP/1.1" 500 3570
159.203.171.16 - - [29/Apr/2020:09:48:10 +0900] "GET /index.jsp HTTP/1.1" 302 -
159.203.171.16 - - [29/Apr/2020:09:48:10 +0900] "GET /home/main/main.do HTTP/1.1" 200 14903
159.203.171.16 - - [29/Apr/2020:09:49:23 +0900] "GET /error/kr/error.jsp HTTP/1.1" 500 3570
159.203.171.16 - - [29/Apr/2020:09:49:30 +0900] "GET /home/en/main/main.do HTTP/1.1" 200 11542
159.203.171.16 - - [29/Apr/2020:09:49:30 +0900] "GET /home/whoweare/korea.do HTTP/1.1" 200 29677
159.203.171.16 - - [29/Apr/2020:09:49:30 +0900] "GET /home/watwedo/overview.do HTTP/1.1" 200 6276
159.203.171.16 - - [29/Apr/2020:09:49:31 +0900] "GET /home/contact/contact.do HTTP/1.1" 200 5224
159.203.171.16 - - [29/Apr/2020:09:49:31 +0900] "GET /home/meetourpartners/all.do HTTP/1.1" 200 101569
159.203.171.16 - - [29/Apr/2020:09:49:31 +0900] "GET /home/about/about.do HTTP/1.1" 200 14667
159.203.171.16 - - [29/Apr/2020:09:49:31 +0900] "GET /home/news/news/list.do HTTP/1.1" 200 7100
159.203.171.16 - - [29/Apr/2020:09:49:31 +0900] "GET /home/news/news/view.do?num=1 HTTP/1.1" 200 8971
159.203.171.16 - - [29/Apr/2020:09:49:31 +0900] "GET /home/news/news/view.do?num=3 HTTP/1.1" 200 5573
159.203.171.16 - - [29/Apr/2020:09:49:31 +0900] "GET /home/news/news/view.do?page=1&num=20 HTTP/1.1" 200 8973
159.203.171.16 - - [29/Apr/2020:09:49:31 +0900] "GET /home/watwedo/philosophy.do HTTP/1.1" 200 7162
159.203.171.16 - - [29/Apr/2020:09:49:32 +0900] "GET /home/news/news/view.do?num=2 HTTP/1.1" 200 6974
121.167.147.222 - - [29/Apr/2020:09:54:12 +0900] "GET /index.jsp HTTP/1.1" 302 -
121.167.147.222 - - [29/Apr/2020:09:54:15 +0900] "GET /home/main/main.do HTTP/1.1" 200 14903
121.167.147.222 - - [29/Apr/2020:09:54:16 +0900] "GET /error/kr/error.jsp HTTP/1.1" 500 3570
121.167.147.222 - - [29/Apr/2020:09:54:26 +0900] "GET /home/watwedo/overview.do HTTP/1.1" 200 6276
207.46.13.144 - - [29/Apr/2020:09:54:35 +0900] "GET /error/kr/error.jsp HTTP/1.1" 500 3570
121.167.147.222 - - [29/Apr/2020:09:55:16 +0900] "GET /home/watwedo/history.do HTTP/1.1" 200 10890
121.167.147.222 - - [29/Apr/2020:09:56:16 +0900] "GET /home/watwedo/philosophy.do HTTP/1.1" 200 7162
121.167.147.222 - - [29/Apr/2020:09:56:22 +0900] "GET /home/whoweare/korea.do HTTP/1.1" 200 29677
121.167.147.222 - - [29/Apr/2020:09:59:33 +0900] "GET /home/whoweare/china.do HTTP/1.1" 200 10340
121.167.147.222 - - [29/Apr/2020:10:00:01 +0900] "GET /home/meetourpartners/all.do HTTP/1.1" 200 101569
121.167.147.222 - - [29/Apr/2020:10:00:07 +0900] "GET /home/contact/contact.do HTTP/1.1" 200 5224
121.167.147.222 - - [29/Apr/2020:10:00:21 +0900] "GET /home/about/about.do HTTP/1.1" 200 14667
121.167.147.222 - - [29/Apr/2020:10:01:32 +0900] "GET /home/en/main/main.do HTTP/1.1" 200 11542
121.167.147.222 - - [29/Apr/2020:10:01:38 +0900] "GET /home/main/main.do HTTP/1.1" 200 14903
121.167.147.222 - - [29/Apr/2020:10:01:38 +0900] "GET /error/kr/error.jsp HTTP/1.1" 500 3570
121.167.147.222 - - [29/Apr/2020:10:01:42 +0900] "GET /home/news/news/view.do?page=1&num=20 HTTP/1.1" 200 8973
121.167.147.222 - - [29/Apr/2020:10:01:56 +0900] "GET /home/watwedo/overview.do HTTP/1.1" 200 6276
121.167.147.222 - - [29/Apr/2020:10:02:17 +0900] "GET /home/watwedo/overview.do HTTP/1.1" 200 6276
121.167.147.222 - - [29/Apr/2020:10:02:21 +0900] "GET /home/watwedo/history.do HTTP/1.1" 200 10890
103.131.71.141 - - [29/Apr/2020:10:04:27 +0900] "GET /error/kr/error.jsp HTTP/1.1" 500 3570
42.200.255.249 - - [29/Apr/2020:10:06:52 +0900] "GET /error/kr/error.jsp HTTP/1.1" 500 3570
66.249.72.32 - - [29/Apr/2020:10:07:10 +0900] "GET /error/kr/error.jsp HTTP/1.1" 500 3570
13.228.6.37 - - [29/Apr/2020:10:08:27 +0900] "GET /home/en/meetourpartners/all.do HTTP/1.1" 200 95227
207.46.13.225 - - [29/Apr/2020:10:10:32 +0900] "GET /home/watwedo/philosophy.do HTTP/1.1" 200 7162
54.189.187.188 - - [29/Apr/2020:10:14:08 +0900] "GET /index.jsp HTTP/1.1" 302 -
54.189.187.188 - - [29/Apr/2020:10:14:08 +0900] "GET /home/main/main.do HTTP/1.1" 200 14903
54.149.98.75 - - [29/Apr/2020:10:14:08 +0900] "GET /index.jsp HTTP/1.1" 302 -
54.149.98.75 - - [29/Apr/2020:10:14:09 +0900] "GET /home/main/main.do HTTP/1.1" 200 14903
203.227.232.125 - - [29/Apr/2020:10:14:11 +0900] "GET /index.jsp HTTP/1.1" 302 -
203.227.232.125 - - [29/Apr/2020:10:14:11 +0900] "GET /home/main/main.do HTTP/1.1" 200 14903
40.77.167.69 - - [29/Apr/2020:10:14:33 +0900] "GET /home/watwedo/history.do HTTP/1.1" 200 10890
23.100.232.233 - - [29/Apr/2020:10:25:15 +0900] "GET /home/whoweare/korea.do HTTP/1.1" 200 29677
193.111.62.163 - - [29/Apr/2020:10:30:45 +0900] "GET /home/news/news/list.do HTTP/1.1" 200 7100
221.202.200.156 - - [29/Apr/2020:10:33:22 +0900] "GET /error/kr/error.jsp HTTP/1.1" 500 3570
180.163.220.68 - - [29/Apr/2020:10:33:29 +0900] "GET /error/kr/error.jsp HTTP/1.1" 500 3570
42.236.10.117 - - [29/Apr/2020:10:33:41 +0900] "GET /error/kr/error.jsp HTTP/1.1" 500 3570
221.202.200.156 - - [29/Apr/2020:10:33:51 +0900] "GET /home/whoweare/korea.do HTTP/1.1" 200 29677
42.236.10.125 - - [29/Apr/2020:10:33:58 +0900] "GET /index.jsp HTTP/1.1" 302 -
180.163.220.67 - - [29/Apr/2020:10:33:58 +0900] "GET /home/whoweare/korea.do HTTP/1.1" 302 -
42.236.10.125 - - [29/Apr/2020:10:33:58 +0900] "GET /home/main/main.do HTTP/1.1" 200 12006
180.163.220.67 - - [29/Apr/2020:10:33:59 +0900] "GET /home/whoweare/korea.do HTTP/1.1" 302 -
180.163.220.68 - - [29/Apr/2020:10:33:59 +0900] "GET /home/whoweare/korea.do HTTP/1.1" 200 43261
42.236.10.117 - - [29/Apr/2020:10:34:02 +0900] "GET /error/kr/error.jsp HTTP/1.1" 500 3570
42.236.10.117 - - [29/Apr/2020:10:34:02 +0900] "GET /error/kr/error.jsp HTTP/1.1" 500 3570
42.236.10.125 - - [29/Apr/2020:10:34:20 +0900] "GET /index.jsp HTTP/1.1" 302 -
42.236.10.125 - - [29/Apr/2020:10:34:21 +0900] "GET /home/main/main.do HTTP/1.1" 200 12006
42.236.10.117 - - [29/Apr/2020:10:34:22 +0900] "GET /error/kr/error.jsp HTTP/1.1" 500 3762
42.236.10.114 - - [29/Apr/2020:10:34:23 +0900] "GET /error/kr/error.jsp HTTP/1.1" 500 3762
129.204.24.99 - - [29/Apr/2020:10:38:58 +0900] "GET /error/kr/error.jsp HTTP/1.1" 500 3570
129.204.24.99 - - [29/Apr/2020:10:39:31 +0900] "HEAD /index.jsp?s=www.shandongymch.cn HTTP/1.1" 302 -
129.204.24.99 - - [29/Apr/2020:10:39:31 +0900] "HEAD /home/main/main.do HTTP/1.1" 302 -
129.204.24.99 - - [29/Apr/2020:10:39:32 +0900] "HEAD /home/main/main.do HTTP/1.1" 200 -
112.117.160.71 - - [29/Apr/2020:10:41:57 +0900] "GET /error/kr/error.jsp HTTP/1.1" 500 3570
209.17.96.242 - - [29/Apr/2020:10:44:15 +0900] "GET /index.jsp HTTP/1.1" 302 -
27.0.238.182 - - [29/Apr/2020:10:50:15 +0900] "GET /home/whoweare/korea.do HTTP/1.1" 200 29677
89.40.73.219 - - [29/Apr/2020:10:55:59 +0900] "GET /index.jsp HTTP/1.1" 302 -
38.99.62.91 - - [29/Apr/2020:10:58:32 +0900] "GET /home/en/meetourpartners/overseas.do HTTP/1.1" 200 31428
207.46.13.225 - - [29/Apr/2020:11:00:18 +0900] "GET /home/en/meetourpartners/all.do HTTP/1.1" 200 95227
40.77.167.69 - - [29/Apr/2020:11:00:30 +0900] "GET /home/main/main.do HTTP/1.1" 200 14903
220.230.8.172 - - [29/Apr/2020:11:00:43 +0900] "GET /index.jsp HTTP/1.1" 302 -
220.230.8.172 - - [29/Apr/2020:11:00:43 +0900] "GET /home/main/main.do HTTP/1.1" 200 14903
220.230.8.172 - - [29/Apr/2020:11:00:43 +0900] "GET /error/kr/error.jsp HTTP/1.1" 500 3570
38.99.62.91 - - [29/Apr/2020:11:01:09 +0900] "GET /home/en/meetourpartners/domestic.do HTTP/1.1" 200 69240
38.99.62.91 - - [29/Apr/2020:11:01:48 +0900] "GET /home/en/meetourpartners/overseas.do HTTP/1.1" 200 31428
119.207.72.158 - - [29/Apr/2020:11:03:13 +0900] "GET /home/contact/contact.do HTTP/1.1" 200 5224
