129.204.24.99 - - [20/Apr/2020:00:01:39 +0900] "GET /error/kr/error.jsp HTTP/1.1" 500 3570
66.249.64.84 - - [20/Apr/2020:00:17:52 +0900] "GET /error/kr/error.jsp HTTP/1.1" 500 3762
193.111.62.163 - - [20/Apr/2020:00:20:42 +0900] "GET /home/news/news/list.do HTTP/1.1" 200 7100
157.55.39.79 - - [20/Apr/2020:00:22:12 +0900] "GET /home/news/news/view.do?page=&num=2 HTTP/1.1" 200 6974
103.131.71.45 - - [20/Apr/2020:00:22:15 +0900] "GET /error/kr/error.jsp HTTP/1.1" 500 3570
103.131.71.50 - - [20/Apr/2020:00:22:17 +0900] "GET /error/kr/error.jsp HTTP/1.1" 500 3762
103.131.71.44 - - [20/Apr/2020:00:22:21 +0900] "GET /error/kr/error.jsp HTTP/1.1" 500 3570
86.104.10.11 - - [20/Apr/2020:00:28:10 +0900] "GET /index.jsp HTTP/1.1" 302 -
207.46.13.10 - - [20/Apr/2020:00:33:55 +0900] "GET /home/news/news/view.do?page=1&num=1 HTTP/1.1" 200 8973
34.74.209.126 - - [20/Apr/2020:00:39:40 +0900] "GET /error/kr/error.jsp HTTP/1.0" 500 3570
34.74.209.126 - - [20/Apr/2020:00:39:40 +0900] "GET /home/en/about/about.do HTTP/1.0" 200 16228
119.207.72.71 - - [20/Apr/2020:00:41:14 +0900] "GET /index.jsp HTTP/1.1" 302 -
119.207.72.71 - - [20/Apr/2020:00:41:14 +0900] "GET /home/main/main.do HTTP/1.1" 200 14903
114.119.162.163 - - [20/Apr/2020:00:42:36 +0900] "GET /error/kr/error.jsp HTTP/1.1" 500 3762
34.74.209.126 - - [20/Apr/2020:00:45:44 +0900] "GET /error/kr/error.jsp HTTP/1.0" 500 3570
34.74.209.126 - - [20/Apr/2020:00:45:44 +0900] "GET /home/en/watwedo/overview.do HTTP/1.0" 200 6218
34.74.209.126 - - [20/Apr/2020:00:46:52 +0900] "GET /error/kr/error.jsp HTTP/1.0" 500 3570
34.74.209.126 - - [20/Apr/2020:00:46:52 +0900] "GET /home/main/main.do HTTP/1.0" 200 14903
186.204.184.95 - - [20/Apr/2020:00:50:02 +0900] "GET /index.jsp HTTP/1.1" 302 -
186.204.184.95 - - [20/Apr/2020:00:50:03 +0900] "GET /home/en/main/main.do HTTP/1.1" 200 11542
34.74.209.126 - - [20/Apr/2020:00:51:52 +0900] "GET /error/kr/error.jsp HTTP/1.0" 500 3570
34.74.209.126 - - [20/Apr/2020:00:51:52 +0900] "GET /home/en/meetourpartners/all.do HTTP/1.0" 200 95227
129.204.24.99 - - [20/Apr/2020:00:59:59 +0900] "GET /error/kr/error.jsp HTTP/1.1" 500 3570
129.204.24.99 - - [20/Apr/2020:01:00:25 +0900] "HEAD /index.jsp?s=www.guangdongymcc.cn HTTP/1.1" 302 -
129.204.24.99 - - [20/Apr/2020:01:00:25 +0900] "HEAD /home/main/main.do HTTP/1.1" 200 -
34.74.209.126 - - [20/Apr/2020:01:01:19 +0900] "GET /error/kr/error.jsp HTTP/1.0" 500 3570
34.74.209.126 - - [20/Apr/2020:01:01:19 +0900] "GET /home/en/watwedo/philosophy.do HTTP/1.0" 200 7112
34.74.209.126 - - [20/Apr/2020:01:05:39 +0900] "GET /error/kr/error.jsp HTTP/1.0" 500 3570
34.74.209.126 - - [20/Apr/2020:01:05:39 +0900] "GET /home/en/whoweare/korea.do HTTP/1.0" 200 29641
183.61.6.120 - - [20/Apr/2020:01:07:58 +0900] "GET /error/kr/error.jsp HTTP/1.1" 500 3570
207.46.13.10 - - [20/Apr/2020:01:08:13 +0900] "GET /home/news/news/view.do?page=2&num=15 HTTP/1.1" 200 9181
34.74.209.126 - - [20/Apr/2020:01:08:29 +0900] "GET /error/kr/error.jsp HTTP/1.0" 500 3570
34.74.209.126 - - [20/Apr/2020:01:08:29 +0900] "GET /home/en/contact/contact.do HTTP/1.0" 200 5187
34.74.209.126 - - [20/Apr/2020:01:09:08 +0900] "GET /error/kr/error.jsp HTTP/1.0" 500 3570
34.74.209.126 - - [20/Apr/2020:01:09:09 +0900] "GET /home/en/meetourpartners/all.do HTTP/1.0" 200 95227
34.74.209.126 - - [20/Apr/2020:01:09:11 +0900] "GET /error/kr/error.jsp HTTP/1.0" 500 3570
34.74.209.126 - - [20/Apr/2020:01:09:12 +0900] "GET /home/en/watwedo/overview.do HTTP/1.0" 200 6218
34.74.209.126 - - [20/Apr/2020:01:09:13 +0900] "GET /error/kr/error.jsp HTTP/1.0" 500 3570
34.74.209.126 - - [20/Apr/2020:01:09:13 +0900] "GET /home/en/whoweare/korea.do HTTP/1.0" 200 29641
34.74.209.126 - - [20/Apr/2020:01:09:15 +0900] "GET /error/kr/error.jsp HTTP/1.0" 500 3570
34.74.209.126 - - [20/Apr/2020:01:09:15 +0900] "GET /home/en/about/about.do HTTP/1.0" 200 16228
34.74.209.126 - - [20/Apr/2020:01:09:17 +0900] "GET /error/kr/error.jsp HTTP/1.0" 500 3570
34.74.209.126 - - [20/Apr/2020:01:09:17 +0900] "GET /home/en/contact/contact.do HTTP/1.0" 200 5187
34.74.209.126 - - [20/Apr/2020:01:09:19 +0900] "GET /error/kr/error.jsp HTTP/1.0" 500 3570
34.74.209.126 - - [20/Apr/2020:01:09:19 +0900] "GET /home/en/watwedo/philosophy.do HTTP/1.0" 200 7112
34.74.209.126 - - [20/Apr/2020:01:09:21 +0900] "GET /error/kr/error.jsp HTTP/1.0" 500 3570
34.74.209.126 - - [20/Apr/2020:01:09:21 +0900] "GET /home/main/main.do HTTP/1.0" 200 14903
66.249.64.206 - - [20/Apr/2020:01:09:51 +0900] "GET /error/kr/error.jsp HTTP/1.1" 500 3570
222.122.190.54 - - [20/Apr/2020:01:13:04 +0900] "GET /index.jsp HTTP/1.1" 302 -
222.122.190.54 - - [20/Apr/2020:01:13:04 +0900] "GET /home/main/main.do HTTP/1.1" 200 14903
222.122.190.54 - - [20/Apr/2020:01:13:04 +0900] "GET /index.jsp HTTP/1.1" 302 -
222.122.190.54 - - [20/Apr/2020:01:13:04 +0900] "GET /home/main/main.do HTTP/1.1" 200 14903
222.122.190.54 - - [20/Apr/2020:01:13:04 +0900] "GET /error/kr/error.jsp HTTP/1.1" 500 3570
103.82.235.2 - - [20/Apr/2020:01:24:17 +0900] "GET /error/kr/error.jsp HTTP/1.1" 500 3570
193.111.62.163 - - [20/Apr/2020:01:27:07 +0900] "GET /home/news/news/list.do HTTP/1.1" 200 7100
207.46.13.164 - - [20/Apr/2020:01:34:56 +0900] "GET /error/kr/error.jsp HTTP/1.1" 500 3570
85.204.246.240 - - [20/Apr/2020:01:56:01 +0900] "GET /error/kr/error.jsp HTTP/1.1" 500 3570
85.204.246.240 - - [20/Apr/2020:01:56:02 +0900] "GET /error/kr/error.jsp HTTP/1.1" 500 3570
157.55.39.25 - - [20/Apr/2020:01:58:20 +0900] "GET /error/kr/error.jsp HTTP/1.1" 500 3570
207.46.13.164 - - [20/Apr/2020:01:58:22 +0900] "GET /error/kr/error.jsp HTTP/1.1" 500 3570
129.204.24.99 - - [20/Apr/2020:01:58:59 +0900] "HEAD /index.jsp?s=www.guangdongymcd.cn HTTP/1.1" 302 -
129.204.24.99 - - [20/Apr/2020:01:58:59 +0900] "HEAD /home/main/main.do HTTP/1.1" 200 -
73.110.110.223 - - [20/Apr/2020:02:02:33 +0900] "GET /home/main/main.do HTTP/1.1" 200 12006
73.110.110.223 - - [20/Apr/2020:02:02:36 +0900] "GET /error/kr/error.jsp HTTP/1.1" 500 3762
73.110.110.223 - - [20/Apr/2020:02:02:36 +0900] "GET /error/kr/error.jsp HTTP/1.1" 500 3762
73.110.110.223 - - [20/Apr/2020:02:02:58 +0900] "GET /home/whoweare/korea.do HTTP/1.1" 200 43261
73.110.110.223 - - [20/Apr/2020:02:03:39 +0900] "GET /home/whoweare/korea.do HTTP/1.1" 200 43261
73.110.110.223 - - [20/Apr/2020:02:03:41 +0900] "GET /home/whoweare/china.do HTTP/1.1" 200 11536
73.110.110.223 - - [20/Apr/2020:02:03:47 +0900] "GET /home/whoweare/korea.do HTTP/1.1" 200 43261
73.110.110.223 - - [20/Apr/2020:02:03:59 +0900] "GET /home/whoweare/korea.do HTTP/1.1" 200 43261
73.110.110.223 - - [20/Apr/2020:02:04:06 +0900] "GET /home/whoweare/korea.do HTTP/1.1" 200 43261
73.110.110.223 - - [20/Apr/2020:02:04:17 +0900] "GET /home/whoweare/korea.do HTTP/1.1" 200 43261
73.110.110.223 - - [20/Apr/2020:02:04:38 +0900] "GET /home/whoweare/korea.do HTTP/1.1" 200 43261
73.110.110.223 - - [20/Apr/2020:02:04:48 +0900] "GET /home/whoweare/korea.do HTTP/1.1" 200 43261
73.110.110.223 - - [20/Apr/2020:02:04:55 +0900] "GET /home/whoweare/korea.do HTTP/1.1" 200 43261
73.110.110.223 - - [20/Apr/2020:02:05:12 +0900] "GET /home/whoweare/korea.do HTTP/1.1" 200 43261
66.249.79.61 - - [20/Apr/2020:02:08:32 +0900] "GET /error/kr/error.jsp HTTP/1.1" 500 3762
43.247.158.4 - - [20/Apr/2020:02:10:49 +0900] "GET /index.jsp HTTP/1.1" 302 -
43.247.158.4 - - [20/Apr/2020:02:10:49 +0900] "GET /home/en/main/main.do HTTP/1.1" 200 11542
43.247.158.4 - - [20/Apr/2020:02:11:44 +0900] "GET /home/en/watwedo/overview.do HTTP/1.1" 200 6218
144.34.144.200 - - [20/Apr/2020:02:14:24 +0900] "GET /error/kr/error.jsp HTTP/1.1" 500 3570
144.34.144.200 - - [20/Apr/2020:02:14:24 +0900] "GET /error/kr/error.jsp HTTP/1.1" 500 3570
144.34.144.200 - - [20/Apr/2020:02:14:24 +0900] "GET /error/kr/error.jsp HTTP/1.1" 500 3570
144.34.144.200 - - [20/Apr/2020:02:14:25 +0900] "GET /error/kr/error.jsp HTTP/1.1" 500 3570
144.34.144.200 - - [20/Apr/2020:02:14:25 +0900] "GET /error/kr/error.jsp HTTP/1.1" 500 3570
144.34.144.200 - - [20/Apr/2020:02:14:26 +0900] "GET /error/kr/error.jsp HTTP/1.1" 500 3570
144.34.144.200 - - [20/Apr/2020:02:14:26 +0900] "GET /error/kr/error.jsp HTTP/1.1" 500 3570
144.34.144.200 - - [20/Apr/2020:02:14:26 +0900] "GET /error/kr/error.jsp HTTP/1.1" 500 3570
144.34.144.200 - - [20/Apr/2020:02:14:27 +0900] "GET /index.jsp HTTP/1.1" 302 -
144.34.144.200 - - [20/Apr/2020:02:14:27 +0900] "GET /home/main/main.do HTTP/1.1" 200 14903
193.111.62.163 - - [20/Apr/2020:02:18:01 +0900] "GET /home/news/news/list.do HTTP/1.1" 200 7100
207.46.13.164 - - [20/Apr/2020:02:33:24 +0900] "GET /index.jsp HTTP/1.1" 302 -
162.243.133.68 - - [20/Apr/2020:02:37:00 +0900] "GET /error/kr/error.jsp HTTP/1.1" 500 3570
66.249.79.140 - - [20/Apr/2020:02:39:07 +0900] "GET /error/kr/error.jsp HTTP/1.1" 500 3570
91.240.109.1 - - [20/Apr/2020:02:42:47 +0900] "GET /index.jsp HTTP/1.1" 302 -
91.240.109.1 - - [20/Apr/2020:02:42:47 +0900] "GET /home/main/main.do HTTP/1.1" 200 14903
144.76.162.206 - - [20/Apr/2020:02:43:42 +0900] "GET /home/en/whoweare/korea.do HTTP/1.1" 200 29641
37.1.218.187 - - [20/Apr/2020:02:51:53 +0900] "GET /error/kr/error.jsp HTTP/1.1" 500 3570
66.249.79.140 - - [20/Apr/2020:02:53:07 +0900] "GET /error/kr/error.jsp HTTP/1.1" 500 3570
129.204.24.99 - - [20/Apr/2020:02:58:05 +0900] "GET /error/kr/error.jsp HTTP/1.1" 500 3570
129.204.24.99 - - [20/Apr/2020:02:58:37 +0900] "HEAD /index.jsp?s=www.guangdongymce.cn HTTP/1.1" 302 -
129.204.24.99 - - [20/Apr/2020:02:58:38 +0900] "HEAD /home/main/main.do HTTP/1.1" 200 -
66.249.79.140 - - [20/Apr/2020:02:59:07 +0900] "GET /error/kr/error.jsp HTTP/1.1" 500 3570
149.100.187.65 - - [20/Apr/2020:03:04:51 +0900] "GET /error/kr/error.jsp HTTP/1.1" 500 3570
38.128.157.107 - - [20/Apr/2020:03:04:52 +0900] "GET /index.jsp HTTP/1.1" 302 -
38.128.157.107 - - [20/Apr/2020:03:04:52 +0900] "GET /home/main/main.do HTTP/1.1" 200 14903
17.58.96.118 - - [20/Apr/2020:03:04:54 +0900] "GET /home/about/about.do HTTP/1.1" 200 14667
38.93.172.35 - - [20/Apr/2020:03:05:03 +0900] "GET /home/watwedo/overview.do HTTP/1.1" 200 6276
38.96.28.70 - - [20/Apr/2020:03:05:03 +0900] "GET /home/about/about.do HTTP/1.1" 200 14667
199.188.118.143 - - [20/Apr/2020:03:05:03 +0900] "GET /home/en/main/main.do HTTP/1.1" 200 11542
23.252.240.36 - - [20/Apr/2020:03:05:03 +0900] "GET /home/news/news/view.do?page=1&num=20 HTTP/1.1" 200 8973
23.252.240.152 - - [20/Apr/2020:03:05:03 +0900] "GET /home/main/main.do HTTP/1.1" 200 14903
104.239.0.82 - - [20/Apr/2020:03:05:03 +0900] "GET /home/contact/contact.do HTTP/1.1" 200 5224
104.239.4.157 - - [20/Apr/2020:03:05:03 +0900] "GET /home/meetourpartners/all.do HTTP/1.1" 200 101569
104.239.6.14 - - [20/Apr/2020:03:05:03 +0900] "GET /home/news/news/view.do?num=3 HTTP/1.1" 200 5573
38.135.200.8 - - [20/Apr/2020:03:05:04 +0900] "GET /home/watwedo/philosophy.do HTTP/1.1" 200 7162
66.249.79.140 - - [20/Apr/2020:03:08:56 +0900] "GET /error/kr/error.jsp HTTP/1.1" 500 3570
13.56.77.194 - - [20/Apr/2020:03:10:29 +0900] "GET /index.jsp HTTP/1.1" 302 -
13.56.77.194 - - [20/Apr/2020:03:10:30 +0900] "GET /home/en/main/main.do HTTP/1.1" 200 11542
66.249.79.61 - - [20/Apr/2020:03:12:35 +0900] "GET /error/kr/error.jsp HTTP/1.1" 500 3762
193.111.62.163 - - [20/Apr/2020:03:14:20 +0900] "GET /home/news/news/list.do HTTP/1.1" 200 7100
207.46.13.10 - - [20/Apr/2020:03:18:26 +0900] "GET /home/news/news/view.do?page=2&num=15 HTTP/1.1" 200 9181
66.249.79.140 - - [20/Apr/2020:03:36:13 +0900] "GET /error/kr/error.jsp HTTP/1.1" 500 3570
66.249.79.38 - - [20/Apr/2020:03:45:22 +0900] "GET /error/kr/error.jsp HTTP/1.1" 500 3762
185.232.65.235 - - [20/Apr/2020:03:47:53 +0900] "GET /index.jsp HTTP/1.1" 302 -
66.249.79.140 - - [20/Apr/2020:03:49:22 +0900] "GET /error/kr/error.jsp HTTP/1.1" 500 3570
129.204.24.99 - - [20/Apr/2020:03:58:30 +0900] "GET /error/kr/error.jsp HTTP/1.1" 500 3570
129.204.24.99 - - [20/Apr/2020:03:59:01 +0900] "HEAD /index.jsp?s=www.guangdongymcf.cn HTTP/1.1" 302 -
129.204.24.99 - - [20/Apr/2020:03:59:01 +0900] "HEAD /home/main/main.do HTTP/1.1" 200 -
66.249.79.140 - - [20/Apr/2020:03:59:45 +0900] "GET /error/kr/error.jsp HTTP/1.1" 500 3570
207.46.13.215 - - [20/Apr/2020:04:09:01 +0900] "GET /error/kr/error.jsp HTTP/1.1" 500 3570
207.46.13.215 - - [20/Apr/2020:04:09:01 +0900] "GET /error/kr/error.jsp HTTP/1.1" 500 3570
66.249.79.38 - - [20/Apr/2020:04:09:46 +0900] "GET /error/kr/error.jsp HTTP/1.1" 500 3762
207.46.13.215 - - [20/Apr/2020:04:11:00 +0900] "GET /error/kr/error.jsp HTTP/1.1" 500 3570
124.192.225.214 - - [20/Apr/2020:04:11:57 +0900] "GET /index.jsp HTTP/1.1" 302 -
66.249.79.144 - - [20/Apr/2020:04:13:51 +0900] "GET /error/kr/error.jsp HTTP/1.1" 500 3570
193.111.62.163 - - [20/Apr/2020:04:16:22 +0900] "GET /home/news/news/list.do HTTP/1.1" 200 7100
157.55.39.25 - - [20/Apr/2020:04:17:28 +0900] "GET /error/kr/error.jsp HTTP/1.1" 500 3570
207.46.13.10 - - [20/Apr/2020:04:17:32 +0900] "GET /home/en/main/main.do HTTP/1.1" 200 11542
66.249.79.142 - - [20/Apr/2020:04:29:42 +0900] "GET /error/kr/error.jsp HTTP/1.1" 500 3570
66.249.79.140 - - [20/Apr/2020:04:39:31 +0900] "GET /error/kr/error.jsp HTTP/1.1" 500 3570
119.207.72.70 - - [20/Apr/2020:04:40:59 +0900] "GET /home/meetourpartners/all.do HTTP/1.1" 200 101569
119.207.72.76 - - [20/Apr/2020:04:41:03 +0900] "GET /home/meetourpartners/all.do HTTP/1.1" 200 101569
17.58.102.54 - - [20/Apr/2020:04:43:09 +0900] "GET /error/kr/error.jsp HTTP/1.1" 500 3570
17.58.96.118 - - [20/Apr/2020:04:43:09 +0900] "GET /home/whoweare/korea.do HTTP/1.1" 200 29677
157.55.39.25 - - [20/Apr/2020:04:57:46 +0900] "GET /error/kr/error.jsp HTTP/1.1" 500 3570
157.55.39.79 - - [20/Apr/2020:04:57:48 +0900] "GET /error/kr/error.jsp HTTP/1.1" 500 3570
129.204.24.99 - - [20/Apr/2020:04:58:57 +0900] "GET /error/kr/error.jsp HTTP/1.1" 500 3570
66.249.79.140 - - [20/Apr/2020:04:59:02 +0900] "GET /error/kr/error.jsp HTTP/1.1" 500 3570
207.46.13.10 - - [20/Apr/2020:04:59:21 +0900] "GET /home/meetourpartners/overseas.do HTTP/1.1" 200 32620
129.204.24.99 - - [20/Apr/2020:04:59:29 +0900] "HEAD /index.jsp?s=www.guangdongymcg.cn HTTP/1.1" 302 -
129.204.24.99 - - [20/Apr/2020:04:59:29 +0900] "HEAD /home/main/main.do HTTP/1.1" 200 -
66.249.79.140 - - [20/Apr/2020:05:09:05 +0900] "GET /error/kr/error.jsp HTTP/1.1" 500 3570
207.46.13.164 - - [20/Apr/2020:05:09:27 +0900] "GET /index.jsp HTTP/1.1" 302 -
207.46.13.10 - - [20/Apr/2020:05:17:12 +0900] "GET /home/main/main.do HTTP/1.1" 200 14903
157.55.39.15 - - [20/Apr/2020:05:17:29 +0900] "GET /error/kr/error.jsp HTTP/1.1" 500 3762
207.46.13.10 - - [20/Apr/2020:05:17:34 +0900] "GET /home/news/news/view.do?num=1 HTTP/1.1" 200 75163
66.249.79.126 - - [20/Apr/2020:05:19:12 +0900] "GET /error/kr/error.jsp HTTP/1.1" 500 3570
193.111.62.163 - - [20/Apr/2020:05:24:53 +0900] "GET /home/news/news/list.do HTTP/1.1" 200 7100
66.249.79.140 - - [20/Apr/2020:05:29:30 +0900] "GET /error/kr/error.jsp HTTP/1.1" 500 3570
66.249.79.140 - - [20/Apr/2020:05:33:54 +0900] "GET /error/kr/error.jsp HTTP/1.1" 500 3570
66.249.79.140 - - [20/Apr/2020:05:39:23 +0900] "GET /error/kr/error.jsp HTTP/1.1" 500 3570
217.160.172.182 - - [20/Apr/2020:05:40:05 +0900] "GET /error/kr/error.jsp HTTP/1.1" 500 3570
217.160.172.182 - - [20/Apr/2020:05:40:19 +0900] "GET /error/kr/error.jsp HTTP/1.1" 500 3570
217.160.172.182 - - [20/Apr/2020:05:40:42 +0900] "GET /error/kr/error.jsp HTTP/1.1" 500 3570
217.160.172.182 - - [20/Apr/2020:05:41:14 +0900] "GET /error/kr/error.jsp HTTP/1.1" 500 3570
217.160.172.182 - - [20/Apr/2020:05:41:40 +0900] "GET /error/kr/error.jsp HTTP/1.1" 500 3570
217.160.172.182 - - [20/Apr/2020:05:42:05 +0900] "GET /error/kr/error.jsp HTTP/1.1" 500 3570
217.160.172.182 - - [20/Apr/2020:05:42:31 +0900] "GET /index.jsp HTTP/1.1" 302 -
217.160.172.182 - - [20/Apr/2020:05:42:57 +0900] "GET /error/kr/error.jsp HTTP/1.1" 500 3570
146.148.71.108 - - [20/Apr/2020:05:47:49 +0900] "GET /index.jsp HTTP/1.1" 302 -
146.148.71.108 - - [20/Apr/2020:05:47:49 +0900] "GET /home/en/main/main.do HTTP/1.1" 200 11542
66.249.79.140 - - [20/Apr/2020:05:49:34 +0900] "GET /error/kr/error.jsp HTTP/1.1" 500 3570
178.254.24.86 - - [20/Apr/2020:05:56:37 +0900] "GET /error/kr/error.jsp HTTP/1.1" 500 3570
207.46.13.10 - - [20/Apr/2020:05:56:50 +0900] "GET /home/en/about/about.do HTTP/1.1" 200 17199
177.105.238.61 - - [20/Apr/2020:05:57:50 +0900] "GET /index.jsp HTTP/1.1" 302 -
129.204.24.99 - - [20/Apr/2020:05:59:13 +0900] "GET /error/kr/error.jsp HTTP/1.1" 500 3570
66.249.79.140 - - [20/Apr/2020:05:59:37 +0900] "GET /error/kr/error.jsp HTTP/1.1" 500 3570
129.204.24.99 - - [20/Apr/2020:05:59:38 +0900] "HEAD /index.jsp?s=www.guangdongymch.cn HTTP/1.1" 302 -
129.204.24.99 - - [20/Apr/2020:05:59:38 +0900] "HEAD /home/main/main.do HTTP/1.1" 200 -
66.249.79.38 - - [20/Apr/2020:06:09:23 +0900] "GET /error/kr/error.jsp HTTP/1.1" 500 3762
66.249.79.140 - - [20/Apr/2020:06:09:24 +0900] "GET /error/kr/error.jsp HTTP/1.1" 500 3570
193.111.62.163 - - [20/Apr/2020:06:18:04 +0900] "GET /home/news/news/list.do HTTP/1.1" 200 7100
66.249.79.140 - - [20/Apr/2020:06:19:26 +0900] "GET /error/kr/error.jsp HTTP/1.1" 500 3570
74.125.212.19 - - [20/Apr/2020:06:22:57 +0900] "GET /index.jsp HTTP/1.1" 302 -
74.125.212.15 - - [20/Apr/2020:06:22:58 +0900] "GET /home/main/main.do HTTP/1.1" 200 14903
157.55.39.25 - - [20/Apr/2020:06:25:33 +0900] "GET /error/kr/error.jsp HTTP/1.1" 500 3570
207.46.13.164 - - [20/Apr/2020:06:25:39 +0900] "GET /error/kr/error.jsp HTTP/1.1" 500 3570
66.249.79.140 - - [20/Apr/2020:06:30:01 +0900] "GET /error/kr/error.jsp HTTP/1.1" 500 3570
121.254.147.237 - - [20/Apr/2020:06:30:17 +0900] "GET /index.jsp HTTP/1.1" 302 -
121.254.147.237 - - [20/Apr/2020:06:30:17 +0900] "GET /home/en/main/main.do HTTP/1.1" 200 11542
157.55.39.79 - - [20/Apr/2020:06:31:03 +0900] "GET /home/en/whoweare/korea.do HTTP/1.1" 200 43296
119.207.72.158 - - [20/Apr/2020:06:36:29 +0900] "GET /index.jsp HTTP/1.1" 302 -
119.207.72.158 - - [20/Apr/2020:06:36:29 +0900] "GET /home/main/main.do HTTP/1.1" 200 14903
207.46.13.164 - - [20/Apr/2020:06:37:55 +0900] "GET /home/about/about.do HTTP/1.1" 200 14667
66.249.79.140 - - [20/Apr/2020:06:40:01 +0900] "GET /error/kr/error.jsp HTTP/1.1" 500 3570
207.46.13.10 - - [20/Apr/2020:06:42:15 +0900] "GET /error/kr/error.jsp HTTP/1.1" 500 3570
66.249.79.61 - - [20/Apr/2020:06:49:52 +0900] "GET /error/kr/error.jsp HTTP/1.1" 500 3762
159.255.160.226 - - [20/Apr/2020:06:51:17 +0900] "GET /index.jsp HTTP/1.1" 302 -
129.204.24.99 - - [20/Apr/2020:06:59:11 +0900] "GET /error/kr/error.jsp HTTP/1.1" 500 3570
66.249.79.96 - - [20/Apr/2020:06:59:51 +0900] "GET /error/kr/error.jsp HTTP/1.1" 500 3570
66.249.79.142 - - [20/Apr/2020:07:07:34 +0900] "GET /error/kr/error.jsp HTTP/1.1" 500 3570
38.99.62.91 - - [20/Apr/2020:07:11:37 +0900] "GET /home/about/about.do HTTP/1.1" 200 14667
38.99.62.91 - - [20/Apr/2020:07:12:16 +0900] "GET /home/news/news/list.do?page= HTTP/1.1" 200 7100
38.99.62.91 - - [20/Apr/2020:07:12:56 +0900] "GET /home/news/news/view.do?page=1&num=1 HTTP/1.1" 200 8973
199.188.118.187 - - [20/Apr/2020:07:13:05 +0900] "GET /home/news/news/list.do HTTP/1.1" 200 7100
38.99.62.91 - - [20/Apr/2020:07:13:35 +0900] "GET /home/news/news/view.do?page=1&num=2 HTTP/1.1" 200 6977
38.99.62.91 - - [20/Apr/2020:07:14:01 +0900] "GET /home/en/meetourpartners/all.do HTTP/1.1" 200 95227
38.99.62.91 - - [20/Apr/2020:07:14:26 +0900] "GET /home/news/news/view.do?page=1&num=3 HTTP/1.1" 200 5576
38.99.62.91 - - [20/Apr/2020:07:14:52 +0900] "GET /home/meetourpartners/all.do HTTP/1.1" 200 101569
38.99.62.91 - - [20/Apr/2020:07:15:32 +0900] "GET /home/meetourpartners/all.do HTTP/1.1" 200 101569
38.99.62.91 - - [20/Apr/2020:07:15:57 +0900] "GET /home/news/news/view.do?page=1&num=4 HTTP/1.1" 200 9123
38.99.62.91 - - [20/Apr/2020:07:16:22 +0900] "GET /home/meetourpartners/all.do HTTP/1.1" 200 101569
193.111.62.163 - - [20/Apr/2020:07:17:01 +0900] "GET /home/news/news/list.do HTTP/1.1" 200 7100
38.99.62.91 - - [20/Apr/2020:07:17:02 +0900] "GET /home/meetourpartners/all.do HTTP/1.1" 200 101569
38.99.62.91 - - [20/Apr/2020:07:17:41 +0900] "GET /home/news/news/view.do?page=1&num=5 HTTP/1.1" 200 9112
38.99.62.91 - - [20/Apr/2020:07:18:21 +0900] "GET /home/news/news/view.do?page=1&num=6 HTTP/1.1" 200 9121
38.99.62.91 - - [20/Apr/2020:07:18:46 +0900] "GET /home/news/news/view.do?page=1&num=7 HTTP/1.1" 200 5548
38.99.62.91 - - [20/Apr/2020:07:19:26 +0900] "GET /home/news/news/view.do?page=1&num=8 HTTP/1.1" 200 9169
66.249.79.140 - - [20/Apr/2020:07:19:56 +0900] "GET /error/kr/error.jsp HTTP/1.1" 500 3570
38.99.62.91 - - [20/Apr/2020:07:20:45 +0900] "GET /home/en/meetourpartners/all.do HTTP/1.1" 200 95227
178.137.88.65 - - [20/Apr/2020:07:21:18 +0900] "GET /index.jsp HTTP/1.1" 302 -
178.137.88.65 - - [20/Apr/2020:07:21:18 +0900] "GET /index.jsp HTTP/1.1" 302 -
178.137.88.65 - - [20/Apr/2020:07:21:18 +0900] "GET /error/kr/error.jsp HTTP/1.1" 500 3570
178.137.88.65 - - [20/Apr/2020:07:21:19 +0900] "GET /error/kr/error.jsp HTTP/1.1" 500 3570
178.137.88.65 - - [20/Apr/2020:07:21:20 +0900] "GET /index.jsp HTTP/1.1" 302 -
178.137.88.65 - - [20/Apr/2020:07:21:20 +0900] "GET /error/kr/error.jsp HTTP/1.1" 500 3570
178.137.88.65 - - [20/Apr/2020:07:21:21 +0900] "GET /error/kr/error.jsp HTTP/1.1" 500 3570
178.137.88.65 - - [20/Apr/2020:07:21:22 +0900] "GET /error/kr/error.jsp HTTP/1.1" 500 3570
178.137.88.65 - - [20/Apr/2020:07:21:24 +0900] "GET /error/kr/error.jsp HTTP/1.1" 500 3570
38.99.62.91 - - [20/Apr/2020:07:21:24 +0900] "GET /home/news/news/view.do?page=1&num=8 HTTP/1.1" 200 9169
178.137.88.65 - - [20/Apr/2020:07:21:25 +0900] "GET /error/kr/error.jsp HTTP/1.1" 500 3570
178.137.88.65 - - [20/Apr/2020:07:21:27 +0900] "GET /error/kr/error.jsp HTTP/1.1" 500 3570
178.137.88.65 - - [20/Apr/2020:07:21:27 +0900] "GET /error/kr/error.jsp HTTP/1.1" 500 3570
178.137.88.65 - - [20/Apr/2020:07:21:28 +0900] "GET /error/kr/error.jsp HTTP/1.1" 500 3570
178.137.88.65 - - [20/Apr/2020:07:21:29 +0900] "GET /error/kr/error.jsp HTTP/1.1" 500 3570
178.137.88.65 - - [20/Apr/2020:07:21:29 +0900] "GET /error/kr/error.jsp HTTP/1.1" 500 3570
178.137.88.65 - - [20/Apr/2020:07:21:30 +0900] "GET /error/kr/error.jsp HTTP/1.1" 500 3570
178.137.88.65 - - [20/Apr/2020:07:21:34 +0900] "GET /error/kr/error.jsp HTTP/1.1" 500 3570
178.137.88.65 - - [20/Apr/2020:07:21:34 +0900] "GET /error/kr/error.jsp HTTP/1.1" 500 3570
178.137.88.65 - - [20/Apr/2020:07:21:35 +0900] "GET /error/kr/error.jsp HTTP/1.1" 500 3570
178.137.88.65 - - [20/Apr/2020:07:21:39 +0900] "GET /error/kr/error.jsp HTTP/1.1" 500 3570
178.137.88.65 - - [20/Apr/2020:07:21:39 +0900] "GET /error/kr/error.jsp HTTP/1.1" 500 3570
38.99.62.91 - - [20/Apr/2020:07:22:04 +0900] "GET /home/meetourpartners/all.do HTTP/1.1" 200 101569
17.58.96.118 - - [20/Apr/2020:07:23:19 +0900] "GET /home/en/main/main.do HTTP/1.1" 200 11542
38.99.62.91 - - [20/Apr/2020:07:23:22 +0900] "GET /home/news/news/view.do?page=1&num=9 HTTP/1.1" 200 9135
38.99.62.91 - - [20/Apr/2020:07:25:06 +0900] "GET /home/news/news/view.do?page=1&num=10 HTTP/1.1" 200 6756
38.99.62.91 - - [20/Apr/2020:07:25:56 +0900] "GET /home/news/news/view.do?page=1&num=11 HTTP/1.1" 200 5548
103.212.90.30 - - [20/Apr/2020:07:26:23 +0900] "GET /index.jsp HTTP/1.1" 302 -
38.99.62.91 - - [20/Apr/2020:07:26:36 +0900] "GET /home/news/news/view.do?page=1&num=10 HTTP/1.1" 200 6756
207.46.13.215 - - [20/Apr/2020:07:27:07 +0900] "GET /home/news/news/list.do?page=1 HTTP/1.1" 200 7100
38.99.62.91 - - [20/Apr/2020:07:27:16 +0900] "GET /home/en/meetourpartners/all.do HTTP/1.1" 200 95227
38.99.62.91 - - [20/Apr/2020:07:27:55 +0900] "GET /home/news/news/view.do?page=1&num=11 HTTP/1.1" 200 5548
38.99.62.91 - - [20/Apr/2020:07:28:20 +0900] "GET /home/news/news/view.do?page=1&num=12 HTTP/1.1" 200 9083
111.231.81.165 - - [20/Apr/2020:07:28:23 +0900] "GET /error/kr/error.jsp HTTP/1.1" 500 3570
38.99.62.91 - - [20/Apr/2020:07:28:52 +0900] "GET /home/meetourpartners/all.do HTTP/1.1" 200 101569
111.231.81.165 - - [20/Apr/2020:07:29:02 +0900] "HEAD /index.jsp?s=guangdongymcm.cn HTTP/1.1" 302 -
111.231.81.165 - - [20/Apr/2020:07:29:02 +0900] "HEAD /home/main/main.do HTTP/1.1" 200 -
42.123.77.121 - - [20/Apr/2020:07:29:18 +0900] "GET /error/kr/error.jsp HTTP/1.1" 500 3570
38.99.62.91 - - [20/Apr/2020:07:29:32 +0900] "GET /home/news/news/view.do?page=1&num=11 HTTP/1.1" 200 5548
66.249.79.140 - - [20/Apr/2020:07:29:55 +0900] "GET /error/kr/error.jsp HTTP/1.1" 500 3570
38.99.62.91 - - [20/Apr/2020:07:30:11 +0900] "GET /home/news/news/view.do?page=1&num=12 HTTP/1.1" 200 9083
38.99.62.91 - - [20/Apr/2020:07:30:51 +0900] "GET /home/news/news/view.do?page=1&num=13 HTTP/1.1" 200 9159
38.99.62.91 - - [20/Apr/2020:07:31:51 +0900] "GET /home/news/news/view.do?page=1&num=12 HTTP/1.1" 200 9083
38.99.62.91 - - [20/Apr/2020:07:32:31 +0900] "GET /home/en/meetourpartners/all.do HTTP/1.1" 200 95227
38.99.62.91 - - [20/Apr/2020:07:33:11 +0900] "GET /home/news/news/view.do?page=1&num=13 HTTP/1.1" 200 9159
38.99.62.91 - - [20/Apr/2020:07:33:50 +0900] "GET /home/news/news/view.do?page=1&num=14 HTTP/1.1" 200 6736
38.99.62.91 - - [20/Apr/2020:07:34:30 +0900] "GET /home/meetourpartners/all.do HTTP/1.1" 200 101569
38.99.62.91 - - [20/Apr/2020:07:35:09 +0900] "GET /home/news/news/view.do?page=1&num=13 HTTP/1.1" 200 9159
113.118.119.20 - - [20/Apr/2020:07:35:16 +0900] "GET /error/kr/error.jsp HTTP/1.1" 500 3570
38.99.62.91 - - [20/Apr/2020:07:35:35 +0900] "GET /home/news/news/view.do?page=1&num=14 HTTP/1.1" 200 6736
38.99.62.91 - - [20/Apr/2020:07:36:15 +0900] "GET /home/meetourpartners/all.do HTTP/1.1" 200 101569
38.99.62.91 - - [20/Apr/2020:07:36:54 +0900] "GET /home/news/news/view.do?page=1&num=15 HTTP/1.1" 200 9181
38.99.62.91 - - [20/Apr/2020:07:37:34 +0900] "GET /home/news/news/view.do?page=1&num=14 HTTP/1.1" 200 6736
38.99.62.91 - - [20/Apr/2020:07:38:13 +0900] "GET /home/en/meetourpartners/all.do HTTP/1.1" 200 95227
38.99.62.91 - - [20/Apr/2020:07:38:53 +0900] "GET /home/news/news/view.do?page=1&num=15 HTTP/1.1" 200 9181
38.99.62.91 - - [20/Apr/2020:07:39:32 +0900] "GET /home/news/news/view.do?page=1&num=16 HTTP/1.1" 200 5666
66.249.79.140 - - [20/Apr/2020:07:39:56 +0900] "GET /error/kr/error.jsp HTTP/1.1" 500 3570
38.99.62.91 - - [20/Apr/2020:07:40:12 +0900] "GET /home/news/news/view.do?page=1&num=15 HTTP/1.1" 200 9181
38.99.62.91 - - [20/Apr/2020:07:40:51 +0900] "GET /home/news/news/view.do?page=1&num=16 HTTP/1.1" 200 5666
38.99.62.91 - - [20/Apr/2020:07:41:31 +0900] "GET /home/news/news/view.do?page=1&num=17 HTTP/1.1" 200 5761
38.99.62.91 - - [20/Apr/2020:07:42:10 +0900] "GET /home/news/news/view.do?page=1&num=16 HTTP/1.1" 200 5666
38.99.62.91 - - [20/Apr/2020:07:42:50 +0900] "GET /home/news/news/view.do?page=1&num=17 HTTP/1.1" 200 5761
38.99.62.91 - - [20/Apr/2020:07:43:29 +0900] "GET /home/news/news/view.do?page=1&num=18 HTTP/1.1" 200 9137
38.99.62.91 - - [20/Apr/2020:07:44:09 +0900] "GET /home/en/meetourpartners/all.do HTTP/1.1" 200 95227
38.99.62.91 - - [20/Apr/2020:07:45:28 +0900] "GET /home/news/news/view.do?page=1&num=18 HTTP/1.1" 200 9137
207.46.13.10 - - [20/Apr/2020:07:46:03 +0900] "GET /error/kr/error.jsp HTTP/1.1" 500 3570
38.99.62.91 - - [20/Apr/2020:07:46:07 +0900] "GET /home/news/news/view.do?page=1&num=19 HTTP/1.1" 200 6164
38.99.62.91 - - [20/Apr/2020:07:46:47 +0900] "GET /home/news/news/view.do?page=1&num=18 HTTP/1.1" 200 9137
38.99.62.91 - - [20/Apr/2020:07:47:27 +0900] "GET /home/news/news/view.do?page=1&num=19 HTTP/1.1" 200 6164
157.55.39.79 - - [20/Apr/2020:07:48:44 +0900] "GET /error/kr/error.jsp HTTP/1.1" 500 3570
38.99.62.91 - - [20/Apr/2020:07:48:45 +0900] "GET /home/news/news/view.do?page=1&num=17 HTTP/1.1" 200 5761
38.99.62.91 - - [20/Apr/2020:07:49:25 +0900] "GET /home/en/meetourpartners/all.do HTTP/1.1" 200 95227
66.249.79.140 - - [20/Apr/2020:07:49:59 +0900] "GET /error/kr/error.jsp HTTP/1.1" 500 3570
38.99.62.91 - - [20/Apr/2020:07:50:04 +0900] "GET /home/news/news/list.do?page=1 HTTP/1.1" 200 7100
38.99.62.91 - - [20/Apr/2020:07:51:23 +0900] "GET /home/en/meetourpartners/all.do HTTP/1.1" 200 95227
38.99.62.91 - - [20/Apr/2020:07:51:48 +0900] "GET /home/news/news/list.do?page=1 HTTP/1.1" 200 7100
38.99.62.91 - - [20/Apr/2020:07:52:28 +0900] "GET /home/news/news/list.do?page=2 HTTP/1.1" 200 7127
38.99.62.91 - - [20/Apr/2020:07:53:07 +0900] "GET /home/news/news/list.do?page= HTTP/1.1" 200 7100
38.99.62.91 - - [20/Apr/2020:07:53:47 +0900] "GET /home/en/meetourpartners/all.do HTTP/1.1" 200 95227
38.99.62.91 - - [20/Apr/2020:07:55:05 +0900] "GET /home/news/news/view.do?page=&num=3 HTTP/1.1" 200 5573
38.99.62.91 - - [20/Apr/2020:07:55:45 +0900] "GET /home/news/news/view.do?page=&num=4 HTTP/1.1" 200 9120
38.99.62.91 - - [20/Apr/2020:07:56:24 +0900] "GET /home/news/news/view.do?page=&num=3 HTTP/1.1" 200 5573
38.99.62.91 - - [20/Apr/2020:07:57:04 +0900] "GET /home/en/meetourpartners/all.do HTTP/1.1" 200 95227
38.99.62.91 - - [20/Apr/2020:07:57:44 +0900] "GET /home/news/news/view.do?page=&num=1 HTTP/1.1" 200 8971
207.46.13.215 - - [20/Apr/2020:07:58:09 +0900] "GET /home/news/news/view.do?page=1&num=9 HTTP/1.1" 200 9135
38.99.62.91 - - [20/Apr/2020:07:59:02 +0900] "GET /error/kr/error.jsp HTTP/1.1" 500 3570
129.204.24.99 - - [20/Apr/2020:07:59:58 +0900] "HEAD /index.jsp?s=www.guangdongymcj.cn HTTP/1.1" 302 -
129.204.24.99 - - [20/Apr/2020:07:59:59 +0900] "HEAD /home/main/main.do HTTP/1.1" 200 -
38.99.62.91 - - [20/Apr/2020:08:00:21 +0900] "GET /home/en/watwedo/history.do HTTP/1.1" 200 10815
66.249.79.38 - - [20/Apr/2020:08:00:34 +0900] "GET /error/kr/error.jsp HTTP/1.1" 500 3762
38.99.62.91 - - [20/Apr/2020:08:01:01 +0900] "GET /home/meetourpartners/all.do HTTP/1.1" 200 101569
38.99.62.91 - - [20/Apr/2020:08:01:40 +0900] "GET /home/en/watwedo/history.do HTTP/1.1" 200 10815
38.99.62.91 - - [20/Apr/2020:08:02:19 +0900] "GET /home/en/whoweare/china.do HTTP/1.1" 200 10353
38.99.62.91 - - [20/Apr/2020:08:03:38 +0900] "GET /home/en/main/main.do HTTP/1.1" 200 11542
178.213.187.246 - - [20/Apr/2020:08:04:12 +0900] "GET /index.jsp HTTP/1.1" 302 -
178.213.187.246 - - [20/Apr/2020:08:04:12 +0900] "GET /home/en/main/main.do HTTP/1.1" 200 11542
38.99.62.91 - - [20/Apr/2020:08:04:17 +0900] "GET /home/en/watwedo/overview.do HTTP/1.1" 200 6218
38.99.62.91 - - [20/Apr/2020:08:04:57 +0900] "GET /home/en/whoweare/korea.do HTTP/1.1" 200 29641
38.99.62.91 - - [20/Apr/2020:08:05:37 +0900] "GET /home/meetourpartners/all.do HTTP/1.1" 200 101569
38.99.62.91 - - [20/Apr/2020:08:06:16 +0900] "GET /home/en/contact/contact.do HTTP/1.1" 200 5187
38.99.62.91 - - [20/Apr/2020:08:06:57 +0900] "GET /home/en/about/about.do HTTP/1.1" 200 16228
38.99.62.91 - - [20/Apr/2020:08:07:36 +0900] "GET /home/en/main/main.do HTTP/1.1" 200 11542
38.99.62.91 - - [20/Apr/2020:08:08:41 +0900] "GET /home/en/watwedo/philosophy.do HTTP/1.1" 200 7112
38.99.62.91 - - [20/Apr/2020:08:09:20 +0900] "GET /home/en/main/main.do HTTP/1.1" 200 11542
38.99.62.91 - - [20/Apr/2020:08:10:00 +0900] "GET /home/watwedo/overview.do HTTP/1.1" 200 6276
38.99.62.91 - - [20/Apr/2020:08:10:39 +0900] "GET /home/watwedo/history.do HTTP/1.1" 200 10890
38.99.62.91 - - [20/Apr/2020:08:11:19 +0900] "GET /home/meetourpartners/all.do HTTP/1.1" 200 101569
38.99.62.91 - - [20/Apr/2020:08:11:59 +0900] "GET /home/watwedo/overview.do HTTP/1.1" 200 6276
193.111.62.163 - - [20/Apr/2020:08:14:19 +0900] "GET /home/news/news/list.do HTTP/1.1" 200 7100
157.55.39.15 - - [20/Apr/2020:08:22:33 +0900] "GET /error/kr/error.jsp HTTP/1.1" 500 3762
207.46.13.163 - - [20/Apr/2020:08:22:39 +0900] "GET /home/watwedo/overview.do HTTP/1.1" 200 7207
207.46.13.163 - - [20/Apr/2020:08:22:48 +0900] "GET /error/kr/error.jsp HTTP/1.1" 500 3762
207.46.13.163 - - [20/Apr/2020:08:22:48 +0900] "GET /error/kr/error.jsp HTTP/1.1" 500 3762
207.46.13.163 - - [20/Apr/2020:08:22:49 +0900] "GET /error/kr/error.jsp HTTP/1.1" 500 3762
207.46.13.163 - - [20/Apr/2020:08:22:49 +0900] "GET /error/kr/error.jsp HTTP/1.1" 500 3762
207.46.13.163 - - [20/Apr/2020:08:22:49 +0900] "GET /error/kr/error.jsp HTTP/1.1" 500 3762
207.46.13.163 - - [20/Apr/2020:08:22:49 +0900] "GET /error/kr/error.jsp HTTP/1.1" 500 3762
77.75.73.26 - - [20/Apr/2020:08:37:04 +0900] "GET /error/kr/error.jsp HTTP/1.1" 500 3570
77.75.73.26 - - [20/Apr/2020:08:37:08 +0900] "GET /error/kr/error.jsp HTTP/1.1" 500 3570
104.222.33.12 - - [20/Apr/2020:08:39:54 +0900] "GET /index.jsp HTTP/1.1" 302 -
104.222.33.12 - - [20/Apr/2020:08:39:54 +0900] "GET /home/en/main/main.do HTTP/1.1" 200 11542
159.89.125.245 - - [20/Apr/2020:08:42:47 +0900] "GET /error/kr/error.jsp HTTP/1.1" 500 3570
207.46.13.163 - - [20/Apr/2020:08:43:08 +0900] "GET /home/watwedo/overview.do HTTP/1.1" 200 7207
34.217.125.42 - - [20/Apr/2020:08:51:13 +0900] "GET /index.jsp HTTP/1.1" 302 -
34.217.125.42 - - [20/Apr/2020:08:51:13 +0900] "GET /home/main/main.do HTTP/1.1" 200 14903
5.101.0.209 - - [20/Apr/2020:08:53:50 +0900] "GET /error/kr/error.jsp HTTP/1.1" 500 3570
104.222.33.130 - - [20/Apr/2020:08:57:12 +0900] "GET /index.jsp HTTP/1.1" 302 -
104.222.33.130 - - [20/Apr/2020:08:57:13 +0900] "GET /home/en/main/main.do HTTP/1.1" 200 11542
129.204.24.99 - - [20/Apr/2020:08:59:36 +0900] "GET /error/kr/error.jsp HTTP/1.1" 500 3570
129.204.24.99 - - [20/Apr/2020:09:00:06 +0900] "HEAD /index.jsp?s=www.guangdongymck.cn HTTP/1.1" 302 -
129.204.24.99 - - [20/Apr/2020:09:00:06 +0900] "HEAD /home/main/main.do HTTP/1.1" 200 -
5.101.0.209 - - [20/Apr/2020:09:01:41 +0900] "GET /error/kr/error.jsp HTTP/1.1" 500 3570
110.12.129.124 - - [20/Apr/2020:09:03:30 +0900] "GET /index.jsp HTTP/1.1" 302 -
110.12.129.124 - - [20/Apr/2020:09:03:30 +0900] "GET /home/main/main.do HTTP/1.1" 302 -
110.12.129.124 - - [20/Apr/2020:09:03:30 +0900] "GET /home/main/main.do HTTP/1.1" 200 12006
110.12.129.124 - - [20/Apr/2020:09:03:31 +0900] "GET /error/kr/error.jsp HTTP/1.1" 500 3762
110.12.129.124 - - [20/Apr/2020:09:03:32 +0900] "GET /error/kr/error.jsp HTTP/1.1" 500 3762
110.12.129.124 - - [20/Apr/2020:09:03:35 +0900] "GET /home/watwedo/overview.do HTTP/1.1" 200 7207
110.12.129.124 - - [20/Apr/2020:09:03:36 +0900] "GET /home/main/main.do HTTP/1.1" 200 12006
110.12.129.124 - - [20/Apr/2020:09:03:37 +0900] "GET /error/kr/error.jsp HTTP/1.1" 500 3762
110.12.129.124 - - [20/Apr/2020:09:03:37 +0900] "GET /error/kr/error.jsp HTTP/1.1" 500 3762
185.74.36.1 - - [20/Apr/2020:09:04:38 +0900] "GET /index.jsp HTTP/1.1" 302 -
34.219.31.15 - - [20/Apr/2020:09:08:14 +0900] "GET /error/kr/error.jsp HTTP/1.1" 500 3570
18.237.81.173 - - [20/Apr/2020:09:08:18 +0900] "GET /error/kr/error.jsp HTTP/1.1" 500 3570
34.217.78.64 - - [20/Apr/2020:09:08:21 +0900] "GET /error/kr/error.jsp HTTP/1.1" 500 3570
35.239.58.193 - - [20/Apr/2020:09:08:50 +0900] "GET /error/kr/error.jsp HTTP/1.1" 500 3570
66.249.79.34 - - [20/Apr/2020:09:10:13 +0900] "GET /error/kr/error.jsp HTTP/1.1" 500 3762
185.181.165.65 - - [20/Apr/2020:09:14:18 +0900] "GET /error/kr/error.jsp HTTP/1.1" 500 3570
3.92.64.77 - - [20/Apr/2020:09:16:29 +0900] "GET /index.jsp HTTP/1.1" 302 -
3.92.64.77 - - [20/Apr/2020:09:16:29 +0900] "GET /home/main/main.do HTTP/1.1" 200 14903
5.101.0.209 - - [20/Apr/2020:09:18:50 +0900] "GET /index.jsp?a=fetch&content=<php>die(@md5(HelloThinkCMF))</php> HTTP/1.1" 302 -
5.101.0.209 - - [20/Apr/2020:09:18:51 +0900] "GET /home/main/main.do HTTP/1.1" 200 14903
5.101.0.209 - - [20/Apr/2020:09:19:01 +0900] "GET /index.jsp?XDEBUG_SESSION_START=phpstorm HTTP/1.1" 302 -
5.101.0.209 - - [20/Apr/2020:09:19:02 +0900] "GET /home/main/main.do HTTP/1.1" 200 14903
193.111.62.163 - - [20/Apr/2020:09:23:45 +0900] "GET /home/news/news/list.do HTTP/1.1" 200 7100
34.221.90.254 - - [20/Apr/2020:09:26:02 +0900] "GET /index.jsp HTTP/1.1" 302 -
34.221.90.254 - - [20/Apr/2020:09:26:02 +0900] "GET /home/main/main.do HTTP/1.1" 200 14903
114.202.208.196 - - [20/Apr/2020:09:26:11 +0900] "GET /index.jsp HTTP/1.1" 302 -
114.202.208.196 - - [20/Apr/2020:09:26:11 +0900] "GET /home/main/main.do HTTP/1.1" 200 14903
3.87.65.70 - - [20/Apr/2020:09:27:43 +0900] "GET /index.jsp HTTP/1.1" 302 -
3.87.65.70 - - [20/Apr/2020:09:27:43 +0900] "GET /home/en/main/main.do HTTP/1.1" 200 11542
3.87.65.70 - - [20/Apr/2020:09:27:45 +0900] "GET /error/kr/error.jsp HTTP/1.1" 500 3570
207.46.13.163 - - [20/Apr/2020:09:30:05 +0900] "GET /home/en/watwedo/overview.do HTTP/1.1" 200 6218
207.46.13.215 - - [20/Apr/2020:09:34:46 +0900] "GET /error/kr/error.jsp HTTP/1.1" 500 3570
183.81.152.82 - - [20/Apr/2020:09:38:15 +0900] "GET /home/en/contact/contact.do HTTP/1.0" 200 5187
213.172.91.53 - - [20/Apr/2020:09:38:17 +0900] "GET /home/en/contact/contact.do HTTP/1.0" 200 5187
220.130.167.59 - - [20/Apr/2020:09:38:25 +0900] "GET /home/en/about/about.do HTTP/1.0" 200 16228
220.130.167.59 - - [20/Apr/2020:09:38:27 +0900] "GET /home/en/meetourpartners/all.do HTTP/1.0" 200 95227
220.130.167.59 - - [20/Apr/2020:09:38:30 +0900] "GET /home/en/whoweare/korea.do HTTP/1.0" 200 29641
220.130.167.59 - - [20/Apr/2020:09:38:32 +0900] "GET /home/en/watwedo/overview.do HTTP/1.0" 200 6218
220.130.167.59 - - [20/Apr/2020:09:38:33 +0900] "GET /home/main/main.do HTTP/1.0" 200 14903
220.130.167.59 - - [20/Apr/2020:09:38:35 +0900] "GET /home/contact/contact.do HTTP/1.0" 200 5224
3.92.64.77 - - [20/Apr/2020:09:39:03 +0900] "GET /index.jsp HTTP/1.1" 302 -
3.92.64.77 - - [20/Apr/2020:09:39:04 +0900] "GET /home/main/main.do HTTP/1.1" 200 14903
95.163.255.18 - - [20/Apr/2020:09:46:29 +0900] "GET /error/kr/error.jsp HTTP/1.0" 500 3570
95.163.255.19 - - [20/Apr/2020:09:46:31 +0900] "GET /error/kr/error.jsp HTTP/1.1" 500 3570
66.249.79.144 - - [20/Apr/2020:09:50:35 +0900] "GET /error/kr/error.jsp HTTP/1.1" 500 3570
23.100.232.233 - - [20/Apr/2020:09:59:24 +0900] "GET /index.jsp HTTP/1.1" 302 -
23.100.232.233 - - [20/Apr/2020:09:59:24 +0900] "GET /home/en/main/main.do HTTP/1.1" 200 11542
129.204.24.99 - - [20/Apr/2020:09:59:48 +0900] "GET /error/kr/error.jsp HTTP/1.1" 500 3570
80.76.206.185 - - [20/Apr/2020:09:59:57 +0900] "GET /error/kr/error.jsp HTTP/1.1" 500 3570
80.76.206.185 - - [20/Apr/2020:09:59:58 +0900] "GET /error/kr/error.jsp HTTP/1.1" 500 3570
129.204.24.99 - - [20/Apr/2020:10:00:17 +0900] "HEAD /index.jsp?s=www.guangdongymcl.cn HTTP/1.1" 302 -
129.204.24.99 - - [20/Apr/2020:10:00:17 +0900] "HEAD /home/main/main.do HTTP/1.1" 200 -
66.249.79.126 - - [20/Apr/2020:10:05:30 +0900] "GET /error/kr/error.jsp HTTP/1.1" 500 3570
66.249.79.144 - - [20/Apr/2020:10:05:30 +0900] "GET /error/kr/error.jsp HTTP/1.1" 500 3570
116.252.3.128 - - [20/Apr/2020:10:08:09 +0900] "GET /error/kr/error.jsp HTTP/1.1" 500 3570
13.228.6.37 - - [20/Apr/2020:10:14:44 +0900] "GET /home/en/meetourpartners/all.do HTTP/1.1" 200 95227
66.249.79.142 - - [20/Apr/2020:10:21:07 +0900] "GET /error/kr/error.jsp HTTP/1.1" 500 3570
193.111.62.163 - - [20/Apr/2020:10:21:29 +0900] "GET /home/news/news/list.do HTTP/1.1" 200 7100
54.210.139.197 - - [20/Apr/2020:10:21:37 +0900] "GET /index.jsp HTTP/1.1" 302 -
54.210.139.197 - - [20/Apr/2020:10:21:37 +0900] "GET /home/en/main/main.do HTTP/1.1" 200 11542
54.210.139.197 - - [20/Apr/2020:10:21:40 +0900] "GET /error/kr/error.jsp HTTP/1.1" 500 3570
74.125.212.19 - - [20/Apr/2020:10:36:00 +0900] "GET /index.jsp HTTP/1.1" 302 -
74.125.212.17 - - [20/Apr/2020:10:36:00 +0900] "GET /home/main/main.do HTTP/1.1" 200 14903
211.20.175.1 - - [20/Apr/2020:10:39:59 +0900] "GET /home/en/meetourpartners/overseas.do HTTP/1.1" 200 31428
211.20.175.1 - - [20/Apr/2020:10:40:29 +0900] "GET /home/en/about/about.do HTTP/1.1" 200 16228
211.20.175.1 - - [20/Apr/2020:10:40:32 +0900] "GET /home/en/contact/contact.do HTTP/1.1" 200 5187
207.46.13.215 - - [20/Apr/2020:10:41:05 +0900] "GET /error/kr/error.jsp HTTP/1.1" 500 3570
54.237.208.120 - - [20/Apr/2020:10:44:35 +0900] "GET /index.jsp HTTP/1.1" 302 -
54.237.208.120 - - [20/Apr/2020:10:44:35 +0900] "GET /home/main/main.do HTTP/1.1" 200 14903
219.255.150.192 - - [20/Apr/2020:10:50:13 +0900] "GET /index.jsp HTTP/1.1" 302 -
219.255.150.192 - - [20/Apr/2020:10:50:13 +0900] "GET /home/main/main.do HTTP/1.1" 200 14903
219.255.150.192 - - [20/Apr/2020:10:50:13 +0900] "GET /error/kr/error.jsp HTTP/1.1" 500 3570
219.255.150.192 - - [20/Apr/2020:10:50:15 +0900] "GET /home/main/main.do HTTP/1.1" 200 14903
104.222.33.97 - - [20/Apr/2020:10:52:48 +0900] "GET /index.jsp HTTP/1.1" 302 -
104.222.33.97 - - [20/Apr/2020:10:52:49 +0900] "GET /home/en/main/main.do HTTP/1.1" 200 11542
103.82.235.2 - - [20/Apr/2020:10:55:04 +0900] "GET /error/kr/error.jsp HTTP/1.1" 500 3570
115.22.23.125 - - [20/Apr/2020:10:55:41 +0900] "GET /index.jsp HTTP/1.1" 302 -
115.22.23.125 - - [20/Apr/2020:10:55:41 +0900] "GET /home/main/main.do HTTP/1.1" 200 14903
115.22.23.125 - - [20/Apr/2020:10:55:43 +0900] "GET /error/kr/error.jsp HTTP/1.1" 500 3570
115.22.23.125 - - [20/Apr/2020:10:55:54 +0900] "GET /home/whoweare/korea.do HTTP/1.1" 200 29677
115.22.23.125 - - [20/Apr/2020:10:56:30 +0900] "GET /home/about/about.do HTTP/1.1" 200 14667
115.22.23.125 - - [20/Apr/2020:10:56:57 +0900] "GET /home/main/main.do HTTP/1.1" 200 14903
115.22.23.125 - - [20/Apr/2020:10:56:57 +0900] "GET /error/kr/error.jsp HTTP/1.1" 500 3570
115.22.23.125 - - [20/Apr/2020:10:57:06 +0900] "GET /home/whoweare/korea.do HTTP/1.1" 200 29677
115.22.23.125 - - [20/Apr/2020:10:57:34 +0900] "GET /home/news/news/list.do HTTP/1.1" 200 7100
115.22.23.125 - - [20/Apr/2020:10:57:35 +0900] "GET /home/meetourpartners/all.do HTTP/1.1" 200 101569
115.22.23.125 - - [20/Apr/2020:10:57:36 +0900] "GET /home/whoweare/korea.do HTTP/1.1" 200 29677
115.22.23.125 - - [20/Apr/2020:10:57:39 +0900] "GET /home/watwedo/overview.do HTTP/1.1" 200 6276
115.22.23.125 - - [20/Apr/2020:10:57:43 +0900] "GET /home/watwedo/history.do HTTP/1.1" 200 10890
115.22.23.125 - - [20/Apr/2020:10:57:44 +0900] "GET /home/watwedo/philosophy.do HTTP/1.1" 200 7162
129.204.24.99 - - [20/Apr/2020:11:00:22 +0900] "GET /error/kr/error.jsp HTTP/1.1" 500 3570
207.46.13.215 - - [20/Apr/2020:11:00:42 +0900] "GET /error/kr/error.jsp HTTP/1.1" 500 3570
129.204.24.99 - - [20/Apr/2020:11:00:55 +0900] "HEAD /index.jsp?s=www.guangdongymcn.cn HTTP/1.1" 302 -
129.204.24.99 - - [20/Apr/2020:11:00:56 +0900] "HEAD /home/main/main.do HTTP/1.1" 200 -
115.238.95.194 - - [20/Apr/2020:11:01:18 +0900] "GET /error/kr/error.jsp HTTP/1.1" 500 3570
211.36.133.167 - - [20/Apr/2020:11:13:21 +0900] "GET /index.jsp HTTP/1.1" 302 -
211.36.133.167 - - [20/Apr/2020:11:13:21 +0900] "GET /home/main/main.do HTTP/1.1" 302 -
211.36.133.167 - - [20/Apr/2020:11:13:21 +0900] "GET /home/main/main.do HTTP/1.1" 200 12006
211.36.133.167 - - [20/Apr/2020:11:13:22 +0900] "GET /error/kr/error.jsp HTTP/1.1" 500 3762
211.36.133.167 - - [20/Apr/2020:11:13:22 +0900] "GET /error/kr/error.jsp HTTP/1.1" 500 3762
211.36.133.167 - - [20/Apr/2020:11:13:31 +0900] "GET /home/watwedo/overview.do HTTP/1.1" 200 7207
40.77.167.51 - - [20/Apr/2020:11:16:36 +0900] "GET /error/kr/error.jsp HTTP/1.1" 500 3570
66.249.79.140 - - [20/Apr/2020:11:21:02 +0900] "GET /error/kr/error.jsp HTTP/1.1" 500 3570
193.111.62.163 - - [20/Apr/2020:11:23:31 +0900] "GET /home/news/news/list.do HTTP/1.1" 200 7100
208.100.26.237 - - [20/Apr/2020:11:30:00 +0900] "GET /index.jsp HTTP/1.1" 302 -
208.100.26.237 - - [20/Apr/2020:11:30:01 +0900] "GET /home/main/main.do HTTP/1.1" 200 12006
23.100.232.233 - - [20/Apr/2020:11:35:39 +0900] "GET /index.jsp HTTP/1.1" 302 -
23.100.232.233 - - [20/Apr/2020:11:35:40 +0900] "GET /home/en/main/main.do HTTP/1.1" 200 11542
117.35.133.131 - - [20/Apr/2020:11:49:31 +0900] "GET /error/kr/error.jsp HTTP/1.1" 500 3570
34.218.81.75 - - [20/Apr/2020:11:57:07 +0900] "GET /index.jsp HTTP/1.1" 302 -
34.218.81.75 - - [20/Apr/2020:11:57:07 +0900] "GET /home/main/main.do HTTP/1.1" 200 14903
115.238.111.142 - - [20/Apr/2020:12:00:08 +0900] "GET /error/kr/error.jsp HTTP/1.1" 500 3570
175.114.56.75 - - [20/Apr/2020:12:00:55 +0900] "GET /index.jsp HTTP/1.1" 302 -
175.114.56.75 - - [20/Apr/2020:12:00:55 +0900] "GET /home/main/main.do HTTP/1.1" 200 14903
175.114.56.75 - - [20/Apr/2020:12:00:56 +0900] "GET /error/kr/error.jsp HTTP/1.1" 500 3570
129.204.24.99 - - [20/Apr/2020:12:01:31 +0900] "HEAD /index.jsp?s=www.xianggangymc.cn HTTP/1.1" 302 -
129.204.24.99 - - [20/Apr/2020:12:01:31 +0900] "HEAD /home/main/main.do HTTP/1.1" 200 -
157.55.39.79 - - [20/Apr/2020:12:10:09 +0900] "GET /home/en/whoweare/china.do HTTP/1.1" 200 10353
113.215.39.27 - - [20/Apr/2020:12:18:31 +0900] "GET /error/kr/error.jsp HTTP/1.1" 500 3570
193.111.62.163 - - [20/Apr/2020:12:19:08 +0900] "GET /home/news/news/list.do HTTP/1.1" 200 7100
207.46.13.163 - - [20/Apr/2020:12:25:55 +0900] "GET /error/kr/error.jsp HTTP/1.1" 500 3570
157.55.39.79 - - [20/Apr/2020:12:36:06 +0900] "GET /error/kr/error.jsp HTTP/1.1" 500 3570
162.243.133.178 - - [20/Apr/2020:12:36:53 +0900] "GET /index.jsp HTTP/1.1" 302 -
203.217.240.65 - - [20/Apr/2020:12:42:31 +0900] "GET /index.jsp HTTP/1.1" 302 -
203.217.247.12 - - [20/Apr/2020:12:42:36 +0900] "GET /home/main/main.do HTTP/1.1" 200 14903
203.217.246.12 - - [20/Apr/2020:12:42:41 +0900] "GET /home/main/main.do HTTP/1.1" 302 -
157.55.39.25 - - [20/Apr/2020:12:43:43 +0900] "GET /error/kr/error.jsp HTTP/1.1" 500 3570
40.77.167.51 - - [20/Apr/2020:12:43:53 +0900] "GET /home/en/main/main.do HTTP/1.1" 200 11542
202.94.235.114 - - [20/Apr/2020:12:45:25 +0900] "GET /index.jsp HTTP/1.1" 302 -
202.94.235.114 - - [20/Apr/2020:12:45:26 +0900] "GET /home/en/main/main.do HTTP/1.1" 200 11542
34.229.157.237 - - [20/Apr/2020:12:49:01 +0900] "GET /index.jsp HTTP/1.1" 302 -
34.229.157.237 - - [20/Apr/2020:12:49:01 +0900] "GET /home/en/main/main.do HTTP/1.1" 200 11542
34.229.157.237 - - [20/Apr/2020:12:49:02 +0900] "GET /error/kr/error.jsp HTTP/1.1" 500 3570
100.24.120.16 - - [20/Apr/2020:12:56:12 +0900] "GET /index.jsp HTTP/1.1" 302 -
100.24.120.16 - - [20/Apr/2020:12:56:12 +0900] "GET /home/main/main.do HTTP/1.1" 200 14903
42.236.48.241 - - [20/Apr/2020:12:59:04 +0900] "GET /index.jsp HTTP/1.1" 302 -
42.236.48.241 - - [20/Apr/2020:12:59:04 +0900] "GET /home/en/main/main.do HTTP/1.1" 200 11542
129.204.24.99 - - [20/Apr/2020:13:01:24 +0900] "GET /error/kr/error.jsp HTTP/1.1" 500 3570
129.204.24.99 - - [20/Apr/2020:13:01:52 +0900] "HEAD /index.jsp?s=www.guangdongymcm.cn HTTP/1.1" 302 -
129.204.24.99 - - [20/Apr/2020:13:01:52 +0900] "HEAD /home/main/main.do HTTP/1.1" 200 -
211.245.120.86 - - [20/Apr/2020:13:06:29 +0900] "GET /index.jsp HTTP/1.1" 302 -
211.245.120.86 - - [20/Apr/2020:13:06:29 +0900] "GET /home/main/main.do HTTP/1.1" 200 14903
207.46.13.163 - - [20/Apr/2020:13:08:19 +0900] "GET /index.jsp HTTP/1.1" 302 -
66.249.82.141 - - [20/Apr/2020:13:09:06 +0900] "GET /error/kr/error.jsp HTTP/1.1" 500 3570
47.240.96.76 - - [20/Apr/2020:13:11:17 +0900] "GET /error/kr/error.jsp HTTP/1.1" 500 3570
113.77.192.87 - - [20/Apr/2020:13:22:47 +0900] "GET /error/kr/error.jsp HTTP/1.1" 500 3570
121.135.186.101 - - [20/Apr/2020:13:24:11 +0900] "GET /index.jsp HTTP/1.1" 302 -
121.135.186.101 - - [20/Apr/2020:13:24:11 +0900] "GET /home/main/main.do HTTP/1.1" 200 14903
121.135.186.101 - - [20/Apr/2020:13:24:12 +0900] "GET /error/kr/error.jsp HTTP/1.1" 500 3570
193.111.62.163 - - [20/Apr/2020:13:24:25 +0900] "GET /home/news/news/list.do HTTP/1.1" 200 7100
121.135.186.101 - - [20/Apr/2020:13:24:42 +0900] "GET /home/contact/contact.do HTTP/1.1" 200 5224
121.135.186.101 - - [20/Apr/2020:13:26:22 +0900] "GET /home/contact/contact.do HTTP/1.1" 200 5224
66.249.79.126 - - [20/Apr/2020:13:32:14 +0900] "GET /error/kr/error.jsp HTTP/1.1" 500 3570
157.55.39.15 - - [20/Apr/2020:13:33:37 +0900] "GET /error/kr/error.jsp HTTP/1.1" 500 3762
207.46.13.163 - - [20/Apr/2020:13:33:40 +0900] "GET /index.jsp HTTP/1.1" 302 -
115.198.154.46 - - [20/Apr/2020:13:38:16 +0900] "GET /error/kr/error.jsp HTTP/1.1" 500 3570
121.166.114.177 - - [20/Apr/2020:13:38:25 +0900] "GET /home/watwedo/overview.do HTTP/1.1" 200 6276
121.166.114.177 - - [20/Apr/2020:13:38:25 +0900] "GET /home/watwedo/overview.do HTTP/1.1" 200 6276
121.166.114.177 - - [20/Apr/2020:13:38:28 +0900] "GET /home/watwedo/history.do HTTP/1.1" 200 10890
106.208.55.146 - - [20/Apr/2020:13:40:10 +0900] "GET /index.jsp HTTP/1.1" 302 -
106.208.55.146 - - [20/Apr/2020:13:40:10 +0900] "GET /home/en/main/main.do HTTP/1.1" 200 11542
66.249.79.61 - - [20/Apr/2020:13:42:18 +0900] "GET /error/kr/error.jsp HTTP/1.1" 500 3762
1.247.48.236 - - [20/Apr/2020:13:48:50 +0900] "GET /home/main/main.do HTTP/1.1" 200 12006
1.247.48.236 - - [20/Apr/2020:13:48:51 +0900] "GET /error/kr/error.jsp HTTP/1.1" 500 3762
1.247.48.236 - - [20/Apr/2020:13:48:51 +0900] "GET /error/kr/error.jsp HTTP/1.1" 500 3762
1.247.48.236 - - [20/Apr/2020:13:49:00 +0900] "GET /home/news/news/list.do?num=20 HTTP/1.1" 200 75163
1.247.48.236 - - [20/Apr/2020:13:49:44 +0900] "GET /home/whoweare/korea.do HTTP/1.1" 200 43261
3.92.162.53 - - [20/Apr/2020:13:50:25 +0900] "GET /error/kr/error.jsp HTTP/1.1" 500 3570
3.92.162.53 - - [20/Apr/2020:13:50:26 +0900] "GET /error/kr/error.jsp HTTP/1.1" 500 3570
162.243.133.69 - - [20/Apr/2020:13:51:12 +0900] "GET /error/kr/error.jsp HTTP/1.1" 500 3570
204.246.159.170 - - [20/Apr/2020:13:51:13 +0900] "GET /index.jsp HTTP/1.1" 302 -
204.246.159.170 - - [20/Apr/2020:13:51:13 +0900] "GET /home/main/main.do HTTP/1.1" 200 14903
207.46.13.215 - - [20/Apr/2020:13:54:40 +0900] "GET /error/kr/error.jsp HTTP/1.1" 500 3570
121.184.129.101 - - [20/Apr/2020:13:58:41 +0900] "GET /index.jsp HTTP/1.1" 302 -
121.184.129.101 - - [20/Apr/2020:13:58:41 +0900] "GET /home/main/main.do HTTP/1.1" 200 14903
121.184.129.101 - - [20/Apr/2020:13:58:42 +0900] "GET /error/kr/error.jsp HTTP/1.1" 500 3570
129.204.24.99 - - [20/Apr/2020:14:01:47 +0900] "GET /error/kr/error.jsp HTTP/1.1" 500 3570
129.204.24.99 - - [20/Apr/2020:14:02:17 +0900] "HEAD /index.jsp?s=www.guangdongymco.cn HTTP/1.1" 302 -
129.204.24.99 - - [20/Apr/2020:14:02:18 +0900] "HEAD /home/main/main.do HTTP/1.1" 200 -
222.106.184.11 - - [20/Apr/2020:14:11:45 +0900] "GET /index.jsp HTTP/1.1" 302 -
222.106.184.11 - - [20/Apr/2020:14:11:45 +0900] "GET /home/main/main.do HTTP/1.1" 200 14903
164.68.112.178 - - [20/Apr/2020:14:15:25 +0900] "GET /index.jsp HTTP/1.0" 302 -
