211.56.145.140 - - [16/Feb/2020:14:25:16 +0900] "GET /home/news/news/list.do HTTP/1.1" 200 71778
211.56.145.140 - - [16/Feb/2020:14:25:16 +0900] "GET /home/news/news/view.do?num=3 HTTP/1.1" 200 71892
211.56.145.140 - - [16/Feb/2020:14:25:16 +0900] "GET /home/main/main.do HTTP/1.1" 200 8898
211.56.145.140 - - [16/Feb/2020:14:25:16 +0900] "GET /home/about/about.do HTTP/1.1" 200 15329
211.56.145.140 - - [16/Feb/2020:14:25:32 +0900] "GET /index.jsp HTTP/1.1" 302 -
211.56.145.140 - - [16/Feb/2020:14:25:32 +0900] "GET /index.jsp HTTP/1.1" 302 -
211.56.145.140 - - [16/Feb/2020:14:25:32 +0900] "GET /home/main/main.do HTTP/1.1" 302 -
211.56.145.140 - - [16/Feb/2020:14:25:32 +0900] "GET /home/main/main.do HTTP/1.1" 302 -
211.56.145.140 - - [16/Feb/2020:14:25:32 +0900] "GET /home/main/main.do HTTP/1.1" 200 8898
211.56.145.140 - - [16/Feb/2020:14:25:32 +0900] "GET /home/main/main.do HTTP/1.1" 200 8898
5.188.84.6 - - [16/Feb/2020:14:27:21 +0900] "GET /index.jsp HTTP/1.0" 302 -
5.188.84.6 - - [16/Feb/2020:14:27:22 +0900] "GET /home/main/main.do HTTP/1.0" 200 12222
101.21.147.179 - - [16/Feb/2020:14:29:30 +0900] "GET /error/kr/error.jsp HTTP/1.1" 500 3570
101.21.147.179 - - [16/Feb/2020:14:29:31 +0900] "GET /error/kr/error.jsp HTTP/1.1" 500 3570
24.5.187.130 - - [16/Feb/2020:14:31:24 +0900] "GET /index.jsp HTTP/1.1" 302 -
24.5.187.130 - - [16/Feb/2020:14:31:25 +0900] "GET /home/en/main/main.do HTTP/1.1" 200 11080
66.249.84.222 - - [16/Feb/2020:14:31:29 +0900] "GET /index.jsp HTTP/1.1" 302 -
66.249.84.222 - - [16/Feb/2020:14:31:29 +0900] "GET /home/main/main.do HTTP/1.1" 200 12222
66.249.84.220 - - [16/Feb/2020:14:32:12 +0900] "GET /index.jsp HTTP/1.1" 302 -
66.249.84.220 - - [16/Feb/2020:14:32:12 +0900] "GET /home/main/main.do HTTP/1.1" 200 12222
24.5.187.130 - - [16/Feb/2020:14:33:13 +0900] "GET /home/en/watwedo/philosophy.do HTTP/1.1" 200 7112
24.5.187.130 - - [16/Feb/2020:14:33:41 +0900] "GET /home/en/watwedo/overview.do HTTP/1.1" 200 6156
24.5.187.130 - - [16/Feb/2020:14:34:22 +0900] "GET /home/en/whoweare/korea.do HTTP/1.1" 200 29641
24.5.187.130 - - [16/Feb/2020:14:34:22 +0900] "GET /home/en/watwedo/overview.do HTTP/1.1" 200 6156
24.5.187.130 - - [16/Feb/2020:14:34:24 +0900] "GET /home/en/watwedo/history.do HTTP/1.1" 200 10541
24.5.187.130 - - [16/Feb/2020:14:34:54 +0900] "GET /home/en/watwedo/philosophy.do HTTP/1.1" 200 7112
24.5.187.130 - - [16/Feb/2020:14:35:07 +0900] "GET /home/en/whoweare/korea.do HTTP/1.1" 200 29641
24.5.187.130 - - [16/Feb/2020:14:36:10 +0900] "GET /home/en/whoweare/china.do HTTP/1.1" 200 10353
24.5.187.130 - - [16/Feb/2020:14:36:19 +0900] "GET /home/en/about/about.do HTTP/1.1" 200 14811
211.56.145.140 - - [16/Feb/2020:14:37:49 +0900] "GET /home/main/main.do HTTP/1.1" 302 -
211.56.145.140 - - [16/Feb/2020:14:37:49 +0900] "GET /home/main/main.do HTTP/1.1" 200 8898
34.199.176.251 - - [16/Feb/2020:14:42:19 +0900] "GET /home/news/news/list.do HTTP/1.1" 200 7091
66.249.72.22 - - [16/Feb/2020:14:42:33 +0900] "GET /error/kr/error.jsp HTTP/1.1" 500 3570
34.199.176.251 - - [16/Feb/2020:14:43:05 +0900] "GET /home/news/news/list.do HTTP/1.1" 200 7091
206.189.36.106 - - [16/Feb/2020:14:43:35 +0900] "GET /error/kr/error.jsp HTTP/1.1" 500 3570
206.189.36.106 - - [16/Feb/2020:14:43:36 +0900] "GET /error/kr/error.jsp HTTP/1.1" 500 3570
165.225.110.204 - - [16/Feb/2020:14:44:36 +0900] "GET /index.jsp HTTP/1.1" 302 -
165.225.110.204 - - [16/Feb/2020:14:44:37 +0900] "GET /home/main/main.do HTTP/1.1" 200 12222
125.69.40.56 - - [16/Feb/2020:14:44:43 +0900] "GET /error/kr/error.jsp HTTP/1.1" 500 3570
119.207.72.146 - - [16/Feb/2020:14:46:04 +0900] "GET /home/contact/contact.do HTTP/1.1" 200 5224
115.89.232.162 - - [16/Feb/2020:14:52:17 +0900] "GET /filter/checker.jsp?campaignID=635&email=jinsang53@naver.com&responseEnd=2018-12-25 HTTP/1.1" 404 3570
23.100.232.233 - - [16/Feb/2020:14:56:26 +0900] "GET /home/whoweare/korea.do HTTP/1.1" 200 29677
172.105.11.111 - - [16/Feb/2020:15:15:11 +0900] "GET /index.jsp HTTP/1.0" 302 -
193.111.62.163 - - [16/Feb/2020:15:16:30 +0900] "GET /home/news/news/list.do HTTP/1.1" 200 7091
66.249.72.20 - - [16/Feb/2020:15:19:09 +0900] "GET /error/kr/error.jsp HTTP/1.1" 500 3570
66.249.75.122 - - [16/Feb/2020:15:20:01 +0900] "GET /error/kr/error.jsp HTTP/1.1" 500 3570
17.58.96.118 - - [16/Feb/2020:15:21:34 +0900] "GET /index.jsp HTTP/1.1" 302 -
17.58.96.118 - - [16/Feb/2020:15:21:35 +0900] "GET /home/main/main.do HTTP/1.1" 200 12222
119.207.72.113 - - [16/Feb/2020:15:22:38 +0900] "GET /home/watwedo/overview.do HTTP/1.1" 200 6147
5.9.66.153 - - [16/Feb/2020:15:26:47 +0900] "GET /error/kr/error.jsp HTTP/1.1" 500 3570
172.105.11.111 - - [16/Feb/2020:15:28:04 +0900] "GET /index.jsp HTTP/1.0" 302 -
172.105.11.111 - - [16/Feb/2020:15:28:05 +0900] "GET /index.jsp HTTP/1.1" 302 -
172.105.11.111 - - [16/Feb/2020:15:28:06 +0900] "HEAD /index.jsp HTTP/1.1" 302 -
172.105.11.111 - - [16/Feb/2020:15:28:34 +0900] "GET /index.jsp HTTP/1.1" 302 -
172.105.11.111 - - [16/Feb/2020:15:28:40 +0900] "HEAD /index.jsp HTTP/1.1" 302 -
172.105.11.111 - - [16/Feb/2020:15:28:41 +0900] "GET /index.jsp HTTP/1.1" 302 -
165.225.110.204 - - [16/Feb/2020:15:30:43 +0900] "GET /home/watwedo/overview.do HTTP/1.1" 200 6147
34.199.176.251 - - [16/Feb/2020:15:30:50 +0900] "GET /home/news/news/view.do?num=3 HTTP/1.1" 200 5573
34.199.176.251 - - [16/Feb/2020:15:30:51 +0900] "GET /home/news/news/view.do HTTP/1.1" 500 3570
165.225.110.204 - - [16/Feb/2020:15:30:57 +0900] "GET /home/watwedo/history.do HTTP/1.1" 200 10614
165.225.110.204 - - [16/Feb/2020:15:31:05 +0900] "GET /home/whoweare/korea.do HTTP/1.1" 200 29677
165.225.110.204 - - [16/Feb/2020:15:31:40 +0900] "GET /home/watwedo/philosophy.do HTTP/1.1" 200 7162
165.225.110.204 - - [16/Feb/2020:15:31:41 +0900] "GET /home/whoweare/korea.do HTTP/1.1" 200 29677
165.225.110.204 - - [16/Feb/2020:15:32:01 +0900] "GET /home/meetourpartners/all.do HTTP/1.1" 200 101569
34.199.176.251 - - [16/Feb/2020:15:32:43 +0900] "GET /home/news/news/view.do?num=3 HTTP/1.1" 200 5573
34.199.176.251 - - [16/Feb/2020:15:32:44 +0900] "GET /home/news/news/view.do HTTP/1.1" 500 3570
165.225.110.204 - - [16/Feb/2020:15:33:21 +0900] "GET /home/meetourpartners/domestic.do HTTP/1.1" 200 73451
165.225.110.204 - - [16/Feb/2020:15:33:27 +0900] "GET /home/meetourpartners/overseas.do HTTP/1.1" 200 32620
34.199.176.251 - - [16/Feb/2020:15:36:52 +0900] "GET /home/news/news/view.do?num=2 HTTP/1.1" 200 6974
34.199.176.251 - - [16/Feb/2020:15:36:52 +0900] "GET /home/news/news/view.do HTTP/1.1" 500 3570
23.100.232.233 - - [16/Feb/2020:15:44:37 +0900] "GET /home/en/whoweare/korea.do HTTP/1.1" 200 29641
34.199.176.251 - - [16/Feb/2020:15:52:18 +0900] "GET /index.jsp HTTP/1.1" 302 -
34.199.176.251 - - [16/Feb/2020:15:52:18 +0900] "GET /home/main/main.do HTTP/1.1" 200 12222
59.39.241.0 - - [16/Feb/2020:16:07:12 +0900] "GET /error/kr/error.jsp HTTP/1.1" 500 3570
188.240.208.26 - - [16/Feb/2020:16:09:01 +0900] "GET /error/kr/error.jsp HTTP/1.1" 500 3570
39.104.235.66 - - [16/Feb/2020:16:09:45 +0900] "GET /error/kr/error.jsp HTTP/1.1" 500 3570
193.111.62.163 - - [16/Feb/2020:16:13:58 +0900] "GET /home/news/news/list.do HTTP/1.1" 200 7091
120.84.11.42 - - [16/Feb/2020:16:15:54 +0900] "GET /error/kr/error.jsp HTTP/1.1" 500 3570
58.250.125.93 - - [16/Feb/2020:16:24:58 +0900] "GET /index.jsp HTTP/1.1" 302 -
58.250.125.93 - - [16/Feb/2020:16:25:09 +0900] "GET /home/en/main/main.do HTTP/1.1" 200 11080
66.249.69.253 - - [16/Feb/2020:16:30:03 +0900] "GET /error/kr/error.jsp HTTP/1.1" 500 3762
66.249.69.249 - - [16/Feb/2020:16:40:00 +0900] "GET /error/kr/error.jsp HTTP/1.1" 500 3762
207.46.13.171 - - [16/Feb/2020:16:43:47 +0900] "GET /home/news/news/view.do?num=2 HTTP/1.1" 200 71892
107.21.1.8 - - [16/Feb/2020:16:48:55 +0900] "GET /index.jsp HTTP/1.1" 302 -
107.21.1.8 - - [16/Feb/2020:16:48:55 +0900] "GET /home/en/main/main.do HTTP/1.1" 200 11080
54.208.102.37 - - [16/Feb/2020:16:48:57 +0900] "GET /index.jsp HTTP/1.1" 302 -
54.208.102.37 - - [16/Feb/2020:16:48:57 +0900] "GET /home/en/main/main.do HTTP/1.1" 200 11080
66.249.69.249 - - [16/Feb/2020:16:50:08 +0900] "GET /error/kr/error.jsp HTTP/1.1" 500 3762
66.249.72.18 - - [16/Feb/2020:17:00:09 +0900] "GET /error/kr/error.jsp HTTP/1.1" 500 3570
121.254.147.237 - - [16/Feb/2020:17:01:30 +0900] "GET /index.jsp HTTP/1.1" 302 -
121.254.147.237 - - [16/Feb/2020:17:01:30 +0900] "GET /home/en/main/main.do HTTP/1.1" 200 11080
182.219.118.215 - - [16/Feb/2020:17:01:43 +0900] "GET /index.jsp HTTP/1.1" 302 -
182.219.118.215 - - [16/Feb/2020:17:01:43 +0900] "GET /home/main/main.do HTTP/1.1" 200 12222
119.207.72.68 - - [16/Feb/2020:17:03:20 +0900] "GET /home/watwedo/overview.do HTTP/1.1" 200 6147
23.100.232.233 - - [16/Feb/2020:17:06:47 +0900] "GET /home/whoweare/korea.do HTTP/1.1" 200 29677
38.99.62.91 - - [16/Feb/2020:17:07:55 +0900] "GET /home/news/news/view.do?num=2 HTTP/1.1" 200 6974
38.99.62.91 - - [16/Feb/2020:17:08:35 +0900] "GET /home/main/main.do HTTP/1.1" 200 12222
38.99.62.91 - - [16/Feb/2020:17:09:54 +0900] "GET /home/watwedo/philosophy.do HTTP/1.1" 200 7162
38.99.62.91 - - [16/Feb/2020:17:10:19 +0900] "GET /home/main/main.do HTTP/1.1" 200 12222
193.111.62.163 - - [16/Feb/2020:17:10:56 +0900] "GET /home/news/news/list.do HTTP/1.1" 200 7091
38.99.62.91 - - [16/Feb/2020:17:10:59 +0900] "GET /home/en/meetourpartners/all.do HTTP/1.1" 200 95227
38.99.62.91 - - [16/Feb/2020:17:11:24 +0900] "GET /home/en/main/main.do HTTP/1.1" 200 11080
38.99.62.91 - - [16/Feb/2020:17:11:49 +0900] "GET /home/en/watwedo/overview.do HTTP/1.1" 200 6156
38.99.62.91 - - [16/Feb/2020:17:12:15 +0900] "GET /home/about/about.do HTTP/1.1" 200 14216
38.99.62.91 - - [16/Feb/2020:17:12:40 +0900] "GET /home/en/whoweare/korea.do HTTP/1.1" 200 29641
38.99.62.91 - - [16/Feb/2020:17:13:20 +0900] "GET /home/en/meetourpartners/all.do HTTP/1.1" 200 95227
38.99.62.91 - - [16/Feb/2020:17:13:59 +0900] "GET /home/en/meetourpartners/domestic.do HTTP/1.1" 200 69240
66.249.72.20 - - [16/Feb/2020:17:20:17 +0900] "GET /error/kr/error.jsp HTTP/1.1" 500 3570
38.99.62.91 - - [16/Feb/2020:17:21:32 +0900] "GET /home/en/meetourpartners/all.do HTTP/1.1" 200 95227
38.99.62.91 - - [16/Feb/2020:17:22:12 +0900] "GET /home/en/meetourpartners/domestic.do HTTP/1.1" 200 69240
38.99.62.91 - - [16/Feb/2020:17:25:28 +0900] "GET /home/en/meetourpartners/all.do HTTP/1.1" 200 95227
119.207.72.71 - - [16/Feb/2020:17:26:01 +0900] "GET /home/main/main.do HTTP/1.1" 200 12222
38.99.62.91 - - [16/Feb/2020:17:26:07 +0900] "GET /home/en/meetourpartners/domestic.do HTTP/1.1" 200 69240
38.99.62.91 - - [16/Feb/2020:17:26:47 +0900] "GET /home/meetourpartners/all.do HTTP/1.1" 200 101569
38.99.62.91 - - [16/Feb/2020:17:27:27 +0900] "GET /home/en/meetourpartners/domestic.do HTTP/1.1" 200 69240
66.249.72.18 - - [16/Feb/2020:17:30:58 +0900] "GET /error/kr/error.jsp HTTP/1.1" 500 3570
54.183.150.98 - - [16/Feb/2020:17:31:05 +0900] "HEAD /index.jsp HTTP/1.1" 302 -
54.183.150.98 - - [16/Feb/2020:17:31:05 +0900] "HEAD /home/main/main.do HTTP/1.1" 200 -
38.99.62.91 - - [16/Feb/2020:17:31:21 +0900] "GET /home/en/meetourpartners/all.do HTTP/1.1" 200 95227
38.99.62.91 - - [16/Feb/2020:17:32:01 +0900] "GET /home/en/meetourpartners/domestic.do HTTP/1.1" 200 69240
38.99.62.91 - - [16/Feb/2020:17:33:45 +0900] "GET /home/meetourpartners/all.do HTTP/1.1" 200 101569
38.99.62.91 - - [16/Feb/2020:17:34:25 +0900] "GET /home/en/meetourpartners/domestic.do HTTP/1.1" 200 69240
38.99.62.91 - - [16/Feb/2020:17:35:54 +0900] "GET /home/meetourpartners/all.do HTTP/1.1" 200 101569
38.99.62.91 - - [16/Feb/2020:17:36:34 +0900] "GET /home/en/meetourpartners/domestic.do HTTP/1.1" 200 69240
38.99.62.91 - - [16/Feb/2020:17:40:31 +0900] "GET /home/en/meetourpartners/all.do HTTP/1.1" 200 95227
40.77.167.8 - - [16/Feb/2020:17:40:32 +0900] "GET /home/en/watwedo/history.do HTTP/1.1" 200 10541
38.99.62.91 - - [16/Feb/2020:17:41:10 +0900] "GET /home/en/meetourpartners/domestic.do HTTP/1.1" 200 69240
38.99.62.91 - - [16/Feb/2020:17:44:28 +0900] "GET /home/meetourpartners/all.do HTTP/1.1" 200 101569
38.99.62.91 - - [16/Feb/2020:17:45:08 +0900] "GET /home/meetourpartners/all.do HTTP/1.1" 200 101569
38.99.62.91 - - [16/Feb/2020:17:46:27 +0900] "GET /home/en/meetourpartners/domestic.do HTTP/1.1" 200 69240
38.99.62.91 - - [16/Feb/2020:17:47:07 +0900] "GET /home/meetourpartners/all.do HTTP/1.1" 200 101569
38.99.62.91 - - [16/Feb/2020:17:47:32 +0900] "GET /home/en/meetourpartners/all.do HTTP/1.1" 200 95227
38.99.62.91 - - [16/Feb/2020:17:47:58 +0900] "GET /home/en/meetourpartners/domestic.do HTTP/1.1" 200 69240
23.100.232.233 - - [16/Feb/2020:17:48:19 +0900] "GET /home/whoweare/korea.do HTTP/1.1" 200 29677
38.99.62.91 - - [16/Feb/2020:17:51:54 +0900] "GET /home/meetourpartners/all.do HTTP/1.1" 200 101569
38.99.62.91 - - [16/Feb/2020:17:52:34 +0900] "GET /home/en/meetourpartners/domestic.do HTTP/1.1" 200 69240
119.207.72.74 - - [16/Feb/2020:17:54:51 +0900] "GET /home/about/about.do HTTP/1.1" 200 14216
38.99.62.91 - - [16/Feb/2020:17:58:37 +0900] "GET /home/en/meetourpartners/all.do HTTP/1.1" 200 95227
38.99.62.91 - - [16/Feb/2020:17:59:17 +0900] "GET /home/en/meetourpartners/domestic.do HTTP/1.1" 200 69240
38.99.62.91 - - [16/Feb/2020:17:59:57 +0900] "GET /home/meetourpartners/all.do HTTP/1.1" 200 101569
38.99.62.91 - - [16/Feb/2020:18:00:36 +0900] "GET /home/en/meetourpartners/all.do HTTP/1.1" 200 95227
38.99.62.91 - - [16/Feb/2020:18:01:16 +0900] "GET /home/en/meetourpartners/domestic.do HTTP/1.1" 200 69240
40.77.167.116 - - [16/Feb/2020:18:02:40 +0900] "GET /home/news/news/view.do?num=1 HTTP/1.1" 200 71892
111.206.36.19 - - [16/Feb/2020:18:03:20 +0900] "GET /home/en/whoweare/korea.do HTTP/1.1" 200 29641
38.99.62.91 - - [16/Feb/2020:18:03:53 +0900] "GET /home/en/meetourpartners/overseas.do HTTP/1.1" 200 31428
38.99.62.91 - - [16/Feb/2020:18:05:12 +0900] "GET /home/en/meetourpartners/all.do HTTP/1.1" 200 95227
38.99.62.91 - - [16/Feb/2020:18:05:52 +0900] "GET /home/en/meetourpartners/overseas.do HTTP/1.1" 200 31428
193.111.62.163 - - [16/Feb/2020:18:19:10 +0900] "GET /home/news/news/list.do HTTP/1.1" 200 7091
207.46.13.67 - - [16/Feb/2020:18:23:52 +0900] "GET /home/news/news/view.do?page=1&num=16 HTTP/1.1" 200 5666
207.46.13.67 - - [16/Feb/2020:18:23:53 +0900] "GET /error/kr/error.jsp HTTP/1.1" 500 3570
23.100.232.233 - - [16/Feb/2020:18:24:28 +0900] "GET /home/whoweare/korea.do HTTP/1.1" 200 29677
34.199.176.251 - - [16/Feb/2020:18:26:52 +0900] "GET /home/news/news/list.do HTTP/1.1" 200 7091
141.8.142.12 - - [16/Feb/2020:18:35:31 +0900] "GET /error/kr/error.jsp HTTP/1.1" 500 3570
141.8.142.12 - - [16/Feb/2020:18:35:35 +0900] "GET /home/main/main.do HTTP/1.1" 200 12222
66.249.72.20 - - [16/Feb/2020:18:41:00 +0900] "GET /error/kr/error.jsp HTTP/1.1" 500 3570
119.207.72.76 - - [16/Feb/2020:18:41:38 +0900] "GET /home/en/main/main.do HTTP/1.1" 200 11080
119.207.72.147 - - [16/Feb/2020:18:52:52 +0900] "GET /index.jsp HTTP/1.1" 302 -
119.207.72.147 - - [16/Feb/2020:18:52:52 +0900] "GET /home/main/main.do HTTP/1.1" 200 12222
207.46.13.67 - - [16/Feb/2020:18:53:57 +0900] "GET /error/kr/error.jsp HTTP/1.1" 500 3570
40.77.167.116 - - [16/Feb/2020:18:54:08 +0900] "GET /home/whoweare/korea.do HTTP/1.1" 200 29677
40.77.167.116 - - [16/Feb/2020:18:54:09 +0900] "GET /error/kr/error.jsp HTTP/1.1" 500 3570
207.46.13.171 - - [16/Feb/2020:19:00:02 +0900] "GET /error/kr/error.jsp HTTP/1.1" 500 3570
207.46.13.171 - - [16/Feb/2020:19:00:03 +0900] "GET /error/kr/error.jsp HTTP/1.1" 500 3570
207.46.13.171 - - [16/Feb/2020:19:00:03 +0900] "GET /error/kr/error.jsp HTTP/1.1" 500 3570
207.46.13.171 - - [16/Feb/2020:19:00:03 +0900] "GET /error/kr/error.jsp HTTP/1.1" 500 3570
207.46.13.171 - - [16/Feb/2020:19:00:03 +0900] "GET /error/kr/error.jsp HTTP/1.1" 500 3570
207.46.13.67 - - [16/Feb/2020:19:03:51 +0900] "GET /error/kr/error.jsp HTTP/1.1" 500 3570
52.231.194.227 - - [16/Feb/2020:19:06:05 +0900] "GET /error/kr/error.jsp HTTP/1.1" 500 3570
52.231.194.227 - - [16/Feb/2020:19:06:05 +0900] "GET /error/kr/error.jsp HTTP/1.1" 500 3570
207.46.13.67 - - [16/Feb/2020:19:06:53 +0900] "GET /error/kr/error.jsp HTTP/1.1" 500 3570
34.199.176.251 - - [16/Feb/2020:19:10:02 +0900] "GET /home/news/news/view.do?num=3 HTTP/1.1" 200 5573
34.199.176.251 - - [16/Feb/2020:19:10:02 +0900] "GET /home/news/news/view.do HTTP/1.1" 500 3570
34.199.176.251 - - [16/Feb/2020:19:12:00 +0900] "GET /home/news/news/view.do?num=3 HTTP/1.1" 200 5573
34.199.176.251 - - [16/Feb/2020:19:12:01 +0900] "GET /home/news/news/view.do HTTP/1.1" 500 3570
45.33.66.85 - - [16/Feb/2020:19:17:23 +0900] "GET /error/kr/error.jsp HTTP/1.1" 500 3570
193.111.62.163 - - [16/Feb/2020:19:19:12 +0900] "GET /home/news/news/list.do HTTP/1.1" 200 7091
66.249.72.18 - - [16/Feb/2020:19:21:00 +0900] "GET /error/kr/error.jsp HTTP/1.1" 500 3570
119.207.72.68 - - [16/Feb/2020:19:22:44 +0900] "GET /home/main/main.do HTTP/1.1" 200 12222
121.162.65.194 - - [16/Feb/2020:19:24:47 +0900] "GET /index.jsp HTTP/1.1" 302 -
121.162.65.194 - - [16/Feb/2020:19:24:47 +0900] "GET /home/main/main.do HTTP/1.1" 200 12222
107.164.137.250 - - [16/Feb/2020:19:32:55 +0900] "GET /home/en/whoweare/korea.do HTTP/1.1" 200 29641
123.125.71.79 - - [16/Feb/2020:19:38:02 +0900] "GET /home/en/main/main.do HTTP/1.1" 200 8279
123.125.71.106 - - [16/Feb/2020:19:38:03 +0900] "GET /error/kr/error.jsp HTTP/1.1" 500 3762
111.206.221.37 - - [16/Feb/2020:19:38:03 +0900] "GET /error/kr/error.jsp HTTP/1.1" 500 3762
111.206.198.119 - - [16/Feb/2020:19:38:06 +0900] "GET /error/kr/error.jsp HTTP/1.1" 500 3762
3.94.3.243 - - [16/Feb/2020:19:40:03 +0900] "GET /index.jsp HTTP/1.1" 302 -
3.94.3.243 - - [16/Feb/2020:19:40:03 +0900] "GET /home/main/main.do HTTP/1.1" 200 12222
3.94.3.243 - - [16/Feb/2020:19:40:03 +0900] "GET /home/main/main.do HTTP/1.1" 200 12222
3.94.3.243 - - [16/Feb/2020:19:40:04 +0900] "GET /home/main/main.do HTTP/1.1" 200 12222
66.249.69.249 - - [16/Feb/2020:19:40:45 +0900] "GET /error/kr/error.jsp HTTP/1.1" 500 3762
78.179.120.159 - - [16/Feb/2020:19:52:41 +0900] "GET /index.jsp HTTP/1.1" 302 -
54.159.113.194 - - [16/Feb/2020:19:53:06 +0900] "GET /error/kr/error.jsp HTTP/1.1" 500 3570
54.159.113.194 - - [16/Feb/2020:19:53:07 +0900] "GET /error/kr/error.jsp HTTP/1.1" 500 3570
40.77.167.8 - - [16/Feb/2020:19:56:29 +0900] "GET /error/kr/error.jsp HTTP/1.1" 500 3570
40.77.167.8 - - [16/Feb/2020:19:56:30 +0900] "GET /error/kr/error.jsp HTTP/1.1" 500 3570
77.75.76.172 - - [16/Feb/2020:19:57:03 +0900] "GET /error/kr/error.jsp HTTP/1.1" 500 3570
66.249.69.251 - - [16/Feb/2020:20:01:17 +0900] "GET /error/kr/error.jsp HTTP/1.1" 500 3762
207.46.13.67 - - [16/Feb/2020:20:07:44 +0900] "GET /error/kr/error.jsp HTTP/1.1" 500 3570
66.249.69.249 - - [16/Feb/2020:20:11:36 +0900] "GET /error/kr/error.jsp HTTP/1.1" 500 3762
40.77.167.116 - - [16/Feb/2020:20:17:39 +0900] "GET /home/news/news/view.do?num=1 HTTP/1.1" 200 71892
193.111.62.163 - - [16/Feb/2020:20:19:46 +0900] "GET /home/news/news/list.do HTTP/1.1" 200 7091
5.188.84.76 - - [16/Feb/2020:20:21:35 +0900] "GET /home/en/meetourpartners/all.do HTTP/1.0" 200 95227
66.249.72.20 - - [16/Feb/2020:20:21:49 +0900] "GET /error/kr/error.jsp HTTP/1.1" 500 3570
35.243.159.255 - - [16/Feb/2020:20:22:49 +0900] "GET /error/kr/error.jsp HTTP/1.0" 500 3570
35.243.159.255 - - [16/Feb/2020:20:22:49 +0900] "GET /home/en/about/about.do HTTP/1.0" 200 14811
223.38.8.12 - - [16/Feb/2020:20:28:32 +0900] "GET /index.jsp HTTP/1.1" 302 -
223.38.8.12 - - [16/Feb/2020:20:28:32 +0900] "GET /home/main/main.do HTTP/1.1" 200 8898
223.38.8.12 - - [16/Feb/2020:20:28:33 +0900] "GET /error/kr/error.jsp HTTP/1.1" 500 3570
223.38.8.12 - - [16/Feb/2020:20:28:36 +0900] "GET /home/whoweare/korea.do HTTP/1.1" 200 43261
35.243.159.255 - - [16/Feb/2020:20:28:42 +0900] "GET /error/kr/error.jsp HTTP/1.0" 500 3570
35.243.159.255 - - [16/Feb/2020:20:28:43 +0900] "GET /home/en/watwedo/overview.do HTTP/1.0" 200 6156
35.243.159.255 - - [16/Feb/2020:20:29:51 +0900] "GET /error/kr/error.jsp HTTP/1.0" 500 3570
35.243.159.255 - - [16/Feb/2020:20:29:52 +0900] "GET /home/main/main.do HTTP/1.0" 200 12222
119.207.72.108 - - [16/Feb/2020:20:31:14 +0900] "GET /home/main/main.do HTTP/1.1" 200 12222
66.249.72.18 - - [16/Feb/2020:20:31:52 +0900] "GET /error/kr/error.jsp HTTP/1.1" 500 3570
35.243.159.255 - - [16/Feb/2020:20:34:51 +0900] "GET /error/kr/error.jsp HTTP/1.0" 500 3570
35.243.159.255 - - [16/Feb/2020:20:34:51 +0900] "GET /home/en/meetourpartners/all.do HTTP/1.0" 200 95227
119.207.72.110 - - [16/Feb/2020:20:40:04 +0900] "GET /home/en/watwedo/overview.do HTTP/1.1" 200 6156
35.243.159.255 - - [16/Feb/2020:20:43:47 +0900] "GET /error/kr/error.jsp HTTP/1.0" 500 3570
35.243.159.255 - - [16/Feb/2020:20:43:48 +0900] "GET /home/en/watwedo/philosophy.do HTTP/1.0" 200 7112
35.243.159.255 - - [16/Feb/2020:20:47:51 +0900] "GET /error/kr/error.jsp HTTP/1.0" 500 3570
35.243.159.255 - - [16/Feb/2020:20:47:52 +0900] "GET /home/en/whoweare/korea.do HTTP/1.0" 200 29641
35.243.159.255 - - [16/Feb/2020:20:50:31 +0900] "GET /error/kr/error.jsp HTTP/1.0" 500 3570
35.243.159.255 - - [16/Feb/2020:20:50:32 +0900] "GET /home/en/contact/contact.do HTTP/1.0" 200 5187
35.243.159.255 - - [16/Feb/2020:20:51:31 +0900] "GET /error/kr/error.jsp HTTP/1.0" 500 3570
35.243.159.255 - - [16/Feb/2020:20:51:31 +0900] "GET /home/en/meetourpartners/all.do HTTP/1.0" 200 95227
35.243.159.255 - - [16/Feb/2020:20:51:35 +0900] "GET /error/kr/error.jsp HTTP/1.0" 500 3570
35.243.159.255 - - [16/Feb/2020:20:51:36 +0900] "GET /home/en/watwedo/overview.do HTTP/1.0" 200 6156
35.243.159.255 - - [16/Feb/2020:20:51:37 +0900] "GET /error/kr/error.jsp HTTP/1.0" 500 3570
35.243.159.255 - - [16/Feb/2020:20:51:37 +0900] "GET /home/en/whoweare/korea.do HTTP/1.0" 200 29641
35.243.159.255 - - [16/Feb/2020:20:51:40 +0900] "GET /error/kr/error.jsp HTTP/1.0" 500 3570
35.243.159.255 - - [16/Feb/2020:20:51:40 +0900] "GET /home/en/about/about.do HTTP/1.0" 200 14811
35.243.159.255 - - [16/Feb/2020:20:51:41 +0900] "GET /error/kr/error.jsp HTTP/1.0" 500 3570
35.243.159.255 - - [16/Feb/2020:20:51:42 +0900] "GET /home/en/contact/contact.do HTTP/1.0" 200 5187
35.243.159.255 - - [16/Feb/2020:20:51:43 +0900] "GET /error/kr/error.jsp HTTP/1.0" 500 3570
35.243.159.255 - - [16/Feb/2020:20:51:44 +0900] "GET /home/en/watwedo/philosophy.do HTTP/1.0" 200 7112
35.243.159.255 - - [16/Feb/2020:20:51:45 +0900] "GET /error/kr/error.jsp HTTP/1.0" 500 3570
35.243.159.255 - - [16/Feb/2020:20:51:45 +0900] "GET /home/main/main.do HTTP/1.0" 200 12222
207.46.13.171 - - [16/Feb/2020:20:56:13 +0900] "GET /error/kr/error.jsp HTTP/1.1" 500 3570
66.249.72.18 - - [16/Feb/2020:20:57:45 +0900] "GET /error/kr/error.jsp HTTP/1.1" 500 3570
66.249.69.253 - - [16/Feb/2020:21:01:32 +0900] "GET /error/kr/error.jsp HTTP/1.1" 500 3762
23.100.232.233 - - [16/Feb/2020:21:05:54 +0900] "GET /home/en/whoweare/korea.do HTTP/1.1" 200 29641
66.249.72.18 - - [16/Feb/2020:21:11:44 +0900] "GET /error/kr/error.jsp HTTP/1.1" 500 3570
193.111.62.163 - - [16/Feb/2020:21:15:08 +0900] "GET /home/news/news/list.do HTTP/1.1" 200 7091
222.122.190.67 - - [16/Feb/2020:21:17:53 +0900] "GET /index.jsp HTTP/1.1" 302 -
222.122.190.67 - - [16/Feb/2020:21:17:53 +0900] "GET /home/main/main.do HTTP/1.1" 200 12222
222.122.190.67 - - [16/Feb/2020:21:17:53 +0900] "GET /index.jsp HTTP/1.1" 302 -
222.122.190.67 - - [16/Feb/2020:21:17:53 +0900] "GET /home/main/main.do HTTP/1.1" 200 12222
222.122.190.67 - - [16/Feb/2020:21:17:53 +0900] "GET /error/kr/error.jsp HTTP/1.1" 500 3570
66.249.72.18 - - [16/Feb/2020:21:22:23 +0900] "GET /error/kr/error.jsp HTTP/1.1" 500 3570
79.142.117.158 - - [16/Feb/2020:21:31:21 +0900] "GET /index.jsp HTTP/1.1" 302 -
40.74.77.10 - - [16/Feb/2020:21:32:43 +0900] "GET /error/kr/error.jsp HTTP/1.1" 500 3570
128.65.178.148 - - [16/Feb/2020:21:45:05 +0900] "GET /index.jsp HTTP/1.1" 302 -
23.100.232.233 - - [16/Feb/2020:21:47:21 +0900] "GET /home/whoweare/korea.do HTTP/1.1" 200 29677
77.75.79.11 - - [16/Feb/2020:21:50:08 +0900] "GET /error/kr/error.jsp HTTP/1.1" 500 3570
77.75.79.11 - - [16/Feb/2020:21:50:11 +0900] "GET /home/en/whoweare/china.do HTTP/1.1" 200 10353
64.62.252.176 - - [16/Feb/2020:21:53:23 +0900] "GET /error/kr/error.jsp HTTP/1.1" 500 3570
64.62.252.176 - - [16/Feb/2020:21:53:23 +0900] "GET /error/kr/error.jsp HTTP/1.1" 500 3570
216.244.66.242 - - [16/Feb/2020:21:54:19 +0900] "GET /error/kr/error.jsp HTTP/1.1" 500 3762
17.58.96.118 - - [16/Feb/2020:22:00:51 +0900] "GET /index.jsp?ko HTTP/1.1" 302 -
17.58.96.118 - - [16/Feb/2020:22:00:51 +0900] "GET /home/main/main.do HTTP/1.1" 200 12222
103.131.71.135 - - [16/Feb/2020:22:06:16 +0900] "GET /error/kr/error.jsp HTTP/1.1" 500 3570
23.100.232.233 - - [16/Feb/2020:22:07:22 +0900] "GET /home/en/whoweare/korea.do HTTP/1.1" 200 29641
40.77.167.8 - - [16/Feb/2020:22:08:24 +0900] "GET /error/kr/error.jsp HTTP/1.1" 500 3570
207.46.13.171 - - [16/Feb/2020:22:09:58 +0900] "GET /error/kr/error.jsp HTTP/1.1" 500 3570
117.150.182.248 - - [16/Feb/2020:22:15:53 +0900] "GET /error/kr/error.jsp HTTP/1.1" 500 3570
54.68.85.0 - - [16/Feb/2020:22:15:57 +0900] "GET /index.jsp HTTP/1.1" 302 -
5.101.0.209 - - [16/Feb/2020:22:17:53 +0900] "GET /error/kr/error.jsp HTTP/1.1" 500 3570
40.77.167.8 - - [16/Feb/2020:22:23:22 +0900] "GET /home/about/about.do HTTP/1.1" 200 15329
94.158.36.183 - - [16/Feb/2020:22:23:56 +0900] "GET /error/kr/error.jsp HTTP/1.1" 500 3570
94.158.36.183 - - [16/Feb/2020:22:23:58 +0900] "GET /error/kr/error.jsp HTTP/1.1" 500 3570
193.111.62.163 - - [16/Feb/2020:22:28:00 +0900] "GET /home/news/news/list.do HTTP/1.1" 200 7091
40.77.167.8 - - [16/Feb/2020:22:29:03 +0900] "GET /error/kr/error.jsp HTTP/1.1" 500 3570
5.101.0.209 - - [16/Feb/2020:22:30:11 +0900] "GET /index.jsp?a=fetch&content=<php>die(@md5(HelloThinkCMF))</php> HTTP/1.1" 302 -
5.101.0.209 - - [16/Feb/2020:22:30:12 +0900] "GET /home/main/main.do HTTP/1.1" 200 12222
5.101.0.209 - - [16/Feb/2020:22:30:12 +0900] "GET /index.jsp?XDEBUG_SESSION_START=phpstorm HTTP/1.1" 302 -
5.101.0.209 - - [16/Feb/2020:22:30:13 +0900] "GET /home/main/main.do HTTP/1.1" 200 12222
66.249.75.122 - - [16/Feb/2020:22:32:16 +0900] "GET /error/kr/error.jsp HTTP/1.1" 500 3570
5.101.0.209 - - [16/Feb/2020:22:39:21 +0900] "GET /error/kr/error.jsp HTTP/1.1" 500 3570
23.100.232.233 - - [16/Feb/2020:22:47:57 +0900] "GET /home/en/whoweare/korea.do HTTP/1.1" 200 29641
34.199.176.251 - - [16/Feb/2020:22:49:49 +0900] "GET /home/news/news/view.do?num=3 HTTP/1.1" 200 5573
34.199.176.251 - - [16/Feb/2020:22:49:50 +0900] "GET /home/news/news/view.do HTTP/1.1" 500 3570
66.249.69.249 - - [16/Feb/2020:22:52:21 +0900] "GET /error/kr/error.jsp HTTP/1.1" 500 3762
222.231.30.115 - - [16/Feb/2020:23:24:01 +0900] "GET /index.jsp HTTP/1.1" 302 -
222.231.30.115 - - [16/Feb/2020:23:24:01 +0900] "GET /home/main/main.do HTTP/1.1" 200 12222
222.231.30.115 - - [16/Feb/2020:23:24:03 +0900] "GET /home/main/main.do HTTP/1.1" 200 12222
222.231.30.115 - - [16/Feb/2020:23:24:03 +0900] "GET /home/main/main.do HTTP/1.1" 200 12222
193.111.62.163 - - [16/Feb/2020:23:24:17 +0900] "GET /home/news/news/list.do HTTP/1.1" 200 7091
23.100.232.233 - - [16/Feb/2020:23:26:22 +0900] "GET /home/en/whoweare/korea.do HTTP/1.1" 200 29641
207.46.13.67 - - [16/Feb/2020:23:35:06 +0900] "GET /error/kr/error.jsp HTTP/1.1" 500 3570
116.199.102.137 - - [16/Feb/2020:23:37:58 +0900] "GET /index.jsp HTTP/1.1" 302 -
116.199.102.137 - - [16/Feb/2020:23:37:59 +0900] "GET /home/en/main/main.do HTTP/1.1" 200 11080
180.163.220.66 - - [16/Feb/2020:23:38:06 +0900] "GET /home/en/main/main.do HTTP/1.1" 302 -
42.236.10.117 - - [16/Feb/2020:23:38:08 +0900] "GET /index.jsp HTTP/1.1" 302 -
180.163.220.67 - - [16/Feb/2020:23:38:09 +0900] "GET /home/en/main/main.do HTTP/1.1" 200 8279
42.236.10.117 - - [16/Feb/2020:23:38:09 +0900] "GET /home/main/main.do HTTP/1.1" 302 -
42.236.10.125 - - [16/Feb/2020:23:38:09 +0900] "GET /home/main/main.do HTTP/1.1" 200 8898
42.236.10.125 - - [16/Feb/2020:23:38:12 +0900] "GET /error/kr/error.jsp HTTP/1.1" 500 3762
180.163.220.68 - - [16/Feb/2020:23:38:13 +0900] "GET /error/kr/error.jsp HTTP/1.1" 500 3762
42.236.10.84 - - [16/Feb/2020:23:38:25 +0900] "GET /index.jsp HTTP/1.1" 302 -
42.236.10.84 - - [16/Feb/2020:23:38:25 +0900] "GET /home/main/main.do HTTP/1.1" 200 8898
42.236.10.84 - - [16/Feb/2020:23:38:42 +0900] "GET /error/kr/error.jsp HTTP/1.1" 500 3762
220.181.108.143 - - [16/Feb/2020:23:41:23 +0900] "GET /index.jsp HTTP/1.1" 302 -
220.181.108.179 - - [16/Feb/2020:23:41:23 +0900] "GET /home/en/main/main.do HTTP/1.1" 200 11080
103.131.71.40 - - [16/Feb/2020:23:46:59 +0900] "GET /error/kr/error.jsp HTTP/1.1" 500 3570
103.131.71.37 - - [16/Feb/2020:23:47:01 +0900] "GET /error/kr/error.jsp HTTP/1.1" 500 3762
103.131.71.50 - - [16/Feb/2020:23:47:05 +0900] "GET /error/kr/error.jsp HTTP/1.1" 500 3570
149.129.110.63 - - [16/Feb/2020:23:49:15 +0900] "GET /error/kr/error.jsp HTTP/1.1" 500 3570
23.100.232.233 - - [16/Feb/2020:23:52:59 +0900] "GET /home/whoweare/korea.do HTTP/1.1" 200 29677
