66.249.65.186 - - [27/Dec/2019:16:13:02 +0900] "GET /error/kr/error.jsp HTTP/1.1" 500 3762
139.162.106.181 - - [27/Dec/2019:16:14:56 +0900] "GET /index.jsp HTTP/1.1" 302 -
49.89.118.23 - - [27/Dec/2019:16:16:05 +0900] "GET /error/kr/error.jsp HTTP/1.1" 500 3570
42.236.10.89 - - [27/Dec/2019:16:19:48 +0900] "GET /error/kr/error.jsp HTTP/1.1" 500 3570
103.131.71.50 - - [27/Dec/2019:16:25:19 +0900] "GET /error/kr/error.jsp HTTP/1.1" 500 3570
103.131.71.48 - - [27/Dec/2019:16:25:21 +0900] "GET /error/kr/error.jsp HTTP/1.1" 500 3762
14.102.75.244 - - [27/Dec/2019:16:25:24 +0900] "GET /index.jsp HTTP/1.1" 302 -
103.131.71.37 - - [27/Dec/2019:16:25:37 +0900] "GET /error/kr/error.jsp HTTP/1.1" 500 3570
3.90.236.84 - - [27/Dec/2019:16:44:25 +0900] "GET /error/kr/error.jsp HTTP/1.1" 500 3570
3.90.236.84 - - [27/Dec/2019:16:44:27 +0900] "GET /error/kr/error.jsp HTTP/1.1" 500 3570
54.146.43.69 - - [27/Dec/2019:16:47:03 +0900] "GET /error/kr/error.jsp HTTP/1.0" 500 3570
54.242.169.12 - - [27/Dec/2019:16:49:22 +0900] "GET /index.jsp HTTP/1.1" 302 -
54.242.169.12 - - [27/Dec/2019:16:49:22 +0900] "GET /home/en/main/main.do HTTP/1.1" 200 11080
54.242.169.12 - - [27/Dec/2019:16:49:24 +0900] "GET /error/kr/error.jsp HTTP/1.1" 500 3570
54.236.1.18 - - [27/Dec/2019:16:54:01 +0900] "GET /error/kr/error.jsp HTTP/1.1" 500 3570
54.236.1.18 - - [27/Dec/2019:16:54:02 +0900] "GET /index.jsp?ko HTTP/1.1" 302 -
54.236.1.18 - - [27/Dec/2019:16:54:02 +0900] "GET /home/main/main.do HTTP/1.1" 200 12222
54.236.1.18 - - [27/Dec/2019:16:54:04 +0900] "GET /error/kr/error.jsp HTTP/1.1" 500 3570
117.71.49.72 - - [27/Dec/2019:17:00:02 +0900] "GET /error/kr/error.jsp HTTP/1.1" 500 3570
77.75.76.171 - - [27/Dec/2019:17:01:09 +0900] "GET /error/kr/error.jsp HTTP/1.1" 500 3570
66.249.65.188 - - [27/Dec/2019:17:02:53 +0900] "GET /error/kr/error.jsp HTTP/1.1" 500 3762
211.60.71.100 - - [27/Dec/2019:17:14:17 +0900] "GET /index.jsp HTTP/1.1" 302 -
211.60.71.100 - - [27/Dec/2019:17:14:17 +0900] "GET /home/main/main.do HTTP/1.1" 200 12222
211.60.71.100 - - [27/Dec/2019:17:14:25 +0900] "GET /home/meetourpartners/all.do HTTP/1.1" 200 101569
211.60.71.100 - - [27/Dec/2019:17:14:53 +0900] "GET /home/meetourpartners/domestic.do HTTP/1.1" 200 73451
193.111.62.163 - - [27/Dec/2019:17:14:57 +0900] "GET /home/news/news/list.do HTTP/1.1" 200 7091
211.60.71.100 - - [27/Dec/2019:17:14:58 +0900] "GET /home/meetourpartners/overseas.do HTTP/1.1" 200 32620
110.229.217.111 - - [27/Dec/2019:17:14:59 +0900] "GET /error/kr/error.jsp HTTP/1.1" 500 3570
211.60.71.100 - - [27/Dec/2019:17:15:17 +0900] "GET /home/meetourpartners/domestic.do HTTP/1.1" 200 73451
211.60.71.100 - - [27/Dec/2019:17:15:47 +0900] "GET /home/whoweare/korea.do HTTP/1.1" 200 31387
103.76.173.58 - - [27/Dec/2019:17:15:54 +0900] "GET /index.jsp HTTP/1.1" 302 -
207.46.13.154 - - [27/Dec/2019:17:21:16 +0900] "GET /error/kr/error.jsp HTTP/1.1" 500 3570
222.235.208.2 - - [27/Dec/2019:17:32:59 +0900] "GET /index.jsp HTTP/1.1" 302 -
222.235.208.2 - - [27/Dec/2019:17:32:59 +0900] "GET /home/main/main.do HTTP/1.1" 200 12222
34.199.176.251 - - [27/Dec/2019:17:36:58 +0900] "GET /home/news/news/view.do?num=1 HTTP/1.1" 200 8971
34.199.176.251 - - [27/Dec/2019:17:36:58 +0900] "GET /home/news/news/view.do HTTP/1.1" 500 3570
211.60.71.100 - - [27/Dec/2019:17:41:26 +0900] "GET /home/news/news/list.do HTTP/1.1" 200 7091
211.60.71.100 - - [27/Dec/2019:17:41:27 +0900] "GET /home/whoweare/korea.do HTTP/1.1" 200 31387
211.60.71.100 - - [27/Dec/2019:17:41:29 +0900] "GET /home/watwedo/overview.do HTTP/1.1" 200 6147
211.60.71.100 - - [27/Dec/2019:17:41:32 +0900] "GET /home/watwedo/history.do HTTP/1.1" 200 10614
211.60.71.100 - - [27/Dec/2019:17:41:33 +0900] "GET /home/watwedo/overview.do HTTP/1.1" 200 6147
211.60.71.100 - - [27/Dec/2019:17:41:35 +0900] "GET /home/watwedo/history.do HTTP/1.1" 200 10614
211.60.71.100 - - [27/Dec/2019:17:41:44 +0900] "GET /home/watwedo/philosophy.do HTTP/1.1" 200 7162
211.60.71.100 - - [27/Dec/2019:17:41:45 +0900] "GET /home/watwedo/history.do HTTP/1.1" 200 10614
211.60.71.100 - - [27/Dec/2019:17:41:47 +0900] "GET /home/watwedo/philosophy.do HTTP/1.1" 200 7162
211.60.71.100 - - [27/Dec/2019:17:42:09 +0900] "GET /home/meetourpartners/all.do HTTP/1.1" 200 101569
175.209.190.40 - - [27/Dec/2019:17:42:59 +0900] "GET /index.jsp HTTP/1.1" 302 -
175.209.190.40 - - [27/Dec/2019:17:42:59 +0900] "GET /home/main/main.do HTTP/1.1" 200 12222
175.209.190.40 - - [27/Dec/2019:17:43:02 +0900] "GET /home/whoweare/korea.do HTTP/1.1" 200 31387
175.209.190.40 - - [27/Dec/2019:17:43:40 +0900] "GET /home/contact/contact.do HTTP/1.1" 200 5224
175.209.190.40 - - [27/Dec/2019:17:45:03 +0900] "GET /home/whoweare/korea.do HTTP/1.1" 200 31387
58.87.61.252 - - [27/Dec/2019:17:47:31 +0900] "GET /index.jsp HTTP/1.1" 302 -
58.87.61.252 - - [27/Dec/2019:17:47:31 +0900] "GET /home/main/main.do HTTP/1.1" 200 12222
62.1.57.124 - - [27/Dec/2019:17:47:41 +0900] "GET /index.jsp HTTP/1.1" 302 -
58.87.61.252 - - [27/Dec/2019:17:50:06 +0900] "GET /home/whoweare/korea.do HTTP/1.1" 200 31387
58.87.61.252 - - [27/Dec/2019:17:53:19 +0900] "GET /home/whoweare/china.do HTTP/1.1" 200 10340
58.87.61.252 - - [27/Dec/2019:17:53:53 +0900] "GET /home/watwedo/overview.do HTTP/1.1" 200 6147
58.87.61.252 - - [27/Dec/2019:17:54:04 +0900] "GET /home/watwedo/history.do HTTP/1.1" 200 10614
58.87.61.252 - - [27/Dec/2019:17:54:13 +0900] "GET /home/watwedo/philosophy.do HTTP/1.1" 200 7162
139.129.98.166 - - [27/Dec/2019:17:54:41 +0900] "GET /error/kr/error.jsp HTTP/1.1" 500 3570
58.87.61.252 - - [27/Dec/2019:17:56:26 +0900] "GET /home/news/news/list.do HTTP/1.1" 200 7091
175.193.220.190 - - [27/Dec/2019:17:58:16 +0900] "GET /index.jsp HTTP/1.1" 302 -
175.193.220.190 - - [27/Dec/2019:17:58:16 +0900] "GET /home/main/main.do HTTP/1.1" 200 12222
125.209.235.180 - - [27/Dec/2019:18:08:22 +0900] "GET /error/kr/error.jsp HTTP/1.1" 500 3570
66.249.65.186 - - [27/Dec/2019:18:09:38 +0900] "GET /error/kr/error.jsp HTTP/1.1" 500 3762
66.249.73.84 - - [27/Dec/2019:18:09:49 +0900] "GET /error/kr/error.jsp HTTP/1.1" 500 3570
167.71.97.206 - - [27/Dec/2019:18:10:34 +0900] "GET /error/kr/error.jsp HTTP/1.1" 500 3570
77.75.79.54 - - [27/Dec/2019:18:15:00 +0900] "GET /error/kr/error.jsp HTTP/1.1" 500 3570
193.111.62.163 - - [27/Dec/2019:18:16:01 +0900] "GET /home/news/news/list.do HTTP/1.1" 200 7091
66.249.65.186 - - [27/Dec/2019:18:19:39 +0900] "GET /error/kr/error.jsp HTTP/1.1" 500 3762
122.42.120.212 - - [27/Dec/2019:18:39:47 +0900] "GET /index.jsp HTTP/1.1" 302 -
122.42.120.212 - - [27/Dec/2019:18:39:47 +0900] "GET /home/main/main.do HTTP/1.1" 200 12222
125.184.220.232 - - [27/Dec/2019:18:45:02 +0900] "GET /filter/checker.jsp?campaignID=362&email=naresej@naver.com&responseEnd=2018-12-10 HTTP/1.1" 404 3570
122.42.120.212 - - [27/Dec/2019:18:45:35 +0900] "GET /home/contact/contact.do HTTP/1.1" 200 5224
122.42.120.212 - - [27/Dec/2019:18:46:29 +0900] "GET /home/meetourpartners/all.do HTTP/1.1" 200 101569
122.42.120.212 - - [27/Dec/2019:18:47:19 +0900] "GET /home/news/news/list.do HTTP/1.1" 200 7091
122.42.120.212 - - [27/Dec/2019:18:47:30 +0900] "GET /home/whoweare/korea.do HTTP/1.1" 200 31387
23.100.232.233 - - [27/Dec/2019:18:49:26 +0900] "GET /home/watwedo/overview.do HTTP/1.1" 200 6147
119.207.72.183 - - [27/Dec/2019:19:08:40 +0900] "GET /index.jsp HTTP/1.1" 302 -
119.207.72.183 - - [27/Dec/2019:19:08:40 +0900] "GET /home/main/main.do HTTP/1.1" 200 12222
66.249.73.86 - - [27/Dec/2019:19:10:14 +0900] "GET /error/kr/error.jsp HTTP/1.1" 500 3570
193.111.62.163 - - [27/Dec/2019:19:11:24 +0900] "GET /home/news/news/list.do HTTP/1.1" 200 7091
66.249.73.82 - - [27/Dec/2019:19:20:16 +0900] "GET /error/kr/error.jsp HTTP/1.1" 500 3570
221.217.103.86 - - [27/Dec/2019:19:20:59 +0900] "GET /home/en/whoweare/korea.do HTTP/1.1" 200 31310
42.236.10.125 - - [27/Dec/2019:19:21:06 +0900] "GET /home/en/whoweare/korea.do HTTP/1.1" 302 -
42.236.10.125 - - [27/Dec/2019:19:21:08 +0900] "GET /home/en/whoweare/korea.do HTTP/1.1" 302 -
180.163.220.68 - - [27/Dec/2019:19:21:11 +0900] "GET /index.jsp HTTP/1.1" 302 -
42.236.10.125 - - [27/Dec/2019:19:21:14 +0900] "GET /home/en/whoweare/korea.do HTTP/1.1" 200 44648
180.163.220.5 - - [27/Dec/2019:19:21:22 +0900] "GET /home/main/main.do HTTP/1.1" 302 -
180.163.220.3 - - [27/Dec/2019:19:21:32 +0900] "GET /home/main/main.do HTTP/1.1" 200 8898
42.236.10.125 - - [27/Dec/2019:19:21:52 +0900] "GET /index.jsp HTTP/1.1" 302 -
180.163.220.4 - - [27/Dec/2019:19:21:52 +0900] "GET /index.jsp HTTP/1.1" 302 -
180.163.220.4 - - [27/Dec/2019:19:21:52 +0900] "GET /index.jsp HTTP/1.1" 302 -
180.163.220.4 - - [27/Dec/2019:19:21:53 +0900] "GET /home/main/main.do HTTP/1.1" 302 -
180.163.220.68 - - [27/Dec/2019:19:21:53 +0900] "GET /home/main/main.do HTTP/1.1" 200 8898
42.236.10.125 - - [27/Dec/2019:19:21:53 +0900] "GET /index.jsp HTTP/1.1" 302 -
42.236.10.125 - - [27/Dec/2019:19:21:54 +0900] "GET /home/main/main.do HTTP/1.1" 200 8898
180.163.220.68 - - [27/Dec/2019:19:21:59 +0900] "GET /error/kr/error.jsp HTTP/1.1" 500 3762
42.236.10.117 - - [27/Dec/2019:19:22:03 +0900] "GET /error/kr/error.jsp HTTP/1.1" 500 3762
123.160.16.223 - - [27/Dec/2019:19:24:34 +0900] "GET /error/kr/error.jsp HTTP/1.1" 500 3570
128.134.186.172 - - [27/Dec/2019:19:38:14 +0900] "GET /index.jsp HTTP/1.1" 302 -
128.134.186.172 - - [27/Dec/2019:19:38:14 +0900] "GET /home/main/main.do HTTP/1.1" 200 12222
128.134.186.172 - - [27/Dec/2019:19:38:22 +0900] "GET /home/watwedo/overview.do HTTP/1.1" 200 6147
128.134.186.172 - - [27/Dec/2019:19:38:30 +0900] "GET /home/whoweare/korea.do HTTP/1.1" 200 31387
23.100.232.233 - - [27/Dec/2019:19:49:20 +0900] "GET /home/watwedo/overview.do HTTP/1.1" 200 6147
222.122.190.55 - - [27/Dec/2019:19:55:37 +0900] "GET /index.jsp HTTP/1.1" 302 -
222.122.190.55 - - [27/Dec/2019:19:55:37 +0900] "GET /home/main/main.do HTTP/1.1" 200 12222
222.122.190.55 - - [27/Dec/2019:19:55:37 +0900] "GET /index.jsp HTTP/1.1" 302 -
222.122.190.55 - - [27/Dec/2019:19:55:37 +0900] "GET /home/main/main.do HTTP/1.1" 200 12222
222.122.190.55 - - [27/Dec/2019:19:55:37 +0900] "GET /error/kr/error.jsp HTTP/1.1" 500 3570
42.123.77.121 - - [27/Dec/2019:20:04:09 +0900] "GET /error/kr/error.jsp HTTP/1.1" 500 3570
223.38.21.165 - - [27/Dec/2019:20:08:21 +0900] "GET /home/whoweare/korea.do HTTP/1.1" 200 45742
125.209.235.171 - - [27/Dec/2019:20:08:22 +0900] "GET /error/kr/error.jsp HTTP/1.1" 500 3570
193.111.62.163 - - [27/Dec/2019:20:11:16 +0900] "GET /home/news/news/list.do HTTP/1.1" 200 7091
66.249.73.86 - - [27/Dec/2019:20:13:55 +0900] "GET /error/kr/error.jsp HTTP/1.1" 500 3570
45.33.66.85 - - [27/Dec/2019:20:37:07 +0900] "GET /error/kr/error.jsp HTTP/1.1" 500 3570
157.55.39.164 - - [27/Dec/2019:20:40:56 +0900] "GET /home/meetourpartners/domestic.do HTTP/1.1" 200 73451
35.161.208.217 - - [27/Dec/2019:20:42:41 +0900] "GET /index.jsp HTTP/1.1" 302 -
35.161.208.217 - - [27/Dec/2019:20:42:41 +0900] "GET /home/main/main.do HTTP/1.1" 200 12222
157.55.39.2 - - [27/Dec/2019:20:43:02 +0900] "GET /error/kr/error.jsp HTTP/1.1" 500 3570
207.46.13.242 - - [27/Dec/2019:20:43:06 +0900] "GET /error/kr/error.jsp HTTP/1.1" 500 3570
112.150.58.95 - - [27/Dec/2019:20:55:23 +0900] "GET /home/main/main.do HTTP/1.1" 200 8898
112.150.58.95 - - [27/Dec/2019:20:55:23 +0900] "GET /error/kr/error.jsp HTTP/1.1" 500 3762
112.150.58.95 - - [27/Dec/2019:20:55:28 +0900] "GET /home/whoweare/korea.do HTTP/1.1" 200 45742
38.99.62.91 - - [27/Dec/2019:21:07:12 +0900] "GET /home/news/news/view.do?page=&num=8 HTTP/1.1" 200 9166
38.99.62.91 - - [27/Dec/2019:21:07:52 +0900] "GET /home/news/news/view.do?page=&num=9 HTTP/1.1" 200 9132
38.99.62.91 - - [27/Dec/2019:21:08:31 +0900] "GET /home/meetourpartners/all.do HTTP/1.1" 200 101569
38.99.62.91 - - [27/Dec/2019:21:09:11 +0900] "GET /home/news/news/view.do?page=&num=8 HTTP/1.1" 200 9166
38.99.62.91 - - [27/Dec/2019:21:09:51 +0900] "GET /home/en/meetourpartners/all.do HTTP/1.1" 200 95227
38.99.62.91 - - [27/Dec/2019:21:10:16 +0900] "GET /home/news/news/view.do?page=&num=9 HTTP/1.1" 200 9132
38.99.62.91 - - [27/Dec/2019:21:10:41 +0900] "GET /home/news/news/view.do?page=&num=10 HTTP/1.1" 200 6753
38.99.62.91 - - [27/Dec/2019:21:11:21 +0900] "GET /home/news/news/view.do?page=&num=9 HTTP/1.1" 200 9132
38.99.62.91 - - [27/Dec/2019:21:11:46 +0900] "GET /home/news/news/view.do?page=&num=10 HTTP/1.1" 200 6753
38.99.62.91 - - [27/Dec/2019:21:12:12 +0900] "GET /home/news/news/view.do?page=&num=11 HTTP/1.1" 200 5545
121.254.147.237 - - [27/Dec/2019:21:13:02 +0900] "GET /index.jsp HTTP/1.1" 302 -
121.254.147.237 - - [27/Dec/2019:21:13:02 +0900] "GET /home/en/main/main.do HTTP/1.1" 200 11080
38.99.62.91 - - [27/Dec/2019:21:13:31 +0900] "GET /home/news/news/view.do?page=&num=12 HTTP/1.1" 200 9080
38.99.62.91 - - [27/Dec/2019:21:14:10 +0900] "GET /home/news/news/view.do?page=&num=11 HTTP/1.1" 200 5545
38.99.62.91 - - [27/Dec/2019:21:14:50 +0900] "GET /home/news/news/view.do?page=&num=12 HTTP/1.1" 200 9080
38.99.62.91 - - [27/Dec/2019:21:15:29 +0900] "GET /home/news/news/view.do?page=&num=13 HTTP/1.1" 200 9156
193.111.62.163 - - [27/Dec/2019:21:15:49 +0900] "GET /home/news/news/list.do HTTP/1.1" 200 7091
38.99.62.91 - - [27/Dec/2019:21:16:09 +0900] "GET /home/news/news/view.do?page=&num=12 HTTP/1.1" 200 9080
38.99.62.91 - - [27/Dec/2019:21:16:48 +0900] "GET /home/news/news/view.do?page=&num=13 HTTP/1.1" 200 9156
38.99.62.91 - - [27/Dec/2019:21:17:28 +0900] "GET /home/news/news/view.do?page=&num=14 HTTP/1.1" 200 6733
38.99.62.91 - - [27/Dec/2019:21:18:08 +0900] "GET /home/news/news/view.do?page=&num=13 HTTP/1.1" 200 9156
38.99.62.91 - - [27/Dec/2019:21:18:48 +0900] "GET /home/news/news/view.do?page=&num=14 HTTP/1.1" 200 6733
38.99.62.91 - - [27/Dec/2019:21:19:13 +0900] "GET /home/news/news/view.do?page=&num=15 HTTP/1.1" 200 9178
38.99.62.91 - - [27/Dec/2019:21:19:39 +0900] "GET /home/meetourpartners/all.do HTTP/1.1" 200 101569
38.99.62.91 - - [27/Dec/2019:21:20:18 +0900] "GET /home/meetourpartners/all.do HTTP/1.1" 200 101569
38.99.62.91 - - [27/Dec/2019:21:20:58 +0900] "GET /home/news/news/view.do?page=&num=14 HTTP/1.1" 200 6733
94.102.56.151 - - [27/Dec/2019:21:21:01 +0900] "GET /index.jsp HTTP/1.1" 302 -
94.102.56.151 - - [27/Dec/2019:21:21:02 +0900] "GET /home/main/main.do HTTP/1.1" 200 12222
38.99.62.91 - - [27/Dec/2019:21:21:37 +0900] "GET /home/news/news/view.do?page=&num=15 HTTP/1.1" 200 9178
38.99.62.91 - - [27/Dec/2019:21:22:17 +0900] "GET /home/news/news/view.do?page=&num=16 HTTP/1.1" 200 5663
38.99.62.91 - - [27/Dec/2019:21:22:56 +0900] "GET /home/news/news/view.do?page=&num=15 HTTP/1.1" 200 9178
38.99.62.91 - - [27/Dec/2019:21:23:36 +0900] "GET /home/news/news/view.do?page=&num=16 HTTP/1.1" 200 5663
38.99.62.91 - - [27/Dec/2019:21:24:15 +0900] "GET /home/news/news/view.do?page=&num=17 HTTP/1.1" 200 5758
66.249.65.251 - - [27/Dec/2019:21:24:45 +0900] "GET /error/kr/error.jsp HTTP/1.1" 500 3570
38.99.62.91 - - [27/Dec/2019:21:24:55 +0900] "GET /home/news/news/view.do?page=&num=16 HTTP/1.1" 200 5663
38.99.62.91 - - [27/Dec/2019:21:25:20 +0900] "GET /home/news/news/view.do?page=&num=17 HTTP/1.1" 200 5758
38.99.62.91 - - [27/Dec/2019:21:26:00 +0900] "GET /home/news/news/view.do?page=&num=18 HTTP/1.1" 200 9134
38.99.62.91 - - [27/Dec/2019:21:26:39 +0900] "GET /home/news/news/view.do?page=&num=17 HTTP/1.1" 200 5758
38.99.62.91 - - [27/Dec/2019:21:27:19 +0900] "GET /home/news/news/view.do?page=&num=18 HTTP/1.1" 200 9134
38.99.62.91 - - [27/Dec/2019:21:27:59 +0900] "GET /home/news/news/view.do?page=&num=19 HTTP/1.1" 200 6162
38.99.62.91 - - [27/Dec/2019:21:28:38 +0900] "GET /home/news/news/view.do?page=&num=18 HTTP/1.1" 200 9134
38.99.62.91 - - [27/Dec/2019:21:29:19 +0900] "GET /home/news/news/view.do?page=&num=19 HTTP/1.1" 200 6162
38.99.62.91 - - [27/Dec/2019:21:30:40 +0900] "GET /home/news/news/view.do?page=&num=10 HTTP/1.1" 200 6753
38.99.62.91 - - [27/Dec/2019:21:31:20 +0900] "GET /home/news/news/view.do?page=&num=7 HTTP/1.1" 200 5545
38.99.62.91 - - [27/Dec/2019:21:32:05 +0900] "GET /home/news/news/view.do?page=&num=6 HTTP/1.1" 200 9118
38.99.62.91 - - [27/Dec/2019:21:32:50 +0900] "GET /home/news/news/view.do?page=1&num=12 HTTP/1.1" 200 9083
119.207.72.146 - - [27/Dec/2019:21:33:21 +0900] "GET /home/news/news/view.do?page=1&num=4 HTTP/1.1" 200 9123
38.99.62.91 - - [27/Dec/2019:21:33:30 +0900] "GET /home/news/news/view.do?page=1&num=13 HTTP/1.1" 200 9159
38.99.62.91 - - [27/Dec/2019:21:34:09 +0900] "GET /home/meetourpartners/all.do HTTP/1.1" 200 101569
38.99.62.91 - - [27/Dec/2019:21:34:49 +0900] "GET /home/news/news/view.do?page=1&num=13 HTTP/1.1" 200 9159
38.99.62.91 - - [27/Dec/2019:21:35:28 +0900] "GET /home/news/news/view.do?page=1&num=14 HTTP/1.1" 200 6736
38.99.62.91 - - [27/Dec/2019:21:36:08 +0900] "GET /home/news/news/view.do?page=1&num=13 HTTP/1.1" 200 9159
38.99.62.91 - - [27/Dec/2019:21:36:47 +0900] "GET /home/news/news/view.do?page=1&num=14 HTTP/1.1" 200 6736
38.99.62.91 - - [27/Dec/2019:21:37:26 +0900] "GET /home/news/news/view.do?page=1&num=15 HTTP/1.1" 200 9181
110.229.217.111 - - [27/Dec/2019:21:37:33 +0900] "GET /error/kr/error.jsp HTTP/1.1" 500 3570
38.99.62.91 - - [27/Dec/2019:21:38:31 +0900] "GET /home/en/meetourpartners/all.do HTTP/1.1" 200 95227
38.99.62.91 - - [27/Dec/2019:21:39:11 +0900] "GET /home/news/news/view.do?page=1&num=16 HTTP/1.1" 200 5666
38.99.62.91 - - [27/Dec/2019:21:39:37 +0900] "GET /home/news/news/view.do?page=1&num=15 HTTP/1.1" 200 9181
38.99.62.91 - - [27/Dec/2019:21:40:16 +0900] "GET /home/news/news/view.do?page=1&num=16 HTTP/1.1" 200 5666
38.99.62.91 - - [27/Dec/2019:21:40:42 +0900] "GET /home/news/news/view.do?page=1&num=17 HTTP/1.1" 200 5761
38.99.62.91 - - [27/Dec/2019:21:41:21 +0900] "GET /home/news/news/view.do?page=1&num=16 HTTP/1.1" 200 5666
42.236.12.190 - - [27/Dec/2019:21:41:52 +0900] "GET /index.jsp HTTP/1.1" 302 -
42.236.12.190 - - [27/Dec/2019:21:41:52 +0900] "GET /home/en/main/main.do HTTP/1.1" 200 11080
34.199.176.251 - - [27/Dec/2019:21:41:59 +0900] "GET /home/news/news/view.do?num=2 HTTP/1.1" 200 6974
34.199.176.251 - - [27/Dec/2019:21:42:00 +0900] "GET /home/news/news/view.do HTTP/1.1" 500 3570
38.99.62.91 - - [27/Dec/2019:21:42:01 +0900] "GET /home/news/news/view.do?page=1&num=17 HTTP/1.1" 200 5761
34.199.176.251 - - [27/Dec/2019:21:42:27 +0900] "GET /home/news/news/view.do?num=2 HTTP/1.1" 200 6974
34.199.176.251 - - [27/Dec/2019:21:42:28 +0900] "GET /home/news/news/view.do HTTP/1.1" 500 3570
38.99.62.91 - - [27/Dec/2019:21:42:41 +0900] "GET /home/news/news/view.do?page=1&num=18 HTTP/1.1" 200 9137
38.99.62.91 - - [27/Dec/2019:21:43:20 +0900] "GET /home/news/news/view.do?page=1&num=17 HTTP/1.1" 200 5761
38.99.62.91 - - [27/Dec/2019:21:44:00 +0900] "GET /home/en/meetourpartners/all.do HTTP/1.1" 200 95227
38.99.62.91 - - [27/Dec/2019:21:44:39 +0900] "GET /home/news/news/view.do?page=1&num=18 HTTP/1.1" 200 9137
38.99.62.91 - - [27/Dec/2019:21:45:19 +0900] "GET /home/news/news/view.do?page=1&num=19 HTTP/1.1" 200 6164
38.99.62.91 - - [27/Dec/2019:21:45:59 +0900] "GET /home/news/news/view.do?page=1&num=18 HTTP/1.1" 200 9137
38.99.62.91 - - [27/Dec/2019:21:46:38 +0900] "GET /home/news/news/view.do?page=1&num=19 HTTP/1.1" 200 6164
38.99.62.91 - - [27/Dec/2019:21:47:18 +0900] "GET /home/meetourpartners/all.do HTTP/1.1" 200 101569
38.99.62.91 - - [27/Dec/2019:21:47:57 +0900] "GET /home/news/news/view.do?page=1&num=19 HTTP/1.1" 200 6164
38.99.62.91 - - [27/Dec/2019:21:48:37 +0900] "GET /home/news/news/view.do?page=1&num=14 HTTP/1.1" 200 6736
38.99.62.91 - - [27/Dec/2019:21:49:16 +0900] "GET /home/news/news/view.do?page=1&num=12 HTTP/1.1" 200 9083
38.99.62.91 - - [27/Dec/2019:21:49:55 +0900] "GET /home/news/news/view.do?page=2&num=10 HTTP/1.1" 200 6756
38.99.62.91 - - [27/Dec/2019:21:50:35 +0900] "GET /home/news/news/view.do?page=2&num=9 HTTP/1.1" 200 9135
38.99.62.91 - - [27/Dec/2019:21:51:17 +0900] "GET /home/news/news/view.do?page=2&num=10 HTTP/1.1" 200 6756
142.93.119.9 - - [27/Dec/2019:21:51:48 +0900] "GET /error/kr/error.jsp HTTP/1.1" 500 3570
38.99.62.91 - - [27/Dec/2019:21:51:56 +0900] "GET /home/news/news/view.do?page=&num=6 HTTP/1.1" 200 9118
142.93.119.9 - - [27/Dec/2019:21:52:18 +0900] "GET /error/kr/error.jsp HTTP/1.1" 500 3570
38.99.62.91 - - [27/Dec/2019:21:52:36 +0900] "GET /home/news/news/view.do?page=&num=7 HTTP/1.1" 200 5545
142.93.119.9 - - [27/Dec/2019:21:52:49 +0900] "GET /error/kr/error.jsp HTTP/1.1" 500 3570
223.62.21.224 - - [27/Dec/2019:21:52:50 +0900] "GET /index.jsp HTTP/1.1" 302 -
223.62.21.224 - - [27/Dec/2019:21:52:50 +0900] "GET /home/main/main.do HTTP/1.1" 302 -
223.62.21.224 - - [27/Dec/2019:21:52:50 +0900] "GET /home/main/main.do HTTP/1.1" 200 8898
223.62.21.224 - - [27/Dec/2019:21:52:51 +0900] "GET /error/kr/error.jsp HTTP/1.1" 500 3762
223.62.21.224 - - [27/Dec/2019:21:52:54 +0900] "GET /home/watwedo/overview.do HTTP/1.1" 200 7044
223.62.21.224 - - [27/Dec/2019:21:53:02 +0900] "GET /home/watwedo/philosophy.do HTTP/1.1" 200 7553
223.62.21.224 - - [27/Dec/2019:21:53:04 +0900] "GET /home/watwedo/history.do HTTP/1.1" 200 8921
223.62.21.224 - - [27/Dec/2019:21:53:05 +0900] "GET /home/watwedo/philosophy.do HTTP/1.1" 200 7553
142.93.119.9 - - [27/Dec/2019:21:53:09 +0900] "GET /error/kr/error.jsp HTTP/1.1" 500 3570
223.62.21.224 - - [27/Dec/2019:21:53:15 +0900] "GET /home/whoweare/korea.do HTTP/1.1" 200 45742
38.99.62.91 - - [27/Dec/2019:21:53:15 +0900] "GET /home/news/news/view.do?page=&num=6 HTTP/1.1" 200 9118
142.93.119.9 - - [27/Dec/2019:21:53:29 +0900] "GET /error/kr/error.jsp HTTP/1.1" 500 3570
218.51.34.97 - - [27/Dec/2019:21:53:33 +0900] "GET /index.jsp HTTP/1.1" 302 -
218.51.34.97 - - [27/Dec/2019:21:53:33 +0900] "GET /home/main/main.do HTTP/1.1" 302 -
218.51.34.97 - - [27/Dec/2019:21:53:33 +0900] "GET /home/main/main.do HTTP/1.1" 200 8898
218.51.34.97 - - [27/Dec/2019:21:53:34 +0900] "GET /error/kr/error.jsp HTTP/1.1" 500 3762
38.99.62.91 - - [27/Dec/2019:21:53:55 +0900] "GET /home/news/news/view.do?page=2&num=9 HTTP/1.1" 200 9135
218.51.34.97 - - [27/Dec/2019:21:54:09 +0900] "GET /index.jsp HTTP/1.1" 302 -
218.51.34.97 - - [27/Dec/2019:21:54:09 +0900] "GET /home/main/main.do HTTP/1.1" 302 -
218.51.34.97 - - [27/Dec/2019:21:54:09 +0900] "GET /home/main/main.do HTTP/1.1" 200 8898
218.51.34.97 - - [27/Dec/2019:21:54:09 +0900] "GET /error/kr/error.jsp HTTP/1.1" 500 3762
218.51.34.97 - - [27/Dec/2019:21:54:21 +0900] "GET /home/whoweare/korea.do HTTP/1.1" 200 45742
38.99.62.91 - - [27/Dec/2019:21:54:35 +0900] "GET /home/news/news/view.do?page=2&num=8 HTTP/1.1" 200 9169
218.51.34.97 - - [27/Dec/2019:21:55:13 +0900] "GET /home/whoweare/korea.do HTTP/1.1" 200 45742
38.99.62.91 - - [27/Dec/2019:21:55:20 +0900] "GET /home/news/news/view.do?page=2&num=9 HTTP/1.1" 200 9135
218.51.34.97 - - [27/Dec/2019:21:55:29 +0900] "GET /home/whoweare/korea.do HTTP/1.1" 200 45742
218.51.34.97 - - [27/Dec/2019:21:55:56 +0900] "GET /home/whoweare/korea.do HTTP/1.1" 200 45742
38.99.62.91 - - [27/Dec/2019:21:56:00 +0900] "GET /home/news/news/view.do?page=2&num=9 HTTP/1.1" 200 9135
218.51.34.97 - - [27/Dec/2019:21:56:16 +0900] "GET /home/meetourpartners/all.do HTTP/1.1" 200 105128
38.99.62.91 - - [27/Dec/2019:21:56:39 +0900] "GET /home/news/news/view.do?page=2&num=8 HTTP/1.1" 200 9169
218.51.34.97 - - [27/Dec/2019:21:56:55 +0900] "GET /home/meetourpartners/domestic.do HTTP/1.1" 200 76259
218.51.34.97 - - [27/Dec/2019:21:57:11 +0900] "GET /home/meetourpartners/overseas.do HTTP/1.1" 200 34535
218.51.34.97 - - [27/Dec/2019:21:57:48 +0900] "GET /home/news/news/list.do HTTP/1.1" 200 71778
38.99.62.91 - - [27/Dec/2019:21:57:58 +0900] "GET /home/news/news/view.do?page=2&num=7 HTTP/1.1" 200 5548
38.99.62.91 - - [27/Dec/2019:21:58:38 +0900] "GET /home/news/news/view.do?page=2&num=8 HTTP/1.1" 200 9169
218.51.34.97 - - [27/Dec/2019:21:58:58 +0900] "GET /index.jsp HTTP/1.1" 302 -
218.51.34.97 - - [27/Dec/2019:21:58:58 +0900] "GET /home/main/main.do HTTP/1.1" 302 -
218.51.34.97 - - [27/Dec/2019:21:58:59 +0900] "GET /home/main/main.do HTTP/1.1" 200 8898
218.51.34.97 - - [27/Dec/2019:21:59:03 +0900] "GET /home/whoweare/korea.do HTTP/1.1" 200 45742
38.99.62.91 - - [27/Dec/2019:21:59:17 +0900] "GET /home/news/news/view.do?page=2&num=7 HTTP/1.1" 200 5548
218.51.34.97 - - [27/Dec/2019:21:59:33 +0900] "GET /home/whoweare/korea.do HTTP/1.1" 200 45742
218.51.34.97 - - [27/Dec/2019:21:59:48 +0900] "GET /home/whoweare/korea.do HTTP/1.1" 200 45742
218.51.34.97 - - [27/Dec/2019:21:59:55 +0900] "GET /home/whoweare/korea.do HTTP/1.1" 200 45742
38.99.62.91 - - [27/Dec/2019:21:59:57 +0900] "GET /home/en/meetourpartners/all.do HTTP/1.1" 200 95227
38.99.62.91 - - [27/Dec/2019:22:01:02 +0900] "GET /home/news/news/view.do?page=2&num=6 HTTP/1.1" 200 9121
38.99.62.91 - - [27/Dec/2019:22:01:41 +0900] "GET /home/news/news/view.do?page=2&num=7 HTTP/1.1" 200 5548
38.99.62.91 - - [27/Dec/2019:22:02:21 +0900] "GET /home/news/news/view.do?page=2&num=6 HTTP/1.1" 200 9121
38.99.62.91 - - [27/Dec/2019:22:03:00 +0900] "GET /home/news/news/view.do?page=2&num=5 HTTP/1.1" 200 9112
157.55.39.240 - - [27/Dec/2019:22:03:05 +0900] "GET /home/meetourpartners/overseas.do HTTP/1.1" 200 32620
38.99.62.91 - - [27/Dec/2019:22:03:40 +0900] "GET /home/news/news/view.do?page=2&num=6 HTTP/1.1" 200 9121
38.99.62.91 - - [27/Dec/2019:22:04:19 +0900] "GET /home/meetourpartners/all.do HTTP/1.1" 200 101569
38.99.62.91 - - [27/Dec/2019:22:04:59 +0900] "GET /home/news/news/view.do?page=2&num=5 HTTP/1.1" 200 9112
38.99.62.91 - - [27/Dec/2019:22:05:38 +0900] "GET /home/news/news/view.do?page=2&num=4 HTTP/1.1" 200 9123
38.99.62.91 - - [27/Dec/2019:22:06:18 +0900] "GET /home/news/news/view.do?page=2&num=5 HTTP/1.1" 200 9112
38.99.62.91 - - [27/Dec/2019:22:06:57 +0900] "GET /home/news/news/view.do?page=2&num=4 HTTP/1.1" 200 9123
38.99.62.91 - - [27/Dec/2019:22:07:28 +0900] "GET /home/news/news/view.do?page=2&num=3 HTTP/1.1" 200 5576
77.75.79.72 - - [27/Dec/2019:22:08:04 +0900] "GET /error/kr/error.jsp HTTP/1.1" 500 3570
77.75.79.72 - - [27/Dec/2019:22:08:17 +0900] "GET /home/about/about.do HTTP/1.1" 200 14216
125.209.235.171 - - [27/Dec/2019:22:08:22 +0900] "GET /error/kr/error.jsp HTTP/1.1" 500 3570
34.199.176.251 - - [27/Dec/2019:22:13:33 +0900] "GET /index.jsp HTTP/1.1" 302 -
34.199.176.251 - - [27/Dec/2019:22:13:33 +0900] "GET /home/main/main.do HTTP/1.1" 200 12222
193.111.62.163 - - [27/Dec/2019:22:14:59 +0900] "GET /home/news/news/list.do HTTP/1.1" 200 7091
66.249.73.82 - - [27/Dec/2019:22:15:03 +0900] "GET /error/kr/error.jsp HTTP/1.1" 500 3570
157.55.39.240 - - [27/Dec/2019:22:18:00 +0900] "GET /home/main/main.do HTTP/1.1" 200 12222
158.69.243.108 - - [27/Dec/2019:22:22:36 +0900] "GET /error/kr/error.jsp HTTP/1.1" 500 3570
120.84.9.116 - - [27/Dec/2019:22:30:54 +0900] "GET /error/kr/error.jsp HTTP/1.1" 500 3570
66.249.65.190 - - [27/Dec/2019:22:48:47 +0900] "GET /error/kr/error.jsp HTTP/1.1" 500 3762
119.207.72.176 - - [27/Dec/2019:22:50:17 +0900] "GET /home/news/news/view.do?page=&num=1 HTTP/1.1" 200 8971
120.84.10.94 - - [27/Dec/2019:22:58:25 +0900] "GET /error/kr/error.jsp HTTP/1.1" 500 3570
151.217.176.85 - - [27/Dec/2019:23:04:51 +0900] "GET /index.jsp HTTP/1.1" 302 -
151.217.176.85 - - [27/Dec/2019:23:04:52 +0900] "GET /home/main/main.do HTTP/1.1" 200 12222
119.207.72.77 - - [27/Dec/2019:23:08:31 +0900] "GET /home/about/about.do HTTP/1.1" 200 14216
222.231.30.115 - - [27/Dec/2019:23:08:56 +0900] "GET /index.jsp HTTP/1.1" 302 -
222.231.30.115 - - [27/Dec/2019:23:08:56 +0900] "GET /home/main/main.do HTTP/1.1" 200 12222
222.231.30.115 - - [27/Dec/2019:23:08:58 +0900] "GET /home/main/main.do HTTP/1.1" 200 12222
222.231.30.115 - - [27/Dec/2019:23:08:58 +0900] "GET /home/main/main.do HTTP/1.1" 200 12222
42.191.43.120 - - [27/Dec/2019:23:13:40 +0900] "GET /index.jsp HTTP/1.0" 302 -
125.185.183.246 - - [27/Dec/2019:23:15:19 +0900] "GET /index.jsp HTTP/1.1" 302 -
125.185.183.246 - - [27/Dec/2019:23:15:19 +0900] "GET /home/main/main.do HTTP/1.1" 200 12222
207.46.13.242 - - [27/Dec/2019:23:16:09 +0900] "GET /error/kr/error.jsp HTTP/1.1" 500 3570
193.111.62.163 - - [27/Dec/2019:23:16:29 +0900] "GET /home/news/news/list.do HTTP/1.1" 200 7091
175.223.10.172 - - [27/Dec/2019:23:18:39 +0900] "GET /index.jsp HTTP/1.1" 302 -
175.223.10.172 - - [27/Dec/2019:23:18:39 +0900] "GET /home/main/main.do HTTP/1.1" 302 -
175.223.10.172 - - [27/Dec/2019:23:18:39 +0900] "GET /home/main/main.do HTTP/1.1" 200 8898
175.223.10.172 - - [27/Dec/2019:23:18:40 +0900] "GET /error/kr/error.jsp HTTP/1.1" 500 3762
175.223.10.172 - - [27/Dec/2019:23:18:40 +0900] "GET /error/kr/error.jsp HTTP/1.1" 500 3762
112.124.0.114 - - [27/Dec/2019:23:20:53 +0900] "GET /error/kr/error.jsp HTTP/1.1" 500 3570
110.229.223.127 - - [27/Dec/2019:23:28:30 +0900] "GET /error/kr/error.jsp HTTP/1.1" 500 3570
157.55.39.240 - - [27/Dec/2019:23:30:27 +0900] "GET /error/kr/error.jsp HTTP/1.1" 500 3570
178.128.234.200 - - [27/Dec/2019:23:31:10 +0900] "GET /index.jsp HTTP/1.0" 302 -
87.122.160.21 - - [27/Dec/2019:23:39:44 +0900] "GET /index.jsp HTTP/1.1" 302 -
34.199.176.251 - - [27/Dec/2019:23:42:03 +0900] "GET /home/news/news/list.do HTTP/1.1" 200 7091
34.199.176.251 - - [27/Dec/2019:23:42:34 +0900] "GET /home/news/news/list.do HTTP/1.1" 200 7091
182.161.66.103 - - [27/Dec/2019:23:52:54 +0900] "GET /index.jsp HTTP/1.1" 302 -
182.161.66.103 - - [27/Dec/2019:23:52:54 +0900] "GET /home/en/main/main.do HTTP/1.1" 200 11080
207.46.13.242 - - [27/Dec/2019:23:54:08 +0900] "GET /home/whoweare/korea.do HTTP/1.1" 200 45742
119.207.72.72 - - [27/Dec/2019:23:54:22 +0900] "GET /index.jsp HTTP/1.1" 302 -
119.207.72.72 - - [27/Dec/2019:23:54:22 +0900] "GET /home/main/main.do HTTP/1.1" 200 12222
77.75.76.162 - - [27/Dec/2019:23:56:39 +0900] "GET /error/kr/error.jsp HTTP/1.1" 500 3570
77.75.76.162 - - [27/Dec/2019:23:56:42 +0900] "GET /home/watwedo/philosophy.do HTTP/1.1" 200 7162
