39.104.236.246 - - [24/Jan/2020:00:04:21 +0900] "GET /error/kr/error.jsp HTTP/1.1" 500 3570
176.9.5.87 - - [24/Jan/2020:00:05:35 +0900] "GET /error/kr/error.jsp HTTP/1.1" 500 3570
176.9.5.87 - - [24/Jan/2020:00:05:36 +0900] "GET /index.jsp HTTP/1.1" 302 -
176.9.5.87 - - [24/Jan/2020:00:05:36 +0900] "GET /home/main/main.do HTTP/1.1" 200 12222
176.9.5.87 - - [24/Jan/2020:00:05:39 +0900] "GET /error/kr/error.jsp HTTP/1.1" 500 3570
23.100.232.233 - - [24/Jan/2020:00:16:05 +0900] "GET /home/en/watwedo/overview.do HTTP/1.1" 200 6156
66.249.65.249 - - [24/Jan/2020:00:16:13 +0900] "GET /error/kr/error.jsp HTTP/1.1" 500 3570
193.111.62.163 - - [24/Jan/2020:00:21:21 +0900] "GET /home/news/news/list.do HTTP/1.1" 200 7091
66.249.73.86 - - [24/Jan/2020:00:23:15 +0900] "GET /error/kr/error.jsp HTTP/1.1" 500 3570
106.11.154.99 - - [24/Jan/2020:00:29:59 +0900] "GET /index.jsp HTTP/1.1" 302 -
106.11.155.102 - - [24/Jan/2020:00:29:59 +0900] "GET /home/main/main.do HTTP/1.1" 200 12222
77.75.76.160 - - [24/Jan/2020:00:34:46 +0900] "GET /error/kr/error.jsp HTTP/1.1" 500 3570
66.249.65.190 - - [24/Jan/2020:00:36:20 +0900] "GET /error/kr/error.jsp HTTP/1.1" 500 3762
142.4.116.225 - - [24/Jan/2020:00:50:11 +0900] "GET /error/kr/error.jsp HTTP/1.1" 500 3570
142.4.116.225 - - [24/Jan/2020:00:50:12 +0900] "GET /error/kr/error.jsp HTTP/1.1" 500 3570
142.4.116.225 - - [24/Jan/2020:00:50:12 +0900] "GET /error/kr/error.jsp HTTP/1.1" 500 3570
142.4.116.225 - - [24/Jan/2020:00:50:12 +0900] "GET /error/kr/error.jsp HTTP/1.1" 500 3570
142.4.116.225 - - [24/Jan/2020:00:50:12 +0900] "GET /error/kr/error.jsp HTTP/1.1" 500 3570
142.4.116.225 - - [24/Jan/2020:00:50:13 +0900] "GET /error/kr/error.jsp HTTP/1.1" 500 3570
66.249.65.186 - - [24/Jan/2020:00:56:32 +0900] "GET /error/kr/error.jsp HTTP/1.1" 500 3762
119.207.72.73 - - [24/Jan/2020:00:59:31 +0900] "GET /home/watwedo/overview.do HTTP/1.1" 200 6147
119.207.72.76 - - [24/Jan/2020:00:59:44 +0900] "GET /home/watwedo/philosophy.do HTTP/1.1" 200 7162
106.13.146.67 - - [24/Jan/2020:01:02:29 +0900] "HEAD /index.jsp HTTP/1.1" 302 -
106.13.146.67 - - [24/Jan/2020:01:02:29 +0900] "GET /home/main/main.do HTTP/1.1" 200 12222
106.13.146.67 - - [24/Jan/2020:01:02:30 +0900] "GET /error/kr/error.jsp HTTP/1.1" 500 3570
23.100.232.233 - - [24/Jan/2020:01:03:44 +0900] "GET /home/en/watwedo/overview.do HTTP/1.1" 200 6156
103.131.71.143 - - [24/Jan/2020:01:05:26 +0900] "GET /error/kr/error.jsp HTTP/1.1" 500 3570
207.46.13.236 - - [24/Jan/2020:01:07:32 +0900] "GET /error/kr/error.jsp HTTP/1.1" 500 3762
104.222.33.190 - - [24/Jan/2020:01:16:07 +0900] "GET /index.jsp HTTP/1.1" 302 -
104.222.33.190 - - [24/Jan/2020:01:16:08 +0900] "GET /home/en/main/main.do HTTP/1.1" 200 11080
193.111.62.163 - - [24/Jan/2020:01:18:46 +0900] "GET /home/news/news/list.do HTTP/1.1" 200 7091
66.249.65.188 - - [24/Jan/2020:01:26:45 +0900] "GET /error/kr/error.jsp HTTP/1.1" 500 3762
125.209.235.167 - - [24/Jan/2020:01:31:21 +0900] "GET /error/kr/error.jsp HTTP/1.1" 500 3570
178.185.60.140 - - [24/Jan/2020:01:32:43 +0900] "GET /index.jsp HTTP/1.1" 302 -
66.249.65.186 - - [24/Jan/2020:01:36:54 +0900] "GET /error/kr/error.jsp HTTP/1.1" 500 3762
157.55.39.78 - - [24/Jan/2020:01:42:49 +0900] "GET /home/whoweare/korea.do HTTP/1.1" 200 44336
40.77.167.186 - - [24/Jan/2020:01:48:45 +0900] "GET /error/kr/error.jsp HTTP/1.1" 500 3570
40.77.167.186 - - [24/Jan/2020:01:51:58 +0900] "GET /home/en/meetourpartners/domestic.do HTTP/1.1" 200 71879
23.100.232.233 - - [24/Jan/2020:01:52:25 +0900] "GET /home/en/watwedo/overview.do HTTP/1.1" 200 6156
39.101.129.127 - - [24/Jan/2020:01:54:37 +0900] "GET /error/kr/error.jsp HTTP/1.1" 500 3570
39.101.129.127 - - [24/Jan/2020:01:55:13 +0900] "GET /error/kr/error.jsp HTTP/1.1" 500 3570
39.101.129.127 - - [24/Jan/2020:01:55:33 +0900] "GET /error/kr/error.jsp HTTP/1.1" 500 3570
39.101.129.127 - - [24/Jan/2020:01:56:18 +0900] "GET /error/kr/error.jsp HTTP/1.1" 500 3570
39.101.129.127 - - [24/Jan/2020:01:56:31 +0900] "GET /error/kr/error.jsp HTTP/1.1" 500 3570
45.33.66.85 - - [24/Jan/2020:01:57:20 +0900] "GET /error/kr/error.jsp HTTP/1.1" 500 3570
66.249.73.86 - - [24/Jan/2020:02:06:52 +0900] "GET /error/kr/error.jsp HTTP/1.1" 500 3570
107.21.1.8 - - [24/Jan/2020:02:08:25 +0900] "GET /index.jsp HTTP/1.1" 302 -
107.21.1.8 - - [24/Jan/2020:02:08:25 +0900] "GET /home/en/main/main.do HTTP/1.1" 200 8279
54.208.102.37 - - [24/Jan/2020:02:08:26 +0900] "GET /index.jsp HTTP/1.1" 302 -
54.208.102.37 - - [24/Jan/2020:02:08:26 +0900] "GET /home/en/main/main.do HTTP/1.1" 200 11080
54.208.102.37 - - [24/Jan/2020:02:08:26 +0900] "GET /index.jsp HTTP/1.1" 302 -
54.208.102.37 - - [24/Jan/2020:02:08:26 +0900] "GET /home/en/main/main.do HTTP/1.1" 200 8279
107.21.1.8 - - [24/Jan/2020:02:08:27 +0900] "GET /index.jsp HTTP/1.1" 302 -
107.21.1.8 - - [24/Jan/2020:02:08:27 +0900] "GET /home/en/main/main.do HTTP/1.1" 200 11080
193.111.62.163 - - [24/Jan/2020:02:17:55 +0900] "GET /home/news/news/list.do HTTP/1.1" 200 7091
34.199.176.251 - - [24/Jan/2020:02:24:35 +0900] "GET /home/news/news/view.do?num=1 HTTP/1.1" 200 8971
34.199.176.251 - - [24/Jan/2020:02:24:36 +0900] "GET /home/news/news/view.do HTTP/1.1" 500 3570
34.199.176.251 - - [24/Jan/2020:02:24:40 +0900] "GET /home/news/news/view.do?num=1 HTTP/1.1" 200 8971
34.199.176.251 - - [24/Jan/2020:02:24:48 +0900] "GET /home/news/news/view.do HTTP/1.1" 500 3570
104.238.97.201 - - [24/Jan/2020:02:25:54 +0900] "GET /error/kr/error.jsp HTTP/1.1" 500 3570
77.75.76.170 - - [24/Jan/2020:02:27:09 +0900] "GET /error/kr/error.jsp HTTP/1.1" 500 3570
66.249.65.247 - - [24/Jan/2020:02:27:41 +0900] "GET /error/kr/error.jsp HTTP/1.1" 500 3570
169.197.108.6 - - [24/Jan/2020:02:39:05 +0900] "GET /index.jsp HTTP/1.1" 302 -
39.101.129.127 - - [24/Jan/2020:02:53:11 +0900] "GET /error/kr/error.jsp HTTP/1.1" 500 3570
157.55.39.41 - - [24/Jan/2020:02:55:54 +0900] "GET /error/kr/error.jsp HTTP/1.1" 500 3570
213.180.203.33 - - [24/Jan/2020:03:16:39 +0900] "GET /error/kr/error.jsp HTTP/1.1" 500 3570
213.180.203.33 - - [24/Jan/2020:03:16:43 +0900] "GET /home/en/main/main.do HTTP/1.1" 200 11080
39.98.124.123 - - [24/Jan/2020:03:17:57 +0900] "GET /error/kr/error.jsp HTTP/1.1" 500 3570
193.111.62.163 - - [24/Jan/2020:03:19:30 +0900] "GET /home/news/news/list.do HTTP/1.1" 200 7091
77.75.76.169 - - [24/Jan/2020:03:28:12 +0900] "GET /error/kr/error.jsp HTTP/1.1" 500 3570
125.209.235.179 - - [24/Jan/2020:03:31:21 +0900] "GET /error/kr/error.jsp HTTP/1.1" 500 3570
173.212.218.126 - - [24/Jan/2020:03:32:00 +0900] "GET /index.jsp HTTP/1.0" 302 -
119.207.72.70 - - [24/Jan/2020:03:32:24 +0900] "GET /home/contact/contact.do HTTP/1.1" 200 5224
66.249.65.168 - - [24/Jan/2020:04:07:52 +0900] "GET /error/kr/error.jsp HTTP/1.1" 500 3762
218.73.99.166 - - [24/Jan/2020:04:08:59 +0900] "GET /error/kr/error.jsp HTTP/1.1" 500 3570
218.73.99.166 - - [24/Jan/2020:04:09:00 +0900] "GET /error/kr/error.jsp HTTP/1.1" 500 3570
39.104.156.79 - - [24/Jan/2020:04:19:54 +0900] "GET /error/kr/error.jsp HTTP/1.1" 500 3570
39.104.156.79 - - [24/Jan/2020:04:19:54 +0900] "GET /error/kr/error.jsp HTTP/1.1" 500 3570
39.104.156.79 - - [24/Jan/2020:04:19:56 +0900] "GET /error/kr/error.jsp HTTP/1.1" 500 3570
39.104.156.79 - - [24/Jan/2020:04:19:57 +0900] "GET /error/kr/error.jsp HTTP/1.1" 500 3570
193.111.62.163 - - [24/Jan/2020:04:24:20 +0900] "GET /home/news/news/list.do HTTP/1.1" 200 7091
77.75.76.162 - - [24/Jan/2020:04:26:26 +0900] "GET /error/kr/error.jsp HTTP/1.1" 500 3570
211.186.144.177 - - [24/Jan/2020:04:31:07 +0900] "GET /index.jsp HTTP/1.1" 302 -
211.186.144.177 - - [24/Jan/2020:04:31:07 +0900] "GET /home/main/main.do HTTP/1.1" 302 -
211.186.144.177 - - [24/Jan/2020:04:31:07 +0900] "GET /home/main/main.do HTTP/1.1" 200 8898
211.186.144.177 - - [24/Jan/2020:04:31:08 +0900] "GET /error/kr/error.jsp HTTP/1.1" 500 3762
39.104.156.79 - - [24/Jan/2020:04:34:05 +0900] "GET /error/kr/error.jsp HTTP/1.1" 500 3570
39.104.156.79 - - [24/Jan/2020:04:34:05 +0900] "GET /error/kr/error.jsp HTTP/1.1" 500 3570
39.104.156.79 - - [24/Jan/2020:04:34:05 +0900] "GET /error/kr/error.jsp HTTP/1.1" 500 3570
121.254.147.237 - - [24/Jan/2020:04:38:50 +0900] "GET /index.jsp HTTP/1.1" 302 -
121.254.147.237 - - [24/Jan/2020:04:38:50 +0900] "GET /home/en/main/main.do HTTP/1.1" 200 11080
66.249.65.188 - - [24/Jan/2020:05:12:33 +0900] "GET /error/kr/error.jsp HTTP/1.1" 500 3762
207.46.13.250 - - [24/Jan/2020:05:14:45 +0900] "GET /error/kr/error.jsp HTTP/1.1" 500 3570
193.111.62.163 - - [24/Jan/2020:05:16:22 +0900] "GET /home/news/news/list.do HTTP/1.1" 200 7091
77.75.76.163 - - [24/Jan/2020:05:18:03 +0900] "GET /error/kr/error.jsp HTTP/1.1" 500 3570
193.176.86.162 - - [24/Jan/2020:05:19:26 +0900] "GET /error/kr/error.jsp HTTP/1.1" 500 3570
193.176.86.162 - - [24/Jan/2020:05:19:40 +0900] "GET /error/kr/error.jsp HTTP/1.1" 500 3570
193.176.86.162 - - [24/Jan/2020:05:19:54 +0900] "GET /error/kr/error.jsp HTTP/1.1" 500 3570
193.176.86.162 - - [24/Jan/2020:05:20:08 +0900] "GET /error/kr/error.jsp HTTP/1.1" 500 3570
193.176.86.162 - - [24/Jan/2020:05:20:28 +0900] "GET /error/kr/error.jsp HTTP/1.1" 500 3570
193.176.86.162 - - [24/Jan/2020:05:21:24 +0900] "GET /error/kr/error.jsp HTTP/1.1" 500 3570
193.176.86.162 - - [24/Jan/2020:05:21:39 +0900] "GET /error/kr/error.jsp HTTP/1.1" 500 3570
193.176.86.162 - - [24/Jan/2020:05:22:29 +0900] "GET /error/kr/error.jsp HTTP/1.1" 500 3570
193.176.86.162 - - [24/Jan/2020:05:24:57 +0900] "GET /error/kr/error.jsp HTTP/1.1" 500 3570
66.249.65.188 - - [24/Jan/2020:05:28:12 +0900] "GET /error/kr/error.jsp HTTP/1.1" 500 3762
193.176.86.162 - - [24/Jan/2020:05:28:44 +0900] "GET /error/kr/error.jsp HTTP/1.1" 500 3570
125.209.235.168 - - [24/Jan/2020:05:31:21 +0900] "GET /error/kr/error.jsp HTTP/1.1" 500 3570
193.176.86.162 - - [24/Jan/2020:05:33:01 +0900] "GET /error/kr/error.jsp HTTP/1.1" 500 3570
176.31.23.172 - - [24/Jan/2020:05:33:50 +0900] "GET /index.jsp HTTP/1.1" 302 -
176.31.23.172 - - [24/Jan/2020:05:33:50 +0900] "GET /home/en/main/main.do HTTP/1.1" 200 11080
176.31.23.172 - - [24/Jan/2020:05:37:33 +0900] "GET /home/main/main.do HTTP/1.1" 200 12222
111.230.183.58 - - [24/Jan/2020:05:40:54 +0900] "GET /index.jsp HTTP/1.1" 302 -
111.230.183.58 - - [24/Jan/2020:05:40:54 +0900] "GET /error/kr/error.jsp HTTP/1.1" 500 3570
111.230.183.58 - - [24/Jan/2020:05:40:54 +0900] "GET /error/kr/error.jsp HTTP/1.1" 500 3570
119.207.72.111 - - [24/Jan/2020:05:43:21 +0900] "GET /home/en/main/main.do HTTP/1.1" 200 11080
223.42.153.51 - - [24/Jan/2020:05:55:08 +0900] "GET /home/main/main.do HTTP/1.1" 200 8898
223.42.153.51 - - [24/Jan/2020:05:55:09 +0900] "GET /error/kr/error.jsp HTTP/1.1" 500 3762
202.164.148.110 - - [24/Jan/2020:05:55:10 +0900] "GET /home/en/main/main.do HTTP/1.1" 200 11080
193.176.86.162 - - [24/Jan/2020:05:57:43 +0900] "GET /error/kr/error.jsp HTTP/1.1" 500 3570
176.31.23.172 - - [24/Jan/2020:06:00:05 +0900] "GET /index.jsp HTTP/1.1" 302 -
176.31.23.172 - - [24/Jan/2020:06:00:05 +0900] "GET /home/en/main/main.do HTTP/1.1" 200 11080
176.31.23.172 - - [24/Jan/2020:06:03:49 +0900] "GET /index.jsp HTTP/1.1" 302 -
176.31.23.172 - - [24/Jan/2020:06:03:49 +0900] "GET /home/en/main/main.do HTTP/1.1" 200 11080
101.21.148.22 - - [24/Jan/2020:06:05:50 +0900] "GET /error/kr/error.jsp HTTP/1.1" 500 3570
3.9.172.222 - - [24/Jan/2020:06:08:38 +0900] "GET /index.jsp HTTP/1.1" 302 -
3.9.172.222 - - [24/Jan/2020:06:08:39 +0900] "GET /home/main/main.do HTTP/1.1" 200 12222
77.75.76.170 - - [24/Jan/2020:06:10:30 +0900] "GET /error/kr/error.jsp HTTP/1.1" 500 3570
193.111.62.163 - - [24/Jan/2020:06:14:46 +0900] "GET /home/news/news/list.do HTTP/1.1" 200 7091
176.31.23.172 - - [24/Jan/2020:06:16:33 +0900] "GET /index.jsp HTTP/1.1" 302 -
176.31.23.172 - - [24/Jan/2020:06:16:34 +0900] "GET /home/en/main/main.do HTTP/1.1" 200 11080
176.31.23.172 - - [24/Jan/2020:06:17:33 +0900] "GET /index.jsp HTTP/1.1" 302 -
176.31.23.172 - - [24/Jan/2020:06:17:33 +0900] "GET /home/en/main/main.do HTTP/1.1" 200 11080
119.207.72.110 - - [24/Jan/2020:06:20:45 +0900] "GET /home/about/about.do HTTP/1.1" 200 14216
207.46.13.98 - - [24/Jan/2020:06:21:27 +0900] "GET /error/kr/error.jsp HTTP/1.1" 500 3570
212.164.48.202 - - [24/Jan/2020:06:36:04 +0900] "GET /index.jsp HTTP/1.1" 302 -
212.164.48.202 - - [24/Jan/2020:06:36:05 +0900] "GET /index.jsp HTTP/1.1" 302 -
212.164.48.202 - - [24/Jan/2020:06:36:06 +0900] "GET /error/kr/error.jsp HTTP/1.1" 500 3570
212.164.48.202 - - [24/Jan/2020:06:36:06 +0900] "GET /error/kr/error.jsp HTTP/1.1" 500 3570
212.164.48.202 - - [24/Jan/2020:06:36:07 +0900] "GET /index.jsp HTTP/1.1" 302 -
212.164.48.202 - - [24/Jan/2020:06:36:07 +0900] "GET /error/kr/error.jsp HTTP/1.1" 500 3570
212.164.48.202 - - [24/Jan/2020:06:36:08 +0900] "GET /error/kr/error.jsp HTTP/1.1" 500 3570
212.164.48.202 - - [24/Jan/2020:06:36:09 +0900] "GET /error/kr/error.jsp HTTP/1.1" 500 3570
212.164.48.202 - - [24/Jan/2020:06:36:09 +0900] "GET /error/kr/error.jsp HTTP/1.1" 500 3570
212.164.48.202 - - [24/Jan/2020:06:36:10 +0900] "GET /error/kr/error.jsp HTTP/1.1" 500 3570
212.164.48.202 - - [24/Jan/2020:06:36:11 +0900] "GET /error/kr/error.jsp HTTP/1.1" 500 3570
212.164.48.202 - - [24/Jan/2020:06:36:12 +0900] "GET /error/kr/error.jsp HTTP/1.1" 500 3570
212.164.48.202 - - [24/Jan/2020:06:36:12 +0900] "GET /error/kr/error.jsp HTTP/1.1" 500 3570
212.164.48.202 - - [24/Jan/2020:06:36:13 +0900] "GET /error/kr/error.jsp HTTP/1.1" 500 3570
212.164.48.202 - - [24/Jan/2020:06:36:14 +0900] "GET /error/kr/error.jsp HTTP/1.1" 500 3570
212.164.48.202 - - [24/Jan/2020:06:36:14 +0900] "GET /error/kr/error.jsp HTTP/1.1" 500 3570
212.164.48.202 - - [24/Jan/2020:06:36:15 +0900] "GET /error/kr/error.jsp HTTP/1.1" 500 3570
212.164.48.202 - - [24/Jan/2020:06:36:16 +0900] "GET /error/kr/error.jsp HTTP/1.1" 500 3570
212.164.48.202 - - [24/Jan/2020:06:36:16 +0900] "GET /error/kr/error.jsp HTTP/1.1" 500 3570
212.164.48.202 - - [24/Jan/2020:06:36:17 +0900] "GET /error/kr/error.jsp HTTP/1.1" 500 3570
66.249.65.166 - - [24/Jan/2020:06:48:11 +0900] "GET /error/kr/error.jsp HTTP/1.1" 500 3762
216.244.66.242 - - [24/Jan/2020:06:51:32 +0900] "GET /error/kr/error.jsp HTTP/1.1" 500 3570
51.68.152.26 - - [24/Jan/2020:06:59:28 +0900] "GET /index.jsp HTTP/1.1" 302 -
51.68.152.26 - - [24/Jan/2020:06:59:28 +0900] "GET /home/en/main/main.do HTTP/1.1" 200 11080
77.75.77.11 - - [24/Jan/2020:07:06:26 +0900] "GET /error/kr/error.jsp HTTP/1.1" 500 3570
77.75.77.11 - - [24/Jan/2020:07:06:30 +0900] "GET /home/en/meetourpartners/all.do HTTP/1.1" 200 95227
45.33.66.85 - - [24/Jan/2020:07:07:15 +0900] "GET /error/kr/error.jsp HTTP/1.1" 500 3570
66.249.73.84 - - [24/Jan/2020:07:07:52 +0900] "GET /error/kr/error.jsp HTTP/1.1" 500 3570
70.51.121.44 - - [24/Jan/2020:07:11:04 +0900] "GET /index.jsp HTTP/1.1" 302 -
70.51.121.44 - - [24/Jan/2020:07:11:05 +0900] "GET /home/main/main.do HTTP/1.1" 200 12222
66.249.65.249 - - [24/Jan/2020:07:18:47 +0900] "GET /error/kr/error.jsp HTTP/1.1" 500 3570
193.111.62.163 - - [24/Jan/2020:07:19:07 +0900] "GET /home/news/news/list.do HTTP/1.1" 200 7091
66.249.73.82 - - [24/Jan/2020:07:22:09 +0900] "GET /error/kr/error.jsp HTTP/1.1" 500 3570
125.209.235.171 - - [24/Jan/2020:07:31:21 +0900] "GET /error/kr/error.jsp HTTP/1.1" 500 3570
66.249.73.82 - - [24/Jan/2020:07:33:23 +0900] "GET /error/kr/error.jsp HTTP/1.1" 500 3570
180.22.112.17 - - [24/Jan/2020:07:35:05 +0900] "GET /error/kr/error.jsp HTTP/1.1" 500 3570
101.21.148.22 - - [24/Jan/2020:07:37:20 +0900] "GET /error/kr/error.jsp HTTP/1.1" 500 3570
101.21.148.22 - - [24/Jan/2020:07:37:22 +0900] "GET /error/kr/error.jsp HTTP/1.1" 500 3570
103.131.71.47 - - [24/Jan/2020:07:40:15 +0900] "GET /error/kr/error.jsp HTTP/1.1" 500 3570
103.131.71.43 - - [24/Jan/2020:07:40:17 +0900] "GET /error/kr/error.jsp HTTP/1.1" 500 3762
103.131.71.41 - - [24/Jan/2020:07:40:21 +0900] "GET /error/kr/error.jsp HTTP/1.1" 500 3570
207.46.13.250 - - [24/Jan/2020:07:41:56 +0900] "GET /error/kr/error.jsp HTTP/1.1" 500 3570
49.7.20.138 - - [24/Jan/2020:08:00:11 +0900] "GET /error/kr/error.jsp HTTP/1.1" 500 3570
66.249.65.188 - - [24/Jan/2020:08:03:35 +0900] "GET /error/kr/error.jsp HTTP/1.1" 500 3762
117.34.72.236 - - [24/Jan/2020:08:06:30 +0900] "GET /index.jsp HTTP/1.1" 302 -
117.34.72.236 - - [24/Jan/2020:08:06:30 +0900] "GET /error/kr/error.jsp HTTP/1.1" 500 3570
117.34.72.236 - - [24/Jan/2020:08:06:30 +0900] "GET /error/kr/error.jsp HTTP/1.1" 500 3570
77.75.76.165 - - [24/Jan/2020:08:07:55 +0900] "GET /error/kr/error.jsp HTTP/1.1" 500 3570
3.229.142.78 - - [24/Jan/2020:08:16:18 +0900] "GET /index.jsp HTTP/1.1" 302 -
3.229.142.78 - - [24/Jan/2020:08:16:19 +0900] "GET /home/main/main.do HTTP/1.1" 200 12222
3.229.142.78 - - [24/Jan/2020:08:16:19 +0900] "GET /home/main/main.do HTTP/1.1" 200 12222
3.229.142.78 - - [24/Jan/2020:08:16:19 +0900] "GET /home/main/main.do HTTP/1.1" 200 12222
193.111.62.163 - - [24/Jan/2020:08:16:38 +0900] "GET /home/news/news/list.do HTTP/1.1" 200 7091
123.125.71.85 - - [24/Jan/2020:08:23:46 +0900] "GET /home/en/watwedo/overview.do HTTP/1.1" 200 7050
220.181.51.92 - - [24/Jan/2020:08:23:47 +0900] "GET /error/kr/error.jsp HTTP/1.1" 500 3762
34.199.176.251 - - [24/Jan/2020:08:27:13 +0900] "GET /home/news/news/view.do?num=3 HTTP/1.1" 200 5573
34.199.176.251 - - [24/Jan/2020:08:27:14 +0900] "GET /home/news/news/view.do HTTP/1.1" 500 3570
34.199.176.251 - - [24/Jan/2020:08:27:59 +0900] "GET /home/news/news/view.do?num=3 HTTP/1.1" 200 5573
34.199.176.251 - - [24/Jan/2020:08:28:00 +0900] "GET /home/news/news/view.do HTTP/1.1" 500 3570
49.7.20.138 - - [24/Jan/2020:08:28:03 +0900] "GET /index.jsp HTTP/1.1" 302 -
49.7.20.138 - - [24/Jan/2020:08:33:38 +0900] "GET /error/kr/error.jsp HTTP/1.1" 500 3570
66.249.65.186 - - [24/Jan/2020:08:33:42 +0900] "GET /error/kr/error.jsp HTTP/1.1" 500 3762
222.94.140.178 - - [24/Jan/2020:08:36:30 +0900] "HEAD /index.jsp HTTP/1.1" 302 -
222.94.140.178 - - [24/Jan/2020:08:36:32 +0900] "HEAD /home/en/main/main.do HTTP/1.1" 200 -
66.249.73.82 - - [24/Jan/2020:08:43:45 +0900] "GET /error/kr/error.jsp HTTP/1.1" 500 3570
157.55.39.155 - - [24/Jan/2020:08:44:15 +0900] "GET /error/kr/error.jsp HTTP/1.1" 500 3570
157.55.39.155 - - [24/Jan/2020:08:44:15 +0900] "GET /error/kr/error.jsp HTTP/1.1" 500 3570
157.55.39.155 - - [24/Jan/2020:08:44:16 +0900] "GET /error/kr/error.jsp HTTP/1.1" 500 3570
157.55.39.155 - - [24/Jan/2020:08:44:16 +0900] "GET /error/kr/error.jsp HTTP/1.1" 500 3570
222.231.30.115 - - [24/Jan/2020:08:49:02 +0900] "GET /index.jsp HTTP/1.1" 302 -
222.231.30.115 - - [24/Jan/2020:08:49:02 +0900] "GET /home/main/main.do HTTP/1.1" 200 12222
222.231.30.115 - - [24/Jan/2020:08:49:04 +0900] "GET /home/main/main.do HTTP/1.1" 200 12222
222.231.30.115 - - [24/Jan/2020:08:49:04 +0900] "GET /home/main/main.do HTTP/1.1" 200 12222
54.227.70.211 - - [24/Jan/2020:08:51:51 +0900] "GET /index.jsp HTTP/1.1" 302 -
54.227.70.211 - - [24/Jan/2020:08:51:51 +0900] "GET /home/main/main.do HTTP/1.1" 200 12222
54.227.70.211 - - [24/Jan/2020:08:51:52 +0900] "HEAD /index.jsp HTTP/1.1" 302 -
18.212.70.178 - - [24/Jan/2020:08:51:53 +0900] "GET /index.jsp HTTP/1.1" 302 -
18.212.70.178 - - [24/Jan/2020:08:51:53 +0900] "GET /home/en/main/main.do HTTP/1.1" 200 11080
18.212.70.178 - - [24/Jan/2020:08:51:59 +0900] "GET /home/en/main/main.do HTTP/1.1" 200 8279
18.212.70.178 - - [24/Jan/2020:08:52:01 +0900] "GET /error/kr/error.jsp HTTP/1.1" 500 3570
54.227.70.211 - - [24/Jan/2020:08:52:10 +0900] "HEAD /home/en/watwedo/overview.do HTTP/1.1" 200 -
18.206.92.191 - - [24/Jan/2020:08:52:11 +0900] "GET /home/en/watwedo/overview.do HTTP/1.1" 200 6156
54.227.70.211 - - [24/Jan/2020:08:52:16 +0900] "HEAD /home/en/meetourpartners/all.do HTTP/1.1" 200 -
34.205.50.18 - - [24/Jan/2020:08:52:18 +0900] "GET /home/en/meetourpartners/all.do HTTP/1.1" 200 95227
3.226.243.38 - - [24/Jan/2020:08:52:30 +0900] "HEAD /home/en/main/main.do HTTP/1.1" 200 -
3.85.163.56 - - [24/Jan/2020:08:52:31 +0900] "GET /home/en/main/main.do HTTP/1.1" 200 11080
3.226.243.38 - - [24/Jan/2020:08:52:37 +0900] "HEAD /home/en/contact/contact.do HTTP/1.1" 200 -
3.228.11.172 - - [24/Jan/2020:08:52:38 +0900] "GET /home/en/contact/contact.do HTTP/1.1" 200 5187
3.226.243.38 - - [24/Jan/2020:08:52:43 +0900] "HEAD /home/en/watwedo/philosophy.do HTTP/1.1" 200 -
54.224.174.71 - - [24/Jan/2020:08:52:45 +0900] "GET /home/en/watwedo/philosophy.do HTTP/1.1" 200 7112
3.226.243.38 - - [24/Jan/2020:08:52:50 +0900] "HEAD /home/en/about/about.do HTTP/1.1" 200 -
3.234.236.130 - - [24/Jan/2020:08:52:52 +0900] "GET /home/en/about/about.do HTTP/1.1" 200 14811
3.226.243.38 - - [24/Jan/2020:08:52:56 +0900] "HEAD /home/en/whoweare/korea.do HTTP/1.1" 200 -
3.85.163.56 - - [24/Jan/2020:08:52:57 +0900] "GET /home/en/whoweare/korea.do HTTP/1.1" 200 30344
66.249.65.190 - - [24/Jan/2020:08:53:48 +0900] "GET /error/kr/error.jsp HTTP/1.1" 500 3762
132.232.213.228 - - [24/Jan/2020:08:55:05 +0900] "GET /error/kr/error.jsp HTTP/1.1" 500 3570
132.232.213.228 - - [24/Jan/2020:08:55:05 +0900] "GET /index.jsp?author=1 HTTP/1.1" 302 -
132.232.213.228 - - [24/Jan/2020:08:55:05 +0900] "GET /home/main/main.do HTTP/1.1" 200 12222
132.232.213.228 - - [24/Jan/2020:08:55:05 +0900] "GET /index.jsp?author=2 HTTP/1.1" 302 -
132.232.213.228 - - [24/Jan/2020:08:55:05 +0900] "GET /home/main/main.do HTTP/1.1" 200 12222
132.232.213.228 - - [24/Jan/2020:08:55:06 +0900] "GET /index.jsp?author=3 HTTP/1.1" 302 -
132.232.213.228 - - [24/Jan/2020:08:55:06 +0900] "GET /home/main/main.do HTTP/1.1" 200 12222
132.232.213.228 - - [24/Jan/2020:08:55:06 +0900] "GET /index.jsp?author=4 HTTP/1.1" 302 -
132.232.213.228 - - [24/Jan/2020:08:55:06 +0900] "GET /home/main/main.do HTTP/1.1" 200 12222
132.232.213.228 - - [24/Jan/2020:08:55:06 +0900] "GET /index.jsp?author=5 HTTP/1.1" 302 -
132.232.213.228 - - [24/Jan/2020:08:55:06 +0900] "GET /home/main/main.do HTTP/1.1" 200 12222
132.232.213.228 - - [24/Jan/2020:08:55:06 +0900] "GET /index.jsp?author=6 HTTP/1.1" 302 -
132.232.213.228 - - [24/Jan/2020:08:55:06 +0900] "GET /home/main/main.do HTTP/1.1" 200 12222
132.232.213.228 - - [24/Jan/2020:08:55:06 +0900] "GET /index.jsp?author=7 HTTP/1.1" 302 -
132.232.213.228 - - [24/Jan/2020:08:55:06 +0900] "GET /home/main/main.do HTTP/1.1" 200 12222
132.232.213.228 - - [24/Jan/2020:08:55:06 +0900] "GET /index.jsp?author=8 HTTP/1.1" 302 -
132.232.213.228 - - [24/Jan/2020:08:55:07 +0900] "GET /home/main/main.do HTTP/1.1" 200 12222
132.232.213.228 - - [24/Jan/2020:08:55:07 +0900] "GET /index.jsp?author=9 HTTP/1.1" 302 -
132.232.213.228 - - [24/Jan/2020:08:55:07 +0900] "GET /home/main/main.do HTTP/1.1" 200 12222
132.232.213.228 - - [24/Jan/2020:08:55:07 +0900] "GET /index.jsp?author=10 HTTP/1.1" 302 -
132.232.213.228 - - [24/Jan/2020:08:55:07 +0900] "GET /home/main/main.do HTTP/1.1" 200 12222
132.232.213.228 - - [24/Jan/2020:08:55:07 +0900] "GET /index.jsp?author=11 HTTP/1.1" 302 -
132.232.213.228 - - [24/Jan/2020:08:55:07 +0900] "GET /home/main/main.do HTTP/1.1" 200 12222
132.232.213.228 - - [24/Jan/2020:08:55:07 +0900] "GET /index.jsp?author=12 HTTP/1.1" 302 -
132.232.213.228 - - [24/Jan/2020:08:55:07 +0900] "GET /home/main/main.do HTTP/1.1" 200 12222
132.232.213.228 - - [24/Jan/2020:08:55:07 +0900] "GET /index.jsp?author=13 HTTP/1.1" 302 -
132.232.213.228 - - [24/Jan/2020:08:55:07 +0900] "GET /home/main/main.do HTTP/1.1" 200 12222
132.232.213.228 - - [24/Jan/2020:08:55:08 +0900] "GET /index.jsp?author=14 HTTP/1.1" 302 -
132.232.213.228 - - [24/Jan/2020:08:55:08 +0900] "GET /home/main/main.do HTTP/1.1" 200 12222
132.232.213.228 - - [24/Jan/2020:08:55:08 +0900] "GET /index.jsp?author=15 HTTP/1.1" 302 -
132.232.213.228 - - [24/Jan/2020:08:55:08 +0900] "GET /home/main/main.do HTTP/1.1" 200 12222
132.232.213.228 - - [24/Jan/2020:08:55:08 +0900] "GET /index.jsp?author=16 HTTP/1.1" 302 -
132.232.213.228 - - [24/Jan/2020:08:55:08 +0900] "GET /home/main/main.do HTTP/1.1" 200 12222
132.232.213.228 - - [24/Jan/2020:08:55:08 +0900] "GET /index.jsp?author=17 HTTP/1.1" 302 -
132.232.213.228 - - [24/Jan/2020:08:55:08 +0900] "GET /home/main/main.do HTTP/1.1" 200 12222
132.232.213.228 - - [24/Jan/2020:08:55:08 +0900] "GET /index.jsp?author=18 HTTP/1.1" 302 -
132.232.213.228 - - [24/Jan/2020:08:55:08 +0900] "GET /home/main/main.do HTTP/1.1" 200 12222
132.232.213.228 - - [24/Jan/2020:08:55:08 +0900] "GET /index.jsp?author=19 HTTP/1.1" 302 -
132.232.213.228 - - [24/Jan/2020:08:55:09 +0900] "GET /home/main/main.do HTTP/1.1" 200 12222
132.232.213.228 - - [24/Jan/2020:08:55:09 +0900] "GET /index.jsp?author=20 HTTP/1.1" 302 -
132.232.213.228 - - [24/Jan/2020:08:55:09 +0900] "GET /home/main/main.do HTTP/1.1" 200 12222
77.75.76.160 - - [24/Jan/2020:08:59:51 +0900] "GET /error/kr/error.jsp HTTP/1.1" 500 3570
40.77.167.20 - - [24/Jan/2020:09:00:47 +0900] "GET /error/kr/error.jsp HTTP/1.1" 500 3570
207.46.13.1 - - [24/Jan/2020:09:01:04 +0900] "GET /error/kr/error.jsp HTTP/1.1" 500 3570
23.239.180.170 - - [24/Jan/2020:09:03:44 +0900] "GET /index.jsp HTTP/1.1" 302 -
23.239.180.170 - - [24/Jan/2020:09:03:44 +0900] "GET /home/en/main/main.do HTTP/1.1" 200 11080
157.55.39.225 - - [24/Jan/2020:09:16:54 +0900] "GET /error/kr/error.jsp HTTP/1.1" 500 3570
157.55.39.225 - - [24/Jan/2020:09:17:50 +0900] "GET /error/kr/error.jsp HTTP/1.1" 500 3570
157.55.39.160 - - [24/Jan/2020:09:18:46 +0900] "GET /error/kr/error.jsp HTTP/1.1" 500 3570
157.55.39.160 - - [24/Jan/2020:09:19:41 +0900] "GET /error/kr/error.jsp HTTP/1.1" 500 3570
193.111.62.163 - - [24/Jan/2020:09:23:52 +0900] "GET /home/news/news/list.do HTTP/1.1" 200 7091
66.249.73.84 - - [24/Jan/2020:09:23:54 +0900] "GET /error/kr/error.jsp HTTP/1.1" 500 3570
39.118.158.123 - - [24/Jan/2020:09:25:06 +0900] "GET /home/main/main.do HTTP/1.1" 302 -
39.118.158.123 - - [24/Jan/2020:09:25:06 +0900] "GET /home/main/main.do HTTP/1.1" 200 8898
39.118.158.123 - - [24/Jan/2020:09:25:06 +0900] "GET /error/kr/error.jsp HTTP/1.1" 500 3762
39.118.158.123 - - [24/Jan/2020:09:25:06 +0900] "GET /error/kr/error.jsp HTTP/1.1" 500 3762
39.118.158.123 - - [24/Jan/2020:09:25:07 +0900] "GET /error/kr/error.jsp HTTP/1.1" 500 3762
39.118.158.123 - - [24/Jan/2020:09:25:09 +0900] "GET /home/whoweare/korea.do HTTP/1.1" 200 44336
39.118.158.123 - - [24/Jan/2020:09:25:14 +0900] "GET /home/whoweare/korea.do HTTP/1.1" 200 44336
39.118.158.123 - - [24/Jan/2020:09:25:19 +0900] "GET /home/whoweare/korea.do HTTP/1.1" 200 44336
39.118.158.123 - - [24/Jan/2020:09:25:22 +0900] "GET /home/whoweare/korea.do HTTP/1.1" 200 44336
39.118.158.123 - - [24/Jan/2020:09:25:26 +0900] "GET /home/whoweare/korea.do HTTP/1.1" 200 44336
39.118.158.123 - - [24/Jan/2020:09:25:31 +0900] "GET /home/whoweare/korea.do HTTP/1.1" 200 44336
39.118.158.123 - - [24/Jan/2020:09:25:35 +0900] "GET /home/whoweare/korea.do HTTP/1.1" 200 44336
39.118.158.123 - - [24/Jan/2020:09:25:47 +0900] "GET /home/whoweare/korea.do HTTP/1.1" 200 44336
39.118.158.123 - - [24/Jan/2020:09:25:56 +0900] "GET /home/whoweare/korea.do HTTP/1.1" 200 44336
39.118.158.123 - - [24/Jan/2020:09:26:03 +0900] "GET /home/whoweare/korea.do HTTP/1.1" 200 44336
39.118.158.123 - - [24/Jan/2020:09:26:13 +0900] "GET /home/whoweare/korea.do HTTP/1.1" 200 44336
39.118.158.123 - - [24/Jan/2020:09:26:18 +0900] "GET /home/whoweare/korea.do HTTP/1.1" 200 44336
39.118.158.123 - - [24/Jan/2020:09:26:28 +0900] "GET /home/whoweare/korea.do HTTP/1.1" 200 44336
39.118.158.123 - - [24/Jan/2020:09:27:05 +0900] "GET /error/kr/error.jsp HTTP/1.1" 500 3762
39.118.158.123 - - [24/Jan/2020:09:27:09 +0900] "GET /home/whoweare/korea.do HTTP/1.1" 200 44336
38.99.62.91 - - [24/Jan/2020:09:27:19 +0900] "GET /home/news/news/view.do?page=2&num=18 HTTP/1.1" 200 9137
39.118.158.123 - - [24/Jan/2020:09:27:39 +0900] "GET /home/whoweare/korea.do HTTP/1.1" 200 44336
39.118.158.123 - - [24/Jan/2020:09:27:48 +0900] "GET /home/whoweare/korea.do HTTP/1.1" 200 44336
38.99.62.91 - - [24/Jan/2020:09:27:59 +0900] "GET /home/en/meetourpartners/all.do HTTP/1.1" 200 95227
157.55.39.160 - - [24/Jan/2020:09:28:43 +0900] "GET /error/kr/error.jsp HTTP/1.1" 500 3570
38.99.62.91 - - [24/Jan/2020:09:29:19 +0900] "GET /home/meetourpartners/all.do HTTP/1.1" 200 101569
157.55.39.160 - - [24/Jan/2020:09:29:58 +0900] "GET /error/kr/error.jsp HTTP/1.1" 500 3570
38.99.62.91 - - [24/Jan/2020:09:29:59 +0900] "GET /home/en/meetourpartners/all.do HTTP/1.1" 200 95227
194.6.231.247 - - [24/Jan/2020:09:30:10 +0900] "GET /index.jsp?q=user HTTP/1.1" 302 -
194.6.231.247 - - [24/Jan/2020:09:30:11 +0900] "GET /home/main/main.do HTTP/1.1" 200 12222
38.99.62.91 - - [24/Jan/2020:09:30:24 +0900] "GET /home/news/news/view.do?page=2&num=18 HTTP/1.1" 200 9137
194.72.238.240 - - [24/Jan/2020:09:30:24 +0900] "HEAD /index.jsp HTTP/1.1" 302 -
52.16.137.212 - - [24/Jan/2020:09:30:26 +0900] "GET /index.jsp HTTP/1.1" 302 -
52.16.137.212 - - [24/Jan/2020:09:30:27 +0900] "GET /home/en/main/main.do HTTP/1.1" 200 11080
38.99.62.91 - - [24/Jan/2020:09:31:04 +0900] "GET /home/news/news/view.do?page=2&num=19 HTTP/1.1" 200 6164
125.209.235.178 - - [24/Jan/2020:09:31:21 +0900] "GET /error/kr/error.jsp HTTP/1.1" 500 3570
38.99.62.91 - - [24/Jan/2020:09:31:54 +0900] "GET /home/meetourpartners/all.do HTTP/1.1" 200 101569
38.99.62.91 - - [24/Jan/2020:09:32:20 +0900] "GET /home/news/news/view.do?page=&num=5 HTTP/1.1" 200 9109
38.99.62.91 - - [24/Jan/2020:09:33:00 +0900] "GET /home/news/news/view.do?page=&num=6 HTTP/1.1" 200 9118
66.249.73.82 - - [24/Jan/2020:09:33:01 +0900] "GET /error/kr/error.jsp HTTP/1.1" 500 3570
38.99.62.91 - - [24/Jan/2020:09:33:39 +0900] "GET /home/news/news/view.do?page=&num=5 HTTP/1.1" 200 9109
38.99.62.91 - - [24/Jan/2020:09:34:19 +0900] "GET /home/news/news/view.do?page=2&num=10 HTTP/1.1" 200 6756
3.90.165.51 - - [24/Jan/2020:09:34:49 +0900] "GET /error/kr/error.jsp HTTP/1.1" 500 3570
3.90.165.51 - - [24/Jan/2020:09:34:50 +0900] "GET /error/kr/error.jsp HTTP/1.1" 500 3570
38.99.62.91 - - [24/Jan/2020:09:34:58 +0900] "GET /home/news/news/view.do?page=2&num=9 HTTP/1.1" 200 9135
38.99.62.91 - - [24/Jan/2020:09:35:38 +0900] "GET /home/news/news/view.do?page=2&num=10 HTTP/1.1" 200 6756
38.99.62.91 - - [24/Jan/2020:09:36:18 +0900] "GET /home/news/news/view.do?page=&num=6 HTTP/1.1" 200 9118
38.99.62.91 - - [24/Jan/2020:09:36:57 +0900] "GET /home/en/meetourpartners/all.do HTTP/1.1" 200 95227
38.99.62.91 - - [24/Jan/2020:09:37:23 +0900] "GET /home/en/meetourpartners/all.do HTTP/1.1" 200 95227
38.99.62.91 - - [24/Jan/2020:09:38:03 +0900] "GET /home/news/news/view.do?page=&num=7 HTTP/1.1" 200 5545
38.99.62.91 - - [24/Jan/2020:09:39:23 +0900] "GET /home/en/meetourpartners/all.do HTTP/1.1" 200 95227
38.99.62.91 - - [24/Jan/2020:09:39:48 +0900] "GET /home/news/news/view.do?page=&num=8 HTTP/1.1" 200 9166
38.99.62.91 - - [24/Jan/2020:09:40:53 +0900] "GET /home/news/news/view.do?page=&num=9 HTTP/1.1" 200 9132
157.55.39.160 - - [24/Jan/2020:09:41:06 +0900] "GET /error/kr/error.jsp HTTP/1.1" 500 3570
38.99.62.91 - - [24/Jan/2020:09:41:33 +0900] "GET /home/meetourpartners/all.do HTTP/1.1" 200 101569
38.99.62.91 - - [24/Jan/2020:09:41:58 +0900] "GET /home/news/news/view.do?page=&num=8 HTTP/1.1" 200 9166
165.16.37.165 - - [24/Jan/2020:09:42:26 +0900] "GET /index.jsp HTTP/1.1" 302 -
38.99.62.91 - - [24/Jan/2020:09:42:39 +0900] "GET /home/en/meetourpartners/all.do HTTP/1.1" 200 95227
38.99.62.91 - - [24/Jan/2020:09:43:04 +0900] "GET /home/news/news/view.do?page=&num=9 HTTP/1.1" 200 9132
38.99.62.91 - - [24/Jan/2020:09:43:30 +0900] "GET /home/news/news/view.do?page=&num=10 HTTP/1.1" 200 6753
38.99.62.91 - - [24/Jan/2020:09:43:55 +0900] "GET /home/news/news/view.do?page=&num=9 HTTP/1.1" 200 9132
38.99.62.91 - - [24/Jan/2020:09:44:35 +0900] "GET /home/news/news/view.do?page=&num=10 HTTP/1.1" 200 6753
38.99.62.91 - - [24/Jan/2020:09:45:14 +0900] "GET /home/news/news/view.do?page=&num=11 HTTP/1.1" 200 5545
38.99.62.91 - - [24/Jan/2020:09:46:19 +0900] "GET /home/news/news/view.do?page=&num=12 HTTP/1.1" 200 9080
38.99.62.91 - - [24/Jan/2020:09:46:59 +0900] "GET /home/news/news/view.do?page=&num=11 HTTP/1.1" 200 5545
157.55.39.160 - - [24/Jan/2020:09:47:26 +0900] "GET /error/kr/error.jsp HTTP/1.1" 500 3570
38.99.62.91 - - [24/Jan/2020:09:47:38 +0900] "GET /home/news/news/view.do?page=&num=12 HTTP/1.1" 200 9080
38.99.62.91 - - [24/Jan/2020:09:48:18 +0900] "GET /home/news/news/view.do?page=&num=13 HTTP/1.1" 200 9156
38.99.62.91 - - [24/Jan/2020:09:48:57 +0900] "GET /home/news/news/view.do?page=&num=12 HTTP/1.1" 200 9080
51.79.29.248 - - [24/Jan/2020:09:49:19 +0900] "GET /error/kr/error.jsp HTTP/1.0" 500 3570
38.99.62.91 - - [24/Jan/2020:09:49:37 +0900] "GET /home/news/news/view.do?page=&num=13 HTTP/1.1" 200 9156
38.99.62.91 - - [24/Jan/2020:09:50:17 +0900] "GET /home/news/news/view.do?page=&num=14 HTTP/1.1" 200 6733
38.99.62.91 - - [24/Jan/2020:09:50:56 +0900] "GET /home/news/news/view.do?page=&num=13 HTTP/1.1" 200 9156
38.99.62.91 - - [24/Jan/2020:09:51:37 +0900] "GET /home/news/news/view.do?page=&num=14 HTTP/1.1" 200 6733
38.99.62.91 - - [24/Jan/2020:09:52:16 +0900] "GET /home/news/news/view.do?page=&num=15 HTTP/1.1" 200 9178
38.99.62.91 - - [24/Jan/2020:09:52:56 +0900] "GET /home/meetourpartners/all.do HTTP/1.1" 200 101569
35.196.127.14 - - [24/Jan/2020:09:53:29 +0900] "GET /error/kr/error.jsp HTTP/1.0" 500 3570
35.196.127.14 - - [24/Jan/2020:09:53:30 +0900] "GET /home/en/about/about.do HTTP/1.0" 200 14811
38.99.62.91 - - [24/Jan/2020:09:53:36 +0900] "GET /home/meetourpartners/all.do HTTP/1.1" 200 101569
38.99.62.91 - - [24/Jan/2020:09:54:16 +0900] "GET /home/news/news/view.do?page=&num=14 HTTP/1.1" 200 6733
38.99.62.91 - - [24/Jan/2020:09:54:56 +0900] "GET /home/news/news/view.do?page=&num=15 HTTP/1.1" 200 9178
38.99.62.91 - - [24/Jan/2020:09:55:35 +0900] "GET /home/news/news/view.do?page=&num=16 HTTP/1.1" 200 5663
38.99.62.91 - - [24/Jan/2020:09:56:15 +0900] "GET /home/news/news/view.do?page=&num=15 HTTP/1.1" 200 9178
38.99.62.91 - - [24/Jan/2020:09:56:40 +0900] "GET /home/news/news/view.do?page=&num=16 HTTP/1.1" 200 5663
38.99.62.91 - - [24/Jan/2020:09:57:20 +0900] "GET /home/news/news/view.do?page=&num=17 HTTP/1.1" 200 5758
38.99.62.91 - - [24/Jan/2020:09:58:00 +0900] "GET /home/news/news/view.do?page=&num=16 HTTP/1.1" 200 5663
35.196.127.14 - - [24/Jan/2020:09:58:17 +0900] "GET /error/kr/error.jsp HTTP/1.0" 500 3570
35.196.127.14 - - [24/Jan/2020:09:58:18 +0900] "GET /home/en/watwedo/overview.do HTTP/1.0" 200 6156
38.99.62.91 - - [24/Jan/2020:09:58:40 +0900] "GET /home/news/news/view.do?page=&num=17 HTTP/1.1" 200 5758
35.196.127.14 - - [24/Jan/2020:09:59:03 +0900] "GET /error/kr/error.jsp HTTP/1.0" 500 3570
35.196.127.14 - - [24/Jan/2020:09:59:04 +0900] "GET /home/main/main.do HTTP/1.0" 200 12222
38.99.62.91 - - [24/Jan/2020:09:59:20 +0900] "GET /home/news/news/view.do?page=&num=18 HTTP/1.1" 200 9134
38.99.62.91 - - [24/Jan/2020:09:59:45 +0900] "GET /home/news/news/view.do?page=&num=17 HTTP/1.1" 200 5758
40.77.167.43 - - [24/Jan/2020:09:59:56 +0900] "GET /error/kr/error.jsp HTTP/1.1" 500 3570
38.99.62.91 - - [24/Jan/2020:10:00:25 +0900] "GET /home/meetourpartners/all.do HTTP/1.1" 200 101569
38.99.62.91 - - [24/Jan/2020:10:01:05 +0900] "GET /home/news/news/view.do?page=&num=18 HTTP/1.1" 200 9134
38.99.62.91 - - [24/Jan/2020:10:02:14 +0900] "GET /home/news/news/view.do?page=&num=19 HTTP/1.1" 200 6162
38.99.62.91 - - [24/Jan/2020:10:02:55 +0900] "GET /home/news/news/view.do?page=&num=18 HTTP/1.1" 200 9134
35.196.127.14 - - [24/Jan/2020:10:03:00 +0900] "GET /error/kr/error.jsp HTTP/1.0" 500 3570
35.196.127.14 - - [24/Jan/2020:10:03:01 +0900] "GET /home/en/meetourpartners/all.do HTTP/1.0" 200 95227
157.55.39.225 - - [24/Jan/2020:10:03:04 +0900] "GET /error/kr/error.jsp HTTP/1.1" 500 3570
38.99.62.91 - - [24/Jan/2020:10:03:34 +0900] "GET /home/news/news/view.do?page=&num=19 HTTP/1.1" 200 6162
77.75.76.167 - - [24/Jan/2020:10:03:46 +0900] "GET /error/kr/error.jsp HTTP/1.1" 500 3570
77.75.76.167 - - [24/Jan/2020:10:03:49 +0900] "GET /home/en/contact/contact.do HTTP/1.1" 200 5187
77.75.76.167 - - [24/Jan/2020:10:03:51 +0900] "GET /home/watwedo/philosophy.do HTTP/1.1" 200 7162
38.99.62.91 - - [24/Jan/2020:10:04:53 +0900] "GET /home/news/news/view.do?page=&num=10 HTTP/1.1" 200 6753
38.99.62.91 - - [24/Jan/2020:10:05:33 +0900] "GET /home/news/news/view.do?page=&num=7 HTTP/1.1" 200 5545
38.99.62.91 - - [24/Jan/2020:10:06:13 +0900] "GET /home/news/news/view.do?page=&num=6 HTTP/1.1" 200 9118
38.99.62.91 - - [24/Jan/2020:10:06:53 +0900] "GET /home/news/news/view.do?page=1&num=12 HTTP/1.1" 200 9083
38.99.62.91 - - [24/Jan/2020:10:07:33 +0900] "GET /home/news/news/view.do?page=1&num=13 HTTP/1.1" 200 9159
38.99.62.91 - - [24/Jan/2020:10:08:14 +0900] "GET /home/meetourpartners/all.do HTTP/1.1" 200 101569
38.99.62.91 - - [24/Jan/2020:10:08:54 +0900] "GET /home/news/news/view.do?page=1&num=13 HTTP/1.1" 200 9159
157.55.39.225 - - [24/Jan/2020:10:09:15 +0900] "GET /error/kr/error.jsp HTTP/1.1" 500 3570
38.99.62.91 - - [24/Jan/2020:10:09:33 +0900] "GET /home/news/news/view.do?page=1&num=14 HTTP/1.1" 200 6736
35.196.127.14 - - [24/Jan/2020:10:10:08 +0900] "GET /error/kr/error.jsp HTTP/1.0" 500 3570
35.196.127.14 - - [24/Jan/2020:10:10:08 +0900] "GET /home/en/watwedo/philosophy.do HTTP/1.0" 200 7112
38.99.62.91 - - [24/Jan/2020:10:10:13 +0900] "GET /home/news/news/view.do?page=1&num=13 HTTP/1.1" 200 9159
38.99.62.91 - - [24/Jan/2020:10:10:52 +0900] "GET /home/news/news/view.do?page=1&num=14 HTTP/1.1" 200 6736
38.99.62.91 - - [24/Jan/2020:10:11:32 +0900] "GET /home/news/news/view.do?page=1&num=15 HTTP/1.1" 200 9181
38.99.62.91 - - [24/Jan/2020:10:12:51 +0900] "GET /home/news/news/view.do?page=1&num=16 HTTP/1.1" 200 5666
35.196.127.14 - - [24/Jan/2020:10:13:11 +0900] "GET /error/kr/error.jsp HTTP/1.0" 500 3570
35.196.127.14 - - [24/Jan/2020:10:13:12 +0900] "GET /home/en/whoweare/korea.do HTTP/1.0" 200 30344
38.99.62.91 - - [24/Jan/2020:10:13:30 +0900] "GET /home/news/news/view.do?page=1&num=15 HTTP/1.1" 200 9181
157.55.39.225 - - [24/Jan/2020:10:13:36 +0900] "GET /error/kr/error.jsp HTTP/1.1" 500 3570
38.99.62.91 - - [24/Jan/2020:10:14:10 +0900] "GET /home/news/news/view.do?page=1&num=16 HTTP/1.1" 200 5666
193.111.62.163 - - [24/Jan/2020:10:14:28 +0900] "GET /home/news/news/list.do HTTP/1.1" 200 7091
38.99.62.91 - - [24/Jan/2020:10:14:49 +0900] "GET /home/news/news/view.do?page=1&num=17 HTTP/1.1" 200 5761
35.196.127.14 - - [24/Jan/2020:10:15:14 +0900] "GET /error/kr/error.jsp HTTP/1.0" 500 3570
35.196.127.14 - - [24/Jan/2020:10:15:14 +0900] "GET /home/en/contact/contact.do HTTP/1.0" 200 5187
38.99.62.91 - - [24/Jan/2020:10:15:15 +0900] "GET /home/news/news/view.do?page=1&num=16 HTTP/1.1" 200 5666
38.99.62.91 - - [24/Jan/2020:10:15:40 +0900] "GET /home/news/news/view.do?page=1&num=17 HTTP/1.1" 200 5761
35.196.127.14 - - [24/Jan/2020:10:15:49 +0900] "GET /error/kr/error.jsp HTTP/1.0" 500 3570
35.196.127.14 - - [24/Jan/2020:10:15:50 +0900] "GET /home/en/meetourpartners/all.do HTTP/1.0" 200 95227
35.196.127.14 - - [24/Jan/2020:10:15:53 +0900] "GET /error/kr/error.jsp HTTP/1.0" 500 3570
35.196.127.14 - - [24/Jan/2020:10:15:54 +0900] "GET /home/en/watwedo/overview.do HTTP/1.0" 200 6156
35.196.127.14 - - [24/Jan/2020:10:15:55 +0900] "GET /error/kr/error.jsp HTTP/1.0" 500 3570
35.196.127.14 - - [24/Jan/2020:10:15:56 +0900] "GET /home/en/whoweare/korea.do HTTP/1.0" 200 30344
35.196.127.14 - - [24/Jan/2020:10:15:57 +0900] "GET /error/kr/error.jsp HTTP/1.0" 500 3570
35.196.127.14 - - [24/Jan/2020:10:15:58 +0900] "GET /home/en/about/about.do HTTP/1.0" 200 14811
35.196.127.14 - - [24/Jan/2020:10:15:59 +0900] "GET /error/kr/error.jsp HTTP/1.0" 500 3570
35.196.127.14 - - [24/Jan/2020:10:16:00 +0900] "GET /home/en/contact/contact.do HTTP/1.0" 200 5187
35.196.127.14 - - [24/Jan/2020:10:16:01 +0900] "GET /error/kr/error.jsp HTTP/1.0" 500 3570
35.196.127.14 - - [24/Jan/2020:10:16:01 +0900] "GET /home/en/watwedo/philosophy.do HTTP/1.0" 200 7112
35.196.127.14 - - [24/Jan/2020:10:16:03 +0900] "GET /error/kr/error.jsp HTTP/1.0" 500 3570
35.196.127.14 - - [24/Jan/2020:10:16:03 +0900] "GET /home/main/main.do HTTP/1.0" 200 12222
38.99.62.91 - - [24/Jan/2020:10:16:20 +0900] "GET /home/news/news/view.do?page=1&num=18 HTTP/1.1" 200 9137
38.99.62.91 - - [24/Jan/2020:10:16:59 +0900] "GET /home/news/news/view.do?page=1&num=17 HTTP/1.1" 200 5761
38.99.62.91 - - [24/Jan/2020:10:17:25 +0900] "GET /home/en/meetourpartners/all.do HTTP/1.1" 200 95227
34.199.176.251 - - [24/Jan/2020:10:17:44 +0900] "GET /index.jsp HTTP/1.1" 302 -
34.199.176.251 - - [24/Jan/2020:10:17:44 +0900] "GET /home/main/main.do HTTP/1.1" 200 12222
38.99.62.91 - - [24/Jan/2020:10:17:50 +0900] "GET /home/news/news/view.do?page=1&num=18 HTTP/1.1" 200 9137
157.55.39.160 - - [24/Jan/2020:10:18:02 +0900] "GET /error/kr/error.jsp HTTP/1.1" 500 3570
38.99.62.91 - - [24/Jan/2020:10:18:31 +0900] "GET /home/news/news/view.do?page=1&num=19 HTTP/1.1" 200 6164
38.99.62.91 - - [24/Jan/2020:10:19:11 +0900] "GET /home/news/news/view.do?page=1&num=18 HTTP/1.1" 200 9137
157.55.39.225 - - [24/Jan/2020:10:19:47 +0900] "GET /error/kr/error.jsp HTTP/1.1" 500 3570
38.99.62.91 - - [24/Jan/2020:10:19:51 +0900] "GET /home/news/news/view.do?page=1&num=19 HTTP/1.1" 200 6164
38.99.62.91 - - [24/Jan/2020:10:20:16 +0900] "GET /home/meetourpartners/all.do HTTP/1.1" 200 101569
38.99.62.91 - - [24/Jan/2020:10:20:56 +0900] "GET /home/news/news/view.do?page=1&num=19 HTTP/1.1" 200 6164
38.99.62.91 - - [24/Jan/2020:10:21:35 +0900] "GET /home/news/news/view.do?page=1&num=14 HTTP/1.1" 200 6736
110.137.234.98 - - [24/Jan/2020:10:22:00 +0900] "GET /index.jsp HTTP/1.1" 302 -
38.99.62.91 - - [24/Jan/2020:10:22:15 +0900] "GET /home/news/news/view.do?page=1&num=12 HTTP/1.1" 200 9083
119.207.72.66 - - [24/Jan/2020:10:22:46 +0900] "GET /home/en/about/about.do HTTP/1.1" 200 14811
38.99.62.91 - - [24/Jan/2020:10:22:54 +0900] "GET /home/news/news/view.do?page=2&num=10 HTTP/1.1" 200 6756
38.99.62.91 - - [24/Jan/2020:10:23:34 +0900] "GET /home/news/news/view.do?page=2&num=9 HTTP/1.1" 200 9135
157.55.39.160 - - [24/Jan/2020:10:23:58 +0900] "GET /error/kr/error.jsp HTTP/1.1" 500 3570
38.99.62.91 - - [24/Jan/2020:10:24:14 +0900] "GET /home/news/news/view.do?page=2&num=10 HTTP/1.1" 200 6756
162.247.100.177 - - [24/Jan/2020:10:24:22 +0900] "GET /index.jsp HTTP/1.1" 302 -
162.247.100.177 - - [24/Jan/2020:10:24:22 +0900] "GET /error/kr/error.jsp HTTP/1.1" 500 3570
162.247.100.177 - - [24/Jan/2020:10:24:22 +0900] "GET /error/kr/error.jsp HTTP/1.1" 500 3570
13.228.6.37 - - [24/Jan/2020:10:24:23 +0900] "GET /home/en/meetourpartners/all.do HTTP/1.1" 200 95227
38.99.62.91 - - [24/Jan/2020:10:24:54 +0900] "GET /home/news/news/view.do?page=&num=6 HTTP/1.1" 200 9118
38.99.62.91 - - [24/Jan/2020:10:25:33 +0900] "GET /home/en/meetourpartners/all.do HTTP/1.1" 200 95227
38.99.62.91 - - [24/Jan/2020:10:26:13 +0900] "GET /home/news/news/view.do?page=&num=7 HTTP/1.1" 200 5545
38.99.62.91 - - [24/Jan/2020:10:26:53 +0900] "GET /home/meetourpartners/all.do HTTP/1.1" 200 101569
38.99.62.91 - - [24/Jan/2020:10:27:33 +0900] "GET /home/news/news/view.do?page=&num=6 HTTP/1.1" 200 9118
66.249.73.86 - - [24/Jan/2020:10:34:23 +0900] "GET /error/kr/error.jsp HTTP/1.1" 500 3570
40.77.167.20 - - [24/Jan/2020:10:41:41 +0900] "GET /error/kr/error.jsp HTTP/1.1" 500 3570
116.3.7.227 - - [24/Jan/2020:10:45:40 +0900] "GET /error/kr/error.jsp HTTP/1.1" 500 3570
40.77.167.20 - - [24/Jan/2020:10:47:54 +0900] "GET /error/kr/error.jsp HTTP/1.1" 500 3570
178.62.46.52 - - [24/Jan/2020:10:51:24 +0900] "GET /index.jsp HTTP/1.1" 302 -
178.62.46.52 - - [24/Jan/2020:10:51:25 +0900] "GET /home/main/main.do HTTP/1.1" 200 12222
40.77.167.20 - - [24/Jan/2020:10:59:56 +0900] "GET /error/kr/error.jsp HTTP/1.1" 500 3570
40.77.167.20 - - [24/Jan/2020:11:05:59 +0900] "GET /error/kr/error.jsp HTTP/1.1" 500 3570
193.111.62.163 - - [24/Jan/2020:11:16:49 +0900] "GET /home/news/news/list.do HTTP/1.1" 200 7091
77.75.78.169 - - [24/Jan/2020:11:18:03 +0900] "GET /error/kr/error.jsp HTTP/1.1" 500 3570
125.167.76.159 - - [24/Jan/2020:11:20:12 +0900] "GET /index.jsp HTTP/1.1" 302 -
103.82.235.2 - - [24/Jan/2020:11:22:41 +0900] "GET /error/kr/error.jsp HTTP/1.1" 500 3570
40.77.167.20 - - [24/Jan/2020:11:24:12 +0900] "GET /error/kr/error.jsp HTTP/1.1" 500 3570
54.146.43.69 - - [24/Jan/2020:11:27:57 +0900] "GET /error/kr/error.jsp HTTP/1.0" 500 3570
40.77.167.20 - - [24/Jan/2020:11:30:14 +0900] "GET /error/kr/error.jsp HTTP/1.1" 500 3570
40.77.167.43 - - [24/Jan/2020:11:30:20 +0900] "GET /error/kr/error.jsp HTTP/1.1" 500 3570
125.209.235.181 - - [24/Jan/2020:11:31:21 +0900] "GET /error/kr/error.jsp HTTP/1.1" 500 3570
157.55.39.160 - - [24/Jan/2020:11:40:08 +0900] "GET /error/kr/error.jsp HTTP/1.1" 500 3570
87.238.20.13 - - [24/Jan/2020:11:53:37 +0900] "GET /index.jsp HTTP/1.1" 302 -
157.55.39.160 - - [24/Jan/2020:11:55:08 +0900] "GET /error/kr/error.jsp HTTP/1.1" 500 3570
110.10.17.68 - - [24/Jan/2020:12:00:31 +0900] "GET /index.jsp HTTP/1.1" 302 -
110.10.17.68 - - [24/Jan/2020:12:00:31 +0900] "GET /home/main/main.do HTTP/1.1" 302 -
110.10.17.68 - - [24/Jan/2020:12:00:31 +0900] "GET /home/main/main.do HTTP/1.1" 200 8898
110.10.17.68 - - [24/Jan/2020:12:00:32 +0900] "GET /error/kr/error.jsp HTTP/1.1" 500 3762
34.199.176.251 - - [24/Jan/2020:12:04:16 +0900] "GET /home/news/news/view.do?num=3 HTTP/1.1" 200 5573
34.199.176.251 - - [24/Jan/2020:12:04:17 +0900] "GET /home/news/news/view.do HTTP/1.1" 500 3570
66.249.73.82 - - [24/Jan/2020:12:04:30 +0900] "GET /error/kr/error.jsp HTTP/1.1" 500 3570
157.55.39.160 - - [24/Jan/2020:12:05:06 +0900] "GET /error/kr/error.jsp HTTP/1.1" 500 3570
157.55.39.160 - - [24/Jan/2020:12:11:35 +0900] "GET /error/kr/error.jsp HTTP/1.1" 500 3570
40.77.167.212 - - [24/Jan/2020:12:14:37 +0900] "GET /error/kr/error.jsp HTTP/1.1" 500 3570
40.77.167.212 - - [24/Jan/2020:12:15:37 +0900] "GET /error/kr/error.jsp HTTP/1.1" 500 3570
187.191.44.202 - - [24/Jan/2020:12:16:21 +0900] "GET /error/kr/error.jsp HTTP/1.1" 500 3570
193.111.62.163 - - [24/Jan/2020:12:16:34 +0900] "GET /home/news/news/list.do HTTP/1.1" 200 7091
23.239.180.125 - - [24/Jan/2020:12:21:02 +0900] "GET /index.jsp HTTP/1.1" 302 -
23.239.180.125 - - [24/Jan/2020:12:21:02 +0900] "GET /home/en/main/main.do HTTP/1.1" 200 11080
40.77.167.212 - - [24/Jan/2020:12:21:03 +0900] "GET /error/kr/error.jsp HTTP/1.1" 500 3570
45.33.66.85 - - [24/Jan/2020:12:22:19 +0900] "GET /error/kr/error.jsp HTTP/1.1" 500 3570
40.77.167.212 - - [24/Jan/2020:12:22:23 +0900] "GET /error/kr/error.jsp HTTP/1.1" 500 3570
83.97.20.33 - - [24/Jan/2020:12:23:30 +0900] "GET /index.jsp HTTP/1.0" 302 -
207.46.13.22 - - [24/Jan/2020:12:23:54 +0900] "GET /error/kr/error.jsp HTTP/1.1" 500 3570
58.126.20.189 - - [24/Jan/2020:12:30:55 +0900] "GET /filter/checker.jsp?campaignID=642&email=gs3160@naver.com&responseEnd=2018-12-26 HTTP/1.1" 404 3570
66.249.73.84 - - [24/Jan/2020:12:34:33 +0900] "GET /error/kr/error.jsp HTTP/1.1" 500 3570
121.254.147.237 - - [24/Jan/2020:12:45:29 +0900] "GET /index.jsp HTTP/1.1" 302 -
121.254.147.237 - - [24/Jan/2020:12:45:29 +0900] "GET /home/en/main/main.do HTTP/1.1" 200 11080
68.61.41.181 - - [24/Jan/2020:12:46:26 +0900] "GET /index.jsp HTTP/1.1" 302 -
14.138.215.241 - - [24/Jan/2020:12:55:07 +0900] "GET /index.jsp HTTP/1.1" 302 -
14.138.215.241 - - [24/Jan/2020:12:55:07 +0900] "GET /home/main/main.do HTTP/1.1" 200 12222
194.6.231.247 - - [24/Jan/2020:13:04:30 +0900] "GET /error/kr/error.jsp HTTP/1.1" 500 3570
187.193.38.226 - - [24/Jan/2020:13:06:54 +0900] "GET /index.jsp HTTP/1.0" 302 -
112.34.110.156 - - [24/Jan/2020:13:07:39 +0900] "GET /home/en/contact/contact.do HTTP/1.0" 302 -
61.135.190.200 - - [24/Jan/2020:13:07:39 +0900] "GET /home/en/contact/contact.do HTTP/1.0" 200 7252
177.198.92.254 - - [24/Jan/2020:13:09:44 +0900] "GET /index.jsp HTTP/1.1" 302 -
177.198.92.254 - - [24/Jan/2020:13:09:44 +0900] "GET /index.jsp HTTP/1.1" 302 -
17.58.96.164 - - [24/Jan/2020:13:15:54 +0900] "GET /error/kr/error.jsp HTTP/1.1" 500 3570
17.58.96.118 - - [24/Jan/2020:13:15:54 +0900] "GET /home/en/watwedo/overview.do HTTP/1.1" 200 6156
66.249.73.82 - - [24/Jan/2020:13:17:05 +0900] "GET /error/kr/error.jsp HTTP/1.1" 500 3570
1.198.28.9 - - [24/Jan/2020:13:23:35 +0900] "GET /home/en/watwedo/overview.do HTTP/1.1" 200 6156
180.163.220.68 - - [24/Jan/2020:13:23:39 +0900] "GET /home/en/watwedo/overview.do HTTP/1.1" 302 -
180.163.220.66 - - [24/Jan/2020:13:23:40 +0900] "GET /home/en/watwedo/overview.do HTTP/1.1" 200 6156
180.163.220.67 - - [24/Jan/2020:13:23:40 +0900] "GET /home/en/watwedo/overview.do HTTP/1.1" 200 7050
180.163.220.66 - - [24/Jan/2020:13:23:46 +0900] "GET /index.jsp HTTP/1.1" 302 -
180.163.220.3 - - [24/Jan/2020:13:23:46 +0900] "GET /index.jsp HTTP/1.1" 302 -
180.163.220.3 - - [24/Jan/2020:13:23:46 +0900] "GET /home/main/main.do HTTP/1.1" 200 8898
180.163.220.5 - - [24/Jan/2020:13:23:47 +0900] "GET /error/kr/error.jsp HTTP/1.1" 500 3762
42.236.10.84 - - [24/Jan/2020:13:23:48 +0900] "GET /index.jsp HTTP/1.1" 302 -
42.236.10.84 - - [24/Jan/2020:13:23:48 +0900] "GET /home/main/main.do HTTP/1.1" 200 8898
42.236.10.78 - - [24/Jan/2020:13:23:49 +0900] "GET /error/kr/error.jsp HTTP/1.1" 500 3570
66.249.65.190 - - [24/Jan/2020:13:25:20 +0900] "GET /error/kr/error.jsp HTTP/1.1" 500 3762
193.111.62.163 - - [24/Jan/2020:13:27:17 +0900] "GET /home/news/news/list.do HTTP/1.1" 200 7091
220.181.108.152 - - [24/Jan/2020:13:27:36 +0900] "GET /home/en/watwedo/overview.do HTTP/1.1" 200 6156
125.209.235.177 - - [24/Jan/2020:13:31:21 +0900] "GET /error/kr/error.jsp HTTP/1.1" 500 3570
66.249.73.84 - - [24/Jan/2020:13:35:28 +0900] "GET /error/kr/error.jsp HTTP/1.1" 500 3570
89.187.165.131 - - [24/Jan/2020:13:35:58 +0900] "GET /index.jsp HTTP/1.0" 302 -
89.187.165.131 - - [24/Jan/2020:13:35:58 +0900] "GET /home/main/main.do HTTP/1.0" 200 12222
89.187.165.131 - - [24/Jan/2020:13:35:59 +0900] "GET /home/contact/contact.do HTTP/1.0" 200 5224
27.224.136.231 - - [24/Jan/2020:13:37:53 +0900] "HEAD /index.jsp HTTP/1.1" 302 -
27.224.136.231 - - [24/Jan/2020:13:37:53 +0900] "HEAD /home/en/main/main.do HTTP/1.1" 200 -
122.233.181.143 - - [24/Jan/2020:13:37:54 +0900] "GET /index.jsp HTTP/1.1" 302 -
