112.220.223.98 - - [20/Sep/2019:10:38:28 +0900] "GET /index.jsp HTTP/1.1" 302 -
112.220.223.98 - - [20/Sep/2019:10:38:28 +0900] "GET /home/main/main.do HTTP/1.1" 200 12222
112.220.223.98 - - [20/Sep/2019:10:38:43 +0900] "GET /home/whoweare/korea.do HTTP/1.1" 200 29942
66.249.66.218 - - [20/Sep/2019:10:39:28 +0900] "GET /error/kr/error.jsp HTTP/1.1" 500 3762
40.77.167.130 - - [20/Sep/2019:10:41:26 +0900] "GET /error/kr/error.jsp HTTP/1.1" 500 3762
180.227.223.137 - - [20/Sep/2019:10:41:28 +0900] "GET /index.jsp HTTP/1.1" 302 -
180.227.223.137 - - [20/Sep/2019:10:41:28 +0900] "GET /home/main/main.do HTTP/1.1" 200 12222
180.227.223.137 - - [20/Sep/2019:10:41:47 +0900] "GET /home/contact/contact.do HTTP/1.1" 200 5224
66.249.66.218 - - [20/Sep/2019:10:44:49 +0900] "GET /error/kr/error.jsp HTTP/1.1" 500 3762
66.249.66.157 - - [20/Sep/2019:10:45:09 +0900] "GET /error/kr/error.jsp HTTP/1.1" 500 3570
157.55.39.140 - - [20/Sep/2019:10:52:09 +0900] "GET /error/kr/error.jsp HTTP/1.1" 500 3570
35.231.153.251 - - [20/Sep/2019:10:53:22 +0900] "GET /error/kr/error.jsp HTTP/1.0" 500 3570
35.231.153.251 - - [20/Sep/2019:10:53:22 +0900] "GET /home/en/about/about.do HTTP/1.0" 200 14811
66.249.66.218 - - [20/Sep/2019:10:54:55 +0900] "GET /error/kr/error.jsp HTTP/1.1" 500 3762
207.46.13.68 - - [20/Sep/2019:10:57:03 +0900] "GET /error/kr/error.jsp HTTP/1.1" 500 3570
35.231.153.251 - - [20/Sep/2019:10:59:57 +0900] "GET /error/kr/error.jsp HTTP/1.0" 500 3570
35.231.153.251 - - [20/Sep/2019:10:59:57 +0900] "GET /home/en/watwedo/overview.do HTTP/1.0" 200 6156
66.249.66.156 - - [20/Sep/2019:11:00:21 +0900] "GET /error/kr/error.jsp HTTP/1.1" 500 3570
101.128.73.74 - - [20/Sep/2019:11:00:29 +0900] "GET /index.jsp HTTP/1.1" 302 -
121.133.204.138 - - [20/Sep/2019:11:00:39 +0900] "GET /index.jsp HTTP/1.1" 302 -
121.133.204.138 - - [20/Sep/2019:11:00:39 +0900] "GET /home/main/main.do HTTP/1.1" 200 12222
35.231.153.251 - - [20/Sep/2019:11:00:56 +0900] "GET /error/kr/error.jsp HTTP/1.0" 500 3570
35.231.153.251 - - [20/Sep/2019:11:00:56 +0900] "GET /home/main/main.do HTTP/1.0" 200 12222
121.133.204.138 - - [20/Sep/2019:11:01:16 +0900] "GET /home/whoweare/korea.do HTTP/1.1" 200 29942
121.133.204.138 - - [20/Sep/2019:11:01:23 +0900] "GET /home/about/about.do HTTP/1.1" 200 14216
207.46.13.68 - - [20/Sep/2019:11:01:26 +0900] "GET /error/kr/error.jsp HTTP/1.1" 500 3570
121.147.42.17 - - [20/Sep/2019:11:01:55 +0900] "GET /home/news/news/list.do?page=1 HTTP/1.1" 200 7091
121.147.42.17 - - [20/Sep/2019:11:01:59 +0900] "GET /home/news/news/view.do?page=1&num=6 HTTP/1.1" 200 9121
121.147.42.17 - - [20/Sep/2019:11:02:01 +0900] "GET /home/meetourpartners/all.do HTTP/1.1" 200 101569
121.147.42.17 - - [20/Sep/2019:11:02:17 +0900] "GET /home/news/news/list.do?page=1 HTTP/1.1" 200 7091
121.133.204.138 - - [20/Sep/2019:11:02:39 +0900] "GET /home/watwedo/overview.do HTTP/1.1" 200 6147
113.198.180.220 - - [20/Sep/2019:11:03:10 +0900] "GET /error/kr/error.jsp HTTP/1.1" 500 3570
106.255.232.162 - - [20/Sep/2019:11:04:15 +0900] "GET /index.jsp HTTP/1.1" 302 -
106.255.232.162 - - [20/Sep/2019:11:04:15 +0900] "GET /home/main/main.do HTTP/1.1" 200 12222
106.255.232.162 - - [20/Sep/2019:11:04:24 +0900] "GET /home/main/main.do HTTP/1.1" 200 12222
121.133.204.138 - - [20/Sep/2019:11:04:28 +0900] "GET /home/watwedo/history.do HTTP/1.1" 200 10614
121.133.204.138 - - [20/Sep/2019:11:04:37 +0900] "GET /home/watwedo/overview.do HTTP/1.1" 200 6147
121.133.204.138 - - [20/Sep/2019:11:04:43 +0900] "GET /home/whoweare/korea.do HTTP/1.1" 200 29942
121.133.204.138 - - [20/Sep/2019:11:04:51 +0900] "GET /home/whoweare/korea.do HTTP/1.1" 200 29942
121.133.204.138 - - [20/Sep/2019:11:04:55 +0900] "GET /home/about/about.do HTTP/1.1" 200 14216
66.249.66.156 - - [20/Sep/2019:11:05:58 +0900] "GET /error/kr/error.jsp HTTP/1.1" 500 3570
35.231.153.251 - - [20/Sep/2019:11:06:24 +0900] "GET /error/kr/error.jsp HTTP/1.0" 500 3570
35.231.153.251 - - [20/Sep/2019:11:06:25 +0900] "GET /home/en/meetourpartners/all.do HTTP/1.0" 200 95227
59.13.192.130 - - [20/Sep/2019:11:07:22 +0900] "GET /index.jsp HTTP/1.1" 302 -
59.13.192.130 - - [20/Sep/2019:11:07:22 +0900] "GET /home/main/main.do HTTP/1.1" 200 12222
59.13.192.130 - - [20/Sep/2019:11:07:25 +0900] "GET /home/whoweare/korea.do HTTP/1.1" 200 29942
38.99.62.94 - - [20/Sep/2019:11:07:43 +0900] "GET /index.jsp HTTP/1.1" 302 -
38.99.62.94 - - [20/Sep/2019:11:07:43 +0900] "GET /home/main/main.do HTTP/1.1" 200 12222
120.52.152.20 - - [20/Sep/2019:11:07:56 +0900] "GET /index.jsp HTTP/1.1" 302 -
120.52.152.20 - - [20/Sep/2019:11:07:56 +0900] "GET /home/en/main/main.do HTTP/1.1" 200 11080
106.102.11.184 - - [20/Sep/2019:11:09:05 +0900] "GET /error/kr/error.jsp HTTP/1.1" 500 3570
35.231.153.251 - - [20/Sep/2019:11:15:52 +0900] "GET /error/kr/error.jsp HTTP/1.0" 500 3570
35.231.153.251 - - [20/Sep/2019:11:15:53 +0900] "GET /home/en/watwedo/philosophy.do HTTP/1.0" 200 7112
59.13.192.130 - - [20/Sep/2019:11:16:15 +0900] "GET /home/whoweare/china.do HTTP/1.1" 200 10340
59.13.192.130 - - [20/Sep/2019:11:16:21 +0900] "GET /home/whoweare/korea.do HTTP/1.1" 200 29942
66.249.66.156 - - [20/Sep/2019:11:17:06 +0900] "GET /error/kr/error.jsp HTTP/1.1" 500 3570
193.111.62.163 - - [20/Sep/2019:11:18:12 +0900] "GET /home/news/news/list.do HTTP/1.1" 200 7091
35.231.153.251 - - [20/Sep/2019:11:20:38 +0900] "GET /error/kr/error.jsp HTTP/1.0" 500 3570
35.231.153.251 - - [20/Sep/2019:11:20:38 +0900] "GET /home/en/whoweare/korea.do HTTP/1.0" 200 29841
40.77.167.130 - - [20/Sep/2019:11:22:22 +0900] "GET /error/kr/error.jsp HTTP/1.1" 500 3570
35.231.153.251 - - [20/Sep/2019:11:23:36 +0900] "GET /error/kr/error.jsp HTTP/1.0" 500 3570
35.231.153.251 - - [20/Sep/2019:11:23:36 +0900] "GET /home/en/contact/contact.do HTTP/1.0" 200 5187
35.231.153.251 - - [20/Sep/2019:11:24:37 +0900] "GET /error/kr/error.jsp HTTP/1.0" 500 3570
35.231.153.251 - - [20/Sep/2019:11:24:38 +0900] "GET /home/en/meetourpartners/all.do HTTP/1.0" 200 95227
35.231.153.251 - - [20/Sep/2019:11:24:42 +0900] "GET /error/kr/error.jsp HTTP/1.0" 500 3570
35.231.153.251 - - [20/Sep/2019:11:24:42 +0900] "GET /home/en/watwedo/overview.do HTTP/1.0" 200 6156
35.231.153.251 - - [20/Sep/2019:11:24:44 +0900] "GET /error/kr/error.jsp HTTP/1.0" 500 3570
35.231.153.251 - - [20/Sep/2019:11:24:45 +0900] "GET /home/en/whoweare/korea.do HTTP/1.0" 200 29841
35.231.153.251 - - [20/Sep/2019:11:24:46 +0900] "GET /error/kr/error.jsp HTTP/1.0" 500 3570
35.231.153.251 - - [20/Sep/2019:11:24:47 +0900] "GET /home/en/about/about.do HTTP/1.0" 200 14811
35.231.153.251 - - [20/Sep/2019:11:24:48 +0900] "GET /error/kr/error.jsp HTTP/1.0" 500 3570
35.231.153.251 - - [20/Sep/2019:11:24:49 +0900] "GET /home/en/contact/contact.do HTTP/1.0" 200 5187
35.231.153.251 - - [20/Sep/2019:11:24:50 +0900] "GET /error/kr/error.jsp HTTP/1.0" 500 3570
35.231.153.251 - - [20/Sep/2019:11:24:50 +0900] "GET /home/en/watwedo/philosophy.do HTTP/1.0" 200 7112
35.231.153.251 - - [20/Sep/2019:11:24:52 +0900] "GET /error/kr/error.jsp HTTP/1.0" 500 3570
35.231.153.251 - - [20/Sep/2019:11:24:52 +0900] "GET /home/main/main.do HTTP/1.0" 200 12222
66.249.66.156 - - [20/Sep/2019:11:28:20 +0900] "GET /error/kr/error.jsp HTTP/1.1" 500 3570
66.249.66.222 - - [20/Sep/2019:11:30:22 +0900] "GET /error/kr/error.jsp HTTP/1.1" 500 3762
40.77.167.130 - - [20/Sep/2019:11:32:45 +0900] "GET /index.jsp HTTP/1.1" 302 -
40.77.167.130 - - [20/Sep/2019:11:36:22 +0900] "GET /index.jsp HTTP/1.1" 302 -
222.172.176.153 - - [20/Sep/2019:11:38:35 +0900] "GET /error/kr/error.jsp HTTP/1.1" 500 3570
80.82.70.187 - - [20/Sep/2019:11:39:32 +0900] "GET /error/kr/error.jsp HTTP/1.1" 500 3570
66.249.66.156 - - [20/Sep/2019:11:40:32 +0900] "GET /error/kr/error.jsp HTTP/1.1" 500 3570
157.55.39.140 - - [20/Sep/2019:11:43:47 +0900] "GET /error/kr/error.jsp HTTP/1.1" 500 3570
40.77.167.130 - - [20/Sep/2019:11:44:36 +0900] "GET /error/kr/error.jsp HTTP/1.1" 500 3570
61.38.37.74 - - [20/Sep/2019:11:48:32 +0900] "GET /index.jsp HTTP/1.1" 302 -
61.38.37.74 - - [20/Sep/2019:11:48:32 +0900] "GET /home/main/main.do HTTP/1.1" 200 12222
78.188.233.158 - - [20/Sep/2019:11:49:15 +0900] "GET /index.jsp HTTP/1.1" 302 -
66.249.66.156 - - [20/Sep/2019:11:52:51 +0900] "GET /error/kr/error.jsp HTTP/1.1" 500 3570
40.77.167.44 - - [20/Sep/2019:11:56:47 +0900] "GET /home/whoweare/korea.do HTTP/1.1" 200 29942
18.209.162.232 - - [20/Sep/2019:11:59:57 +0900] "GET /index.jsp HTTP/1.1" 302 -
178.209.66.215 - - [20/Sep/2019:12:00:13 +0900] "GET /index.jsp HTTP/1.1" 302 -
202.148.17.62 - - [20/Sep/2019:12:02:13 +0900] "GET /index.jsp HTTP/1.1" 302 -
122.11.141.127 - - [20/Sep/2019:12:02:32 +0900] "GET /index.jsp HTTP/1.0" 302 -
39.88.150.107 - - [20/Sep/2019:12:05:41 +0900] "GET /error/kr/error.jsp HTTP/1.1" 500 3570
125.209.235.179 - - [20/Sep/2019:12:05:51 +0900] "GET /error/kr/error.jsp HTTP/1.1" 500 3570
125.209.235.185 - - [20/Sep/2019:12:05:53 +0900] "GET /error/kr/error.jsp HTTP/1.1" 500 3570
40.77.167.44 - - [20/Sep/2019:12:05:53 +0900] "GET /error/kr/error.jsp HTTP/1.1" 500 3570
66.249.66.156 - - [20/Sep/2019:12:06:03 +0900] "GET /error/kr/error.jsp HTTP/1.1" 500 3570
207.46.13.68 - - [20/Sep/2019:12:09:17 +0900] "GET /error/kr/error.jsp HTTP/1.1" 500 3570
40.77.167.130 - - [20/Sep/2019:12:09:34 +0900] "GET /error/kr/error.jsp HTTP/1.1" 500 3570
66.249.66.156 - - [20/Sep/2019:12:10:09 +0900] "GET /error/kr/error.jsp HTTP/1.1" 500 3570
40.77.167.44 - - [20/Sep/2019:12:12:22 +0900] "GET /error/kr/error.jsp HTTP/1.1" 500 3570
115.206.117.12 - - [20/Sep/2019:12:12:28 +0900] "GET /error/kr/error.jsp HTTP/1.1" 500 3570
193.111.62.163 - - [20/Sep/2019:12:14:29 +0900] "GET /home/news/news/list.do HTTP/1.1" 200 7091
40.77.167.44 - - [20/Sep/2019:12:18:00 +0900] "GET /error/kr/error.jsp HTTP/1.1" 500 3570
115.238.95.194 - - [20/Sep/2019:12:18:47 +0900] "GET /error/kr/error.jsp HTTP/1.1" 500 3570
66.249.66.156 - - [20/Sep/2019:12:19:23 +0900] "GET /error/kr/error.jsp HTTP/1.1" 500 3570
60.177.169.154 - - [20/Sep/2019:12:20:29 +0900] "GET /error/kr/error.jsp HTTP/1.1" 500 3570
60.177.169.154 - - [20/Sep/2019:12:20:30 +0900] "GET /error/kr/error.jsp HTTP/1.1" 500 3570
40.77.167.130 - - [20/Sep/2019:12:22:39 +0900] "GET /index.jsp HTTP/1.1" 302 -
113.198.180.220 - - [20/Sep/2019:12:23:03 +0900] "GET /error/kr/error.jsp HTTP/1.1" 500 3570
106.102.142.244 - - [20/Sep/2019:12:24:47 +0900] "GET /index.jsp HTTP/1.1" 302 -
106.102.142.244 - - [20/Sep/2019:12:24:47 +0900] "GET /home/en/main/main.do HTTP/1.1" 302 -
106.102.142.244 - - [20/Sep/2019:12:24:47 +0900] "GET /home/en/main/main.do HTTP/1.1" 200 8279
106.102.142.244 - - [20/Sep/2019:12:24:48 +0900] "GET /error/kr/error.jsp HTTP/1.1" 500 3762
157.55.39.140 - - [20/Sep/2019:12:27:36 +0900] "GET /error/kr/error.jsp HTTP/1.1" 500 3570
157.55.39.140 - - [20/Sep/2019:12:31:03 +0900] "GET /error/kr/error.jsp HTTP/1.1" 500 3570
157.55.39.140 - - [20/Sep/2019:12:32:45 +0900] "GET /error/kr/error.jsp HTTP/1.1" 500 3570
66.249.66.156 - - [20/Sep/2019:12:32:52 +0900] "GET /error/kr/error.jsp HTTP/1.1" 500 3570
40.77.167.130 - - [20/Sep/2019:12:33:03 +0900] "GET /error/kr/error.jsp HTTP/1.1" 500 3570
40.77.167.130 - - [20/Sep/2019:12:33:26 +0900] "GET /index.jsp HTTP/1.1" 302 -
141.8.142.12 - - [20/Sep/2019:12:35:15 +0900] "GET /error/kr/error.jsp HTTP/1.1" 500 3570
141.8.142.12 - - [20/Sep/2019:12:35:18 +0900] "GET /home/main/main.do HTTP/1.1" 200 12222
211.56.145.140 - - [20/Sep/2019:12:38:08 +0900] "GET /error/kr/error.jsp HTTP/1.1" 500 3570
114.247.230.146 - - [20/Sep/2019:12:39:13 +0900] "GET /index.jsp HTTP/1.1" 302 -
114.247.230.146 - - [20/Sep/2019:12:39:13 +0900] "GET /home/en/main/main.do HTTP/1.1" 200 11080
114.247.230.146 - - [20/Sep/2019:12:39:53 +0900] "GET /home/en/meetourpartners/all.do HTTP/1.1" 200 95227
114.247.230.146 - - [20/Sep/2019:12:40:00 +0900] "GET /home/en/meetourpartners/overseas.do HTTP/1.1" 200 31428
114.247.230.146 - - [20/Sep/2019:12:40:06 +0900] "GET /home/en/watwedo/overview.do HTTP/1.1" 200 6156
114.247.230.146 - - [20/Sep/2019:12:40:10 +0900] "GET /home/en/whoweare/korea.do HTTP/1.1" 200 29841
114.247.230.146 - - [20/Sep/2019:12:40:48 +0900] "GET /home/en/whoweare/china.do HTTP/1.1" 200 10353
67.192.51.30 - - [20/Sep/2019:12:41:06 +0900] "GET /error/kr/error.jsp HTTP/1.1" 500 3570
114.247.230.146 - - [20/Sep/2019:12:43:10 +0900] "GET /home/en/whoweare/korea.do HTTP/1.1" 200 29841
114.247.230.146 - - [20/Sep/2019:12:43:12 +0900] "GET /home/en/whoweare/china.do HTTP/1.1" 200 10353
114.247.230.146 - - [20/Sep/2019:12:43:27 +0900] "GET /home/en/whoweare/korea.do HTTP/1.1" 200 29841
114.247.230.146 - - [20/Sep/2019:12:44:49 +0900] "GET /home/en/contact/contact.do HTTP/1.1" 200 5187
66.249.66.156 - - [20/Sep/2019:12:46:36 +0900] "GET /error/kr/error.jsp HTTP/1.1" 500 3570
114.247.230.146 - - [20/Sep/2019:12:48:33 +0900] "GET /home/en/watwedo/overview.do HTTP/1.1" 200 6156
114.247.230.146 - - [20/Sep/2019:12:48:44 +0900] "GET /home/en/watwedo/history.do HTTP/1.1" 200 10541
114.247.230.146 - - [20/Sep/2019:12:48:48 +0900] "GET /home/en/watwedo/philosophy.do HTTP/1.1" 200 7112
114.247.230.146 - - [20/Sep/2019:12:49:04 +0900] "GET /home/en/about/about.do HTTP/1.1" 200 14811
114.247.230.146 - - [20/Sep/2019:12:49:10 +0900] "GET /home/en/contact/contact.do HTTP/1.1" 200 5187
222.122.190.115 - - [20/Sep/2019:12:55:00 +0900] "GET /index.jsp HTTP/1.1" 302 -
222.122.190.115 - - [20/Sep/2019:12:55:00 +0900] "GET /home/main/main.do HTTP/1.1" 200 12222
222.122.190.115 - - [20/Sep/2019:12:55:00 +0900] "GET /index.jsp HTTP/1.1" 302 -
222.122.190.115 - - [20/Sep/2019:12:55:00 +0900] "GET /home/main/main.do HTTP/1.1" 200 12222
222.122.190.115 - - [20/Sep/2019:12:55:00 +0900] "GET /error/kr/error.jsp HTTP/1.1" 500 3570
159.203.173.65 - - [20/Sep/2019:12:55:02 +0900] "GET /index.jsp HTTP/1.1" 302 -
159.203.173.65 - - [20/Sep/2019:12:55:02 +0900] "GET /home/main/main.do HTTP/1.1" 200 12222
159.203.173.65 - - [20/Sep/2019:12:55:19 +0900] "GET /error/kr/error.jsp HTTP/1.1" 500 3570
159.203.173.65 - - [20/Sep/2019:12:55:20 +0900] "GET /home/watwedo/overview.do HTTP/1.1" 200 6147
159.203.173.65 - - [20/Sep/2019:12:55:21 +0900] "GET /home/meetourpartners/all.do HTTP/1.1" 200 101569
159.203.173.65 - - [20/Sep/2019:12:55:21 +0900] "GET /home/en/main/main.do HTTP/1.1" 200 11080
159.203.173.65 - - [20/Sep/2019:12:55:21 +0900] "GET /home/news/news/list.do HTTP/1.1" 200 7091
159.203.173.65 - - [20/Sep/2019:12:55:21 +0900] "GET /home/whoweare/korea.do HTTP/1.1" 200 29942
159.203.173.65 - - [20/Sep/2019:12:55:21 +0900] "GET /home/contact/contact.do HTTP/1.1" 200 5224
159.203.173.65 - - [20/Sep/2019:12:55:21 +0900] "GET /home/news/news/view.do?num=1 HTTP/1.1" 200 8971
159.203.173.65 - - [20/Sep/2019:12:55:21 +0900] "GET /home/about/about.do HTTP/1.1" 200 14216
159.203.173.65 - - [20/Sep/2019:12:55:22 +0900] "GET /home/news/news/view.do?num=2 HTTP/1.1" 200 6974
159.203.173.65 - - [20/Sep/2019:12:55:22 +0900] "GET /home/watwedo/philosophy.do HTTP/1.1" 200 7162
159.203.173.65 - - [20/Sep/2019:12:55:22 +0900] "GET /home/news/news/view.do?num=3 HTTP/1.1" 200 5573
113.108.166.90 - - [20/Sep/2019:12:57:19 +0900] "GET /error/kr/error.jsp HTTP/1.1" 500 3570
66.249.66.156 - - [20/Sep/2019:13:01:03 +0900] "GET /error/kr/error.jsp HTTP/1.1" 500 3570
216.197.69.134 - - [20/Sep/2019:13:02:16 +0900] "GET /home/en/whoweare/china.do HTTP/1.1" 200 10353
216.197.69.134 - - [20/Sep/2019:13:02:17 +0900] "GET /home/en/meetourpartners/all.do HTTP/1.1" 200 95227
216.197.69.134 - - [20/Sep/2019:13:02:17 +0900] "GET /home/en/whoweare/korea.do HTTP/1.1" 200 29841
216.197.69.134 - - [20/Sep/2019:13:02:28 +0900] "GET /home/en/meetourpartners/domestic.do HTTP/1.1" 200 69240
216.197.69.134 - - [20/Sep/2019:13:02:33 +0900] "GET /home/en/watwedo/overview.do HTTP/1.1" 200 6156
216.197.69.134 - - [20/Sep/2019:13:02:35 +0900] "GET /home/en/contact/contact.do HTTP/1.1" 200 5187
216.197.69.134 - - [20/Sep/2019:13:02:36 +0900] "GET /home/en/main/main.do HTTP/1.1" 200 11080
42.120.160.37 - - [20/Sep/2019:13:06:15 +0900] "GET /index.jsp HTTP/1.1" 302 -
42.156.137.37 - - [20/Sep/2019:13:06:15 +0900] "GET /home/main/main.do HTTP/1.1" 200 12222
40.77.167.130 - - [20/Sep/2019:13:12:29 +0900] "GET /error/kr/error.jsp HTTP/1.1" 500 3570
40.77.167.130 - - [20/Sep/2019:13:14:45 +0900] "GET /error/kr/error.jsp HTTP/1.1" 500 3570
66.249.66.157 - - [20/Sep/2019:13:15:42 +0900] "GET /error/kr/error.jsp HTTP/1.1" 500 3570
59.13.192.130 - - [20/Sep/2019:13:17:46 +0900] "GET /home/meetourpartners/all.do HTTP/1.1" 200 101569
157.55.39.140 - - [20/Sep/2019:13:20:51 +0900] "GET /error/kr/error.jsp HTTP/1.1" 500 3570
193.111.62.163 - - [20/Sep/2019:13:21:48 +0900] "GET /home/news/news/list.do HTTP/1.1" 200 7091
40.77.167.44 - - [20/Sep/2019:13:25:08 +0900] "GET /error/kr/error.jsp HTTP/1.1" 500 3570
166.104.40.88 - - [20/Sep/2019:13:30:12 +0900] "GET /index.jsp HTTP/1.1" 302 -
166.104.40.88 - - [20/Sep/2019:13:30:12 +0900] "GET /home/main/main.do HTTP/1.1" 200 12222
66.249.66.158 - - [20/Sep/2019:13:30:27 +0900] "GET /error/kr/error.jsp HTTP/1.1" 500 3570
121.147.42.17 - - [20/Sep/2019:13:31:10 +0900] "GET /home/en/main/main.do HTTP/1.1" 200 11080
121.147.42.17 - - [20/Sep/2019:13:31:18 +0900] "GET /home/en/main/main.do HTTP/1.1" 200 11080
168.248.255.107 - - [20/Sep/2019:13:32:33 +0900] "GET /index.jsp HTTP/1.1" 302 -
168.248.255.107 - - [20/Sep/2019:13:32:33 +0900] "GET /home/main/main.do HTTP/1.1" 200 12222
37.115.185.241 - - [20/Sep/2019:13:33:06 +0900] "GET /index.jsp HTTP/1.1" 302 -
37.115.185.241 - - [20/Sep/2019:13:33:07 +0900] "GET /index.jsp?author=1 HTTP/1.1" 302 -
37.115.185.241 - - [20/Sep/2019:13:33:07 +0900] "GET /error/kr/error.jsp HTTP/1.1" 500 3570
37.115.185.241 - - [20/Sep/2019:13:33:07 +0900] "GET /error/kr/error.jsp HTTP/1.1" 500 3570
37.115.185.241 - - [20/Sep/2019:13:33:08 +0900] "GET /error/kr/error.jsp HTTP/1.1" 500 3570
46.229.168.148 - - [20/Sep/2019:13:39:00 +0900] "GET /error/kr/error.jsp HTTP/1.1" 500 3570
175.247.168.197 - - [20/Sep/2019:13:39:35 +0900] "GET /index.jsp HTTP/1.1" 302 -
175.247.168.197 - - [20/Sep/2019:13:39:35 +0900] "GET /home/main/main.do HTTP/1.1" 200 12222
175.247.168.197 - - [20/Sep/2019:13:39:42 +0900] "GET /home/meetourpartners/all.do HTTP/1.1" 200 101569
175.247.168.197 - - [20/Sep/2019:13:40:05 +0900] "GET /home/watwedo/overview.do HTTP/1.1" 200 6147
175.247.168.197 - - [20/Sep/2019:13:40:18 +0900] "GET /home/meetourpartners/all.do HTTP/1.1" 200 101569
175.247.168.197 - - [20/Sep/2019:13:40:21 +0900] "GET /home/news/news/list.do HTTP/1.1" 200 7091
175.247.168.197 - - [20/Sep/2019:13:40:22 +0900] "GET /home/contact/contact.do HTTP/1.1" 200 5224
207.46.13.68 - - [20/Sep/2019:13:41:11 +0900] "GET /home/news/news/view.do?page=&num=5 HTTP/1.1" 200 9109
66.249.66.222 - - [20/Sep/2019:13:45:27 +0900] "GET /error/kr/error.jsp HTTP/1.1" 500 3762
40.77.167.44 - - [20/Sep/2019:13:46:03 +0900] "GET /error/kr/error.jsp HTTP/1.1" 500 3570
112.157.131.203 - - [20/Sep/2019:13:47:24 +0900] "GET /index.jsp HTTP/1.1" 302 -
112.157.131.203 - - [20/Sep/2019:13:47:24 +0900] "GET /home/main/main.do HTTP/1.1" 302 -
112.157.131.203 - - [20/Sep/2019:13:47:24 +0900] "GET /home/main/main.do HTTP/1.1" 200 8898
112.157.131.203 - - [20/Sep/2019:13:47:24 +0900] "GET /error/kr/error.jsp HTTP/1.1" 500 3762
112.157.131.203 - - [20/Sep/2019:13:47:27 +0900] "GET /home/whoweare/korea.do HTTP/1.1" 200 43565
121.160.142.163 - - [20/Sep/2019:13:48:03 +0900] "GET /index.jsp HTTP/1.1" 302 -
121.160.142.163 - - [20/Sep/2019:13:48:04 +0900] "GET /error/kr/error.jsp HTTP/1.1" 500 3570
121.160.142.163 - - [20/Sep/2019:13:48:06 +0900] "GET /index.jsp? HTTP/1.1" 302 -
121.160.142.163 - - [20/Sep/2019:13:48:06 +0900] "GET /home/main/main.do HTTP/1.1" 200 12222
121.160.142.163 - - [20/Sep/2019:13:48:12 +0900] "GET /home/about/about.do HTTP/1.1" 200 14216
121.254.147.237 - - [20/Sep/2019:13:48:19 +0900] "GET /index.jsp HTTP/1.1" 302 -
121.254.147.237 - - [20/Sep/2019:13:48:19 +0900] "GET /home/en/main/main.do HTTP/1.1" 200 11080
112.157.131.203 - - [20/Sep/2019:13:49:47 +0900] "GET /home/whoweare/china.do HTTP/1.1" 200 11536
112.157.131.203 - - [20/Sep/2019:13:49:48 +0900] "GET /home/whoweare/korea.do HTTP/1.1" 200 43565
40.77.167.119 - - [20/Sep/2019:13:51:24 +0900] "GET /error/kr/error.jsp HTTP/1.1" 500 3570
45.33.66.85 - - [20/Sep/2019:13:51:28 +0900] "GET /error/kr/error.jsp HTTP/1.1" 500 3570
40.77.167.44 - - [20/Sep/2019:13:52:33 +0900] "GET /error/kr/error.jsp HTTP/1.1" 500 3570
207.46.13.68 - - [20/Sep/2019:13:58:46 +0900] "GET /error/kr/error.jsp HTTP/1.1" 500 3570
66.249.66.218 - - [20/Sep/2019:14:00:14 +0900] "GET /error/kr/error.jsp HTTP/1.1" 500 3762
211.38.131.46 - - [20/Sep/2019:14:01:40 +0900] "GET /index.jsp HTTP/1.1" 302 -
211.38.131.46 - - [20/Sep/2019:14:01:40 +0900] "GET /error/kr/error.jsp HTTP/1.1" 500 3570
203.226.207.126 - - [20/Sep/2019:14:02:00 +0900] "GET /index.jsp HTTP/1.1" 302 -
203.226.207.126 - - [20/Sep/2019:14:02:00 +0900] "GET /home/main/main.do HTTP/1.1" 302 -
203.226.207.126 - - [20/Sep/2019:14:02:00 +0900] "GET /home/main/main.do HTTP/1.1" 200 8898
203.226.207.126 - - [20/Sep/2019:14:02:00 +0900] "GET /error/kr/error.jsp HTTP/1.1" 500 3762
203.226.207.126 - - [20/Sep/2019:14:02:09 +0900] "GET /home/whoweare/korea.do HTTP/1.1" 200 43565
203.226.207.126 - - [20/Sep/2019:14:02:20 +0900] "GET /home/about/about.do HTTP/1.1" 200 15329
203.226.207.126 - - [20/Sep/2019:14:02:20 +0900] "GET /error/kr/error.jsp HTTP/1.1" 500 3762
203.226.207.126 - - [20/Sep/2019:14:02:34 +0900] "GET /home/main/main.do HTTP/1.1" 200 8898
203.226.207.126 - - [20/Sep/2019:14:02:34 +0900] "GET /error/kr/error.jsp HTTP/1.1" 500 3762
203.226.207.126 - - [20/Sep/2019:14:03:00 +0900] "GET /home/whoweare/korea.do HTTP/1.1" 200 43565
125.209.235.185 - - [20/Sep/2019:14:05:53 +0900] "GET /error/kr/error.jsp HTTP/1.1" 500 3570
157.55.39.140 - - [20/Sep/2019:14:06:45 +0900] "GET /error/kr/error.jsp HTTP/1.1" 500 3570
113.198.180.247 - - [20/Sep/2019:14:07:47 +0900] "GET /home/main/main.do HTTP/1.1" 200 12222
121.147.42.17 - - [20/Sep/2019:14:08:24 +0900] "GET /home/meetourpartners/all.do HTTP/1.1" 200 101569
66.249.66.156 - - [20/Sep/2019:14:09:13 +0900] "GET /error/kr/error.jsp HTTP/1.1" 500 3570
157.55.39.140 - - [20/Sep/2019:14:09:36 +0900] "GET /error/kr/error.jsp HTTP/1.1" 500 3570
203.217.245.14 - - [20/Sep/2019:14:10:07 +0900] "GET /index.jsp HTTP/1.1" 302 -
203.217.246.67 - - [20/Sep/2019:14:10:07 +0900] "GET /home/main/main.do HTTP/1.1" 200 12222
203.217.240.14 - - [20/Sep/2019:14:10:07 +0900] "GET /home/main/main.do HTTP/1.1" 200 12222
203.217.242.14 - - [20/Sep/2019:14:10:07 +0900] "GET /home/main/main.do HTTP/1.1" 200 12222
203.217.247.14 - - [20/Sep/2019:14:10:07 +0900] "GET /home/main/main.do HTTP/1.1" 200 12222
203.217.246.14 - - [20/Sep/2019:14:10:07 +0900] "GET /home/main/main.do HTTP/1.1" 200 12222
112.220.97.114 - - [20/Sep/2019:14:13:34 +0900] "GET /home/en/main/main.do HTTP/1.1" 200 8279
112.220.97.114 - - [20/Sep/2019:14:13:34 +0900] "GET /error/kr/error.jsp HTTP/1.1" 500 3762
112.220.97.114 - - [20/Sep/2019:14:13:37 +0900] "GET /error/kr/error.jsp HTTP/1.1" 500 3762
113.198.180.220 - - [20/Sep/2019:14:15:11 +0900] "GET /error/kr/error.jsp HTTP/1.1" 500 3570
171.67.70.80 - - [20/Sep/2019:14:15:14 +0900] "GET /index.jsp HTTP/1.1" 302 -
66.249.66.222 - - [20/Sep/2019:14:15:34 +0900] "GET /error/kr/error.jsp HTTP/1.1" 500 3762
113.198.180.220 - - [20/Sep/2019:14:18:03 +0900] "GET /error/kr/error.jsp HTTP/1.1" 500 3570
193.111.62.163 - - [20/Sep/2019:14:18:47 +0900] "GET /home/news/news/list.do HTTP/1.1" 200 7091
66.249.66.218 - - [20/Sep/2019:14:19:07 +0900] "GET /error/kr/error.jsp HTTP/1.1" 500 3762
207.46.13.183 - - [20/Sep/2019:14:19:23 +0900] "GET /error/kr/error.jsp HTTP/1.1" 500 3570
166.104.40.88 - - [20/Sep/2019:14:22:21 +0900] "GET /index.jsp HTTP/1.1" 302 -
166.104.40.88 - - [20/Sep/2019:14:22:21 +0900] "GET /home/main/main.do HTTP/1.1" 200 12222
166.104.40.88 - - [20/Sep/2019:14:22:24 +0900] "GET /home/watwedo/overview.do HTTP/1.1" 200 6147
166.104.40.88 - - [20/Sep/2019:14:22:28 +0900] "GET /home/watwedo/history.do HTTP/1.1" 200 10614
166.104.40.88 - - [20/Sep/2019:14:22:30 +0900] "GET /home/watwedo/philosophy.do HTTP/1.1" 200 7162
166.104.40.88 - - [20/Sep/2019:14:22:32 +0900] "GET /home/whoweare/korea.do HTTP/1.1" 200 29942
66.249.66.158 - - [20/Sep/2019:14:29:34 +0900] "GET /error/kr/error.jsp HTTP/1.1" 500 3570
113.198.180.220 - - [20/Sep/2019:14:29:39 +0900] "GET /error/kr/error.jsp HTTP/1.1" 500 3570
157.55.39.117 - - [20/Sep/2019:14:30:33 +0900] "GET /error/kr/error.jsp HTTP/1.1" 500 3570
106.102.11.164 - - [20/Sep/2019:14:30:53 +0900] "GET /error/kr/error.jsp HTTP/1.1" 500 3570
66.249.66.218 - - [20/Sep/2019:14:31:20 +0900] "GET /error/kr/error.jsp HTTP/1.1" 500 3762
66.249.66.156 - - [20/Sep/2019:14:35:24 +0900] "GET /error/kr/error.jsp HTTP/1.1" 500 3570
112.220.79.138 - - [20/Sep/2019:14:40:25 +0900] "GET /index.jsp HTTP/1.1" 302 -
112.220.79.138 - - [20/Sep/2019:14:40:25 +0900] "GET /home/main/main.do HTTP/1.1" 200 12222
112.220.79.138 - - [20/Sep/2019:14:40:32 +0900] "GET /home/watwedo/overview.do HTTP/1.1" 200 6147
112.220.79.138 - - [20/Sep/2019:14:40:35 +0900] "GET /home/whoweare/korea.do HTTP/1.1" 200 29942
42.236.10.91 - - [20/Sep/2019:14:40:42 +0900] "GET /index.jsp HTTP/1.1" 302 -
157.55.39.117 - - [20/Sep/2019:14:40:43 +0900] "GET /home/news/news/view.do?page=1&num=1 HTTP/1.1" 200 8973
112.220.79.138 - - [20/Sep/2019:14:40:49 +0900] "GET /home/meetourpartners/all.do HTTP/1.1" 200 101569
42.236.10.90 - - [20/Sep/2019:14:40:50 +0900] "GET /home/en/main/main.do HTTP/1.1" 200 11080
112.220.79.138 - - [20/Sep/2019:14:40:52 +0900] "GET /home/about/about.do HTTP/1.1" 200 14216
67.192.51.30 - - [20/Sep/2019:14:42:09 +0900] "GET /index.jsp HTTP/1.1" 302 -
67.192.51.30 - - [20/Sep/2019:14:42:09 +0900] "GET /home/en/main/main.do HTTP/1.1" 200 11080
121.130.24.109 - - [20/Sep/2019:14:45:26 +0900] "GET /index.jsp HTTP/1.1" 302 -
121.130.24.109 - - [20/Sep/2019:14:45:26 +0900] "GET /home/main/main.do HTTP/1.1" 200 12222
66.249.66.222 - - [20/Sep/2019:14:47:32 +0900] "GET /error/kr/error.jsp HTTP/1.1" 500 3762
113.198.180.220 - - [20/Sep/2019:14:47:46 +0900] "GET /error/kr/error.jsp HTTP/1.1" 500 3570
168.90.88.110 - - [20/Sep/2019:14:48:35 +0900] "GET /index.jsp HTTP/1.1" 302 -
115.206.117.12 - - [20/Sep/2019:14:51:16 +0900] "GET /error/kr/error.jsp HTTP/1.1" 500 3570
207.46.13.183 - - [20/Sep/2019:14:53:50 +0900] "GET /home/meetourpartners/domestic.do HTTP/1.1" 200 73451
211.254.19.24 - - [20/Sep/2019:14:57:26 +0900] "GET /index.jsp HTTP/1.1" 302 -
211.254.19.24 - - [20/Sep/2019:14:57:26 +0900] "GET /home/main/main.do HTTP/1.1" 200 12222
211.254.19.24 - - [20/Sep/2019:14:57:29 +0900] "GET /home/whoweare/korea.do HTTP/1.1" 200 29942
199.49.15.128 - - [20/Sep/2019:14:58:25 +0900] "GET /index.jsp HTTP/1.1" 302 -
199.49.15.128 - - [20/Sep/2019:14:58:25 +0900] "GET /home/en/main/main.do HTTP/1.1" 200 11080
207.46.13.183 - - [20/Sep/2019:15:00:58 +0900] "GET /error/kr/error.jsp HTTP/1.1" 500 3570
66.249.66.222 - - [20/Sep/2019:15:04:12 +0900] "GET /error/kr/error.jsp HTTP/1.1" 500 3762
113.198.180.247 - - [20/Sep/2019:15:08:46 +0900] "GET /home/whoweare/korea.do HTTP/1.1" 200 29942
113.198.180.247 - - [20/Sep/2019:15:09:05 +0900] "GET /home/whoweare/china.do HTTP/1.1" 200 10340
113.198.180.247 - - [20/Sep/2019:15:09:07 +0900] "GET /home/watwedo/overview.do HTTP/1.1" 200 6147
113.198.180.247 - - [20/Sep/2019:15:09:11 +0900] "GET /home/watwedo/history.do HTTP/1.1" 200 10614
113.198.180.247 - - [20/Sep/2019:15:09:14 +0900] "GET /home/watwedo/philosophy.do HTTP/1.1" 200 7162
113.198.180.247 - - [20/Sep/2019:15:09:22 +0900] "GET /home/whoweare/korea.do HTTP/1.1" 200 29942
193.70.34.209 - - [20/Sep/2019:15:10:31 +0900] "GET /index.jsp HTTP/1.1" 302 -
193.70.34.209 - - [20/Sep/2019:15:10:40 +0900] "GET /home/en/main/main.do HTTP/1.1" 200 11080
113.198.180.220 - - [20/Sep/2019:15:14:40 +0900] "GET /error/kr/error.jsp HTTP/1.1" 500 3570
121.166.69.142 - - [20/Sep/2019:15:15:38 +0900] "GET /home/en/main/main.do HTTP/1.1" 200 11080
113.198.180.220 - - [20/Sep/2019:15:16:21 +0900] "GET /error/kr/error.jsp HTTP/1.1" 500 3570
121.166.69.142 - - [20/Sep/2019:15:17:27 +0900] "GET /home/en/main/main.do HTTP/1.1" 200 11080
121.166.69.142 - - [20/Sep/2019:15:17:28 +0900] "GET /home/en/main/main.do HTTP/1.1" 200 11080
193.111.62.163 - - [20/Sep/2019:15:17:49 +0900] "GET /home/news/news/list.do HTTP/1.1" 200 7091
121.166.69.142 - - [20/Sep/2019:15:17:50 +0900] "GET /home/en/contact/contact.do HTTP/1.1" 200 5187
121.166.69.142 - - [20/Sep/2019:15:17:51 +0900] "GET /home/en/contact/contact.do HTTP/1.1" 200 5187
121.166.69.142 - - [20/Sep/2019:15:17:53 +0900] "GET /home/en/contact/contact.do HTTP/1.1" 200 5187
124.111.165.132 - - [20/Sep/2019:15:18:37 +0900] "GET /index.jsp HTTP/1.1" 302 -
124.111.165.132 - - [20/Sep/2019:15:18:37 +0900] "GET /home/main/main.do HTTP/1.1" 200 12222
124.111.165.132 - - [20/Sep/2019:15:18:47 +0900] "GET /home/about/about.do HTTP/1.1" 200 14216
121.166.69.142 - - [20/Sep/2019:15:19:03 +0900] "GET /home/en/contact/contact.do HTTP/1.1" 200 5187
66.249.66.222 - - [20/Sep/2019:15:20:58 +0900] "GET /error/kr/error.jsp HTTP/1.1" 500 3762
113.198.180.220 - - [20/Sep/2019:15:22:59 +0900] "GET /error/kr/error.jsp HTTP/1.1" 500 3570
113.198.180.220 - - [20/Sep/2019:15:23:03 +0900] "GET /error/kr/error.jsp HTTP/1.1" 500 3570
113.198.180.220 - - [20/Sep/2019:15:23:13 +0900] "GET /error/kr/error.jsp HTTP/1.1" 500 3570
124.111.165.132 - - [20/Sep/2019:15:23:41 +0900] "GET /home/meetourpartners/all.do HTTP/1.1" 200 101569
124.111.165.132 - - [20/Sep/2019:15:24:06 +0900] "GET /home/whoweare/korea.do HTTP/1.1" 200 29942
124.111.165.132 - - [20/Sep/2019:15:24:43 +0900] "GET /home/whoweare/korea.do HTTP/1.1" 200 29942
124.111.165.132 - - [20/Sep/2019:15:25:38 +0900] "GET /home/about/about.do HTTP/1.1" 200 14216
121.141.62.80 - - [20/Sep/2019:15:27:09 +0900] "GET /index.jsp HTTP/1.1" 302 -
121.141.62.80 - - [20/Sep/2019:15:27:09 +0900] "GET /home/main/main.do HTTP/1.1" 200 12222
121.141.62.80 - - [20/Sep/2019:15:27:10 +0900] "GET /home/whoweare/korea.do HTTP/1.1" 200 29942
121.141.62.80 - - [20/Sep/2019:15:27:11 +0900] "GET /home/en/main/main.do HTTP/1.1" 200 11080
123.30.175.159 - - [20/Sep/2019:15:28:43 +0900] "GET /error/kr/error.jsp HTTP/1.1" 500 3570
124.111.165.132 - - [20/Sep/2019:15:28:53 +0900] "GET /home/whoweare/korea.do HTTP/1.1" 200 29942
66.249.66.157 - - [20/Sep/2019:15:30:06 +0900] "GET /error/kr/error.jsp HTTP/1.1" 500 3570
219.240.46.239 - - [20/Sep/2019:15:30:07 +0900] "GET /index.jsp HTTP/1.1" 302 -
219.240.46.239 - - [20/Sep/2019:15:30:07 +0900] "GET /home/main/main.do HTTP/1.1" 200 12222
219.240.46.239 - - [20/Sep/2019:15:30:17 +0900] "GET /home/contact/contact.do HTTP/1.1" 200 5224
157.55.39.140 - - [20/Sep/2019:15:30:18 +0900] "GET /error/kr/error.jsp HTTP/1.1" 500 3570
219.240.46.239 - - [20/Sep/2019:15:30:21 +0900] "GET /home/whoweare/korea.do HTTP/1.1" 200 29942
219.240.46.239 - - [20/Sep/2019:15:31:06 +0900] "GET /home/about/about.do HTTP/1.1" 200 14216
157.55.39.140 - - [20/Sep/2019:15:35:27 +0900] "GET /error/kr/error.jsp HTTP/1.1" 500 3570
66.249.66.220 - - [20/Sep/2019:15:38:24 +0900] "GET /error/kr/error.jsp HTTP/1.1" 500 3762
207.46.13.111 - - [20/Sep/2019:15:41:24 +0900] "GET /error/kr/error.jsp HTTP/1.1" 500 3570
223.19.158.109 - - [20/Sep/2019:15:43:25 +0900] "GET /home/en/whoweare/korea.do HTTP/1.1" 200 42455
223.19.158.109 - - [20/Sep/2019:15:44:40 +0900] "GET /home/en/whoweare/korea.do HTTP/1.1" 200 42455
113.198.180.247 - - [20/Sep/2019:15:46:46 +0900] "GET /home/main/main.do HTTP/1.1" 200 12222
113.198.180.220 - - [20/Sep/2019:15:48:10 +0900] "GET /error/kr/error.jsp HTTP/1.1" 500 3570
223.204.241.221 - - [20/Sep/2019:15:48:22 +0900] "GET /index.jsp HTTP/1.1" 302 -
223.204.241.221 - - [20/Sep/2019:15:48:23 +0900] "GET /home/en/main/main.do HTTP/1.1" 200 11080
61.160.212.40 - - [20/Sep/2019:15:49:44 +0900] "GET /index.jsp HTTP/1.1" 302 -
66.249.66.218 - - [20/Sep/2019:15:50:10 +0900] "GET /error/kr/error.jsp HTTP/1.1" 500 3762
113.198.180.220 - - [20/Sep/2019:15:50:15 +0900] "GET /error/kr/error.jsp HTTP/1.1" 500 3570
113.198.180.220 - - [20/Sep/2019:15:50:25 +0900] "GET /error/kr/error.jsp HTTP/1.1" 500 3570
113.198.180.220 - - [20/Sep/2019:15:50:25 +0900] "GET /error/kr/error.jsp HTTP/1.1" 500 3570
61.160.212.40 - - [20/Sep/2019:15:50:45 +0900] "GET /index.jsp HTTP/1.1" 302 -
223.204.241.221 - - [20/Sep/2019:15:50:57 +0900] "GET /home/en/main/main.do HTTP/1.1" 200 11080
66.249.66.156 - - [20/Sep/2019:15:56:23 +0900] "GET /error/kr/error.jsp HTTP/1.1" 500 3570
207.46.13.183 - - [20/Sep/2019:15:58:03 +0900] "GET /home/news/news/list.do?page= HTTP/1.1" 200 7091
61.160.212.40 - - [20/Sep/2019:15:58:06 +0900] "GET /index.jsp HTTP/1.1" 302 -
113.198.180.220 - - [20/Sep/2019:16:00:02 +0900] "GET /error/kr/error.jsp HTTP/1.1" 500 3570
113.198.180.247 - - [20/Sep/2019:16:00:17 +0900] "GET /home/whoweare/korea.do HTTP/1.1" 200 29942
113.198.180.247 - - [20/Sep/2019:16:00:20 +0900] "GET /home/main/main.do HTTP/1.1" 200 12222
113.198.180.220 - - [20/Sep/2019:16:00:28 +0900] "GET /error/kr/error.jsp HTTP/1.1" 500 3570
113.198.180.220 - - [20/Sep/2019:16:00:58 +0900] "GET /error/kr/error.jsp HTTP/1.1" 500 3570
1.119.152.62 - - [20/Sep/2019:16:01:58 +0900] "GET /index.jsp HTTP/1.1" 302 -
1.119.152.62 - - [20/Sep/2019:16:01:58 +0900] "GET /home/en/main/main.do HTTP/1.1" 200 11080
1.119.152.62 - - [20/Sep/2019:16:02:59 +0900] "GET /home/en/about/about.do HTTP/1.1" 200 14811
211.38.131.45 - - [20/Sep/2019:16:04:01 +0900] "GET /index.jsp HTTP/1.1" 302 -
211.38.131.45 - - [20/Sep/2019:16:04:01 +0900] "GET /error/kr/error.jsp HTTP/1.1" 500 3570
183.15.205.120 - - [20/Sep/2019:16:04:27 +0900] "GET /error/kr/error.jsp HTTP/1.1" 500 3570
125.209.235.176 - - [20/Sep/2019:16:05:53 +0900] "GET /error/kr/error.jsp HTTP/1.1" 500 3570
119.207.72.147 - - [20/Sep/2019:16:06:23 +0900] "GET /index.jsp HTTP/1.1" 302 -
119.207.72.147 - - [20/Sep/2019:16:06:23 +0900] "GET /home/main/main.do HTTP/1.1" 200 12222
180.101.52.99 - - [20/Sep/2019:16:06:43 +0900] "GET /index.jsp HTTP/1.1" 302 -
180.101.52.99 - - [20/Sep/2019:16:06:43 +0900] "GET /home/en/main/main.do HTTP/1.1" 200 11080
207.46.13.111 - - [20/Sep/2019:16:07:13 +0900] "GET /error/kr/error.jsp HTTP/1.1" 500 3570
40.77.167.159 - - [20/Sep/2019:16:10:26 +0900] "GET /error/kr/error.jsp HTTP/1.1" 500 3570
69.171.251.23 - - [20/Sep/2019:16:10:39 +0900] "GET /index.jsp HTTP/1.1" 302 -
40.77.167.159 - - [20/Sep/2019:16:11:13 +0900] "GET /home/meetourpartners/overseas.do HTTP/1.1" 200 32620
113.198.180.220 - - [20/Sep/2019:16:13:12 +0900] "GET /error/kr/error.jsp HTTP/1.1" 500 3570
113.198.180.220 - - [20/Sep/2019:16:14:27 +0900] "GET /error/kr/error.jsp HTTP/1.1" 500 3570
66.249.66.218 - - [20/Sep/2019:16:14:30 +0900] "GET /error/kr/error.jsp HTTP/1.1" 500 3762
207.46.13.111 - - [20/Sep/2019:16:18:18 +0900] "GET /error/kr/error.jsp HTTP/1.1" 500 3570
121.138.155.8 - - [20/Sep/2019:16:19:17 +0900] "GET /index.jsp HTTP/1.1" 302 -
121.138.155.8 - - [20/Sep/2019:16:19:17 +0900] "GET /home/main/main.do HTTP/1.1" 200 12222
193.111.62.163 - - [20/Sep/2019:16:20:01 +0900] "GET /home/news/news/list.do HTTP/1.1" 200 7091
113.198.180.220 - - [20/Sep/2019:16:23:27 +0900] "GET /error/kr/error.jsp HTTP/1.1" 500 3570
113.198.180.220 - - [20/Sep/2019:16:23:39 +0900] "GET /error/kr/error.jsp HTTP/1.1" 500 3570
113.198.180.220 - - [20/Sep/2019:16:23:51 +0900] "GET /error/kr/error.jsp HTTP/1.1" 500 3570
113.198.180.220 - - [20/Sep/2019:16:24:46 +0900] "GET /error/kr/error.jsp HTTP/1.1" 500 3570
113.198.180.220 - - [20/Sep/2019:16:25:07 +0900] "GET /error/kr/error.jsp HTTP/1.1" 500 3570
115.23.60.19 - - [20/Sep/2019:16:28:13 +0900] "GET /index.jsp HTTP/1.1" 302 -
115.23.60.19 - - [20/Sep/2019:16:28:13 +0900] "GET /home/main/main.do HTTP/1.1" 200 12222
119.207.72.163 - - [20/Sep/2019:16:32:25 +0900] "GET /home/en/about/about.do HTTP/1.1" 200 14811
66.249.66.222 - - [20/Sep/2019:16:33:06 +0900] "GET /error/kr/error.jsp HTTP/1.1" 500 3762
40.77.167.159 - - [20/Sep/2019:16:38:33 +0900] "GET /error/kr/error.jsp HTTP/1.1" 500 3762
207.46.13.111 - - [20/Sep/2019:16:40:52 +0900] "GET /error/kr/error.jsp HTTP/1.1" 500 3570
1.119.152.62 - - [20/Sep/2019:16:44:11 +0900] "GET /home/en/main/main.do HTTP/1.1" 200 11080
42.236.54.2 - - [20/Sep/2019:16:50:14 +0900] "GET /index.jsp HTTP/1.1" 302 -
42.236.54.2 - - [20/Sep/2019:16:50:15 +0900] "GET /home/en/main/main.do HTTP/1.1" 200 11080
58.210.54.10 - - [20/Sep/2019:16:50:44 +0900] "GET /error/kr/error.jsp HTTP/1.1" 500 3570
66.249.66.218 - - [20/Sep/2019:16:52:52 +0900] "GET /error/kr/error.jsp HTTP/1.1" 500 3762
91.242.162.148 - - [20/Sep/2019:16:53:32 +0900] "GET /error/kr/error.jsp HTTP/1.1" 500 3570
103.252.245.21 - - [20/Sep/2019:16:56:07 +0900] "GET /error/kr/error.jsp HTTP/1.1" 500 3570
54.81.119.92 - - [20/Sep/2019:16:57:17 +0900] "GET /error/kr/error.jsp HTTP/1.1" 500 3570
54.81.119.92 - - [20/Sep/2019:16:57:18 +0900] "GET /error/kr/error.jsp HTTP/1.1" 500 3570
211.56.145.140 - - [20/Sep/2019:16:57:36 +0900] "GET /index.jsp HTTP/1.1" 302 -
211.56.145.140 - - [20/Sep/2019:16:57:36 +0900] "GET /home/main/main.do HTTP/1.1" 200 8898
211.56.145.140 - - [20/Sep/2019:16:57:37 +0900] "GET /home/main/main.do HTTP/1.1" 200 8898
119.207.72.70 - - [20/Sep/2019:17:07:22 +0900] "GET /home/news/news/view.do?num=2 HTTP/1.1" 200 6974
113.198.180.220 - - [20/Sep/2019:17:13:16 +0900] "GET /error/kr/error.jsp HTTP/1.1" 500 3570
113.198.180.220 - - [20/Sep/2019:17:13:29 +0900] "GET /error/kr/error.jsp HTTP/1.1" 500 3570
66.249.66.218 - - [20/Sep/2019:17:14:02 +0900] "GET /error/kr/error.jsp HTTP/1.1" 500 3762
193.111.62.163 - - [20/Sep/2019:17:16:46 +0900] "GET /home/news/news/list.do HTTP/1.1" 200 7091
38.143.2.242 - - [20/Sep/2019:17:20:15 +0900] "GET /error/kr/error.jsp HTTP/1.1" 500 3570
207.46.13.111 - - [20/Sep/2019:17:30:48 +0900] "GET /error/kr/error.jsp HTTP/1.1" 500 3570
211.56.145.140 - - [20/Sep/2019:17:31:18 +0900] "GET /home/main/main.do HTTP/1.1" 302 -
211.56.145.140 - - [20/Sep/2019:17:31:23 +0900] "GET /home/main/main.do HTTP/1.1" 200 8898
175.107.47.0 - - [20/Sep/2019:17:34:21 +0900] "GET /index.jsp HTTP/1.1" 302 -
66.249.66.218 - - [20/Sep/2019:17:37:05 +0900] "GET /error/kr/error.jsp HTTP/1.1" 500 3762
141.8.142.12 - - [20/Sep/2019:17:39:21 +0900] "GET /error/kr/error.jsp HTTP/1.1" 500 3762
141.8.142.12 - - [20/Sep/2019:17:39:25 +0900] "GET /home/en/whoweare/china.do HTTP/1.1" 200 11458
157.55.39.98 - - [20/Sep/2019:17:44:09 +0900] "GET /error/kr/error.jsp HTTP/1.1" 500 3570
157.55.39.129 - - [20/Sep/2019:17:46:22 +0900] "GET /index.jsp HTTP/1.1" 302 -
157.55.39.129 - - [20/Sep/2019:17:46:22 +0900] "GET /home/main/main.do HTTP/1.1" 200 8898
119.207.72.74 - - [20/Sep/2019:17:53:56 +0900] "GET /home/about/about.do HTTP/1.1" 200 14216
66.249.66.218 - - [20/Sep/2019:17:59:48 +0900] "GET /error/kr/error.jsp HTTP/1.1" 500 3762
125.209.235.171 - - [20/Sep/2019:18:05:53 +0900] "GET /error/kr/error.jsp HTTP/1.1" 500 3570
141.8.142.26 - - [20/Sep/2019:18:06:59 +0900] "GET /error/kr/error.jsp HTTP/1.1" 500 3570
141.8.142.26 - - [20/Sep/2019:18:07:02 +0900] "GET /home/en/about/about.do HTTP/1.1" 200 14811
157.55.39.98 - - [20/Sep/2019:18:07:57 +0900] "GET /error/kr/error.jsp HTTP/1.1" 500 3570
220.181.108.174 - - [20/Sep/2019:18:09:35 +0900] "GET /home/en/main/main.do HTTP/1.1" 200 8279
111.206.198.15 - - [20/Sep/2019:18:09:40 +0900] "GET /error/kr/error.jsp HTTP/1.1" 500 3762
207.46.13.111 - - [20/Sep/2019:18:11:20 +0900] "GET /error/kr/error.jsp HTTP/1.1" 500 3570
106.102.11.136 - - [20/Sep/2019:18:13:50 +0900] "GET /error/kr/error.jsp HTTP/1.1" 500 3570
203.233.111.54 - - [20/Sep/2019:18:17:32 +0900] "GET /index.jsp HTTP/1.1" 302 -
203.233.111.54 - - [20/Sep/2019:18:17:32 +0900] "GET /home/en/main/main.do HTTP/1.1" 200 11080
203.233.111.54 - - [20/Sep/2019:18:17:34 +0900] "GET /home/en/meetourpartners/all.do HTTP/1.1" 200 95227
61.255.31.102 - - [20/Sep/2019:18:19:10 +0900] "GET /filter/checker.jsp?campaignID=567&email=emuss@naver.com&responseEnd=2018-12-22 HTTP/1.1" 404 3570
61.255.31.102 - - [20/Sep/2019:18:19:10 +0900] "GET /error/kr/error.jsp HTTP/1.1" 500 3570
61.255.31.102 - - [20/Sep/2019:18:19:10 +0900] "GET /error/kr/error.jsp HTTP/1.1" 500 3570
193.111.62.163 - - [20/Sep/2019:18:21:33 +0900] "GET /home/news/news/list.do HTTP/1.1" 200 7091
200.53.21.120 - - [20/Sep/2019:18:24:27 +0900] "GET /index.jsp HTTP/1.1" 302 -
123.30.175.160 - - [20/Sep/2019:18:29:24 +0900] "GET /error/kr/error.jsp HTTP/1.1" 500 3570
142.4.116.225 - - [20/Sep/2019:18:30:02 +0900] "GET /error/kr/error.jsp HTTP/1.1" 500 3570
142.4.116.225 - - [20/Sep/2019:18:30:02 +0900] "GET /error/kr/error.jsp HTTP/1.1" 500 3570
142.4.116.225 - - [20/Sep/2019:18:30:02 +0900] "GET /error/kr/error.jsp HTTP/1.1" 500 3570
142.4.116.225 - - [20/Sep/2019:18:30:03 +0900] "GET /error/kr/error.jsp HTTP/1.1" 500 3570
142.4.116.225 - - [20/Sep/2019:18:30:03 +0900] "GET /error/kr/error.jsp HTTP/1.1" 500 3570
142.4.116.225 - - [20/Sep/2019:18:30:04 +0900] "GET /error/kr/error.jsp HTTP/1.1" 500 3570
142.4.116.225 - - [20/Sep/2019:18:30:04 +0900] "GET /error/kr/error.jsp HTTP/1.1" 500 3570
142.4.116.225 - - [20/Sep/2019:18:30:04 +0900] "GET /error/kr/error.jsp HTTP/1.1" 500 3570
142.4.116.225 - - [20/Sep/2019:18:30:04 +0900] "GET /error/kr/error.jsp HTTP/1.1" 500 3570
142.4.116.225 - - [20/Sep/2019:18:30:05 +0900] "GET /error/kr/error.jsp HTTP/1.1" 500 3570
142.4.116.225 - - [20/Sep/2019:18:30:05 +0900] "GET /error/kr/error.jsp HTTP/1.1" 500 3570
142.4.116.225 - - [20/Sep/2019:18:30:05 +0900] "GET /error/kr/error.jsp HTTP/1.1" 500 3570
142.4.116.225 - - [20/Sep/2019:18:30:05 +0900] "GET /error/kr/error.jsp HTTP/1.1" 500 3570
142.4.116.225 - - [20/Sep/2019:18:30:06 +0900] "GET /error/kr/error.jsp HTTP/1.1" 500 3570
142.4.116.225 - - [20/Sep/2019:18:30:06 +0900] "GET /error/kr/error.jsp HTTP/1.1" 500 3570
66.249.66.220 - - [20/Sep/2019:18:30:44 +0900] "GET /error/kr/error.jsp HTTP/1.1" 500 3762
207.46.13.111 - - [20/Sep/2019:18:35:33 +0900] "GET /error/kr/error.jsp HTTP/1.1" 500 3570
211.170.88.35 - - [20/Sep/2019:18:35:52 +0900] "GET /index.jsp HTTP/1.1" 302 -
211.170.88.35 - - [20/Sep/2019:18:35:52 +0900] "GET /home/main/main.do HTTP/1.1" 200 12222
211.170.88.35 - - [20/Sep/2019:18:36:00 +0900] "GET /home/whoweare/korea.do HTTP/1.1" 200 29942
211.170.88.35 - - [20/Sep/2019:18:36:51 +0900] "GET /home/whoweare/china.do HTTP/1.1" 200 10340
211.170.88.35 - - [20/Sep/2019:18:37:06 +0900] "GET /home/meetourpartners/all.do HTTP/1.1" 200 101569
66.249.66.218 - - [20/Sep/2019:18:40:52 +0900] "GET /error/kr/error.jsp HTTP/1.1" 500 3762
207.46.13.180 - - [20/Sep/2019:18:47:39 +0900] "GET /error/kr/error.jsp HTTP/1.1" 500 3570
157.55.39.129 - - [20/Sep/2019:18:49:32 +0900] "GET /error/kr/error.jsp HTTP/1.1" 500 3570
107.179.123.122 - - [20/Sep/2019:18:49:33 +0900] "GET /error/kr/error.jsp HTTP/1.1" 500 3570
66.249.66.218 - - [20/Sep/2019:18:51:12 +0900] "GET /error/kr/error.jsp HTTP/1.1" 500 3762
107.179.123.122 - - [20/Sep/2019:18:54:49 +0900] "GET /error/kr/error.jsp HTTP/1.1" 500 3570
42.236.10.121 - - [20/Sep/2019:18:56:12 +0900] "GET /index.jsp HTTP/1.1" 302 -
42.236.10.110 - - [20/Sep/2019:18:58:03 +0900] "GET /home/en/main/main.do HTTP/1.1" 200 11080
207.46.13.111 - - [20/Sep/2019:18:58:05 +0900] "GET /error/kr/error.jsp HTTP/1.1" 500 3570
157.55.39.98 - - [20/Sep/2019:19:00:08 +0900] "GET /error/kr/error.jsp HTTP/1.1" 500 3570
45.33.66.85 - - [20/Sep/2019:19:01:27 +0900] "GET /error/kr/error.jsp HTTP/1.1" 500 3570
66.249.66.156 - - [20/Sep/2019:19:11:03 +0900] "GET /error/kr/error.jsp HTTP/1.1" 500 3570
88.99.3.154 - - [20/Sep/2019:19:14:36 +0900] "GET /error/kr/error.jsp HTTP/1.1" 500 3570
88.99.3.154 - - [20/Sep/2019:19:14:37 +0900] "GET /index.jsp HTTP/1.1" 302 -
88.99.3.154 - - [20/Sep/2019:19:14:37 +0900] "GET /home/main/main.do HTTP/1.1" 200 12222
64.233.172.59 - - [20/Sep/2019:19:19:58 +0900] "GET /index.jsp HTTP/1.1" 302 -
64.233.172.59 - - [20/Sep/2019:19:19:58 +0900] "GET /home/main/main.do HTTP/1.1" 200 12222
186.7.137.149 - - [20/Sep/2019:19:21:03 +0900] "GET /index.jsp HTTP/1.0" 302 -
186.7.137.149 - - [20/Sep/2019:19:21:14 +0900] "GET /index.jsp HTTP/1.0" 302 -
103.252.245.21 - - [20/Sep/2019:19:22:24 +0900] "GET /error/kr/error.jsp HTTP/1.1" 500 3570
193.111.62.163 - - [20/Sep/2019:19:23:25 +0900] "GET /home/news/news/list.do HTTP/1.1" 200 7091
60.177.169.154 - - [20/Sep/2019:19:23:34 +0900] "GET /error/kr/error.jsp HTTP/1.1" 500 3570
60.177.169.154 - - [20/Sep/2019:19:23:35 +0900] "GET /error/kr/error.jsp HTTP/1.1" 500 3570
95.140.86.118 - - [20/Sep/2019:19:26:45 +0900] "GET /index.jsp HTTP/1.0" 302 -
203.177.230.161 - - [20/Sep/2019:19:31:51 +0900] "GET /home/en/whoweare/china.do HTTP/1.1" 200 10353
189.27.25.113 - - [20/Sep/2019:19:31:55 +0900] "GET /index.jsp HTTP/1.0" 302 -
157.55.39.98 - - [20/Sep/2019:19:31:55 +0900] "GET /error/kr/error.jsp HTTP/1.1" 500 3570
211.36.139.45 - - [20/Sep/2019:19:33:11 +0900] "GET /filter/checker.jsp?campaignID=800&email=2017kjfamily@naver.com&responseEnd=2019-01-06 HTTP/1.1" 404 3570
211.36.139.45 - - [20/Sep/2019:19:33:11 +0900] "GET /error/kr/error.jsp HTTP/1.1" 500 3570
211.36.139.45 - - [20/Sep/2019:19:33:11 +0900] "GET /error/kr/error.jsp HTTP/1.1" 500 3570
66.249.66.156 - - [20/Sep/2019:19:38:24 +0900] "GET /error/kr/error.jsp HTTP/1.1" 500 3570
207.46.13.180 - - [20/Sep/2019:19:42:18 +0900] "GET /error/kr/error.jsp HTTP/1.1" 500 3570
64.233.173.156 - - [20/Sep/2019:19:43:04 +0900] "GET /index.jsp HTTP/1.1" 302 -
64.233.173.156 - - [20/Sep/2019:19:43:05 +0900] "GET /home/en/main/main.do HTTP/1.1" 200 8279
64.233.173.157 - - [20/Sep/2019:19:43:13 +0900] "GET /home/en/watwedo/overview.do HTTP/1.1" 200 7050
64.233.173.156 - - [20/Sep/2019:19:43:13 +0900] "GET /error/kr/error.jsp HTTP/1.1" 500 3570
64.233.173.156 - - [20/Sep/2019:19:43:31 +0900] "GET /home/en/watwedo/overview.do HTTP/1.1" 200 7050
64.233.173.157 - - [20/Sep/2019:19:43:47 +0900] "GET /home/en/whoweare/korea.do HTTP/1.1" 200 42455
64.233.173.157 - - [20/Sep/2019:19:44:23 +0900] "GET /home/en/about/about.do HTTP/1.1" 200 16658
64.233.173.158 - - [20/Sep/2019:19:44:24 +0900] "GET /error/kr/error.jsp HTTP/1.1" 500 3570
223.24.152.16 - - [20/Sep/2019:19:44:25 +0900] "GET /error/kr/error.jsp HTTP/1.1" 500 3570
64.233.173.158 - - [20/Sep/2019:19:44:51 +0900] "GET /error/kr/error.jsp HTTP/1.1" 500 3570
223.24.152.16 - - [20/Sep/2019:19:44:52 +0900] "GET /error/kr/error.jsp HTTP/1.1" 500 3570
207.46.13.180 - - [20/Sep/2019:19:51:15 +0900] "GET /error/kr/error.jsp HTTP/1.1" 500 3570
207.46.13.180 - - [20/Sep/2019:20:04:34 +0900] "GET /home/watwedo/history.do HTTP/1.1" 200 10614
125.209.235.181 - - [20/Sep/2019:20:05:53 +0900] "GET /error/kr/error.jsp HTTP/1.1" 500 3570
66.249.66.218 - - [20/Sep/2019:20:21:23 +0900] "GET /error/kr/error.jsp HTTP/1.1" 500 3762
193.111.62.163 - - [20/Sep/2019:20:23:44 +0900] "GET /home/news/news/list.do HTTP/1.1" 200 7091
27.115.124.67 - - [20/Sep/2019:20:24:39 +0900] "GET /error/kr/error.jsp HTTP/1.1" 500 3570
27.115.124.66 - - [20/Sep/2019:20:24:40 +0900] "GET /error/kr/error.jsp HTTP/1.1" 500 3570
23.225.121.141 - - [20/Sep/2019:20:24:58 +0900] "GET /index.jsp HTTP/1.1" 302 -
203.177.230.161 - - [20/Sep/2019:20:26:07 +0900] "GET /index.jsp HTTP/1.1" 302 -
203.177.230.161 - - [20/Sep/2019:20:26:07 +0900] "GET /home/en/main/main.do HTTP/1.1" 200 11080
203.177.230.161 - - [20/Sep/2019:20:26:10 +0900] "GET /home/main/main.do HTTP/1.1" 200 12222
203.177.230.161 - - [20/Sep/2019:20:26:12 +0900] "GET /home/whoweare/korea.do HTTP/1.1" 200 29942
203.177.230.161 - - [20/Sep/2019:20:26:16 +0900] "GET /home/whoweare/china.do HTTP/1.1" 200 10340
157.55.39.129 - - [20/Sep/2019:20:27:47 +0900] "GET /error/kr/error.jsp HTTP/1.1" 500 3570
121.182.152.4 - - [20/Sep/2019:20:29:37 +0900] "GET /index.jsp HTTP/1.1" 302 -
121.182.152.4 - - [20/Sep/2019:20:29:37 +0900] "GET /home/main/main.do HTTP/1.1" 200 12222
121.182.152.4 - - [20/Sep/2019:20:29:37 +0900] "GET /error/kr/error.jsp HTTP/1.1" 500 3570
121.182.152.4 - - [20/Sep/2019:20:29:37 +0900] "GET /error/kr/error.jsp HTTP/1.1" 500 3570
121.182.152.4 - - [20/Sep/2019:20:29:37 +0900] "GET /error/kr/error.jsp HTTP/1.1" 500 3570
121.182.152.4 - - [20/Sep/2019:20:29:37 +0900] "GET /error/kr/error.jsp HTTP/1.1" 500 3570
121.182.152.4 - - [20/Sep/2019:20:29:37 +0900] "GET /error/kr/error.jsp HTTP/1.1" 500 3570
121.182.152.4 - - [20/Sep/2019:20:29:37 +0900] "GET /error/kr/error.jsp HTTP/1.1" 500 3570
121.182.152.4 - - [20/Sep/2019:20:29:37 +0900] "GET /error/kr/error.jsp HTTP/1.1" 500 3570
207.46.13.111 - - [20/Sep/2019:20:30:03 +0900] "GET /error/kr/error.jsp HTTP/1.1" 500 3570
157.55.39.129 - - [20/Sep/2019:20:39:06 +0900] "GET /error/kr/error.jsp HTTP/1.1" 500 3570
207.46.13.111 - - [20/Sep/2019:20:44:01 +0900] "GET /home/en/meetourpartners/all.do HTTP/1.1" 200 95227
207.46.13.180 - - [20/Sep/2019:20:45:09 +0900] "GET /error/kr/error.jsp HTTP/1.1" 500 3570
125.209.235.178 - - [20/Sep/2019:20:45:53 +0900] "GET /error/kr/error.jsp HTTP/1.1" 500 3570
122.37.63.233 - - [20/Sep/2019:20:49:43 +0900] "GET /index.jsp HTTP/1.1" 302 -
122.37.63.233 - - [20/Sep/2019:20:49:43 +0900] "GET /home/main/main.do HTTP/1.1" 200 12222
122.37.63.233 - - [20/Sep/2019:20:49:50 +0900] "GET /home/news/news/list.do HTTP/1.1" 200 7091
122.37.63.233 - - [20/Sep/2019:20:50:00 +0900] "GET /home/main/main.do HTTP/1.1" 200 12222
122.37.63.233 - - [20/Sep/2019:20:50:19 +0900] "GET /home/watwedo/overview.do HTTP/1.1" 200 6147
122.37.63.233 - - [20/Sep/2019:20:50:24 +0900] "GET /home/watwedo/history.do HTTP/1.1" 200 10614
122.37.63.233 - - [20/Sep/2019:20:50:26 +0900] "GET /home/watwedo/philosophy.do HTTP/1.1" 200 7162
122.37.63.233 - - [20/Sep/2019:20:50:29 +0900] "GET /home/whoweare/korea.do HTTP/1.1" 200 29942
122.37.63.233 - - [20/Sep/2019:20:50:52 +0900] "GET /home/meetourpartners/all.do HTTP/1.1" 200 101569
122.37.63.233 - - [20/Sep/2019:20:50:56 +0900] "GET /home/news/news/list.do HTTP/1.1" 200 7091
