77.75.76.171 - - [26/Jan/2020:00:09:29 +0900] "GET /error/kr/error.jsp HTTP/1.1" 500 3570
193.111.62.163 - - [26/Jan/2020:00:15:06 +0900] "GET /home/news/news/list.do HTTP/1.1" 200 7091
66.249.75.220 - - [26/Jan/2020:00:16:11 +0900] "GET /error/kr/error.jsp HTTP/1.1" 500 3762
54.146.43.69 - - [26/Jan/2020:00:21:09 +0900] "GET /error/kr/error.jsp HTTP/1.0" 500 3570
66.249.75.182 - - [26/Jan/2020:00:36:37 +0900] "GET /error/kr/error.jsp HTTP/1.1" 500 3570
187.10.183.70 - - [26/Jan/2020:00:38:48 +0900] "GET /index.jsp HTTP/1.1" 302 -
40.77.167.20 - - [26/Jan/2020:00:39:28 +0900] "GET /error/kr/error.jsp HTTP/1.1" 500 3570
207.46.13.50 - - [26/Jan/2020:00:43:38 +0900] "GET /error/kr/error.jsp HTTP/1.1" 500 3570
119.207.72.67 - - [26/Jan/2020:00:46:40 +0900] "GET /home/news/news/list.do?page=1 HTTP/1.1" 200 7091
119.207.72.117 - - [26/Jan/2020:00:46:42 +0900] "GET /home/news/news/list.do?page=1 HTTP/1.1" 200 7091
45.33.66.85 - - [26/Jan/2020:00:47:19 +0900] "GET /error/kr/error.jsp HTTP/1.1" 500 3570
193.111.62.163 - - [26/Jan/2020:01:14:56 +0900] "GET /home/news/news/list.do HTTP/1.1" 200 7091
40.77.167.23 - - [26/Jan/2020:01:17:32 +0900] "GET /error/kr/error.jsp HTTP/1.1" 500 3570
66.249.75.218 - - [26/Jan/2020:01:26:21 +0900] "GET /error/kr/error.jsp HTTP/1.1" 500 3762
207.46.13.50 - - [26/Jan/2020:01:29:20 +0900] "GET /error/kr/error.jsp HTTP/1.1" 500 3570
125.209.235.180 - - [26/Jan/2020:01:31:21 +0900] "GET /error/kr/error.jsp HTTP/1.1" 500 3570
23.226.211.4 - - [26/Jan/2020:01:34:04 +0900] "GET /index.jsp HTTP/1.1" 302 -
23.226.211.4 - - [26/Jan/2020:01:34:04 +0900] "GET /home/en/main/main.do HTTP/1.1" 200 11080
37.145.197.217 - - [26/Jan/2020:01:39:38 +0900] "GET /index.jsp HTTP/1.1" 302 -
37.145.197.217 - - [26/Jan/2020:01:39:39 +0900] "GET /home/main/main.do HTTP/1.1" 200 12222
177.104.80.131 - - [26/Jan/2020:01:40:30 +0900] "GET /index.jsp HTTP/1.1" 302 -
17.58.96.118 - - [26/Jan/2020:01:41:09 +0900] "GET /error/kr/error.jsp HTTP/1.1" 500 3570
40.77.167.23 - - [26/Jan/2020:01:43:21 +0900] "GET /error/kr/error.jsp HTTP/1.1" 500 3570
117.44.164.16 - - [26/Jan/2020:01:54:08 +0900] "GET /index.jsp HTTP/1.1" 302 -
77.75.79.95 - - [26/Jan/2020:01:56:10 +0900] "GET /error/kr/error.jsp HTTP/1.1" 500 3570
193.57.40.38 - - [26/Jan/2020:01:59:00 +0900] "GET /error/kr/error.jsp HTTP/1.1" 500 3570
40.77.167.20 - - [26/Jan/2020:02:10:24 +0900] "GET /home/en/whoweare/china.do HTTP/1.1" 200 10353
207.46.13.50 - - [26/Jan/2020:02:11:11 +0900] "GET /error/kr/error.jsp HTTP/1.1" 500 3570
77.75.76.168 - - [26/Jan/2020:02:18:43 +0900] "GET /error/kr/error.jsp HTTP/1.1" 500 3570
77.75.76.168 - - [26/Jan/2020:02:18:55 +0900] "GET /home/en/meetourpartners/domestic.do HTTP/1.1" 200 69240
193.111.62.163 - - [26/Jan/2020:02:19:24 +0900] "GET /home/news/news/list.do HTTP/1.1" 200 7091
207.46.13.150 - - [26/Jan/2020:02:26:22 +0900] "GET /error/kr/error.jsp HTTP/1.1" 500 3570
40.77.167.20 - - [26/Jan/2020:02:32:03 +0900] "GET /home/whoweare/korea.do HTTP/1.1" 200 44336
40.77.167.20 - - [26/Jan/2020:02:33:33 +0900] "GET /error/kr/error.jsp HTTP/1.1" 500 3570
157.55.39.23 - - [26/Jan/2020:02:43:37 +0900] "GET /error/kr/error.jsp HTTP/1.1" 500 3570
141.8.142.12 - - [26/Jan/2020:02:59:52 +0900] "GET /error/kr/error.jsp HTTP/1.1" 500 3570
193.111.62.163 - - [26/Jan/2020:03:11:23 +0900] "GET /home/news/news/list.do HTTP/1.1" 200 7091
49.7.20.138 - - [26/Jan/2020:03:14:19 +0900] "GET /error/kr/error.jsp HTTP/1.1" 500 3570
49.7.20.138 - - [26/Jan/2020:03:27:15 +0900] "GET /index.jsp HTTP/1.1" 302 -
54.161.146.71 - - [26/Jan/2020:03:29:55 +0900] "GET /error/kr/error.jsp HTTP/1.1" 500 3570
54.161.146.71 - - [26/Jan/2020:03:29:56 +0900] "GET /error/kr/error.jsp HTTP/1.1" 500 3570
125.209.235.181 - - [26/Jan/2020:03:31:21 +0900] "GET /error/kr/error.jsp HTTP/1.1" 500 3570
40.77.167.20 - - [26/Jan/2020:03:36:16 +0900] "GET /error/kr/error.jsp HTTP/1.1" 500 3570
207.46.13.150 - - [26/Jan/2020:03:38:06 +0900] "GET /error/kr/error.jsp HTTP/1.1" 500 3570
34.199.176.251 - - [26/Jan/2020:03:39:23 +0900] "GET /home/news/news/view.do?num=1 HTTP/1.1" 200 8971
34.199.176.251 - - [26/Jan/2020:03:39:23 +0900] "GET /home/news/news/view.do HTTP/1.1" 500 3570
40.77.167.23 - - [26/Jan/2020:03:43:30 +0900] "GET /index.jsp HTTP/1.1" 302 -
193.57.40.38 - - [26/Jan/2020:03:45:28 +0900] "GET /error/kr/error.jsp HTTP/1.1" 500 3570
207.46.13.50 - - [26/Jan/2020:03:46:33 +0900] "GET /error/kr/error.jsp HTTP/1.1" 500 3570
77.75.78.164 - - [26/Jan/2020:03:48:18 +0900] "GET /error/kr/error.jsp HTTP/1.1" 500 3570
40.77.167.23 - - [26/Jan/2020:03:48:28 +0900] "GET /index.jsp HTTP/1.1" 302 -
125.209.235.179 - - [26/Jan/2020:03:51:21 +0900] "GET /index.jsp HTTP/1.1" 302 -
125.209.235.179 - - [26/Jan/2020:03:51:22 +0900] "GET /home/main/main.do HTTP/1.1" 200 12222
119.207.72.69 - - [26/Jan/2020:04:01:14 +0900] "GET /home/news/news/view.do?page=1&num=6 HTTP/1.1" 200 9121
34.74.171.148 - - [26/Jan/2020:04:02:38 +0900] "GET /error/kr/error.jsp HTTP/1.0" 500 3570
34.74.171.148 - - [26/Jan/2020:04:02:39 +0900] "GET /index.jsp HTTP/1.0" 302 -
34.74.171.148 - - [26/Jan/2020:04:02:39 +0900] "GET /error/kr/error.jsp HTTP/1.0" 500 3570
34.74.171.148 - - [26/Jan/2020:04:02:39 +0900] "GET /home/en/main/main.do HTTP/1.0" 200 11080
119.207.72.149 - - [26/Jan/2020:04:08:02 +0900] "GET /index.jsp HTTP/1.1" 302 -
119.207.72.149 - - [26/Jan/2020:04:08:02 +0900] "GET /home/main/main.do HTTP/1.1" 200 12222
34.74.171.148 - - [26/Jan/2020:04:10:56 +0900] "GET /error/kr/error.jsp HTTP/1.0" 500 3570
34.74.171.148 - - [26/Jan/2020:04:10:57 +0900] "GET /index.jsp HTTP/1.0" 302 -
34.74.171.148 - - [26/Jan/2020:04:10:57 +0900] "GET /error/kr/error.jsp HTTP/1.0" 500 3570
34.74.171.148 - - [26/Jan/2020:04:10:57 +0900] "GET /home/en/main/main.do HTTP/1.0" 200 11080
193.111.62.163 - - [26/Jan/2020:04:15:48 +0900] "GET /home/news/news/list.do HTTP/1.1" 200 7091
162.158.67.89 - - [26/Jan/2020:04:17:19 +0900] "GET /error/kr/error.jsp HTTP/1.1" 500 3570
172.69.24.89 - - [26/Jan/2020:04:17:23 +0900] "GET /error/kr/error.jsp HTTP/1.1" 500 3570
17.58.102.54 - - [26/Jan/2020:04:38:32 +0900] "GET /error/kr/error.jsp HTTP/1.1" 500 3570
17.58.96.118 - - [26/Jan/2020:04:38:32 +0900] "GET /home/about/about.do HTTP/1.1" 200 14216
193.57.40.38 - - [26/Jan/2020:04:42:14 +0900] "GET /error/kr/error.jsp HTTP/1.1" 500 3570
66.249.65.188 - - [26/Jan/2020:04:43:14 +0900] "GET /error/kr/error.jsp HTTP/1.1" 500 3762
18.144.67.147 - - [26/Jan/2020:04:45:23 +0900] "GET /error/kr/error.jsp HTTP/1.1" 500 3570
18.144.67.147 - - [26/Jan/2020:04:45:23 +0900] "GET /index.jsp HTTP/1.1" 302 -
18.144.67.147 - - [26/Jan/2020:04:45:23 +0900] "GET /home/main/main.do HTTP/1.1" 200 12222
34.199.176.251 - - [26/Jan/2020:04:47:29 +0900] "GET /index.jsp HTTP/1.1" 302 -
34.199.176.251 - - [26/Jan/2020:04:47:29 +0900] "GET /home/main/main.do HTTP/1.1" 200 12222
34.199.176.251 - - [26/Jan/2020:04:48:16 +0900] "GET /index.jsp HTTP/1.1" 302 -
34.199.176.251 - - [26/Jan/2020:04:48:16 +0900] "GET /home/main/main.do HTTP/1.1" 200 12222
38.99.62.91 - - [26/Jan/2020:04:55:51 +0900] "GET /home/main/main.do HTTP/1.1" 200 12222
38.99.62.91 - - [26/Jan/2020:04:56:31 +0900] "GET /home/en/main/main.do HTTP/1.1" 200 11080
38.99.62.91 - - [26/Jan/2020:04:57:11 +0900] "GET /home/en/watwedo/overview.do HTTP/1.1" 200 6156
66.249.65.249 - - [26/Jan/2020:04:57:15 +0900] "GET /error/kr/error.jsp HTTP/1.1" 500 3570
38.99.62.91 - - [26/Jan/2020:04:57:50 +0900] "GET /home/about/about.do HTTP/1.1" 200 14216
38.99.62.91 - - [26/Jan/2020:04:58:30 +0900] "GET /home/en/whoweare/korea.do HTTP/1.1" 200 30344
38.99.62.91 - - [26/Jan/2020:04:59:10 +0900] "GET /home/en/meetourpartners/all.do HTTP/1.1" 200 95227
38.99.62.91 - - [26/Jan/2020:04:59:35 +0900] "GET /home/en/meetourpartners/domestic.do HTTP/1.1" 200 69240
38.99.62.91 - - [26/Jan/2020:05:00:40 +0900] "GET /home/en/meetourpartners/all.do HTTP/1.1" 200 95227
38.99.62.91 - - [26/Jan/2020:05:01:05 +0900] "GET /home/en/meetourpartners/domestic.do HTTP/1.1" 200 69240
38.99.62.91 - - [26/Jan/2020:05:08:03 +0900] "GET /home/en/meetourpartners/all.do HTTP/1.1" 200 95227
38.99.62.91 - - [26/Jan/2020:05:08:43 +0900] "GET /home/en/meetourpartners/domestic.do HTTP/1.1" 200 69240
38.99.62.91 - - [26/Jan/2020:05:11:59 +0900] "GET /home/en/meetourpartners/all.do HTTP/1.1" 200 95227
193.111.62.163 - - [26/Jan/2020:05:12:13 +0900] "GET /home/news/news/list.do HTTP/1.1" 200 7091
38.99.62.91 - - [26/Jan/2020:05:12:39 +0900] "GET /home/en/meetourpartners/domestic.do HTTP/1.1" 200 69240
38.99.62.91 - - [26/Jan/2020:05:13:18 +0900] "GET /home/meetourpartners/all.do HTTP/1.1" 200 101569
38.99.62.91 - - [26/Jan/2020:05:13:44 +0900] "GET /home/en/meetourpartners/domestic.do HTTP/1.1" 200 69240
38.99.62.91 - - [26/Jan/2020:05:16:57 +0900] "GET /home/en/meetourpartners/all.do HTTP/1.1" 200 95227
38.99.62.91 - - [26/Jan/2020:05:17:36 +0900] "GET /home/en/meetourpartners/domestic.do HTTP/1.1" 200 69240
38.99.62.91 - - [26/Jan/2020:05:20:10 +0900] "GET /home/meetourpartners/all.do HTTP/1.1" 200 101569
38.99.62.91 - - [26/Jan/2020:05:20:35 +0900] "GET /home/en/meetourpartners/domestic.do HTTP/1.1" 200 69240
66.249.65.190 - - [26/Jan/2020:05:23:02 +0900] "GET /error/kr/error.jsp HTTP/1.1" 500 3762
38.99.62.91 - - [26/Jan/2020:05:25:10 +0900] "GET /home/en/meetourpartners/all.do HTTP/1.1" 200 95227
119.207.72.167 - - [26/Jan/2020:05:25:28 +0900] "GET /home/about/about.do HTTP/1.1" 200 14216
38.99.62.91 - - [26/Jan/2020:05:25:49 +0900] "GET /home/en/meetourpartners/domestic.do HTTP/1.1" 200 69240
40.77.167.20 - - [26/Jan/2020:05:26:29 +0900] "GET /error/kr/error.jsp HTTP/1.1" 500 3570
40.77.167.20 - - [26/Jan/2020:05:27:45 +0900] "GET /error/kr/error.jsp HTTP/1.1" 500 3570
38.99.62.91 - - [26/Jan/2020:05:29:05 +0900] "GET /home/meetourpartners/all.do HTTP/1.1" 200 101569
38.99.62.91 - - [26/Jan/2020:05:29:45 +0900] "GET /home/meetourpartners/all.do HTTP/1.1" 200 101569
38.99.62.91 - - [26/Jan/2020:05:30:24 +0900] "GET /home/en/meetourpartners/domestic.do HTTP/1.1" 200 69240
38.99.62.91 - - [26/Jan/2020:05:31:04 +0900] "GET /home/meetourpartners/all.do HTTP/1.1" 200 101569
125.209.235.185 - - [26/Jan/2020:05:31:21 +0900] "GET /error/kr/error.jsp HTTP/1.1" 500 3570
38.99.62.91 - - [26/Jan/2020:05:31:43 +0900] "GET /home/en/meetourpartners/all.do HTTP/1.1" 200 95227
38.99.62.91 - - [26/Jan/2020:05:32:23 +0900] "GET /home/en/meetourpartners/domestic.do HTTP/1.1" 200 69240
38.99.62.91 - - [26/Jan/2020:05:36:18 +0900] "GET /home/meetourpartners/all.do HTTP/1.1" 200 101569
38.99.62.91 - - [26/Jan/2020:05:36:58 +0900] "GET /home/en/meetourpartners/domestic.do HTTP/1.1" 200 69240
207.46.13.209 - - [26/Jan/2020:05:41:33 +0900] "GET /error/kr/error.jsp HTTP/1.1" 500 3570
38.99.62.91 - - [26/Jan/2020:05:42:22 +0900] "GET /home/en/meetourpartners/all.do HTTP/1.1" 200 95227
193.57.40.38 - - [26/Jan/2020:05:42:30 +0900] "GET /index.jsp?XDEBUG_SESSION_START=phpstorm HTTP/1.1" 302 -
193.57.40.38 - - [26/Jan/2020:05:42:34 +0900] "GET /home/main/main.do HTTP/1.1" 200 12222
207.46.13.209 - - [26/Jan/2020:05:42:43 +0900] "GET /error/kr/error.jsp HTTP/1.1" 500 3570
38.99.62.91 - - [26/Jan/2020:05:43:02 +0900] "GET /home/en/meetourpartners/domestic.do HTTP/1.1" 200 69240
34.74.57.169 - - [26/Jan/2020:05:44:52 +0900] "GET /error/kr/error.jsp HTTP/1.0" 500 3570
34.74.57.169 - - [26/Jan/2020:05:44:53 +0900] "GET /index.jsp HTTP/1.0" 302 -
34.74.57.169 - - [26/Jan/2020:05:44:53 +0900] "GET /error/kr/error.jsp HTTP/1.0" 500 3570
34.74.57.169 - - [26/Jan/2020:05:44:54 +0900] "GET /home/en/main/main.do HTTP/1.0" 200 11080
119.207.72.69 - - [26/Jan/2020:05:46:01 +0900] "GET /home/news/news/list.do?page=1 HTTP/1.1" 200 7091
119.207.72.72 - - [26/Jan/2020:05:46:02 +0900] "GET /home/news/news/view.do?page=1&num=5 HTTP/1.1" 200 9112
38.99.62.91 - - [26/Jan/2020:05:46:18 +0900] "GET /home/en/meetourpartners/overseas.do HTTP/1.1" 200 31428
172.93.220.77 - - [26/Jan/2020:05:47:26 +0900] "GET /home/en/whoweare/korea.do HTTP/1.1" 200 30344
38.99.62.91 - - [26/Jan/2020:05:49:06 +0900] "GET /home/meetourpartners/all.do HTTP/1.1" 200 101569
38.99.62.91 - - [26/Jan/2020:05:49:31 +0900] "GET /home/en/meetourpartners/overseas.do HTTP/1.1" 200 31428
66.249.65.188 - - [26/Jan/2020:05:52:41 +0900] "GET /error/kr/error.jsp HTTP/1.1" 500 3762
34.74.57.169 - - [26/Jan/2020:05:53:15 +0900] "GET /error/kr/error.jsp HTTP/1.0" 500 3570
34.74.57.169 - - [26/Jan/2020:05:53:15 +0900] "GET /index.jsp HTTP/1.0" 302 -
34.74.57.169 - - [26/Jan/2020:05:53:16 +0900] "GET /error/kr/error.jsp HTTP/1.0" 500 3570
34.74.57.169 - - [26/Jan/2020:05:53:16 +0900] "GET /home/en/main/main.do HTTP/1.0" 200 11080
207.46.13.209 - - [26/Jan/2020:05:54:07 +0900] "GET /error/kr/error.jsp HTTP/1.1" 500 3570
207.46.13.209 - - [26/Jan/2020:05:54:36 +0900] "GET /error/kr/error.jsp HTTP/1.1" 500 3570
45.33.66.85 - - [26/Jan/2020:05:57:18 +0900] "GET /error/kr/error.jsp HTTP/1.1" 500 3570
66.249.65.186 - - [26/Jan/2020:06:03:25 +0900] "GET /error/kr/error.jsp HTTP/1.1" 500 3762
207.46.13.150 - - [26/Jan/2020:06:04:56 +0900] "GET /error/kr/error.jsp HTTP/1.1" 500 3570
207.46.13.150 - - [26/Jan/2020:06:05:33 +0900] "GET /error/kr/error.jsp HTTP/1.1" 500 3570
185.58.206.93 - - [26/Jan/2020:06:09:37 +0900] "GET /error/kr/error.jsp HTTP/1.1" 500 3570
185.58.206.93 - - [26/Jan/2020:06:09:38 +0900] "GET /error/kr/error.jsp HTTP/1.1" 500 3570
185.58.206.93 - - [26/Jan/2020:06:09:38 +0900] "GET /error/kr/error.jsp HTTP/1.1" 500 3570
185.58.206.93 - - [26/Jan/2020:06:09:39 +0900] "GET /error/kr/error.jsp HTTP/1.1" 500 3570
185.58.206.93 - - [26/Jan/2020:06:09:39 +0900] "GET /error/kr/error.jsp HTTP/1.1" 500 3570
185.58.206.93 - - [26/Jan/2020:06:09:40 +0900] "GET /error/kr/error.jsp HTTP/1.1" 500 3570
207.46.13.50 - - [26/Jan/2020:06:12:07 +0900] "GET /error/kr/error.jsp HTTP/1.1" 500 3570
207.46.13.50 - - [26/Jan/2020:06:12:22 +0900] "GET /error/kr/error.jsp HTTP/1.1" 500 3570
77.75.76.164 - - [26/Jan/2020:06:12:55 +0900] "GET /error/kr/error.jsp HTTP/1.1" 500 3570
193.111.62.163 - - [26/Jan/2020:06:19:34 +0900] "GET /home/news/news/list.do HTTP/1.1" 200 7091
66.249.65.186 - - [26/Jan/2020:06:22:56 +0900] "GET /error/kr/error.jsp HTTP/1.1" 500 3762
66.249.73.82 - - [26/Jan/2020:06:33:08 +0900] "GET /error/kr/error.jsp HTTP/1.1" 500 3570
207.46.13.150 - - [26/Jan/2020:06:35:29 +0900] "GET /error/kr/error.jsp HTTP/1.1" 500 3570
207.46.13.150 - - [26/Jan/2020:06:36:05 +0900] "GET /error/kr/error.jsp HTTP/1.1" 500 3570
141.8.142.12 - - [26/Jan/2020:06:39:39 +0900] "GET /error/kr/error.jsp HTTP/1.1" 500 3570
66.249.65.249 - - [26/Jan/2020:06:53:15 +0900] "GET /error/kr/error.jsp HTTP/1.1" 500 3570
121.254.147.237 - - [26/Jan/2020:06:55:28 +0900] "GET /index.jsp HTTP/1.1" 302 -
121.254.147.237 - - [26/Jan/2020:06:55:28 +0900] "GET /home/en/main/main.do HTTP/1.1" 200 11080
66.249.65.247 - - [26/Jan/2020:07:00:10 +0900] "GET /error/kr/error.jsp HTTP/1.1" 500 3570
66.249.65.186 - - [26/Jan/2020:07:02:52 +0900] "GET /error/kr/error.jsp HTTP/1.1" 500 3762
207.46.13.50 - - [26/Jan/2020:07:06:04 +0900] "GET /error/kr/error.jsp HTTP/1.1" 500 3570
207.46.13.50 - - [26/Jan/2020:07:07:00 +0900] "GET /error/kr/error.jsp HTTP/1.1" 500 3570
1.247.48.236 - - [26/Jan/2020:07:17:31 +0900] "GET /home/main/main.do HTTP/1.1" 200 8898
1.247.48.236 - - [26/Jan/2020:07:17:32 +0900] "GET /error/kr/error.jsp HTTP/1.1" 500 3762
1.247.48.236 - - [26/Jan/2020:07:17:41 +0900] "GET /home/whoweare/korea.do HTTP/1.1" 200 44336
1.247.48.236 - - [26/Jan/2020:07:18:07 +0900] "GET /home/whoweare/korea.do HTTP/1.1" 200 44336
1.247.48.236 - - [26/Jan/2020:07:18:21 +0900] "GET /home/whoweare/korea.do HTTP/1.1" 200 44336
1.247.48.236 - - [26/Jan/2020:07:18:36 +0900] "GET /home/whoweare/korea.do HTTP/1.1" 200 44336
193.111.62.163 - - [26/Jan/2020:07:18:46 +0900] "GET /home/news/news/list.do HTTP/1.1" 200 7091
1.247.48.236 - - [26/Jan/2020:07:18:52 +0900] "GET /home/whoweare/korea.do HTTP/1.1" 200 44336
1.247.48.236 - - [26/Jan/2020:07:19:09 +0900] "GET /home/whoweare/korea.do HTTP/1.1" 200 44336
1.247.48.236 - - [26/Jan/2020:07:19:24 +0900] "GET /home/whoweare/korea.do HTTP/1.1" 200 44336
1.247.48.236 - - [26/Jan/2020:07:19:34 +0900] "GET /home/whoweare/korea.do HTTP/1.1" 200 44336
1.247.48.236 - - [26/Jan/2020:07:19:51 +0900] "GET /home/whoweare/korea.do HTTP/1.1" 200 44336
1.247.48.236 - - [26/Jan/2020:07:20:13 +0900] "GET /home/whoweare/korea.do HTTP/1.1" 200 44336
1.247.48.236 - - [26/Jan/2020:07:20:27 +0900] "GET /home/whoweare/korea.do HTTP/1.1" 200 44336
1.247.48.236 - - [26/Jan/2020:07:20:46 +0900] "GET /home/whoweare/korea.do HTTP/1.1" 200 44336
1.247.48.236 - - [26/Jan/2020:07:21:01 +0900] "GET /home/whoweare/korea.do HTTP/1.1" 200 44336
207.46.13.50 - - [26/Jan/2020:07:28:58 +0900] "GET /error/kr/error.jsp HTTP/1.1" 500 3570
207.46.13.50 - - [26/Jan/2020:07:29:43 +0900] "GET /error/kr/error.jsp HTTP/1.1" 500 3570
125.209.235.173 - - [26/Jan/2020:07:31:21 +0900] "GET /error/kr/error.jsp HTTP/1.1" 500 3570
207.46.13.50 - - [26/Jan/2020:07:33:04 +0900] "GET /error/kr/error.jsp HTTP/1.1" 500 3570
207.46.13.50 - - [26/Jan/2020:07:34:46 +0900] "GET /error/kr/error.jsp HTTP/1.1" 500 3570
160.39.150.141 - - [26/Jan/2020:07:40:26 +0900] "GET /index.jsp HTTP/1.1" 302 -
160.39.150.141 - - [26/Jan/2020:07:40:26 +0900] "GET /home/en/main/main.do HTTP/1.1" 200 11080
160.39.150.141 - - [26/Jan/2020:07:40:47 +0900] "GET /home/en/meetourpartners/all.do HTTP/1.1" 200 95227
54.146.43.69 - - [26/Jan/2020:07:41:38 +0900] "GET /error/kr/error.jsp HTTP/1.0" 500 3570
120.37.10.28 - - [26/Jan/2020:07:43:57 +0900] "GET /error/kr/error.jsp HTTP/1.1" 500 3762
120.37.10.28 - - [26/Jan/2020:07:45:04 +0900] "GET /error/kr/error.jsp HTTP/1.1" 500 3762
77.75.76.164 - - [26/Jan/2020:07:45:34 +0900] "GET /error/kr/error.jsp HTTP/1.1" 500 3570
120.37.10.28 - - [26/Jan/2020:07:46:03 +0900] "GET /error/kr/error.jsp HTTP/1.1" 500 3762
40.77.167.20 - - [26/Jan/2020:07:48:56 +0900] "GET /error/kr/error.jsp HTTP/1.1" 500 3570
17.58.96.118 - - [26/Jan/2020:07:59:40 +0900] "GET /home/news/news/list.do HTTP/1.1" 200 7091
193.57.40.38 - - [26/Jan/2020:08:10:03 +0900] "GET /index.jsp?a=fetch&content=<php>die(@md5(HelloThinkCMF))</php> HTTP/1.1" 302 -
193.57.40.38 - - [26/Jan/2020:08:10:07 +0900] "GET /home/main/main.do HTTP/1.1" 200 12222
193.111.62.163 - - [26/Jan/2020:08:11:35 +0900] "GET /home/news/news/list.do HTTP/1.1" 200 7091
66.249.65.190 - - [26/Jan/2020:08:23:48 +0900] "GET /error/kr/error.jsp HTTP/1.1" 500 3762
207.46.13.50 - - [26/Jan/2020:08:30:43 +0900] "GET /home/contact/contact.do HTTP/1.1" 200 7487
66.249.65.186 - - [26/Jan/2020:08:34:11 +0900] "GET /error/kr/error.jsp HTTP/1.1" 500 3762
104.155.149.124 - - [26/Jan/2020:08:44:34 +0900] "GET /index.jsp HTTP/1.1" 302 -
104.155.149.124 - - [26/Jan/2020:08:44:34 +0900] "GET /home/en/main/main.do HTTP/1.1" 200 11080
157.55.39.33 - - [26/Jan/2020:08:56:39 +0900] "GET /error/kr/error.jsp HTTP/1.1" 500 3762
157.55.39.23 - - [26/Jan/2020:08:57:54 +0900] "GET /error/kr/error.jsp HTTP/1.1" 500 3570
207.46.13.150 - - [26/Jan/2020:08:58:03 +0900] "GET /error/kr/error.jsp HTTP/1.1" 500 3570
207.46.13.150 - - [26/Jan/2020:08:59:09 +0900] "GET /error/kr/error.jsp HTTP/1.1" 500 3570
77.75.76.160 - - [26/Jan/2020:09:12:31 +0900] "GET /error/kr/error.jsp HTTP/1.1" 500 3570
77.75.76.160 - - [26/Jan/2020:09:12:41 +0900] "GET /home/contact/contact.do HTTP/1.1" 200 5224
66.249.65.251 - - [26/Jan/2020:09:14:32 +0900] "GET /error/kr/error.jsp HTTP/1.1" 500 3570
193.111.62.163 - - [26/Jan/2020:09:19:46 +0900] "GET /home/news/news/list.do HTTP/1.1" 200 7091
122.51.240.43 - - [26/Jan/2020:09:24:02 +0900] "GET /index.jsp HTTP/1.1" 302 -
122.51.240.43 - - [26/Jan/2020:09:24:02 +0900] "GET /error/kr/error.jsp HTTP/1.1" 500 3570
122.51.240.43 - - [26/Jan/2020:09:24:02 +0900] "GET /error/kr/error.jsp HTTP/1.1" 500 3570
34.223.244.114 - - [26/Jan/2020:09:26:33 +0900] "GET /index.jsp HTTP/1.1" 302 -
125.209.235.175 - - [26/Jan/2020:09:31:21 +0900] "GET /error/kr/error.jsp HTTP/1.1" 500 3570
157.55.39.120 - - [26/Jan/2020:09:37:35 +0900] "GET /error/kr/error.jsp HTTP/1.1" 500 3570
157.55.39.120 - - [26/Jan/2020:09:37:35 +0900] "GET /error/kr/error.jsp HTTP/1.1" 500 3570
193.111.62.163 - - [26/Jan/2020:10:12:19 +0900] "GET /home/news/news/list.do HTTP/1.1" 200 7091
207.46.13.150 - - [26/Jan/2020:10:13:59 +0900] "GET /error/kr/error.jsp HTTP/1.1" 500 3570
207.46.13.150 - - [26/Jan/2020:10:15:14 +0900] "GET /error/kr/error.jsp HTTP/1.1" 500 3570
94.102.49.193 - - [26/Jan/2020:10:19:38 +0900] "GET /index.jsp HTTP/1.1" 302 -
157.55.39.23 - - [26/Jan/2020:10:31:45 +0900] "GET /error/kr/error.jsp HTTP/1.1" 500 3570
207.46.13.50 - - [26/Jan/2020:10:31:46 +0900] "GET /error/kr/error.jsp HTTP/1.1" 500 3570
49.7.20.138 - - [26/Jan/2020:10:31:54 +0900] "GET /home/en/main/main.do HTTP/1.1" 200 11080
207.46.13.50 - - [26/Jan/2020:10:35:13 +0900] "GET /error/kr/error.jsp HTTP/1.1" 500 3570
194.72.238.240 - - [26/Jan/2020:10:38:15 +0900] "HEAD /index.jsp HTTP/1.0" 302 -
77.75.77.119 - - [26/Jan/2020:10:41:49 +0900] "GET /error/kr/error.jsp HTTP/1.1" 500 3570
77.75.77.119 - - [26/Jan/2020:10:41:52 +0900] "GET /home/about/about.do HTTP/1.1" 200 14216
54.236.1.18 - - [26/Jan/2020:10:42:01 +0900] "GET /error/kr/error.jsp HTTP/1.1" 500 3570
54.236.1.18 - - [26/Jan/2020:10:42:01 +0900] "GET /index.jsp HTTP/1.1" 302 -
54.236.1.18 - - [26/Jan/2020:10:42:01 +0900] "GET /home/main/main.do HTTP/1.1" 200 12222
54.236.1.18 - - [26/Jan/2020:10:42:02 +0900] "GET /error/kr/error.jsp HTTP/1.1" 500 3570
66.249.65.247 - - [26/Jan/2020:10:54:18 +0900] "GET /error/kr/error.jsp HTTP/1.1" 500 3570
46.118.117.11 - - [26/Jan/2020:10:58:58 +0900] "GET /index.jsp HTTP/1.1" 302 -
46.118.117.11 - - [26/Jan/2020:10:58:58 +0900] "GET /index.jsp HTTP/1.1" 302 -
46.118.117.11 - - [26/Jan/2020:10:58:58 +0900] "GET /error/kr/error.jsp HTTP/1.1" 500 3762
46.118.117.11 - - [26/Jan/2020:10:58:59 +0900] "GET /error/kr/error.jsp HTTP/1.1" 500 3762
46.118.117.11 - - [26/Jan/2020:10:59:00 +0900] "GET /index.jsp HTTP/1.1" 302 -
46.118.117.11 - - [26/Jan/2020:10:59:00 +0900] "GET /error/kr/error.jsp HTTP/1.1" 500 3762
46.118.117.11 - - [26/Jan/2020:10:59:01 +0900] "GET /error/kr/error.jsp HTTP/1.1" 500 3762
46.118.117.11 - - [26/Jan/2020:10:59:01 +0900] "GET /error/kr/error.jsp HTTP/1.1" 500 3762
46.118.117.11 - - [26/Jan/2020:10:59:02 +0900] "GET /error/kr/error.jsp HTTP/1.1" 500 3762
46.118.117.11 - - [26/Jan/2020:10:59:03 +0900] "GET /error/kr/error.jsp HTTP/1.1" 500 3762
46.118.117.11 - - [26/Jan/2020:10:59:03 +0900] "GET /error/kr/error.jsp HTTP/1.1" 500 3762
46.118.117.11 - - [26/Jan/2020:10:59:04 +0900] "GET /error/kr/error.jsp HTTP/1.1" 500 3762
157.55.39.23 - - [26/Jan/2020:10:59:05 +0900] "GET /error/kr/error.jsp HTTP/1.1" 500 3570
46.118.117.11 - - [26/Jan/2020:10:59:05 +0900] "GET /error/kr/error.jsp HTTP/1.1" 500 3762
46.118.117.11 - - [26/Jan/2020:10:59:05 +0900] "GET /error/kr/error.jsp HTTP/1.1" 500 3762
46.118.117.11 - - [26/Jan/2020:10:59:06 +0900] "GET /error/kr/error.jsp HTTP/1.1" 500 3762
46.118.117.11 - - [26/Jan/2020:10:59:06 +0900] "GET /error/kr/error.jsp HTTP/1.1" 500 3762
46.118.117.11 - - [26/Jan/2020:10:59:07 +0900] "GET /error/kr/error.jsp HTTP/1.1" 500 3762
46.118.117.11 - - [26/Jan/2020:10:59:08 +0900] "GET /error/kr/error.jsp HTTP/1.1" 500 3762
46.118.117.11 - - [26/Jan/2020:10:59:08 +0900] "GET /error/kr/error.jsp HTTP/1.1" 500 3762
46.118.117.11 - - [26/Jan/2020:10:59:09 +0900] "GET /error/kr/error.jsp HTTP/1.1" 500 3762
46.118.117.11 - - [26/Jan/2020:10:59:10 +0900] "GET /error/kr/error.jsp HTTP/1.1" 500 3762
66.249.73.82 - - [26/Jan/2020:11:04:29 +0900] "GET /error/kr/error.jsp HTTP/1.1" 500 3570
45.33.66.85 - - [26/Jan/2020:11:07:16 +0900] "GET /error/kr/error.jsp HTTP/1.1" 500 3570
222.231.30.115 - - [26/Jan/2020:11:12:01 +0900] "GET /index.jsp HTTP/1.1" 302 -
222.231.30.115 - - [26/Jan/2020:11:12:01 +0900] "GET /home/main/main.do HTTP/1.1" 200 12222
222.231.30.115 - - [26/Jan/2020:11:12:03 +0900] "GET /home/main/main.do HTTP/1.1" 200 12222
222.231.30.115 - - [26/Jan/2020:11:12:04 +0900] "GET /home/main/main.do HTTP/1.1" 200 12222
193.111.62.163 - - [26/Jan/2020:11:15:21 +0900] "GET /home/news/news/list.do HTTP/1.1" 200 7091
157.55.39.162 - - [26/Jan/2020:11:16:38 +0900] "GET /error/kr/error.jsp HTTP/1.1" 500 3570
77.75.78.171 - - [26/Jan/2020:11:26:54 +0900] "GET /error/kr/error.jsp HTTP/1.1" 500 3570
194.72.238.240 - - [26/Jan/2020:11:31:11 +0900] "HEAD /index.jsp HTTP/1.0" 302 -
125.209.235.170 - - [26/Jan/2020:11:31:21 +0900] "GET /error/kr/error.jsp HTTP/1.1" 500 3570
207.46.13.50 - - [26/Jan/2020:11:36:47 +0900] "GET /error/kr/error.jsp HTTP/1.1" 500 3570
207.46.13.50 - - [26/Jan/2020:11:40:23 +0900] "GET /error/kr/error.jsp HTTP/1.1" 500 3570
23.226.211.198 - - [26/Jan/2020:11:45:09 +0900] "GET /index.jsp HTTP/1.1" 302 -
23.226.211.198 - - [26/Jan/2020:11:45:09 +0900] "GET /home/en/main/main.do HTTP/1.1" 200 11080
119.207.72.161 - - [26/Jan/2020:11:47:02 +0900] "GET /index.jsp HTTP/1.1" 302 -
119.207.72.161 - - [26/Jan/2020:11:47:02 +0900] "GET /home/main/main.do HTTP/1.1" 200 12222
34.199.176.251 - - [26/Jan/2020:11:47:33 +0900] "GET /home/news/news/list.do HTTP/1.1" 200 7091
121.166.244.186 - - [26/Jan/2020:11:48:41 +0900] "GET /index.jsp HTTP/1.1" 302 -
121.166.244.186 - - [26/Jan/2020:11:48:41 +0900] "GET /home/en/main/main.do HTTP/1.1" 200 11080
121.166.244.186 - - [26/Jan/2020:11:48:45 +0900] "GET /home/en/meetourpartners/all.do HTTP/1.1" 200 95227
121.166.244.186 - - [26/Jan/2020:11:48:50 +0900] "GET /home/en/whoweare/korea.do HTTP/1.1" 200 30344
207.46.13.50 - - [26/Jan/2020:12:00:38 +0900] "GET /error/kr/error.jsp HTTP/1.1" 500 3570
193.111.62.163 - - [26/Jan/2020:12:12:51 +0900] "GET /home/news/news/list.do HTTP/1.1" 200 7091
34.208.141.48 - - [26/Jan/2020:12:14:21 +0900] "GET /error/kr/error.jsp HTTP/1.1" 500 3570
83.97.20.33 - - [26/Jan/2020:12:14:54 +0900] "GET /index.jsp HTTP/1.0" 302 -
77.75.77.32 - - [26/Jan/2020:12:19:42 +0900] "GET /error/kr/error.jsp HTTP/1.1" 500 3570
34.199.176.251 - - [26/Jan/2020:12:22:11 +0900] "GET /home/news/news/view.do?num=3 HTTP/1.1" 200 5573
34.199.176.251 - - [26/Jan/2020:12:22:18 +0900] "GET /home/news/news/view.do HTTP/1.1" 500 3570
34.199.176.251 - - [26/Jan/2020:12:23:23 +0900] "GET /home/news/news/view.do?num=3 HTTP/1.1" 200 5573
34.199.176.251 - - [26/Jan/2020:12:23:23 +0900] "GET /home/news/news/view.do HTTP/1.1" 500 3570
121.88.187.95 - - [26/Jan/2020:12:30:38 +0900] "GET /index.jsp HTTP/1.1" 302 -
121.88.187.95 - - [26/Jan/2020:12:30:38 +0900] "GET /home/main/main.do HTTP/1.1" 302 -
121.88.187.95 - - [26/Jan/2020:12:30:38 +0900] "GET /home/main/main.do HTTP/1.1" 200 8898
121.88.187.95 - - [26/Jan/2020:12:30:39 +0900] "GET /error/kr/error.jsp HTTP/1.1" 500 3762
121.88.187.95 - - [26/Jan/2020:12:30:42 +0900] "GET /home/watwedo/overview.do HTTP/1.1" 200 7044
121.88.187.95 - - [26/Jan/2020:12:31:01 +0900] "GET /home/whoweare/korea.do HTTP/1.1" 200 44336
40.77.167.20 - - [26/Jan/2020:12:48:05 +0900] "GET /error/kr/error.jsp HTTP/1.1" 500 3570
46.229.168.147 - - [26/Jan/2020:12:49:09 +0900] "GET /error/kr/error.jsp HTTP/1.1" 500 3570
49.235.10.43 - - [26/Jan/2020:12:50:46 +0900] "GET /error/kr/error.jsp HTTP/1.1" 500 3570
91.195.130.148 - - [26/Jan/2020:12:50:54 +0900] "GET /index.jsp HTTP/1.1" 302 -
40.77.167.20 - - [26/Jan/2020:12:51:36 +0900] "GET /error/kr/error.jsp HTTP/1.1" 500 3570
199.207.253.96 - - [26/Jan/2020:12:57:32 +0900] "GET /index.jsp HTTP/1.1" 302 -
199.207.253.96 - - [26/Jan/2020:12:57:32 +0900] "GET /home/main/main.do HTTP/1.1" 200 12222
192.232.192.205 - - [26/Jan/2020:13:12:36 +0900] "HEAD /home/en/main/main.do HTTP/1.1" 200 -
193.111.62.163 - - [26/Jan/2020:13:12:55 +0900] "GET /home/news/news/list.do HTTP/1.1" 200 7091
34.199.176.251 - - [26/Jan/2020:13:13:50 +0900] "GET /home/news/news/view.do?num=2 HTTP/1.1" 200 6974
34.199.176.251 - - [26/Jan/2020:13:13:50 +0900] "GET /home/news/news/view.do HTTP/1.1" 500 3570
223.62.163.204 - - [26/Jan/2020:13:25:01 +0900] "GET /home/whoweare/korea.do HTTP/1.1" 200 44336
66.249.73.82 - - [26/Jan/2020:13:25:37 +0900] "GET /error/kr/error.jsp HTTP/1.1" 500 3570
207.46.13.50 - - [26/Jan/2020:13:28:39 +0900] "GET /error/kr/error.jsp HTTP/1.1" 500 3570
157.55.39.120 - - [26/Jan/2020:13:29:45 +0900] "GET /error/kr/error.jsp HTTP/1.1" 500 3570
207.46.13.50 - - [26/Jan/2020:13:31:20 +0900] "GET /error/kr/error.jsp HTTP/1.1" 500 3570
125.209.235.167 - - [26/Jan/2020:13:31:21 +0900] "GET /error/kr/error.jsp HTTP/1.1" 500 3570
207.46.13.50 - - [26/Jan/2020:13:33:14 +0900] "GET /error/kr/error.jsp HTTP/1.1" 500 3570
77.75.76.171 - - [26/Jan/2020:13:35:36 +0900] "GET /error/kr/error.jsp HTTP/1.1" 500 3570
207.46.13.50 - - [26/Jan/2020:13:35:59 +0900] "GET /error/kr/error.jsp HTTP/1.1" 500 3570
110.15.55.64 - - [26/Jan/2020:13:36:48 +0900] "GET /filter/checker.jsp?campaignID=356&email=rlarjf0827@naver.com&responseEnd=2018-12-09 HTTP/1.1" 404 3570
5.235.219.183 - - [26/Jan/2020:13:38:09 +0900] "GET /index.jsp HTTP/1.1" 302 -
5.235.219.183 - - [26/Jan/2020:13:38:09 +0900] "GET /index.jsp HTTP/1.1" 302 -
40.77.167.20 - - [26/Jan/2020:13:41:52 +0900] "GET /error/kr/error.jsp HTTP/1.1" 500 3570
66.249.73.84 - - [26/Jan/2020:13:42:53 +0900] "GET /error/kr/error.jsp HTTP/1.1" 500 3570
40.77.167.20 - - [26/Jan/2020:13:44:40 +0900] "GET /error/kr/error.jsp HTTP/1.1" 500 3570
207.46.13.150 - - [26/Jan/2020:13:46:31 +0900] "GET /error/kr/error.jsp HTTP/1.1" 500 3570
113.249.252.121 - - [26/Jan/2020:13:49:22 +0900] "GET /home/en/contact/contact.do HTTP/1.1" 200 5187
207.46.13.150 - - [26/Jan/2020:13:49:26 +0900] "GET /error/kr/error.jsp HTTP/1.1" 500 3570
180.163.220.3 - - [26/Jan/2020:13:49:26 +0900] "GET /index.jsp HTTP/1.1" 302 -
180.163.220.3 - - [26/Jan/2020:13:49:26 +0900] "GET /home/main/main.do HTTP/1.1" 302 -
180.163.220.67 - - [26/Jan/2020:13:49:26 +0900] "GET /home/main/main.do HTTP/1.1" 200 8898
180.163.220.3 - - [26/Jan/2020:13:49:27 +0900] "GET /error/kr/error.jsp HTTP/1.1" 500 3762
42.236.10.125 - - [26/Jan/2020:13:49:39 +0900] "GET /index.jsp HTTP/1.1" 302 -
42.236.10.125 - - [26/Jan/2020:13:49:39 +0900] "GET /home/main/main.do HTTP/1.1" 200 8898
42.236.10.117 - - [26/Jan/2020:13:49:40 +0900] "GET /error/kr/error.jsp HTTP/1.1" 500 3762
207.46.13.150 - - [26/Jan/2020:13:57:48 +0900] "GET /home/meetourpartners/domestic.do HTTP/1.1" 200 76259
207.46.13.50 - - [26/Jan/2020:14:04:10 +0900] "GET /error/kr/error.jsp HTTP/1.1" 500 3570
207.46.13.50 - - [26/Jan/2020:14:06:31 +0900] "GET /error/kr/error.jsp HTTP/1.1" 500 3570
119.207.72.184 - - [26/Jan/2020:14:09:11 +0900] "GET /home/news/news/view.do?num=3 HTTP/1.1" 200 5573
193.111.62.163 - - [26/Jan/2020:14:14:12 +0900] "GET /home/news/news/list.do HTTP/1.1" 200 7091
66.249.73.86 - - [26/Jan/2020:14:25:45 +0900] "GET /error/kr/error.jsp HTTP/1.1" 500 3570
103.131.71.39 - - [26/Jan/2020:14:32:48 +0900] "GET /error/kr/error.jsp HTTP/1.1" 500 3570
103.131.71.50 - - [26/Jan/2020:14:32:50 +0900] "GET /error/kr/error.jsp HTTP/1.1" 500 3762
103.131.71.47 - - [26/Jan/2020:14:32:59 +0900] "GET /error/kr/error.jsp HTTP/1.1" 500 3570
157.55.39.121 - - [26/Jan/2020:14:45:46 +0900] "GET /error/kr/error.jsp HTTP/1.1" 500 3570
157.55.39.162 - - [26/Jan/2020:14:50:53 +0900] "GET /error/kr/error.jsp HTTP/1.1" 500 3762
66.249.65.188 - - [26/Jan/2020:14:55:26 +0900] "GET /error/kr/error.jsp HTTP/1.1" 500 3762
222.186.19.221 - - [26/Jan/2020:14:59:54 +0900] "CONNECT /index.jsp HTTP/1.1" 405 1105
121.254.147.237 - - [26/Jan/2020:15:00:11 +0900] "GET /index.jsp HTTP/1.1" 302 -
121.254.147.237 - - [26/Jan/2020:15:00:11 +0900] "GET /home/en/main/main.do HTTP/1.1" 200 11080
194.50.254.171 - - [26/Jan/2020:15:04:47 +0900] "GET /index.jsp HTTP/1.1" 302 -
193.111.62.163 - - [26/Jan/2020:15:13:15 +0900] "GET /home/news/news/list.do HTTP/1.1" 200 7091
121.57.12.150 - - [26/Jan/2020:15:13:21 +0900] "HEAD /index.jsp HTTP/1.1" 302 -
121.57.12.150 - - [26/Jan/2020:15:13:22 +0900] "HEAD /home/en/main/main.do HTTP/1.1" 200 -
66.253.153.61 - - [26/Jan/2020:15:25:58 +0900] "GET /index.jsp HTTP/1.1" 302 -
66.253.153.61 - - [26/Jan/2020:15:25:59 +0900] "GET /home/en/main/main.do HTTP/1.1" 200 11080
125.209.235.180 - - [26/Jan/2020:15:31:21 +0900] "GET /error/kr/error.jsp HTTP/1.1" 500 3570
66.249.65.186 - - [26/Jan/2020:15:32:55 +0900] "GET /error/kr/error.jsp HTTP/1.1" 500 3762
119.207.72.77 - - [26/Jan/2020:15:36:31 +0900] "GET /index.jsp HTTP/1.1" 302 -
119.207.72.77 - - [26/Jan/2020:15:36:31 +0900] "GET /home/main/main.do HTTP/1.1" 200 12222
66.249.65.251 - - [26/Jan/2020:15:45:30 +0900] "GET /error/kr/error.jsp HTTP/1.1" 500 3570
66.249.65.247 - - [26/Jan/2020:15:55:40 +0900] "GET /error/kr/error.jsp HTTP/1.1" 500 3570
34.199.176.251 - - [26/Jan/2020:16:00:34 +0900] "GET /home/news/news/view.do?num=3 HTTP/1.1" 200 5573
34.199.176.251 - - [26/Jan/2020:16:00:35 +0900] "GET /home/news/news/view.do HTTP/1.1" 500 3570
202.142.191.162 - - [26/Jan/2020:16:00:50 +0900] "GET /index.jsp HTTP/1.1" 302 -
66.249.65.188 - - [26/Jan/2020:16:02:58 +0900] "GET /error/kr/error.jsp HTTP/1.1" 500 3762
103.131.71.139 - - [26/Jan/2020:16:05:49 +0900] "GET /error/kr/error.jsp HTTP/1.1" 500 3570
119.207.72.75 - - [26/Jan/2020:16:06:42 +0900] "GET /home/about/about.do HTTP/1.1" 200 14216
106.120.173.76 - - [26/Jan/2020:16:11:48 +0900] "GET /index.jsp HTTP/1.1" 302 -
106.120.173.76 - - [26/Jan/2020:16:12:52 +0900] "GET /home/en/main/main.do HTTP/1.1" 200 11080
111.202.101.94 - - [26/Jan/2020:16:13:33 +0900] "GET /error/kr/error.jsp HTTP/1.1" 500 3570
216.244.66.242 - - [26/Jan/2020:16:14:40 +0900] "GET /error/kr/error.jsp HTTP/1.1" 500 3570
193.32.127.227 - - [26/Jan/2020:16:16:03 +0900] "GET /index.jsp HTTP/1.1" 302 -
193.111.62.163 - - [26/Jan/2020:16:17:08 +0900] "GET /home/news/news/list.do HTTP/1.1" 200 7091
119.207.72.78 - - [26/Jan/2020:16:19:56 +0900] "GET /index.jsp HTTP/1.1" 302 -
119.207.72.78 - - [26/Jan/2020:16:19:56 +0900] "GET /home/main/main.do HTTP/1.1" 200 12222
45.33.66.85 - - [26/Jan/2020:16:22:15 +0900] "GET /error/kr/error.jsp HTTP/1.1" 500 3570
23.100.232.233 - - [26/Jan/2020:16:34:33 +0900] "GET /index.jsp HTTP/1.1" 302 -
23.100.232.233 - - [26/Jan/2020:16:34:34 +0900] "GET /home/en/main/main.do HTTP/1.1" 200 11080
35.196.163.71 - - [26/Jan/2020:16:47:20 +0900] "GET /error/kr/error.jsp HTTP/1.0" 500 3570
35.196.163.71 - - [26/Jan/2020:16:47:21 +0900] "GET /home/en/about/about.do HTTP/1.0" 200 14811
35.196.163.71 - - [26/Jan/2020:16:53:04 +0900] "GET /error/kr/error.jsp HTTP/1.0" 500 3570
35.196.163.71 - - [26/Jan/2020:16:53:04 +0900] "GET /home/en/watwedo/overview.do HTTP/1.0" 200 6156
35.196.163.71 - - [26/Jan/2020:16:54:04 +0900] "GET /error/kr/error.jsp HTTP/1.0" 500 3570
35.196.163.71 - - [26/Jan/2020:16:54:05 +0900] "GET /home/main/main.do HTTP/1.0" 200 12222
35.196.163.71 - - [26/Jan/2020:16:58:59 +0900] "GET /error/kr/error.jsp HTTP/1.0" 500 3570
35.196.163.71 - - [26/Jan/2020:16:58:59 +0900] "GET /home/en/meetourpartners/all.do HTTP/1.0" 200 95227
66.249.73.86 - - [26/Jan/2020:17:06:48 +0900] "GET /error/kr/error.jsp HTTP/1.1" 500 3570
35.196.163.71 - - [26/Jan/2020:17:08:05 +0900] "GET /error/kr/error.jsp HTTP/1.0" 500 3570
35.196.163.71 - - [26/Jan/2020:17:08:05 +0900] "GET /home/en/watwedo/philosophy.do HTTP/1.0" 200 7112
35.196.163.71 - - [26/Jan/2020:17:12:25 +0900] "GET /error/kr/error.jsp HTTP/1.0" 500 3570
35.196.163.71 - - [26/Jan/2020:17:12:26 +0900] "GET /home/en/whoweare/korea.do HTTP/1.0" 200 30344
193.111.62.163 - - [26/Jan/2020:17:12:53 +0900] "GET /home/news/news/list.do HTTP/1.1" 200 7091
223.39.130.56 - - [26/Jan/2020:17:13:49 +0900] "GET /index.jsp HTTP/1.1" 302 -
223.39.130.56 - - [26/Jan/2020:17:13:49 +0900] "GET /home/main/main.do HTTP/1.1" 302 -
223.39.130.56 - - [26/Jan/2020:17:13:49 +0900] "GET /home/main/main.do HTTP/1.1" 200 8898
223.39.130.56 - - [26/Jan/2020:17:13:50 +0900] "GET /error/kr/error.jsp HTTP/1.1" 500 3762
223.39.130.56 - - [26/Jan/2020:17:13:57 +0900] "GET /home/whoweare/korea.do HTTP/1.1" 200 44336
223.39.130.56 - - [26/Jan/2020:17:14:12 +0900] "GET /home/whoweare/korea.do HTTP/1.1" 200 44336
35.196.163.71 - - [26/Jan/2020:17:15:07 +0900] "GET /error/kr/error.jsp HTTP/1.0" 500 3570
35.196.163.71 - - [26/Jan/2020:17:15:07 +0900] "GET /home/en/contact/contact.do HTTP/1.0" 200 5187
35.196.163.71 - - [26/Jan/2020:17:15:56 +0900] "GET /error/kr/error.jsp HTTP/1.0" 500 3570
35.196.163.71 - - [26/Jan/2020:17:15:56 +0900] "GET /home/en/meetourpartners/all.do HTTP/1.0" 200 95227
35.196.163.71 - - [26/Jan/2020:17:16:00 +0900] "GET /error/kr/error.jsp HTTP/1.0" 500 3570
35.196.163.71 - - [26/Jan/2020:17:16:01 +0900] "GET /home/en/watwedo/overview.do HTTP/1.0" 200 6156
35.196.163.71 - - [26/Jan/2020:17:16:02 +0900] "GET /error/kr/error.jsp HTTP/1.0" 500 3570
35.196.163.71 - - [26/Jan/2020:17:16:02 +0900] "GET /home/en/whoweare/korea.do HTTP/1.0" 200 30344
35.196.163.71 - - [26/Jan/2020:17:16:04 +0900] "GET /error/kr/error.jsp HTTP/1.0" 500 3570
35.196.163.71 - - [26/Jan/2020:17:16:05 +0900] "GET /home/en/about/about.do HTTP/1.0" 200 14811
35.196.163.71 - - [26/Jan/2020:17:16:06 +0900] "GET /error/kr/error.jsp HTTP/1.0" 500 3570
35.196.163.71 - - [26/Jan/2020:17:16:06 +0900] "GET /home/en/contact/contact.do HTTP/1.0" 200 5187
35.196.163.71 - - [26/Jan/2020:17:16:08 +0900] "GET /error/kr/error.jsp HTTP/1.0" 500 3570
35.196.163.71 - - [26/Jan/2020:17:16:08 +0900] "GET /home/en/watwedo/philosophy.do HTTP/1.0" 200 7112
35.196.163.71 - - [26/Jan/2020:17:16:10 +0900] "GET /error/kr/error.jsp HTTP/1.0" 500 3570
35.196.163.71 - - [26/Jan/2020:17:16:10 +0900] "GET /home/main/main.do HTTP/1.0" 200 12222
66.249.65.186 - - [26/Jan/2020:17:16:56 +0900] "GET /error/kr/error.jsp HTTP/1.1" 500 3762
18.212.157.255 - - [26/Jan/2020:17:17:11 +0900] "GET /error/kr/error.jsp HTTP/1.1" 500 3570
18.212.157.255 - - [26/Jan/2020:17:17:12 +0900] "GET /error/kr/error.jsp HTTP/1.1" 500 3570
119.207.72.114 - - [26/Jan/2020:17:24:37 +0900] "GET /home/contact/contact.do HTTP/1.1" 200 5224
119.207.72.78 - - [26/Jan/2020:17:24:39 +0900] "GET /home/contact/contact.do HTTP/1.1" 200 5224
125.209.235.176 - - [26/Jan/2020:17:31:21 +0900] "GET /error/kr/error.jsp HTTP/1.1" 500 3570
54.183.150.98 - - [26/Jan/2020:17:42:23 +0900] "HEAD /index.jsp HTTP/1.1" 302 -
54.183.150.98 - - [26/Jan/2020:17:42:23 +0900] "HEAD /home/main/main.do HTTP/1.1" 200 -
66.249.65.190 - - [26/Jan/2020:17:47:04 +0900] "GET /error/kr/error.jsp HTTP/1.1" 500 3762
66.249.65.186 - - [26/Jan/2020:18:17:26 +0900] "GET /error/kr/error.jsp HTTP/1.1" 500 3762
193.111.62.163 - - [26/Jan/2020:18:17:50 +0900] "GET /home/news/news/list.do HTTP/1.1" 200 7091
66.249.65.186 - - [26/Jan/2020:18:37:33 +0900] "GET /error/kr/error.jsp HTTP/1.1" 500 3762
17.58.96.118 - - [26/Jan/2020:18:40:15 +0900] "GET /index.jsp?ko= HTTP/1.1" 302 -
17.58.96.118 - - [26/Jan/2020:18:40:16 +0900] "GET /home/main/main.do HTTP/1.1" 200 12222
207.46.13.50 - - [26/Jan/2020:18:45:29 +0900] "GET /error/kr/error.jsp HTTP/1.1" 500 3570
88.99.137.13 - - [26/Jan/2020:18:47:33 +0900] "GET /index.jsp HTTP/1.1" 302 -
88.99.137.13 - - [26/Jan/2020:18:47:33 +0900] "GET /home/en/main/main.do HTTP/1.1" 200 11080
66.249.73.82 - - [26/Jan/2020:18:47:36 +0900] "GET /error/kr/error.jsp HTTP/1.1" 500 3570
66.249.73.82 - - [26/Jan/2020:19:07:45 +0900] "GET /error/kr/error.jsp HTTP/1.1" 500 3570
119.207.72.117 - - [26/Jan/2020:19:09:24 +0900] "GET /home/contact/contact.do HTTP/1.1" 200 5224
38.99.62.91 - - [26/Jan/2020:19:24:04 +0900] "GET /home/en/meetourpartners/overseas.do HTTP/1.1" 200 31428
193.111.62.163 - - [26/Jan/2020:19:24:30 +0900] "GET /home/news/news/list.do HTTP/1.1" 200 7091
38.99.62.91 - - [26/Jan/2020:19:25:23 +0900] "GET /home/meetourpartners/all.do HTTP/1.1" 200 101569
141.8.142.12 - - [26/Jan/2020:19:25:51 +0900] "GET /error/kr/error.jsp HTTP/1.1" 500 3570
38.99.62.91 - - [26/Jan/2020:19:26:03 +0900] "GET /home/en/meetourpartners/overseas.do HTTP/1.1" 200 31428
101.132.129.91 - - [26/Jan/2020:19:28:59 +0900] "GET /error/kr/error.jsp HTTP/1.1" 500 3570
141.8.142.26 - - [26/Jan/2020:19:29:18 +0900] "GET /error/kr/error.jsp HTTP/1.1" 500 3762
141.8.142.26 - - [26/Jan/2020:19:29:22 +0900] "GET /home/en/watwedo/overview.do HTTP/1.1" 200 7050
207.46.13.50 - - [26/Jan/2020:19:30:01 +0900] "GET /error/kr/error.jsp HTTP/1.1" 500 3570
125.209.235.179 - - [26/Jan/2020:19:31:19 +0900] "GET /error/kr/error.jsp HTTP/1.1" 500 3570
125.209.235.181 - - [26/Jan/2020:19:31:21 +0900] "GET /error/kr/error.jsp HTTP/1.1" 500 3570
38.99.62.91 - - [26/Jan/2020:19:31:38 +0900] "GET /home/meetourpartners/all.do HTTP/1.1" 200 101569
38.99.62.91 - - [26/Jan/2020:19:32:17 +0900] "GET /home/en/meetourpartners/overseas.do HTTP/1.1" 200 31428
38.99.62.91 - - [26/Jan/2020:19:32:57 +0900] "GET /home/en/meetourpartners/all.do HTTP/1.1" 200 95227
38.99.62.91 - - [26/Jan/2020:19:33:37 +0900] "GET /home/en/meetourpartners/all.do HTTP/1.1" 200 95227
38.99.62.91 - - [26/Jan/2020:19:34:02 +0900] "GET /home/meetourpartners/all.do HTTP/1.1" 200 101569
38.99.62.91 - - [26/Jan/2020:19:34:28 +0900] "GET /home/en/meetourpartners/all.do HTTP/1.1" 200 95227
38.99.62.91 - - [26/Jan/2020:19:35:07 +0900] "GET /home/meetourpartners/all.do HTTP/1.1" 200 101569
38.99.62.91 - - [26/Jan/2020:19:35:47 +0900] "GET /home/en/meetourpartners/all.do HTTP/1.1" 200 95227
34.199.176.251 - - [26/Jan/2020:19:37:24 +0900] "GET /home/news/news/view.do?num=3 HTTP/1.1" 200 5573
34.199.176.251 - - [26/Jan/2020:19:37:24 +0900] "GET /home/news/news/view.do HTTP/1.1" 500 3570
38.99.62.91 - - [26/Jan/2020:19:37:31 +0900] "GET /home/meetourpartners/all.do HTTP/1.1" 200 101569
66.249.65.190 - - [26/Jan/2020:19:38:05 +0900] "GET /error/kr/error.jsp HTTP/1.1" 500 3762
38.99.62.91 - - [26/Jan/2020:19:38:10 +0900] "GET /home/en/meetourpartners/all.do HTTP/1.1" 200 95227
34.199.176.251 - - [26/Jan/2020:19:38:26 +0900] "GET /home/news/news/view.do?num=3 HTTP/1.1" 200 5573
34.199.176.251 - - [26/Jan/2020:19:38:27 +0900] "GET /home/news/news/view.do HTTP/1.1" 500 3570
38.99.62.91 - - [26/Jan/2020:19:41:23 +0900] "GET /home/meetourpartners/all.do HTTP/1.1" 200 101569
38.99.62.91 - - [26/Jan/2020:19:42:03 +0900] "GET /home/en/meetourpartners/all.do HTTP/1.1" 200 95227
38.99.62.91 - - [26/Jan/2020:19:42:28 +0900] "GET /home/en/meetourpartners/all.do HTTP/1.1" 200 95227
66.249.65.186 - - [26/Jan/2020:19:43:07 +0900] "GET /error/kr/error.jsp HTTP/1.1" 500 3762
38.99.62.91 - - [26/Jan/2020:19:43:08 +0900] "GET /home/en/meetourpartners/all.do HTTP/1.1" 200 95227
38.99.62.91 - - [26/Jan/2020:19:43:47 +0900] "GET /home/meetourpartners/all.do HTTP/1.1" 200 101569
38.99.62.91 - - [26/Jan/2020:19:45:06 +0900] "GET /home/en/meetourpartners/all.do HTTP/1.1" 200 95227
38.99.62.91 - - [26/Jan/2020:19:46:50 +0900] "GET /home/meetourpartners/all.do HTTP/1.1" 200 101569
38.99.62.91 - - [26/Jan/2020:19:48:08 +0900] "GET /home/en/meetourpartners/all.do HTTP/1.1" 200 95227
38.99.62.91 - - [26/Jan/2020:19:50:31 +0900] "GET /home/meetourpartners/all.do HTTP/1.1" 200 101569
38.99.62.91 - - [26/Jan/2020:19:51:11 +0900] "GET /home/en/meetourpartners/all.do HTTP/1.1" 200 95227
207.46.13.50 - - [26/Jan/2020:19:51:16 +0900] "GET /error/kr/error.jsp HTTP/1.1" 500 3570
38.99.62.91 - - [26/Jan/2020:19:51:50 +0900] "GET /home/meetourpartners/all.do HTTP/1.1" 200 101569
38.99.62.91 - - [26/Jan/2020:19:52:30 +0900] "GET /home/en/meetourpartners/all.do HTTP/1.1" 200 95227
142.93.187.70 - - [26/Jan/2020:19:53:33 +0900] "GET /index.jsp HTTP/1.0" 302 -
38.99.62.91 - - [26/Jan/2020:19:53:36 +0900] "GET /home/meetourpartners/all.do HTTP/1.1" 200 101569
38.99.62.91 - - [26/Jan/2020:19:54:16 +0900] "GET /home/en/meetourpartners/all.do HTTP/1.1" 200 95227
38.99.62.91 - - [26/Jan/2020:19:57:17 +0900] "GET /home/meetourpartners/all.do HTTP/1.1" 200 101569
38.99.62.91 - - [26/Jan/2020:19:57:57 +0900] "GET /home/en/meetourpartners/all.do HTTP/1.1" 200 95227
38.99.62.91 - - [26/Jan/2020:19:58:37 +0900] "GET /home/meetourpartners/all.do HTTP/1.1" 200 101569
40.77.167.146 - - [26/Jan/2020:19:59:02 +0900] "GET /error/kr/error.jsp HTTP/1.1" 500 3570
38.99.62.91 - - [26/Jan/2020:19:59:16 +0900] "GET /home/en/meetourpartners/all.do HTTP/1.1" 200 95227
188.234.116.72 - - [26/Jan/2020:20:00:51 +0900] "GET /index.jsp HTTP/1.1" 302 -
38.99.62.91 - - [26/Jan/2020:20:01:00 +0900] "GET /home/en/contact/contact.do HTTP/1.1" 200 5187
38.99.62.91 - - [26/Jan/2020:20:01:40 +0900] "GET /home/en/main/main.do HTTP/1.1" 200 11080
38.99.62.91 - - [26/Jan/2020:20:02:59 +0900] "GET /home/en/meetourpartners/all.do HTTP/1.1" 200 95227
38.99.62.91 - - [26/Jan/2020:20:03:39 +0900] "GET /home/meetourpartners/all.do HTTP/1.1" 200 101569
38.99.62.91 - - [26/Jan/2020:20:04:04 +0900] "GET /home/en/watwedo/philosophy.do HTTP/1.1" 200 7112
38.99.62.91 - - [26/Jan/2020:20:04:44 +0900] "GET /home/en/main/main.do HTTP/1.1" 200 11080
38.99.62.91 - - [26/Jan/2020:20:05:23 +0900] "GET /home/watwedo/overview.do HTTP/1.1" 200 6147
38.99.62.91 - - [26/Jan/2020:20:06:03 +0900] "GET /home/watwedo/history.do HTTP/1.1" 200 10614
38.99.62.91 - - [26/Jan/2020:20:06:43 +0900] "GET /home/watwedo/overview.do HTTP/1.1" 200 6147
38.99.62.91 - - [26/Jan/2020:20:07:08 +0900] "GET /home/meetourpartners/all.do HTTP/1.1" 200 101569
38.99.62.91 - - [26/Jan/2020:20:07:48 +0900] "GET /home/whoweare/korea.do HTTP/1.1" 200 30366
38.99.62.91 - - [26/Jan/2020:20:08:13 +0900] "GET /home/whoweare/china.do HTTP/1.1" 200 10340
39.7.46.114 - - [26/Jan/2020:20:08:52 +0900] "GET /filter/checker.jsp?campaignID=321&email=dhdudrn82@naver.com&responseEnd=2018-12-06 HTTP/1.1" 404 3570
39.7.46.114 - - [26/Jan/2020:20:08:56 +0900] "GET /filter/checker.jsp?campaignID=330&email=dhdudrn82@naver.com&responseEnd=2018-12-07 HTTP/1.1" 404 3570
39.7.46.114 - - [26/Jan/2020:20:09:03 +0900] "GET /filter/checker.jsp?campaignID=321&email=dhdudrn82@naver.com&responseEnd=2018-12-06 HTTP/1.1" 404 3570
39.7.46.114 - - [26/Jan/2020:20:09:06 +0900] "GET /filter/checker.jsp?campaignID=321&email=dhdudrn82@naver.com&responseEnd=2018-12-06 HTTP/1.1" 404 3570
38.99.62.91 - - [26/Jan/2020:20:09:32 +0900] "GET /home/meetourpartners/all.do HTTP/1.1" 200 101569
38.99.62.91 - - [26/Jan/2020:20:09:57 +0900] "GET /home/whoweare/china.do HTTP/1.1" 200 10340
38.99.62.91 - - [26/Jan/2020:20:10:22 +0900] "GET /home/en/meetourpartners/all.do HTTP/1.1" 200 95227
38.99.62.91 - - [26/Jan/2020:20:11:02 +0900] "GET /home/whoweare/korea.do HTTP/1.1" 200 30366
39.7.46.244 - - [26/Jan/2020:20:11:28 +0900] "GET /index.jsp HTTP/1.1" 302 -
39.7.46.244 - - [26/Jan/2020:20:11:28 +0900] "GET /home/main/main.do HTTP/1.1" 302 -
39.7.46.244 - - [26/Jan/2020:20:11:29 +0900] "GET /home/main/main.do HTTP/1.1" 200 8898
39.7.46.244 - - [26/Jan/2020:20:11:29 +0900] "GET /error/kr/error.jsp HTTP/1.1" 500 3762
39.7.46.244 - - [26/Jan/2020:20:11:36 +0900] "GET /home/whoweare/korea.do HTTP/1.1" 200 44336
38.99.62.91 - - [26/Jan/2020:20:11:42 +0900] "GET /home/about/about.do HTTP/1.1" 200 14216
51.38.57.199 - - [26/Jan/2020:20:11:51 +0900] "GET /index.jsp HTTP/1.0" 302 -
38.99.62.91 - - [26/Jan/2020:20:12:22 +0900] "GET /index.jsp HTTP/1.1" 302 -
38.99.62.91 - - [26/Jan/2020:20:12:22 +0900] "GET /home/en/main/main.do HTTP/1.1" 200 11080
39.7.46.244 - - [26/Jan/2020:20:12:42 +0900] "GET /home/whoweare/china.do HTTP/1.1" 200 11536
38.99.62.91 - - [26/Jan/2020:20:13:01 +0900] "GET /home/news/news/view.do?num=1 HTTP/1.1" 200 8971
38.99.62.91 - - [26/Jan/2020:20:13:27 +0900] "GET /home/news/news/view.do?page=&num=2 HTTP/1.1" 200 6974
38.99.62.91 - - [26/Jan/2020:20:14:07 +0900] "GET /home/meetourpartners/all.do HTTP/1.1" 200 101569
38.99.62.91 - - [26/Jan/2020:20:14:46 +0900] "GET /home/news/news/list.do?page= HTTP/1.1" 200 7091
38.99.62.91 - - [26/Jan/2020:20:15:26 +0900] "GET /home/news/news/view.do?num=1 HTTP/1.1" 200 8971
38.99.62.91 - - [26/Jan/2020:20:15:51 +0900] "GET /home/news/news/view.do?num=2 HTTP/1.1" 200 6974
39.7.46.244 - - [26/Jan/2020:20:16:15 +0900] "GET /index.jsp HTTP/1.1" 302 -
39.7.46.244 - - [26/Jan/2020:20:16:16 +0900] "GET /home/main/main.do HTTP/1.1" 302 -
39.7.46.244 - - [26/Jan/2020:20:16:16 +0900] "GET /home/main/main.do HTTP/1.1" 200 8898
39.7.46.244 - - [26/Jan/2020:20:16:16 +0900] "GET /error/kr/error.jsp HTTP/1.1" 500 3762
39.7.46.244 - - [26/Jan/2020:20:16:20 +0900] "GET /home/whoweare/korea.do HTTP/1.1" 200 44336
39.7.46.244 - - [26/Jan/2020:20:16:21 +0900] "GET /home/whoweare/china.do HTTP/1.1" 200 11536
38.99.62.91 - - [26/Jan/2020:20:16:31 +0900] "GET /home/news/news/view.do?page=&num=3 HTTP/1.1" 200 5573
39.7.46.244 - - [26/Jan/2020:20:16:45 +0900] "GET /home/whoweare/korea.do HTTP/1.1" 200 44336
39.7.46.244 - - [26/Jan/2020:20:17:06 +0900] "GET /home/whoweare/china.do HTTP/1.1" 200 11536
222.122.190.82 - - [26/Jan/2020:20:17:06 +0900] "GET /index.jsp HTTP/1.1" 302 -
222.122.190.82 - - [26/Jan/2020:20:17:06 +0900] "GET /home/main/main.do HTTP/1.1" 200 12222
222.122.190.82 - - [26/Jan/2020:20:17:06 +0900] "GET /index.jsp HTTP/1.1" 302 -
222.122.190.82 - - [26/Jan/2020:20:17:06 +0900] "GET /home/main/main.do HTTP/1.1" 200 12222
222.122.190.82 - - [26/Jan/2020:20:17:07 +0900] "GET /error/kr/error.jsp HTTP/1.1" 500 3570
38.99.62.91 - - [26/Jan/2020:20:17:11 +0900] "GET /home/news/news/view.do?page=&num=1 HTTP/1.1" 200 8971
38.99.62.91 - - [26/Jan/2020:20:17:50 +0900] "GET /home/news/news/view.do?num=2 HTTP/1.1" 200 6974
193.111.62.163 - - [26/Jan/2020:20:18:04 +0900] "GET /home/news/news/list.do HTTP/1.1" 200 7091
38.99.62.91 - - [26/Jan/2020:20:18:30 +0900] "GET /home/watwedo/philosophy.do HTTP/1.1" 200 7162
38.99.62.91 - - [26/Jan/2020:20:19:10 +0900] "GET /home/meetourpartners/all.do HTTP/1.1" 200 101569
38.99.62.91 - - [26/Jan/2020:20:19:49 +0900] "GET /home/watwedo/philosophy.do HTTP/1.1" 200 7162
38.99.62.91 - - [26/Jan/2020:20:20:14 +0900] "GET /home/en/watwedo/overview.do HTTP/1.1" 200 6156
38.99.62.91 - - [26/Jan/2020:20:20:54 +0900] "GET /home/en/about/about.do HTTP/1.1" 200 14811
38.99.62.91 - - [26/Jan/2020:20:21:20 +0900] "GET /error/kr/error.jsp HTTP/1.1" 500 3570
