173.239.53.9 - - [02/Dec/2019:14:56:42 +0900] "GET /home/news/news/view.do?page=1&num=11 HTTP/1.1" 200 5548
173.239.53.9 - - [02/Dec/2019:14:57:18 +0900] "GET /home/news/news/view.do?page=2&num=11 HTTP/1.1" 200 5548
113.12.25.195 - - [02/Dec/2019:14:57:26 +0900] "GET /error/kr/error.jsp HTTP/1.1" 500 3570
173.239.53.9 - - [02/Dec/2019:14:57:54 +0900] "GET /home/news/news/view.do?page=2&num=12 HTTP/1.1" 200 9083
35.229.20.49 - - [02/Dec/2019:14:58:09 +0900] "GET /error/kr/error.jsp HTTP/1.0" 500 3570
35.229.20.49 - - [02/Dec/2019:14:58:10 +0900] "GET /home/en/watwedo/overview.do HTTP/1.0" 200 6156
173.239.53.9 - - [02/Dec/2019:14:58:32 +0900] "GET /home/news/news/view.do?page=2&num=13 HTTP/1.1" 200 9159
35.229.20.49 - - [02/Dec/2019:14:59:02 +0900] "GET /error/kr/error.jsp HTTP/1.0" 500 3570
35.229.20.49 - - [02/Dec/2019:14:59:03 +0900] "GET /home/main/main.do HTTP/1.0" 200 12222
173.239.53.9 - - [02/Dec/2019:14:59:08 +0900] "GET /home/news/news/view.do?page=2&num=14 HTTP/1.1" 200 6736
119.207.72.79 - - [02/Dec/2019:14:59:08 +0900] "GET /home/news/news/list.do HTTP/1.1" 200 7091
173.239.53.9 - - [02/Dec/2019:14:59:42 +0900] "GET /home/news/news/view.do?page=2&num=15 HTTP/1.1" 200 9181
192.188.170.85 - - [02/Dec/2019:14:59:53 +0900] "GET /index.jsp HTTP/1.1" 302 -
192.188.170.85 - - [02/Dec/2019:14:59:53 +0900] "GET /home/main/main.do HTTP/1.1" 200 12222
173.239.53.9 - - [02/Dec/2019:15:00:17 +0900] "GET /home/news/news/view.do?page=2&num=16 HTTP/1.1" 200 5666
173.239.53.9 - - [02/Dec/2019:15:00:51 +0900] "GET /home/news/news/view.do?page=2&num=17 HTTP/1.1" 200 5761
173.239.53.9 - - [02/Dec/2019:15:01:26 +0900] "GET /home/news/news/view.do?page=2&num=18 HTTP/1.1" 200 9137
173.239.53.9 - - [02/Dec/2019:15:02:00 +0900] "GET /home/news/news/view.do?page=2&num=19 HTTP/1.1" 200 6164
173.239.53.9 - - [02/Dec/2019:15:02:38 +0900] "GET /home/news/news/view.do?page=&num=5 HTTP/1.1" 200 9109
210.222.87.146 - - [02/Dec/2019:15:02:54 +0900] "GET /index.jsp HTTP/1.1" 302 -
210.222.87.146 - - [02/Dec/2019:15:02:54 +0900] "GET /home/main/main.do HTTP/1.1" 200 12222
160.16.241.168 - - [02/Dec/2019:15:02:58 +0900] "GET /home/main/main.do HTTP/1.1" 200 12222
173.239.53.9 - - [02/Dec/2019:15:03:15 +0900] "GET /home/watwedo/overview.do HTTP/1.1" 200 6147
35.229.20.49 - - [02/Dec/2019:15:03:40 +0900] "GET /error/kr/error.jsp HTTP/1.0" 500 3570
35.229.20.49 - - [02/Dec/2019:15:03:41 +0900] "GET /home/en/meetourpartners/all.do HTTP/1.0" 200 95227
210.222.87.146 - - [02/Dec/2019:15:03:43 +0900] "GET /index.jsp HTTP/1.1" 302 -
210.222.87.146 - - [02/Dec/2019:15:03:43 +0900] "GET /home/main/main.do HTTP/1.1" 200 12222
210.222.87.146 - - [02/Dec/2019:15:03:45 +0900] "GET /home/meetourpartners/all.do HTTP/1.1" 200 101569
210.222.87.146 - - [02/Dec/2019:15:03:47 +0900] "GET /home/meetourpartners/domestic.do HTTP/1.1" 200 73451
173.239.53.9 - - [02/Dec/2019:15:03:54 +0900] "GET /home/whoweare/korea.do HTTP/1.1" 200 31387
210.222.87.146 - - [02/Dec/2019:15:04:03 +0900] "GET /home/watwedo/overview.do HTTP/1.1" 200 6147
210.222.87.146 - - [02/Dec/2019:15:04:06 +0900] "GET /home/watwedo/history.do HTTP/1.1" 200 10614
210.222.87.146 - - [02/Dec/2019:15:04:07 +0900] "GET /home/watwedo/philosophy.do HTTP/1.1" 200 7162
210.222.87.146 - - [02/Dec/2019:15:04:13 +0900] "GET /home/about/about.do HTTP/1.1" 200 14216
173.239.53.9 - - [02/Dec/2019:15:04:28 +0900] "GET /home/meetourpartners/all.do HTTP/1.1" 200 101569
192.188.170.85 - - [02/Dec/2019:15:04:29 +0900] "GET /error/kr/error.jsp HTTP/1.1" 500 3570
173.239.53.9 - - [02/Dec/2019:15:05:05 +0900] "GET /home/news/news/list.do HTTP/1.1" 200 7091
173.239.53.9 - - [02/Dec/2019:15:05:40 +0900] "GET /home/contact/contact.do HTTP/1.1" 200 5224
95.42.46.184 - - [02/Dec/2019:15:05:47 +0900] "GET /index.jsp HTTP/1.1" 302 -
173.239.53.9 - - [02/Dec/2019:15:06:15 +0900] "GET /home/about/about.do HTTP/1.1" 200 14216
38.99.62.91 - - [02/Dec/2019:15:06:42 +0900] "GET /home/news/news/view.do?page=2&num=14 HTTP/1.1" 200 6736
173.239.53.9 - - [02/Dec/2019:15:06:50 +0900] "GET /home/news/news/view.do?num=1 HTTP/1.1" 200 8971
38.99.62.91 - - [02/Dec/2019:15:07:21 +0900] "GET /home/en/meetourpartners/all.do HTTP/1.1" 200 95227
173.239.53.9 - - [02/Dec/2019:15:07:27 +0900] "GET /home/news/news/view.do?num=2 HTTP/1.1" 200 6974
38.99.62.91 - - [02/Dec/2019:15:08:01 +0900] "GET /home/news/news/view.do?page=2&num=15 HTTP/1.1" 200 9181
173.239.53.9 - - [02/Dec/2019:15:08:03 +0900] "GET /home/news/news/view.do?num=3 HTTP/1.1" 200 5573
220.181.108.82 - - [02/Dec/2019:15:08:25 +0900] "GET /index.jsp HTTP/1.1" 302 -
220.181.108.75 - - [02/Dec/2019:15:08:25 +0900] "GET /home/en/main/main.do HTTP/1.1" 302 -
220.181.108.168 - - [02/Dec/2019:15:08:26 +0900] "GET /home/en/main/main.do HTTP/1.1" 200 8279
111.206.198.22 - - [02/Dec/2019:15:08:26 +0900] "GET /error/kr/error.jsp HTTP/1.1" 500 3762
111.206.221.105 - - [02/Dec/2019:15:08:27 +0900] "GET /error/kr/error.jsp HTTP/1.1" 500 3762
173.239.53.9 - - [02/Dec/2019:15:08:38 +0900] "GET /home/watwedo/philosophy.do HTTP/1.1" 200 7162
38.99.62.91 - - [02/Dec/2019:15:09:06 +0900] "GET /home/news/news/view.do?page=2&num=16 HTTP/1.1" 200 5666
173.239.53.9 - - [02/Dec/2019:15:09:13 +0900] "GET /error/kr/error.jsp HTTP/1.1" 500 3570
203.235.72.182 - - [02/Dec/2019:15:09:16 +0900] "GET /error/kr/error.jsp HTTP/1.1" 500 3570
203.235.72.182 - - [02/Dec/2019:15:09:16 +0900] "GET /error/kr/error.jsp HTTP/1.1" 500 3570
173.239.53.9 - - [02/Dec/2019:15:09:49 +0900] "GET /home/en/watwedo/history.do HTTP/1.1" 200 10541
38.99.62.91 - - [02/Dec/2019:15:09:56 +0900] "GET /home/news/news/view.do?page=2&num=17 HTTP/1.1" 200 5761
173.239.53.9 - - [02/Dec/2019:15:10:27 +0900] "GET /home/en/whoweare/china.do HTTP/1.1" 200 10353
203.235.72.182 - - [02/Dec/2019:15:10:40 +0900] "GET /error/kr/error.jsp HTTP/1.1" 500 3570
203.235.72.182 - - [02/Dec/2019:15:10:40 +0900] "GET /error/kr/error.jsp HTTP/1.1" 500 3570
38.99.62.91 - - [02/Dec/2019:15:11:01 +0900] "GET /home/news/news/view.do?page=2&num=18 HTTP/1.1" 200 9137
173.239.53.9 - - [02/Dec/2019:15:11:02 +0900] "GET /home/en/meetourpartners/domestic.do HTTP/1.1" 200 69240
35.229.20.49 - - [02/Dec/2019:15:11:12 +0900] "GET /error/kr/error.jsp HTTP/1.0" 500 3570
35.229.20.49 - - [02/Dec/2019:15:11:12 +0900] "GET /home/en/watwedo/philosophy.do HTTP/1.0" 200 7112
38.99.62.91 - - [02/Dec/2019:15:11:26 +0900] "GET /home/en/meetourpartners/all.do HTTP/1.1" 200 95227
173.239.53.9 - - [02/Dec/2019:15:11:38 +0900] "GET /home/en/meetourpartners/overseas.do HTTP/1.1" 200 31428
38.99.62.91 - - [02/Dec/2019:15:12:06 +0900] "GET /home/meetourpartners/all.do HTTP/1.1" 200 101569
173.239.53.9 - - [02/Dec/2019:15:12:15 +0900] "GET /home/news/news/view.do?page=1&num=12 HTTP/1.1" 200 9083
173.239.53.9 - - [02/Dec/2019:15:12:50 +0900] "GET /home/news/news/view.do?page=2&num=10 HTTP/1.1" 200 6756
173.239.53.9 - - [02/Dec/2019:15:13:24 +0900] "GET /home/news/news/view.do?page=&num=6 HTTP/1.1" 200 9118
38.99.62.91 - - [02/Dec/2019:15:13:25 +0900] "GET /home/news/news/view.do?page=2&num=18 HTTP/1.1" 200 9137
173.239.53.9 - - [02/Dec/2019:15:13:59 +0900] "GET /home/watwedo/history.do HTTP/1.1" 200 10614
38.99.62.91 - - [02/Dec/2019:15:14:05 +0900] "GET /home/news/news/view.do?page=2&num=19 HTTP/1.1" 200 6164
173.239.53.9 - - [02/Dec/2019:15:14:34 +0900] "GET /home/whoweare/china.do HTTP/1.1" 200 10340
35.229.20.49 - - [02/Dec/2019:15:14:41 +0900] "GET /error/kr/error.jsp HTTP/1.0" 500 3570
35.229.20.49 - - [02/Dec/2019:15:14:42 +0900] "GET /home/en/whoweare/korea.do HTTP/1.0" 200 31310
173.239.53.9 - - [02/Dec/2019:15:15:07 +0900] "GET /home/meetourpartners/domestic.do HTTP/1.1" 200 73451
38.99.62.91 - - [02/Dec/2019:15:15:23 +0900] "GET /home/news/news/view.do?page=&num=5 HTTP/1.1" 200 9109
173.239.53.9 - - [02/Dec/2019:15:15:43 +0900] "GET /home/meetourpartners/overseas.do HTTP/1.1" 200 32620
38.99.62.91 - - [02/Dec/2019:15:16:03 +0900] "GET /home/news/news/view.do?page=&num=6 HTTP/1.1" 200 9118
173.239.53.9 - - [02/Dec/2019:15:16:18 +0900] "GET /home/news/news/view.do?page=1&num=1 HTTP/1.1" 200 8973
38.99.62.91 - - [02/Dec/2019:15:16:42 +0900] "GET /home/news/news/view.do?page=&num=5 HTTP/1.1" 200 9109
173.239.53.9 - - [02/Dec/2019:15:16:53 +0900] "GET /home/news/news/view.do?page=1&num=2 HTTP/1.1" 200 6977
38.99.62.91 - - [02/Dec/2019:15:17:08 +0900] "GET /home/news/news/view.do?page=2&num=10 HTTP/1.1" 200 6756
35.229.20.49 - - [02/Dec/2019:15:17:09 +0900] "GET /error/kr/error.jsp HTTP/1.0" 500 3570
35.229.20.49 - - [02/Dec/2019:15:17:10 +0900] "GET /home/en/contact/contact.do HTTP/1.0" 200 5187
173.239.53.9 - - [02/Dec/2019:15:17:31 +0900] "GET /home/news/news/view.do?page=1&num=3 HTTP/1.1" 200 5576
38.99.62.91 - - [02/Dec/2019:15:17:47 +0900] "GET /home/news/news/view.do?page=2&num=9 HTTP/1.1" 200 9135
35.229.20.49 - - [02/Dec/2019:15:17:53 +0900] "GET /error/kr/error.jsp HTTP/1.0" 500 3570
35.229.20.49 - - [02/Dec/2019:15:17:54 +0900] "GET /home/en/meetourpartners/all.do HTTP/1.0" 200 95227
35.229.20.49 - - [02/Dec/2019:15:17:57 +0900] "GET /error/kr/error.jsp HTTP/1.0" 500 3570
35.229.20.49 - - [02/Dec/2019:15:17:58 +0900] "GET /home/en/watwedo/overview.do HTTP/1.0" 200 6156
35.229.20.49 - - [02/Dec/2019:15:17:59 +0900] "GET /error/kr/error.jsp HTTP/1.0" 500 3570
35.229.20.49 - - [02/Dec/2019:15:18:00 +0900] "GET /home/en/whoweare/korea.do HTTP/1.0" 200 31310
35.229.20.49 - - [02/Dec/2019:15:18:01 +0900] "GET /error/kr/error.jsp HTTP/1.0" 500 3570
35.229.20.49 - - [02/Dec/2019:15:18:02 +0900] "GET /home/en/about/about.do HTTP/1.0" 200 14811
35.229.20.49 - - [02/Dec/2019:15:18:04 +0900] "GET /error/kr/error.jsp HTTP/1.0" 500 3570
35.229.20.49 - - [02/Dec/2019:15:18:05 +0900] "GET /home/en/contact/contact.do HTTP/1.0" 200 5187
35.229.20.49 - - [02/Dec/2019:15:18:06 +0900] "GET /error/kr/error.jsp HTTP/1.0" 500 3570
173.239.53.9 - - [02/Dec/2019:15:18:06 +0900] "GET /home/news/news/view.do?page=1&num=4 HTTP/1.1" 200 9123
35.229.20.49 - - [02/Dec/2019:15:18:06 +0900] "GET /home/en/watwedo/philosophy.do HTTP/1.0" 200 7112
35.229.20.49 - - [02/Dec/2019:15:18:08 +0900] "GET /error/kr/error.jsp HTTP/1.0" 500 3570
35.229.20.49 - - [02/Dec/2019:15:18:08 +0900] "GET /home/main/main.do HTTP/1.0" 200 12222
38.99.62.91 - - [02/Dec/2019:15:18:13 +0900] "GET /home/news/news/view.do?page=2&num=10 HTTP/1.1" 200 6756
38.99.62.91 - - [02/Dec/2019:15:18:38 +0900] "GET /home/news/news/view.do?page=&num=6 HTTP/1.1" 200 9118
201.77.14.54 - - [02/Dec/2019:15:18:38 +0900] "GET /index.jsp HTTP/1.1" 302 -
173.239.53.9 - - [02/Dec/2019:15:18:43 +0900] "GET /home/news/news/view.do?page=1&num=5 HTTP/1.1" 200 9112
193.111.62.163 - - [02/Dec/2019:15:19:08 +0900] "GET /home/news/news/list.do HTTP/1.1" 200 7091
38.99.62.91 - - [02/Dec/2019:15:19:18 +0900] "GET /home/news/news/view.do?page=&num=7 HTTP/1.1" 200 5545
173.239.53.9 - - [02/Dec/2019:15:19:21 +0900] "GET /home/news/news/view.do?page=1&num=6 HTTP/1.1" 200 9121
173.239.53.9 - - [02/Dec/2019:15:20:00 +0900] "GET /home/news/news/view.do?page=1&num=7 HTTP/1.1" 200 5548
115.238.95.194 - - [02/Dec/2019:15:20:16 +0900] "GET /error/kr/error.jsp HTTP/1.1" 500 3570
38.99.62.91 - - [02/Dec/2019:15:20:37 +0900] "GET /home/news/news/view.do?page=&num=8 HTTP/1.1" 200 9166
173.239.53.9 - - [02/Dec/2019:15:20:39 +0900] "GET /home/news/news/view.do?page=1&num=8 HTTP/1.1" 200 9169
173.239.53.9 - - [02/Dec/2019:15:21:18 +0900] "GET /home/news/news/view.do?page=1&num=9 HTTP/1.1" 200 9135
103.25.249.230 - - [02/Dec/2019:15:21:39 +0900] "GET /index.jsp HTTP/1.1" 302 -
103.25.249.230 - - [02/Dec/2019:15:21:39 +0900] "GET /home/en/main/main.do HTTP/1.1" 200 11080
38.99.62.91 - - [02/Dec/2019:15:21:41 +0900] "GET /home/news/news/view.do?page=&num=9 HTTP/1.1" 200 9132
173.239.53.9 - - [02/Dec/2019:15:21:55 +0900] "GET /home/news/news/view.do?page=1&num=10 HTTP/1.1" 200 6756
103.25.249.230 - - [02/Dec/2019:15:22:05 +0900] "HEAD /index.jsp HTTP/1.1" 302 -
38.99.62.91 - - [02/Dec/2019:15:22:07 +0900] "GET /home/meetourpartners/all.do HTTP/1.1" 200 101569
173.239.53.9 - - [02/Dec/2019:15:22:30 +0900] "GET /home/news/news/list.do?page=1 HTTP/1.1" 200 7091
38.99.62.91 - - [02/Dec/2019:15:22:46 +0900] "GET /home/news/news/view.do?page=&num=8 HTTP/1.1" 200 9166
173.239.53.9 - - [02/Dec/2019:15:23:07 +0900] "GET /home/news/news/list.do?page=2 HTTP/1.1" 200 6849
38.99.62.91 - - [02/Dec/2019:15:23:11 +0900] "GET /home/en/meetourpartners/all.do HTTP/1.1" 200 95227
173.239.53.9 - - [02/Dec/2019:15:23:42 +0900] "GET /home/news/news/view.do?page=&num=2 HTTP/1.1" 200 6974
38.99.62.91 - - [02/Dec/2019:15:23:51 +0900] "GET /home/news/news/view.do?page=&num=9 HTTP/1.1" 200 9132
173.239.53.9 - - [02/Dec/2019:15:24:17 +0900] "GET /home/news/news/list.do?page= HTTP/1.1" 200 7091
38.99.62.91 - - [02/Dec/2019:15:24:31 +0900] "GET /home/news/news/view.do?page=&num=10 HTTP/1.1" 200 6753
173.239.53.9 - - [02/Dec/2019:15:24:51 +0900] "GET /home/news/news/view.do?page=&num=3 HTTP/1.1" 200 5573
38.99.62.91 - - [02/Dec/2019:15:25:10 +0900] "GET /home/news/news/view.do?page=&num=9 HTTP/1.1" 200 9132
173.239.53.9 - - [02/Dec/2019:15:25:28 +0900] "GET /home/news/news/view.do?page=&num=1 HTTP/1.1" 200 8971
38.99.62.91 - - [02/Dec/2019:15:25:50 +0900] "GET /home/news/news/view.do?page=&num=10 HTTP/1.1" 200 6753
173.239.53.9 - - [02/Dec/2019:15:26:04 +0900] "GET /home/news/news/view.do?page=&num=4 HTTP/1.1" 200 9120
38.99.62.91 - - [02/Dec/2019:15:26:15 +0900] "GET /home/news/news/view.do?page=&num=11 HTTP/1.1" 200 5545
173.239.53.9 - - [02/Dec/2019:15:26:39 +0900] "GET /home/news/news/view.do?page=1&num=13 HTTP/1.1" 200 9159
173.239.53.9 - - [02/Dec/2019:15:27:16 +0900] "GET /home/news/news/view.do?page=2&num=9 HTTP/1.1" 200 9135
38.99.62.91 - - [02/Dec/2019:15:27:34 +0900] "GET /home/news/news/view.do?page=&num=12 HTTP/1.1" 200 9080
173.239.53.9 - - [02/Dec/2019:15:27:53 +0900] "GET /home/news/news/view.do?page=&num=7 HTTP/1.1" 200 5545
38.99.62.91 - - [02/Dec/2019:15:28:13 +0900] "GET /home/news/news/view.do?page=&num=11 HTTP/1.1" 200 5545
173.239.53.9 - - [02/Dec/2019:15:28:28 +0900] "GET /home/news/news/view.do?page=1&num=11 HTTP/1.1" 200 5548
38.99.62.91 - - [02/Dec/2019:15:28:53 +0900] "GET /home/news/news/view.do?page=&num=12 HTTP/1.1" 200 9080
173.239.53.9 - - [02/Dec/2019:15:29:06 +0900] "GET /home/news/news/view.do?page=2&num=11 HTTP/1.1" 200 5548
38.99.62.91 - - [02/Dec/2019:15:29:32 +0900] "GET /home/news/news/view.do?page=&num=13 HTTP/1.1" 200 9156
173.239.53.9 - - [02/Dec/2019:15:29:41 +0900] "GET /home/news/news/view.do?page=2&num=12 HTTP/1.1" 200 9083
38.99.62.91 - - [02/Dec/2019:15:30:12 +0900] "GET /home/news/news/view.do?page=&num=12 HTTP/1.1" 200 9080
173.239.53.9 - - [02/Dec/2019:15:30:21 +0900] "GET /home/news/news/view.do?page=2&num=13 HTTP/1.1" 200 9159
38.99.62.91 - - [02/Dec/2019:15:30:51 +0900] "GET /home/news/news/view.do?page=&num=13 HTTP/1.1" 200 9156
173.239.53.9 - - [02/Dec/2019:15:30:56 +0900] "GET /home/news/news/view.do?page=2&num=14 HTTP/1.1" 200 6736
38.99.62.91 - - [02/Dec/2019:15:31:31 +0900] "GET /home/news/news/view.do?page=&num=14 HTTP/1.1" 200 6733
173.239.53.9 - - [02/Dec/2019:15:31:32 +0900] "GET /home/news/news/view.do?page=2&num=15 HTTP/1.1" 200 9181
173.239.53.9 - - [02/Dec/2019:15:32:08 +0900] "GET /home/news/news/view.do?page=2&num=16 HTTP/1.1" 200 5666
38.99.62.91 - - [02/Dec/2019:15:32:11 +0900] "GET /home/news/news/view.do?page=&num=13 HTTP/1.1" 200 9156
117.111.3.143 - - [02/Dec/2019:15:32:35 +0900] "GET /filter/checker.jsp?campaignID=583&email=oyuk2lony@naver.com&responseEnd=2018-12-22 HTTP/1.1" 404 3570
173.239.53.9 - - [02/Dec/2019:15:32:44 +0900] "GET /home/news/news/view.do?page=2&num=17 HTTP/1.1" 200 5761
38.99.62.91 - - [02/Dec/2019:15:32:50 +0900] "GET /home/news/news/view.do?page=&num=14 HTTP/1.1" 200 6733
117.111.3.143 - - [02/Dec/2019:15:32:55 +0900] "GET /filter/checker.jsp?campaignID=583&email=oyuk2lony@naver.com&responseEnd=2018-12-22 HTTP/1.1" 404 3570
173.239.53.9 - - [02/Dec/2019:15:33:19 +0900] "GET /home/news/news/view.do?page=2&num=18 HTTP/1.1" 200 9137
38.99.62.91 - - [02/Dec/2019:15:33:30 +0900] "GET /home/news/news/view.do?page=&num=15 HTTP/1.1" 200 9178
173.239.53.9 - - [02/Dec/2019:15:33:54 +0900] "GET /home/news/news/view.do?page=2&num=19 HTTP/1.1" 200 6164
38.99.62.91 - - [02/Dec/2019:15:33:55 +0900] "GET /home/meetourpartners/all.do HTTP/1.1" 200 101569
173.239.53.9 - - [02/Dec/2019:15:34:30 +0900] "GET /home/news/news/view.do?page=&num=5 HTTP/1.1" 200 9109
38.99.62.91 - - [02/Dec/2019:15:34:35 +0900] "GET /home/news/news/view.do?page=&num=14 HTTP/1.1" 200 6733
173.239.53.9 - - [02/Dec/2019:15:35:07 +0900] "GET /home/news/news/view.do?page=1&num=14 HTTP/1.1" 200 6736
38.99.62.91 - - [02/Dec/2019:15:35:14 +0900] "GET /home/news/news/view.do?page=&num=15 HTTP/1.1" 200 9178
45.56.82.51 - - [02/Dec/2019:15:35:35 +0900] "GET /error/kr/error.jsp HTTP/1.1" 500 3570
173.239.53.9 - - [02/Dec/2019:15:35:44 +0900] "GET /home/news/news/view.do?page=2&num=8 HTTP/1.1" 200 9169
38.99.62.91 - - [02/Dec/2019:15:35:54 +0900] "GET /home/news/news/view.do?page=&num=16 HTTP/1.1" 200 5663
173.239.53.9 - - [02/Dec/2019:15:36:19 +0900] "GET /home/news/news/view.do?page=&num=8 HTTP/1.1" 200 9166
34.199.176.251 - - [02/Dec/2019:15:36:32 +0900] "GET /home/news/news/view.do?num=1 HTTP/1.1" 200 8971
34.199.176.251 - - [02/Dec/2019:15:36:32 +0900] "GET /home/news/news/view.do HTTP/1.1" 500 3570
38.99.62.91 - - [02/Dec/2019:15:36:33 +0900] "GET /home/news/news/view.do?page=&num=15 HTTP/1.1" 200 9178
173.239.53.9 - - [02/Dec/2019:15:36:54 +0900] "GET /home/news/news/view.do?page=1&num=12 HTTP/1.1" 200 9083
38.99.62.91 - - [02/Dec/2019:15:36:59 +0900] "GET /home/news/news/view.do?page=&num=16 HTTP/1.1" 200 5663
38.99.62.91 - - [02/Dec/2019:15:37:24 +0900] "GET /home/news/news/view.do?page=&num=17 HTTP/1.1" 200 5758
173.239.53.9 - - [02/Dec/2019:15:37:30 +0900] "GET /home/news/news/view.do?page=2&num=10 HTTP/1.1" 200 6756
38.99.62.91 - - [02/Dec/2019:15:38:04 +0900] "GET /home/news/news/view.do?page=&num=16 HTTP/1.1" 200 5663
173.239.53.9 - - [02/Dec/2019:15:38:04 +0900] "GET /home/news/news/view.do?page=&num=6 HTTP/1.1" 200 9118
173.239.53.9 - - [02/Dec/2019:15:38:39 +0900] "GET /home/news/news/view.do?page=1&num=15 HTTP/1.1" 200 9181
38.99.62.91 - - [02/Dec/2019:15:38:43 +0900] "GET /home/news/news/view.do?page=&num=17 HTTP/1.1" 200 5758
173.239.53.9 - - [02/Dec/2019:15:39:12 +0900] "GET /home/news/news/view.do?page=2&num=7 HTTP/1.1" 200 5548
38.99.62.91 - - [02/Dec/2019:15:39:23 +0900] "GET /home/news/news/view.do?page=&num=18 HTTP/1.1" 200 9134
173.239.53.9 - - [02/Dec/2019:15:39:45 +0900] "GET /home/news/news/view.do?page=&num=9 HTTP/1.1" 200 9132
216.197.69.134 - - [02/Dec/2019:15:39:53 +0900] "GET /home/en/watwedo/history.do HTTP/1.1" 200 10541
38.99.62.91 - - [02/Dec/2019:15:40:02 +0900] "GET /home/news/news/view.do?page=&num=17 HTTP/1.1" 200 5758
173.239.53.9 - - [02/Dec/2019:15:40:19 +0900] "GET /home/news/news/view.do?page=1&num=13 HTTP/1.1" 200 9159
38.99.62.91 - - [02/Dec/2019:15:40:42 +0900] "GET /home/news/news/view.do?page=&num=18 HTTP/1.1" 200 9134
173.239.53.9 - - [02/Dec/2019:15:40:52 +0900] "GET /home/news/news/view.do?page=2&num=9 HTTP/1.1" 200 9135
207.46.13.236 - - [02/Dec/2019:15:40:56 +0900] "GET /error/kr/error.jsp HTTP/1.1" 500 3762
38.99.62.91 - - [02/Dec/2019:15:41:21 +0900] "GET /home/news/news/view.do?page=&num=19 HTTP/1.1" 200 6162
40.77.167.55 - - [02/Dec/2019:15:41:26 +0900] "GET /home/main/main.do HTTP/1.1" 200 8898
173.239.53.9 - - [02/Dec/2019:15:41:27 +0900] "GET /home/news/news/view.do?page=&num=7 HTTP/1.1" 200 5545
38.99.62.91 - - [02/Dec/2019:15:42:01 +0900] "GET /home/news/news/view.do?page=&num=18 HTTP/1.1" 200 9134
173.239.53.9 - - [02/Dec/2019:15:42:02 +0900] "GET /home/news/news/view.do?page=1&num=16 HTTP/1.1" 200 5666
173.239.53.9 - - [02/Dec/2019:15:42:38 +0900] "GET /home/news/news/view.do?page=2&num=6 HTTP/1.1" 200 9121
38.99.62.91 - - [02/Dec/2019:15:42:40 +0900] "GET /home/news/news/view.do?page=&num=19 HTTP/1.1" 200 6162
173.239.53.9 - - [02/Dec/2019:15:43:14 +0900] "GET /home/news/news/view.do?page=&num=10 HTTP/1.1" 200 6753
173.239.53.9 - - [02/Dec/2019:15:43:49 +0900] "GET /home/news/news/view.do?page=1&num=14 HTTP/1.1" 200 6736
38.99.62.91 - - [02/Dec/2019:15:43:59 +0900] "GET /home/news/news/view.do?page=&num=10 HTTP/1.1" 200 6753
173.239.53.9 - - [02/Dec/2019:15:44:24 +0900] "GET /home/news/news/view.do?page=2&num=8 HTTP/1.1" 200 9169
38.99.62.91 - - [02/Dec/2019:15:44:38 +0900] "GET /home/news/news/view.do?page=&num=7 HTTP/1.1" 200 5545
173.239.53.9 - - [02/Dec/2019:15:45:01 +0900] "GET /home/news/news/view.do?page=&num=8 HTTP/1.1" 200 9166
38.99.62.91 - - [02/Dec/2019:15:45:18 +0900] "GET /home/news/news/view.do?page=&num=6 HTTP/1.1" 200 9118
173.239.53.9 - - [02/Dec/2019:15:45:36 +0900] "GET /home/news/news/view.do?page=1&num=17 HTTP/1.1" 200 5761
38.99.62.91 - - [02/Dec/2019:15:45:58 +0900] "GET /home/news/news/view.do?page=1&num=12 HTTP/1.1" 200 9083
173.239.53.9 - - [02/Dec/2019:15:46:13 +0900] "GET /home/news/news/view.do?page=2&num=5 HTTP/1.1" 200 9112
207.46.13.237 - - [02/Dec/2019:15:46:24 +0900] "GET /error/kr/error.jsp HTTP/1.1" 500 3570
157.55.39.200 - - [02/Dec/2019:15:46:30 +0900] "GET /index.jsp HTTP/1.1" 302 -
38.99.62.91 - - [02/Dec/2019:15:46:37 +0900] "GET /home/news/news/view.do?page=1&num=13 HTTP/1.1" 200 9159
173.239.53.9 - - [02/Dec/2019:15:46:49 +0900] "GET /home/news/news/view.do?page=&num=11 HTTP/1.1" 200 5545
38.99.62.91 - - [02/Dec/2019:15:47:17 +0900] "GET /home/meetourpartners/all.do HTTP/1.1" 200 101569
173.239.53.9 - - [02/Dec/2019:15:47:27 +0900] "GET /home/news/news/view.do?page=1&num=15 HTTP/1.1" 200 9181
38.99.62.91 - - [02/Dec/2019:15:47:56 +0900] "GET /home/news/news/view.do?page=1&num=13 HTTP/1.1" 200 9159
173.239.53.9 - - [02/Dec/2019:15:48:02 +0900] "GET /home/news/news/view.do?page=2&num=7 HTTP/1.1" 200 5548
38.99.62.91 - - [02/Dec/2019:15:48:36 +0900] "GET /home/news/news/view.do?page=1&num=14 HTTP/1.1" 200 6736
173.239.53.9 - - [02/Dec/2019:15:48:37 +0900] "GET /home/news/news/view.do?page=&num=9 HTTP/1.1" 200 9132
173.239.53.9 - - [02/Dec/2019:15:49:12 +0900] "GET /error/kr/error.jsp HTTP/1.1" 500 3570
38.99.62.91 - - [02/Dec/2019:15:49:15 +0900] "GET /home/news/news/view.do?page=1&num=13 HTTP/1.1" 200 9159
173.239.53.9 - - [02/Dec/2019:15:49:47 +0900] "GET /home/news/news/view.do?page=1&num=18 HTTP/1.1" 200 9137
38.99.62.91 - - [02/Dec/2019:15:49:55 +0900] "GET /home/news/news/view.do?page=1&num=14 HTTP/1.1" 200 6736
173.239.53.9 - - [02/Dec/2019:15:50:23 +0900] "GET /home/news/news/view.do?page=2&num=4 HTTP/1.1" 200 9123
38.99.62.91 - - [02/Dec/2019:15:50:34 +0900] "GET /home/news/news/view.do?page=1&num=15 HTTP/1.1" 200 9181
173.239.53.9 - - [02/Dec/2019:15:50:59 +0900] "GET /home/news/news/view.do?page=&num=12 HTTP/1.1" 200 9080
207.46.13.236 - - [02/Dec/2019:15:51:18 +0900] "GET /error/kr/error.jsp HTTP/1.1" 500 3762
157.55.39.200 - - [02/Dec/2019:15:51:35 +0900] "GET /index.jsp HTTP/1.1" 302 -
173.239.53.9 - - [02/Dec/2019:15:51:35 +0900] "GET /home/news/news/view.do?page=1&num=16 HTTP/1.1" 200 5666
38.99.62.91 - - [02/Dec/2019:15:51:53 +0900] "GET /home/en/meetourpartners/all.do HTTP/1.1" 200 95227
173.239.53.9 - - [02/Dec/2019:15:52:11 +0900] "GET /home/news/news/view.do?page=2&num=6 HTTP/1.1" 200 9121
173.239.53.9 - - [02/Dec/2019:15:52:46 +0900] "GET /home/news/news/view.do?page=&num=10 HTTP/1.1" 200 6753
38.99.62.91 - - [02/Dec/2019:15:53:12 +0900] "GET /home/news/news/view.do?page=1&num=16 HTTP/1.1" 200 5666
173.239.53.9 - - [02/Dec/2019:15:53:21 +0900] "GET /home/news/news/view.do?page=1&num=19 HTTP/1.1" 200 6164
38.99.62.91 - - [02/Dec/2019:15:53:51 +0900] "GET /home/news/news/view.do?page=1&num=15 HTTP/1.1" 200 9181
173.239.53.9 - - [02/Dec/2019:15:53:57 +0900] "GET /home/news/news/view.do?page=2&num=3 HTTP/1.1" 200 5576
38.99.62.91 - - [02/Dec/2019:15:54:31 +0900] "GET /home/news/news/view.do?page=1&num=16 HTTP/1.1" 200 5666
173.239.53.9 - - [02/Dec/2019:15:54:34 +0900] "GET /home/news/news/view.do?page=&num=13 HTTP/1.1" 200 9156
173.239.53.9 - - [02/Dec/2019:15:55:10 +0900] "GET /home/news/news/view.do?page=1&num=17 HTTP/1.1" 200 5761
38.99.62.91 - - [02/Dec/2019:15:55:10 +0900] "GET /home/news/news/view.do?page=1&num=17 HTTP/1.1" 200 5761
38.99.62.91 - - [02/Dec/2019:15:55:50 +0900] "GET /home/news/news/view.do?page=1&num=16 HTTP/1.1" 200 5666
173.239.53.9 - - [02/Dec/2019:15:55:52 +0900] "GET /home/news/news/view.do?page=2&num=5 HTTP/1.1" 200 9112
173.239.53.9 - - [02/Dec/2019:15:56:27 +0900] "GET /home/news/news/view.do?page=&num=11 HTTP/1.1" 200 5545
38.99.62.91 - - [02/Dec/2019:15:56:29 +0900] "GET /home/news/news/view.do?page=1&num=17 HTTP/1.1" 200 5761
38.99.62.91 - - [02/Dec/2019:15:56:55 +0900] "GET /home/news/news/view.do?page=1&num=18 HTTP/1.1" 200 9137
173.239.53.9 - - [02/Dec/2019:15:57:04 +0900] "GET /home/news/news/view.do?page=2&num=2 HTTP/1.1" 200 6977
35.161.205.92 - - [02/Dec/2019:15:57:24 +0900] "GET /error/kr/error.jsp HTTP/1.1" 500 3570
35.161.205.92 - - [02/Dec/2019:15:57:24 +0900] "GET /error/kr/error.jsp HTTP/1.1" 500 3570
35.161.205.92 - - [02/Dec/2019:15:57:24 +0900] "GET /index.jsp HTTP/1.1" 302 -
35.161.205.92 - - [02/Dec/2019:15:57:24 +0900] "GET /home/main/main.do HTTP/1.1" 200 12222
35.161.205.92 - - [02/Dec/2019:15:57:25 +0900] "GET /home/contact/contact.do HTTP/1.1" 200 5224
35.161.205.92 - - [02/Dec/2019:15:57:25 +0900] "GET /home/whoweare/korea.do HTTP/1.1" 200 31387
35.161.205.92 - - [02/Dec/2019:15:57:25 +0900] "GET /home/about/about.do HTTP/1.1" 200 14216
38.99.62.91 - - [02/Dec/2019:15:57:34 +0900] "GET /home/news/news/view.do?page=1&num=17 HTTP/1.1" 200 5761
173.239.53.9 - - [02/Dec/2019:15:57:39 +0900] "GET /home/news/news/view.do?page=&num=14 HTTP/1.1" 200 6733
36.110.41.66 - - [02/Dec/2019:15:57:45 +0900] "GET /error/kr/error.jsp HTTP/1.1" 500 3570
38.99.62.91 - - [02/Dec/2019:15:58:14 +0900] "GET /home/en/meetourpartners/all.do HTTP/1.1" 200 95227
173.239.53.9 - - [02/Dec/2019:15:58:16 +0900] "GET /home/news/news/view.do?page=1&num=18 HTTP/1.1" 200 9137
173.239.53.9 - - [02/Dec/2019:15:58:51 +0900] "GET /home/news/news/view.do?page=2&num=4 HTTP/1.1" 200 9123
38.99.62.91 - - [02/Dec/2019:15:58:53 +0900] "GET /home/news/news/view.do?page=1&num=18 HTTP/1.1" 200 9137
173.239.53.9 - - [02/Dec/2019:15:59:26 +0900] "GET /home/news/news/view.do?page=&num=12 HTTP/1.1" 200 9080
38.99.62.91 - - [02/Dec/2019:15:59:33 +0900] "GET /home/news/news/view.do?page=1&num=19 HTTP/1.1" 200 6164
173.239.53.9 - - [02/Dec/2019:16:00:02 +0900] "GET /home/news/news/view.do?page=2&num=1 HTTP/1.1" 200 8973
38.99.62.91 - - [02/Dec/2019:16:00:12 +0900] "GET /home/news/news/view.do?page=1&num=18 HTTP/1.1" 200 9137
5.196.87.173 - - [02/Dec/2019:16:00:34 +0900] "GET /error/kr/error.jsp HTTP/1.1" 500 3570
173.239.53.9 - - [02/Dec/2019:16:00:38 +0900] "GET /home/news/news/view.do?page=&num=15 HTTP/1.1" 200 9178
38.99.62.91 - - [02/Dec/2019:16:00:52 +0900] "GET /home/news/news/view.do?page=1&num=19 HTTP/1.1" 200 6164
173.239.53.9 - - [02/Dec/2019:16:01:15 +0900] "GET /home/news/news/view.do?page=1&num=19 HTTP/1.1" 200 6164
38.99.62.91 - - [02/Dec/2019:16:01:31 +0900] "GET /home/meetourpartners/all.do HTTP/1.1" 200 101569
173.239.53.9 - - [02/Dec/2019:16:01:50 +0900] "GET /home/news/news/view.do?page=2&num=3 HTTP/1.1" 200 5576
38.99.62.91 - - [02/Dec/2019:16:02:11 +0900] "GET /home/news/news/view.do?page=1&num=19 HTTP/1.1" 200 6164
173.239.53.9 - - [02/Dec/2019:16:02:26 +0900] "GET /home/news/news/view.do?page=&num=13 HTTP/1.1" 200 9156
119.207.72.108 - - [02/Dec/2019:16:02:33 +0900] "GET /home/about/about.do HTTP/1.1" 200 14216
119.207.72.116 - - [02/Dec/2019:16:02:45 +0900] "GET /home/meetourpartners/all.do HTTP/1.1" 200 101569
119.207.72.72 - - [02/Dec/2019:16:02:48 +0900] "GET /home/meetourpartners/all.do HTTP/1.1" 200 101569
38.99.62.91 - - [02/Dec/2019:16:02:50 +0900] "GET /home/news/news/view.do?page=1&num=14 HTTP/1.1" 200 6736
173.239.53.9 - - [02/Dec/2019:16:03:01 +0900] "GET /home/news/news/view.do?page=&num=16 HTTP/1.1" 200 5663
38.99.62.91 - - [02/Dec/2019:16:03:30 +0900] "GET /home/news/news/view.do?page=1&num=12 HTTP/1.1" 200 9083
173.239.53.9 - - [02/Dec/2019:16:03:38 +0900] "GET /home/news/news/view.do?page=2&num=2 HTTP/1.1" 200 6977
38.99.62.91 - - [02/Dec/2019:16:04:09 +0900] "GET /home/news/news/view.do?page=2&num=10 HTTP/1.1" 200 6756
173.239.53.9 - - [02/Dec/2019:16:04:15 +0900] "GET /home/news/news/view.do?page=&num=14 HTTP/1.1" 200 6733
38.99.62.91 - - [02/Dec/2019:16:04:49 +0900] "GET /home/news/news/view.do?page=2&num=9 HTTP/1.1" 200 9135
173.239.53.9 - - [02/Dec/2019:16:04:52 +0900] "GET /home/news/news/view.do?page=&num=17 HTTP/1.1" 200 5758
173.239.53.9 - - [02/Dec/2019:16:05:26 +0900] "GET /home/news/news/view.do?page=2&num=1 HTTP/1.1" 200 8973
38.99.62.91 - - [02/Dec/2019:16:05:28 +0900] "GET /home/news/news/view.do?page=2&num=10 HTTP/1.1" 200 6756
173.239.53.9 - - [02/Dec/2019:16:06:01 +0900] "GET /home/news/news/view.do?page=&num=15 HTTP/1.1" 200 9178
38.99.62.91 - - [02/Dec/2019:16:06:08 +0900] "GET /home/news/news/view.do?page=&num=6 HTTP/1.1" 200 9118
173.239.53.9 - - [02/Dec/2019:16:06:37 +0900] "GET /home/news/news/view.do?page=&num=18 HTTP/1.1" 200 9134
38.99.62.91 - - [02/Dec/2019:16:06:47 +0900] "GET /home/news/news/view.do?page=&num=7 HTTP/1.1" 200 5545
173.239.53.9 - - [02/Dec/2019:16:07:13 +0900] "GET /home/news/news/view.do?page=&num=16 HTTP/1.1" 200 5663
173.239.53.9 - - [02/Dec/2019:16:07:48 +0900] "GET /home/news/news/view.do?page=&num=19 HTTP/1.1" 200 6162
173.239.53.9 - - [02/Dec/2019:16:08:24 +0900] "GET /home/news/news/view.do?page=&num=17 HTTP/1.1" 200 5758
125.209.235.176 - - [02/Dec/2019:16:08:58 +0900] "GET /error/kr/error.jsp HTTP/1.1" 500 3570
173.239.53.9 - - [02/Dec/2019:16:09:01 +0900] "GET /home/news/news/view.do?page=&num=18 HTTP/1.1" 200 9134
173.239.53.9 - - [02/Dec/2019:16:09:36 +0900] "GET /home/news/news/view.do?page=&num=19 HTTP/1.1" 200 6162
173.239.53.9 - - [02/Dec/2019:16:10:13 +0900] "GET /home/contact/contact.do HTTP/1.1" 200 5224
173.239.53.9 - - [02/Dec/2019:16:10:13 +0900] "GET /home/en/meetourpartners/all.do HTTP/1.1" 200 95227
173.239.53.9 - - [02/Dec/2019:16:10:13 +0900] "GET /home/en/watwedo/overview.do HTTP/1.1" 200 6156
173.239.53.9 - - [02/Dec/2019:16:10:13 +0900] "GET /index.jsp HTTP/1.1" 302 -
173.239.53.9 - - [02/Dec/2019:16:10:13 +0900] "GET /home/en/whoweare/korea.do HTTP/1.1" 200 31310
173.239.53.9 - - [02/Dec/2019:16:10:13 +0900] "GET /home/en/main/main.do HTTP/1.1" 200 11080
173.239.53.9 - - [02/Dec/2019:16:10:13 +0900] "GET /home/en/watwedo/philosophy.do HTTP/1.1" 200 7112
173.239.53.9 - - [02/Dec/2019:16:10:13 +0900] "GET /home/en/contact/contact.do HTTP/1.1" 200 5187
173.239.53.9 - - [02/Dec/2019:16:10:13 +0900] "GET /home/main/main.do HTTP/1.1" 200 12222
173.239.53.9 - - [02/Dec/2019:16:10:13 +0900] "GET /home/en/about/about.do HTTP/1.1" 200 14811
173.239.53.9 - - [02/Dec/2019:16:10:50 +0900] "GET /home/news/news/list.do HTTP/1.1" 200 7091
173.239.53.9 - - [02/Dec/2019:16:10:50 +0900] "GET /home/watwedo/philosophy.do HTTP/1.1" 200 7162
173.239.53.9 - - [02/Dec/2019:16:10:50 +0900] "GET /error/kr/error.jsp HTTP/1.1" 500 3570
173.239.53.9 - - [02/Dec/2019:16:10:50 +0900] "GET /home/about/about.do HTTP/1.1" 200 14216
173.239.53.9 - - [02/Dec/2019:16:10:50 +0900] "GET /home/news/news/view.do?num=1 HTTP/1.1" 200 8971
173.239.53.9 - - [02/Dec/2019:16:10:50 +0900] "GET /home/watwedo/overview.do HTTP/1.1" 200 6147
173.239.53.9 - - [02/Dec/2019:16:10:50 +0900] "GET /home/meetourpartners/all.do HTTP/1.1" 200 101569
173.239.53.9 - - [02/Dec/2019:16:10:50 +0900] "GET /home/news/news/view.do?num=2 HTTP/1.1" 200 6974
173.239.53.9 - - [02/Dec/2019:16:10:50 +0900] "GET /home/whoweare/korea.do HTTP/1.1" 200 31387
173.239.53.9 - - [02/Dec/2019:16:10:50 +0900] "GET /home/news/news/view.do?num=3 HTTP/1.1" 200 5573
210.206.246.242 - - [02/Dec/2019:16:12:37 +0900] "GET /home/whoweare/korea.do HTTP/1.1" 200 45742
54.149.183.128 - - [02/Dec/2019:16:14:18 +0900] "GET /error/kr/error.jsp HTTP/1.1" 500 3570
111.180.134.116 - - [02/Dec/2019:16:15:50 +0900] "HEAD /index.jsp HTTP/1.1" 302 -
111.180.134.116 - - [02/Dec/2019:16:15:50 +0900] "GET /home/main/main.do HTTP/1.1" 200 12222
111.180.134.116 - - [02/Dec/2019:16:15:51 +0900] "GET /error/kr/error.jsp HTTP/1.1" 500 3570
207.46.13.236 - - [02/Dec/2019:16:17:39 +0900] "GET /error/kr/error.jsp HTTP/1.1" 500 3762
157.55.39.200 - - [02/Dec/2019:16:17:56 +0900] "GET /home/about/about.do HTTP/1.1" 200 15329
52.34.76.65 - - [02/Dec/2019:16:19:30 +0900] "GET /index.jsp HTTP/1.1" 302 -
52.34.76.65 - - [02/Dec/2019:16:19:30 +0900] "GET /home/en/main/main.do HTTP/1.1" 200 11080
193.111.62.163 - - [02/Dec/2019:16:19:54 +0900] "GET /home/news/news/list.do HTTP/1.1" 200 7091
134.19.177.37 - - [02/Dec/2019:16:22:58 +0900] "GET /home/en/main/main.do HTTP/1.1" 200 11080
23.100.232.233 - - [02/Dec/2019:16:28:47 +0900] "GET /home/whoweare/korea.do HTTP/1.1" 200 31387
108.62.69.172 - - [02/Dec/2019:16:37:00 +0900] "GET /index.jsp HTTP/1.1" 302 -
108.62.69.172 - - [02/Dec/2019:16:37:00 +0900] "GET /home/en/main/main.do HTTP/1.1" 200 11080
66.249.64.214 - - [02/Dec/2019:16:40:46 +0900] "GET /error/kr/error.jsp HTTP/1.1" 500 3570
175.223.27.171 - - [02/Dec/2019:16:41:12 +0900] "GET /home/whoweare/korea.do HTTP/1.1" 200 45742
175.223.27.171 - - [02/Dec/2019:16:41:46 +0900] "GET /home/whoweare/china.do HTTP/1.1" 200 11536
138.185.166.254 - - [02/Dec/2019:16:42:21 +0900] "GET /index.jsp HTTP/1.1" 302 -
1.223.232.139 - - [02/Dec/2019:16:45:02 +0900] "GET /home/main/main.do HTTP/1.1" 200 8898
1.223.232.139 - - [02/Dec/2019:16:45:02 +0900] "GET /error/kr/error.jsp HTTP/1.1" 500 3762
3.87.18.119 - - [02/Dec/2019:16:51:00 +0900] "GET /error/kr/error.jsp HTTP/1.1" 500 3570
3.87.18.119 - - [02/Dec/2019:16:51:03 +0900] "GET /error/kr/error.jsp HTTP/1.1" 500 3570
59.6.225.89 - - [02/Dec/2019:16:52:57 +0900] "GET /home/en/meetourpartners/overseas.do HTTP/1.1" 200 32980
222.101.201.130 - - [02/Dec/2019:16:56:02 +0900] "GET /index.jsp HTTP/1.1" 302 -
222.101.201.130 - - [02/Dec/2019:16:56:02 +0900] "GET /home/main/main.do HTTP/1.1" 200 12222
222.101.201.130 - - [02/Dec/2019:16:56:04 +0900] "GET /home/whoweare/korea.do HTTP/1.1" 200 31387
52.38.77.76 - - [02/Dec/2019:17:00:16 +0900] "GET /index.jsp HTTP/1.1" 302 -
34.217.51.242 - - [02/Dec/2019:17:00:16 +0900] "GET /index.jsp HTTP/1.1" 302 -
52.38.77.76 - - [02/Dec/2019:17:00:16 +0900] "GET /home/main/main.do HTTP/1.1" 200 12222
34.217.51.242 - - [02/Dec/2019:17:00:16 +0900] "GET /home/main/main.do HTTP/1.1" 200 12222
121.134.95.232 - - [02/Dec/2019:17:00:18 +0900] "GET /index.jsp HTTP/1.1" 302 -
121.134.95.232 - - [02/Dec/2019:17:00:18 +0900] "GET /home/main/main.do HTTP/1.1" 200 12222
203.227.232.125 - - [02/Dec/2019:17:00:18 +0900] "GET /index.jsp HTTP/1.1" 302 -
203.227.232.125 - - [02/Dec/2019:17:00:18 +0900] "GET /home/main/main.do HTTP/1.1" 200 12222
121.134.95.232 - - [02/Dec/2019:17:00:23 +0900] "GET /home/watwedo/overview.do HTTP/1.1" 200 6147
121.134.95.232 - - [02/Dec/2019:17:00:35 +0900] "GET /home/whoweare/korea.do HTTP/1.1" 200 31387
121.134.95.232 - - [02/Dec/2019:17:01:06 +0900] "GET /home/meetourpartners/all.do HTTP/1.1" 200 101569
121.134.95.232 - - [02/Dec/2019:17:01:51 +0900] "GET /home/contact/contact.do HTTP/1.1" 200 5224
121.167.217.191 - - [02/Dec/2019:17:03:51 +0900] "GET /filter/checker.jsp?campaignID=533&email=kkapybara@naver.com&responseEnd=2018-12-20 HTTP/1.1" 404 3570
113.108.166.2 - - [02/Dec/2019:17:04:57 +0900] "GET /error/kr/error.jsp HTTP/1.1" 500 3570
58.76.107.139 - - [02/Dec/2019:17:11:44 +0900] "GET /index.jsp HTTP/1.1" 302 -
58.76.107.139 - - [02/Dec/2019:17:11:44 +0900] "GET /home/main/main.do HTTP/1.1" 200 12222
207.46.13.237 - - [02/Dec/2019:17:16:21 +0900] "GET /error/kr/error.jsp HTTP/1.1" 500 3570
207.46.13.104 - - [02/Dec/2019:17:16:31 +0900] "GET /error/kr/error.jsp HTTP/1.1" 500 3570
207.46.13.104 - - [02/Dec/2019:17:16:32 +0900] "GET /error/kr/error.jsp HTTP/1.1" 500 3570
58.76.107.139 - - [02/Dec/2019:17:18:57 +0900] "GET /home/main/main.do HTTP/1.1" 200 12222
58.76.107.139 - - [02/Dec/2019:17:18:59 +0900] "GET /home/whoweare/korea.do HTTP/1.1" 200 31387
58.76.107.139 - - [02/Dec/2019:17:19:53 +0900] "GET /home/contact/contact.do HTTP/1.1" 200 5224
58.76.107.139 - - [02/Dec/2019:17:19:53 +0900] "GET /home/news/news/list.do HTTP/1.1" 200 7091
58.76.107.139 - - [02/Dec/2019:17:19:56 +0900] "GET /home/news/news/list.do HTTP/1.1" 200 7091
58.76.107.139 - - [02/Dec/2019:17:19:56 +0900] "GET /home/meetourpartners/all.do HTTP/1.1" 200 101569
58.76.107.139 - - [02/Dec/2019:17:20:11 +0900] "GET /home/meetourpartners/domestic.do HTTP/1.1" 200 73451
58.76.107.139 - - [02/Dec/2019:17:20:13 +0900] "GET /home/meetourpartners/overseas.do HTTP/1.1" 200 32620
58.76.107.139 - - [02/Dec/2019:17:20:35 +0900] "GET /home/contact/contact.do HTTP/1.1" 200 5224
58.76.107.139 - - [02/Dec/2019:17:20:45 +0900] "GET /home/meetourpartners/all.do HTTP/1.1" 200 101569
58.76.107.139 - - [02/Dec/2019:17:20:47 +0900] "GET /home/meetourpartners/domestic.do HTTP/1.1" 200 73451
193.111.62.163 - - [02/Dec/2019:17:21:17 +0900] "GET /home/news/news/list.do HTTP/1.1" 200 7091
195.22.121.10 - - [02/Dec/2019:17:23:16 +0900] "GET /index.jsp HTTP/1.1" 302 -
195.22.121.10 - - [02/Dec/2019:17:23:16 +0900] "GET /home/en/main/main.do HTTP/1.1" 200 11080
66.249.93.31 - - [02/Dec/2019:17:23:58 +0900] "GET /index.jsp HTTP/1.1" 302 -
66.249.93.30 - - [02/Dec/2019:17:23:59 +0900] "GET /home/main/main.do HTTP/1.1" 200 12222
58.76.107.139 - - [02/Dec/2019:17:25:08 +0900] "GET /home/contact/contact.do HTTP/1.1" 200 5224
58.76.107.139 - - [02/Dec/2019:17:25:11 +0900] "GET /home/news/news/list.do HTTP/1.1" 200 7091
58.76.107.139 - - [02/Dec/2019:17:25:15 +0900] "GET /home/meetourpartners/all.do HTTP/1.1" 200 101569
58.76.107.139 - - [02/Dec/2019:17:25:18 +0900] "GET /home/whoweare/korea.do HTTP/1.1" 200 31387
58.76.107.139 - - [02/Dec/2019:17:25:29 +0900] "GET /home/meetourpartners/all.do HTTP/1.1" 200 101569
58.76.107.139 - - [02/Dec/2019:17:25:31 +0900] "GET /home/whoweare/korea.do HTTP/1.1" 200 31387
58.76.107.139 - - [02/Dec/2019:17:25:32 +0900] "GET /home/watwedo/overview.do HTTP/1.1" 200 6147
58.76.107.139 - - [02/Dec/2019:17:25:36 +0900] "GET /home/meetourpartners/all.do HTTP/1.1" 200 101569
58.76.107.139 - - [02/Dec/2019:17:25:40 +0900] "GET /home/meetourpartners/domestic.do HTTP/1.1" 200 73451
113.198.180.211 - - [02/Dec/2019:17:27:10 +0900] "GET /home/main/main.do HTTP/1.1" 200 12222
121.167.230.242 - - [02/Dec/2019:17:29:55 +0900] "GET /error/kr/error.jsp HTTP/1.1" 500 3570
121.167.230.242 - - [02/Dec/2019:17:29:55 +0900] "GET /error/kr/error.jsp HTTP/1.1" 500 3570
106.251.239.202 - - [02/Dec/2019:17:32:02 +0900] "GET /index.jsp HTTP/1.1" 302 -
106.251.239.202 - - [02/Dec/2019:17:32:02 +0900] "GET /home/main/main.do HTTP/1.1" 200 12222
106.251.239.202 - - [02/Dec/2019:17:32:03 +0900] "GET /home/main/main.do HTTP/1.1" 200 12222
221.235.233.70 - - [02/Dec/2019:17:33:06 +0900] "GET /error/kr/error.jsp HTTP/1.1" 500 3570
221.235.233.70 - - [02/Dec/2019:17:33:06 +0900] "GET /error/kr/error.jsp HTTP/1.1" 500 3570
207.46.13.104 - - [02/Dec/2019:17:40:29 +0900] "GET /error/kr/error.jsp HTTP/1.1" 500 3570
207.46.13.104 - - [02/Dec/2019:17:40:29 +0900] "GET /error/kr/error.jsp HTTP/1.1" 500 3570
125.209.235.173 - - [02/Dec/2019:17:56:15 +0900] "GET /error/kr/error.jsp HTTP/1.1" 500 3570
125.209.235.176 - - [02/Dec/2019:17:56:17 +0900] "GET /error/kr/error.jsp HTTP/1.1" 500 3570
185.130.44.102 - - [02/Dec/2019:17:59:57 +0900] "HEAD /index.jsp HTTP/1.1" 302 -
185.220.101.12 - - [02/Dec/2019:18:00:00 +0900] "GET /index.jsp HTTP/1.1" 302 -
185.220.101.12 - - [02/Dec/2019:18:00:01 +0900] "GET /home/main/main.do HTTP/1.1" 200 12222
39.7.28.136 - - [02/Dec/2019:18:00:15 +0900] "GET /index.jsp HTTP/1.1" 302 -
39.7.28.136 - - [02/Dec/2019:18:00:15 +0900] "GET /home/main/main.do HTTP/1.1" 302 -
39.7.28.136 - - [02/Dec/2019:18:00:15 +0900] "GET /home/main/main.do HTTP/1.1" 200 8898
39.7.28.136 - - [02/Dec/2019:18:00:16 +0900] "GET /error/kr/error.jsp HTTP/1.1" 500 3762
39.7.28.136 - - [02/Dec/2019:18:00:18 +0900] "GET /home/watwedo/overview.do HTTP/1.1" 200 7044
39.7.28.136 - - [02/Dec/2019:18:00:23 +0900] "GET /home/watwedo/history.do HTTP/1.1" 200 8921
39.7.28.136 - - [02/Dec/2019:18:00:28 +0900] "GET /home/contact/contact.do HTTP/1.1" 200 7487
39.7.28.136 - - [02/Dec/2019:18:00:31 +0900] "GET /error/kr/error.jsp HTTP/1.1" 500 3762
103.5.135.109 - - [02/Dec/2019:18:00:39 +0900] "GET /index.jsp HTTP/1.1" 302 -
103.5.135.109 - - [02/Dec/2019:18:00:39 +0900] "GET /home/en/main/main.do HTTP/1.1" 200 11080
173.249.51.194 - - [02/Dec/2019:18:01:44 +0900] "GET /index.jsp HTTP/1.0" 302 -
103.5.135.109 - - [02/Dec/2019:18:03:19 +0900] "GET /home/en/watwedo/overview.do HTTP/1.1" 200 6156
106.51.74.172 - - [02/Dec/2019:18:03:25 +0900] "GET /home/en/whoweare/korea.do HTTP/1.1" 200 31310
103.5.135.109 - - [02/Dec/2019:18:03:29 +0900] "GET /home/en/meetourpartners/all.do HTTP/1.1" 200 95227
103.5.135.109 - - [02/Dec/2019:18:03:38 +0900] "GET /home/en/meetourpartners/domestic.do HTTP/1.1" 200 69240
103.5.135.109 - - [02/Dec/2019:18:03:40 +0900] "GET /home/en/meetourpartners/overseas.do HTTP/1.1" 200 31428
103.5.135.109 - - [02/Dec/2019:18:03:47 +0900] "GET /home/en/about/about.do HTTP/1.1" 200 14811
106.51.74.172 - - [02/Dec/2019:18:05:00 +0900] "GET /home/en/watwedo/overview.do HTTP/1.1" 200 6156
103.5.135.109 - - [02/Dec/2019:18:05:14 +0900] "GET /home/en/meetourpartners/all.do HTTP/1.1" 200 95227
34.229.157.237 - - [02/Dec/2019:18:07:04 +0900] "GET /index.jsp HTTP/1.1" 302 -
34.229.157.237 - - [02/Dec/2019:18:07:04 +0900] "GET /home/en/main/main.do HTTP/1.1" 200 11080
34.229.157.237 - - [02/Dec/2019:18:07:05 +0900] "GET /error/kr/error.jsp HTTP/1.1" 500 3570
220.181.108.158 - - [02/Dec/2019:18:08:25 +0900] "GET /index.jsp HTTP/1.1" 302 -
220.181.108.178 - - [02/Dec/2019:18:08:25 +0900] "GET /home/en/main/main.do HTTP/1.1" 200 11080
211.56.145.140 - - [02/Dec/2019:18:15:38 +0900] "GET /index.jsp HTTP/1.1" 302 -
211.56.145.140 - - [02/Dec/2019:18:15:38 +0900] "GET /home/main/main.do HTTP/1.1" 302 -
211.56.145.140 - - [02/Dec/2019:18:15:38 +0900] "GET /home/main/main.do HTTP/1.1" 200 8898
211.56.145.140 - - [02/Dec/2019:18:19:03 +0900] "GET /index.jsp HTTP/1.1" 302 -
211.56.145.140 - - [02/Dec/2019:18:19:03 +0900] "GET /home/main/main.do HTTP/1.1" 302 -
211.56.145.140 - - [02/Dec/2019:18:19:03 +0900] "GET /home/main/main.do HTTP/1.1" 200 8898
193.111.62.163 - - [02/Dec/2019:18:22:47 +0900] "GET /home/news/news/list.do HTTP/1.1" 200 7091
211.56.145.140 - - [02/Dec/2019:18:23:01 +0900] "GET /index.jsp HTTP/1.1" 302 -
211.56.145.140 - - [02/Dec/2019:18:23:01 +0900] "GET /home/main/main.do HTTP/1.1" 302 -
211.56.145.140 - - [02/Dec/2019:18:23:06 +0900] "GET /home/main/main.do HTTP/1.1" 200 8898
222.231.30.115 - - [02/Dec/2019:18:23:21 +0900] "GET /index.jsp HTTP/1.1" 302 -
222.231.30.115 - - [02/Dec/2019:18:23:21 +0900] "GET /home/main/main.do HTTP/1.1" 200 12222
222.231.30.115 - - [02/Dec/2019:18:23:23 +0900] "GET /home/main/main.do HTTP/1.1" 200 12222
222.231.30.115 - - [02/Dec/2019:18:23:23 +0900] "GET /home/main/main.do HTTP/1.1" 200 12222
45.33.66.85 - - [02/Dec/2019:18:26:57 +0900] "GET /error/kr/error.jsp HTTP/1.1" 500 3570
66.249.64.92 - - [02/Dec/2019:18:30:05 +0900] "GET /error/kr/error.jsp HTTP/1.1" 500 3762
207.46.13.104 - - [02/Dec/2019:18:30:17 +0900] "GET /error/kr/error.jsp HTTP/1.1" 500 3570
40.77.167.221 - - [02/Dec/2019:18:30:20 +0900] "GET /error/kr/error.jsp HTTP/1.1" 500 3570
221.0.34.220 - - [02/Dec/2019:18:31:44 +0900] "GET /error/kr/error.jsp HTTP/1.1" 500 3570
34.199.176.251 - - [02/Dec/2019:18:49:47 +0900] "GET /home/news/news/list.do HTTP/1.1" 200 7091
34.199.176.251 - - [02/Dec/2019:18:50:08 +0900] "GET /home/news/news/list.do HTTP/1.1" 200 7091
17.58.96.164 - - [02/Dec/2019:18:58:47 +0900] "GET /error/kr/error.jsp HTTP/1.1" 500 3570
17.58.96.118 - - [02/Dec/2019:18:58:47 +0900] "GET /error/kr/error.jsp HTTP/1.1" 500 3570
103.5.135.109 - - [02/Dec/2019:19:05:44 +0900] "GET /index.jsp HTTP/1.1" 302 -
103.5.135.109 - - [02/Dec/2019:19:05:45 +0900] "GET /home/en/main/main.do HTTP/1.1" 200 11080
106.51.74.172 - - [02/Dec/2019:19:06:08 +0900] "GET /index.jsp HTTP/1.1" 302 -
106.51.74.172 - - [02/Dec/2019:19:06:09 +0900] "GET /home/en/main/main.do HTTP/1.1" 200 11080
207.46.13.237 - - [02/Dec/2019:19:06:55 +0900] "GET /error/kr/error.jsp HTTP/1.1" 500 3570
157.55.39.200 - - [02/Dec/2019:19:07:00 +0900] "GET /error/kr/error.jsp HTTP/1.1" 500 3570
103.5.135.109 - - [02/Dec/2019:19:07:49 +0900] "GET /index.jsp HTTP/1.1" 302 -
103.5.135.109 - - [02/Dec/2019:19:07:50 +0900] "GET /home/en/main/main.do HTTP/1.1" 200 11080
106.51.74.172 - - [02/Dec/2019:19:08:01 +0900] "GET /home/en/about/about.do HTTP/1.1" 200 14811
103.5.135.109 - - [02/Dec/2019:19:12:24 +0900] "GET /home/en/contact/contact.do HTTP/1.1" 200 5187
193.111.62.163 - - [02/Dec/2019:19:22:59 +0900] "GET /home/news/news/list.do HTTP/1.1" 200 7091
121.254.147.237 - - [02/Dec/2019:19:25:10 +0900] "GET /index.jsp HTTP/1.1" 302 -
121.254.147.237 - - [02/Dec/2019:19:25:10 +0900] "GET /home/en/main/main.do HTTP/1.1" 200 11080
175.10.24.166 - - [02/Dec/2019:19:27:36 +0900] "GET /error/kr/error.jsp HTTP/1.1" 500 3570
59.15.78.165 - - [02/Dec/2019:19:27:48 +0900] "GET /home/meetourpartners/domestic.do HTTP/1.1" 200 73451
210.222.65.83 - - [02/Dec/2019:19:30:01 +0900] "GET /index.jsp HTTP/1.1" 302 -
210.222.65.83 - - [02/Dec/2019:19:30:01 +0900] "GET /home/main/main.do HTTP/1.1" 200 12222
222.122.190.80 - - [02/Dec/2019:19:41:43 +0900] "GET /index.jsp HTTP/1.1" 302 -
222.122.190.80 - - [02/Dec/2019:19:41:43 +0900] "GET /home/main/main.do HTTP/1.1" 200 12222
222.122.190.80 - - [02/Dec/2019:19:41:43 +0900] "GET /index.jsp HTTP/1.1" 302 -
222.122.190.80 - - [02/Dec/2019:19:41:43 +0900] "GET /home/main/main.do HTTP/1.1" 200 12222
222.122.190.80 - - [02/Dec/2019:19:41:43 +0900] "GET /error/kr/error.jsp HTTP/1.1" 500 3570
119.207.72.68 - - [02/Dec/2019:19:53:31 +0900] "GET /home/whoweare/korea.do HTTP/1.1" 200 31387
119.207.72.113 - - [02/Dec/2019:19:53:31 +0900] "GET /home/watwedo/overview.do HTTP/1.1" 200 6147
125.209.235.173 - - [02/Dec/2019:19:56:17 +0900] "GET /error/kr/error.jsp HTTP/1.1" 500 3570
223.62.202.207 - - [02/Dec/2019:20:01:50 +0900] "GET /home/whoweare/korea.do HTTP/1.1" 200 45742
42.236.10.91 - - [02/Dec/2019:20:14:02 +0900] "GET /index.jsp HTTP/1.1" 302 -
42.236.10.91 - - [02/Dec/2019:20:14:03 +0900] "GET /home/en/main/main.do HTTP/1.1" 200 11080
167.172.243.203 - - [02/Dec/2019:20:17:01 +0900] "GET /error/kr/error.jsp HTTP/1.0" 500 3570
211.56.145.140 - - [02/Dec/2019:20:17:01 +0900] "GET /index.jsp HTTP/1.1" 302 -
211.56.145.140 - - [02/Dec/2019:20:17:01 +0900] "GET /home/main/main.do HTTP/1.1" 302 -
211.56.145.140 - - [02/Dec/2019:20:17:01 +0900] "GET /home/main/main.do HTTP/1.1" 200 8898
193.111.62.163 - - [02/Dec/2019:20:19:34 +0900] "GET /home/news/news/list.do HTTP/1.1" 200 7091
115.195.36.38 - - [02/Dec/2019:20:22:28 +0900] "GET /error/kr/error.jsp HTTP/1.1" 500 3570
111.230.25.193 - - [02/Dec/2019:20:24:08 +0900] "GET /error/kr/error.jsp HTTP/1.1" 500 3570
157.55.39.155 - - [02/Dec/2019:20:34:02 +0900] "GET /error/kr/error.jsp HTTP/1.1" 500 3570
183.150.216.39 - - [02/Dec/2019:20:51:00 +0900] "GET /index.jsp?author=1 HTTP/1.1" 302 -
183.150.216.39 - - [02/Dec/2019:20:51:00 +0900] "GET /error/kr/error.jsp HTTP/1.1" 500 3570
183.150.216.39 - - [02/Dec/2019:20:51:10 +0900] "GET /error/kr/error.jsp HTTP/1.1" 500 3570
183.150.216.39 - - [02/Dec/2019:20:51:10 +0900] "GET /error/kr/error.jsp HTTP/1.1" 500 3570
157.55.39.200 - - [02/Dec/2019:20:55:14 +0900] "GET /error/kr/error.jsp HTTP/1.1" 500 3570
18.234.232.87 - - [02/Dec/2019:21:03:27 +0900] "GET /home/main/main.do HTTP/1.1" 200 12222
207.46.13.42 - - [02/Dec/2019:21:03:28 +0900] "GET /error/kr/error.jsp HTTP/1.1" 500 3570
123.125.71.49 - - [02/Dec/2019:21:08:25 +0900] "GET /index.jsp HTTP/1.1" 302 -
123.125.71.34 - - [02/Dec/2019:21:08:25 +0900] "GET /home/en/main/main.do HTTP/1.1" 302 -
123.125.71.43 - - [02/Dec/2019:21:08:25 +0900] "GET /home/en/main/main.do HTTP/1.1" 200 8279
220.181.51.93 - - [02/Dec/2019:21:08:26 +0900] "GET /error/kr/error.jsp HTTP/1.1" 500 3762
111.206.221.107 - - [02/Dec/2019:21:08:26 +0900] "GET /error/kr/error.jsp HTTP/1.1" 500 3762
111.206.221.34 - - [02/Dec/2019:21:08:27 +0900] "GET /error/kr/error.jsp HTTP/1.1" 500 3762
67.192.51.30 - - [02/Dec/2019:21:11:48 +0900] "GET /index.jsp HTTP/1.1" 302 -
67.192.51.30 - - [02/Dec/2019:21:11:49 +0900] "GET /home/en/main/main.do HTTP/1.1" 200 11080
157.55.39.200 - - [02/Dec/2019:21:13:32 +0900] "GET /error/kr/error.jsp HTTP/1.1" 500 3570
66.249.64.214 - - [02/Dec/2019:21:20:17 +0900] "GET /error/kr/error.jsp HTTP/1.1" 500 3570
193.111.62.163 - - [02/Dec/2019:21:21:20 +0900] "GET /home/news/news/list.do HTTP/1.1" 200 7091
157.55.39.200 - - [02/Dec/2019:21:27:28 +0900] "GET /error/kr/error.jsp HTTP/1.1" 500 3570
157.55.39.226 - - [02/Dec/2019:21:38:17 +0900] "GET /error/kr/error.jsp HTTP/1.1" 500 3570
198.20.103.242 - - [02/Dec/2019:21:47:43 +0900] "GET /index.jsp HTTP/1.1" 302 -
198.20.103.242 - - [02/Dec/2019:21:47:43 +0900] "GET /home/main/main.do HTTP/1.1" 200 12222
125.209.235.172 - - [02/Dec/2019:21:56:17 +0900] "GET /error/kr/error.jsp HTTP/1.1" 500 3570
58.55.153.255 - - [02/Dec/2019:22:06:46 +0900] "GET /error/kr/error.jsp HTTP/1.1" 500 3570
157.55.39.226 - - [02/Dec/2019:22:09:48 +0900] "GET /error/kr/error.jsp HTTP/1.1" 500 3570
207.46.13.237 - - [02/Dec/2019:22:09:48 +0900] "GET /error/kr/error.jsp HTTP/1.1" 500 3570
5.188.210.101 - - [02/Dec/2019:22:15:47 +0900] "GET /error/kr/error.jsp HTTP/1.1" 500 3570
193.111.62.163 - - [02/Dec/2019:22:21:43 +0900] "GET /home/news/news/list.do HTTP/1.1" 200 7091
17.58.96.118 - - [02/Dec/2019:22:37:45 +0900] "GET /error/kr/error.jsp HTTP/1.1" 500 3570
