194.209.25.131 - - [07/Nov/2019:20:06:49 +0900] "GET /home/watwedo/overview.do HTTP/1.1" 200 6147
194.209.25.131 - - [07/Nov/2019:20:06:49 +0900] "GET /home/contact/contact.do HTTP/1.1" 200 5224
194.209.25.131 - - [07/Nov/2019:20:06:50 +0900] "GET /home/news/news/list.do HTTP/1.1" 200 7091
194.209.25.131 - - [07/Nov/2019:20:06:50 +0900] "GET /home/news/news/view.do?num=2&page= HTTP/1.1" 200 6974
194.209.25.131 - - [07/Nov/2019:20:06:51 +0900] "GET /home/news/news/list.do?page HTTP/1.1" 200 7091
194.209.25.131 - - [07/Nov/2019:20:06:51 +0900] "GET /home/news/news/view.do?num=3&page= HTTP/1.1" 200 5573
194.209.25.131 - - [07/Nov/2019:20:06:52 +0900] "GET /home/watwedo/overview.do HTTP/1.1" 200 6147
194.209.25.131 - - [07/Nov/2019:20:06:52 +0900] "GET /home/contact/contact.do HTTP/1.1" 200 5224
194.209.25.131 - - [07/Nov/2019:20:06:52 +0900] "GET /home/news/news/list.do HTTP/1.1" 200 7091
194.209.25.131 - - [07/Nov/2019:20:06:53 +0900] "GET /home/news/news/view.do?num=2&page= HTTP/1.1" 200 6974
194.209.25.131 - - [07/Nov/2019:20:06:53 +0900] "GET /home/news/news/list.do?page HTTP/1.1" 200 7091
194.209.25.131 - - [07/Nov/2019:20:06:54 +0900] "GET /home/news/news/view.do?num=3&page= HTTP/1.1" 200 5573
194.209.25.131 - - [07/Nov/2019:20:06:54 +0900] "GET /home/watwedo/overview.do HTTP/1.1" 200 6147
194.209.25.131 - - [07/Nov/2019:20:06:54 +0900] "GET /home/contact/contact.do HTTP/1.1" 200 5224
194.209.25.131 - - [07/Nov/2019:20:06:55 +0900] "GET /home/news/news/list.do HTTP/1.1" 200 7091
194.209.25.131 - - [07/Nov/2019:20:06:57 +0900] "GET /home/news/news/view.do?num=2&page= HTTP/1.1" 200 6974
194.209.25.131 - - [07/Nov/2019:20:06:57 +0900] "GET /home/news/news/list.do?page HTTP/1.1" 200 7091
194.209.25.131 - - [07/Nov/2019:20:06:57 +0900] "GET /home/news/news/view.do?num=3&page= HTTP/1.1" 200 5573
194.209.25.131 - - [07/Nov/2019:20:06:58 +0900] "GET /home/watwedo/overview.do HTTP/1.1" 200 6147
194.209.25.131 - - [07/Nov/2019:20:06:59 +0900] "GET /home/contact/contact.do HTTP/1.1" 200 5224
194.209.25.131 - - [07/Nov/2019:20:07:00 +0900] "GET /home/news/news/list.do HTTP/1.1" 200 7091
194.209.25.131 - - [07/Nov/2019:20:07:00 +0900] "GET /home/news/news/view.do?num=2&page= HTTP/1.1" 200 6974
194.209.25.131 - - [07/Nov/2019:20:07:02 +0900] "GET /home/news/news/list.do?page HTTP/1.1" 200 7091
194.209.25.131 - - [07/Nov/2019:20:07:03 +0900] "GET /home/news/news/view.do?num=3&page= HTTP/1.1" 200 5573
194.209.25.131 - - [07/Nov/2019:20:07:03 +0900] "GET /home/watwedo/overview.do HTTP/1.1" 200 6147
194.209.25.131 - - [07/Nov/2019:20:07:05 +0900] "GET /home/contact/contact.do HTTP/1.1" 200 5224
194.209.25.131 - - [07/Nov/2019:20:07:05 +0900] "GET /home/news/news/list.do HTTP/1.1" 200 7091
194.209.25.131 - - [07/Nov/2019:20:07:06 +0900] "GET /home/news/news/view.do?num=2&page= HTTP/1.1" 200 6974
194.209.25.131 - - [07/Nov/2019:20:07:06 +0900] "GET /home/news/news/list.do?page HTTP/1.1" 200 7091
194.209.25.131 - - [07/Nov/2019:20:07:07 +0900] "GET /home/news/news/view.do?num=3&page= HTTP/1.1" 200 5573
194.209.25.131 - - [07/Nov/2019:20:07:07 +0900] "GET /home/watwedo/overview.do HTTP/1.1" 200 6147
194.209.25.131 - - [07/Nov/2019:20:07:07 +0900] "GET /home/contact/contact.do HTTP/1.1" 200 5224
194.209.25.131 - - [07/Nov/2019:20:07:08 +0900] "GET /home/news/news/list.do HTTP/1.1" 200 7091
194.209.25.131 - - [07/Nov/2019:20:07:08 +0900] "GET /home/news/news/view.do?num=2&page= HTTP/1.1" 200 6974
194.209.25.131 - - [07/Nov/2019:20:07:08 +0900] "GET /home/news/news/list.do?page HTTP/1.1" 200 7091
194.209.25.131 - - [07/Nov/2019:20:07:09 +0900] "GET /home/news/news/view.do?num=3&page= HTTP/1.1" 200 5573
194.209.25.131 - - [07/Nov/2019:20:07:09 +0900] "GET /home/watwedo/overview.do HTTP/1.1" 200 6147
194.209.25.131 - - [07/Nov/2019:20:07:09 +0900] "GET /home/contact/contact.do HTTP/1.1" 200 5224
194.209.25.131 - - [07/Nov/2019:20:07:10 +0900] "GET /home/news/news/list.do HTTP/1.1" 200 7091
194.209.25.131 - - [07/Nov/2019:20:07:12 +0900] "GET /home/news/news/view.do?num=2&page= HTTP/1.1" 200 6974
194.209.25.131 - - [07/Nov/2019:20:07:13 +0900] "GET /home/news/news/list.do?page HTTP/1.1" 200 7091
194.209.25.131 - - [07/Nov/2019:20:07:13 +0900] "GET /home/news/news/view.do?num=3&page= HTTP/1.1" 200 5573
194.209.25.131 - - [07/Nov/2019:20:07:14 +0900] "GET /home/watwedo/overview.do HTTP/1.1" 200 6147
194.209.25.131 - - [07/Nov/2019:20:07:14 +0900] "GET /home/contact/contact.do HTTP/1.1" 200 5224
194.209.25.131 - - [07/Nov/2019:20:07:14 +0900] "GET /home/news/news/list.do HTTP/1.1" 200 7091
194.209.25.131 - - [07/Nov/2019:20:07:15 +0900] "GET /home/news/news/view.do?num=2&page= HTTP/1.1" 200 6974
194.209.25.131 - - [07/Nov/2019:20:07:15 +0900] "GET /home/news/news/list.do?page HTTP/1.1" 200 7091
194.209.25.131 - - [07/Nov/2019:20:07:15 +0900] "GET /home/news/news/view.do?num=3&page= HTTP/1.1" 200 5573
194.209.25.131 - - [07/Nov/2019:20:07:18 +0900] "GET /home/watwedo/overview.do HTTP/1.1" 200 6147
34.74.210.159 - - [07/Nov/2019:20:07:45 +0900] "GET /index.jsp HTTP/1.1" 302 -
34.74.210.159 - - [07/Nov/2019:20:07:45 +0900] "GET /home/main/main.do HTTP/1.1" 200 12222
193.111.62.163 - - [07/Nov/2019:20:19:05 +0900] "GET /home/news/news/list.do HTTP/1.1" 200 7091
157.55.39.186 - - [07/Nov/2019:20:21:44 +0900] "GET /error/kr/error.jsp HTTP/1.1" 500 3570
223.62.22.27 - - [07/Nov/2019:20:25:36 +0900] "GET /index.jsp HTTP/1.1" 302 -
223.62.22.27 - - [07/Nov/2019:20:25:36 +0900] "GET /home/main/main.do HTTP/1.1" 302 -
223.62.22.27 - - [07/Nov/2019:20:25:36 +0900] "GET /home/main/main.do HTTP/1.1" 200 8898
223.62.22.27 - - [07/Nov/2019:20:25:36 +0900] "GET /error/kr/error.jsp HTTP/1.1" 500 3762
223.62.22.27 - - [07/Nov/2019:20:25:39 +0900] "GET /home/whoweare/korea.do HTTP/1.1" 200 43565
173.212.229.216 - - [07/Nov/2019:20:27:44 +0900] "GET /index.jsp HTTP/1.0" 302 -
66.249.75.220 - - [07/Nov/2019:20:28:12 +0900] "GET /error/kr/error.jsp HTTP/1.1" 500 3762
66.249.75.60 - - [07/Nov/2019:20:38:12 +0900] "GET /error/kr/error.jsp HTTP/1.1" 500 3570
80.241.220.101 - - [07/Nov/2019:20:41:32 +0900] "GET /index.jsp HTTP/1.0" 302 -
66.249.75.218 - - [07/Nov/2019:20:48:11 +0900] "GET /error/kr/error.jsp HTTP/1.1" 500 3762
124.53.211.3 - - [07/Nov/2019:20:51:08 +0900] "GET /index.jsp HTTP/1.1" 302 -
124.53.211.3 - - [07/Nov/2019:20:51:08 +0900] "GET /home/main/main.do HTTP/1.1" 200 12222
207.180.208.189 - - [07/Nov/2019:20:53:24 +0900] "GET /index.jsp HTTP/1.0" 302 -
207.46.13.42 - - [07/Nov/2019:20:56:28 +0900] "GET /index.jsp HTTP/1.1" 302 -
207.46.13.42 - - [07/Nov/2019:20:56:30 +0900] "GET /home/main/main.do HTTP/1.1" 200 12222
125.132.79.71 - - [07/Nov/2019:20:57:24 +0900] "GET /index.jsp HTTP/1.1" 302 -
125.132.79.71 - - [07/Nov/2019:20:57:24 +0900] "GET /home/main/main.do HTTP/1.1" 200 12222
66.249.75.218 - - [07/Nov/2019:20:58:25 +0900] "GET /error/kr/error.jsp HTTP/1.1" 500 3762
211.56.145.140 - - [07/Nov/2019:21:00:22 +0900] "GET /error/kr/error.jsp HTTP/1.1" 500 3570
207.46.13.42 - - [07/Nov/2019:21:04:40 +0900] "GET /error/kr/error.jsp HTTP/1.1" 500 3570
66.249.75.182 - - [07/Nov/2019:21:08:14 +0900] "GET /error/kr/error.jsp HTTP/1.1" 500 3570
67.227.98.223 - - [07/Nov/2019:21:11:41 +0900] "GET /index.jsp HTTP/1.1" 302 -
67.227.98.223 - - [07/Nov/2019:21:11:42 +0900] "GET /home/main/main.do HTTP/1.1" 200 12222
220.181.124.77 - - [07/Nov/2019:21:12:16 +0900] "GET /error/kr/error.jsp HTTP/1.1" 500 3570
66.249.75.222 - - [07/Nov/2019:21:18:22 +0900] "GET /error/kr/error.jsp HTTP/1.1" 500 3762
193.111.62.163 - - [07/Nov/2019:21:21:24 +0900] "GET /home/news/news/list.do HTTP/1.1" 200 7091
177.188.200.29 - - [07/Nov/2019:21:22:09 +0900] "GET /index.jsp HTTP/1.1" 302 -
54.37.198.243 - - [07/Nov/2019:21:23:17 +0900] "GET /error/kr/error.jsp HTTP/1.1" 500 3570
38.99.62.91 - - [07/Nov/2019:21:24:24 +0900] "GET /home/news/news/view.do?page=2&num=2 HTTP/1.1" 200 6977
38.99.62.91 - - [07/Nov/2019:21:25:04 +0900] "GET /home/news/news/view.do?page=2&num=3 HTTP/1.1" 200 5576
40.77.167.149 - - [07/Nov/2019:21:25:39 +0900] "GET /error/kr/error.jsp HTTP/1.1" 500 3570
38.99.62.91 - - [07/Nov/2019:21:25:44 +0900] "GET /home/news/news/view.do?page=2&num=2 HTTP/1.1" 200 6977
69.39.239.21 - - [07/Nov/2019:21:25:58 +0900] "GET /error/kr/error.jsp HTTP/1.1" 500 3570
38.99.62.91 - - [07/Nov/2019:21:26:23 +0900] "GET /home/news/news/view.do?page=2&num=1 HTTP/1.1" 200 8973
38.99.62.91 - - [07/Nov/2019:21:26:49 +0900] "GET /home/news/news/view.do?page=2&num=2 HTTP/1.1" 200 6977
38.99.62.91 - - [07/Nov/2019:21:27:28 +0900] "GET /home/news/news/view.do?page=2&num=1 HTTP/1.1" 200 8973
66.249.75.180 - - [07/Nov/2019:21:28:08 +0900] "GET /error/kr/error.jsp HTTP/1.1" 500 3570
38.99.62.91 - - [07/Nov/2019:21:28:19 +0900] "GET /home/news/news/view.do?page=2&num=7 HTTP/1.1" 200 5548
38.99.62.91 - - [07/Nov/2019:21:28:44 +0900] "GET /home/news/news/view.do?page=2&num=8 HTTP/1.1" 200 9169
42.123.77.121 - - [07/Nov/2019:21:29:07 +0900] "GET /error/kr/error.jsp HTTP/1.1" 500 3570
38.99.62.91 - - [07/Nov/2019:21:29:10 +0900] "GET /home/news/news/view.do?page=&num=8 HTTP/1.1" 200 9166
38.99.62.91 - - [07/Nov/2019:21:29:49 +0900] "GET /home/news/news/view.do?page=&num=9 HTTP/1.1" 200 9132
38.99.62.91 - - [07/Nov/2019:21:30:15 +0900] "GET /home/news/news/view.do?page=&num=8 HTTP/1.1" 200 9166
38.99.62.91 - - [07/Nov/2019:21:30:55 +0900] "GET /home/en/meetourpartners/domestic.do HTTP/1.1" 200 69240
38.99.62.91 - - [07/Nov/2019:21:31:35 +0900] "GET /home/news/news/view.do?page=&num=9 HTTP/1.1" 200 9132
45.33.66.85 - - [07/Nov/2019:21:31:48 +0900] "GET /error/kr/error.jsp HTTP/1.1" 500 3570
38.99.62.91 - - [07/Nov/2019:21:32:15 +0900] "GET /home/news/news/view.do?page=&num=10 HTTP/1.1" 200 6753
38.99.62.91 - - [07/Nov/2019:21:32:40 +0900] "GET /home/news/news/view.do?page=&num=9 HTTP/1.1" 200 9132
38.99.62.91 - - [07/Nov/2019:21:33:20 +0900] "GET /home/news/news/view.do?page=&num=10 HTTP/1.1" 200 6753
38.99.62.91 - - [07/Nov/2019:21:33:45 +0900] "GET /home/news/news/view.do?page=&num=11 HTTP/1.1" 200 5545
38.99.62.91 - - [07/Nov/2019:21:34:11 +0900] "GET /home/news/news/view.do?page=&num=10 HTTP/1.1" 200 6753
38.99.62.91 - - [07/Nov/2019:21:34:51 +0900] "GET /home/news/news/view.do?page=&num=11 HTTP/1.1" 200 5545
38.99.62.91 - - [07/Nov/2019:21:35:16 +0900] "GET /home/news/news/view.do?page=&num=12 HTTP/1.1" 200 9080
38.99.62.91 - - [07/Nov/2019:21:36:21 +0900] "GET /home/news/news/view.do?page=&num=13 HTTP/1.1" 200 9156
38.99.62.91 - - [07/Nov/2019:21:37:40 +0900] "GET /home/news/news/view.do?page=&num=14 HTTP/1.1" 200 6733
38.99.62.91 - - [07/Nov/2019:21:38:20 +0900] "GET /home/news/news/view.do?page=&num=13 HTTP/1.1" 200 9156
38.99.62.91 - - [07/Nov/2019:21:38:59 +0900] "GET /home/news/news/view.do?page=&num=14 HTTP/1.1" 200 6733
38.99.62.91 - - [07/Nov/2019:21:39:39 +0900] "GET /home/news/news/view.do?page=&num=15 HTTP/1.1" 200 9178
38.99.62.91 - - [07/Nov/2019:21:40:58 +0900] "GET /home/news/news/view.do?page=&num=16 HTTP/1.1" 200 5663
38.99.62.91 - - [07/Nov/2019:21:41:23 +0900] "GET /home/news/news/view.do?page=&num=15 HTTP/1.1" 200 9178
38.99.62.91 - - [07/Nov/2019:21:42:03 +0900] "GET /home/news/news/view.do?page=&num=16 HTTP/1.1" 200 5663
38.99.62.91 - - [07/Nov/2019:21:42:42 +0900] "GET /home/news/news/view.do?page=&num=17 HTTP/1.1" 200 5758
38.99.62.91 - - [07/Nov/2019:21:43:22 +0900] "GET /home/news/news/view.do?page=&num=16 HTTP/1.1" 200 5663
38.99.62.91 - - [07/Nov/2019:21:44:02 +0900] "GET /home/news/news/view.do?page=&num=17 HTTP/1.1" 200 5758
38.99.62.91 - - [07/Nov/2019:21:44:41 +0900] "GET /home/news/news/view.do?page=&num=18 HTTP/1.1" 200 9134
38.99.62.91 - - [07/Nov/2019:21:45:21 +0900] "GET /home/news/news/view.do?page=&num=17 HTTP/1.1" 200 5758
38.99.62.91 - - [07/Nov/2019:21:46:01 +0900] "GET /home/news/news/view.do?page=&num=18 HTTP/1.1" 200 9134
159.148.211.97 - - [07/Nov/2019:21:46:34 +0900] "GET /index.jsp HTTP/1.0" 302 -
38.99.62.91 - - [07/Nov/2019:21:46:40 +0900] "GET /home/news/news/view.do?page=&num=19 HTTP/1.1" 200 6162
66.249.75.178 - - [07/Nov/2019:21:48:21 +0900] "GET /error/kr/error.jsp HTTP/1.1" 500 3570
38.99.62.91 - - [07/Nov/2019:21:48:38 +0900] "GET /home/news/news/view.do?page=&num=18 HTTP/1.1" 200 9134
38.99.62.91 - - [07/Nov/2019:21:49:17 +0900] "GET /home/news/news/view.do?page=&num=14 HTTP/1.1" 200 6733
38.99.62.91 - - [07/Nov/2019:21:49:57 +0900] "GET /home/news/news/view.do?page=&num=12 HTTP/1.1" 200 9080
157.55.39.167 - - [07/Nov/2019:21:50:17 +0900] "GET /error/kr/error.jsp HTTP/1.1" 500 3570
38.99.62.91 - - [07/Nov/2019:21:50:37 +0900] "GET /home/news/news/view.do?page=&num=11 HTTP/1.1" 200 5545
38.99.62.91 - - [07/Nov/2019:21:51:16 +0900] "GET /index.jsp HTTP/1.1" 302 -
38.99.62.91 - - [07/Nov/2019:21:51:17 +0900] "GET /home/en/main/main.do HTTP/1.1" 200 11080
38.99.62.91 - - [07/Nov/2019:21:51:56 +0900] "GET /home/main/main.do HTTP/1.1" 200 12222
38.99.62.91 - - [07/Nov/2019:21:52:36 +0900] "GET /home/main/main.do HTTP/1.1" 200 12222
38.99.62.91 - - [07/Nov/2019:21:53:15 +0900] "GET /home/en/main/main.do HTTP/1.1" 200 11080
139.129.98.166 - - [07/Nov/2019:21:53:20 +0900] "GET /error/kr/error.jsp HTTP/1.1" 500 3570
38.99.62.91 - - [07/Nov/2019:21:53:55 +0900] "GET /home/watwedo/overview.do HTTP/1.1" 200 6147
38.99.62.91 - - [07/Nov/2019:21:54:35 +0900] "GET /home/whoweare/korea.do HTTP/1.1" 200 29942
51.15.126.241 - - [07/Nov/2019:21:54:46 +0900] "GET /error/kr/error.jsp HTTP/1.1" 500 3570
51.15.126.241 - - [07/Nov/2019:21:54:47 +0900] "GET /error/kr/error.jsp HTTP/1.1" 500 3570
51.15.126.241 - - [07/Nov/2019:21:54:47 +0900] "GET /error/kr/error.jsp HTTP/1.1" 500 3570
51.15.126.241 - - [07/Nov/2019:21:54:48 +0900] "GET /error/kr/error.jsp HTTP/1.1" 500 3570
51.15.126.241 - - [07/Nov/2019:21:54:49 +0900] "GET /error/kr/error.jsp HTTP/1.1" 500 3570
51.15.126.241 - - [07/Nov/2019:21:54:49 +0900] "GET /error/kr/error.jsp HTTP/1.1" 500 3570
38.99.62.91 - - [07/Nov/2019:21:55:00 +0900] "GET /home/meetourpartners/all.do HTTP/1.1" 200 101569
38.99.62.91 - - [07/Nov/2019:21:56:19 +0900] "GET /home/meetourpartners/domestic.do HTTP/1.1" 200 73451
38.99.62.91 - - [07/Nov/2019:21:56:59 +0900] "GET /home/meetourpartners/overseas.do HTTP/1.1" 200 32620
38.99.62.91 - - [07/Nov/2019:21:57:39 +0900] "GET /home/meetourpartners/all.do HTTP/1.1" 200 101569
66.249.75.220 - - [07/Nov/2019:21:58:22 +0900] "GET /error/kr/error.jsp HTTP/1.1" 500 3762
38.99.62.91 - - [07/Nov/2019:21:59:37 +0900] "GET /home/en/meetourpartners/all.do HTTP/1.1" 200 95227
38.99.62.91 - - [07/Nov/2019:22:00:17 +0900] "GET /home/meetourpartners/all.do HTTP/1.1" 200 101569
121.254.147.237 - - [07/Nov/2019:22:01:20 +0900] "GET /index.jsp HTTP/1.1" 302 -
121.254.147.237 - - [07/Nov/2019:22:01:20 +0900] "GET /home/en/main/main.do HTTP/1.1" 200 11080
122.228.19.79 - - [07/Nov/2019:22:05:34 +0900] "GET /index.jsp HTTP/1.1" 302 -
122.228.19.79 - - [07/Nov/2019:22:05:36 +0900] "GET /home/main/main.do HTTP/1.1" 200 12222
178.73.215.171 - - [07/Nov/2019:22:06:53 +0900] "GET /index.jsp HTTP/1.0" 302 -
38.99.62.91 - - [07/Nov/2019:22:08:07 +0900] "GET /home/meetourpartners/all.do HTTP/1.1" 200 101569
66.249.75.180 - - [07/Nov/2019:22:08:21 +0900] "GET /error/kr/error.jsp HTTP/1.1" 500 3570
38.99.62.91 - - [07/Nov/2019:22:08:32 +0900] "GET /home/meetourpartners/all.do HTTP/1.1" 200 101569
173.212.244.229 - - [07/Nov/2019:22:11:39 +0900] "GET /index.jsp HTTP/1.0" 302 -
125.209.235.182 - - [07/Nov/2019:22:11:49 +0900] "GET /error/kr/error.jsp HTTP/1.1" 500 3570
220.181.124.77 - - [07/Nov/2019:22:13:37 +0900] "GET /error/kr/error.jsp HTTP/1.1" 500 3570
106.111.85.69 - - [07/Nov/2019:22:13:42 +0900] "GET /home/en/main/main.do HTTP/1.1" 200 11080
38.99.62.91 - - [07/Nov/2019:22:13:45 +0900] "GET /home/en/meetourpartners/domestic.do HTTP/1.1" 200 69240
38.99.62.91 - - [07/Nov/2019:22:14:25 +0900] "GET /home/meetourpartners/all.do HTTP/1.1" 200 101569
66.249.75.178 - - [07/Nov/2019:22:18:41 +0900] "GET /error/kr/error.jsp HTTP/1.1" 500 3570
38.99.62.91 - - [07/Nov/2019:22:23:19 +0900] "GET /home/meetourpartners/all.do HTTP/1.1" 200 101569
38.99.62.91 - - [07/Nov/2019:22:23:58 +0900] "GET /home/meetourpartners/all.do HTTP/1.1" 200 101569
193.111.62.163 - - [07/Nov/2019:22:24:33 +0900] "GET /home/news/news/list.do HTTP/1.1" 200 7091
66.249.75.222 - - [07/Nov/2019:22:28:22 +0900] "GET /error/kr/error.jsp HTTP/1.1" 500 3762
211.56.145.140 - - [07/Nov/2019:22:29:52 +0900] "GET /index.jsp HTTP/1.1" 302 -
211.56.145.140 - - [07/Nov/2019:22:29:52 +0900] "GET /home/main/main.do HTTP/1.1" 200 8898
211.56.145.140 - - [07/Nov/2019:22:29:52 +0900] "GET /home/whoweare/korea.do HTTP/1.1" 200 43565
211.56.145.140 - - [07/Nov/2019:22:29:52 +0900] "GET /home/news/news/view.do?num=1 HTTP/1.1" 200 71892
211.56.145.140 - - [07/Nov/2019:22:29:52 +0900] "GET /home/news/news/view.do?num=2 HTTP/1.1" 200 71892
211.56.145.140 - - [07/Nov/2019:22:29:52 +0900] "GET /home/meetourpartners/all.do HTTP/1.1" 200 105128
211.56.145.140 - - [07/Nov/2019:22:29:52 +0900] "GET /home/watwedo/overview.do HTTP/1.1" 200 7044
211.56.145.140 - - [07/Nov/2019:22:29:52 +0900] "GET /home/en/main/main.do HTTP/1.1" 200 8279
211.56.145.140 - - [07/Nov/2019:22:29:52 +0900] "GET /home/watwedo/philosophy.do HTTP/1.1" 200 7553
211.56.145.140 - - [07/Nov/2019:22:29:52 +0900] "GET /home/contact/contact.do HTTP/1.1" 200 7487
211.56.145.140 - - [07/Nov/2019:22:29:52 +0900] "GET /home/news/news/list.do HTTP/1.1" 200 71778
211.56.145.140 - - [07/Nov/2019:22:29:52 +0900] "GET /home/news/news/view.do?num=3 HTTP/1.1" 200 71892
211.56.145.140 - - [07/Nov/2019:22:29:52 +0900] "GET /home/main/main.do HTTP/1.1" 200 8898
211.56.145.140 - - [07/Nov/2019:22:29:52 +0900] "GET /home/about/about.do HTTP/1.1" 200 15329
51.38.185.246 - - [07/Nov/2019:22:36:14 +0900] "GET /index.jsp HTTP/1.0" 302 -
80.82.70.187 - - [07/Nov/2019:22:37:20 +0900] "GET /error/kr/error.jsp HTTP/1.1" 500 3570
180.163.220.68 - - [07/Nov/2019:22:39:10 +0900] "GET /error/kr/error.jsp HTTP/1.1" 500 3570
66.249.75.218 - - [07/Nov/2019:22:39:23 +0900] "GET /error/kr/error.jsp HTTP/1.1" 500 3762
51.38.189.70 - - [07/Nov/2019:22:39:31 +0900] "GET /index.jsp HTTP/1.0" 302 -
42.236.10.84 - - [07/Nov/2019:22:39:58 +0900] "GET /error/kr/error.jsp HTTP/1.1" 500 3570
155.93.118.14 - - [07/Nov/2019:22:39:58 +0900] "GET /index.jsp HTTP/1.0" 302 -
211.56.145.140 - - [07/Nov/2019:22:41:41 +0900] "GET /home/main/main.do HTTP/1.1" 302 -
211.56.145.140 - - [07/Nov/2019:22:41:41 +0900] "GET /home/main/main.do HTTP/1.1" 200 8898
66.249.75.218 - - [07/Nov/2019:22:48:28 +0900] "GET /error/kr/error.jsp HTTP/1.1" 500 3762
141.8.142.12 - - [07/Nov/2019:22:49:22 +0900] "GET /error/kr/error.jsp HTTP/1.1" 500 3570
54.234.250.147 - - [07/Nov/2019:22:51:45 +0900] "HEAD /index.jsp HTTP/1.1" 302 -
54.234.250.147 - - [07/Nov/2019:22:51:45 +0900] "HEAD /index.jsp HTTP/1.1" 302 -
54.234.250.147 - - [07/Nov/2019:22:51:45 +0900] "HEAD /index.jsp HTTP/1.1" 302 -
36.72.126.2 - - [07/Nov/2019:22:54:33 +0900] "GET /index.jsp HTTP/1.1" 302 -
52.71.157.13 - - [07/Nov/2019:22:54:38 +0900] "GET /index.jsp HTTP/1.1" 302 -
52.71.157.13 - - [07/Nov/2019:22:54:38 +0900] "GET /home/main/main.do HTTP/1.1" 200 12222
103.91.74.99 - - [07/Nov/2019:22:54:50 +0900] "GET /index.jsp HTTP/1.1" 302 -
120.84.11.63 - - [07/Nov/2019:22:58:17 +0900] "GET /error/kr/error.jsp HTTP/1.1" 500 3570
207.180.234.135 - - [07/Nov/2019:23:02:44 +0900] "GET /index.jsp HTTP/1.0" 302 -
223.33.165.88 - - [07/Nov/2019:23:02:49 +0900] "GET /home/whoweare/korea.do HTTP/1.1" 200 43565
51.68.225.51 - - [07/Nov/2019:23:04:53 +0900] "GET /index.jsp HTTP/1.0" 302 -
40.77.167.149 - - [07/Nov/2019:23:06:50 +0900] "GET /error/kr/error.jsp HTTP/1.1" 500 3570
121.214.136.223 - - [07/Nov/2019:23:07:20 +0900] "GET /index.jsp HTTP/1.1" 302 -
40.77.167.149 - - [07/Nov/2019:23:08:11 +0900] "GET /error/kr/error.jsp HTTP/1.1" 500 3570
66.249.75.178 - - [07/Nov/2019:23:08:32 +0900] "GET /error/kr/error.jsp HTTP/1.1" 500 3570
112.10.67.205 - - [07/Nov/2019:23:08:51 +0900] "GET /error/kr/error.jsp HTTP/1.1" 500 3570
111.230.229.95 - - [07/Nov/2019:23:10:44 +0900] "GET /error/kr/error.jsp HTTP/1.1" 500 3570
209.141.40.201 - - [07/Nov/2019:23:11:27 +0900] "HEAD /index.jsp HTTP/1.1" 302 -
209.141.41.103 - - [07/Nov/2019:23:11:30 +0900] "GET /index.jsp HTTP/1.1" 302 -
209.141.41.103 - - [07/Nov/2019:23:11:31 +0900] "GET /home/main/main.do HTTP/1.1" 200 12222
203.11.131.82 - - [07/Nov/2019:23:12:18 +0900] "GET /index.jsp HTTP/1.1" 302 -
203.11.131.82 - - [07/Nov/2019:23:12:18 +0900] "GET /home/en/main/main.do HTTP/1.1" 200 11080
203.11.131.82 - - [07/Nov/2019:23:12:32 +0900] "GET /home/en/whoweare/korea.do HTTP/1.1" 200 29841
203.11.131.82 - - [07/Nov/2019:23:13:06 +0900] "GET /home/en/whoweare/korea.do HTTP/1.1" 200 29841
203.11.131.82 - - [07/Nov/2019:23:13:08 +0900] "GET /home/en/watwedo/overview.do HTTP/1.1" 200 6156
203.11.131.82 - - [07/Nov/2019:23:13:50 +0900] "GET /home/en/watwedo/overview.do HTTP/1.1" 200 6156
203.11.131.82 - - [07/Nov/2019:23:13:52 +0900] "GET /home/en/watwedo/history.do HTTP/1.1" 200 10541
203.11.131.82 - - [07/Nov/2019:23:14:05 +0900] "GET /home/en/watwedo/philosophy.do HTTP/1.1" 200 7112
23.100.232.233 - - [07/Nov/2019:23:15:20 +0900] "GET /home/watwedo/history.do HTTP/1.1" 200 10614
138.197.216.120 - - [07/Nov/2019:23:16:02 +0900] "GET /index.jsp HTTP/1.0" 302 -
193.111.62.163 - - [07/Nov/2019:23:18:04 +0900] "GET /home/news/news/list.do HTTP/1.1" 200 7091
66.249.75.220 - - [07/Nov/2019:23:18:30 +0900] "GET /error/kr/error.jsp HTTP/1.1" 500 3762
35.184.96.75 - - [07/Nov/2019:23:19:10 +0900] "GET /index.jsp HTTP/1.1" 302 -
35.184.96.75 - - [07/Nov/2019:23:19:11 +0900] "GET /home/en/main/main.do HTTP/1.1" 200 11080
209.97.190.223 - - [07/Nov/2019:23:21:52 +0900] "GET /index.jsp HTTP/1.0" 302 -
40.77.167.42 - - [07/Nov/2019:23:26:27 +0900] "GET /error/kr/error.jsp HTTP/1.1" 500 3570
40.77.167.42 - - [07/Nov/2019:23:27:47 +0900] "GET /error/kr/error.jsp HTTP/1.1" 500 3570
66.249.75.178 - - [07/Nov/2019:23:28:13 +0900] "GET /error/kr/error.jsp HTTP/1.1" 500 3570
66.249.75.222 - - [07/Nov/2019:23:38:42 +0900] "GET /error/kr/error.jsp HTTP/1.1" 500 3762
128.14.209.242 - - [07/Nov/2019:23:39:48 +0900] "GET /index.jsp HTTP/1.1" 302 -
128.14.209.242 - - [07/Nov/2019:23:39:48 +0900] "GET /home/main/main.do HTTP/1.1" 200 12222
60.191.94.120 - - [07/Nov/2019:23:40:30 +0900] "GET /error/kr/error.jsp HTTP/1.1" 500 3570
223.39.145.102 - - [07/Nov/2019:23:43:03 +0900] "GET /home/whoweare/korea.do HTTP/1.1" 200 43565
111.181.67.129 - - [07/Nov/2019:23:44:09 +0900] "GET /error/kr/error.jsp HTTP/1.1" 500 3570
111.181.67.129 - - [07/Nov/2019:23:44:12 +0900] "GET /error/kr/error.jsp HTTP/1.1" 500 3570
54.146.43.69 - - [07/Nov/2019:23:45:10 +0900] "GET /error/kr/error.jsp HTTP/1.0" 500 3570
223.39.145.102 - - [07/Nov/2019:23:47:30 +0900] "GET /home/watwedo/overview.do HTTP/1.1" 200 7044
66.249.75.178 - - [07/Nov/2019:23:48:29 +0900] "GET /error/kr/error.jsp HTTP/1.1" 500 3570
120.84.11.63 - - [07/Nov/2019:23:52:26 +0900] "GET /error/kr/error.jsp HTTP/1.1" 500 3570
49.233.143.96 - - [07/Nov/2019:23:52:53 +0900] "GET /error/kr/error.jsp HTTP/1.1" 500 3570
58.124.60.74 - - [07/Nov/2019:23:54:44 +0900] "GET /filter/checker.jsp?campaignID=364&email=artsukkyoung@naver.com&responseEnd=2018-12-10 HTTP/1.1" 404 3570
58.124.60.74 - - [07/Nov/2019:23:54:44 +0900] "GET /error/kr/error.jsp HTTP/1.1" 500 3570
58.124.60.74 - - [07/Nov/2019:23:54:44 +0900] "GET /error/kr/error.jsp HTTP/1.1" 500 3570
116.24.38.22 - - [07/Nov/2019:23:55:36 +0900] "GET /error/kr/error.jsp HTTP/1.1" 500 3570
64.62.202.72 - - [07/Nov/2019:23:57:02 +0900] "GET /error/kr/error.jsp HTTP/1.1" 500 3570
23.100.232.233 - - [07/Nov/2019:23:57:56 +0900] "GET /home/watwedo/history.do HTTP/1.1" 200 10614
66.249.75.178 - - [07/Nov/2019:23:58:34 +0900] "GET /error/kr/error.jsp HTTP/1.1" 500 3570
