35.185.12.219 - - [12/Dec/2019:00:08:45 +0900] "GET /error/kr/error.jsp HTTP/1.0" 500 3570
35.185.12.219 - - [12/Dec/2019:00:08:45 +0900] "GET /index.jsp HTTP/1.0" 302 -
35.185.12.219 - - [12/Dec/2019:00:08:46 +0900] "GET /error/kr/error.jsp HTTP/1.0" 500 3570
35.185.12.219 - - [12/Dec/2019:00:08:46 +0900] "GET /home/en/main/main.do HTTP/1.0" 200 11080
125.209.235.178 - - [12/Dec/2019:00:09:16 +0900] "GET /error/kr/error.jsp HTTP/1.1" 500 3570
35.185.12.219 - - [12/Dec/2019:00:17:27 +0900] "GET /error/kr/error.jsp HTTP/1.0" 500 3570
35.185.12.219 - - [12/Dec/2019:00:17:28 +0900] "GET /index.jsp HTTP/1.0" 302 -
35.185.12.219 - - [12/Dec/2019:00:17:28 +0900] "GET /error/kr/error.jsp HTTP/1.0" 500 3570
35.185.12.219 - - [12/Dec/2019:00:17:28 +0900] "GET /home/en/main/main.do HTTP/1.0" 200 11080
66.249.64.92 - - [12/Dec/2019:00:18:58 +0900] "GET /error/kr/error.jsp HTTP/1.1" 500 3762
216.198.86.254 - - [12/Dec/2019:00:19:34 +0900] "GET /home/en/about/about.do HTTP/1.1" 200 14811
193.111.62.163 - - [12/Dec/2019:00:20:33 +0900] "GET /home/news/news/list.do HTTP/1.1" 200 7091
207.46.13.183 - - [12/Dec/2019:00:24:18 +0900] "GET /error/kr/error.jsp HTTP/1.1" 500 3570
124.120.122.0 - - [12/Dec/2019:00:24:56 +0900] "GET /index.jsp HTTP/1.1" 302 -
124.120.122.0 - - [12/Dec/2019:00:24:57 +0900] "GET /home/en/main/main.do HTTP/1.1" 200 11080
207.46.13.183 - - [12/Dec/2019:00:26:10 +0900] "GET /error/kr/error.jsp HTTP/1.1" 500 3570
66.249.64.214 - - [12/Dec/2019:00:29:00 +0900] "GET /error/kr/error.jsp HTTP/1.1" 500 3570
207.46.13.144 - - [12/Dec/2019:00:29:51 +0900] "GET /error/kr/error.jsp HTTP/1.1" 500 3570
207.46.13.138 - - [12/Dec/2019:00:29:57 +0900] "GET /home/en/meetourpartners/overseas.do HTTP/1.1" 200 31428
66.249.64.94 - - [12/Dec/2019:00:38:19 +0900] "GET /error/kr/error.jsp HTTP/1.1" 500 3762
66.249.64.90 - - [12/Dec/2019:00:49:15 +0900] "GET /error/kr/error.jsp HTTP/1.1" 500 3762
66.249.64.90 - - [12/Dec/2019:00:59:17 +0900] "GET /error/kr/error.jsp HTTP/1.1" 500 3762
39.104.200.16 - - [12/Dec/2019:01:01:25 +0900] "GET /error/kr/error.jsp HTTP/1.1" 500 3570
66.249.64.90 - - [12/Dec/2019:01:08:38 +0900] "GET /error/kr/error.jsp HTTP/1.1" 500 3762
66.249.70.28 - - [12/Dec/2019:01:09:17 +0900] "GET /error/kr/error.jsp HTTP/1.1" 500 3570
66.249.64.90 - - [12/Dec/2019:01:18:42 +0900] "GET /error/kr/error.jsp HTTP/1.1" 500 3762
46.229.168.142 - - [12/Dec/2019:01:28:54 +0900] "GET /error/kr/error.jsp HTTP/1.1" 500 3570
66.249.64.90 - - [12/Dec/2019:01:29:38 +0900] "GET /error/kr/error.jsp HTTP/1.1" 500 3762
193.111.62.163 - - [12/Dec/2019:01:31:31 +0900] "GET /home/news/news/list.do HTTP/1.1" 200 7091
23.100.232.233 - - [12/Dec/2019:01:36:03 +0900] "GET /home/en/meetourpartners/domestic.do HTTP/1.1" 200 69240
139.162.119.197 - - [12/Dec/2019:01:37:55 +0900] "GET /index.jsp HTTP/1.1" 302 -
66.249.64.90 - - [12/Dec/2019:01:39:53 +0900] "GET /error/kr/error.jsp HTTP/1.1" 500 3762
66.249.64.212 - - [12/Dec/2019:01:39:53 +0900] "GET /error/kr/error.jsp HTTP/1.1" 500 3570
203.217.249.128 - - [12/Dec/2019:01:47:13 +0900] "GET /home/meetourpartners/all.do HTTP/1.1" 200 101569
66.249.70.24 - - [12/Dec/2019:01:49:43 +0900] "GET /error/kr/error.jsp HTTP/1.1" 500 3570
66.249.64.92 - - [12/Dec/2019:01:58:33 +0900] "GET /error/kr/error.jsp HTTP/1.1" 500 3762
66.249.64.212 - - [12/Dec/2019:01:59:39 +0900] "GET /error/kr/error.jsp HTTP/1.1" 500 3570
207.46.13.138 - - [12/Dec/2019:02:04:30 +0900] "GET /error/kr/error.jsp HTTP/1.1" 500 3570
207.46.13.183 - - [12/Dec/2019:02:04:34 +0900] "GET /error/kr/error.jsp HTTP/1.1" 500 3570
101.89.29.92 - - [12/Dec/2019:02:05:16 +0900] "GET /index.jsp HTTP/1.1" 302 -
66.249.64.90 - - [12/Dec/2019:02:08:34 +0900] "GET /error/kr/error.jsp HTTP/1.1" 500 3762
125.209.235.169 - - [12/Dec/2019:02:09:15 +0900] "GET /error/kr/error.jsp HTTP/1.1" 500 3570
66.249.64.210 - - [12/Dec/2019:02:09:50 +0900] "GET /error/kr/error.jsp HTTP/1.1" 500 3570
202.148.5.34 - - [12/Dec/2019:02:13:48 +0900] "GET /index.jsp HTTP/1.1" 302 -
66.249.64.210 - - [12/Dec/2019:02:13:52 +0900] "GET /error/kr/error.jsp HTTP/1.1" 500 3570
66.249.64.210 - - [12/Dec/2019:02:19:50 +0900] "GET /error/kr/error.jsp HTTP/1.1" 500 3570
23.100.232.233 - - [12/Dec/2019:02:22:00 +0900] "GET /index.jsp HTTP/1.1" 302 -
23.100.232.233 - - [12/Dec/2019:02:22:00 +0900] "GET /home/en/main/main.do HTTP/1.1" 200 11080
193.111.62.163 - - [12/Dec/2019:02:28:06 +0900] "GET /home/news/news/list.do HTTP/1.1" 200 7091
66.249.64.210 - - [12/Dec/2019:02:29:45 +0900] "GET /error/kr/error.jsp HTTP/1.1" 500 3570
66.249.70.24 - - [12/Dec/2019:02:29:46 +0900] "GET /error/kr/error.jsp HTTP/1.1" 500 3570
157.55.39.185 - - [12/Dec/2019:02:31:28 +0900] "GET /index.jsp HTTP/1.1" 302 -
61.160.212.49 - - [12/Dec/2019:02:33:12 +0900] "GET /error/kr/error.jsp HTTP/1.1" 500 3570
61.160.212.49 - - [12/Dec/2019:02:33:12 +0900] "GET /error/kr/error.jsp HTTP/1.1" 500 3570
61.160.212.49 - - [12/Dec/2019:02:33:12 +0900] "GET /error/kr/error.jsp HTTP/1.1" 500 3570
61.160.212.49 - - [12/Dec/2019:02:33:12 +0900] "GET /error/kr/error.jsp HTTP/1.1" 500 3570
61.160.212.49 - - [12/Dec/2019:02:33:12 +0900] "GET /error/kr/error.jsp HTTP/1.1" 500 3570
61.160.212.49 - - [12/Dec/2019:02:33:13 +0900] "GET /error/kr/error.jsp HTTP/1.1" 500 3570
61.160.212.49 - - [12/Dec/2019:02:33:15 +0900] "GET /error/kr/error.jsp HTTP/1.1" 500 3570
61.160.212.49 - - [12/Dec/2019:02:33:15 +0900] "GET /error/kr/error.jsp HTTP/1.1" 500 3570
61.160.212.49 - - [12/Dec/2019:02:33:15 +0900] "GET /error/kr/error.jsp HTTP/1.1" 500 3570
61.160.212.49 - - [12/Dec/2019:02:33:15 +0900] "GET /error/kr/error.jsp HTTP/1.1" 500 3570
61.160.212.49 - - [12/Dec/2019:02:33:16 +0900] "GET /error/kr/error.jsp HTTP/1.1" 500 3570
61.160.212.49 - - [12/Dec/2019:02:33:16 +0900] "GET /error/kr/error.jsp HTTP/1.1" 500 3570
220.243.135.142 - - [12/Dec/2019:02:37:21 +0900] "GET /index.jsp HTTP/1.1" 302 -
220.243.135.132 - - [12/Dec/2019:02:37:21 +0900] "GET /home/main/main.do HTTP/1.1" 200 8898
185.220.101.56 - - [12/Dec/2019:02:38:33 +0900] "GET /error/kr/error.jsp HTTP/1.1" 500 3570
185.220.101.56 - - [12/Dec/2019:02:38:34 +0900] "GET /error/kr/error.jsp HTTP/1.1" 500 3570
185.220.101.56 - - [12/Dec/2019:02:38:34 +0900] "GET /error/kr/error.jsp HTTP/1.1" 500 3570
185.220.101.56 - - [12/Dec/2019:02:38:35 +0900] "GET /error/kr/error.jsp HTTP/1.1" 500 3570
185.220.101.56 - - [12/Dec/2019:02:38:36 +0900] "GET /error/kr/error.jsp HTTP/1.1" 500 3570
185.220.101.56 - - [12/Dec/2019:02:38:37 +0900] "GET /error/kr/error.jsp HTTP/1.1" 500 3570
185.220.101.56 - - [12/Dec/2019:02:38:38 +0900] "GET /error/kr/error.jsp HTTP/1.1" 500 3570
185.220.101.56 - - [12/Dec/2019:02:38:39 +0900] "GET /error/kr/error.jsp HTTP/1.1" 500 3570
5.196.66.162 - - [12/Dec/2019:02:38:40 +0900] "GET /error/kr/error.jsp HTTP/1.1" 500 3570
66.249.64.92 - - [12/Dec/2019:02:39:20 +0900] "GET /error/kr/error.jsp HTTP/1.1" 500 3762
66.249.64.210 - - [12/Dec/2019:02:39:39 +0900] "GET /error/kr/error.jsp HTTP/1.1" 500 3570
34.199.176.251 - - [12/Dec/2019:02:44:12 +0900] "GET /home/news/news/view.do?num=1 HTTP/1.1" 200 8971
34.199.176.251 - - [12/Dec/2019:02:44:18 +0900] "GET /home/news/news/view.do HTTP/1.1" 500 3570
143.137.150.128 - - [12/Dec/2019:02:48:11 +0900] "GET /index.jsp HTTP/1.1" 302 -
66.249.64.90 - - [12/Dec/2019:02:50:07 +0900] "GET /error/kr/error.jsp HTTP/1.1" 500 3762
38.99.62.91 - - [12/Dec/2019:02:53:27 +0900] "GET /home/meetourpartners/all.do HTTP/1.1" 200 101569
104.222.43.206 - - [12/Dec/2019:02:54:10 +0900] "GET /index.jsp HTTP/1.1" 302 -
104.222.43.206 - - [12/Dec/2019:02:54:10 +0900] "GET /home/en/main/main.do HTTP/1.1" 200 11080
38.99.62.91 - - [12/Dec/2019:02:55:52 +0900] "GET /home/meetourpartners/domestic.do HTTP/1.1" 200 73451
117.48.227.34 - - [12/Dec/2019:02:57:43 +0900] "GET /error/kr/error.jsp HTTP/1.1" 500 3570
117.48.227.34 - - [12/Dec/2019:02:57:44 +0900] "GET /error/kr/error.jsp HTTP/1.1" 500 3570
117.48.227.34 - - [12/Dec/2019:02:57:44 +0900] "GET /error/kr/error.jsp HTTP/1.1" 500 3570
117.48.227.34 - - [12/Dec/2019:02:57:44 +0900] "GET /error/kr/error.jsp HTTP/1.1" 500 3570
117.48.227.34 - - [12/Dec/2019:02:57:44 +0900] "GET /error/kr/error.jsp HTTP/1.1" 500 3570
117.48.227.34 - - [12/Dec/2019:02:57:44 +0900] "GET /error/kr/error.jsp HTTP/1.1" 500 3570
117.48.227.34 - - [12/Dec/2019:02:57:45 +0900] "GET /error/kr/error.jsp HTTP/1.1" 500 3570
117.48.227.34 - - [12/Dec/2019:02:57:45 +0900] "GET /error/kr/error.jsp HTTP/1.1" 500 3570
117.48.227.34 - - [12/Dec/2019:02:57:45 +0900] "GET /index.jsp HTTP/1.1" 302 -
117.48.227.34 - - [12/Dec/2019:02:57:45 +0900] "GET /home/main/main.do HTTP/1.1" 200 12222
34.199.176.251 - - [12/Dec/2019:02:58:31 +0900] "GET /home/news/news/view.do?num=3 HTTP/1.1" 200 5573
34.199.176.251 - - [12/Dec/2019:02:58:32 +0900] "GET /home/news/news/view.do HTTP/1.1" 500 3570
34.199.176.251 - - [12/Dec/2019:02:58:49 +0900] "GET /home/news/news/view.do?num=2 HTTP/1.1" 200 6974
34.199.176.251 - - [12/Dec/2019:02:58:49 +0900] "GET /home/news/news/view.do HTTP/1.1" 500 3570
66.249.64.90 - - [12/Dec/2019:03:00:37 +0900] "GET /error/kr/error.jsp HTTP/1.1" 500 3762
38.99.62.91 - - [12/Dec/2019:03:01:06 +0900] "GET /home/meetourpartners/all.do HTTP/1.1" 200 101569
38.99.62.91 - - [12/Dec/2019:03:01:31 +0900] "GET /home/meetourpartners/domestic.do HTTP/1.1" 200 73451
74.115.233.178 - - [12/Dec/2019:03:07:49 +0900] "GET /index.jsp HTTP/1.1" 302 -
74.115.233.178 - - [12/Dec/2019:03:07:50 +0900] "GET /home/en/main/main.do HTTP/1.1" 302 -
74.115.233.178 - - [12/Dec/2019:03:07:51 +0900] "GET /home/en/main/main.do HTTP/1.1" 200 8279
74.115.233.178 - - [12/Dec/2019:03:07:54 +0900] "GET /error/kr/error.jsp HTTP/1.1" 500 3762
119.207.72.169 - - [12/Dec/2019:03:08:07 +0900] "GET /index.jsp HTTP/1.1" 302 -
119.207.72.169 - - [12/Dec/2019:03:08:07 +0900] "GET /home/main/main.do HTTP/1.1" 200 12222
13.57.188.74 - - [12/Dec/2019:03:09:47 +0900] "GET /index.jsp HTTP/1.1" 302 -
13.57.188.74 - - [12/Dec/2019:03:09:48 +0900] "GET /home/main/main.do HTTP/1.1" 200 12222
23.100.232.233 - - [12/Dec/2019:03:10:45 +0900] "GET /index.jsp HTTP/1.1" 302 -
23.100.232.233 - - [12/Dec/2019:03:10:45 +0900] "GET /home/en/main/main.do HTTP/1.1" 200 11080
66.249.64.90 - - [12/Dec/2019:03:11:00 +0900] "GET /error/kr/error.jsp HTTP/1.1" 500 3762
193.111.62.163 - - [12/Dec/2019:03:17:51 +0900] "GET /home/news/news/list.do HTTP/1.1" 200 7091
38.99.62.91 - - [12/Dec/2019:03:21:34 +0900] "GET /home/en/meetourpartners/all.do HTTP/1.1" 200 95227
66.249.64.90 - - [12/Dec/2019:03:21:43 +0900] "GET /error/kr/error.jsp HTTP/1.1" 500 3762
110.70.16.120 - - [12/Dec/2019:03:22:01 +0900] "GET /home/whoweare/korea.do HTTP/1.1" 200 45742
74.207.254.55 - - [12/Dec/2019:03:23:00 +0900] "GET /error/kr/error.jsp HTTP/1.1" 500 3570
38.99.62.91 - - [12/Dec/2019:03:23:59 +0900] "GET /home/meetourpartners/domestic.do HTTP/1.1" 200 73451
54.36.148.24 - - [12/Dec/2019:03:25:46 +0900] "GET /error/kr/error.jsp HTTP/1.1" 500 3570
45.33.66.85 - - [12/Dec/2019:03:27:04 +0900] "GET /error/kr/error.jsp HTTP/1.1" 500 3570
38.99.62.91 - - [12/Dec/2019:03:28:31 +0900] "GET /home/meetourpartners/all.do HTTP/1.1" 200 101569
38.99.62.91 - - [12/Dec/2019:03:29:13 +0900] "GET /home/meetourpartners/domestic.do HTTP/1.1" 200 73451
38.99.62.91 - - [12/Dec/2019:03:31:20 +0900] "GET /home/en/meetourpartners/all.do HTTP/1.1" 200 95227
38.99.62.91 - - [12/Dec/2019:03:32:02 +0900] "GET /home/meetourpartners/domestic.do HTTP/1.1" 200 73451
66.249.64.90 - - [12/Dec/2019:03:32:28 +0900] "GET /error/kr/error.jsp HTTP/1.1" 500 3762
38.99.62.91 - - [12/Dec/2019:03:38:34 +0900] "GET /home/en/meetourpartners/all.do HTTP/1.1" 200 95227
38.99.62.91 - - [12/Dec/2019:03:39:14 +0900] "GET /home/meetourpartners/domestic.do HTTP/1.1" 200 73451
66.249.64.90 - - [12/Dec/2019:03:42:32 +0900] "GET /error/kr/error.jsp HTTP/1.1" 500 3762
38.99.62.91 - - [12/Dec/2019:03:45:56 +0900] "GET /home/meetourpartners/all.do HTTP/1.1" 200 101569
38.99.62.91 - - [12/Dec/2019:03:46:38 +0900] "GET /home/news/news/list.do HTTP/1.1" 200 7091
207.46.13.144 - - [12/Dec/2019:03:46:54 +0900] "GET /error/kr/error.jsp HTTP/1.1" 500 3570
38.99.62.91 - - [12/Dec/2019:03:47:19 +0900] "GET /home/contact/contact.do HTTP/1.1" 200 5224
207.46.13.138 - - [12/Dec/2019:03:47:50 +0900] "GET /error/kr/error.jsp HTTP/1.1" 500 3570
38.99.62.91 - - [12/Dec/2019:03:47:59 +0900] "GET /home/about/about.do HTTP/1.1" 200 14216
38.99.62.91 - - [12/Dec/2019:03:48:40 +0900] "GET /home/news/news/view.do?num=1 HTTP/1.1" 200 8971
38.99.62.91 - - [12/Dec/2019:03:49:21 +0900] "GET /home/news/news/view.do?num=3 HTTP/1.1" 200 5573
38.99.62.91 - - [12/Dec/2019:03:50:03 +0900] "GET /home/news/news/view.do?num=2 HTTP/1.1" 200 6974
38.99.62.91 - - [12/Dec/2019:03:50:44 +0900] "GET /home/en/meetourpartners/all.do HTTP/1.1" 200 95227
38.99.62.91 - - [12/Dec/2019:03:51:25 +0900] "GET /home/main/main.do HTTP/1.1" 200 12222
207.46.13.138 - - [12/Dec/2019:03:52:06 +0900] "GET /home/watwedo/overview.do HTTP/1.1" 200 6147
66.249.64.90 - - [12/Dec/2019:03:52:43 +0900] "GET /error/kr/error.jsp HTTP/1.1" 500 3762
38.99.62.91 - - [12/Dec/2019:03:52:45 +0900] "GET /home/watwedo/philosophy.do HTTP/1.1" 200 7162
5.102.205.5 - - [12/Dec/2019:03:53:16 +0900] "GET /index.jsp HTTP/1.1" 302 -
5.102.205.5 - - [12/Dec/2019:03:53:17 +0900] "GET /home/main/main.do HTTP/1.1" 200 12222
207.46.13.144 - - [12/Dec/2019:03:53:29 +0900] "GET /error/kr/error.jsp HTTP/1.1" 500 3570
207.46.13.204 - - [12/Dec/2019:03:54:23 +0900] "GET /error/kr/error.jsp HTTP/1.1" 500 3570
23.100.232.233 - - [12/Dec/2019:03:55:04 +0900] "GET /home/en/meetourpartners/domestic.do HTTP/1.1" 200 69240
66.249.64.90 - - [12/Dec/2019:04:02:57 +0900] "GET /error/kr/error.jsp HTTP/1.1" 500 3762
125.209.235.167 - - [12/Dec/2019:04:09:15 +0900] "GET /error/kr/error.jsp HTTP/1.1" 500 3570
114.99.200.221 - - [12/Dec/2019:04:10:42 +0900] "GET /index.jsp HTTP/1.1" 302 -
114.99.200.221 - - [12/Dec/2019:04:10:42 +0900] "GET /home/main/main.do HTTP/1.1" 200 12222
207.46.13.144 - - [12/Dec/2019:04:13:43 +0900] "GET /error/kr/error.jsp HTTP/1.1" 500 3570
222.231.30.115 - - [12/Dec/2019:04:14:23 +0900] "GET /index.jsp HTTP/1.1" 302 -
222.231.30.115 - - [12/Dec/2019:04:14:23 +0900] "GET /home/main/main.do HTTP/1.1" 200 12222
222.231.30.115 - - [12/Dec/2019:04:14:25 +0900] "GET /home/main/main.do HTTP/1.1" 200 12222
222.231.30.115 - - [12/Dec/2019:04:14:25 +0900] "GET /home/main/main.do HTTP/1.1" 200 12222
66.249.64.90 - - [12/Dec/2019:04:14:27 +0900] "GET /error/kr/error.jsp HTTP/1.1" 500 3762
157.55.39.185 - - [12/Dec/2019:04:18:00 +0900] "GET /error/kr/error.jsp HTTP/1.1" 500 3570
54.165.159.42 - - [12/Dec/2019:04:21:05 +0900] "GET /error/kr/error.jsp HTTP/1.1" 500 3570
54.165.159.42 - - [12/Dec/2019:04:21:07 +0900] "GET /error/kr/error.jsp HTTP/1.1" 500 3570
103.81.84.140 - - [12/Dec/2019:04:24:28 +0900] "GET /error/kr/error.jsp HTTP/1.1" 500 3570
23.100.232.233 - - [12/Dec/2019:04:25:26 +0900] "GET /home/en/whoweare/korea.do HTTP/1.1" 200 31310
121.254.147.237 - - [12/Dec/2019:04:25:48 +0900] "GET /index.jsp HTTP/1.1" 302 -
121.254.147.237 - - [12/Dec/2019:04:25:48 +0900] "GET /home/en/main/main.do HTTP/1.1" 200 11080
66.249.64.90 - - [12/Dec/2019:04:26:03 +0900] "GET /error/kr/error.jsp HTTP/1.1" 500 3762
207.246.101.151 - - [12/Dec/2019:04:26:47 +0900] "GET /index.jsp HTTP/1.1" 302 -
207.246.101.151 - - [12/Dec/2019:04:26:47 +0900] "GET /home/main/main.do HTTP/1.1" 200 12222
193.111.62.163 - - [12/Dec/2019:04:30:50 +0900] "GET /home/news/news/list.do HTTP/1.1" 200 7091
103.78.13.2 - - [12/Dec/2019:04:35:24 +0900] "GET /index.jsp HTTP/1.1" 302 -
66.249.64.90 - - [12/Dec/2019:04:36:18 +0900] "GET /error/kr/error.jsp HTTP/1.1" 500 3762
207.46.13.144 - - [12/Dec/2019:04:43:04 +0900] "GET /error/kr/error.jsp HTTP/1.1" 500 3570
157.55.39.52 - - [12/Dec/2019:04:43:06 +0900] "GET /home/meetourpartners/overseas.do HTTP/1.1" 200 32620
66.249.64.90 - - [12/Dec/2019:04:46:22 +0900] "GET /error/kr/error.jsp HTTP/1.1" 500 3762
119.207.72.110 - - [12/Dec/2019:04:49:57 +0900] "GET /home/news/news/view.do?num=2 HTTP/1.1" 200 6974
66.249.64.90 - - [12/Dec/2019:04:56:30 +0900] "GET /error/kr/error.jsp HTTP/1.1" 500 3762
23.100.232.233 - - [12/Dec/2019:05:01:41 +0900] "GET /index.jsp HTTP/1.1" 302 -
23.100.232.233 - - [12/Dec/2019:05:01:42 +0900] "GET /home/en/main/main.do HTTP/1.1" 200 11080
66.249.64.90 - - [12/Dec/2019:05:02:42 +0900] "GET /error/kr/error.jsp HTTP/1.1" 500 3762
66.249.64.90 - - [12/Dec/2019:05:09:27 +0900] "GET /error/kr/error.jsp HTTP/1.1" 500 3762
66.249.64.210 - - [12/Dec/2019:05:11:13 +0900] "GET /error/kr/error.jsp HTTP/1.1" 500 3570
66.249.64.210 - - [12/Dec/2019:05:16:49 +0900] "GET /error/kr/error.jsp HTTP/1.1" 500 3570
66.249.64.90 - - [12/Dec/2019:05:21:10 +0900] "GET /error/kr/error.jsp HTTP/1.1" 500 3762
66.249.64.210 - - [12/Dec/2019:05:21:49 +0900] "GET /error/kr/error.jsp HTTP/1.1" 500 3570
193.111.62.163 - - [12/Dec/2019:05:23:06 +0900] "GET /home/news/news/list.do HTTP/1.1" 200 7091
66.249.64.90 - - [12/Dec/2019:05:32:59 +0900] "GET /error/kr/error.jsp HTTP/1.1" 500 3762
157.55.39.12 - - [12/Dec/2019:05:41:01 +0900] "GET /error/kr/error.jsp HTTP/1.1" 500 3570
66.249.64.90 - - [12/Dec/2019:05:43:18 +0900] "GET /error/kr/error.jsp HTTP/1.1" 500 3762
104.222.33.85 - - [12/Dec/2019:05:53:09 +0900] "GET /index.jsp HTTP/1.1" 302 -
104.222.33.85 - - [12/Dec/2019:05:53:09 +0900] "GET /home/en/main/main.do HTTP/1.1" 200 11080
66.249.64.90 - - [12/Dec/2019:05:53:46 +0900] "GET /error/kr/error.jsp HTTP/1.1" 500 3762
66.249.64.210 - - [12/Dec/2019:05:54:55 +0900] "GET /error/kr/error.jsp HTTP/1.1" 500 3570
66.249.64.210 - - [12/Dec/2019:06:01:28 +0900] "GET /error/kr/error.jsp HTTP/1.1" 500 3570
66.249.64.90 - - [12/Dec/2019:06:05:42 +0900] "GET /error/kr/error.jsp HTTP/1.1" 500 3762
125.209.235.173 - - [12/Dec/2019:06:09:15 +0900] "GET /error/kr/error.jsp HTTP/1.1" 500 3570
207.46.13.204 - - [12/Dec/2019:06:10:15 +0900] "GET /error/kr/error.jsp HTTP/1.1" 500 3570
157.55.39.12 - - [12/Dec/2019:06:10:19 +0900] "GET /error/kr/error.jsp HTTP/1.1" 500 3570
104.222.33.72 - - [12/Dec/2019:06:14:20 +0900] "GET /index.jsp HTTP/1.1" 302 -
104.222.33.72 - - [12/Dec/2019:06:14:20 +0900] "GET /home/en/main/main.do HTTP/1.1" 200 11080
66.249.64.90 - - [12/Dec/2019:06:15:38 +0900] "GET /error/kr/error.jsp HTTP/1.1" 500 3762
207.46.13.204 - - [12/Dec/2019:06:18:56 +0900] "GET /error/kr/error.jsp HTTP/1.1" 500 3570
157.55.39.12 - - [12/Dec/2019:06:19:00 +0900] "GET /error/kr/error.jsp HTTP/1.1" 500 3570
23.100.232.233 - - [12/Dec/2019:06:21:03 +0900] "GET /home/en/meetourpartners/domestic.do HTTP/1.1" 200 69240
207.46.13.138 - - [12/Dec/2019:06:22:03 +0900] "GET /error/kr/error.jsp HTTP/1.1" 500 3570
193.111.62.163 - - [12/Dec/2019:06:25:44 +0900] "GET /home/news/news/list.do HTTP/1.1" 200 7091
66.249.64.90 - - [12/Dec/2019:06:27:06 +0900] "GET /error/kr/error.jsp HTTP/1.1" 500 3762
34.199.176.251 - - [12/Dec/2019:06:37:52 +0900] "GET /home/news/news/view.do?num=3 HTTP/1.1" 200 5573
34.199.176.251 - - [12/Dec/2019:06:37:53 +0900] "GET /home/news/news/view.do HTTP/1.1" 500 3570
207.46.13.204 - - [12/Dec/2019:06:38:46 +0900] "GET /home/news/news/view.do?page=1&num=2 HTTP/1.1" 200 6977
66.249.64.90 - - [12/Dec/2019:06:39:08 +0900] "GET /error/kr/error.jsp HTTP/1.1" 500 3762
66.249.64.212 - - [12/Dec/2019:06:39:09 +0900] "GET /error/kr/error.jsp HTTP/1.1" 500 3570
34.199.176.251 - - [12/Dec/2019:06:39:36 +0900] "GET /home/news/news/view.do?num=3 HTTP/1.1" 200 5573
34.199.176.251 - - [12/Dec/2019:06:39:37 +0900] "GET /home/news/news/view.do HTTP/1.1" 500 3570
34.199.176.251 - - [12/Dec/2019:06:45:33 +0900] "GET /home/news/news/view.do?num=2 HTTP/1.1" 200 6974
34.199.176.251 - - [12/Dec/2019:06:45:34 +0900] "GET /home/news/news/view.do HTTP/1.1" 500 3570
34.199.176.251 - - [12/Dec/2019:06:47:37 +0900] "GET /home/news/news/view.do?num=2 HTTP/1.1" 200 6974
34.199.176.251 - - [12/Dec/2019:06:47:38 +0900] "GET /home/news/news/view.do HTTP/1.1" 500 3570
66.249.64.90 - - [12/Dec/2019:06:49:24 +0900] "GET /error/kr/error.jsp HTTP/1.1" 500 3762
54.219.169.31 - - [12/Dec/2019:06:50:06 +0900] "GET /index.jsp HTTP/1.1" 302 -
54.219.169.31 - - [12/Dec/2019:06:50:06 +0900] "GET /home/main/main.do HTTP/1.1" 200 12222
207.46.13.138 - - [12/Dec/2019:06:50:07 +0900] "GET /error/kr/error.jsp HTTP/1.1" 500 3570
41.164.23.42 - - [12/Dec/2019:06:56:08 +0900] "GET /index.jsp HTTP/1.1" 302 -
66.249.64.90 - - [12/Dec/2019:07:01:40 +0900] "GET /error/kr/error.jsp HTTP/1.1" 500 3762
12.161.168.123 - - [12/Dec/2019:07:05:22 +0900] "GET /home/en/watwedo/history.do HTTP/1.1" 200 8791
12.161.168.123 - - [12/Dec/2019:07:05:36 +0900] "GET /home/en/watwedo/overview.do HTTP/1.1" 200 7050
207.46.13.204 - - [12/Dec/2019:07:09:37 +0900] "GET /index.jsp?ko HTTP/1.1" 302 -
207.46.13.204 - - [12/Dec/2019:07:09:38 +0900] "GET /home/main/main.do HTTP/1.1" 200 8898
184.105.108.2 - - [12/Dec/2019:07:10:25 +0900] "GET /error/kr/error.jsp HTTP/1.1" 500 3570
184.105.108.2 - - [12/Dec/2019:07:10:25 +0900] "GET /index.jsp HTTP/1.1" 302 -
184.105.108.2 - - [12/Dec/2019:07:10:26 +0900] "GET /home/en/main/main.do HTTP/1.1" 200 11080
66.249.64.212 - - [12/Dec/2019:07:11:56 +0900] "GET /error/kr/error.jsp HTTP/1.1" 500 3570
66.249.64.90 - - [12/Dec/2019:07:11:57 +0900] "GET /error/kr/error.jsp HTTP/1.1" 500 3762
23.100.232.233 - - [12/Dec/2019:07:18:20 +0900] "GET /home/en/meetourpartners/domestic.do HTTP/1.1" 200 69240
66.249.64.210 - - [12/Dec/2019:07:21:41 +0900] "GET /error/kr/error.jsp HTTP/1.1" 500 3570
207.46.13.197 - - [12/Dec/2019:07:23:34 +0900] "GET /error/kr/error.jsp HTTP/1.1" 500 3570
23.100.232.233 - - [12/Dec/2019:07:31:47 +0900] "GET /index.jsp HTTP/1.1" 302 -
23.100.232.233 - - [12/Dec/2019:07:31:48 +0900] "GET /home/en/main/main.do HTTP/1.1" 200 11080
193.111.62.163 - - [12/Dec/2019:07:33:11 +0900] "GET /home/news/news/list.do HTTP/1.1" 200 7091
207.46.13.138 - - [12/Dec/2019:07:37:18 +0900] "GET /error/kr/error.jsp HTTP/1.1" 500 3570
66.249.64.90 - - [12/Dec/2019:07:51:50 +0900] "GET /error/kr/error.jsp HTTP/1.1" 500 3762
207.46.13.138 - - [12/Dec/2019:07:54:46 +0900] "GET /error/kr/error.jsp HTTP/1.1" 500 3570
66.249.64.210 - - [12/Dec/2019:07:55:19 +0900] "GET /error/kr/error.jsp HTTP/1.1" 500 3570
23.100.232.233 - - [12/Dec/2019:07:55:58 +0900] "GET /home/en/whoweare/korea.do HTTP/1.1" 200 31310
66.249.64.210 - - [12/Dec/2019:07:59:13 +0900] "GET /error/kr/error.jsp HTTP/1.1" 500 3570
211.192.46.82 - - [12/Dec/2019:08:00:38 +0900] "GET /index.jsp HTTP/1.1" 302 -
211.192.46.82 - - [12/Dec/2019:08:00:38 +0900] "GET /home/main/main.do HTTP/1.1" 200 12222
211.192.46.82 - - [12/Dec/2019:08:00:41 +0900] "GET /home/contact/contact.do HTTP/1.1" 200 5224
34.222.76.218 - - [12/Dec/2019:08:02:08 +0900] "GET /index.jsp HTTP/1.1" 302 -
34.222.76.218 - - [12/Dec/2019:08:02:08 +0900] "GET /home/main/main.do HTTP/1.1" 200 12222
207.46.13.138 - - [12/Dec/2019:08:02:21 +0900] "GET /error/kr/error.jsp HTTP/1.1" 500 3570
61.103.49.10 - - [12/Dec/2019:08:05:19 +0900] "GET /home/main/main.do HTTP/1.1" 200 12222
71.6.232.9 - - [12/Dec/2019:08:06:49 +0900] "GET /index.jsp HTTP/1.1" 302 -
66.249.64.92 - - [12/Dec/2019:08:08:47 +0900] "GET /error/kr/error.jsp HTTP/1.1" 500 3762
125.209.235.182 - - [12/Dec/2019:08:09:16 +0900] "GET /error/kr/error.jsp HTTP/1.1" 500 3570
220.243.135.252 - - [12/Dec/2019:08:10:23 +0900] "GET /error/kr/error.jsp HTTP/1.1" 500 3762
193.111.62.163 - - [12/Dec/2019:08:15:51 +0900] "GET /home/news/news/list.do HTTP/1.1" 200 7091
45.33.66.85 - - [12/Dec/2019:08:27:03 +0900] "GET /error/kr/error.jsp HTTP/1.1" 500 3570
66.249.64.212 - - [12/Dec/2019:08:28:18 +0900] "GET /error/kr/error.jsp HTTP/1.1" 500 3570
111.0.123.8 - - [12/Dec/2019:08:32:22 +0900] "GET /LoginPage.do HTTP/1.1" 404 3570
66.249.64.90 - - [12/Dec/2019:08:51:47 +0900] "GET /error/kr/error.jsp HTTP/1.1" 500 3762
66.249.64.214 - - [12/Dec/2019:08:51:48 +0900] "GET /error/kr/error.jsp HTTP/1.1" 500 3570
124.64.162.233 - - [12/Dec/2019:08:54:19 +0900] "GET /error/kr/error.jsp HTTP/1.1" 500 3570
66.249.64.90 - - [12/Dec/2019:09:02:03 +0900] "GET /error/kr/error.jsp HTTP/1.1" 500 3762
23.100.232.233 - - [12/Dec/2019:09:09:22 +0900] "GET /home/en/whoweare/korea.do HTTP/1.1" 200 31310
157.55.39.251 - - [12/Dec/2019:09:10:43 +0900] "GET /error/kr/error.jsp HTTP/1.1" 500 3570
207.46.13.144 - - [12/Dec/2019:09:11:33 +0900] "GET /error/kr/error.jsp HTTP/1.1" 500 3570
66.249.64.90 - - [12/Dec/2019:09:12:13 +0900] "GET /error/kr/error.jsp HTTP/1.1" 500 3762
46.229.168.148 - - [12/Dec/2019:09:13:17 +0900] "GET /error/kr/error.jsp HTTP/1.1" 500 3570
157.55.39.251 - - [12/Dec/2019:09:14:26 +0900] "GET /error/kr/error.jsp HTTP/1.1" 500 3570
193.111.62.163 - - [12/Dec/2019:09:18:04 +0900] "GET /home/news/news/list.do HTTP/1.1" 200 7091
157.55.39.36 - - [12/Dec/2019:09:20:35 +0900] "GET /error/kr/error.jsp HTTP/1.1" 500 3762
223.62.175.31 - - [12/Dec/2019:09:24:05 +0900] "GET /index.jsp HTTP/1.1" 302 -
223.62.175.31 - - [12/Dec/2019:09:24:05 +0900] "GET /home/main/main.do HTTP/1.1" 302 -
223.62.175.31 - - [12/Dec/2019:09:24:06 +0900] "GET /home/main/main.do HTTP/1.1" 200 8898
223.62.175.31 - - [12/Dec/2019:09:24:06 +0900] "GET /error/kr/error.jsp HTTP/1.1" 500 3762
223.62.175.31 - - [12/Dec/2019:09:24:18 +0900] "GET /home/contact/contact.do HTTP/1.1" 200 7487
207.46.13.138 - - [12/Dec/2019:09:32:44 +0900] "GET /error/kr/error.jsp HTTP/1.1" 500 3570
40.77.167.63 - - [12/Dec/2019:09:32:49 +0900] "GET /error/kr/error.jsp HTTP/1.1" 500 3570
40.77.167.138 - - [12/Dec/2019:09:34:46 +0900] "GET /error/kr/error.jsp HTTP/1.1" 500 3570
157.55.39.251 - - [12/Dec/2019:09:43:20 +0900] "GET /home/en/about/about.do HTTP/1.1" 200 16658
34.199.176.251 - - [12/Dec/2019:09:43:32 +0900] "GET /home/news/news/list.do HTTP/1.1" 200 7091
34.199.176.251 - - [12/Dec/2019:09:44:24 +0900] "GET /home/news/news/list.do HTTP/1.1" 200 7091
23.100.232.233 - - [12/Dec/2019:09:50:16 +0900] "GET /home/en/whoweare/korea.do HTTP/1.1" 200 31310
198.108.67.112 - - [12/Dec/2019:09:51:16 +0900] "GET /index.jsp HTTP/1.1" 302 -
198.108.67.112 - - [12/Dec/2019:09:51:16 +0900] "GET /home/main/main.do HTTP/1.1" 200 12222
171.67.70.128 - - [12/Dec/2019:09:51:17 +0900] "GET /index.jsp HTTP/1.1" 302 -
171.67.70.144 - - [12/Dec/2019:09:51:17 +0900] "GET /index.jsp HTTP/1.1" 302 -
171.67.70.128 - - [12/Dec/2019:09:51:17 +0900] "GET /home/main/main.do HTTP/1.1" 200 12222
171.67.70.144 - - [12/Dec/2019:09:51:17 +0900] "GET /home/main/main.do HTTP/1.1" 200 12222
66.240.244.146 - - [12/Dec/2019:09:51:23 +0900] "GET /index.jsp HTTP/1.1" 302 -
66.240.244.146 - - [12/Dec/2019:09:51:23 +0900] "GET /home/main/main.do HTTP/1.1" 200 12222
133.34.149.5 - - [12/Dec/2019:09:51:26 +0900] "GET /index.jsp HTTP/1.1" 302 -
133.34.149.5 - - [12/Dec/2019:09:51:26 +0900] "GET /home/main/main.do HTTP/1.1" 200 12222
207.46.13.144 - - [12/Dec/2019:09:51:46 +0900] "GET /error/kr/error.jsp HTTP/1.1" 500 3570
139.19.117.1 - - [12/Dec/2019:09:51:59 +0900] "GET /index.jsp HTTP/1.1" 302 -
139.19.117.1 - - [12/Dec/2019:09:52:00 +0900] "GET /home/main/main.do HTTP/1.1" 200 12222
40.77.167.63 - - [12/Dec/2019:09:52:10 +0900] "GET /index.jsp HTTP/1.1" 302 -
129.78.110.128 - - [12/Dec/2019:09:53:26 +0900] "GET /index.jsp HTTP/1.1" 302 -
129.78.110.128 - - [12/Dec/2019:09:53:26 +0900] "GET /home/main/main.do HTTP/1.1" 200 12222
40.77.167.138 - - [12/Dec/2019:09:54:00 +0900] "GET /home/news/news/view.do?page=2&num=7 HTTP/1.1" 200 5548
200.19.156.22 - - [12/Dec/2019:09:54:46 +0900] "GET /index.jsp HTTP/1.1" 302 -
200.19.156.22 - - [12/Dec/2019:09:54:46 +0900] "GET /home/main/main.do HTTP/1.1" 200 12222
58.55.133.146 - - [12/Dec/2019:09:54:49 +0900] "GET /error/kr/error.jsp HTTP/1.1" 500 3570
58.55.133.146 - - [12/Dec/2019:09:54:49 +0900] "GET /error/kr/error.jsp HTTP/1.1" 500 3570
46.12.22.44 - - [12/Dec/2019:09:56:01 +0900] "GET /index.jsp HTTP/1.1" 302 -
46.12.22.44 - - [12/Dec/2019:09:56:01 +0900] "GET /index.jsp HTTP/1.1" 302 -
122.46.248.164 - - [12/Dec/2019:09:59:04 +0900] "GET /index.jsp HTTP/1.1" 302 -
122.46.248.164 - - [12/Dec/2019:09:59:04 +0900] "GET /error/kr/error.jsp HTTP/1.1" 500 3570
122.46.248.164 - - [12/Dec/2019:09:59:05 +0900] "GET /index.jsp HTTP/1.1" 302 -
122.46.248.164 - - [12/Dec/2019:09:59:05 +0900] "GET /home/main/main.do HTTP/1.1" 200 12222
108.217.85.62 - - [12/Dec/2019:09:59:11 +0900] "GET /index.jsp HTTP/1.1" 302 -
108.217.85.62 - - [12/Dec/2019:09:59:12 +0900] "GET /home/en/main/main.do HTTP/1.1" 200 11080
157.55.39.36 - - [12/Dec/2019:09:59:14 +0900] "GET /error/kr/error.jsp HTTP/1.1" 500 3762
207.46.13.138 - - [12/Dec/2019:09:59:17 +0900] "GET /home/en/whoweare/korea.do HTTP/1.1" 200 44648
108.217.85.62 - - [12/Dec/2019:09:59:35 +0900] "GET /home/en/watwedo/overview.do HTTP/1.1" 200 6156
108.217.85.62 - - [12/Dec/2019:09:59:43 +0900] "GET /home/en/meetourpartners/all.do HTTP/1.1" 200 95227
108.217.85.62 - - [12/Dec/2019:10:00:01 +0900] "GET /home/en/contact/contact.do HTTP/1.1" 200 5187
108.217.85.62 - - [12/Dec/2019:10:00:04 +0900] "GET /home/en/about/about.do HTTP/1.1" 200 14811
108.217.85.62 - - [12/Dec/2019:10:00:10 +0900] "GET /home/en/meetourpartners/all.do HTTP/1.1" 200 95227
108.217.85.62 - - [12/Dec/2019:10:00:13 +0900] "GET /home/en/whoweare/korea.do HTTP/1.1" 200 31310
122.46.248.164 - - [12/Dec/2019:10:00:13 +0900] "GET /home/about/about.do HTTP/1.1" 200 14216
122.46.248.164 - - [12/Dec/2019:10:00:28 +0900] "GET /home/contact/contact.do HTTP/1.1" 200 5224
119.180.98.134 - - [12/Dec/2019:10:01:02 +0900] "GET /error/kr/error.jsp HTTP/1.1" 500 3570
157.55.39.36 - - [12/Dec/2019:10:01:15 +0900] "GET /error/kr/error.jsp HTTP/1.1" 500 3762
40.77.167.63 - - [12/Dec/2019:10:01:24 +0900] "GET /index.jsp HTTP/1.1" 302 -
152.99.252.12 - - [12/Dec/2019:10:01:57 +0900] "GET /index.jsp HTTP/1.1" 302 -
152.99.252.12 - - [12/Dec/2019:10:02:18 +0900] "GET /error/kr/error.jsp HTTP/1.1" 500 3570
66.249.64.94 - - [12/Dec/2019:10:02:38 +0900] "GET /error/kr/error.jsp HTTP/1.1" 500 3762
152.99.252.12 - - [12/Dec/2019:10:02:48 +0900] "GET /index.jsp HTTP/1.1" 302 -
125.209.235.171 - - [12/Dec/2019:10:09:13 +0900] "GET /error/kr/error.jsp HTTP/1.1" 500 3570
125.209.235.181 - - [12/Dec/2019:10:09:15 +0900] "GET /error/kr/error.jsp HTTP/1.1" 500 3570
66.249.64.90 - - [12/Dec/2019:10:12:42 +0900] "GET /error/kr/error.jsp HTTP/1.1" 500 3762
34.199.176.251 - - [12/Dec/2019:10:17:05 +0900] "GET /home/news/news/view.do?num=3 HTTP/1.1" 200 5573
34.199.176.251 - - [12/Dec/2019:10:17:06 +0900] "GET /home/news/news/view.do HTTP/1.1" 500 3570
34.199.176.251 - - [12/Dec/2019:10:18:51 +0900] "GET /home/news/news/view.do?num=3 HTTP/1.1" 200 5573
34.199.176.251 - - [12/Dec/2019:10:18:52 +0900] "GET /home/news/news/view.do HTTP/1.1" 500 3570
119.192.197.203 - - [12/Dec/2019:10:19:04 +0900] "GET /index.jsp HTTP/1.1" 302 -
119.192.197.203 - - [12/Dec/2019:10:19:04 +0900] "GET /home/en/main/main.do HTTP/1.1" 200 11080
119.192.197.203 - - [12/Dec/2019:10:19:10 +0900] "GET /home/main/main.do HTTP/1.1" 200 12222
119.192.197.203 - - [12/Dec/2019:10:19:18 +0900] "GET /index.jsp HTTP/1.1" 302 -
119.192.197.203 - - [12/Dec/2019:10:19:18 +0900] "GET /home/main/main.do HTTP/1.1" 200 12222
119.192.197.203 - - [12/Dec/2019:10:19:24 +0900] "GET /home/whoweare/korea.do HTTP/1.1" 200 31387
119.192.197.203 - - [12/Dec/2019:10:19:28 +0900] "GET /home/whoweare/korea.do HTTP/1.1" 200 31387
113.198.180.140 - - [12/Dec/2019:10:21:14 +0900] "GET /home/main/main.do HTTP/1.1" 200 12222
113.198.180.170 - - [12/Dec/2019:10:21:21 +0900] "GET /home/main/main.do HTTP/1.1" 302 -
113.198.180.170 - - [12/Dec/2019:10:21:21 +0900] "GET /home/main/main.do HTTP/1.1" 200 8898
113.198.180.170 - - [12/Dec/2019:10:21:22 +0900] "GET /error/kr/error.jsp HTTP/1.1" 500 3762
112.97.61.41 - - [12/Dec/2019:10:23:41 +0900] "GET /error/kr/error.jsp HTTP/1.1" 500 3570
207.46.13.138 - - [12/Dec/2019:10:24:08 +0900] "GET /error/kr/error.jsp HTTP/1.1" 500 3570
45.56.155.240 - - [12/Dec/2019:10:25:23 +0900] "GET /index.jsp HTTP/1.1" 302 -
45.56.155.240 - - [12/Dec/2019:10:25:24 +0900] "GET /home/en/main/main.do HTTP/1.1" 200 11080
2.187.5.107 - - [12/Dec/2019:10:26:32 +0900] "GET /index.jsp HTTP/1.1" 302 -
2.187.5.107 - - [12/Dec/2019:10:26:32 +0900] "GET /index.jsp HTTP/1.1" 302 -
207.46.13.192 - - [12/Dec/2019:10:29:15 +0900] "GET /error/kr/error.jsp HTTP/1.1" 500 3570
207.46.13.192 - - [12/Dec/2019:10:38:28 +0900] "GET /error/kr/error.jsp HTTP/1.1" 500 3570
13.228.6.37 - - [12/Dec/2019:10:40:34 +0900] "GET /home/en/meetourpartners/all.do HTTP/1.1" 200 95227
1.232.2.5 - - [12/Dec/2019:10:44:35 +0900] "GET /index.jsp HTTP/1.1" 302 -
1.232.2.5 - - [12/Dec/2019:10:44:35 +0900] "GET /home/main/main.do HTTP/1.1" 200 12222
1.232.2.5 - - [12/Dec/2019:10:44:58 +0900] "GET /home/watwedo/overview.do HTTP/1.1" 200 6147
113.198.180.140 - - [12/Dec/2019:10:45:22 +0900] "GET /home/main/main.do HTTP/1.1" 200 12222
113.198.180.140 - - [12/Dec/2019:10:45:22 +0900] "GET /error/kr/error.jsp HTTP/1.1" 500 3570
1.232.2.5 - - [12/Dec/2019:10:46:48 +0900] "GET /home/whoweare/korea.do HTTP/1.1" 200 31387
1.232.2.5 - - [12/Dec/2019:10:47:46 +0900] "GET /home/meetourpartners/all.do HTTP/1.1" 200 101569
1.232.2.5 - - [12/Dec/2019:10:48:02 +0900] "GET /home/news/news/list.do HTTP/1.1" 200 7091
1.232.2.5 - - [12/Dec/2019:10:48:05 +0900] "GET /home/contact/contact.do HTTP/1.1" 200 5224
1.232.2.5 - - [12/Dec/2019:10:48:08 +0900] "GET /home/about/about.do HTTP/1.1" 200 14216
66.249.64.212 - - [12/Dec/2019:10:52:47 +0900] "GET /error/kr/error.jsp HTTP/1.1" 500 3570
193.111.62.163 - - [12/Dec/2019:10:54:47 +0900] "GET /home/news/news/list.do HTTP/1.1" 200 7091
58.59.219.155 - - [12/Dec/2019:10:56:43 +0900] "GET /error/kr/error.jsp HTTP/1.1" 500 3570
66.249.64.210 - - [12/Dec/2019:11:02:58 +0900] "GET /error/kr/error.jsp HTTP/1.1" 500 3570
40.77.167.63 - - [12/Dec/2019:11:05:05 +0900] "GET /home/meetourpartners/all.do HTTP/1.1" 200 101569
60.208.171.186 - - [12/Dec/2019:11:05:21 +0900] "GET /error/kr/error.jsp HTTP/1.1" 500 3570
101.200.184.110 - - [12/Dec/2019:11:07:26 +0900] "GET /error/kr/error.jsp HTTP/1.1" 500 3570
222.235.208.2 - - [12/Dec/2019:11:09:00 +0900] "GET /error/kr/error.jsp HTTP/1.1" 500 3570
222.235.208.2 - - [12/Dec/2019:11:09:02 +0900] "GET /home/main/main.do HTTP/1.1" 200 12222
222.235.208.2 - - [12/Dec/2019:11:09:21 +0900] "GET /home/watwedo/overview.do HTTP/1.1" 200 6147
222.235.208.2 - - [12/Dec/2019:11:09:25 +0900] "GET /home/watwedo/history.do HTTP/1.1" 200 10614
222.235.208.2 - - [12/Dec/2019:11:09:26 +0900] "GET /home/watwedo/philosophy.do HTTP/1.1" 200 7162
222.235.208.2 - - [12/Dec/2019:11:09:29 +0900] "GET /home/whoweare/korea.do HTTP/1.1" 200 31387
222.235.208.2 - - [12/Dec/2019:11:09:32 +0900] "GET /home/meetourpartners/all.do HTTP/1.1" 200 101569
222.235.208.2 - - [12/Dec/2019:11:09:37 +0900] "GET /home/news/news/list.do HTTP/1.1" 200 7091
222.235.208.2 - - [12/Dec/2019:11:09:40 +0900] "GET /home/contact/contact.do HTTP/1.1" 200 5224
222.235.208.2 - - [12/Dec/2019:11:09:45 +0900] "GET /home/about/about.do HTTP/1.1" 200 14216
222.235.208.2 - - [12/Dec/2019:11:09:58 +0900] "GET /error/kr/error.jsp HTTP/1.1" 500 3570
66.249.64.210 - - [12/Dec/2019:11:12:51 +0900] "GET /error/kr/error.jsp HTTP/1.1" 500 3570
49.69.147.47 - - [12/Dec/2019:11:13:33 +0900] "GET /home/en/main/main.do HTTP/1.1" 200 11080
183.15.207.64 - - [12/Dec/2019:11:15:18 +0900] "GET /error/kr/error.jsp HTTP/1.1" 500 3570
110.228.193.163 - - [12/Dec/2019:11:19:57 +0900] "GET /index.jsp HTTP/1.1" 302 -
110.228.193.163 - - [12/Dec/2019:11:19:57 +0900] "GET /home/main/main.do HTTP/1.1" 200 12222
91.242.162.52 - - [12/Dec/2019:11:36:53 +0900] "GET /error/kr/error.jsp HTTP/1.1" 500 3570
91.242.162.52 - - [12/Dec/2019:11:36:54 +0900] "GET /error/kr/error.jsp HTTP/1.1" 500 3570
34.199.176.251 - - [12/Dec/2019:11:44:06 +0900] "GET /index.jsp HTTP/1.1" 302 -
34.199.176.251 - - [12/Dec/2019:11:44:06 +0900] "GET /home/main/main.do HTTP/1.1" 200 12222
40.77.167.63 - - [12/Dec/2019:11:49:06 +0900] "GET /error/kr/error.jsp HTTP/1.1" 500 3570
34.74.14.240 - - [12/Dec/2019:11:51:35 +0900] "GET /error/kr/error.jsp HTTP/1.0" 500 3570
34.74.14.240 - - [12/Dec/2019:11:51:36 +0900] "GET /home/en/about/about.do HTTP/1.0" 200 14811
66.249.64.214 - - [12/Dec/2019:11:53:04 +0900] "GET /error/kr/error.jsp HTTP/1.1" 500 3570
40.77.167.138 - - [12/Dec/2019:11:53:40 +0900] "GET /error/kr/error.jsp HTTP/1.1" 500 3570
34.74.14.240 - - [12/Dec/2019:11:57:34 +0900] "GET /error/kr/error.jsp HTTP/1.0" 500 3570
34.74.14.240 - - [12/Dec/2019:11:57:34 +0900] "GET /home/en/watwedo/overview.do HTTP/1.0" 200 6156
34.74.14.240 - - [12/Dec/2019:11:58:37 +0900] "GET /error/kr/error.jsp HTTP/1.0" 500 3570
34.74.14.240 - - [12/Dec/2019:11:58:37 +0900] "GET /home/main/main.do HTTP/1.0" 200 12222
34.74.14.240 - - [12/Dec/2019:12:03:32 +0900] "GET /error/kr/error.jsp HTTP/1.0" 500 3570
34.74.14.240 - - [12/Dec/2019:12:03:33 +0900] "GET /home/en/meetourpartners/all.do HTTP/1.0" 200 95227
61.174.131.109 - - [12/Dec/2019:12:04:12 +0900] "GET /error/kr/error.jsp HTTP/1.1" 500 3570
141.8.142.12 - - [12/Dec/2019:12:07:08 +0900] "GET /error/kr/error.jsp HTTP/1.1" 500 3570
141.8.142.12 - - [12/Dec/2019:12:07:12 +0900] "GET /home/whoweare/korea.do HTTP/1.1" 200 31387
40.77.167.138 - - [12/Dec/2019:12:08:17 +0900] "GET /error/kr/error.jsp HTTP/1.1" 500 3570
125.209.235.169 - - [12/Dec/2019:12:09:15 +0900] "GET /error/kr/error.jsp HTTP/1.1" 500 3570
34.74.14.240 - - [12/Dec/2019:12:12:03 +0900] "GET /error/kr/error.jsp HTTP/1.0" 500 3570
34.74.14.240 - - [12/Dec/2019:12:12:03 +0900] "GET /home/en/watwedo/philosophy.do HTTP/1.0" 200 7112
193.111.62.163 - - [12/Dec/2019:12:14:52 +0900] "GET /home/news/news/list.do HTTP/1.1" 200 7091
61.173.38.156 - - [12/Dec/2019:12:15:24 +0900] "GET /index.jsp HTTP/1.1" 302 -
61.173.38.156 - - [12/Dec/2019:12:15:24 +0900] "GET /home/main/main.do HTTP/1.1" 200 12222
61.173.38.156 - - [12/Dec/2019:12:15:35 +0900] "GET /home/meetourpartners/all.do HTTP/1.1" 200 101569
61.173.38.156 - - [12/Dec/2019:12:15:53 +0900] "GET /home/whoweare/korea.do HTTP/1.1" 200 31387
34.74.14.240 - - [12/Dec/2019:12:16:13 +0900] "GET /error/kr/error.jsp HTTP/1.0" 500 3570
34.74.14.240 - - [12/Dec/2019:12:16:13 +0900] "GET /home/en/whoweare/korea.do HTTP/1.0" 200 31310
61.173.38.156 - - [12/Dec/2019:12:16:19 +0900] "GET /home/whoweare/china.do HTTP/1.1" 200 10340
40.77.167.138 - - [12/Dec/2019:12:17:24 +0900] "GET /error/kr/error.jsp HTTP/1.1" 500 3570
34.74.14.240 - - [12/Dec/2019:12:18:54 +0900] "GET /error/kr/error.jsp HTTP/1.0" 500 3570
34.74.14.240 - - [12/Dec/2019:12:18:54 +0900] "GET /home/en/contact/contact.do HTTP/1.0" 200 5187
34.74.14.240 - - [12/Dec/2019:12:19:46 +0900] "GET /error/kr/error.jsp HTTP/1.0" 500 3570
34.74.14.240 - - [12/Dec/2019:12:19:46 +0900] "GET /home/en/meetourpartners/all.do HTTP/1.0" 200 95227
40.77.167.63 - - [12/Dec/2019:12:19:48 +0900] "GET /home/meetourpartners/all.do HTTP/1.1" 200 101569
34.74.14.240 - - [12/Dec/2019:12:19:50 +0900] "GET /error/kr/error.jsp HTTP/1.0" 500 3570
34.74.14.240 - - [12/Dec/2019:12:19:50 +0900] "GET /home/en/watwedo/overview.do HTTP/1.0" 200 6156
34.74.14.240 - - [12/Dec/2019:12:19:52 +0900] "GET /error/kr/error.jsp HTTP/1.0" 500 3570
34.74.14.240 - - [12/Dec/2019:12:19:52 +0900] "GET /home/en/whoweare/korea.do HTTP/1.0" 200 31310
34.74.14.240 - - [12/Dec/2019:12:19:54 +0900] "GET /error/kr/error.jsp HTTP/1.0" 500 3570
34.74.14.240 - - [12/Dec/2019:12:19:54 +0900] "GET /home/en/about/about.do HTTP/1.0" 200 14811
34.74.14.240 - - [12/Dec/2019:12:19:56 +0900] "GET /error/kr/error.jsp HTTP/1.0" 500 3570
34.74.14.240 - - [12/Dec/2019:12:19:56 +0900] "GET /home/en/contact/contact.do HTTP/1.0" 200 5187
34.74.14.240 - - [12/Dec/2019:12:19:58 +0900] "GET /error/kr/error.jsp HTTP/1.0" 500 3570
34.74.14.240 - - [12/Dec/2019:12:19:58 +0900] "GET /home/en/watwedo/philosophy.do HTTP/1.0" 200 7112
34.74.14.240 - - [12/Dec/2019:12:20:00 +0900] "GET /error/kr/error.jsp HTTP/1.0" 500 3570
34.74.14.240 - - [12/Dec/2019:12:20:00 +0900] "GET /home/main/main.do HTTP/1.0" 200 12222
103.131.71.48 - - [12/Dec/2019:12:21:02 +0900] "GET /error/kr/error.jsp HTTP/1.1" 500 3762
103.131.71.39 - - [12/Dec/2019:12:21:22 +0900] "GET /error/kr/error.jsp HTTP/1.1" 500 3570
119.62.4.3 - - [12/Dec/2019:12:21:43 +0900] "GET /error/kr/error.jsp HTTP/1.1" 500 3570
207.46.13.192 - - [12/Dec/2019:12:27:51 +0900] "GET /error/kr/error.jsp HTTP/1.1" 500 3570
202.104.183.122 - - [12/Dec/2019:12:28:25 +0900] "GET /error/kr/error.jsp HTTP/1.1" 500 3570
62.210.79.40 - - [12/Dec/2019:12:28:52 +0900] "GET /index.jsp HTTP/1.0" 302 -
62.210.79.40 - - [12/Dec/2019:12:28:52 +0900] "GET /home/main/main.do HTTP/1.0" 200 12222
62.210.79.40 - - [12/Dec/2019:12:28:53 +0900] "GET /home/contact/contact.do HTTP/1.0" 200 5224
157.55.39.18 - - [12/Dec/2019:12:35:24 +0900] "GET /error/kr/error.jsp HTTP/1.1" 500 3570
40.77.167.63 - - [12/Dec/2019:12:35:50 +0900] "GET /index.jsp HTTP/1.1" 302 -
40.77.167.63 - - [12/Dec/2019:12:35:58 +0900] "GET /home/main/main.do HTTP/1.1" 200 12222
113.108.166.2 - - [12/Dec/2019:12:36:48 +0900] "GET /error/kr/error.jsp HTTP/1.1" 500 3570
207.46.13.192 - - [12/Dec/2019:12:36:50 +0900] "GET /error/kr/error.jsp HTTP/1.1" 500 3570
207.46.13.192 - - [12/Dec/2019:12:36:50 +0900] "GET /error/kr/error.jsp HTTP/1.1" 500 3570
223.38.23.67 - - [12/Dec/2019:12:37:03 +0900] "GET /index.jsp HTTP/1.1" 302 -
223.38.23.67 - - [12/Dec/2019:12:37:03 +0900] "GET /home/main/main.do HTTP/1.1" 302 -
223.38.23.67 - - [12/Dec/2019:12:37:03 +0900] "GET /home/main/main.do HTTP/1.1" 200 8898
223.38.23.67 - - [12/Dec/2019:12:37:03 +0900] "GET /error/kr/error.jsp HTTP/1.1" 500 3762
223.38.23.67 - - [12/Dec/2019:12:37:06 +0900] "GET /home/whoweare/korea.do HTTP/1.1" 200 45742
223.38.23.67 - - [12/Dec/2019:12:38:09 +0900] "GET /error/kr/error.jsp HTTP/1.1" 500 3762
66.249.64.214 - - [12/Dec/2019:12:44:33 +0900] "GET /error/kr/error.jsp HTTP/1.1" 500 3570
66.249.70.26 - - [12/Dec/2019:12:45:02 +0900] "GET /error/kr/error.jsp HTTP/1.1" 500 3570
207.46.13.192 - - [12/Dec/2019:12:45:33 +0900] "GET /error/kr/error.jsp HTTP/1.1" 500 3570
54.68.85.0 - - [12/Dec/2019:12:51:11 +0900] "GET /error/kr/error.jsp HTTP/1.1" 500 3570
115.90.205.101 - - [12/Dec/2019:12:52:04 +0900] "GET /index.jsp HTTP/1.1" 302 -
115.90.205.101 - - [12/Dec/2019:12:52:04 +0900] "GET /home/main/main.do HTTP/1.1" 200 12222
115.90.205.101 - - [12/Dec/2019:12:52:22 +0900] "GET /home/en/main/main.do HTTP/1.1" 200 11080
115.90.205.101 - - [12/Dec/2019:12:52:24 +0900] "GET /home/main/main.do HTTP/1.1" 200 12222
115.90.205.101 - - [12/Dec/2019:12:52:33 +0900] "GET /home/watwedo/overview.do HTTP/1.1" 200 6147
115.90.205.101 - - [12/Dec/2019:12:52:53 +0900] "GET /home/whoweare/korea.do HTTP/1.1" 200 31387
40.77.167.63 - - [12/Dec/2019:12:53:20 +0900] "GET /index.jsp HTTP/1.1" 302 -
115.90.205.101 - - [12/Dec/2019:12:53:24 +0900] "GET /home/whoweare/korea.do HTTP/1.1" 200 31387
115.90.205.101 - - [12/Dec/2019:12:53:27 +0900] "GET /home/whoweare/china.do HTTP/1.1" 200 10340
115.90.205.101 - - [12/Dec/2019:12:53:34 +0900] "GET /home/meetourpartners/all.do HTTP/1.1" 200 101569
115.90.205.101 - - [12/Dec/2019:12:53:39 +0900] "GET /home/whoweare/korea.do HTTP/1.1" 200 31387
115.90.205.101 - - [12/Dec/2019:12:54:19 +0900] "GET /home/whoweare/china.do HTTP/1.1" 200 10340
115.90.205.101 - - [12/Dec/2019:12:54:28 +0900] "GET /home/news/news/list.do HTTP/1.1" 200 7091
115.90.205.101 - - [12/Dec/2019:12:54:32 +0900] "GET /home/news/news/view.do?page=1&num=1 HTTP/1.1" 200 8973
183.14.133.208 - - [12/Dec/2019:12:55:20 +0900] "GET /error/kr/error.jsp HTTP/1.1" 500 3570
207.46.13.138 - - [12/Dec/2019:13:00:14 +0900] "GET /error/kr/error.jsp HTTP/1.1" 500 3570
121.254.147.237 - - [12/Dec/2019:13:02:30 +0900] "GET /index.jsp HTTP/1.1" 302 -
121.254.147.237 - - [12/Dec/2019:13:02:30 +0900] "GET /home/en/main/main.do HTTP/1.1" 200 11080
210.52.224.28 - - [12/Dec/2019:13:04:30 +0900] "GET /index.jsp HTTP/1.1" 302 -
210.52.224.28 - - [12/Dec/2019:13:04:30 +0900] "GET /home/main/main.do HTTP/1.1" 200 12222
107.72.162.58 - - [12/Dec/2019:13:13:45 +0900] "GET /error/kr/error.jsp HTTP/1.1" 500 3762
193.111.62.163 - - [12/Dec/2019:13:17:52 +0900] "GET /home/news/news/list.do HTTP/1.1" 200 7091
113.77.195.226 - - [12/Dec/2019:13:25:25 +0900] "GET /error/kr/error.jsp HTTP/1.1" 500 3570
34.199.176.251 - - [12/Dec/2019:13:27:11 +0900] "GET /home/news/news/list.do HTTP/1.1" 200 7091
66.249.64.212 - - [12/Dec/2019:13:28:27 +0900] "GET /error/kr/error.jsp HTTP/1.1" 500 3570
45.33.66.85 - - [12/Dec/2019:13:32:03 +0900] "GET /error/kr/error.jsp HTTP/1.1" 500 3570
122.102.28.167 - - [12/Dec/2019:13:36:54 +0900] "GET /index.jsp HTTP/1.1" 302 -
177.154.57.169 - - [12/Dec/2019:13:39:30 +0900] "GET /index.jsp HTTP/1.1" 302 -
43.240.98.93 - - [12/Dec/2019:13:39:54 +0900] "GET /index.jsp HTTP/1.1" 302 -
43.240.98.93 - - [12/Dec/2019:13:39:54 +0900] "GET /home/main/main.do HTTP/1.1" 200 12222
66.220.149.2 - - [12/Dec/2019:13:49:37 +0900] "GET /index.jsp HTTP/1.1" 302 -
173.252.127.11 - - [12/Dec/2019:13:49:40 +0900] "GET /index.jsp HTTP/1.1" 302 -
173.252.127.39 - - [12/Dec/2019:13:49:40 +0900] "GET /home/main/main.do HTTP/1.1" 200 12222
66.220.149.35 - - [12/Dec/2019:13:49:41 +0900] "GET /index.jsp HTTP/1.1" 302 -
66.249.64.210 - - [12/Dec/2019:13:53:17 +0900] "GET /error/kr/error.jsp HTTP/1.1" 500 3570
61.160.223.10 - - [12/Dec/2019:13:54:53 +0900] "GET /error/kr/error.jsp HTTP/1.1" 500 3570
61.160.223.10 - - [12/Dec/2019:13:54:54 +0900] "GET /error/kr/error.jsp HTTP/1.1" 500 3570
61.160.223.10 - - [12/Dec/2019:13:54:54 +0900] "GET /error/kr/error.jsp HTTP/1.1" 500 3570
61.160.223.10 - - [12/Dec/2019:13:54:54 +0900] "GET /error/kr/error.jsp HTTP/1.1" 500 3570
211.56.145.140 - - [12/Dec/2019:13:55:16 +0900] "GET /error/kr/error.jsp HTTP/1.1" 500 3570
34.199.176.251 - - [12/Dec/2019:13:55:58 +0900] "GET /home/news/news/view.do?num=3 HTTP/1.1" 200 5573
34.199.176.251 - - [12/Dec/2019:13:55:59 +0900] "GET /home/news/news/view.do HTTP/1.1" 500 3570
34.199.176.251 - - [12/Dec/2019:13:56:14 +0900] "GET /home/news/news/view.do?num=3 HTTP/1.1" 200 5573
34.199.176.251 - - [12/Dec/2019:13:56:15 +0900] "GET /home/news/news/view.do HTTP/1.1" 500 3570
207.46.13.200 - - [12/Dec/2019:13:58:53 +0900] "GET /error/kr/error.jsp HTTP/1.1" 500 3570
66.249.64.210 - - [12/Dec/2019:13:59:59 +0900] "GET /error/kr/error.jsp HTTP/1.1" 500 3570
141.8.142.26 - - [12/Dec/2019:14:02:12 +0900] "GET /home/en/main/main.do HTTP/1.1" 302 -
141.8.142.26 - - [12/Dec/2019:14:02:14 +0900] "GET /error/kr/error.jsp HTTP/1.1" 500 3762
141.8.142.26 - - [12/Dec/2019:14:02:15 +0900] "GET /home/en/main/main.do HTTP/1.1" 200 8279
125.209.235.179 - - [12/Dec/2019:14:02:52 +0900] "GET /error/kr/error.jsp HTTP/1.1" 500 3570
66.249.64.90 - - [12/Dec/2019:14:14:33 +0900] "GET /error/kr/error.jsp HTTP/1.1" 500 3762
193.111.62.163 - - [12/Dec/2019:14:16:52 +0900] "GET /home/news/news/list.do HTTP/1.1" 200 7091
203.217.244.130 - - [12/Dec/2019:14:18:02 +0900] "GET /home/meetourpartners/domestic.do HTTP/1.1" 200 73451
80.188.141.166 - - [12/Dec/2019:14:21:40 +0900] "GET /index.jsp HTTP/1.1" 302 -
207.46.13.115 - - [12/Dec/2019:14:30:46 +0900] "GET /error/kr/error.jsp HTTP/1.1" 500 3570
42.236.10.109 - - [12/Dec/2019:14:31:17 +0900] "GET /error/kr/error.jsp HTTP/1.1" 500 3570
110.70.16.120 - - [12/Dec/2019:14:32:19 +0900] "GET /home/whoweare/china.do HTTP/1.1" 200 11536
110.70.16.120 - - [12/Dec/2019:14:32:20 +0900] "GET /home/whoweare/korea.do HTTP/1.1" 200 45742
49.82.200.142 - - [12/Dec/2019:14:32:49 +0900] "GET /error/kr/error.jsp HTTP/1.1" 500 3570
207.46.13.115 - - [12/Dec/2019:14:33:07 +0900] "GET /error/kr/error.jsp HTTP/1.1" 500 3570
38.99.62.91 - - [12/Dec/2019:14:35:15 +0900] "GET /home/watwedo/philosophy.do HTTP/1.1" 200 7162
38.99.62.91 - - [12/Dec/2019:14:35:55 +0900] "GET /home/main/main.do HTTP/1.1" 200 12222
38.99.62.91 - - [12/Dec/2019:14:36:35 +0900] "GET /home/en/meetourpartners/all.do HTTP/1.1" 200 95227
38.99.62.91 - - [12/Dec/2019:14:37:14 +0900] "GET /home/news/news/view.do?page=&num=2 HTTP/1.1" 200 6974
43.252.73.250 - - [12/Dec/2019:14:37:52 +0900] "GET /home/en/contact/contact.do HTTP/1.1" 200 5187
38.99.62.91 - - [12/Dec/2019:14:38:05 +0900] "GET /home/about/about.do HTTP/1.1" 200 14216
38.99.62.91 - - [12/Dec/2019:14:38:30 +0900] "GET /home/news/news/list.do?page= HTTP/1.1" 200 7091
136.228.173.214 - - [12/Dec/2019:14:39:01 +0900] "GET /error/kr/error.jsp HTTP/1.1" 500 3570
38.99.62.91 - - [12/Dec/2019:14:39:10 +0900] "GET /home/news/news/view.do?page=1&num=1 HTTP/1.1" 200 8973
136.228.173.214 - - [12/Dec/2019:14:39:16 +0900] "GET /home/whoweare/korea.do HTTP/1.1" 302 -
136.228.173.214 - - [12/Dec/2019:14:39:17 +0900] "GET /home/whoweare/korea.do HTTP/1.1" 200 45742
136.228.173.214 - - [12/Dec/2019:14:39:34 +0900] "GET /home/en/main/main.do HTTP/1.1" 200 8279
38.99.62.91 - - [12/Dec/2019:14:39:35 +0900] "GET /home/news/news/view.do?page=1&num=2 HTTP/1.1" 200 6977
136.228.173.214 - - [12/Dec/2019:14:39:40 +0900] "GET /error/kr/error.jsp HTTP/1.1" 500 3762
136.228.173.214 - - [12/Dec/2019:14:39:57 +0900] "GET /home/en/whoweare/korea.do HTTP/1.1" 200 44648
38.99.62.91 - - [12/Dec/2019:14:40:00 +0900] "GET /home/news/news/view.do?page=1&num=3 HTTP/1.1" 200 5576
38.99.62.91 - - [12/Dec/2019:14:40:40 +0900] "GET /home/news/news/view.do?page=1&num=4 HTTP/1.1" 200 9123
38.99.62.91 - - [12/Dec/2019:14:41:19 +0900] "GET /home/news/news/view.do?page=1&num=5 HTTP/1.1" 200 9112
66.249.64.210 - - [12/Dec/2019:14:41:48 +0900] "GET /error/kr/error.jsp HTTP/1.1" 500 3570
38.99.62.91 - - [12/Dec/2019:14:41:59 +0900] "GET /home/news/news/view.do?page=1&num=6 HTTP/1.1" 200 9121
136.228.173.214 - - [12/Dec/2019:14:42:37 +0900] "GET /error/kr/error.jsp HTTP/1.1" 500 3762
38.99.62.91 - - [12/Dec/2019:14:42:38 +0900] "GET /home/news/news/view.do?page=1&num=7 HTTP/1.1" 200 5548
207.46.13.115 - - [12/Dec/2019:14:42:56 +0900] "GET /error/kr/error.jsp HTTP/1.1" 500 3570
