213.170.116.98 - - [26/Nov/2019:18:03:53 +0900] "GET /error/kr/error.jsp HTTP/1.1" 500 3570
31.13.103.4 - - [26/Nov/2019:18:06:40 +0900] "GET /index.jsp?ko HTTP/1.1" 302 -
31.13.103.7 - - [26/Nov/2019:18:06:40 +0900] "GET /index.jsp?ko HTTP/1.1" 302 -
31.13.103.7 - - [26/Nov/2019:18:06:41 +0900] "GET /home/main/main.do HTTP/1.1" 200 12222
31.13.103.4 - - [26/Nov/2019:18:06:41 +0900] "GET /home/main/main.do HTTP/1.1" 200 12222
34.199.176.251 - - [26/Nov/2019:18:08:55 +0900] "GET /home/news/news/view.do?num=3 HTTP/1.1" 200 5573
34.199.176.251 - - [26/Nov/2019:18:08:57 +0900] "GET /home/news/news/view.do HTTP/1.1" 500 3570
125.209.235.168 - - [26/Nov/2019:18:10:30 +0900] "GET /error/kr/error.jsp HTTP/1.1" 500 3570
136.243.129.166 - - [26/Nov/2019:18:11:54 +0900] "GET /error/kr/error.jsp HTTP/1.1" 500 3570
138.201.205.40 - - [26/Nov/2019:18:12:01 +0900] "GET /error/kr/error.jsp HTTP/1.1" 500 3570
138.201.205.40 - - [26/Nov/2019:18:12:07 +0900] "GET /error/kr/error.jsp HTTP/1.1" 500 3570
193.111.62.163 - - [26/Nov/2019:18:23:37 +0900] "GET /home/news/news/list.do HTTP/1.1" 200 7091
117.111.16.162 - - [26/Nov/2019:18:30:27 +0900] "GET /index.jsp HTTP/1.1" 302 -
117.111.16.162 - - [26/Nov/2019:18:30:27 +0900] "GET /home/main/main.do HTTP/1.1" 302 -
117.111.16.162 - - [26/Nov/2019:18:30:27 +0900] "GET /home/main/main.do HTTP/1.1" 200 8898
117.111.16.162 - - [26/Nov/2019:18:30:28 +0900] "GET /error/kr/error.jsp HTTP/1.1" 500 3762
117.111.16.162 - - [26/Nov/2019:18:30:30 +0900] "GET /home/watwedo/overview.do HTTP/1.1" 200 7044
117.111.16.162 - - [26/Nov/2019:18:30:35 +0900] "GET /home/contact/contact.do HTTP/1.1" 200 7487
207.46.13.196 - - [26/Nov/2019:18:34:07 +0900] "GET /error/kr/error.jsp HTTP/1.1" 500 3570
77.75.76.161 - - [26/Nov/2019:18:42:52 +0900] "GET /error/kr/error.jsp HTTP/1.1" 500 3570
23.100.232.233 - - [26/Nov/2019:18:48:08 +0900] "GET /home/meetourpartners/all.do HTTP/1.1" 200 101569
207.46.13.196 - - [26/Nov/2019:18:49:51 +0900] "GET /home/watwedo/overview.do HTTP/1.1" 200 7044
207.46.13.196 - - [26/Nov/2019:18:50:10 +0900] "GET /error/kr/error.jsp HTTP/1.1" 500 3762
207.46.13.196 - - [26/Nov/2019:18:50:10 +0900] "GET /error/kr/error.jsp HTTP/1.1" 500 3762
119.207.72.117 - - [26/Nov/2019:18:56:39 +0900] "GET /home/main/main.do HTTP/1.1" 200 12222
103.131.71.142 - - [26/Nov/2019:18:57:33 +0900] "GET /error/kr/error.jsp HTTP/1.1" 500 3570
83.48.4.77 - - [26/Nov/2019:19:05:50 +0900] "GET /index.jsp HTTP/1.1" 302 -
54.160.181.215 - - [26/Nov/2019:19:14:32 +0900] "GET /index.jsp HTTP/1.1" 302 -
54.160.181.215 - - [26/Nov/2019:19:14:33 +0900] "GET /home/main/main.do HTTP/1.1" 200 12222
54.160.181.215 - - [26/Nov/2019:19:14:33 +0900] "GET /home/main/main.do HTTP/1.1" 200 12222
54.160.181.215 - - [26/Nov/2019:19:14:34 +0900] "GET /home/main/main.do HTTP/1.1" 200 12222
193.111.62.163 - - [26/Nov/2019:19:19:59 +0900] "GET /home/news/news/list.do HTTP/1.1" 200 7091
220.181.108.182 - - [26/Nov/2019:19:20:25 +0900] "GET /index.jsp HTTP/1.1" 302 -
220.181.108.123 - - [26/Nov/2019:19:20:25 +0900] "GET /home/en/main/main.do HTTP/1.1" 200 11080
83.95.182.99 - - [26/Nov/2019:19:29:21 +0900] "GET /index.jsp HTTP/1.1" 302 -
182.93.9.82 - - [26/Nov/2019:19:29:33 +0900] "GET /error/kr/error.jsp HTTP/1.1" 500 3570
222.122.190.78 - - [26/Nov/2019:19:33:56 +0900] "GET /index.jsp HTTP/1.1" 302 -
222.122.190.78 - - [26/Nov/2019:19:33:56 +0900] "GET /home/main/main.do HTTP/1.1" 200 12222
222.122.190.78 - - [26/Nov/2019:19:33:56 +0900] "GET /index.jsp HTTP/1.1" 302 -
222.122.190.78 - - [26/Nov/2019:19:33:56 +0900] "GET /home/main/main.do HTTP/1.1" 200 12222
222.122.190.78 - - [26/Nov/2019:19:33:56 +0900] "GET /error/kr/error.jsp HTTP/1.1" 500 3570
67.192.51.30 - - [26/Nov/2019:19:34:26 +0900] "GET /index.jsp HTTP/1.1" 302 -
67.192.51.30 - - [26/Nov/2019:19:34:27 +0900] "GET /home/en/main/main.do HTTP/1.1" 200 11080
23.100.232.233 - - [26/Nov/2019:19:34:42 +0900] "GET /home/meetourpartners/all.do HTTP/1.1" 200 101569
157.55.39.15 - - [26/Nov/2019:19:37:20 +0900] "GET /error/kr/error.jsp HTTP/1.1" 500 3570
207.46.13.196 - - [26/Nov/2019:19:37:21 +0900] "GET /error/kr/error.jsp HTTP/1.1" 500 3570
119.207.72.67 - - [26/Nov/2019:19:38:08 +0900] "GET /home/whoweare/china.do HTTP/1.1" 200 10340
38.99.62.91 - - [26/Nov/2019:19:42:41 +0900] "GET /home/news/news/view.do?page=&num=17 HTTP/1.1" 200 5758
38.99.62.91 - - [26/Nov/2019:19:43:20 +0900] "GET /home/news/news/view.do?page=&num=18 HTTP/1.1" 200 9134
42.236.55.41 - - [26/Nov/2019:19:43:53 +0900] "GET /index.jsp HTTP/1.1" 302 -
42.236.55.41 - - [26/Nov/2019:19:43:53 +0900] "GET /home/en/main/main.do HTTP/1.1" 200 11080
38.99.62.91 - - [26/Nov/2019:19:44:00 +0900] "GET /home/news/news/view.do?page=&num=19 HTTP/1.1" 200 6162
40.77.167.175 - - [26/Nov/2019:19:44:04 +0900] "GET /error/kr/error.jsp HTTP/1.1" 500 3570
38.99.62.91 - - [26/Nov/2019:19:44:40 +0900] "GET /home/news/news/view.do?page=&num=18 HTTP/1.1" 200 9134
38.99.62.91 - - [26/Nov/2019:19:45:19 +0900] "GET /home/news/news/view.do?page=&num=19 HTTP/1.1" 200 6162
38.99.62.91 - - [26/Nov/2019:19:46:10 +0900] "GET /home/news/news/view.do?page=&num=10 HTTP/1.1" 200 6753
157.55.39.124 - - [26/Nov/2019:19:46:12 +0900] "GET /error/kr/error.jsp HTTP/1.1" 500 3570
38.99.62.91 - - [26/Nov/2019:19:46:50 +0900] "GET /home/news/news/view.do?page=&num=7 HTTP/1.1" 200 5545
38.99.62.91 - - [26/Nov/2019:19:47:15 +0900] "GET /home/news/news/view.do?page=&num=6 HTTP/1.1" 200 9118
38.99.62.91 - - [26/Nov/2019:19:47:41 +0900] "GET /home/news/news/view.do?page=1&num=12 HTTP/1.1" 200 9083
207.46.13.196 - - [26/Nov/2019:19:48:01 +0900] "GET /error/kr/error.jsp HTTP/1.1" 500 3570
38.99.62.91 - - [26/Nov/2019:19:48:20 +0900] "GET /home/news/news/view.do?page=1&num=13 HTTP/1.1" 200 9159
157.55.39.250 - - [26/Nov/2019:19:48:29 +0900] "GET /error/kr/error.jsp HTTP/1.1" 500 3570
38.99.62.91 - - [26/Nov/2019:19:49:00 +0900] "GET /home/meetourpartners/all.do HTTP/1.1" 200 101569
38.99.62.91 - - [26/Nov/2019:19:49:25 +0900] "GET /home/news/news/view.do?page=1&num=13 HTTP/1.1" 200 9159
38.99.62.91 - - [26/Nov/2019:19:49:51 +0900] "GET /home/news/news/view.do?page=1&num=14 HTTP/1.1" 200 6736
38.99.62.91 - - [26/Nov/2019:19:50:30 +0900] "GET /home/news/news/view.do?page=1&num=13 HTTP/1.1" 200 9159
38.99.62.91 - - [26/Nov/2019:19:50:56 +0900] "GET /home/news/news/view.do?page=1&num=14 HTTP/1.1" 200 6736
38.99.62.91 - - [26/Nov/2019:19:51:21 +0900] "GET /home/news/news/view.do?page=1&num=15 HTTP/1.1" 200 9181
38.99.62.91 - - [26/Nov/2019:19:52:40 +0900] "GET /home/en/meetourpartners/all.do HTTP/1.1" 200 95227
38.99.62.91 - - [26/Nov/2019:19:53:20 +0900] "GET /home/news/news/view.do?page=1&num=16 HTTP/1.1" 200 5666
38.99.62.91 - - [26/Nov/2019:19:53:46 +0900] "GET /home/news/news/view.do?page=1&num=15 HTTP/1.1" 200 9181
38.99.62.91 - - [26/Nov/2019:19:54:11 +0900] "GET /home/news/news/view.do?page=1&num=16 HTTP/1.1" 200 5666
38.99.62.91 - - [26/Nov/2019:19:54:51 +0900] "GET /home/news/news/view.do?page=1&num=17 HTTP/1.1" 200 5761
38.99.62.91 - - [26/Nov/2019:19:55:31 +0900] "GET /home/news/news/view.do?page=1&num=16 HTTP/1.1" 200 5666
38.99.62.91 - - [26/Nov/2019:19:56:11 +0900] "GET /home/news/news/view.do?page=1&num=17 HTTP/1.1" 200 5761
38.99.62.91 - - [26/Nov/2019:19:56:50 +0900] "GET /home/news/news/view.do?page=1&num=18 HTTP/1.1" 200 9137
38.99.62.91 - - [26/Nov/2019:19:57:30 +0900] "GET /home/news/news/view.do?page=1&num=17 HTTP/1.1" 200 5761
38.99.62.91 - - [26/Nov/2019:19:58:09 +0900] "GET /home/en/meetourpartners/all.do HTTP/1.1" 200 95227
38.99.62.91 - - [26/Nov/2019:19:58:49 +0900] "GET /home/news/news/view.do?page=1&num=18 HTTP/1.1" 200 9137
38.99.62.91 - - [26/Nov/2019:19:59:29 +0900] "GET /home/news/news/view.do?page=1&num=19 HTTP/1.1" 200 6164
38.99.62.91 - - [26/Nov/2019:19:59:54 +0900] "GET /home/news/news/view.do?page=1&num=18 HTTP/1.1" 200 9137
38.99.62.91 - - [26/Nov/2019:20:00:54 +0900] "GET /home/news/news/view.do?page=1&num=19 HTTP/1.1" 200 6164
58.55.223.240 - - [26/Nov/2019:20:01:22 +0900] "GET /error/kr/error.jsp HTTP/1.1" 500 3570
38.99.62.91 - - [26/Nov/2019:20:01:34 +0900] "GET /home/meetourpartners/all.do HTTP/1.1" 200 101569
38.99.62.91 - - [26/Nov/2019:20:02:13 +0900] "GET /home/news/news/view.do?page=1&num=19 HTTP/1.1" 200 6164
38.99.62.91 - - [26/Nov/2019:20:02:53 +0900] "GET /home/news/news/view.do?page=1&num=14 HTTP/1.1" 200 6736
38.99.62.91 - - [26/Nov/2019:20:03:32 +0900] "GET /home/news/news/view.do?page=1&num=12 HTTP/1.1" 200 9083
38.99.62.91 - - [26/Nov/2019:20:04:12 +0900] "GET /home/news/news/view.do?page=2&num=10 HTTP/1.1" 200 6756
38.99.62.91 - - [26/Nov/2019:20:04:52 +0900] "GET /home/news/news/view.do?page=2&num=9 HTTP/1.1" 200 9135
38.99.62.91 - - [26/Nov/2019:20:05:32 +0900] "GET /home/news/news/view.do?page=2&num=10 HTTP/1.1" 200 6756
38.99.62.91 - - [26/Nov/2019:20:06:11 +0900] "GET /home/news/news/view.do?page=&num=6 HTTP/1.1" 200 9118
38.99.62.91 - - [26/Nov/2019:20:06:51 +0900] "GET /home/news/news/view.do?page=&num=7 HTTP/1.1" 200 5545
38.99.62.91 - - [26/Nov/2019:20:07:30 +0900] "GET /home/news/news/view.do?page=&num=6 HTTP/1.1" 200 9118
38.99.62.91 - - [26/Nov/2019:20:08:10 +0900] "GET /home/news/news/view.do?page=2&num=9 HTTP/1.1" 200 9135
38.99.62.91 - - [26/Nov/2019:20:08:50 +0900] "GET /home/news/news/view.do?page=2&num=8 HTTP/1.1" 200 9169
38.99.62.91 - - [26/Nov/2019:20:09:30 +0900] "GET /home/news/news/view.do?page=2&num=9 HTTP/1.1" 200 9135
38.99.62.91 - - [26/Nov/2019:20:10:10 +0900] "GET /home/news/news/view.do?page=2&num=9 HTTP/1.1" 200 9135
125.209.235.168 - - [26/Nov/2019:20:10:30 +0900] "GET /error/kr/error.jsp HTTP/1.1" 500 3570
161.129.146.224 - - [26/Nov/2019:20:10:34 +0900] "GET /index.jsp HTTP/1.1" 302 -
38.99.62.91 - - [26/Nov/2019:20:10:49 +0900] "GET /home/news/news/view.do?page=2&num=8 HTTP/1.1" 200 9169
38.99.62.91 - - [26/Nov/2019:20:12:08 +0900] "GET /home/news/news/view.do?page=2&num=7 HTTP/1.1" 200 5548
38.99.62.91 - - [26/Nov/2019:20:12:48 +0900] "GET /home/news/news/view.do?page=2&num=8 HTTP/1.1" 200 9169
38.99.62.91 - - [26/Nov/2019:20:13:27 +0900] "GET /home/news/news/view.do?page=2&num=7 HTTP/1.1" 200 5548
38.99.62.91 - - [26/Nov/2019:20:14:07 +0900] "GET /home/en/meetourpartners/all.do HTTP/1.1" 200 95227
38.99.62.91 - - [26/Nov/2019:20:14:33 +0900] "GET /home/news/news/view.do?page=2&num=6 HTTP/1.1" 200 9121
38.99.62.91 - - [26/Nov/2019:20:15:12 +0900] "GET /home/news/news/view.do?page=2&num=7 HTTP/1.1" 200 5548
173.252.95.3 - - [26/Nov/2019:20:15:27 +0900] "GET /index.jsp?fbclid=IwAR3m0bSTBK3BXz3VVExwVWmXvAl6XnQcqQdXFxZEqqF5v72qRE6F2J9RWUs HTTP/1.1" 302 -
173.252.95.3 - - [26/Nov/2019:20:15:27 +0900] "GET /home/en/main/main.do HTTP/1.1" 200 11080
38.99.62.91 - - [26/Nov/2019:20:15:52 +0900] "GET /home/news/news/view.do?page=2&num=6 HTTP/1.1" 200 9121
38.99.62.91 - - [26/Nov/2019:20:16:31 +0900] "GET /home/news/news/view.do?page=2&num=5 HTTP/1.1" 200 9112
38.99.62.91 - - [26/Nov/2019:20:17:12 +0900] "GET /home/news/news/view.do?page=2&num=6 HTTP/1.1" 200 9121
38.99.62.91 - - [26/Nov/2019:20:17:51 +0900] "GET /home/news/news/view.do?page=2&num=5 HTTP/1.1" 200 9112
38.99.62.91 - - [26/Nov/2019:20:18:31 +0900] "GET /home/news/news/view.do?page=2&num=4 HTTP/1.1" 200 9123
38.99.62.91 - - [26/Nov/2019:20:19:10 +0900] "GET /home/news/news/view.do?page=2&num=5 HTTP/1.1" 200 9112
38.99.62.91 - - [26/Nov/2019:20:19:50 +0900] "GET /home/news/news/view.do?page=2&num=4 HTTP/1.1" 200 9123
38.99.62.91 - - [26/Nov/2019:20:20:29 +0900] "GET /home/news/news/view.do?page=2&num=3 HTTP/1.1" 200 5576
38.99.62.91 - - [26/Nov/2019:20:21:09 +0900] "GET /home/news/news/view.do?page=2&num=4 HTTP/1.1" 200 9123
193.111.62.163 - - [26/Nov/2019:20:21:10 +0900] "GET /home/news/news/list.do HTTP/1.1" 200 7091
38.99.62.91 - - [26/Nov/2019:20:21:49 +0900] "GET /home/news/news/view.do?page=2&num=3 HTTP/1.1" 200 5576
38.99.62.91 - - [26/Nov/2019:20:22:29 +0900] "GET /home/news/news/view.do?page=2&num=2 HTTP/1.1" 200 6977
38.99.62.91 - - [26/Nov/2019:20:23:09 +0900] "GET /home/news/news/view.do?page=2&num=3 HTTP/1.1" 200 5576
38.99.62.91 - - [26/Nov/2019:20:23:48 +0900] "GET /home/news/news/view.do?page=2&num=2 HTTP/1.1" 200 6977
38.99.62.91 - - [26/Nov/2019:20:24:28 +0900] "GET /home/news/news/view.do?page=2&num=1 HTTP/1.1" 200 8973
38.99.62.91 - - [26/Nov/2019:20:25:08 +0900] "GET /home/news/news/view.do?page=2&num=2 HTTP/1.1" 200 6977
38.99.62.91 - - [26/Nov/2019:20:25:47 +0900] "GET /home/news/news/view.do?page=2&num=1 HTTP/1.1" 200 8973
38.99.62.91 - - [26/Nov/2019:20:27:06 +0900] "GET /home/news/news/view.do?page=2&num=9 HTTP/1.1" 200 9135
38.99.62.91 - - [26/Nov/2019:20:27:45 +0900] "GET /home/news/news/view.do?page=&num=7 HTTP/1.1" 200 5545
38.99.62.91 - - [26/Nov/2019:20:28:11 +0900] "GET /home/news/news/view.do?page=&num=8 HTTP/1.1" 200 9166
38.99.62.91 - - [26/Nov/2019:20:28:51 +0900] "GET /home/news/news/view.do?page=&num=7 HTTP/1.1" 200 5545
38.99.62.91 - - [26/Nov/2019:20:29:31 +0900] "GET /home/news/news/view.do?page=2&num=8 HTTP/1.1" 200 9169
38.99.62.91 - - [26/Nov/2019:20:30:10 +0900] "GET /home/news/news/view.do?page=2&num=7 HTTP/1.1" 200 5548
38.99.62.91 - - [26/Nov/2019:20:31:29 +0900] "GET /home/news/news/view.do?page=2&num=6 HTTP/1.1" 200 9121
38.99.62.91 - - [26/Nov/2019:20:32:08 +0900] "GET /home/en/meetourpartners/all.do HTTP/1.1" 200 95227
207.46.13.196 - - [26/Nov/2019:20:32:29 +0900] "GET /error/kr/error.jsp HTTP/1.1" 500 3570
38.99.62.91 - - [26/Nov/2019:20:32:48 +0900] "GET /home/news/news/view.do?page=2&num=6 HTTP/1.1" 200 9121
38.99.62.91 - - [26/Nov/2019:20:33:28 +0900] "GET /home/news/news/view.do?page=2&num=5 HTTP/1.1" 200 9112
38.99.62.91 - - [26/Nov/2019:20:34:08 +0900] "GET /home/news/news/view.do?page=2&num=6 HTTP/1.1" 200 9121
39.118.158.123 - - [26/Nov/2019:20:34:32 +0900] "GET /home/main/main.do HTTP/1.1" 302 -
39.118.158.123 - - [26/Nov/2019:20:34:33 +0900] "GET /home/main/main.do HTTP/1.1" 200 8898
39.118.158.123 - - [26/Nov/2019:20:34:33 +0900] "GET /error/kr/error.jsp HTTP/1.1" 500 3762
39.118.158.123 - - [26/Nov/2019:20:34:33 +0900] "GET /error/kr/error.jsp HTTP/1.1" 500 3762
39.118.158.123 - - [26/Nov/2019:20:34:33 +0900] "GET /error/kr/error.jsp HTTP/1.1" 500 3762
39.118.158.123 - - [26/Nov/2019:20:34:35 +0900] "GET /home/whoweare/korea.do HTTP/1.1" 200 45742
38.99.62.91 - - [26/Nov/2019:20:34:47 +0900] "GET /home/news/news/view.do?page=2&num=5 HTTP/1.1" 200 9112
38.99.62.91 - - [26/Nov/2019:20:35:27 +0900] "GET /home/news/news/view.do?page=2&num=4 HTTP/1.1" 200 9123
38.99.62.91 - - [26/Nov/2019:20:36:06 +0900] "GET /home/news/news/view.do?page=2&num=5 HTTP/1.1" 200 9112
38.99.62.91 - - [26/Nov/2019:20:36:46 +0900] "GET /home/en/meetourpartners/all.do HTTP/1.1" 200 95227
77.75.79.11 - - [26/Nov/2019:20:37:10 +0900] "GET /error/kr/error.jsp HTTP/1.1" 500 3570
38.99.62.91 - - [26/Nov/2019:20:37:26 +0900] "GET /home/news/news/view.do?page=2&num=4 HTTP/1.1" 200 9123
38.99.62.91 - - [26/Nov/2019:20:38:06 +0900] "GET /home/en/meetourpartners/all.do HTTP/1.1" 200 95227
38.99.62.91 - - [26/Nov/2019:20:38:46 +0900] "GET /home/news/news/view.do?page=2&num=3 HTTP/1.1" 200 5576
38.99.62.91 - - [26/Nov/2019:20:39:26 +0900] "GET /home/meetourpartners/all.do HTTP/1.1" 200 101569
185.142.236.34 - - [26/Nov/2019:20:39:40 +0900] "GET /index.jsp HTTP/1.1" 302 -
185.142.236.34 - - [26/Nov/2019:20:39:42 +0900] "GET /home/main/main.do HTTP/1.1" 200 12222
185.142.236.34 - - [26/Nov/2019:20:39:43 +0900] "GET /error/kr/error.jsp HTTP/1.1" 500 3570
185.142.236.34 - - [26/Nov/2019:20:39:45 +0900] "GET /error/kr/error.jsp HTTP/1.1" 500 3570
38.99.62.91 - - [26/Nov/2019:20:40:06 +0900] "GET /home/news/news/view.do?page=2&num=4 HTTP/1.1" 200 9123
38.99.62.91 - - [26/Nov/2019:20:40:46 +0900] "GET /home/news/news/view.do?page=2&num=3 HTTP/1.1" 200 5576
38.99.62.91 - - [26/Nov/2019:20:41:26 +0900] "GET /home/news/news/view.do?page=2&num=2 HTTP/1.1" 200 6977
39.98.124.123 - - [26/Nov/2019:20:41:59 +0900] "GET /error/kr/error.jsp HTTP/1.1" 500 3570
207.46.13.196 - - [26/Nov/2019:20:42:03 +0900] "GET /error/kr/error.jsp HTTP/1.1" 500 3570
38.99.62.91 - - [26/Nov/2019:20:42:05 +0900] "GET /home/news/news/view.do?page=2&num=3 HTTP/1.1" 200 5576
38.99.62.91 - - [26/Nov/2019:20:42:31 +0900] "GET /home/news/news/view.do?page=2&num=2 HTTP/1.1" 200 6977
1.36.43.217 - - [26/Nov/2019:20:44:57 +0900] "GET /home/en/main/main.do HTTP/1.1" 200 11080
27.33.233.156 - - [26/Nov/2019:20:45:51 +0900] "GET /index.jsp HTTP/1.1" 302 -
27.33.233.156 - - [26/Nov/2019:20:45:52 +0900] "GET /home/main/main.do HTTP/1.1" 200 12222
207.46.13.196 - - [26/Nov/2019:20:49:26 +0900] "GET /error/kr/error.jsp HTTP/1.1" 500 3570
172.105.148.196 - - [26/Nov/2019:20:55:53 +0900] "GET /error/kr/error.jsp HTTP/1.1" 500 3570
119.207.72.162 - - [26/Nov/2019:21:00:47 +0900] "GET /index.jsp HTTP/1.1" 302 -
119.207.72.162 - - [26/Nov/2019:21:00:47 +0900] "GET /home/main/main.do HTTP/1.1" 200 12222
119.207.72.115 - - [26/Nov/2019:21:00:47 +0900] "GET /index.jsp HTTP/1.1" 302 -
119.207.72.115 - - [26/Nov/2019:21:00:47 +0900] "GET /home/main/main.do HTTP/1.1" 200 12222
40.77.167.175 - - [26/Nov/2019:21:02:58 +0900] "GET /error/kr/error.jsp HTTP/1.1" 500 3570
207.46.13.196 - - [26/Nov/2019:21:06:43 +0900] "GET /error/kr/error.jsp HTTP/1.1" 500 3570
119.207.72.69 - - [26/Nov/2019:21:07:05 +0900] "GET /error/kr/error.jsp HTTP/1.1" 500 3570
157.55.39.124 - - [26/Nov/2019:21:13:00 +0900] "GET /error/kr/error.jsp HTTP/1.1" 500 3570
222.231.30.115 - - [26/Nov/2019:21:14:20 +0900] "GET /index.jsp HTTP/1.1" 302 -
222.231.30.115 - - [26/Nov/2019:21:14:20 +0900] "GET /home/main/main.do HTTP/1.1" 200 12222
222.231.30.115 - - [26/Nov/2019:21:14:21 +0900] "GET /home/main/main.do HTTP/1.1" 200 12222
222.231.30.115 - - [26/Nov/2019:21:14:22 +0900] "GET /home/main/main.do HTTP/1.1" 200 12222
182.232.194.249 - - [26/Nov/2019:21:16:18 +0900] "GET /index.jsp HTTP/1.1" 302 -
182.232.194.249 - - [26/Nov/2019:21:16:18 +0900] "GET /home/main/main.do HTTP/1.1" 302 -
182.232.194.249 - - [26/Nov/2019:21:16:19 +0900] "GET /home/main/main.do HTTP/1.1" 200 8898
182.232.194.249 - - [26/Nov/2019:21:16:24 +0900] "GET /error/kr/error.jsp HTTP/1.1" 500 3762
193.111.62.163 - - [26/Nov/2019:21:21:08 +0900] "GET /home/news/news/list.do HTTP/1.1" 200 7091
220.181.108.92 - - [26/Nov/2019:21:21:14 +0900] "GET /index.jsp HTTP/1.1" 302 -
220.181.108.99 - - [26/Nov/2019:21:21:14 +0900] "GET /home/en/main/main.do HTTP/1.1" 200 11080
136.243.187.162 - - [26/Nov/2019:21:24:03 +0900] "GET /error/kr/error.jsp HTTP/1.1" 500 3570
136.243.75.190 - - [26/Nov/2019:21:24:08 +0900] "GET /error/kr/error.jsp HTTP/1.1" 500 3570
159.69.70.211 - - [26/Nov/2019:21:24:15 +0900] "GET /error/kr/error.jsp HTTP/1.1" 500 3570
104.222.33.253 - - [26/Nov/2019:21:27:21 +0900] "GET /index.jsp HTTP/1.1" 302 -
104.222.33.253 - - [26/Nov/2019:21:27:22 +0900] "GET /home/en/main/main.do HTTP/1.1" 200 11080
66.249.64.94 - - [26/Nov/2019:21:28:08 +0900] "GET /error/kr/error.jsp HTTP/1.1" 500 3762
5.196.87.173 - - [26/Nov/2019:21:38:10 +0900] "GET /error/kr/error.jsp HTTP/1.1" 500 3570
34.199.176.251 - - [26/Nov/2019:21:46:56 +0900] "GET /home/news/news/view.do?num=3 HTTP/1.1" 200 5573
34.199.176.251 - - [26/Nov/2019:21:46:57 +0900] "GET /home/news/news/view.do HTTP/1.1" 500 3570
195.201.86.130 - - [26/Nov/2019:21:49:47 +0900] "GET /error/kr/error.jsp HTTP/1.1" 500 3570
138.201.205.61 - - [26/Nov/2019:21:49:54 +0900] "GET /error/kr/error.jsp HTTP/1.1" 500 3570
138.201.205.61 - - [26/Nov/2019:21:50:02 +0900] "GET /error/kr/error.jsp HTTP/1.1" 500 3570
175.223.35.9 - - [26/Nov/2019:22:10:15 +0900] "GET /home/meetourpartners/domestic.do HTTP/1.1" 200 76259
125.209.235.167 - - [26/Nov/2019:22:10:30 +0900] "GET /error/kr/error.jsp HTTP/1.1" 500 3570
157.55.39.15 - - [26/Nov/2019:22:17:04 +0900] "GET /error/kr/error.jsp HTTP/1.1" 500 3570
40.77.167.175 - - [26/Nov/2019:22:17:05 +0900] "GET /home/whoweare/korea.do HTTP/1.1" 200 31387
157.55.39.124 - - [26/Nov/2019:22:17:40 +0900] "GET /error/kr/error.jsp HTTP/1.1" 500 3570
193.111.62.163 - - [26/Nov/2019:22:24:16 +0900] "GET /home/news/news/list.do HTTP/1.1" 200 7091
37.143.15.220 - - [26/Nov/2019:22:26:04 +0900] "GET /index.jsp HTTP/1.1" 302 -
119.207.72.142 - - [26/Nov/2019:22:27:29 +0900] "GET /home/main/main.do HTTP/1.1" 200 12222
121.234.38.92 - - [26/Nov/2019:22:28:32 +0900] "GET /home/en/main/main.do HTTP/1.1" 200 11080
40.77.167.175 - - [26/Nov/2019:22:31:17 +0900] "GET /error/kr/error.jsp HTTP/1.1" 500 3570
119.207.72.166 - - [26/Nov/2019:22:36:08 +0900] "GET /home/news/news/list.do HTTP/1.1" 200 7091
195.142.115.111 - - [26/Nov/2019:22:39:27 +0900] "GET /index.jsp HTTP/1.1" 302 -
195.142.115.111 - - [26/Nov/2019:22:39:28 +0900] "GET /home/main/main.do HTTP/1.1" 200 12222
222.106.79.149 - - [26/Nov/2019:22:40:35 +0900] "GET /index.jsp HTTP/1.1" 302 -
222.106.79.149 - - [26/Nov/2019:22:40:35 +0900] "GET /home/main/main.do HTTP/1.1" 200 12222
34.199.176.251 - - [26/Nov/2019:22:40:35 +0900] "GET /home/news/news/view.do?num=1 HTTP/1.1" 200 8971
34.199.176.251 - - [26/Nov/2019:22:40:36 +0900] "GET /home/news/news/view.do HTTP/1.1" 500 3570
222.106.79.149 - - [26/Nov/2019:22:40:37 +0900] "GET /home/whoweare/korea.do HTTP/1.1" 200 31387
39.118.158.123 - - [26/Nov/2019:22:42:37 +0900] "GET /index.jsp HTTP/1.1" 302 -
39.118.158.123 - - [26/Nov/2019:22:42:37 +0900] "GET /home/main/main.do HTTP/1.1" 302 -
39.118.158.123 - - [26/Nov/2019:22:42:37 +0900] "GET /home/main/main.do HTTP/1.1" 200 8898
39.118.158.123 - - [26/Nov/2019:22:42:37 +0900] "GET /error/kr/error.jsp HTTP/1.1" 500 3762
213.170.116.98 - - [26/Nov/2019:22:43:40 +0900] "GET /error/kr/error.jsp HTTP/1.1" 500 3570
77.75.79.36 - - [26/Nov/2019:22:46:02 +0900] "GET /error/kr/error.jsp HTTP/1.1" 500 3570
39.118.158.123 - - [26/Nov/2019:22:47:11 +0900] "GET /home/main/main.do HTTP/1.1" 302 -
39.118.158.123 - - [26/Nov/2019:22:47:11 +0900] "GET /home/main/main.do HTTP/1.1" 200 8898
39.118.158.123 - - [26/Nov/2019:22:47:11 +0900] "GET /error/kr/error.jsp HTTP/1.1" 500 3762
39.118.158.123 - - [26/Nov/2019:22:47:13 +0900] "GET /home/meetourpartners/all.do HTTP/1.1" 200 105128
157.55.39.250 - - [26/Nov/2019:22:49:06 +0900] "GET /error/kr/error.jsp HTTP/1.1" 500 3570
121.254.147.237 - - [26/Nov/2019:22:50:32 +0900] "GET /index.jsp HTTP/1.1" 302 -
121.254.147.237 - - [26/Nov/2019:22:50:32 +0900] "GET /home/en/main/main.do HTTP/1.1" 200 11080
119.207.72.66 - - [26/Nov/2019:22:54:12 +0900] "GET /home/en/main/main.do HTTP/1.1" 200 11080
119.207.72.78 - - [26/Nov/2019:22:54:21 +0900] "GET /home/en/main/main.do HTTP/1.1" 200 11080
45.33.66.85 - - [26/Nov/2019:23:01:59 +0900] "GET /error/kr/error.jsp HTTP/1.1" 500 3570
119.207.72.77 - - [26/Nov/2019:23:04:32 +0900] "GET /home/en/watwedo/philosophy.do HTTP/1.1" 200 7112
40.77.167.175 - - [26/Nov/2019:23:07:39 +0900] "GET /error/kr/error.jsp HTTP/1.1" 500 3570
49.175.57.144 - - [26/Nov/2019:23:09:30 +0900] "GET /index.jsp HTTP/1.1" 302 -
49.175.57.144 - - [26/Nov/2019:23:09:30 +0900] "GET /home/main/main.do HTTP/1.1" 302 -
49.175.57.144 - - [26/Nov/2019:23:09:30 +0900] "GET /home/main/main.do HTTP/1.1" 200 8898
49.175.57.144 - - [26/Nov/2019:23:09:33 +0900] "GET /error/kr/error.jsp HTTP/1.1" 500 3762
49.175.57.144 - - [26/Nov/2019:23:10:16 +0900] "GET /home/about/about.do HTTP/1.1" 200 15329
49.175.57.144 - - [26/Nov/2019:23:10:16 +0900] "GET /error/kr/error.jsp HTTP/1.1" 500 3762
223.62.172.166 - - [26/Nov/2019:23:12:41 +0900] "GET /index.jsp HTTP/1.1" 302 -
223.62.172.166 - - [26/Nov/2019:23:12:41 +0900] "GET /home/main/main.do HTTP/1.1" 302 -
223.62.172.166 - - [26/Nov/2019:23:12:41 +0900] "GET /home/main/main.do HTTP/1.1" 200 8898
223.62.172.166 - - [26/Nov/2019:23:12:42 +0900] "GET /error/kr/error.jsp HTTP/1.1" 500 3762
223.62.172.166 - - [26/Nov/2019:23:12:48 +0900] "GET /home/whoweare/korea.do HTTP/1.1" 200 45742
2.179.106.143 - - [26/Nov/2019:23:16:44 +0900] "GET /index.jsp HTTP/1.1" 302 -
207.46.13.250 - - [26/Nov/2019:23:18:55 +0900] "GET /error/kr/error.jsp HTTP/1.1" 500 3570
110.70.59.231 - - [26/Nov/2019:23:19:01 +0900] "GET /home/whoweare/korea.do HTTP/1.1" 200 45742
220.181.108.107 - - [26/Nov/2019:23:22:34 +0900] "GET /index.jsp HTTP/1.1" 302 -
220.181.108.161 - - [26/Nov/2019:23:22:34 +0900] "GET /home/en/main/main.do HTTP/1.1" 200 11080
207.46.13.250 - - [26/Nov/2019:23:22:38 +0900] "GET /error/kr/error.jsp HTTP/1.1" 500 3570
157.55.39.250 - - [26/Nov/2019:23:22:59 +0900] "GET /error/kr/error.jsp HTTP/1.1" 500 3570
193.111.62.163 - - [26/Nov/2019:23:23:56 +0900] "GET /home/news/news/list.do HTTP/1.1" 200 7091
182.93.9.82 - - [26/Nov/2019:23:36:06 +0900] "GET /error/kr/error.jsp HTTP/1.1" 500 3570
77.75.79.36 - - [26/Nov/2019:23:38:27 +0900] "GET /error/kr/error.jsp HTTP/1.1" 500 3570
119.207.72.111 - - [26/Nov/2019:23:40:29 +0900] "GET /index.jsp HTTP/1.1" 302 -
119.207.72.111 - - [26/Nov/2019:23:40:29 +0900] "GET /home/main/main.do HTTP/1.1" 200 12222
40.77.167.154 - - [26/Nov/2019:23:58:26 +0900] "GET /error/kr/error.jsp HTTP/1.1" 500 3570
