66.249.65.212 - - [12/Apr/2020:00:01:10 +0900] "GET /error/kr/error.jsp HTTP/1.1" 500 3570
121.254.147.237 - - [12/Apr/2020:00:06:48 +0900] "GET /index.jsp HTTP/1.1" 302 -
121.254.147.237 - - [12/Apr/2020:00:06:48 +0900] "GET /home/en/main/main.do HTTP/1.1" 200 11542
129.204.24.99 - - [12/Apr/2020:00:09:57 +0900] "GET /error/kr/error.jsp HTTP/1.1" 500 3570
129.204.24.99 - - [12/Apr/2020:00:10:26 +0900] "HEAD /index.jsp?s=www.yumiaoeb.cn HTTP/1.1" 302 -
129.204.24.99 - - [12/Apr/2020:00:10:26 +0900] "HEAD /home/main/main.do HTTP/1.1" 200 -
119.207.72.78 - - [12/Apr/2020:00:16:36 +0900] "GET /home/en/main/main.do HTTP/1.1" 200 11542
119.207.72.184 - - [12/Apr/2020:00:16:38 +0900] "GET /home/en/main/main.do HTTP/1.1" 200 11542
119.207.72.68 - - [12/Apr/2020:00:16:43 +0900] "GET /home/main/main.do HTTP/1.1" 200 14903
34.69.243.210 - - [12/Apr/2020:00:20:22 +0900] "GET /index.jsp HTTP/1.0" 302 -
34.69.243.210 - - [12/Apr/2020:00:20:23 +0900] "GET /home/en/main/main.do HTTP/1.0" 200 11542
61.148.199.238 - - [12/Apr/2020:00:31:00 +0900] "GET /error/kr/error.jsp HTTP/1.0" 500 3570
193.111.62.163 - - [12/Apr/2020:00:31:18 +0900] "GET /home/news/news/list.do HTTP/1.1" 200 7100
119.207.72.180 - - [12/Apr/2020:00:32:28 +0900] "GET /index.jsp HTTP/1.1" 302 -
119.207.72.180 - - [12/Apr/2020:00:32:28 +0900] "GET /home/main/main.do HTTP/1.1" 200 14903
157.55.39.254 - - [12/Apr/2020:00:34:40 +0900] "GET /error/kr/error.jsp HTTP/1.1" 500 3570
40.77.167.95 - - [12/Apr/2020:00:47:53 +0900] "GET /error/kr/error.jsp HTTP/1.1" 500 3570
119.207.72.69 - - [12/Apr/2020:00:49:24 +0900] "GET /home/news/news/view.do?page=&num=2 HTTP/1.1" 200 6974
66.249.65.180 - - [12/Apr/2020:00:51:06 +0900] "GET /error/kr/error.jsp HTTP/1.1" 500 3762
119.207.72.147 - - [12/Apr/2020:00:51:47 +0900] "GET /home/en/whoweare/korea.do HTTP/1.1" 200 29641
119.207.72.74 - - [12/Apr/2020:00:51:49 +0900] "GET /home/en/main/main.do HTTP/1.1" 200 11542
222.122.190.77 - - [12/Apr/2020:01:02:25 +0900] "GET /index.jsp HTTP/1.1" 302 -
222.122.190.77 - - [12/Apr/2020:01:02:25 +0900] "GET /home/main/main.do HTTP/1.1" 200 14903
222.122.190.77 - - [12/Apr/2020:01:02:25 +0900] "GET /index.jsp HTTP/1.1" 302 -
222.122.190.77 - - [12/Apr/2020:01:02:25 +0900] "GET /home/main/main.do HTTP/1.1" 200 14903
222.122.190.77 - - [12/Apr/2020:01:02:25 +0900] "GET /error/kr/error.jsp HTTP/1.1" 500 3570
203.217.246.194 - - [12/Apr/2020:01:06:00 +0900] "GET /index.jsp HTTP/1.1" 302 -
203.217.241.130 - - [12/Apr/2020:01:06:00 +0900] "GET /home/main/main.do HTTP/1.1" 200 14903
203.217.244.130 - - [12/Apr/2020:01:06:00 +0900] "GET /home/main/main.do HTTP/1.1" 200 14903
203.217.244.13 - - [12/Apr/2020:01:06:00 +0900] "GET /home/main/main.do HTTP/1.1" 200 14903
203.217.245.130 - - [12/Apr/2020:01:06:00 +0900] "GET /home/main/main.do HTTP/1.1" 200 14903
203.217.245.130 - - [12/Apr/2020:01:06:00 +0900] "GET /home/main/main.do HTTP/1.1" 200 14903
129.204.24.99 - - [12/Apr/2020:01:08:08 +0900] "GET /error/kr/error.jsp HTTP/1.1" 500 3570
42.123.77.121 - - [12/Apr/2020:01:09:21 +0900] "GET /error/kr/error.jsp HTTP/1.1" 500 3570
103.131.71.136 - - [12/Apr/2020:01:16:30 +0900] "GET /error/kr/error.jsp HTTP/1.1" 500 3570
193.111.62.163 - - [12/Apr/2020:01:22:52 +0900] "GET /home/news/news/list.do HTTP/1.1" 200 7100
34.201.152.234 - - [12/Apr/2020:01:26:47 +0900] "GET /index.jsp HTTP/1.1" 302 -
34.201.152.234 - - [12/Apr/2020:01:26:47 +0900] "GET /home/main/main.do HTTP/1.1" 200 14903
34.201.152.234 - - [12/Apr/2020:01:26:47 +0900] "GET /home/main/main.do HTTP/1.1" 200 14903
34.201.152.234 - - [12/Apr/2020:01:26:48 +0900] "GET /home/main/main.do HTTP/1.1" 200 14903
85.248.227.165 - - [12/Apr/2020:01:28:01 +0900] "GET /error/kr/error.jsp HTTP/1.1" 500 3570
42.123.77.121 - - [12/Apr/2020:01:38:06 +0900] "GET /error/kr/error.jsp HTTP/1.1" 500 3570
157.55.39.48 - - [12/Apr/2020:01:42:34 +0900] "GET /error/kr/error.jsp HTTP/1.1" 500 3570
129.204.24.99 - - [12/Apr/2020:02:06:32 +0900] "GET /error/kr/error.jsp HTTP/1.1" 500 3570
207.46.13.227 - - [12/Apr/2020:02:15:43 +0900] "GET /index.jsp HTTP/1.1" 302 -
157.55.39.48 - - [12/Apr/2020:02:21:04 +0900] "GET /home/news/news/view.do?page=2&num=8 HTTP/1.1" 200 9169
13.66.139.1 - - [12/Apr/2020:02:21:49 +0900] "GET /error/kr/error.jsp HTTP/1.1" 500 3762
77.75.76.161 - - [12/Apr/2020:02:26:31 +0900] "GET /error/kr/error.jsp HTTP/1.1" 500 3570
13.66.139.0 - - [12/Apr/2020:02:26:53 +0900] "GET /home/watwedo/overview.do HTTP/1.1" 200 7207
34.73.37.27 - - [12/Apr/2020:02:28:18 +0900] "GET /error/kr/error.jsp HTTP/1.0" 500 3570
34.73.37.27 - - [12/Apr/2020:02:28:18 +0900] "GET /index.jsp HTTP/1.0" 302 -
34.73.37.27 - - [12/Apr/2020:02:28:19 +0900] "GET /error/kr/error.jsp HTTP/1.0" 500 3570
34.73.37.27 - - [12/Apr/2020:02:28:19 +0900] "GET /home/en/main/main.do HTTP/1.0" 200 11542
157.55.39.186 - - [12/Apr/2020:02:32:31 +0900] "GET /home/news/news/view.do?num=2 HTTP/1.1" 200 6974
193.111.62.163 - - [12/Apr/2020:02:36:07 +0900] "GET /home/news/news/list.do HTTP/1.1" 200 7100
208.100.26.233 - - [12/Apr/2020:02:36:15 +0900] "GET /index.jsp HTTP/1.1" 302 -
208.100.26.233 - - [12/Apr/2020:02:36:15 +0900] "GET /home/main/main.do HTTP/1.1" 200 12006
34.73.37.27 - - [12/Apr/2020:02:36:50 +0900] "GET /error/kr/error.jsp HTTP/1.0" 500 3570
34.73.37.27 - - [12/Apr/2020:02:36:50 +0900] "GET /index.jsp HTTP/1.0" 302 -
34.73.37.27 - - [12/Apr/2020:02:36:50 +0900] "GET /error/kr/error.jsp HTTP/1.0" 500 3570
34.73.37.27 - - [12/Apr/2020:02:36:51 +0900] "GET /home/en/main/main.do HTTP/1.0" 200 11542
66.249.69.243 - - [12/Apr/2020:03:01:14 +0900] "GET /error/kr/error.jsp HTTP/1.1" 500 3762
129.204.24.99 - - [12/Apr/2020:03:06:19 +0900] "GET /error/kr/error.jsp HTTP/1.1" 500 3570
207.180.255.81 - - [12/Apr/2020:03:08:59 +0900] "GET /index.jsp HTTP/1.0" 302 -
207.180.255.81 - - [12/Apr/2020:03:09:00 +0900] "GET /home/main/main.do HTTP/1.0" 200 14903
119.207.72.79 - - [12/Apr/2020:03:12:24 +0900] "GET /home/news/news/view.do?num=3 HTTP/1.1" 200 5573
119.207.72.75 - - [12/Apr/2020:03:12:29 +0900] "GET /home/news/news/view.do?num=3 HTTP/1.1" 200 5573
157.55.39.48 - - [12/Apr/2020:03:14:51 +0900] "GET /index.jsp?ko HTTP/1.1" 302 -
157.55.39.48 - - [12/Apr/2020:03:14:51 +0900] "GET /home/main/main.do HTTP/1.1" 200 14903
157.55.39.48 - - [12/Apr/2020:03:14:55 +0900] "GET /error/kr/error.jsp HTTP/1.1" 500 3570
193.111.62.163 - - [12/Apr/2020:03:25:58 +0900] "GET /home/news/news/list.do HTTP/1.1" 200 7100
77.75.76.172 - - [12/Apr/2020:03:27:00 +0900] "GET /error/kr/error.jsp HTTP/1.1" 500 3570
77.75.76.172 - - [12/Apr/2020:03:27:03 +0900] "GET /home/en/watwedo/philosophy.do HTTP/1.1" 200 7112
125.209.235.180 - - [12/Apr/2020:03:27:23 +0900] "GET /index.jsp HTTP/1.1" 302 -
125.209.235.180 - - [12/Apr/2020:03:27:24 +0900] "GET /home/main/main.do HTTP/1.1" 200 14903
171.67.70.85 - - [12/Apr/2020:03:41:04 +0900] "GET /index.jsp HTTP/1.1" 302 -
171.67.70.85 - - [12/Apr/2020:03:41:04 +0900] "GET /home/main/main.do HTTP/1.1" 200 14903
45.143.221.50 - - [12/Apr/2020:03:53:34 +0900] "GET /index.jsp HTTP/1.1" 302 -
45.143.221.50 - - [12/Apr/2020:03:53:35 +0900] "GET /home/main/main.do HTTP/1.1" 200 14903
190.94.151.203 - - [12/Apr/2020:04:02:33 +0900] "GET /index.jsp HTTP/1.1" 302 -
129.204.24.99 - - [12/Apr/2020:04:07:55 +0900] "GET /error/kr/error.jsp HTTP/1.1" 500 3570
129.204.24.99 - - [12/Apr/2020:04:08:25 +0900] "HEAD /index.jsp?s=www.yumiaohb.cn HTTP/1.1" 302 -
129.204.24.99 - - [12/Apr/2020:04:08:25 +0900] "HEAD /home/main/main.do HTTP/1.1" 200 -
51.38.57.199 - - [12/Apr/2020:04:16:21 +0900] "GET /index.jsp HTTP/1.0" 302 -
211.231.97.152 - - [12/Apr/2020:04:16:46 +0900] "GET /error/kr/error.jsp HTTP/1.1" 500 3570
211.231.104.175 - - [12/Apr/2020:04:16:47 +0900] "GET /error/kr/error.jsp HTTP/1.1" 500 3570
193.111.62.163 - - [12/Apr/2020:04:20:38 +0900] "GET /home/news/news/list.do HTTP/1.1" 200 7100
77.75.79.101 - - [12/Apr/2020:04:33:31 +0900] "GET /error/kr/error.jsp HTTP/1.1" 500 3570
119.207.72.76 - - [12/Apr/2020:04:35:38 +0900] "GET /home/main/main.do HTTP/1.1" 200 14903
40.77.167.108 - - [12/Apr/2020:04:44:19 +0900] "GET /error/kr/error.jsp HTTP/1.1" 500 3570
66.249.69.245 - - [12/Apr/2020:04:52:35 +0900] "GET /error/kr/error.jsp HTTP/1.1" 500 3762
129.204.24.99 - - [12/Apr/2020:05:09:41 +0900] "GET /error/kr/error.jsp HTTP/1.1" 500 3570
129.204.24.99 - - [12/Apr/2020:05:10:09 +0900] "HEAD /index.jsp?s=www.yumiaokb.cn HTTP/1.1" 302 -
129.204.24.99 - - [12/Apr/2020:05:10:09 +0900] "HEAD /home/main/main.do HTTP/1.1" 200 -
119.207.72.76 - - [12/Apr/2020:05:16:12 +0900] "GET /home/en/main/main.do HTTP/1.1" 200 11542
157.55.39.254 - - [12/Apr/2020:05:18:18 +0900] "GET /error/kr/error.jsp HTTP/1.1" 500 3570
192.29.97.49 - - [12/Apr/2020:05:20:53 +0900] "GET /error/kr/error.jsp HTTP/1.1" 500 3570
192.29.97.49 - - [12/Apr/2020:05:20:53 +0900] "GET /index.jsp HTTP/1.1" 302 -
192.29.97.49 - - [12/Apr/2020:05:20:54 +0900] "GET /home/main/main.do HTTP/1.1" 200 14903
91.188.212.243 - - [12/Apr/2020:05:21:09 +0900] "GET /error/kr/error.jsp HTTP/1.1" 500 3570
119.207.72.74 - - [12/Apr/2020:05:29:19 +0900] "GET /home/en/main/main.do HTTP/1.1" 200 11542
193.111.62.163 - - [12/Apr/2020:05:31:55 +0900] "GET /home/news/news/list.do HTTP/1.1" 200 7100
103.82.235.2 - - [12/Apr/2020:05:33:06 +0900] "GET /error/kr/error.jsp HTTP/1.1" 500 3570
51.68.225.51 - - [12/Apr/2020:05:41:55 +0900] "GET /index.jsp HTTP/1.0" 302 -
66.160.140.184 - - [12/Apr/2020:05:45:56 +0900] "GET /error/kr/error.jsp HTTP/1.1" 500 3570
66.160.140.184 - - [12/Apr/2020:05:45:57 +0900] "GET /error/kr/error.jsp HTTP/1.1" 500 3570
157.55.39.254 - - [12/Apr/2020:05:47:07 +0900] "GET /error/kr/error.jsp HTTP/1.1" 500 3570
66.249.72.14 - - [12/Apr/2020:05:53:30 +0900] "GET /error/kr/error.jsp HTTP/1.1" 500 3570
119.207.72.115 - - [12/Apr/2020:06:05:06 +0900] "GET /home/whoweare/korea.do HTTP/1.1" 200 29677
157.55.39.48 - - [12/Apr/2020:06:07:17 +0900] "GET /error/kr/error.jsp HTTP/1.1" 500 3570
129.204.24.99 - - [12/Apr/2020:06:12:07 +0900] "HEAD /index.jsp?s=www.yumiaojb.cn HTTP/1.1" 302 -
129.204.24.99 - - [12/Apr/2020:06:12:07 +0900] "HEAD /home/main/main.do HTTP/1.1" 200 -
119.207.72.142 - - [12/Apr/2020:06:18:44 +0900] "GET /index.jsp HTTP/1.1" 302 -
119.207.72.142 - - [12/Apr/2020:06:18:44 +0900] "GET /home/main/main.do HTTP/1.1" 200 14903
193.111.62.163 - - [12/Apr/2020:06:26:26 +0900] "GET /home/news/news/list.do HTTP/1.1" 200 7100
157.55.39.186 - - [12/Apr/2020:06:29:53 +0900] "GET /error/kr/error.jsp HTTP/1.1" 500 3570
66.249.69.243 - - [12/Apr/2020:06:43:58 +0900] "GET /error/kr/error.jsp HTTP/1.1" 500 3762
138.204.135.89 - - [12/Apr/2020:06:47:59 +0900] "GET /index.jsp HTTP/1.1" 302 -
5.101.0.209 - - [12/Apr/2020:06:54:03 +0900] "GET /error/kr/error.jsp HTTP/1.1" 500 3570
208.100.26.247 - - [12/Apr/2020:06:56:56 +0900] "GET /index.jsp HTTP/1.1" 302 -
208.100.26.247 - - [12/Apr/2020:06:56:57 +0900] "GET /home/main/main.do HTTP/1.1" 200 14903
66.249.72.16 - - [12/Apr/2020:06:58:00 +0900] "GET /error/kr/error.jsp HTTP/1.1" 500 3570
120.132.12.64 - - [12/Apr/2020:07:01:11 +0900] "GET /index.jsp HTTP/1.0" 302 -
120.132.12.64 - - [12/Apr/2020:07:01:11 +0900] "GET /home/main/main.do HTTP/1.0" 200 14903
66.249.72.14 - - [12/Apr/2020:07:01:14 +0900] "GET /error/kr/error.jsp HTTP/1.1" 500 3570
66.249.75.96 - - [12/Apr/2020:07:01:14 +0900] "GET /error/kr/error.jsp HTTP/1.1" 500 3570
103.4.119.94 - - [12/Apr/2020:07:03:36 +0900] "GET /index.jsp HTTP/1.1" 302 -
65.181.113.143 - - [12/Apr/2020:07:08:02 +0900] "GET /index.jsp HTTP/1.1" 302 -
65.181.113.143 - - [12/Apr/2020:07:08:02 +0900] "GET /home/en/main/main.do HTTP/1.1" 200 11542
65.181.113.143 - - [12/Apr/2020:07:08:14 +0900] "GET /error/kr/error.jsp HTTP/1.1" 500 3570
87.107.72.70 - - [12/Apr/2020:07:08:17 +0900] "GET /index.jsp HTTP/1.1" 302 -
129.204.24.99 - - [12/Apr/2020:07:13:20 +0900] "GET /error/kr/error.jsp HTTP/1.1" 500 3570
129.204.24.99 - - [12/Apr/2020:07:13:49 +0900] "HEAD /index.jsp?s=www.yumiaolb.cn HTTP/1.1" 302 -
129.204.24.99 - - [12/Apr/2020:07:13:49 +0900] "HEAD /home/main/main.do HTTP/1.1" 200 -
122.51.154.89 - - [12/Apr/2020:07:15:21 +0900] "GET /error/kr/error.jsp HTTP/1.1" 500 3570
111.231.81.165 - - [12/Apr/2020:07:15:24 +0900] "GET /error/kr/error.jsp HTTP/1.1" 500 3570
122.51.154.89 - - [12/Apr/2020:07:15:56 +0900] "HEAD /index.jsp?s=www.guangdongymca.cn HTTP/1.1" 302 -
122.51.154.89 - - [12/Apr/2020:07:15:56 +0900] "HEAD /home/main/main.do HTTP/1.1" 200 -
111.231.81.165 - - [12/Apr/2020:07:15:58 +0900] "HEAD /index.jsp?s=www.guangdongymca.cn HTTP/1.1" 302 -
111.231.81.165 - - [12/Apr/2020:07:15:58 +0900] "HEAD /home/main/main.do HTTP/1.1" 200 -
193.111.62.163 - - [12/Apr/2020:07:19:51 +0900] "GET /home/news/news/list.do HTTP/1.1" 200 7100
77.75.78.161 - - [12/Apr/2020:07:22:37 +0900] "GET /error/kr/error.jsp HTTP/1.1" 500 3570
66.249.75.96 - - [12/Apr/2020:07:23:55 +0900] "GET /error/kr/error.jsp HTTP/1.1" 500 3570
108.61.201.132 - - [12/Apr/2020:07:38:01 +0900] "GET /index.jsp HTTP/1.1" 302 -
220.181.108.123 - - [12/Apr/2020:07:42:15 +0900] "GET /home/en/contact/contact.do HTTP/1.1" 200 5187
38.99.62.91 - - [12/Apr/2020:07:51:07 +0900] "GET /home/whoweare/china.do HTTP/1.1" 200 10340
38.99.62.91 - - [12/Apr/2020:07:51:47 +0900] "GET /home/meetourpartners/all.do HTTP/1.1" 200 101569
38.99.62.91 - - [12/Apr/2020:07:52:28 +0900] "GET /home/whoweare/china.do HTTP/1.1" 200 10340
38.99.62.91 - - [12/Apr/2020:07:53:07 +0900] "GET /home/en/meetourpartners/all.do HTTP/1.1" 200 95227
38.99.62.91 - - [12/Apr/2020:07:53:33 +0900] "GET /home/whoweare/korea.do HTTP/1.1" 200 29677
38.99.62.91 - - [12/Apr/2020:07:53:58 +0900] "GET /home/about/about.do HTTP/1.1" 200 14667
38.99.62.91 - - [12/Apr/2020:07:54:24 +0900] "GET /index.jsp HTTP/1.1" 302 -
38.99.62.91 - - [12/Apr/2020:07:54:24 +0900] "GET /home/en/main/main.do HTTP/1.1" 200 11542
5.101.0.209 - - [12/Apr/2020:07:54:44 +0900] "GET /error/kr/error.jsp HTTP/1.1" 500 3570
38.99.62.91 - - [12/Apr/2020:07:55:03 +0900] "GET /home/news/news/view.do?num=1 HTTP/1.1" 200 8971
38.99.62.91 - - [12/Apr/2020:07:55:43 +0900] "GET /home/news/news/view.do?page=&num=2 HTTP/1.1" 200 6974
38.99.62.91 - - [12/Apr/2020:07:56:09 +0900] "GET /home/meetourpartners/all.do HTTP/1.1" 200 101569
38.99.62.91 - - [12/Apr/2020:07:56:48 +0900] "GET /home/meetourpartners/all.do HTTP/1.1" 200 101569
38.99.62.91 - - [12/Apr/2020:07:57:28 +0900] "GET /home/en/meetourpartners/all.do HTTP/1.1" 200 95227
38.99.62.91 - - [12/Apr/2020:07:57:53 +0900] "GET /home/meetourpartners/all.do HTTP/1.1" 200 101569
38.99.62.91 - - [12/Apr/2020:07:58:33 +0900] "GET /home/news/news/list.do?page= HTTP/1.1" 200 7100
38.99.62.91 - - [12/Apr/2020:07:59:13 +0900] "GET /home/en/meetourpartners/all.do HTTP/1.1" 200 95227
38.99.62.91 - - [12/Apr/2020:07:59:52 +0900] "GET /home/news/news/view.do?num=1 HTTP/1.1" 200 8971
38.99.62.91 - - [12/Apr/2020:08:00:32 +0900] "GET /home/news/news/view.do?num=2 HTTP/1.1" 200 6974
38.99.62.91 - - [12/Apr/2020:08:00:58 +0900] "GET /home/meetourpartners/all.do HTTP/1.1" 200 101569
38.99.62.91 - - [12/Apr/2020:08:01:37 +0900] "GET /home/news/news/view.do?page=&num=3 HTTP/1.1" 200 5573
119.207.72.76 - - [12/Apr/2020:08:01:56 +0900] "GET /home/en/main/main.do HTTP/1.1" 200 11542
119.207.72.116 - - [12/Apr/2020:08:02:01 +0900] "GET /home/en/main/main.do HTTP/1.1" 200 11542
38.99.62.91 - - [12/Apr/2020:08:02:17 +0900] "GET /home/news/news/view.do?page=&num=1 HTTP/1.1" 200 8971
38.99.62.91 - - [12/Apr/2020:08:02:57 +0900] "GET /home/news/news/view.do?num=2 HTTP/1.1" 200 6974
38.99.62.91 - - [12/Apr/2020:08:03:22 +0900] "GET /home/watwedo/philosophy.do HTTP/1.1" 200 7162
38.99.62.91 - - [12/Apr/2020:08:03:48 +0900] "GET /home/en/meetourpartners/all.do HTTP/1.1" 200 95227
38.99.62.91 - - [12/Apr/2020:08:04:29 +0900] "GET /home/meetourpartners/all.do HTTP/1.1" 200 101569
38.99.62.91 - - [12/Apr/2020:08:05:34 +0900] "GET /home/meetourpartners/all.do HTTP/1.1" 200 101569
38.99.62.91 - - [12/Apr/2020:08:06:00 +0900] "GET /home/watwedo/philosophy.do HTTP/1.1" 200 7162
38.99.62.91 - - [12/Apr/2020:08:06:39 +0900] "GET /home/meetourpartners/all.do HTTP/1.1" 200 101569
38.99.62.91 - - [12/Apr/2020:08:07:19 +0900] "GET /home/en/watwedo/overview.do HTTP/1.1" 200 6218
38.99.62.91 - - [12/Apr/2020:08:07:58 +0900] "GET /home/en/about/about.do HTTP/1.1" 200 16228
38.99.62.91 - - [12/Apr/2020:08:08:38 +0900] "GET /home/en/meetourpartners/all.do HTTP/1.1" 200 95227
38.99.62.91 - - [12/Apr/2020:08:09:03 +0900] "GET /error/kr/error.jsp HTTP/1.1" 500 3570
38.99.62.91 - - [12/Apr/2020:08:09:28 +0900] "GET /home/en/watwedo/history.do HTTP/1.1" 200 10815
38.99.62.91 - - [12/Apr/2020:08:10:08 +0900] "GET /home/en/watwedo/overview.do HTTP/1.1" 200 6218
38.99.62.91 - - [12/Apr/2020:08:10:47 +0900] "GET /home/en/whoweare/korea.do HTTP/1.1" 200 29641
40.77.167.108 - - [12/Apr/2020:08:11:05 +0900] "GET /home/news/news/view.do?page=2&num=17 HTTP/1.1" 200 5761
38.99.62.91 - - [12/Apr/2020:08:11:13 +0900] "GET /home/en/whoweare/china.do HTTP/1.1" 200 10353
38.99.62.91 - - [12/Apr/2020:08:11:38 +0900] "GET /home/en/whoweare/korea.do HTTP/1.1" 200 29641
38.99.62.91 - - [12/Apr/2020:08:12:18 +0900] "GET /home/en/contact/contact.do HTTP/1.1" 200 5187
38.99.62.91 - - [12/Apr/2020:08:13:40 +0900] "GET /home/en/about/about.do HTTP/1.1" 200 16228
38.99.62.91 - - [12/Apr/2020:08:14:19 +0900] "GET /home/meetourpartners/all.do HTTP/1.1" 200 101569
157.55.39.254 - - [12/Apr/2020:08:14:43 +0900] "GET /error/kr/error.jsp HTTP/1.1" 500 3570
129.204.24.99 - - [12/Apr/2020:08:14:51 +0900] "GET /error/kr/error.jsp HTTP/1.1" 500 3570
38.99.62.91 - - [12/Apr/2020:08:14:59 +0900] "GET /home/en/about/about.do HTTP/1.1" 200 16228
38.99.62.91 - - [12/Apr/2020:08:15:24 +0900] "GET /home/en/watwedo/philosophy.do HTTP/1.1" 200 7112
129.204.24.99 - - [12/Apr/2020:08:15:25 +0900] "HEAD /index.jsp?s=www.yumiaomb.cn HTTP/1.1" 302 -
129.204.24.99 - - [12/Apr/2020:08:15:26 +0900] "HEAD /home/main/main.do HTTP/1.1" 200 -
38.99.62.91 - - [12/Apr/2020:08:16:29 +0900] "GET /home/watwedo/history.do HTTP/1.1" 200 10890
38.99.62.91 - - [12/Apr/2020:08:17:48 +0900] "GET /home/main/main.do HTTP/1.1" 200 14903
38.99.62.91 - - [12/Apr/2020:08:17:49 +0900] "GET /error/kr/error.jsp HTTP/1.1" 500 3570
38.99.62.91 - - [12/Apr/2020:08:18:28 +0900] "GET /home/main/main.do HTTP/1.1" 200 14903
38.99.62.91 - - [12/Apr/2020:08:18:28 +0900] "GET /error/kr/error.jsp HTTP/1.1" 500 3570
157.55.39.48 - - [12/Apr/2020:08:18:41 +0900] "GET /error/kr/error.jsp HTTP/1.1" 500 3570
38.99.62.91 - - [12/Apr/2020:08:19:07 +0900] "GET /home/meetourpartners/all.do HTTP/1.1" 200 101569
38.99.62.91 - - [12/Apr/2020:08:19:47 +0900] "GET /home/en/main/main.do HTTP/1.1" 200 11542
38.99.62.91 - - [12/Apr/2020:08:20:26 +0900] "GET /home/meetourpartners/all.do HTTP/1.1" 200 101569
38.99.62.91 - - [12/Apr/2020:08:21:06 +0900] "GET /home/watwedo/overview.do HTTP/1.1" 200 6276
38.99.62.91 - - [12/Apr/2020:08:21:46 +0900] "GET /home/whoweare/korea.do HTTP/1.1" 200 29677
38.99.62.91 - - [12/Apr/2020:08:22:25 +0900] "GET /home/meetourpartners/domestic.do HTTP/1.1" 200 73451
38.99.62.91 - - [12/Apr/2020:08:23:05 +0900] "GET /home/meetourpartners/overseas.do HTTP/1.1" 200 32620
38.99.62.91 - - [12/Apr/2020:08:23:45 +0900] "GET /home/meetourpartners/all.do HTTP/1.1" 200 101569
38.99.62.91 - - [12/Apr/2020:08:24:10 +0900] "GET /home/meetourpartners/overseas.do HTTP/1.1" 200 32620
38.99.62.91 - - [12/Apr/2020:08:25:14 +0900] "GET /home/meetourpartners/all.do HTTP/1.1" 200 101569
38.99.62.91 - - [12/Apr/2020:08:25:54 +0900] "GET /home/en/meetourpartners/all.do HTTP/1.1" 200 95227
38.99.62.91 - - [12/Apr/2020:08:26:34 +0900] "GET /home/meetourpartners/overseas.do HTTP/1.1" 200 32620
193.111.62.163 - - [12/Apr/2020:08:28:53 +0900] "GET /home/news/news/list.do HTTP/1.1" 200 7100
157.55.39.186 - - [12/Apr/2020:08:31:00 +0900] "GET /home/main/main.do HTTP/1.1" 200 14903
38.99.62.91 - - [12/Apr/2020:08:31:18 +0900] "GET /home/en/meetourpartners/all.do HTTP/1.1" 200 95227
38.99.62.91 - - [12/Apr/2020:08:31:58 +0900] "GET /home/meetourpartners/all.do HTTP/1.1" 200 101569
38.99.62.91 - - [12/Apr/2020:08:32:39 +0900] "GET /home/meetourpartners/overseas.do HTTP/1.1" 200 32620
40.77.167.108 - - [12/Apr/2020:08:34:32 +0900] "GET /home/news/news/view.do?page=1&num=15 HTTP/1.1" 200 9181
66.249.75.96 - - [12/Apr/2020:08:34:51 +0900] "GET /error/kr/error.jsp HTTP/1.1" 500 3570
38.99.62.91 - - [12/Apr/2020:08:35:16 +0900] "GET /home/en/meetourpartners/all.do HTTP/1.1" 200 95227
38.99.62.91 - - [12/Apr/2020:08:35:56 +0900] "GET /home/meetourpartners/overseas.do HTTP/1.1" 200 32620
45.143.221.50 - - [12/Apr/2020:08:38:56 +0900] "GET /index.jsp HTTP/1.1" 302 -
45.143.221.50 - - [12/Apr/2020:08:38:56 +0900] "GET /home/main/main.do HTTP/1.1" 200 14903
119.207.72.70 - - [12/Apr/2020:08:39:14 +0900] "GET /home/news/news/list.do HTTP/1.1" 200 7100
119.207.72.109 - - [12/Apr/2020:08:39:16 +0900] "GET /home/news/news/list.do HTTP/1.1" 200 7100
38.99.62.91 - - [12/Apr/2020:08:41:20 +0900] "GET /home/en/meetourpartners/all.do HTTP/1.1" 200 95227
38.99.62.91 - - [12/Apr/2020:08:41:45 +0900] "GET /home/meetourpartners/overseas.do HTTP/1.1" 200 32620
66.249.72.18 - - [12/Apr/2020:08:44:33 +0900] "GET /error/kr/error.jsp HTTP/1.1" 500 3570
38.99.62.91 - - [12/Apr/2020:08:45:01 +0900] "GET /home/meetourpartners/all.do HTTP/1.1" 200 101569
38.99.62.91 - - [12/Apr/2020:08:45:41 +0900] "GET /home/en/meetourpartners/all.do HTTP/1.1" 200 95227
38.99.62.91 - - [12/Apr/2020:08:46:20 +0900] "GET /home/meetourpartners/all.do HTTP/1.1" 200 101569
38.99.62.91 - - [12/Apr/2020:08:49:36 +0900] "GET /home/en/meetourpartners/all.do HTTP/1.1" 200 95227
38.99.62.91 - - [12/Apr/2020:08:50:16 +0900] "GET /home/meetourpartners/all.do HTTP/1.1" 200 101569
119.207.72.109 - - [12/Apr/2020:08:56:39 +0900] "GET /home/en/whoweare/korea.do HTTP/1.1" 200 29641
121.254.147.237 - - [12/Apr/2020:09:00:41 +0900] "GET /index.jsp HTTP/1.1" 302 -
121.254.147.237 - - [12/Apr/2020:09:00:41 +0900] "GET /home/en/main/main.do HTTP/1.1" 200 11542
157.55.39.186 - - [12/Apr/2020:09:02:12 +0900] "GET /home/en/meetourpartners/domestic.do HTTP/1.1" 200 71879
66.249.72.18 - - [12/Apr/2020:09:04:47 +0900] "GET /error/kr/error.jsp HTTP/1.1" 500 3570
52.37.61.236 - - [12/Apr/2020:09:14:58 +0900] "GET /error/kr/error.jsp HTTP/1.1" 500 3570
52.12.76.193 - - [12/Apr/2020:09:15:01 +0900] "GET /error/kr/error.jsp HTTP/1.1" 500 3570
34.221.181.108 - - [12/Apr/2020:09:15:03 +0900] "GET /error/kr/error.jsp HTTP/1.1" 500 3570
129.204.24.99 - - [12/Apr/2020:09:16:35 +0900] "GET /error/kr/error.jsp HTTP/1.1" 500 3570
129.204.24.99 - - [12/Apr/2020:09:17:04 +0900] "HEAD /index.jsp?s=www.yumiaonb.cn HTTP/1.1" 302 -
129.204.24.99 - - [12/Apr/2020:09:17:05 +0900] "HEAD /home/main/main.do HTTP/1.1" 200 -
122.114.57.92 - - [12/Apr/2020:09:20:25 +0900] "GET /error/kr/error.jsp HTTP/1.1" 500 3570
193.111.62.163 - - [12/Apr/2020:09:21:32 +0900] "GET /home/news/news/list.do HTTP/1.1" 200 7100
177.190.65.174 - - [12/Apr/2020:09:27:34 +0900] "GET /index.jsp HTTP/1.1" 302 -
223.39.140.28 - - [12/Apr/2020:09:38:52 +0900] "GET /index.jsp HTTP/1.1" 302 -
223.39.140.28 - - [12/Apr/2020:09:38:52 +0900] "GET /home/main/main.do HTTP/1.1" 302 -
223.39.140.28 - - [12/Apr/2020:09:38:52 +0900] "GET /home/main/main.do HTTP/1.1" 200 12006
223.39.140.28 - - [12/Apr/2020:09:38:52 +0900] "GET /error/kr/error.jsp HTTP/1.1" 500 3762
223.39.140.28 - - [12/Apr/2020:09:38:53 +0900] "GET /error/kr/error.jsp HTTP/1.1" 500 3762
66.249.72.16 - - [12/Apr/2020:09:45:08 +0900] "GET /error/kr/error.jsp HTTP/1.1" 500 3570
119.207.72.71 - - [12/Apr/2020:09:47:04 +0900] "GET /home/news/news/view.do?num=3 HTTP/1.1" 200 5573
119.207.72.78 - - [12/Apr/2020:09:47:06 +0900] "GET /home/news/news/view.do?num=3 HTTP/1.1" 200 5573
66.249.69.245 - - [12/Apr/2020:09:55:07 +0900] "GET /error/kr/error.jsp HTTP/1.1" 500 3762
157.55.39.48 - - [12/Apr/2020:09:57:04 +0900] "GET /error/kr/error.jsp HTTP/1.1" 500 3570
218.48.81.7 - - [12/Apr/2020:09:58:51 +0900] "GET /index.jsp HTTP/1.1" 302 -
218.48.81.7 - - [12/Apr/2020:09:58:51 +0900] "GET /home/main/main.do HTTP/1.1" 302 -
218.48.81.7 - - [12/Apr/2020:09:58:51 +0900] "GET /home/main/main.do HTTP/1.1" 200 12006
218.48.81.7 - - [12/Apr/2020:09:58:51 +0900] "GET /error/kr/error.jsp HTTP/1.1" 500 3762
218.48.81.7 - - [12/Apr/2020:09:58:51 +0900] "GET /error/kr/error.jsp HTTP/1.1" 500 3762
218.48.81.7 - - [12/Apr/2020:09:59:09 +0900] "GET /home/whoweare/korea.do HTTP/1.1" 200 43261
66.249.72.16 - - [12/Apr/2020:10:05:25 +0900] "GET /error/kr/error.jsp HTTP/1.1" 500 3570
113.118.107.45 - - [12/Apr/2020:10:11:18 +0900] "GET /error/kr/error.jsp HTTP/1.1" 500 3570
66.249.72.16 - - [12/Apr/2020:10:16:43 +0900] "GET /error/kr/error.jsp HTTP/1.1" 500 3570
129.204.24.99 - - [12/Apr/2020:10:18:17 +0900] "GET /error/kr/error.jsp HTTP/1.1" 500 3570
129.204.24.99 - - [12/Apr/2020:10:18:48 +0900] "HEAD /index.jsp?s=www.yumiaoob.cn HTTP/1.1" 302 -
129.204.24.99 - - [12/Apr/2020:10:18:48 +0900] "HEAD /home/main/main.do HTTP/1.1" 200 -
104.196.100.99 - - [12/Apr/2020:10:20:30 +0900] "GET /error/kr/error.jsp HTTP/1.0" 500 3570
104.196.100.99 - - [12/Apr/2020:10:20:30 +0900] "GET /home/en/about/about.do HTTP/1.0" 200 16228
119.207.72.184 - - [12/Apr/2020:10:26:01 +0900] "GET /home/en/whoweare/korea.do HTTP/1.1" 200 29641
157.55.39.186 - - [12/Apr/2020:10:26:18 +0900] "GET /error/kr/error.jsp HTTP/1.1" 500 3570
104.196.100.99 - - [12/Apr/2020:10:26:36 +0900] "GET /error/kr/error.jsp HTTP/1.0" 500 3570
104.196.100.99 - - [12/Apr/2020:10:26:37 +0900] "GET /home/en/watwedo/overview.do HTTP/1.0" 200 6218
104.196.100.99 - - [12/Apr/2020:10:27:36 +0900] "GET /error/kr/error.jsp HTTP/1.0" 500 3570
104.196.100.99 - - [12/Apr/2020:10:27:37 +0900] "GET /home/main/main.do HTTP/1.0" 200 14903
193.111.62.163 - - [12/Apr/2020:10:29:58 +0900] "GET /home/news/news/list.do HTTP/1.1" 200 7100
104.196.100.99 - - [12/Apr/2020:10:32:34 +0900] "GET /error/kr/error.jsp HTTP/1.0" 500 3570
104.196.100.99 - - [12/Apr/2020:10:32:35 +0900] "GET /home/en/meetourpartners/all.do HTTP/1.0" 200 95227
211.56.145.140 - - [12/Apr/2020:10:34:09 +0900] "GET /index.jsp HTTP/1.1" 302 -
211.56.145.140 - - [12/Apr/2020:10:34:09 +0900] "GET /home/main/main.do HTTP/1.1" 302 -
211.56.145.140 - - [12/Apr/2020:10:34:09 +0900] "GET /home/main/main.do HTTP/1.1" 200 12006
104.196.100.99 - - [12/Apr/2020:10:41:05 +0900] "GET /error/kr/error.jsp HTTP/1.0" 500 3570
104.196.100.99 - - [12/Apr/2020:10:41:05 +0900] "GET /home/en/watwedo/philosophy.do HTTP/1.0" 200 7112
40.77.167.108 - - [12/Apr/2020:10:42:37 +0900] "GET /index.jsp HTTP/1.1" 302 -
104.196.100.99 - - [12/Apr/2020:10:44:48 +0900] "GET /error/kr/error.jsp HTTP/1.0" 500 3570
104.196.100.99 - - [12/Apr/2020:10:44:48 +0900] "GET /home/en/whoweare/korea.do HTTP/1.0" 200 29641
66.249.72.16 - - [12/Apr/2020:10:45:24 +0900] "GET /error/kr/error.jsp HTTP/1.1" 500 3570
104.196.100.99 - - [12/Apr/2020:10:47:22 +0900] "GET /error/kr/error.jsp HTTP/1.0" 500 3570
104.196.100.99 - - [12/Apr/2020:10:47:22 +0900] "GET /home/en/contact/contact.do HTTP/1.0" 200 5187
40.77.167.108 - - [12/Apr/2020:10:47:44 +0900] "GET /home/en/meetourpartners/all.do HTTP/1.1" 200 100316
104.196.100.99 - - [12/Apr/2020:10:48:13 +0900] "GET /error/kr/error.jsp HTTP/1.0" 500 3570
104.196.100.99 - - [12/Apr/2020:10:48:13 +0900] "GET /home/en/meetourpartners/all.do HTTP/1.0" 200 95227
104.196.100.99 - - [12/Apr/2020:10:48:17 +0900] "GET /error/kr/error.jsp HTTP/1.0" 500 3570
104.196.100.99 - - [12/Apr/2020:10:48:17 +0900] "GET /home/en/watwedo/overview.do HTTP/1.0" 200 6218
104.196.100.99 - - [12/Apr/2020:10:48:19 +0900] "GET /error/kr/error.jsp HTTP/1.0" 500 3570
104.196.100.99 - - [12/Apr/2020:10:48:19 +0900] "GET /home/en/whoweare/korea.do HTTP/1.0" 200 29641
104.196.100.99 - - [12/Apr/2020:10:48:21 +0900] "GET /error/kr/error.jsp HTTP/1.0" 500 3570
104.196.100.99 - - [12/Apr/2020:10:48:21 +0900] "GET /home/en/about/about.do HTTP/1.0" 200 16228
104.196.100.99 - - [12/Apr/2020:10:48:23 +0900] "GET /error/kr/error.jsp HTTP/1.0" 500 3570
104.196.100.99 - - [12/Apr/2020:10:48:23 +0900] "GET /home/en/contact/contact.do HTTP/1.0" 200 5187
104.196.100.99 - - [12/Apr/2020:10:48:25 +0900] "GET /error/kr/error.jsp HTTP/1.0" 500 3570
104.196.100.99 - - [12/Apr/2020:10:48:25 +0900] "GET /home/en/watwedo/philosophy.do HTTP/1.0" 200 7112
104.196.100.99 - - [12/Apr/2020:10:48:27 +0900] "GET /error/kr/error.jsp HTTP/1.0" 500 3570
104.196.100.99 - - [12/Apr/2020:10:48:27 +0900] "GET /home/main/main.do HTTP/1.0" 200 14903
66.249.72.14 - - [12/Apr/2020:10:54:06 +0900] "GET /error/kr/error.jsp HTTP/1.1" 500 3570
66.249.75.96 - - [12/Apr/2020:10:55:41 +0900] "GET /error/kr/error.jsp HTTP/1.1" 500 3570
157.55.39.254 - - [12/Apr/2020:10:58:55 +0900] "GET /error/kr/error.jsp HTTP/1.1" 500 3570
103.83.5.41 - - [12/Apr/2020:10:59:23 +0900] "GET /index.jsp HTTP/1.0" 302 -
66.249.69.247 - - [12/Apr/2020:11:05:51 +0900] "GET /error/kr/error.jsp HTTP/1.1" 500 3762
40.77.167.108 - - [12/Apr/2020:11:09:22 +0900] "GET /index.jsp HTTP/1.1" 302 -
157.55.39.186 - - [12/Apr/2020:11:12:46 +0900] "GET /error/kr/error.jsp HTTP/1.1" 500 3570
129.204.24.99 - - [12/Apr/2020:11:19:37 +0900] "GET /error/kr/error.jsp HTTP/1.1" 500 3570
129.204.24.99 - - [12/Apr/2020:11:20:09 +0900] "HEAD /index.jsp?s=www.yumiaoqb.cn HTTP/1.1" 302 -
129.204.24.99 - - [12/Apr/2020:11:20:09 +0900] "HEAD /home/main/main.do HTTP/1.1" 200 -
193.111.62.163 - - [12/Apr/2020:11:24:43 +0900] "GET /home/news/news/list.do HTTP/1.1" 200 7100
66.249.72.16 - - [12/Apr/2020:11:25:50 +0900] "GET /error/kr/error.jsp HTTP/1.1" 500 3570
119.207.72.71 - - [12/Apr/2020:11:50:34 +0900] "GET /index.jsp HTTP/1.1" 302 -
119.207.72.71 - - [12/Apr/2020:11:50:34 +0900] "GET /home/main/main.do HTTP/1.1" 200 14903
121.164.236.161 - - [12/Apr/2020:11:51:09 +0900] "GET /filter/checker.jsp?campaignID=833&email=subee113@naver.com&responseEnd=2019-01-07 HTTP/1.1" 404 3570
42.123.77.121 - - [12/Apr/2020:11:55:47 +0900] "GET /error/kr/error.jsp HTTP/1.1" 500 3570
54.226.89.193 - - [12/Apr/2020:12:13:30 +0900] "GET /error/kr/error.jsp HTTP/1.1" 500 3570
54.226.89.193 - - [12/Apr/2020:12:13:31 +0900] "GET /error/kr/error.jsp HTTP/1.1" 500 3570
157.55.39.254 - - [12/Apr/2020:12:20:11 +0900] "GET /error/kr/error.jsp HTTP/1.1" 500 3570
129.204.24.99 - - [12/Apr/2020:12:20:59 +0900] "GET /error/kr/error.jsp HTTP/1.1" 500 3570
193.111.62.163 - - [12/Apr/2020:12:21:29 +0900] "GET /home/news/news/list.do HTTP/1.1" 200 7100
129.204.24.99 - - [12/Apr/2020:12:21:32 +0900] "HEAD /index.jsp?s=www.yumiaopb.cn HTTP/1.1" 302 -
129.204.24.99 - - [12/Apr/2020:12:21:32 +0900] "HEAD /home/main/main.do HTTP/1.1" 200 -
180.183.100.11 - - [12/Apr/2020:12:46:52 +0900] "GET /index.jsp HTTP/1.1" 302 -
157.55.39.25 - - [12/Apr/2020:12:58:12 +0900] "GET /error/kr/error.jsp HTTP/1.1" 500 3570
157.55.39.254 - - [12/Apr/2020:12:58:13 +0900] "GET /home/watwedo/overview.do HTTP/1.1" 200 6276
66.249.72.18 - - [12/Apr/2020:13:04:09 +0900] "GET /error/kr/error.jsp HTTP/1.1" 500 3570
17.58.102.54 - - [12/Apr/2020:13:05:21 +0900] "GET /error/kr/error.jsp HTTP/1.1" 500 3570
17.58.96.118 - - [12/Apr/2020:13:05:21 +0900] "GET /error/kr/error.jsp HTTP/1.1" 500 3570
129.204.24.99 - - [12/Apr/2020:13:22:14 +0900] "GET /error/kr/error.jsp HTTP/1.1" 500 3570
39.116.8.134 - - [12/Apr/2020:13:22:22 +0900] "GET /index.jsp HTTP/1.1" 302 -
39.116.8.134 - - [12/Apr/2020:13:22:22 +0900] "GET /home/main/main.do HTTP/1.1" 200 14903
39.116.8.134 - - [12/Apr/2020:13:22:23 +0900] "GET /error/kr/error.jsp HTTP/1.1" 500 3570
129.204.24.99 - - [12/Apr/2020:13:22:44 +0900] "HEAD /index.jsp?s=www.yumiaorb.cn HTTP/1.1" 302 -
129.204.24.99 - - [12/Apr/2020:13:22:44 +0900] "HEAD /home/main/main.do HTTP/1.1" 200 -
39.116.8.134 - - [12/Apr/2020:13:22:51 +0900] "GET /index.jsp HTTP/1.1" 302 -
39.116.8.134 - - [12/Apr/2020:13:22:51 +0900] "GET /home/main/main.do HTTP/1.1" 200 14903
39.116.8.134 - - [12/Apr/2020:13:22:52 +0900] "GET /error/kr/error.jsp HTTP/1.1" 500 3570
193.111.62.163 - - [12/Apr/2020:13:27:56 +0900] "GET /home/news/news/list.do HTTP/1.1" 200 7100
119.207.72.72 - - [12/Apr/2020:13:53:56 +0900] "GET /home/contact/contact.do HTTP/1.1" 200 5224
119.207.72.111 - - [12/Apr/2020:13:54:02 +0900] "GET /home/contact/contact.do HTTP/1.1" 200 5224
23.100.232.233 - - [12/Apr/2020:14:06:10 +0900] "GET /home/main/main.do HTTP/1.1" 200 14903
157.55.39.186 - - [12/Apr/2020:14:11:31 +0900] "GET /error/kr/error.jsp HTTP/1.1" 500 3570
40.77.167.108 - - [12/Apr/2020:14:15:13 +0900] "GET /home/en/watwedo/overview.do HTTP/1.1" 200 6218
198.199.64.72 - - [12/Apr/2020:14:17:26 +0900] "GET /index.jsp HTTP/1.1" 302 -
198.199.64.72 - - [12/Apr/2020:14:17:53 +0900] "GET /home/en/main/main.do HTTP/1.1" 200 11542
193.111.62.163 - - [12/Apr/2020:14:18:37 +0900] "GET /home/news/news/list.do HTTP/1.1" 200 7100
198.199.64.72 - - [12/Apr/2020:14:18:44 +0900] "GET /error/kr/error.jsp HTTP/1.1" 500 3570
198.199.64.72 - - [12/Apr/2020:14:19:21 +0900] "GET /error/kr/error.jsp HTTP/1.1" 500 3570
198.199.64.72 - - [12/Apr/2020:14:20:27 +0900] "GET /error/kr/error.jsp HTTP/1.1" 500 3570
129.204.24.99 - - [12/Apr/2020:14:23:45 +0900] "GET /error/kr/error.jsp HTTP/1.1" 500 3570
157.55.39.186 - - [12/Apr/2020:14:30:46 +0900] "GET /home/whoweare/korea.do HTTP/1.1" 200 29677
157.55.39.254 - - [12/Apr/2020:14:40:39 +0900] "GET /error/kr/error.jsp HTTP/1.1" 500 3570
49.233.160.137 - - [12/Apr/2020:15:13:25 +0900] "GET /index.jsp HTTP/1.1" 302 -
49.233.160.137 - - [12/Apr/2020:15:13:25 +0900] "GET /home/main/main.do HTTP/1.1" 200 14903
107.21.1.8 - - [12/Apr/2020:15:15:20 +0900] "GET /index.jsp HTTP/1.1" 302 -
107.21.1.8 - - [12/Apr/2020:15:15:20 +0900] "GET /home/en/main/main.do HTTP/1.1" 200 11542
128.14.134.134 - - [12/Apr/2020:15:23:05 +0900] "GET /index.jsp HTTP/1.1" 302 -
128.14.134.134 - - [12/Apr/2020:15:23:05 +0900] "GET /home/main/main.do HTTP/1.1" 200 14903
129.204.24.99 - - [12/Apr/2020:15:24:34 +0900] "GET /error/kr/error.jsp HTTP/1.1" 500 3570
129.204.24.99 - - [12/Apr/2020:15:25:04 +0900] "HEAD /index.jsp?s=www.yumiaotb.cn HTTP/1.1" 302 -
129.204.24.99 - - [12/Apr/2020:15:25:05 +0900] "HEAD /home/main/main.do HTTP/1.1" 200 -
40.77.167.108 - - [12/Apr/2020:15:26:50 +0900] "GET /index.jsp HTTP/1.1" 302 -
198.199.64.72 - - [12/Apr/2020:15:31:03 +0900] "GET /home/en/about/about.do HTTP/1.1" 200 16228
198.199.64.72 - - [12/Apr/2020:15:31:34 +0900] "GET /home/en/contact/contact.do HTTP/1.1" 200 5187
157.55.39.48 - - [12/Apr/2020:15:33:49 +0900] "GET /error/kr/error.jsp HTTP/1.1" 500 3570
198.199.64.72 - - [12/Apr/2020:15:34:17 +0900] "GET /home/en/main/main.do HTTP/1.1" 200 11542
193.111.62.163 - - [12/Apr/2020:15:35:03 +0900] "GET /home/news/news/list.do HTTP/1.1" 200 7100
198.199.64.72 - - [12/Apr/2020:15:36:07 +0900] "GET /home/en/main/main.do HTTP/1.1" 200 11542
198.199.64.72 - - [12/Apr/2020:15:39:24 +0900] "GET /home/en/about/about.do HTTP/1.1" 200 16228
66.249.72.18 - - [12/Apr/2020:15:46:57 +0900] "GET /error/kr/error.jsp HTTP/1.1" 500 3570
5.8.10.202 - - [12/Apr/2020:15:51:27 +0900] "GET /index.jsp HTTP/1.1" 302 -
45.79.193.100 - - [12/Apr/2020:16:11:32 +0900] "GET /error/kr/error.jsp HTTP/1.1" 500 3570
52.13.16.182 - - [12/Apr/2020:16:14:23 +0900] "GET /index.jsp HTTP/1.1" 302 -
49.7.20.80 - - [12/Apr/2020:16:24:51 +0900] "GET /index.jsp HTTP/1.1" 302 -
49.7.20.80 - - [12/Apr/2020:16:24:51 +0900] "GET /home/en/main/main.do HTTP/1.1" 200 11542
129.204.24.99 - - [12/Apr/2020:16:25:41 +0900] "GET /error/kr/error.jsp HTTP/1.1" 500 3570
129.204.24.99 - - [12/Apr/2020:16:26:16 +0900] "HEAD /index.jsp?s=www.yumiaovb.cn HTTP/1.1" 302 -
129.204.24.99 - - [12/Apr/2020:16:26:16 +0900] "HEAD /home/main/main.do HTTP/1.1" 200 -
193.111.62.163 - - [12/Apr/2020:16:27:04 +0900] "GET /home/news/news/list.do HTTP/1.1" 200 7100
157.55.39.186 - - [12/Apr/2020:16:32:09 +0900] "GET /error/kr/error.jsp HTTP/1.1" 500 3570
119.207.72.109 - - [12/Apr/2020:16:33:06 +0900] "GET /home/watwedo/overview.do HTTP/1.1" 200 6276
118.36.211.153 - - [12/Apr/2020:16:34:37 +0900] "GET /home/meetourpartners/overseas.do HTTP/1.1" 200 32620
157.55.39.48 - - [12/Apr/2020:16:49:00 +0900] "GET /error/kr/error.jsp HTTP/1.1" 500 3570
61.135.190.200 - - [12/Apr/2020:17:01:56 +0900] "GET /home/en/main/main.do HTTP/1.0" 200 8565
121.254.147.237 - - [12/Apr/2020:17:16:08 +0900] "GET /index.jsp HTTP/1.1" 302 -
121.254.147.237 - - [12/Apr/2020:17:16:08 +0900] "GET /home/en/main/main.do HTTP/1.1" 200 11542
42.236.10.82 - - [12/Apr/2020:17:20:49 +0900] "GET /index.jsp HTTP/1.1" 302 -
42.236.10.82 - - [12/Apr/2020:17:20:49 +0900] "GET /home/en/main/main.do HTTP/1.1" 200 11542
23.100.232.233 - - [12/Apr/2020:17:21:20 +0900] "GET /home/main/main.do HTTP/1.1" 200 14903
193.111.62.163 - - [12/Apr/2020:17:23:38 +0900] "GET /home/news/news/list.do HTTP/1.1" 200 7100
129.204.24.99 - - [12/Apr/2020:17:27:00 +0900] "GET /error/kr/error.jsp HTTP/1.1" 500 3570
129.204.24.99 - - [12/Apr/2020:17:27:28 +0900] "HEAD /index.jsp?s=www.yumiaoub.cn HTTP/1.1" 302 -
129.204.24.99 - - [12/Apr/2020:17:27:28 +0900] "HEAD /home/main/main.do HTTP/1.1" 200 -
165.141.130.105 - - [12/Apr/2020:17:29:29 +0900] "GET /index.jsp HTTP/1.1" 302 -
165.141.130.105 - - [12/Apr/2020:17:29:30 +0900] "GET /error/kr/error.jsp HTTP/1.1" 500 3570
27.18.22.235 - - [12/Apr/2020:17:37:08 +0900] "GET /error/kr/error.jsp HTTP/1.1" 500 3570
128.14.134.134 - - [12/Apr/2020:17:44:32 +0900] "GET /index.jsp HTTP/1.1" 302 -
128.14.134.134 - - [12/Apr/2020:17:44:32 +0900] "GET /home/main/main.do HTTP/1.1" 200 14903
139.9.200.66 - - [12/Apr/2020:17:47:27 +0900] "GET /error/kr/error.jsp HTTP/1.1" 500 3570
139.9.200.66 - - [12/Apr/2020:17:47:29 +0900] "GET /error/kr/error.jsp HTTP/1.1" 500 3570
142.93.132.32 - - [12/Apr/2020:17:57:48 +0900] "GET /index.jsp HTTP/1.1" 302 -
142.93.132.32 - - [12/Apr/2020:17:57:48 +0900] "GET /home/main/main.do HTTP/1.1" 200 14903
119.207.72.67 - - [12/Apr/2020:18:05:02 +0900] "GET /home/news/news/view.do?page=1&num=6 HTTP/1.1" 200 9121
119.207.72.75 - - [12/Apr/2020:18:05:05 +0900] "GET /home/news/news/view.do?page=1&num=6 HTTP/1.1" 200 9121
119.207.72.117 - - [12/Apr/2020:18:05:06 +0900] "GET /home/about/about.do HTTP/1.1" 200 14667
157.55.39.186 - - [12/Apr/2020:18:05:29 +0900] "GET /home/main/main.do HTTP/1.1" 200 14903
125.35.84.114 - - [12/Apr/2020:18:14:30 +0900] "GET /error/kr/error.jsp HTTP/1.1" 500 3570
82.146.54.216 - - [12/Apr/2020:18:17:59 +0900] "GET /home/en/contact/contact.do HTTP/1.0" 200 5187
82.146.54.216 - - [12/Apr/2020:18:17:59 +0900] "GET /home/en/contact/contact.do HTTP/1.0" 200 5187
193.111.62.163 - - [12/Apr/2020:18:25:09 +0900] "GET /home/news/news/list.do HTTP/1.1" 200 7100
129.204.24.99 - - [12/Apr/2020:18:28:07 +0900] "GET /error/kr/error.jsp HTTP/1.1" 500 3570
129.204.24.99 - - [12/Apr/2020:18:28:38 +0900] "HEAD /index.jsp?s=www.yumiaowb.cn HTTP/1.1" 302 -
129.204.24.99 - - [12/Apr/2020:18:28:38 +0900] "HEAD /home/main/main.do HTTP/1.1" 200 -
144.76.91.79 - - [12/Apr/2020:18:37:45 +0900] "GET /error/kr/error.jsp HTTP/1.1" 500 3570
17.58.96.164 - - [12/Apr/2020:19:01:21 +0900] "GET /error/kr/error.jsp HTTP/1.1" 500 3570
17.58.96.118 - - [12/Apr/2020:19:01:22 +0900] "GET /home/news/news/view.do?num=3 HTTP/1.1" 200 5573
66.249.72.14 - - [12/Apr/2020:19:02:58 +0900] "GET /error/kr/error.jsp HTTP/1.1" 500 3570
119.207.72.114 - - [12/Apr/2020:19:07:18 +0900] "GET /home/news/news/list.do?page= HTTP/1.1" 200 7100
119.207.72.111 - - [12/Apr/2020:19:07:22 +0900] "GET /home/whoweare/korea.do HTTP/1.1" 200 29677
139.9.200.66 - - [12/Apr/2020:19:11:48 +0900] "GET /error/kr/error.jsp HTTP/1.1" 500 3570
139.9.200.66 - - [12/Apr/2020:19:11:48 +0900] "GET /error/kr/error.jsp HTTP/1.1" 500 3570
193.111.62.163 - - [12/Apr/2020:19:18:27 +0900] "GET /home/news/news/list.do HTTP/1.1" 200 7100
129.204.24.99 - - [12/Apr/2020:19:30:17 +0900] "HEAD /index.jsp?s=www.yumiaoxb.cn HTTP/1.1" 302 -
129.204.24.99 - - [12/Apr/2020:19:30:19 +0900] "HEAD /home/main/main.do HTTP/1.1" 200 -
157.55.39.254 - - [12/Apr/2020:19:35:31 +0900] "GET /error/kr/error.jsp HTTP/1.1" 500 3570
103.131.71.136 - - [12/Apr/2020:19:36:44 +0900] "GET /error/kr/error.jsp HTTP/1.1" 500 3570
198.71.230.61 - - [12/Apr/2020:19:38:23 +0900] "GET /error/kr/error.jsp HTTP/1.1" 500 3570
157.55.39.186 - - [12/Apr/2020:19:41:38 +0900] "GET /home/main/main.do HTTP/1.1" 200 14903
175.223.37.102 - - [12/Apr/2020:19:45:49 +0900] "GET /index.jsp HTTP/1.1" 302 -
175.223.37.102 - - [12/Apr/2020:19:45:49 +0900] "GET /home/main/main.do HTTP/1.1" 302 -
175.223.37.102 - - [12/Apr/2020:19:45:49 +0900] "GET /home/main/main.do HTTP/1.1" 200 12006
175.223.37.102 - - [12/Apr/2020:19:45:49 +0900] "GET /error/kr/error.jsp HTTP/1.1" 500 3762
175.223.37.102 - - [12/Apr/2020:19:45:50 +0900] "GET /error/kr/error.jsp HTTP/1.1" 500 3762
157.55.39.254 - - [12/Apr/2020:19:50:17 +0900] "GET /home/contact/contact.do HTTP/1.1" 200 5224
119.207.72.69 - - [12/Apr/2020:19:51:40 +0900] "GET /home/en/main/main.do HTTP/1.1" 200 11542
119.207.72.117 - - [12/Apr/2020:19:51:40 +0900] "GET /home/about/about.do HTTP/1.1" 200 14667
175.223.37.102 - - [12/Apr/2020:19:54:33 +0900] "GET /index.jsp HTTP/1.1" 302 -
175.223.37.102 - - [12/Apr/2020:19:54:33 +0900] "GET /home/main/main.do HTTP/1.1" 302 -
175.223.37.102 - - [12/Apr/2020:19:54:33 +0900] "GET /home/main/main.do HTTP/1.1" 200 12006
175.223.37.102 - - [12/Apr/2020:19:54:34 +0900] "GET /error/kr/error.jsp HTTP/1.1" 500 3762
175.223.37.102 - - [12/Apr/2020:19:54:34 +0900] "GET /error/kr/error.jsp HTTP/1.1" 500 3762
175.223.37.102 - - [12/Apr/2020:19:55:07 +0900] "GET /home/whoweare/korea.do HTTP/1.1" 200 43261
175.223.37.102 - - [12/Apr/2020:19:55:47 +0900] "GET /home/whoweare/china.do HTTP/1.1" 200 11536
175.223.37.102 - - [12/Apr/2020:19:55:59 +0900] "GET /home/whoweare/korea.do HTTP/1.1" 200 43261
175.223.37.102 - - [12/Apr/2020:19:56:06 +0900] "GET /home/whoweare/korea.do HTTP/1.1" 200 43261
175.223.37.102 - - [12/Apr/2020:19:56:33 +0900] "GET /home/whoweare/china.do HTTP/1.1" 200 11536
193.111.62.163 - - [12/Apr/2020:20:18:26 +0900] "GET /home/news/news/list.do HTTP/1.1" 200 7100
119.207.72.66 - - [12/Apr/2020:20:22:18 +0900] "GET /home/main/main.do HTTP/1.1" 200 14903
66.249.72.16 - - [12/Apr/2020:20:28:29 +0900] "GET /error/kr/error.jsp HTTP/1.1" 500 3570
129.204.24.99 - - [12/Apr/2020:20:31:09 +0900] "GET /error/kr/error.jsp HTTP/1.1" 500 3570
129.204.24.99 - - [12/Apr/2020:20:31:47 +0900] "HEAD /index.jsp?s=www.yumiaoyb.cn HTTP/1.1" 302 -
129.204.24.99 - - [12/Apr/2020:20:31:48 +0900] "HEAD /home/main/main.do HTTP/1.1" 200 -
102.112.35.83 - - [12/Apr/2020:20:34:18 +0900] "GET /home/en/main/main.do HTTP/1.1" 200 11542
157.55.39.186 - - [12/Apr/2020:20:36:35 +0900] "GET /error/kr/error.jsp HTTP/1.1" 500 3570
46.34.178.152 - - [12/Apr/2020:20:39:42 +0900] "GET /index.jsp HTTP/1.1" 302 -
49.7.3.79 - - [12/Apr/2020:20:45:12 +0900] "GET /home/en/contact/contact.do HTTP/1.1" 302 -
49.7.3.88 - - [12/Apr/2020:20:45:12 +0900] "GET /home/en/contact/contact.do HTTP/1.1" 200 7252
38.99.62.91 - - [12/Apr/2020:20:50:29 +0900] "GET /home/meetourpartners/all.do HTTP/1.1" 200 101569
111.231.81.165 - - [12/Apr/2020:20:50:48 +0900] "GET /error/kr/error.jsp HTTP/1.1" 500 3570
122.51.154.89 - - [12/Apr/2020:20:50:49 +0900] "GET /error/kr/error.jsp HTTP/1.1" 500 3570
111.231.81.165 - - [12/Apr/2020:20:51:23 +0900] "HEAD /index.jsp?s=www.guangdongymcb.cn HTTP/1.1" 302 -
111.231.81.165 - - [12/Apr/2020:20:51:23 +0900] "HEAD /home/main/main.do HTTP/1.1" 200 -
122.51.154.89 - - [12/Apr/2020:20:51:26 +0900] "HEAD /index.jsp?s=www.guangdongymcb.cn HTTP/1.1" 302 -
122.51.154.89 - - [12/Apr/2020:20:51:27 +0900] "HEAD /home/main/main.do HTTP/1.1" 200 -
123.125.71.114 - - [12/Apr/2020:20:52:05 +0900] "GET /home/en/contact/contact.do HTTP/1.1" 302 -
123.125.71.70 - - [12/Apr/2020:20:52:06 +0900] "GET /home/en/contact/contact.do HTTP/1.1" 200 7252
38.99.62.91 - - [12/Apr/2020:20:52:36 +0900] "GET /home/meetourpartners/all.do HTTP/1.1" 200 101569
38.99.62.91 - - [12/Apr/2020:20:53:01 +0900] "GET /home/meetourpartners/all.do HTTP/1.1" 200 101569
38.99.62.91 - - [12/Apr/2020:20:54:06 +0900] "GET /home/en/meetourpartners/all.do HTTP/1.1" 200 95227
38.99.62.91 - - [12/Apr/2020:20:54:46 +0900] "GET /home/meetourpartners/all.do HTTP/1.1" 200 101569
38.99.62.91 - - [12/Apr/2020:20:55:26 +0900] "GET /home/en/meetourpartners/all.do HTTP/1.1" 200 95227
38.99.62.91 - - [12/Apr/2020:20:55:52 +0900] "GET /home/meetourpartners/all.do HTTP/1.1" 200 101569
38.99.62.91 - - [12/Apr/2020:20:56:57 +0900] "GET /home/en/meetourpartners/all.do HTTP/1.1" 200 95227
38.99.62.91 - - [12/Apr/2020:20:57:36 +0900] "GET /home/meetourpartners/all.do HTTP/1.1" 200 101569
38.99.62.91 - - [12/Apr/2020:20:58:41 +0900] "GET /home/meetourpartners/all.do HTTP/1.1" 200 101569
38.99.62.91 - - [12/Apr/2020:20:59:21 +0900] "GET /home/en/meetourpartners/all.do HTTP/1.1" 200 95227
38.99.62.91 - - [12/Apr/2020:21:00:00 +0900] "GET /home/meetourpartners/all.do HTTP/1.1" 200 101569
38.99.62.91 - - [12/Apr/2020:21:01:19 +0900] "GET /home/meetourpartners/domestic.do HTTP/1.1" 200 73451
38.99.62.91 - - [12/Apr/2020:21:04:36 +0900] "GET /home/meetourpartners/all.do HTTP/1.1" 200 101569
38.99.62.91 - - [12/Apr/2020:21:05:56 +0900] "GET /home/en/meetourpartners/all.do HTTP/1.1" 200 95227
157.55.39.48 - - [12/Apr/2020:21:06:11 +0900] "GET /error/kr/error.jsp HTTP/1.1" 500 3570
38.99.62.91 - - [12/Apr/2020:21:06:35 +0900] "GET /home/meetourpartners/domestic.do HTTP/1.1" 200 73451
178.172.147.237 - - [12/Apr/2020:21:07:10 +0900] "GET /index.jsp HTTP/1.0" 302 -
178.172.147.237 - - [12/Apr/2020:21:07:11 +0900] "GET /home/main/main.do HTTP/1.0" 200 14903
178.172.147.237 - - [12/Apr/2020:21:07:11 +0900] "GET /home/contact/contact.do HTTP/1.0" 200 5224
102.112.35.83 - - [12/Apr/2020:21:09:46 +0900] "GET /home/en/contact/contact.do HTTP/1.1" 200 5187
38.99.62.91 - - [12/Apr/2020:21:09:52 +0900] "GET /home/en/meetourpartners/all.do HTTP/1.1" 200 95227
38.99.62.91 - - [12/Apr/2020:21:10:17 +0900] "GET /home/meetourpartners/domestic.do HTTP/1.1" 200 73451
38.99.62.91 - - [12/Apr/2020:21:10:42 +0900] "GET /home/meetourpartners/all.do HTTP/1.1" 200 101569
38.99.62.91 - - [12/Apr/2020:21:11:22 +0900] "GET /home/meetourpartners/domestic.do HTTP/1.1" 200 73451
38.99.62.91 - - [12/Apr/2020:21:13:59 +0900] "GET /home/en/meetourpartners/all.do HTTP/1.1" 200 95227
38.99.62.91 - - [12/Apr/2020:21:14:38 +0900] "GET /home/meetourpartners/domestic.do HTTP/1.1" 200 73451
157.55.39.254 - - [12/Apr/2020:21:17:01 +0900] "GET /error/kr/error.jsp HTTP/1.1" 500 3570
38.99.62.91 - - [12/Apr/2020:21:19:38 +0900] "GET /home/meetourpartners/all.do HTTP/1.1" 200 101569
193.111.62.163 - - [12/Apr/2020:21:19:39 +0900] "GET /home/news/news/list.do HTTP/1.1" 200 7100
38.99.62.91 - - [12/Apr/2020:21:20:18 +0900] "GET /home/meetourpartners/domestic.do HTTP/1.1" 200 73451
38.99.62.91 - - [12/Apr/2020:21:20:58 +0900] "GET /home/en/meetourpartners/all.do HTTP/1.1" 200 95227
119.118.8.19 - - [12/Apr/2020:21:21:04 +0900] "HEAD /index.jsp HTTP/1.1" 302 -
119.118.8.19 - - [12/Apr/2020:21:21:04 +0900] "HEAD /home/en/main/main.do HTTP/1.1" 200 -
221.13.12.251 - - [12/Apr/2020:21:21:06 +0900] "GET /index.jsp HTTP/1.1" 302 -
221.213.75.107 - - [12/Apr/2020:21:21:07 +0900] "CONNECT /index.jsp HTTP/1.1" 405 1105
124.225.42.192 - - [12/Apr/2020:21:21:09 +0900] "GET /error/kr/error.jsp HTTP/1.1" 500 3570
111.224.235.7 - - [12/Apr/2020:21:21:09 +0900] "CONNECT /index.jsp HTTP/1.1" 405 1105
123.145.13.153 - - [12/Apr/2020:21:21:09 +0900] "GET /index.jsp HTTP/1.1" 302 -
182.138.137.156 - - [12/Apr/2020:21:21:12 +0900] "CONNECT /index.jsp HTTP/1.1" 405 1105
116.252.0.31 - - [12/Apr/2020:21:21:13 +0900] "GET /index.jsp HTTP/1.1" 302 -
116.252.0.31 - - [12/Apr/2020:21:21:14 +0900] "GET /home/en/main/main.do HTTP/1.1" 200 11542
106.45.0.55 - - [12/Apr/2020:21:21:15 +0900] "GET /index.jsp HTTP/1.1" 302 -
122.96.130.53 - - [12/Apr/2020:21:21:15 +0900] "GET /index.jsp HTTP/1.1" 302 -
38.99.62.91 - - [12/Apr/2020:21:21:37 +0900] "GET /home/meetourpartners/domestic.do HTTP/1.1" 200 73451
38.99.62.91 - - [12/Apr/2020:21:22:56 +0900] "GET /home/meetourpartners/all.do HTTP/1.1" 200 101569
157.55.39.186 - - [12/Apr/2020:21:23:02 +0900] "GET /error/kr/error.jsp HTTP/1.1" 500 3570
38.99.62.91 - - [12/Apr/2020:21:23:36 +0900] "GET /home/meetourpartners/domestic.do HTTP/1.1" 200 73451
38.99.62.91 - - [12/Apr/2020:21:25:34 +0900] "GET /home/meetourpartners/all.do HTTP/1.1" 200 101569
38.99.62.91 - - [12/Apr/2020:21:26:14 +0900] "GET /home/meetourpartners/domestic.do HTTP/1.1" 200 73451
38.99.62.91 - - [12/Apr/2020:21:28:41 +0900] "GET /home/meetourpartners/all.do HTTP/1.1" 200 101569
38.99.62.91 - - [12/Apr/2020:21:29:20 +0900] "GET /home/meetourpartners/domestic.do HTTP/1.1" 200 73451
173.212.222.108 - - [12/Apr/2020:21:31:43 +0900] "GET /error/kr/error.jsp HTTP/1.1" 500 3570
129.204.24.99 - - [12/Apr/2020:21:32:47 +0900] "GET /error/kr/error.jsp HTTP/1.1" 500 3570
38.99.62.91 - - [12/Apr/2020:21:33:55 +0900] "GET /home/en/meetourpartners/all.do HTTP/1.1" 200 95227
119.207.72.109 - - [12/Apr/2020:21:34:33 +0900] "GET /home/contact/contact.do HTTP/1.1" 200 5224
119.207.72.115 - - [12/Apr/2020:21:34:35 +0900] "GET /home/contact/contact.do HTTP/1.1" 200 5224
38.99.62.91 - - [12/Apr/2020:21:34:36 +0900] "GET /home/meetourpartners/domestic.do HTTP/1.1" 200 73451
38.99.62.91 - - [12/Apr/2020:21:35:55 +0900] "GET /home/en/meetourpartners/all.do HTTP/1.1" 200 95227
38.99.62.91 - - [12/Apr/2020:21:36:35 +0900] "GET /home/meetourpartners/domestic.do HTTP/1.1" 200 73451
38.99.62.91 - - [12/Apr/2020:21:38:58 +0900] "GET /home/en/meetourpartners/all.do HTTP/1.1" 200 95227
40.77.167.108 - - [12/Apr/2020:21:39:14 +0900] "GET /index.jsp HTTP/1.1" 302 -
40.77.167.108 - - [12/Apr/2020:21:39:14 +0900] "GET /home/main/main.do HTTP/1.1" 200 14903
38.99.62.91 - - [12/Apr/2020:21:39:41 +0900] "GET /home/en/meetourpartners/all.do HTTP/1.1" 200 95227
