157.55.39.29 - - [20/Jun/2020:00:06:13 +0900] "GET /error/kr/error.jsp HTTP/1.1" 500 3570
193.111.62.163 - - [20/Jun/2020:00:13:04 +0900] "GET /home/news/news/list.do HTTP/1.1" 200 7100
17.58.101.3 - - [20/Jun/2020:00:19:36 +0900] "GET /error/kr/error.jsp HTTP/1.1" 500 3570
17.58.101.93 - - [20/Jun/2020:00:19:37 +0900] "GET /home/about/about.do HTTP/1.1" 200 14667
211.217.168.33 - - [20/Jun/2020:00:22:45 +0900] "GET /index.jsp HTTP/1.1" 302 -
211.217.168.33 - - [20/Jun/2020:00:22:45 +0900] "GET /home/main/main.do HTTP/1.1" 200 12249
211.217.168.33 - - [20/Jun/2020:00:22:48 +0900] "GET /home/watwedo/overview.do HTTP/1.1" 200 6276
211.217.168.33 - - [20/Jun/2020:00:22:58 +0900] "GET /home/meetourpartners/all.do HTTP/1.1" 200 101569
129.204.24.99 - - [20/Jun/2020:00:29:55 +0900] "GET /error/kr/error.jsp HTTP/1.1" 500 3570
129.204.24.99 - - [20/Jun/2020:00:30:22 +0900] "HEAD /index.jsp?s=www.chongqingymca.cn HTTP/1.1" 302 -
129.204.24.99 - - [20/Jun/2020:00:30:23 +0900] "HEAD /home/main/main.do HTTP/1.1" 200 -
94.225.42.163 - - [20/Jun/2020:00:35:32 +0900] "GET /index.jsp HTTP/1.1" 302 -
103.131.71.37 - - [20/Jun/2020:00:36:50 +0900] "GET /error/kr/error.jsp HTTP/1.1" 500 3570
103.131.71.49 - - [20/Jun/2020:00:36:52 +0900] "GET /error/kr/error.jsp HTTP/1.1" 500 3762
103.131.71.48 - - [20/Jun/2020:00:36:59 +0900] "GET /error/kr/error.jsp HTTP/1.1" 500 3570
1.229.94.245 - - [20/Jun/2020:00:47:47 +0900] "GET /home/main/main.do HTTP/1.1" 200 8866
1.229.94.245 - - [20/Jun/2020:00:47:47 +0900] "GET /error/kr/error.jsp HTTP/1.1" 500 3762
95.163.255.19 - - [20/Jun/2020:00:48:07 +0900] "GET /error/kr/error.jsp HTTP/1.0" 500 3570
95.163.255.12 - - [20/Jun/2020:00:48:18 +0900] "GET /home/en/meetourpartners/overseas.do HTTP/1.1" 200 31428
95.163.255.15 - - [20/Jun/2020:00:53:52 +0900] "GET /home/en/watwedo/overview.do HTTP/1.1" 200 6218
66.249.65.202 - - [20/Jun/2020:00:55:15 +0900] "GET /error/kr/error.jsp HTTP/1.1" 500 3762
14.215.176.16 - - [20/Jun/2020:01:00:22 +0900] "GET /home/en/main/main.do HTTP/1.0" 200 8565
210.90.166.79 - - [20/Jun/2020:01:01:43 +0900] "GET /filter/checker.jsp?campaignID=766&email=umteng1130@naver.com&responseEnd=2019-01-03 HTTP/1.1" 404 3570
106.13.112.245 - - [20/Jun/2020:01:06:46 +0900] "GET /index.jsp HTTP/1.1" 302 -
106.13.112.245 - - [20/Jun/2020:01:06:46 +0900] "GET /home/en/main/main.do HTTP/1.1" 200 11542
193.111.62.163 - - [20/Jun/2020:01:10:15 +0900] "GET /home/news/news/list.do HTTP/1.1" 200 7100
210.90.166.79 - - [20/Jun/2020:01:15:30 +0900] "GET /filter/checker.jsp?campaignID=540&email=umteng1130@naver.com&responseEnd=2018-12-20 HTTP/1.1" 404 3570
103.82.235.2 - - [20/Jun/2020:01:24:25 +0900] "GET /error/kr/error.jsp HTTP/1.1" 500 3570
129.204.24.99 - - [20/Jun/2020:01:29:10 +0900] "HEAD /index.jsp?s=www.shanghaiymca.cn HTTP/1.1" 302 -
129.204.24.99 - - [20/Jun/2020:01:29:10 +0900] "HEAD /home/main/main.do HTTP/1.1" 200 -
104.222.33.5 - - [20/Jun/2020:01:31:50 +0900] "GET /index.jsp HTTP/1.1" 302 -
104.222.33.5 - - [20/Jun/2020:01:31:51 +0900] "GET /home/en/main/main.do HTTP/1.1" 200 11542
185.53.88.198 - - [20/Jun/2020:01:43:54 +0900] "GET /error/kr/error.jsp HTTP/1.1" 500 3570
168.63.200.145 - - [20/Jun/2020:01:46:31 +0900] "GET /error/kr/error.jsp HTTP/1.1" 500 3570
34.250.9.32 - - [20/Jun/2020:01:46:34 +0900] "GET /error/kr/error.jsp HTTP/1.1" 500 3570
34.250.9.32 - - [20/Jun/2020:01:46:34 +0900] "GET /error/kr/error.jsp HTTP/1.1" 500 3570
168.63.200.145 - - [20/Jun/2020:01:46:36 +0900] "GET /error/kr/error.jsp HTTP/1.1" 500 3570
168.63.200.145 - - [20/Jun/2020:01:46:42 +0900] "GET /error/kr/error.jsp HTTP/1.1" 500 3570
168.63.200.145 - - [20/Jun/2020:01:46:43 +0900] "GET /error/kr/error.jsp HTTP/1.1" 500 3570
168.63.200.145 - - [20/Jun/2020:01:46:50 +0900] "GET /error/kr/error.jsp HTTP/1.1" 500 3570
168.63.200.145 - - [20/Jun/2020:01:46:55 +0900] "GET /error/kr/error.jsp HTTP/1.1" 500 3570
168.63.200.145 - - [20/Jun/2020:01:47:00 +0900] "GET /error/kr/error.jsp HTTP/1.1" 500 3570
168.63.200.145 - - [20/Jun/2020:01:47:02 +0900] "GET /error/kr/error.jsp HTTP/1.1" 500 3570
128.14.209.226 - - [20/Jun/2020:01:48:31 +0900] "GET /console/login/LoginForm.jsp HTTP/1.1" 404 3570
91.240.109.1 - - [20/Jun/2020:02:01:03 +0900] "GET /index.jsp HTTP/1.1" 302 -
91.240.109.1 - - [20/Jun/2020:02:01:04 +0900] "GET /home/main/main.do HTTP/1.1" 200 12249
193.111.62.163 - - [20/Jun/2020:02:09:23 +0900] "GET /home/news/news/list.do HTTP/1.1" 200 7100
125.65.14.33 - - [20/Jun/2020:02:16:31 +0900] "GET /index.jsp HTTP/1.1" 302 -
125.65.14.33 - - [20/Jun/2020:02:16:32 +0900] "GET /home/en/main/main.do HTTP/1.1" 200 11542
125.65.14.33 - - [20/Jun/2020:02:17:19 +0900] "GET /home/en/watwedo/overview.do HTTP/1.1" 200 6218
125.65.14.33 - - [20/Jun/2020:02:17:24 +0900] "GET /home/en/meetourpartners/all.do HTTP/1.1" 200 95227
125.65.14.33 - - [20/Jun/2020:02:17:26 +0900] "GET /home/en/whoweare/korea.do HTTP/1.1" 200 29641
125.65.14.33 - - [20/Jun/2020:02:17:29 +0900] "GET /home/en/contact/contact.do HTTP/1.1" 200 5187
125.65.14.33 - - [20/Jun/2020:02:17:30 +0900] "GET /home/en/about/about.do HTTP/1.1" 200 16228
125.65.14.33 - - [20/Jun/2020:02:17:33 +0900] "GET /home/en/main/main.do HTTP/1.1" 200 11542
157.55.39.186 - - [20/Jun/2020:02:22:55 +0900] "GET /home/watwedo/history.do HTTP/1.1" 200 10890
66.249.65.198 - - [20/Jun/2020:02:25:15 +0900] "GET /error/kr/error.jsp HTTP/1.1" 500 3762
129.204.24.99 - - [20/Jun/2020:02:27:41 +0900] "GET /error/kr/error.jsp HTTP/1.1" 500 3570
207.46.13.42 - - [20/Jun/2020:02:27:57 +0900] "GET /error/kr/error.jsp HTTP/1.1" 500 3570
34.73.108.5 - - [20/Jun/2020:02:29:49 +0900] "GET /error/kr/error.jsp HTTP/1.0" 500 3570
34.73.108.5 - - [20/Jun/2020:02:29:49 +0900] "GET /index.jsp HTTP/1.0" 302 -
34.73.108.5 - - [20/Jun/2020:02:29:49 +0900] "GET /error/kr/error.jsp HTTP/1.0" 500 3570
34.73.108.5 - - [20/Jun/2020:02:29:50 +0900] "GET /home/en/main/main.do HTTP/1.0" 200 11542
89.40.73.203 - - [20/Jun/2020:02:33:17 +0900] "GET /index.jsp HTTP/1.1" 302 -
34.73.108.5 - - [20/Jun/2020:02:38:54 +0900] "GET /error/kr/error.jsp HTTP/1.0" 500 3570
34.73.108.5 - - [20/Jun/2020:02:38:54 +0900] "GET /index.jsp HTTP/1.0" 302 -
34.73.108.5 - - [20/Jun/2020:02:38:55 +0900] "GET /error/kr/error.jsp HTTP/1.0" 500 3570
34.73.108.5 - - [20/Jun/2020:02:38:55 +0900] "GET /home/en/main/main.do HTTP/1.0" 200 11542
121.152.9.5 - - [20/Jun/2020:02:41:37 +0900] "GET /index.jsp?ko HTTP/1.1" 302 -
121.152.9.5 - - [20/Jun/2020:02:41:37 +0900] "GET /home/main/main.do HTTP/1.1" 200 12249
190.122.179.232 - - [20/Jun/2020:02:42:14 +0900] "GET /index.jsp HTTP/1.1" 302 -
66.249.65.212 - - [20/Jun/2020:02:56:17 +0900] "GET /error/kr/error.jsp HTTP/1.1" 500 3762
133.242.12.18 - - [20/Jun/2020:03:11:10 +0900] "GET /error/kr/error.jsp HTTP/1.1" 500 3762
193.111.62.163 - - [20/Jun/2020:03:16:05 +0900] "GET /home/news/news/list.do HTTP/1.1" 200 7100
74.208.59.47 - - [20/Jun/2020:03:18:34 +0900] "GET /error/kr/error.jsp HTTP/1.1" 500 3762
50.63.92.62 - - [20/Jun/2020:03:18:38 +0900] "GET /error/kr/error.jsp HTTP/1.1" 500 3570
207.46.13.42 - - [20/Jun/2020:03:21:37 +0900] "GET /home/meetourpartners/all.do HTTP/1.1" 200 105128
157.55.39.186 - - [20/Jun/2020:03:23:26 +0900] "GET /error/kr/error.jsp HTTP/1.1" 500 3570
109.120.167.3 - - [20/Jun/2020:03:25:46 +0900] "GET /error/kr/error.jsp HTTP/1.1" 500 3762
129.204.24.99 - - [20/Jun/2020:03:27:22 +0900] "GET /error/kr/error.jsp HTTP/1.1" 500 3570
129.204.24.99 - - [20/Jun/2020:03:27:57 +0900] "HEAD /index.jsp?s=www.guangxiymce.cn HTTP/1.1" 302 -
129.204.24.99 - - [20/Jun/2020:03:27:57 +0900] "HEAD /home/main/main.do HTTP/1.1" 200 -
162.243.144.39 - - [20/Jun/2020:03:29:51 +0900] "GET /index.jsp HTTP/1.1" 302 -
104.222.43.5 - - [20/Jun/2020:03:32:46 +0900] "GET /index.jsp HTTP/1.1" 302 -
104.222.43.5 - - [20/Jun/2020:03:32:47 +0900] "GET /home/en/main/main.do HTTP/1.1" 200 11542
222.122.190.47 - - [20/Jun/2020:03:34:57 +0900] "GET /index.jsp HTTP/1.1" 302 -
222.122.190.47 - - [20/Jun/2020:03:34:57 +0900] "GET /home/main/main.do HTTP/1.1" 200 12249
222.122.190.47 - - [20/Jun/2020:03:34:57 +0900] "GET /index.jsp HTTP/1.1" 302 -
222.122.190.47 - - [20/Jun/2020:03:34:57 +0900] "GET /home/main/main.do HTTP/1.1" 200 12249
222.122.190.47 - - [20/Jun/2020:03:34:58 +0900] "GET /error/kr/error.jsp HTTP/1.1" 500 3570
203.133.168.244 - - [20/Jun/2020:03:44:46 +0900] "GET /error/kr/error.jsp HTTP/1.1" 500 3570
203.133.168.244 - - [20/Jun/2020:03:44:46 +0900] "GET /home/news/news/view.do?page=2&num=5 HTTP/1.1" 200 9112
203.133.168.244 - - [20/Jun/2020:03:45:05 +0900] "GET /home/news/news/view.do?page=&num=14 HTTP/1.1" 200 6733
66.249.73.46 - - [20/Jun/2020:03:45:14 +0900] "GET /error/kr/error.jsp HTTP/1.1" 500 3570
213.180.203.190 - - [20/Jun/2020:03:45:21 +0900] "GET /error/kr/error.jsp HTTP/1.1" 500 3570
213.180.203.190 - - [20/Jun/2020:03:45:25 +0900] "GET /error/kr/error.jsp HTTP/1.1" 500 3570
185.180.198.27 - - [20/Jun/2020:03:47:35 +0900] "GET /error/kr/error.jsp HTTP/1.1" 500 3570
40.77.167.147 - - [20/Jun/2020:03:50:43 +0900] "GET /error/kr/error.jsp HTTP/1.1" 500 3570
118.190.53.55 - - [20/Jun/2020:03:51:48 +0900] "GET /error/kr/error.jsp HTTP/1.1" 500 3570
109.200.248.137 - - [20/Jun/2020:04:08:48 +0900] "GET /index.jsp HTTP/1.1" 302 -
109.200.248.137 - - [20/Jun/2020:04:08:49 +0900] "GET /home/en/main/main.do HTTP/1.1" 200 8565
109.200.248.137 - - [20/Jun/2020:04:08:59 +0900] "GET /error/kr/error.jsp HTTP/1.1" 500 3762
193.111.62.163 - - [20/Jun/2020:04:10:34 +0900] "GET /home/news/news/list.do HTTP/1.1" 200 7100
118.190.53.55 - - [20/Jun/2020:04:28:23 +0900] "GET /error/kr/error.jsp HTTP/1.1" 500 3570
129.204.24.99 - - [20/Jun/2020:04:28:24 +0900] "HEAD /index.jsp?s=www.guangxiymcf.cn HTTP/1.1" 302 -
129.204.24.99 - - [20/Jun/2020:04:28:24 +0900] "HEAD /home/main/main.do HTTP/1.1" 200 -
119.207.72.113 - - [20/Jun/2020:04:31:04 +0900] "GET /home/contact/contact.do HTTP/1.1" 200 5224
119.207.72.79 - - [20/Jun/2020:04:31:05 +0900] "GET /home/meetourpartners/all.do HTTP/1.1" 200 101569
167.99.97.137 - - [20/Jun/2020:04:31:19 +0900] "GET /index.jsp HTTP/1.0" 302 -
167.99.97.137 - - [20/Jun/2020:04:31:19 +0900] "GET /index.jsp HTTP/1.0" 302 -
167.99.97.137 - - [20/Jun/2020:04:31:19 +0900] "GET /home/main/main.do HTTP/1.0" 200 12249
167.99.97.137 - - [20/Jun/2020:04:31:19 +0900] "GET /home/main/main.do HTTP/1.0" 200 12249
203.133.168.244 - - [20/Jun/2020:04:32:29 +0900] "GET /error/kr/error.jsp HTTP/1.1" 500 3570
203.133.168.244 - - [20/Jun/2020:04:32:29 +0900] "GET /home/news/news/view.do?page=1&num=19 HTTP/1.1" 200 6164
203.133.168.244 - - [20/Jun/2020:04:37:44 +0900] "GET /error/kr/error.jsp HTTP/1.1" 500 3570
203.133.168.244 - - [20/Jun/2020:04:37:44 +0900] "GET /home/news/news/view.do?page=&num=16 HTTP/1.1" 200 5663
61.160.213.117 - - [20/Jun/2020:04:41:30 +0900] "GET /error/kr/error.jsp HTTP/1.1" 500 3570
61.160.213.117 - - [20/Jun/2020:04:41:30 +0900] "GET /error/kr/error.jsp HTTP/1.1" 500 3570
61.160.213.117 - - [20/Jun/2020:04:41:30 +0900] "GET /error/kr/error.jsp HTTP/1.1" 500 3570
61.160.213.117 - - [20/Jun/2020:04:41:30 +0900] "GET /error/kr/error.jsp HTTP/1.1" 500 3570
207.46.13.116 - - [20/Jun/2020:04:43:37 +0900] "GET /home/watwedo/overview.do HTTP/1.1" 200 6276
3.94.64.84 - - [20/Jun/2020:04:48:55 +0900] "GET /index.jsp HTTP/1.1" 302 -
3.94.64.84 - - [20/Jun/2020:04:48:55 +0900] "GET /home/main/main.do HTTP/1.1" 200 12249
3.94.64.84 - - [20/Jun/2020:04:48:56 +0900] "GET /home/main/main.do HTTP/1.1" 200 12249
3.94.64.84 - - [20/Jun/2020:04:48:56 +0900] "GET /home/main/main.do HTTP/1.1" 200 12249
40.77.167.170 - - [20/Jun/2020:05:05:26 +0900] "GET /home/meetourpartners/all.do HTTP/1.1" 200 101569
119.207.72.185 - - [20/Jun/2020:05:09:14 +0900] "GET /home/meetourpartners/all.do HTTP/1.1" 200 101569
193.111.62.163 - - [20/Jun/2020:05:10:08 +0900] "GET /home/news/news/list.do HTTP/1.1" 200 7100
121.254.147.237 - - [20/Jun/2020:05:15:10 +0900] "GET /index.jsp HTTP/1.1" 302 -
121.254.147.237 - - [20/Jun/2020:05:15:10 +0900] "GET /home/en/main/main.do HTTP/1.1" 200 11542
83.97.20.21 - - [20/Jun/2020:05:17:14 +0900] "GET /index.jsp HTTP/1.0" 302 -
13.82.137.254 - - [20/Jun/2020:05:19:15 +0900] "GET /index.jsp HTTP/1.1" 302 -
13.82.137.254 - - [20/Jun/2020:05:19:17 +0900] "GET /error/kr/error.jsp HTTP/1.1" 500 3570
13.82.137.254 - - [20/Jun/2020:05:19:18 +0900] "GET /error/kr/error.jsp HTTP/1.1" 500 3570
13.82.137.254 - - [20/Jun/2020:05:19:20 +0900] "GET /error/kr/error.jsp HTTP/1.1" 500 3570
13.82.137.254 - - [20/Jun/2020:05:19:21 +0900] "GET /error/kr/error.jsp HTTP/1.1" 500 3570
13.82.137.254 - - [20/Jun/2020:05:19:23 +0900] "GET /error/kr/error.jsp HTTP/1.1" 500 3570
13.82.137.254 - - [20/Jun/2020:05:19:24 +0900] "GET /error/kr/error.jsp HTTP/1.1" 500 3570
13.82.137.254 - - [20/Jun/2020:05:19:26 +0900] "GET /error/kr/error.jsp HTTP/1.1" 500 3570
13.82.137.254 - - [20/Jun/2020:05:19:27 +0900] "GET /error/kr/error.jsp HTTP/1.1" 500 3570
106.11.157.35 - - [20/Jun/2020:05:22:28 +0900] "GET /home/en/about/about.do HTTP/1.1" 200 16228
106.11.156.139 - - [20/Jun/2020:05:22:28 +0900] "GET /error/kr/error.jsp HTTP/1.1" 500 3570
106.11.156.139 - - [20/Jun/2020:05:22:30 +0900] "GET /error/kr/error.jsp HTTP/1.1" 500 3570
117.82.92.106 - - [20/Jun/2020:05:22:31 +0900] "GET /error/kr/error.jsp HTTP/1.1" 500 3570
110.52.235.34 - - [20/Jun/2020:05:22:32 +0900] "GET /error/kr/error.jsp HTTP/1.1" 500 3570
157.55.39.170 - - [20/Jun/2020:05:24:41 +0900] "GET /error/kr/error.jsp HTTP/1.1" 500 3570
66.249.73.46 - - [20/Jun/2020:05:25:15 +0900] "GET /error/kr/error.jsp HTTP/1.1" 500 3570
129.204.24.99 - - [20/Jun/2020:05:28:25 +0900] "GET /error/kr/error.jsp HTTP/1.1" 500 3570
40.77.167.170 - - [20/Jun/2020:05:38:53 +0900] "GET /index.jsp HTTP/1.1" 302 -
95.163.255.16 - - [20/Jun/2020:05:39:32 +0900] "GET /error/kr/error.jsp HTTP/1.0" 500 3570
95.163.255.14 - - [20/Jun/2020:05:39:43 +0900] "GET /home/en/whoweare/china.do HTTP/1.1" 200 10353
39.99.251.41 - - [20/Jun/2020:05:42:08 +0900] "GET /error/kr/error.jsp HTTP/1.1" 500 3570
119.207.72.184 - - [20/Jun/2020:05:46:02 +0900] "GET /index.jsp HTTP/1.1" 302 -
119.207.72.184 - - [20/Jun/2020:05:46:02 +0900] "GET /home/main/main.do HTTP/1.1" 200 12249
119.207.72.69 - - [20/Jun/2020:05:46:06 +0900] "GET /index.jsp HTTP/1.1" 302 -
119.207.72.69 - - [20/Jun/2020:05:46:06 +0900] "GET /home/main/main.do HTTP/1.1" 200 12249
205.185.114.231 - - [20/Jun/2020:05:58:40 +0900] "GET /index.jsp HTTP/1.1" 302 -
40.77.167.170 - - [20/Jun/2020:06:02:11 +0900] "GET /index.jsp HTTP/1.1" 302 -
193.111.62.163 - - [20/Jun/2020:06:12:13 +0900] "GET /home/news/news/list.do HTTP/1.1" 200 7100
185.234.218.239 - - [20/Jun/2020:06:24:26 +0900] "GET /index.jsp HTTP/1.1" 302 -
185.234.218.239 - - [20/Jun/2020:06:24:26 +0900] "GET /home/en/main/main.do HTTP/1.1" 200 11542
40.77.167.170 - - [20/Jun/2020:06:25:31 +0900] "GET /home/news/news/view.do?page=1&num=4 HTTP/1.1" 200 9123
106.13.124.37 - - [20/Jun/2020:06:28:42 +0900] "GET /index.jsp HTTP/1.1" 302 -
106.13.124.37 - - [20/Jun/2020:06:28:43 +0900] "GET /home/en/main/main.do HTTP/1.1" 200 11542
129.204.24.99 - - [20/Jun/2020:06:29:36 +0900] "HEAD /index.jsp?s=www.guangxiymch.cn HTTP/1.1" 302 -
129.204.24.99 - - [20/Jun/2020:06:29:36 +0900] "HEAD /home/main/main.do HTTP/1.1" 200 -
103.131.71.141 - - [20/Jun/2020:06:34:40 +0900] "GET /error/kr/error.jsp HTTP/1.1" 500 3570
66.249.73.48 - - [20/Jun/2020:06:35:18 +0900] "GET /error/kr/error.jsp HTTP/1.1" 500 3570
40.77.167.170 - - [20/Jun/2020:06:44:25 +0900] "GET /home/meetourpartners/all.do HTTP/1.1" 200 101569
146.88.237.54 - - [20/Jun/2020:06:46:36 +0900] "GET /error/kr/error.jsp HTTP/1.1" 500 3570
162.241.225.75 - - [20/Jun/2020:06:46:58 +0900] "GET /error/kr/error.jsp HTTP/1.1" 500 3570
42.123.77.121 - - [20/Jun/2020:07:05:27 +0900] "GET /error/kr/error.jsp HTTP/1.1" 500 3570
125.209.235.180 - - [20/Jun/2020:07:08:26 +0900] "GET /error/kr/error.jsp HTTP/1.1" 500 3570
125.209.235.181 - - [20/Jun/2020:07:08:28 +0900] "GET /index.jsp HTTP/1.1" 302 -
125.209.235.181 - - [20/Jun/2020:07:08:29 +0900] "GET /home/main/main.do HTTP/1.1" 200 12249
193.111.62.163 - - [20/Jun/2020:07:10:35 +0900] "GET /home/news/news/list.do HTTP/1.1" 200 7100
119.207.72.78 - - [20/Jun/2020:07:17:59 +0900] "GET /home/news/news/list.do HTTP/1.1" 200 7100
119.207.72.111 - - [20/Jun/2020:07:18:02 +0900] "GET /home/news/news/list.do HTTP/1.1" 200 7100
51.254.143.96 - - [20/Jun/2020:07:28:52 +0900] "GET /error/kr/error.jsp HTTP/1.1" 500 3570
51.254.143.96 - - [20/Jun/2020:07:28:54 +0900] "GET /error/kr/error.jsp HTTP/1.1" 500 3570
109.70.100.29 - - [20/Jun/2020:07:28:58 +0900] "GET /error/kr/error.jsp HTTP/1.1" 500 3570
199.249.230.72 - - [20/Jun/2020:07:29:00 +0900] "GET /error/kr/error.jsp HTTP/1.1" 500 3570
5.39.67.212 - - [20/Jun/2020:07:29:02 +0900] "GET /error/kr/error.jsp HTTP/1.1" 500 3570
185.220.101.157 - - [20/Jun/2020:07:29:04 +0900] "GET /error/kr/error.jsp HTTP/1.1" 500 3570
185.220.101.157 - - [20/Jun/2020:07:29:05 +0900] "GET /error/kr/error.jsp HTTP/1.1" 500 3570
185.220.101.157 - - [20/Jun/2020:07:29:07 +0900] "GET /error/kr/error.jsp HTTP/1.1" 500 3570
104.244.76.69 - - [20/Jun/2020:07:29:11 +0900] "GET /error/kr/error.jsp HTTP/1.1" 500 3570
18.27.197.252 - - [20/Jun/2020:07:29:15 +0900] "GET /error/kr/error.jsp HTTP/1.1" 500 3570
176.31.225.152 - - [20/Jun/2020:07:29:26 +0900] "GET /error/kr/error.jsp HTTP/1.1" 500 3570
23.129.64.185 - - [20/Jun/2020:07:29:30 +0900] "GET /error/kr/error.jsp HTTP/1.1" 500 3570
185.220.100.252 - - [20/Jun/2020:07:29:37 +0900] "GET /error/kr/error.jsp HTTP/1.1" 500 3570
129.204.24.99 - - [20/Jun/2020:07:29:38 +0900] "GET /error/kr/error.jsp HTTP/1.1" 500 3570
106.75.189.104 - - [20/Jun/2020:07:29:41 +0900] "GET /index.jsp HTTP/1.0" 302 -
185.220.101.193 - - [20/Jun/2020:07:29:41 +0900] "GET /error/kr/error.jsp HTTP/1.1" 500 3570
185.220.100.241 - - [20/Jun/2020:07:29:45 +0900] "GET /error/kr/error.jsp HTTP/1.1" 500 3570
185.220.101.201 - - [20/Jun/2020:07:29:49 +0900] "GET /error/kr/error.jsp HTTP/1.1" 500 3570
149.202.238.204 - - [20/Jun/2020:07:29:51 +0900] "GET /error/kr/error.jsp HTTP/1.1" 500 3570
149.202.238.204 - - [20/Jun/2020:07:29:54 +0900] "GET /error/kr/error.jsp HTTP/1.1" 500 3570
129.204.24.99 - - [20/Jun/2020:07:30:08 +0900] "HEAD /index.jsp?s=www.guangxiymci.cn HTTP/1.1" 302 -
129.204.24.99 - - [20/Jun/2020:07:30:09 +0900] "HEAD /home/main/main.do HTTP/1.1" 200 -
195.54.160.135 - - [20/Jun/2020:07:52:56 +0900] "GET /error/kr/error.jsp HTTP/1.1" 500 3570
195.54.160.135 - - [20/Jun/2020:08:01:49 +0900] "GET /index.jsp?a=fetch&content=<php>die(@md5(HelloThinkCMF))</php> HTTP/1.1" 302 -
195.54.160.135 - - [20/Jun/2020:08:01:49 +0900] "GET /home/main/main.do HTTP/1.1" 200 12249
195.54.160.135 - - [20/Jun/2020:08:01:53 +0900] "GET /index.jsp?XDEBUG_SESSION_START=phpstorm HTTP/1.1" 302 -
195.54.160.135 - - [20/Jun/2020:08:01:53 +0900] "GET /home/main/main.do HTTP/1.1" 200 12249
193.111.62.163 - - [20/Jun/2020:08:12:49 +0900] "GET /home/news/news/list.do HTTP/1.1" 200 7100
111.202.101.82 - - [20/Jun/2020:08:16:09 +0900] "GET /index.jsp HTTP/1.1" 302 -
111.202.101.77 - - [20/Jun/2020:08:17:13 +0900] "GET /home/en/main/main.do HTTP/1.1" 200 11542
195.54.160.135 - - [20/Jun/2020:08:21:55 +0900] "GET /error/kr/error.jsp HTTP/1.1" 500 3570
129.204.24.99 - - [20/Jun/2020:08:30:04 +0900] "GET /error/kr/error.jsp HTTP/1.1" 500 3570
129.204.24.99 - - [20/Jun/2020:08:30:34 +0900] "HEAD /index.jsp?s=www.yumiaoaa.cn HTTP/1.1" 302 -
129.204.24.99 - - [20/Jun/2020:08:30:34 +0900] "HEAD /home/main/main.do HTTP/1.1" 200 -
116.179.32.202 - - [20/Jun/2020:08:31:47 +0900] "GET /index.jsp HTTP/1.1" 302 -
116.179.32.194 - - [20/Jun/2020:08:31:47 +0900] "GET /home/en/main/main.do HTTP/1.1" 200 11542
222.82.58.10 - - [20/Jun/2020:08:46:22 +0900] "HEAD /index.jsp HTTP/1.1" 302 -
222.82.58.10 - - [20/Jun/2020:08:46:22 +0900] "HEAD /home/en/main/main.do HTTP/1.1" 200 -
144.76.3.79 - - [20/Jun/2020:08:50:57 +0900] "GET /error/kr/error.jsp HTTP/1.1" 500 3570
92.118.160.13 - - [20/Jun/2020:08:52:37 +0900] "GET /index.jsp HTTP/1.1" 302 -
92.118.160.13 - - [20/Jun/2020:08:52:37 +0900] "GET /home/main/main.do HTTP/1.1" 200 12249
207.46.13.116 - - [20/Jun/2020:08:53:23 +0900] "GET /home/en/meetourpartners/all.do HTTP/1.1" 200 95227
66.249.73.48 - - [20/Jun/2020:08:55:18 +0900] "GET /error/kr/error.jsp HTTP/1.1" 500 3570
96.248.112.194 - - [20/Jun/2020:08:55:40 +0900] "GET /home/whoweare/korea.do HTTP/1.1" 200 29677
40.77.167.170 - - [20/Jun/2020:08:55:41 +0900] "GET /home/news/news/view.do?page=1&num=15 HTTP/1.1" 200 9181
54.244.59.102 - - [20/Jun/2020:08:59:51 +0900] "GET /error/kr/error.jsp HTTP/1.1" 500 3570
34.221.181.108 - - [20/Jun/2020:08:59:54 +0900] "GET /error/kr/error.jsp HTTP/1.1" 500 3570
54.200.63.238 - - [20/Jun/2020:08:59:57 +0900] "GET /error/kr/error.jsp HTTP/1.1" 500 3570
119.207.72.114 - - [20/Jun/2020:09:07:16 +0900] "GET /home/news/news/list.do HTTP/1.1" 200 7100
51.77.52.160 - - [20/Jun/2020:09:10:14 +0900] "GET /index.jsp HTTP/1.1" 302 -
51.77.52.160 - - [20/Jun/2020:09:10:14 +0900] "GET /home/en/main/main.do HTTP/1.1" 200 11542
193.111.62.163 - - [20/Jun/2020:09:11:23 +0900] "GET /home/news/news/list.do HTTP/1.1" 200 7100
157.55.39.225 - - [20/Jun/2020:09:19:57 +0900] "GET /home/en/main/main.do HTTP/1.1" 200 11542
157.55.39.39 - - [20/Jun/2020:09:20:08 +0900] "GET /error/kr/error.jsp HTTP/1.1" 500 3570
40.77.167.170 - - [20/Jun/2020:09:21:11 +0900] "GET /home/about/about.do HTTP/1.1" 200 14667
129.204.24.99 - - [20/Jun/2020:09:31:10 +0900] "HEAD /index.jsp?s=www.yumiaoca.cn HTTP/1.1" 302 -
129.204.24.99 - - [20/Jun/2020:09:31:10 +0900] "HEAD /home/main/main.do HTTP/1.1" 200 -
66.249.73.50 - - [20/Jun/2020:09:32:37 +0900] "GET /error/kr/error.jsp HTTP/1.1" 500 3570
66.249.73.46 - - [20/Jun/2020:09:36:16 +0900] "GET /error/kr/error.jsp HTTP/1.1" 500 3570
119.207.72.76 - - [20/Jun/2020:09:40:46 +0900] "GET /home/news/news/list.do?page=1 HTTP/1.1" 200 7100
119.207.72.74 - - [20/Jun/2020:09:40:47 +0900] "GET /home/news/news/list.do?page=1 HTTP/1.1" 200 7100
5.134.13.211 - - [20/Jun/2020:09:43:24 +0900] "GET /error/kr/error.jsp HTTP/1.1" 500 3570
34.65.132.242 - - [20/Jun/2020:09:49:18 +0900] "OPTIONS /index.jsp HTTP/1.0" 405 1105
157.55.39.225 - - [20/Jun/2020:09:52:20 +0900] "GET /home/en/about/about.do HTTP/1.1" 200 17199
40.77.167.170 - - [20/Jun/2020:09:53:52 +0900] "GET /home/meetourpartners/domestic.do HTTP/1.1" 200 73451
119.207.72.70 - - [20/Jun/2020:10:03:17 +0900] "GET /index.jsp HTTP/1.1" 302 -
119.207.72.70 - - [20/Jun/2020:10:03:17 +0900] "GET /home/main/main.do HTTP/1.1" 200 12249
119.207.72.111 - - [20/Jun/2020:10:03:22 +0900] "GET /index.jsp HTTP/1.1" 302 -
119.207.72.111 - - [20/Jun/2020:10:03:22 +0900] "GET /home/main/main.do HTTP/1.1" 200 12249
180.163.220.5 - - [20/Jun/2020:10:03:58 +0900] "GET /home/en/watwedo/overview.do HTTP/1.1" 200 6218
193.111.62.163 - - [20/Jun/2020:10:12:19 +0900] "GET /home/news/news/list.do HTTP/1.1" 200 7100
120.86.188.65 - - [20/Jun/2020:10:13:21 +0900] "GET /error/kr/error.jsp HTTP/1.1" 500 3570
17.58.101.93 - - [20/Jun/2020:10:13:34 +0900] "GET /index.jsp HTTP/1.1" 302 -
17.58.101.93 - - [20/Jun/2020:10:13:35 +0900] "GET /home/main/main.do HTTP/1.1" 200 12249
118.190.53.55 - - [20/Jun/2020:10:15:53 +0900] "GET /error/kr/error.jsp HTTP/1.1" 500 3570
40.77.167.170 - - [20/Jun/2020:10:18:16 +0900] "GET /index.jsp HTTP/1.1" 302 -
52.203.84.190 - - [20/Jun/2020:10:22:11 +0900] "GET /error/kr/error.jsp HTTP/1.1" 500 3570
52.203.84.190 - - [20/Jun/2020:10:22:13 +0900] "GET /error/kr/error.jsp HTTP/1.1" 500 3570
66.249.73.48 - - [20/Jun/2020:10:25:20 +0900] "GET /error/kr/error.jsp HTTP/1.1" 500 3570
42.236.10.117 - - [20/Jun/2020:10:27:07 +0900] "GET /home/en/main/main.do HTTP/1.1" 200 11542
129.204.24.99 - - [20/Jun/2020:10:32:09 +0900] "HEAD /index.jsp?s=www.yumiaoba.cn HTTP/1.1" 302 -
129.204.24.99 - - [20/Jun/2020:10:32:10 +0900] "HEAD /home/main/main.do HTTP/1.1" 200 -
125.209.235.178 - - [20/Jun/2020:10:41:57 +0900] "GET /index.jsp HTTP/1.1" 302 -
125.209.235.178 - - [20/Jun/2020:10:41:57 +0900] "GET /home/main/main.do HTTP/1.1" 302 -
125.209.235.178 - - [20/Jun/2020:10:41:57 +0900] "GET /home/main/main.do HTTP/1.1" 200 8866
125.209.235.186 - - [20/Jun/2020:10:41:57 +0900] "GET /error/kr/error.jsp HTTP/1.1" 500 3762
125.209.235.172 - - [20/Jun/2020:10:41:59 +0900] "GET /index.jsp HTTP/1.1" 302 -
125.209.235.172 - - [20/Jun/2020:10:41:59 +0900] "GET /home/main/main.do HTTP/1.1" 200 12249
175.125.156.213 - - [20/Jun/2020:10:50:53 +0900] "GET /index.jsp HTTP/1.1" 302 -
175.125.156.213 - - [20/Jun/2020:10:50:53 +0900] "GET /home/en/main/main.do HTTP/1.1" 302 -
175.125.156.213 - - [20/Jun/2020:10:50:53 +0900] "GET /home/en/main/main.do HTTP/1.1" 200 8565
175.125.156.213 - - [20/Jun/2020:10:50:53 +0900] "GET /error/kr/error.jsp HTTP/1.1" 500 3762
175.125.156.213 - - [20/Jun/2020:10:51:01 +0900] "GET /home/en/watwedo/overview.do HTTP/1.1" 200 7185
209.17.97.58 - - [20/Jun/2020:10:58:09 +0900] "GET /index.jsp HTTP/1.1" 302 -
157.55.39.39 - - [20/Jun/2020:10:58:48 +0900] "GET /error/kr/error.jsp HTTP/1.1" 500 3762
113.77.145.119 - - [20/Jun/2020:10:59:56 +0900] "GET /error/kr/error.jsp HTTP/1.1" 500 3570
42.236.10.84 - - [20/Jun/2020:11:05:41 +0900] "GET /home/en/meetourpartners/all.do HTTP/1.1" 200 95227
157.55.39.225 - - [20/Jun/2020:11:10:32 +0900] "GET /home/news/news/view.do?page=1&num=1 HTTP/1.1" 200 8973
157.55.39.225 - - [20/Jun/2020:11:10:32 +0900] "GET /home/main/main.do HTTP/1.1" 200 12249
193.111.62.163 - - [20/Jun/2020:11:16:36 +0900] "GET /home/news/news/list.do HTTP/1.1" 200 7100
40.77.167.170 - - [20/Jun/2020:11:16:53 +0900] "GET /error/kr/error.jsp HTTP/1.1" 500 3570
207.46.13.116 - - [20/Jun/2020:11:19:05 +0900] "GET /home/en/meetourpartners/all.do HTTP/1.1" 200 95227
66.249.73.48 - - [20/Jun/2020:11:20:40 +0900] "GET /error/kr/error.jsp HTTP/1.1" 500 3570
119.207.72.167 - - [20/Jun/2020:11:23:56 +0900] "GET /index.jsp HTTP/1.1" 302 -
119.207.72.167 - - [20/Jun/2020:11:23:56 +0900] "GET /home/main/main.do HTTP/1.1" 200 12249
66.249.73.46 - - [20/Jun/2020:11:25:22 +0900] "GET /error/kr/error.jsp HTTP/1.1" 500 3570
220.71.165.38 - - [20/Jun/2020:11:30:32 +0900] "GET /filter/checker.jsp?campaignID=762&email=cys7741@naver.com&responseEnd=2019-01-03 HTTP/1.1" 404 3570
66.249.65.216 - - [20/Jun/2020:11:30:49 +0900] "GET /error/kr/error.jsp HTTP/1.1" 500 3762
129.204.24.99 - - [20/Jun/2020:11:32:46 +0900] "GET /error/kr/error.jsp HTTP/1.1" 500 3570
205.185.114.231 - - [20/Jun/2020:11:32:49 +0900] "GET /index.jsp HTTP/1.1" 302 -
129.204.24.99 - - [20/Jun/2020:11:33:13 +0900] "HEAD /index.jsp?s=www.yumiaoda.cn HTTP/1.1" 302 -
129.204.24.99 - - [20/Jun/2020:11:33:14 +0900] "HEAD /home/main/main.do HTTP/1.1" 200 -
66.249.65.212 - - [20/Jun/2020:11:40:49 +0900] "GET /error/kr/error.jsp HTTP/1.1" 500 3762
112.152.227.72 - - [20/Jun/2020:11:41:31 +0900] "GET /index.jsp HTTP/1.1" 302 -
112.152.227.72 - - [20/Jun/2020:11:41:31 +0900] "GET /home/main/main.do HTTP/1.1" 200 12249
112.152.227.72 - - [20/Jun/2020:11:42:05 +0900] "GET /home/about/about.do HTTP/1.1" 200 14667
112.152.227.72 - - [20/Jun/2020:11:42:15 +0900] "GET /home/whoweare/korea.do HTTP/1.1" 200 29677
112.152.227.72 - - [20/Jun/2020:11:42:38 +0900] "GET /home/meetourpartners/all.do HTTP/1.1" 200 101569
195.54.160.135 - - [20/Jun/2020:11:44:24 +0900] "GET /error/kr/error.jsp HTTP/1.1" 500 3570
112.152.227.72 - - [20/Jun/2020:11:46:19 +0900] "GET /home/watwedo/overview.do HTTP/1.1" 200 6276
66.249.65.212 - - [20/Jun/2020:11:50:39 +0900] "GET /error/kr/error.jsp HTTP/1.1" 500 3762
66.249.73.50 - - [20/Jun/2020:11:50:39 +0900] "GET /error/kr/error.jsp HTTP/1.1" 500 3570
113.65.15.99 - - [20/Jun/2020:11:59:03 +0900] "GET /error/kr/error.jsp HTTP/1.1" 500 3570
116.23.231.226 - - [20/Jun/2020:12:09:24 +0900] "GET /error/kr/error.jsp HTTP/1.1" 500 3570
66.249.65.152 - - [20/Jun/2020:12:10:50 +0900] "GET /error/kr/error.jsp HTTP/1.1" 500 3570
193.111.62.163 - - [20/Jun/2020:12:12:11 +0900] "GET /home/news/news/list.do HTTP/1.1" 200 7100
34.75.111.229 - - [20/Jun/2020:12:14:16 +0900] "GET /error/kr/error.jsp HTTP/1.0" 500 3570
34.75.111.229 - - [20/Jun/2020:12:14:16 +0900] "GET /home/en/about/about.do HTTP/1.0" 200 16228
157.55.39.162 - - [20/Jun/2020:12:17:45 +0900] "GET /error/kr/error.jsp HTTP/1.1" 500 3570
66.249.65.150 - - [20/Jun/2020:12:20:39 +0900] "GET /error/kr/error.jsp HTTP/1.1" 500 3570
34.75.111.229 - - [20/Jun/2020:12:20:45 +0900] "GET /error/kr/error.jsp HTTP/1.0" 500 3570
34.75.111.229 - - [20/Jun/2020:12:20:45 +0900] "GET /home/en/watwedo/overview.do HTTP/1.0" 200 6218
34.75.111.229 - - [20/Jun/2020:12:21:44 +0900] "GET /error/kr/error.jsp HTTP/1.0" 500 3570
34.75.111.229 - - [20/Jun/2020:12:21:45 +0900] "GET /home/main/main.do HTTP/1.0" 200 12249
34.75.111.229 - - [20/Jun/2020:12:27:27 +0900] "GET /error/kr/error.jsp HTTP/1.0" 500 3570
34.75.111.229 - - [20/Jun/2020:12:27:27 +0900] "GET /home/en/meetourpartners/all.do HTTP/1.0" 200 95227
119.207.72.142 - - [20/Jun/2020:12:27:49 +0900] "GET /index.jsp HTTP/1.1" 302 -
119.207.72.142 - - [20/Jun/2020:12:27:49 +0900] "GET /home/main/main.do HTTP/1.1" 200 12249
66.249.73.50 - - [20/Jun/2020:12:30:42 +0900] "GET /error/kr/error.jsp HTTP/1.1" 500 3570
66.249.65.216 - - [20/Jun/2020:12:30:51 +0900] "GET /error/kr/error.jsp HTTP/1.1" 500 3762
207.46.13.116 - - [20/Jun/2020:12:31:11 +0900] "GET /home/en/about/about.do HTTP/1.1" 200 16228
175.100.86.17 - - [20/Jun/2020:12:33:19 +0900] "GET /home/en/contact/contact.do HTTP/1.0" 200 5187
175.100.86.17 - - [20/Jun/2020:12:33:21 +0900] "GET /home/en/contact/contact.do HTTP/1.0" 200 5187
175.100.86.17 - - [20/Jun/2020:12:33:22 +0900] "GET /home/en/about/about.do HTTP/1.0" 200 16228
175.100.86.17 - - [20/Jun/2020:12:33:24 +0900] "GET /home/en/meetourpartners/all.do HTTP/1.0" 200 95227
175.100.86.17 - - [20/Jun/2020:12:33:29 +0900] "GET /home/en/whoweare/korea.do HTTP/1.0" 200 29641
175.100.86.17 - - [20/Jun/2020:12:33:32 +0900] "GET /home/en/watwedo/overview.do HTTP/1.0" 200 6218
175.100.86.17 - - [20/Jun/2020:12:33:34 +0900] "GET /home/main/main.do HTTP/1.0" 200 12249
175.100.86.17 - - [20/Jun/2020:12:33:35 +0900] "GET /home/contact/contact.do HTTP/1.0" 200 5224
129.204.24.99 - - [20/Jun/2020:12:33:42 +0900] "GET /error/kr/error.jsp HTTP/1.1" 500 3570
129.204.24.99 - - [20/Jun/2020:12:34:11 +0900] "HEAD /index.jsp?s=www.yumiaoea.cn HTTP/1.1" 302 -
129.204.24.99 - - [20/Jun/2020:12:34:11 +0900] "HEAD /home/main/main.do HTTP/1.1" 200 -
207.46.13.116 - - [20/Jun/2020:12:34:43 +0900] "GET /home/whoweare/korea.do HTTP/1.1" 200 43261
42.236.10.105 - - [20/Jun/2020:12:34:59 +0900] "GET /index.jsp HTTP/1.1" 302 -
42.236.10.105 - - [20/Jun/2020:12:34:59 +0900] "GET /home/en/main/main.do HTTP/1.1" 200 11542
34.75.111.229 - - [20/Jun/2020:12:37:31 +0900] "GET /error/kr/error.jsp HTTP/1.0" 500 3570
34.75.111.229 - - [20/Jun/2020:12:37:31 +0900] "GET /home/en/watwedo/philosophy.do HTTP/1.0" 200 7112
117.71.49.72 - - [20/Jun/2020:12:39:02 +0900] "GET /error/kr/error.jsp HTTP/1.1" 500 3570
66.249.65.216 - - [20/Jun/2020:12:40:50 +0900] "GET /error/kr/error.jsp HTTP/1.1" 500 3762
76.86.1.204 - - [20/Jun/2020:12:41:36 +0900] "GET /home/whoweare/korea.do HTTP/1.1" 200 43261
76.86.1.204 - - [20/Jun/2020:12:41:46 +0900] "GET /home/whoweare/korea.do HTTP/1.1" 200 29677
34.75.111.229 - - [20/Jun/2020:12:42:00 +0900] "GET /error/kr/error.jsp HTTP/1.0" 500 3570
34.75.111.229 - - [20/Jun/2020:12:42:00 +0900] "GET /home/en/whoweare/korea.do HTTP/1.0" 200 29641
34.75.111.229 - - [20/Jun/2020:12:45:17 +0900] "GET /error/kr/error.jsp HTTP/1.0" 500 3570
34.75.111.229 - - [20/Jun/2020:12:45:17 +0900] "GET /home/en/contact/contact.do HTTP/1.0" 200 5187
34.75.111.229 - - [20/Jun/2020:12:46:16 +0900] "GET /error/kr/error.jsp HTTP/1.0" 500 3570
34.75.111.229 - - [20/Jun/2020:12:46:16 +0900] "GET /home/en/meetourpartners/all.do HTTP/1.0" 200 95227
34.75.111.229 - - [20/Jun/2020:12:46:19 +0900] "GET /error/kr/error.jsp HTTP/1.0" 500 3570
34.75.111.229 - - [20/Jun/2020:12:46:19 +0900] "GET /home/en/watwedo/overview.do HTTP/1.0" 200 6218
34.75.111.229 - - [20/Jun/2020:12:46:21 +0900] "GET /error/kr/error.jsp HTTP/1.0" 500 3570
34.75.111.229 - - [20/Jun/2020:12:46:21 +0900] "GET /home/en/whoweare/korea.do HTTP/1.0" 200 29641
34.75.111.229 - - [20/Jun/2020:12:46:23 +0900] "GET /error/kr/error.jsp HTTP/1.0" 500 3570
34.75.111.229 - - [20/Jun/2020:12:46:23 +0900] "GET /home/en/about/about.do HTTP/1.0" 200 16228
34.75.111.229 - - [20/Jun/2020:12:46:25 +0900] "GET /error/kr/error.jsp HTTP/1.0" 500 3570
34.75.111.229 - - [20/Jun/2020:12:46:25 +0900] "GET /home/en/contact/contact.do HTTP/1.0" 200 5187
34.75.111.229 - - [20/Jun/2020:12:46:27 +0900] "GET /error/kr/error.jsp HTTP/1.0" 500 3570
34.75.111.229 - - [20/Jun/2020:12:46:27 +0900] "GET /home/en/watwedo/philosophy.do HTTP/1.0" 200 7112
34.75.111.229 - - [20/Jun/2020:12:46:28 +0900] "GET /error/kr/error.jsp HTTP/1.0" 500 3570
34.75.111.229 - - [20/Jun/2020:12:46:29 +0900] "GET /home/main/main.do HTTP/1.0" 200 12249
66.249.65.152 - - [20/Jun/2020:12:50:51 +0900] "GET /error/kr/error.jsp HTTP/1.1" 500 3570
40.77.167.170 - - [20/Jun/2020:12:53:31 +0900] "GET /error/kr/error.jsp HTTP/1.1" 500 3570
52.23.207.107 - - [20/Jun/2020:12:57:30 +0900] "GET /index.jsp HTTP/1.1" 302 -
52.23.207.107 - - [20/Jun/2020:12:57:30 +0900] "GET /home/main/main.do HTTP/1.1" 200 12249
52.23.207.107 - - [20/Jun/2020:12:57:31 +0900] "GET /home/main/main.do HTTP/1.1" 200 12249
52.23.207.107 - - [20/Jun/2020:12:57:31 +0900] "GET /home/main/main.do HTTP/1.1" 200 12249
157.55.39.225 - - [20/Jun/2020:12:59:46 +0900] "GET /home/en/meetourpartners/domestic.do HTTP/1.1" 200 71879
157.55.39.225 - - [20/Jun/2020:12:59:47 +0900] "GET /home/en/about/about.do HTTP/1.1" 200 17199
66.249.65.212 - - [20/Jun/2020:13:00:51 +0900] "GET /error/kr/error.jsp HTTP/1.1" 500 3762
66.249.73.48 - - [20/Jun/2020:13:01:03 +0900] "GET /error/kr/error.jsp HTTP/1.1" 500 3570
42.236.10.84 - - [20/Jun/2020:13:03:17 +0900] "GET /home/en/main/main.do HTTP/1.1" 302 -
180.163.220.3 - - [20/Jun/2020:13:03:19 +0900] "GET /index.jsp HTTP/1.1" 302 -
42.236.10.93 - - [20/Jun/2020:13:03:19 +0900] "GET /home/en/main/main.do HTTP/1.1" 200 8565
180.163.220.3 - - [20/Jun/2020:13:03:22 +0900] "GET /home/main/main.do HTTP/1.1" 302 -
42.236.10.93 - - [20/Jun/2020:13:03:25 +0900] "GET /error/kr/error.jsp HTTP/1.1" 500 3762
180.163.220.4 - - [20/Jun/2020:13:03:27 +0900] "GET /home/main/main.do HTTP/1.1" 200 8866
27.115.124.6 - - [20/Jun/2020:13:03:50 +0900] "GET /home/en/meetourpartners/all.do HTTP/1.1" 302 -
27.115.124.70 - - [20/Jun/2020:13:03:50 +0900] "GET /home/en/meetourpartners/all.do HTTP/1.1" 302 -
27.115.124.6 - - [20/Jun/2020:13:03:55 +0900] "GET /home/en/meetourpartners/all.do HTTP/1.1" 200 100316
42.236.10.78 - - [20/Jun/2020:13:07:09 +0900] "GET /home/en/watwedo/overview.do HTTP/1.1" 302 -
42.236.10.84 - - [20/Jun/2020:13:07:13 +0900] "GET /home/en/watwedo/overview.do HTTP/1.1" 200 7185
118.192.66.89 - - [20/Jun/2020:13:07:26 +0900] "GET /index.jsp HTTP/1.1" 302 -
118.192.66.89 - - [20/Jun/2020:13:07:26 +0900] "GET /home/main/main.do HTTP/1.1" 200 12249
42.236.10.75 - - [20/Jun/2020:13:07:29 +0900] "GET /home/en/watwedo/overview.do HTTP/1.1" 302 -
42.236.10.75 - - [20/Jun/2020:13:07:29 +0900] "GET /home/en/watwedo/overview.do HTTP/1.1" 302 -
42.236.10.78 - - [20/Jun/2020:13:07:30 +0900] "GET /home/en/watwedo/overview.do HTTP/1.1" 200 7185
164.68.120.141 - - [20/Jun/2020:13:08:08 +0900] "GET /index.jsp HTTP/1.1" 302 -
164.68.120.141 - - [20/Jun/2020:13:08:08 +0900] "GET /home/main/main.do HTTP/1.1" 200 12249
66.249.73.46 - - [20/Jun/2020:13:10:50 +0900] "GET /error/kr/error.jsp HTTP/1.1" 500 3570
193.111.62.163 - - [20/Jun/2020:13:11:55 +0900] "GET /home/news/news/list.do HTTP/1.1" 200 7100
121.254.147.237 - - [20/Jun/2020:13:17:30 +0900] "GET /index.jsp HTTP/1.1" 302 -
121.254.147.237 - - [20/Jun/2020:13:17:30 +0900] "GET /home/en/main/main.do HTTP/1.1" 200 11542
66.249.65.216 - - [20/Jun/2020:13:20:49 +0900] "GET /error/kr/error.jsp HTTP/1.1" 500 3762
211.176.125.70 - - [20/Jun/2020:13:25:31 +0900] "GET /index.jsp HTTP/1.0" 302 -
40.77.167.170 - - [20/Jun/2020:13:30:03 +0900] "GET /home/news/news/view.do?page=1&num=19 HTTP/1.1" 200 6164
66.249.65.212 - - [20/Jun/2020:13:31:01 +0900] "GET /error/kr/error.jsp HTTP/1.1" 500 3762
110.77.154.222 - - [20/Jun/2020:13:31:25 +0900] "GET /index.jsp HTTP/1.1" 302 -
129.204.24.99 - - [20/Jun/2020:13:34:32 +0900] "GET /error/kr/error.jsp HTTP/1.1" 500 3570
129.204.24.99 - - [20/Jun/2020:13:35:02 +0900] "HEAD /index.jsp?s=www.yumiaofa.cn HTTP/1.1" 302 -
129.204.24.99 - - [20/Jun/2020:13:35:02 +0900] "HEAD /home/main/main.do HTTP/1.1" 200 -
175.223.39.171 - - [20/Jun/2020:13:36:35 +0900] "GET /filter/checker.jsp?campaignID=663&email=kangmisuk079@naver.com&responseEnd=2018-12-30 HTTP/1.1" 404 3570
175.223.39.171 - - [20/Jun/2020:13:36:37 +0900] "GET /filter/checker.jsp?campaignID=663&email=kangmisuk079@naver.com&responseEnd=2018-12-30 HTTP/1.1" 404 3570
175.223.39.171 - - [20/Jun/2020:13:36:38 +0900] "GET /filter/checker.jsp?campaignID=663&email=kangmisuk079@naver.com&responseEnd=2018-12-30 HTTP/1.1" 404 3570
175.223.39.171 - - [20/Jun/2020:13:36:40 +0900] "GET /filter/checker.jsp?campaignID=663&email=kangmisuk079@naver.com&responseEnd=2018-12-30 HTTP/1.1" 404 3570
175.223.39.171 - - [20/Jun/2020:13:36:41 +0900] "GET /filter/checker.jsp?campaignID=663&email=kangmisuk079@naver.com&responseEnd=2018-12-30 HTTP/1.1" 404 3570
66.249.65.212 - - [20/Jun/2020:13:40:51 +0900] "GET /error/kr/error.jsp HTTP/1.1" 500 3762
119.207.72.146 - - [20/Jun/2020:13:40:55 +0900] "GET /home/watwedo/overview.do HTTP/1.1" 200 6276
119.207.72.111 - - [20/Jun/2020:13:40:59 +0900] "GET /home/watwedo/overview.do HTTP/1.1" 200 6276
66.249.73.48 - - [20/Jun/2020:13:41:52 +0900] "GET /error/kr/error.jsp HTTP/1.1" 500 3570
211.176.125.70 - - [20/Jun/2020:13:47:23 +0900] "GET /index.jsp HTTP/1.0" 302 -
66.249.73.46 - - [20/Jun/2020:13:50:49 +0900] "GET /error/kr/error.jsp HTTP/1.1" 500 3570
66.249.73.46 - - [20/Jun/2020:14:01:00 +0900] "GET /error/kr/error.jsp HTTP/1.1" 500 3570
66.249.65.216 - - [20/Jun/2020:14:01:00 +0900] "GET /error/kr/error.jsp HTTP/1.1" 500 3762
66.249.73.46 - - [20/Jun/2020:14:05:22 +0900] "GET /error/kr/error.jsp HTTP/1.1" 500 3570
95.163.255.155 - - [20/Jun/2020:14:09:34 +0900] "GET /error/kr/error.jsp HTTP/1.0" 500 3570
95.163.255.156 - - [20/Jun/2020:14:09:35 +0900] "GET /home/en/meetourpartners/domestic.do HTTP/1.1" 200 69240
193.111.62.163 - - [20/Jun/2020:14:09:37 +0900] "GET /home/news/news/list.do HTTP/1.1" 200 7100
66.249.73.46 - - [20/Jun/2020:14:11:01 +0900] "GET /error/kr/error.jsp HTTP/1.1" 500 3570
66.249.65.212 - - [20/Jun/2020:14:11:02 +0900] "GET /error/kr/error.jsp HTTP/1.1" 500 3762
23.100.232.233 - - [20/Jun/2020:14:11:03 +0900] "GET /home/whoweare/korea.do HTTP/1.1" 200 29677
175.209.64.136 - - [20/Jun/2020:14:13:27 +0900] "GET /home/en/watwedo/overview.do HTTP/1.1" 200 6218
93.174.93.77 - - [20/Jun/2020:14:14:07 +0900] "GET /index.jsp HTTP/1.0" 302 -
66.249.65.212 - - [20/Jun/2020:14:21:21 +0900] "GET /error/kr/error.jsp HTTP/1.1" 500 3762
178.212.49.84 - - [20/Jun/2020:14:23:31 +0900] "GET /index.jsp HTTP/1.1" 302 -
175.214.126.117 - - [20/Jun/2020:14:28:37 +0900] "GET /index.jsp HTTP/1.1" 302 -
175.214.126.117 - - [20/Jun/2020:14:28:37 +0900] "GET /home/main/main.do HTTP/1.1" 200 8866
175.214.126.117 - - [20/Jun/2020:14:28:39 +0900] "GET /error/kr/error.jsp HTTP/1.1" 500 3762
175.214.126.117 - - [20/Jun/2020:14:28:54 +0900] "GET /home/whoweare/korea.do HTTP/1.1" 200 43261
175.214.126.117 - - [20/Jun/2020:14:29:55 +0900] "GET /index.jsp HTTP/1.1" 302 -
175.214.126.117 - - [20/Jun/2020:14:29:55 +0900] "GET /home/main/main.do HTTP/1.1" 200 8866
175.214.126.117 - - [20/Jun/2020:14:30:04 +0900] "GET /index.jsp HTTP/1.1" 302 -
175.214.126.117 - - [20/Jun/2020:14:30:04 +0900] "GET /home/main/main.do HTTP/1.1" 200 12249
175.214.126.117 - - [20/Jun/2020:14:30:08 +0900] "GET /home/whoweare/korea.do HTTP/1.1" 200 29677
66.249.65.212 - - [20/Jun/2020:14:31:28 +0900] "GET /error/kr/error.jsp HTTP/1.1" 500 3762
66.249.65.150 - - [20/Jun/2020:14:31:28 +0900] "GET /error/kr/error.jsp HTTP/1.1" 500 3570
125.242.126.62 - - [20/Jun/2020:14:33:36 +0900] "GET /index.jsp HTTP/1.1" 302 -
125.242.126.62 - - [20/Jun/2020:14:33:36 +0900] "GET /home/en/main/main.do HTTP/1.1" 200 8565
125.242.126.62 - - [20/Jun/2020:14:33:36 +0900] "GET /error/kr/error.jsp HTTP/1.1" 500 3762
125.242.126.62 - - [20/Jun/2020:14:33:43 +0900] "GET /home/en/contact/contact.do HTTP/1.1" 200 7252
125.242.126.62 - - [20/Jun/2020:14:33:58 +0900] "GET /home/en/meetourpartners/all.do HTTP/1.1" 200 100316
125.242.126.62 - - [20/Jun/2020:14:34:04 +0900] "GET /home/en/meetourpartners/domestic.do HTTP/1.1" 200 71879
129.204.24.99 - - [20/Jun/2020:14:35:18 +0900] "GET /error/kr/error.jsp HTTP/1.1" 500 3570
125.242.126.62 - - [20/Jun/2020:14:35:41 +0900] "GET /home/en/meetourpartners/overseas.do HTTP/1.1" 200 32980
129.204.24.99 - - [20/Jun/2020:14:35:51 +0900] "HEAD /index.jsp?s=www.yumiaoga.cn HTTP/1.1" 302 -
129.204.24.99 - - [20/Jun/2020:14:35:51 +0900] "HEAD /home/main/main.do HTTP/1.1" 200 -
66.249.65.212 - - [20/Jun/2020:14:41:20 +0900] "GET /error/kr/error.jsp HTTP/1.1" 500 3762
38.99.62.91 - - [20/Jun/2020:14:46:47 +0900] "GET /home/news/news/view.do?page=2&num=3 HTTP/1.1" 200 5576
38.99.62.91 - - [20/Jun/2020:14:47:26 +0900] "GET /home/news/news/view.do?page=2&num=4 HTTP/1.1" 200 9123
38.99.62.91 - - [20/Jun/2020:14:48:06 +0900] "GET /home/news/news/view.do?page=2&num=3 HTTP/1.1" 200 5576
38.99.62.91 - - [20/Jun/2020:14:48:46 +0900] "GET /home/news/news/view.do?page=2&num=2 HTTP/1.1" 200 6977
38.99.62.91 - - [20/Jun/2020:14:49:11 +0900] "GET /home/news/news/view.do?page=2&num=3 HTTP/1.1" 200 5576
38.99.62.91 - - [20/Jun/2020:14:49:37 +0900] "GET /home/news/news/view.do?page=2&num=2 HTTP/1.1" 200 6977
38.99.62.91 - - [20/Jun/2020:14:50:02 +0900] "GET /home/news/news/view.do?page=2&num=1 HTTP/1.1" 200 8973
38.99.62.91 - - [20/Jun/2020:14:50:42 +0900] "GET /home/news/news/view.do?page=2&num=2 HTTP/1.1" 200 6977
38.99.62.91 - - [20/Jun/2020:14:51:07 +0900] "GET /home/news/news/view.do?page=2&num=1 HTTP/1.1" 200 8973
66.249.73.46 - - [20/Jun/2020:14:51:32 +0900] "GET /error/kr/error.jsp HTTP/1.1" 500 3570
38.99.62.91 - - [20/Jun/2020:14:52:12 +0900] "GET /home/en/meetourpartners/all.do HTTP/1.1" 200 95227
38.99.62.91 - - [20/Jun/2020:14:52:51 +0900] "GET /home/meetourpartners/all.do HTTP/1.1" 200 101569
38.99.62.91 - - [20/Jun/2020:14:53:31 +0900] "GET /home/news/news/view.do?page=2&num=9 HTTP/1.1" 200 9135
38.99.62.91 - - [20/Jun/2020:14:54:11 +0900] "GET /home/news/news/view.do?page=&num=7 HTTP/1.1" 200 5545
207.46.13.116 - - [20/Jun/2020:14:54:47 +0900] "GET /error/kr/error.jsp HTTP/1.1" 500 3570
38.99.62.91 - - [20/Jun/2020:14:54:50 +0900] "GET /home/news/news/view.do?page=&num=8 HTTP/1.1" 200 9166
38.99.62.91 - - [20/Jun/2020:14:55:30 +0900] "GET /home/en/meetourpartners/all.do HTTP/1.1" 200 95227
157.55.39.238 - - [20/Jun/2020:14:55:31 +0900] "GET /home/news/news/list.do HTTP/1.1" 200 7100
38.99.62.91 - - [20/Jun/2020:14:56:09 +0900] "GET /home/news/news/view.do?page=&num=7 HTTP/1.1" 200 5545
38.99.62.91 - - [20/Jun/2020:14:56:49 +0900] "GET /home/news/news/view.do?page=2&num=8 HTTP/1.1" 200 9169
38.99.62.91 - - [20/Jun/2020:14:57:14 +0900] "GET /home/news/news/view.do?page=2&num=7 HTTP/1.1" 200 5548
38.99.62.91 - - [20/Jun/2020:14:57:54 +0900] "GET /home/en/meetourpartners/all.do HTTP/1.1" 200 95227
38.99.62.91 - - [20/Jun/2020:14:58:19 +0900] "GET /home/en/meetourpartners/all.do HTTP/1.1" 200 95227
38.99.62.91 - - [20/Jun/2020:14:58:45 +0900] "GET /home/news/news/view.do?page=2&num=7 HTTP/1.1" 200 5548
38.99.62.91 - - [20/Jun/2020:14:59:25 +0900] "GET /home/news/news/view.do?page=2&num=6 HTTP/1.1" 200 9121
38.99.62.91 - - [20/Jun/2020:15:00:04 +0900] "GET /home/en/meetourpartners/all.do HTTP/1.1" 200 95227
66.249.73.46 - - [20/Jun/2020:15:00:24 +0900] "GET /error/kr/error.jsp HTTP/1.1" 500 3570
38.99.62.91 - - [20/Jun/2020:15:00:44 +0900] "GET /home/news/news/view.do?page=2&num=6 HTTP/1.1" 200 9121
38.99.62.91 - - [20/Jun/2020:15:01:24 +0900] "GET /home/news/news/view.do?page=2&num=5 HTTP/1.1" 200 9112
66.249.65.216 - - [20/Jun/2020:15:01:38 +0900] "GET /error/kr/error.jsp HTTP/1.1" 500 3762
38.99.62.91 - - [20/Jun/2020:15:02:03 +0900] "GET /home/en/meetourpartners/all.do HTTP/1.1" 200 95227
38.99.62.91 - - [20/Jun/2020:15:02:43 +0900] "GET /home/news/news/view.do?page=2&num=6 HTTP/1.1" 200 9121
38.99.62.91 - - [20/Jun/2020:15:03:23 +0900] "GET /home/news/news/view.do?page=2&num=5 HTTP/1.1" 200 9112
38.99.62.91 - - [20/Jun/2020:15:04:02 +0900] "GET /home/news/news/view.do?page=2&num=4 HTTP/1.1" 200 9123
38.99.62.91 - - [20/Jun/2020:15:04:42 +0900] "GET /home/news/news/view.do?page=2&num=5 HTTP/1.1" 200 9112
38.99.62.91 - - [20/Jun/2020:15:05:07 +0900] "GET /home/news/news/view.do?page=2&num=4 HTTP/1.1" 200 9123
66.249.73.46 - - [20/Jun/2020:15:05:25 +0900] "GET /error/kr/error.jsp HTTP/1.1" 500 3570
213.178.63.195 - - [20/Jun/2020:15:05:30 +0900] "GET /index.jsp HTTP/1.1" 302 -
213.178.63.195 - - [20/Jun/2020:15:05:31 +0900] "GET /home/en/main/main.do HTTP/1.1" 200 11542
38.99.62.91 - - [20/Jun/2020:15:05:47 +0900] "GET /home/news/news/view.do?page=2&num=3 HTTP/1.1" 200 5576
38.99.62.91 - - [20/Jun/2020:15:06:26 +0900] "GET /home/meetourpartners/all.do HTTP/1.1" 200 101569
38.99.62.91 - - [20/Jun/2020:15:07:45 +0900] "GET /home/news/news/view.do?page=2&num=4 HTTP/1.1" 200 9123
193.111.62.163 - - [20/Jun/2020:15:08:24 +0900] "GET /home/news/news/list.do HTTP/1.1" 200 7100
38.99.62.91 - - [20/Jun/2020:15:08:24 +0900] "GET /home/news/news/view.do?page=2&num=3 HTTP/1.1" 200 5576
38.99.62.91 - - [20/Jun/2020:15:09:04 +0900] "GET /home/en/meetourpartners/all.do HTTP/1.1" 200 95227
38.99.62.91 - - [20/Jun/2020:15:09:44 +0900] "GET /home/news/news/view.do?page=2&num=2 HTTP/1.1" 200 6977
38.99.62.91 - - [20/Jun/2020:15:10:23 +0900] "GET /home/meetourpartners/all.do HTTP/1.1" 200 101569
38.99.62.91 - - [20/Jun/2020:15:11:03 +0900] "GET /home/news/news/view.do?page=2&num=3 HTTP/1.1" 200 5576
38.99.62.91 - - [20/Jun/2020:15:11:42 +0900] "GET /home/news/news/view.do?page=2&num=2 HTTP/1.1" 200 6977
66.249.65.212 - - [20/Jun/2020:15:12:03 +0900] "GET /error/kr/error.jsp HTTP/1.1" 500 3762
38.99.62.91 - - [20/Jun/2020:15:12:22 +0900] "GET /home/news/news/view.do?page=2&num=1 HTTP/1.1" 200 8973
38.99.62.91 - - [20/Jun/2020:15:13:01 +0900] "GET /home/en/meetourpartners/all.do HTTP/1.1" 200 95227
38.99.62.91 - - [20/Jun/2020:15:13:41 +0900] "GET /home/news/news/view.do?page=2&num=2 HTTP/1.1" 200 6977
38.99.62.91 - - [20/Jun/2020:15:14:20 +0900] "GET /home/news/news/view.do?page=2&num=1 HTTP/1.1" 200 8973
38.99.62.91 - - [20/Jun/2020:15:15:39 +0900] "GET /home/news/news/view.do?page=2&num=7 HTTP/1.1" 200 5548
38.99.62.91 - - [20/Jun/2020:15:16:18 +0900] "GET /home/news/news/view.do?page=2&num=8 HTTP/1.1" 200 9169
34.221.181.108 - - [20/Jun/2020:15:16:21 +0900] "GET /index.jsp HTTP/1.1" 302 -
38.99.62.91 - - [20/Jun/2020:15:16:58 +0900] "GET /home/news/news/view.do?page=&num=8 HTTP/1.1" 200 9166
38.99.62.91 - - [20/Jun/2020:15:17:38 +0900] "GET /home/news/news/view.do?page=&num=9 HTTP/1.1" 200 9132
38.99.62.91 - - [20/Jun/2020:15:18:17 +0900] "GET /home/news/news/view.do?page=&num=8 HTTP/1.1" 200 9166
38.99.62.91 - - [20/Jun/2020:15:18:57 +0900] "GET /home/en/meetourpartners/domestic.do HTTP/1.1" 200 69240
38.99.62.91 - - [20/Jun/2020:15:19:37 +0900] "GET /home/news/news/view.do?page=&num=9 HTTP/1.1" 200 9132
125.84.83.98 - - [20/Jun/2020:15:20:15 +0900] "GET /error/kr/error.jsp HTTP/1.1" 500 3570
38.99.62.91 - - [20/Jun/2020:15:20:16 +0900] "GET /home/news/news/view.do?page=&num=10 HTTP/1.1" 200 6753
38.99.62.91 - - [20/Jun/2020:15:20:56 +0900] "GET /home/news/news/view.do?page=&num=9 HTTP/1.1" 200 9132
38.99.62.91 - - [20/Jun/2020:15:21:35 +0900] "GET /home/en/meetourpartners/all.do HTTP/1.1" 200 95227
38.99.62.91 - - [20/Jun/2020:15:22:15 +0900] "GET /home/news/news/view.do?page=&num=10 HTTP/1.1" 200 6753
66.249.65.212 - - [20/Jun/2020:15:22:16 +0900] "GET /error/kr/error.jsp HTTP/1.1" 500 3762
38.99.62.91 - - [20/Jun/2020:15:22:40 +0900] "GET /home/news/news/view.do?page=&num=11 HTTP/1.1" 200 5545
38.99.62.91 - - [20/Jun/2020:15:23:20 +0900] "GET /home/news/news/view.do?page=&num=10 HTTP/1.1" 200 6753
38.99.62.91 - - [20/Jun/2020:15:23:59 +0900] "GET /home/news/news/view.do?page=&num=11 HTTP/1.1" 200 5545
38.99.62.91 - - [20/Jun/2020:15:24:39 +0900] "GET /home/news/news/view.do?page=&num=12 HTTP/1.1" 200 9080
38.99.62.91 - - [20/Jun/2020:15:25:58 +0900] "GET /home/news/news/view.do?page=&num=13 HTTP/1.1" 200 9156
38.99.62.91 - - [20/Jun/2020:15:27:17 +0900] "GET /home/meetourpartners/all.do HTTP/1.1" 200 101569
38.99.62.91 - - [20/Jun/2020:15:27:56 +0900] "GET /home/news/news/view.do?page=&num=14 HTTP/1.1" 200 6733
38.99.62.91 - - [20/Jun/2020:15:28:36 +0900] "GET /home/news/news/view.do?page=&num=13 HTTP/1.1" 200 9156
38.99.62.91 - - [20/Jun/2020:15:29:16 +0900] "GET /home/meetourpartners/all.do HTTP/1.1" 200 101569
38.99.62.91 - - [20/Jun/2020:15:29:55 +0900] "GET /home/news/news/view.do?page=&num=14 HTTP/1.1" 200 6733
38.99.62.91 - - [20/Jun/2020:15:30:35 +0900] "GET /home/news/news/view.do?page=&num=15 HTTP/1.1" 200 9178
38.99.62.91 - - [20/Jun/2020:15:31:14 +0900] "GET /home/meetourpartners/all.do HTTP/1.1" 200 101569
38.99.62.91 - - [20/Jun/2020:15:31:54 +0900] "GET /home/en/meetourpartners/all.do HTTP/1.1" 200 95227
66.249.73.50 - - [20/Jun/2020:15:32:24 +0900] "GET /error/kr/error.jsp HTTP/1.1" 500 3570
38.99.62.91 - - [20/Jun/2020:15:32:34 +0900] "GET /home/news/news/view.do?page=&num=15 HTTP/1.1" 200 9178
66.249.65.212 - - [20/Jun/2020:15:33:11 +0900] "GET /error/kr/error.jsp HTTP/1.1" 500 3762
38.99.62.91 - - [20/Jun/2020:15:33:14 +0900] "GET /home/news/news/view.do?page=&num=16 HTTP/1.1" 200 5663
