220.181.108.89 - - [07/Dec/2019:00:00:20 +0900] "GET /home/en/main/main.do HTTP/1.1" 200 8279
220.181.108.167 - - [07/Dec/2019:00:00:20 +0900] "GET /error/kr/error.jsp HTTP/1.1" 500 3762
111.206.198.119 - - [07/Dec/2019:00:00:21 +0900] "GET /error/kr/error.jsp HTTP/1.1" 500 3762
111.206.198.43 - - [07/Dec/2019:00:00:22 +0900] "GET /error/kr/error.jsp HTTP/1.1" 500 3762
207.46.13.118 - - [07/Dec/2019:00:01:22 +0900] "GET /error/kr/error.jsp HTTP/1.1" 500 3570
125.209.235.168 - - [07/Dec/2019:00:09:15 +0900] "GET /error/kr/error.jsp HTTP/1.1" 500 3570
125.209.235.171 - - [07/Dec/2019:00:09:17 +0900] "GET /error/kr/error.jsp HTTP/1.1" 500 3570
52.2.28.246 - - [07/Dec/2019:00:14:24 +0900] "GET /index.jsp HTTP/1.1" 302 -
52.2.28.246 - - [07/Dec/2019:00:14:24 +0900] "GET /home/main/main.do HTTP/1.1" 200 12222
180.97.118.223 - - [07/Dec/2019:00:15:56 +0900] "GET /index.jsp HTTP/1.1" 302 -
193.111.62.163 - - [07/Dec/2019:00:16:04 +0900] "GET /home/news/news/list.do HTTP/1.1" 200 7091
123.125.71.109 - - [07/Dec/2019:00:19:18 +0900] "GET /index.jsp HTTP/1.1" 302 -
123.125.71.27 - - [07/Dec/2019:00:19:18 +0900] "GET /home/en/main/main.do HTTP/1.1" 200 11080
119.207.72.69 - - [07/Dec/2019:00:28:06 +0900] "GET /home/main/main.do HTTP/1.1" 200 12222
119.207.72.115 - - [07/Dec/2019:00:28:07 +0900] "GET /home/main/main.do HTTP/1.1" 200 12222
157.55.39.82 - - [07/Dec/2019:00:28:57 +0900] "GET /home/en/meetourpartners/overseas.do HTTP/1.1" 200 31428
207.46.13.229 - - [07/Dec/2019:00:34:48 +0900] "GET /error/kr/error.jsp HTTP/1.1" 500 3570
157.55.39.82 - - [07/Dec/2019:00:36:21 +0900] "GET /error/kr/error.jsp HTTP/1.1" 500 3570
157.55.39.82 - - [07/Dec/2019:00:39:20 +0900] "GET /error/kr/error.jsp HTTP/1.1" 500 3570
207.46.13.229 - - [07/Dec/2019:00:39:31 +0900] "GET /error/kr/error.jsp HTTP/1.1" 500 3570
157.55.39.29 - - [07/Dec/2019:00:44:31 +0900] "GET /error/kr/error.jsp HTTP/1.1" 500 3570
157.55.39.82 - - [07/Dec/2019:00:44:44 +0900] "GET /error/kr/error.jsp HTTP/1.1" 500 3570
121.134.162.11 - - [07/Dec/2019:00:47:16 +0900] "GET /home/main/main.do HTTP/1.1" 200 8898
121.134.162.11 - - [07/Dec/2019:00:47:16 +0900] "GET /error/kr/error.jsp HTTP/1.1" 500 3762
121.134.162.11 - - [07/Dec/2019:00:47:29 +0900] "GET /home/whoweare/korea.do HTTP/1.1" 200 45742
121.134.162.11 - - [07/Dec/2019:00:47:49 +0900] "GET /home/whoweare/korea.do HTTP/1.1" 200 45742
121.134.162.11 - - [07/Dec/2019:00:47:55 +0900] "GET /home/whoweare/korea.do HTTP/1.1" 200 45742
66.249.64.92 - - [07/Dec/2019:00:48:35 +0900] "GET /error/kr/error.jsp HTTP/1.1" 500 3762
40.77.167.54 - - [07/Dec/2019:00:52:44 +0900] "GET /error/kr/error.jsp HTTP/1.1" 500 3570
119.207.72.72 - - [07/Dec/2019:00:53:06 +0900] "GET /home/news/news/view.do?page=1&num=1 HTTP/1.1" 200 8973
113.12.192.230 - - [07/Dec/2019:00:57:33 +0900] "GET /error/kr/error.jsp HTTP/1.1" 500 3570
113.12.192.230 - - [07/Dec/2019:00:57:33 +0900] "GET /error/kr/error.jsp HTTP/1.1" 500 3570
40.77.167.54 - - [07/Dec/2019:00:57:47 +0900] "GET /error/kr/error.jsp HTTP/1.1" 500 3570
34.199.176.251 - - [07/Dec/2019:00:59:23 +0900] "GET /home/news/news/view.do?num=3 HTTP/1.1" 200 5573
34.199.176.251 - - [07/Dec/2019:00:59:23 +0900] "GET /home/news/news/view.do HTTP/1.1" 500 3570
192.99.13.75 - - [07/Dec/2019:01:01:23 +0900] "GET /error/kr/error.jsp HTTP/1.1" 500 3570
207.46.13.229 - - [07/Dec/2019:01:03:04 +0900] "GET /home/news/news/view.do?page=1&num=6 HTTP/1.1" 200 9121
188.166.114.112 - - [07/Dec/2019:01:07:54 +0900] "GET /index.jsp HTTP/1.1" 302 -
188.166.114.112 - - [07/Dec/2019:01:07:55 +0900] "GET /home/en/main/main.do HTTP/1.1" 200 11080
172.105.148.196 - - [07/Dec/2019:01:08:27 +0900] "GET /error/kr/error.jsp HTTP/1.1" 500 3570
188.166.114.112 - - [07/Dec/2019:01:08:30 +0900] "GET /home/en/contact/contact.do HTTP/1.1" 200 5187
188.166.114.112 - - [07/Dec/2019:01:08:30 +0900] "GET /home/en/about/about.do HTTP/1.1" 200 14811
157.55.39.82 - - [07/Dec/2019:01:18:04 +0900] "GET /error/kr/error.jsp HTTP/1.1" 500 3570
193.111.62.163 - - [07/Dec/2019:01:23:11 +0900] "GET /home/news/news/list.do HTTP/1.1" 200 7091
157.55.39.82 - - [07/Dec/2019:01:23:15 +0900] "GET /error/kr/error.jsp HTTP/1.1" 500 3570
40.77.167.54 - - [07/Dec/2019:01:24:36 +0900] "GET /index.jsp HTTP/1.1" 302 -
157.55.39.82 - - [07/Dec/2019:01:25:23 +0900] "GET /error/kr/error.jsp HTTP/1.1" 500 3570
222.231.30.115 - - [07/Dec/2019:01:27:50 +0900] "GET /index.jsp HTTP/1.1" 302 -
222.231.30.115 - - [07/Dec/2019:01:27:50 +0900] "GET /home/main/main.do HTTP/1.1" 200 12222
222.231.30.115 - - [07/Dec/2019:01:27:52 +0900] "GET /home/main/main.do HTTP/1.1" 200 12222
222.231.30.115 - - [07/Dec/2019:01:27:52 +0900] "GET /home/main/main.do HTTP/1.1" 200 12222
157.55.39.82 - - [07/Dec/2019:01:30:15 +0900] "GET /error/kr/error.jsp HTTP/1.1" 500 3570
66.249.64.90 - - [07/Dec/2019:01:38:53 +0900] "GET /error/kr/error.jsp HTTP/1.1" 500 3762
47.56.135.14 - - [07/Dec/2019:01:44:30 +0900] "GET /error/kr/error.jsp HTTP/1.1" 500 3570
47.56.135.14 - - [07/Dec/2019:01:44:30 +0900] "GET /error/kr/error.jsp HTTP/1.1" 500 3570
157.55.39.82 - - [07/Dec/2019:01:49:09 +0900] "GET /error/kr/error.jsp HTTP/1.1" 500 3570
64.233.172.83 - - [07/Dec/2019:01:49:24 +0900] "GET /index.jsp HTTP/1.1" 302 -
64.233.172.83 - - [07/Dec/2019:01:49:24 +0900] "GET /home/main/main.do HTTP/1.1" 200 12222
40.77.167.54 - - [07/Dec/2019:01:49:54 +0900] "GET /error/kr/error.jsp HTTP/1.1" 500 3570
207.46.13.229 - - [07/Dec/2019:01:52:56 +0900] "GET /error/kr/error.jsp HTTP/1.1" 500 3570
207.46.13.229 - - [07/Dec/2019:01:53:27 +0900] "GET /error/kr/error.jsp HTTP/1.1" 500 3570
119.207.72.70 - - [07/Dec/2019:01:54:30 +0900] "GET /home/news/news/view.do?page=1&num=6 HTTP/1.1" 200 9121
157.55.39.82 - - [07/Dec/2019:01:55:27 +0900] "GET /error/kr/error.jsp HTTP/1.1" 500 3570
207.46.13.229 - - [07/Dec/2019:01:58:12 +0900] "GET /home/meetourpartners/overseas.do HTTP/1.1" 200 32620
40.77.167.54 - - [07/Dec/2019:01:59:36 +0900] "GET /error/kr/error.jsp HTTP/1.1" 500 3570
207.46.13.229 - - [07/Dec/2019:01:59:40 +0900] "GET /error/kr/error.jsp HTTP/1.1" 500 3570
125.209.235.177 - - [07/Dec/2019:02:09:18 +0900] "GET /error/kr/error.jsp HTTP/1.1" 500 3570
66.249.64.94 - - [07/Dec/2019:02:09:54 +0900] "GET /error/kr/error.jsp HTTP/1.1" 500 3762
157.55.39.82 - - [07/Dec/2019:02:17:22 +0900] "GET /error/kr/error.jsp HTTP/1.1" 500 3570
220.181.108.77 - - [07/Dec/2019:02:21:02 +0900] "GET /index.jsp HTTP/1.1" 302 -
220.181.108.88 - - [07/Dec/2019:02:21:03 +0900] "GET /home/en/main/main.do HTTP/1.1" 200 11080
40.77.167.54 - - [07/Dec/2019:02:22:12 +0900] "GET /error/kr/error.jsp HTTP/1.1" 500 3570
193.111.62.163 - - [07/Dec/2019:02:27:11 +0900] "GET /home/news/news/list.do HTTP/1.1" 200 7091
185.153.196.97 - - [07/Dec/2019:02:27:47 +0900] "GET /error/kr/error.jsp HTTP/1.1" 500 3570
34.199.176.251 - - [07/Dec/2019:02:37:23 +0900] "GET /home/news/news/list.do HTTP/1.1" 200 7091
207.46.13.118 - - [07/Dec/2019:02:41:14 +0900] "GET /error/kr/error.jsp HTTP/1.1" 500 3570
40.77.167.54 - - [07/Dec/2019:02:45:48 +0900] "GET /home/news/news/view.do?page=&num=1 HTTP/1.1" 200 8971
39.98.124.123 - - [07/Dec/2019:02:59:07 +0900] "GET /error/kr/error.jsp HTTP/1.1" 500 3570
39.98.124.123 - - [07/Dec/2019:02:59:07 +0900] "GET /error/kr/error.jsp HTTP/1.1" 500 3570
66.249.64.210 - - [07/Dec/2019:02:59:28 +0900] "GET /error/kr/error.jsp HTTP/1.1" 500 3570
178.93.24.142 - - [07/Dec/2019:03:10:25 +0900] "GET /index.jsp HTTP/1.1" 302 -
178.93.24.142 - - [07/Dec/2019:03:10:25 +0900] "GET /home/main/main.do HTTP/1.1" 200 12222
45.33.66.85 - - [07/Dec/2019:03:17:00 +0900] "GET /error/kr/error.jsp HTTP/1.1" 500 3570
193.111.62.163 - - [07/Dec/2019:03:20:49 +0900] "GET /home/news/news/list.do HTTP/1.1" 200 7091
207.46.13.229 - - [07/Dec/2019:03:20:53 +0900] "GET /error/kr/error.jsp HTTP/1.1" 500 3570
123.25.21.157 - - [07/Dec/2019:03:21:54 +0900] "GET /error/kr/error.jsp HTTP/1.1" 500 3570
123.25.21.157 - - [07/Dec/2019:03:21:55 +0900] "GET /error/kr/error.jsp HTTP/1.1" 500 3570
207.46.13.229 - - [07/Dec/2019:03:28:26 +0900] "GET /error/kr/error.jsp HTTP/1.1" 500 3570
66.249.64.94 - - [07/Dec/2019:03:38:49 +0900] "GET /error/kr/error.jsp HTTP/1.1" 500 3762
207.46.13.118 - - [07/Dec/2019:03:43:45 +0900] "GET /error/kr/error.jsp HTTP/1.1" 500 3570
207.46.13.229 - - [07/Dec/2019:03:47:11 +0900] "GET /error/kr/error.jsp HTTP/1.1" 500 3570
35.175.228.34 - - [07/Dec/2019:03:48:13 +0900] "GET /error/kr/error.jsp HTTP/1.1" 500 3570
35.175.228.34 - - [07/Dec/2019:03:48:15 +0900] "GET /error/kr/error.jsp HTTP/1.1" 500 3570
207.46.13.118 - - [07/Dec/2019:03:52:01 +0900] "GET /error/kr/error.jsp HTTP/1.1" 500 3570
207.46.13.229 - - [07/Dec/2019:03:55:33 +0900] "GET /error/kr/error.jsp HTTP/1.1" 500 3570
119.207.72.78 - - [07/Dec/2019:03:59:26 +0900] "GET /home/whoweare/korea.do HTTP/1.1" 200 31387
125.209.235.178 - - [07/Dec/2019:04:09:17 +0900] "GET /error/kr/error.jsp HTTP/1.1" 500 3570
159.65.216.69 - - [07/Dec/2019:04:10:10 +0900] "GET /index.jsp HTTP/1.1" 302 -
96.71.176.155 - - [07/Dec/2019:04:15:15 +0900] "GET /index.jsp HTTP/1.1" 302 -
96.71.176.155 - - [07/Dec/2019:04:15:15 +0900] "GET /home/main/main.do HTTP/1.1" 200 12222
187.110.209.58 - - [07/Dec/2019:04:21:26 +0900] "GET /index.jsp HTTP/1.1" 302 -
123.125.71.117 - - [07/Dec/2019:04:23:11 +0900] "GET /index.jsp HTTP/1.1" 302 -
123.125.71.57 - - [07/Dec/2019:04:23:11 +0900] "GET /home/en/main/main.do HTTP/1.1" 200 11080
52.162.161.148 - - [07/Dec/2019:04:28:11 +0900] "GET /home/en/watwedo/overview.do HTTP/1.1" 200 6156
193.111.62.163 - - [07/Dec/2019:04:29:33 +0900] "GET /home/news/news/list.do HTTP/1.1" 200 7091
39.98.213.102 - - [07/Dec/2019:04:33:48 +0900] "GET /error/kr/error.jsp HTTP/1.1" 500 3570
39.98.213.102 - - [07/Dec/2019:04:34:00 +0900] "GET /error/kr/error.jsp HTTP/1.1" 500 3570
39.98.213.102 - - [07/Dec/2019:04:34:00 +0900] "GET /error/kr/error.jsp HTTP/1.1" 500 3570
39.98.213.102 - - [07/Dec/2019:04:34:00 +0900] "GET /error/kr/error.jsp HTTP/1.1" 500 3570
39.98.213.102 - - [07/Dec/2019:04:34:00 +0900] "GET /error/kr/error.jsp HTTP/1.1" 500 3570
39.98.213.102 - - [07/Dec/2019:04:34:00 +0900] "GET /error/kr/error.jsp HTTP/1.1" 500 3570
39.98.213.102 - - [07/Dec/2019:04:34:01 +0900] "GET /error/kr/error.jsp HTTP/1.1" 500 3570
39.98.213.102 - - [07/Dec/2019:04:34:01 +0900] "GET /error/kr/error.jsp HTTP/1.1" 500 3570
162.210.196.130 - - [07/Dec/2019:04:36:16 +0900] "GET /error/kr/error.jsp HTTP/1.1" 500 3570
34.199.176.251 - - [07/Dec/2019:04:38:00 +0900] "GET /home/news/news/view.do?num=3 HTTP/1.1" 200 5573
34.199.176.251 - - [07/Dec/2019:04:38:01 +0900] "GET /home/news/news/view.do HTTP/1.1" 500 3570
34.199.176.251 - - [07/Dec/2019:04:38:03 +0900] "GET /home/news/news/view.do?num=3 HTTP/1.1" 200 5573
34.199.176.251 - - [07/Dec/2019:04:38:21 +0900] "GET /home/news/news/view.do HTTP/1.1" 500 3570
3.222.251.58 - - [07/Dec/2019:04:42:07 +0900] "GET /index.jsp HTTP/1.1" 302 -
3.222.251.58 - - [07/Dec/2019:04:42:08 +0900] "GET /home/main/main.do HTTP/1.1" 200 12222
3.222.251.58 - - [07/Dec/2019:04:42:08 +0900] "GET /home/main/main.do HTTP/1.1" 200 12222
3.222.251.58 - - [07/Dec/2019:04:42:09 +0900] "GET /home/main/main.do HTTP/1.1" 200 12222
37.255.255.42 - - [07/Dec/2019:04:49:32 +0900] "GET /index.jsp HTTP/1.1" 302 -
66.249.64.94 - - [07/Dec/2019:04:51:23 +0900] "GET /error/kr/error.jsp HTTP/1.1" 500 3762
207.46.13.229 - - [07/Dec/2019:04:54:31 +0900] "GET /home/whoweare/korea.do HTTP/1.1" 200 31387
207.46.13.229 - - [07/Dec/2019:05:02:10 +0900] "GET /error/kr/error.jsp HTTP/1.1" 500 3570
52.162.161.148 - - [07/Dec/2019:05:02:35 +0900] "GET /home/en/watwedo/overview.do HTTP/1.1" 200 6156
3.86.46.115 - - [07/Dec/2019:05:04:48 +0900] "GET /index.jsp HTTP/1.1" 302 -
3.86.46.115 - - [07/Dec/2019:05:04:49 +0900] "GET /home/en/main/main.do HTTP/1.1" 200 11080
103.131.71.36 - - [07/Dec/2019:05:05:17 +0900] "GET /error/kr/error.jsp HTTP/1.1" 500 3570
103.131.71.42 - - [07/Dec/2019:05:05:19 +0900] "GET /error/kr/error.jsp HTTP/1.1" 500 3762
103.131.71.47 - - [07/Dec/2019:05:05:23 +0900] "GET /error/kr/error.jsp HTTP/1.1" 500 3570
34.252.113.6 - - [07/Dec/2019:05:06:28 +0900] "GET /index.jsp HTTP/1.1" 302 -
34.252.113.6 - - [07/Dec/2019:05:06:28 +0900] "GET /home/main/main.do HTTP/1.1" 200 12222
93.185.27.237 - - [07/Dec/2019:05:09:04 +0900] "GET /index.jsp HTTP/1.1" 302 -
93.185.27.237 - - [07/Dec/2019:05:09:04 +0900] "GET /home/en/main/main.do HTTP/1.1" 200 11080
93.185.27.237 - - [07/Dec/2019:05:09:33 +0900] "GET /home/en/watwedo/overview.do HTTP/1.1" 200 6156
93.185.27.237 - - [07/Dec/2019:05:09:44 +0900] "GET /home/en/contact/contact.do HTTP/1.1" 200 5187
157.55.39.43 - - [07/Dec/2019:05:14:58 +0900] "GET /error/kr/error.jsp HTTP/1.1" 500 3570
207.46.13.229 - - [07/Dec/2019:05:15:23 +0900] "GET /error/kr/error.jsp HTTP/1.1" 500 3570
193.111.62.163 - - [07/Dec/2019:05:18:01 +0900] "GET /home/news/news/list.do HTTP/1.1" 200 7091
159.203.201.231 - - [07/Dec/2019:05:18:40 +0900] "GET /index.jsp HTTP/1.1" 302 -
119.207.72.71 - - [07/Dec/2019:05:18:57 +0900] "GET /home/news/news/list.do HTTP/1.1" 200 7091
36.66.246.133 - - [07/Dec/2019:05:30:44 +0900] "GET /index.jsp HTTP/1.1" 302 -
207.46.13.229 - - [07/Dec/2019:05:38:06 +0900] "GET /error/kr/error.jsp HTTP/1.1" 500 3570
40.77.167.188 - - [07/Dec/2019:05:52:50 +0900] "GET /error/kr/error.jsp HTTP/1.1" 500 3570
207.46.13.229 - - [07/Dec/2019:05:54:20 +0900] "GET /error/kr/error.jsp HTTP/1.1" 500 3570
66.249.64.94 - - [07/Dec/2019:05:54:57 +0900] "GET /error/kr/error.jsp HTTP/1.1" 500 3762
125.209.235.169 - - [07/Dec/2019:06:09:17 +0900] "GET /error/kr/error.jsp HTTP/1.1" 500 3570
54.242.74.226 - - [07/Dec/2019:06:17:34 +0900] "GET /error/kr/error.jsp HTTP/1.1" 500 3570
54.242.74.226 - - [07/Dec/2019:06:17:34 +0900] "GET /index.jsp HTTP/1.1" 302 -
54.242.74.226 - - [07/Dec/2019:06:17:34 +0900] "GET /error/kr/error.jsp HTTP/1.1" 500 3570
54.242.74.226 - - [07/Dec/2019:06:17:35 +0900] "GET /error/kr/error.jsp HTTP/1.1" 500 3570
54.242.74.226 - - [07/Dec/2019:06:17:35 +0900] "GET /error/kr/error.jsp HTTP/1.1" 500 3570
54.242.74.226 - - [07/Dec/2019:06:17:36 +0900] "GET /error/kr/error.jsp HTTP/1.1" 500 3570
54.242.74.226 - - [07/Dec/2019:06:17:36 +0900] "GET /error/kr/error.jsp HTTP/1.1" 500 3570
71.6.232.9 - - [07/Dec/2019:06:20:15 +0900] "GET /index.jsp HTTP/1.1" 302 -
193.111.62.163 - - [07/Dec/2019:06:22:58 +0900] "GET /home/news/news/list.do HTTP/1.1" 200 7091
220.181.108.101 - - [07/Dec/2019:06:25:17 +0900] "GET /index.jsp HTTP/1.1" 302 -
220.181.108.115 - - [07/Dec/2019:06:25:17 +0900] "GET /home/en/main/main.do HTTP/1.1" 200 11080
66.249.64.214 - - [07/Dec/2019:06:34:15 +0900] "GET /error/kr/error.jsp HTTP/1.1" 500 3570
40.77.167.54 - - [07/Dec/2019:06:45:26 +0900] "GET /error/kr/error.jsp HTTP/1.1" 500 3570
125.209.235.181 - - [07/Dec/2019:06:49:17 +0900] "GET /index.jsp HTTP/1.1" 302 -
125.209.235.181 - - [07/Dec/2019:06:49:19 +0900] "GET /home/main/main.do HTTP/1.1" 200 12222
66.249.64.90 - - [07/Dec/2019:06:49:44 +0900] "GET /error/kr/error.jsp HTTP/1.1" 500 3762
3.86.57.192 - - [07/Dec/2019:07:06:33 +0900] "GET /error/kr/error.jsp HTTP/1.1" 500 3570
121.254.147.237 - - [07/Dec/2019:07:06:42 +0900] "GET /index.jsp HTTP/1.1" 302 -
121.254.147.237 - - [07/Dec/2019:07:06:42 +0900] "GET /home/en/main/main.do HTTP/1.1" 200 11080
119.207.72.108 - - [07/Dec/2019:07:12:19 +0900] "GET /home/main/main.do HTTP/1.1" 200 12222
193.111.62.163 - - [07/Dec/2019:07:14:59 +0900] "GET /home/news/news/list.do HTTP/1.1" 200 7091
189.253.179.58 - - [07/Dec/2019:07:21:03 +0900] "GET /index.jsp HTTP/1.0" 302 -
40.77.167.54 - - [07/Dec/2019:07:28:47 +0900] "GET /error/kr/error.jsp HTTP/1.1" 500 3570
38.99.62.91 - - [07/Dec/2019:07:29:31 +0900] "GET /home/en/meetourpartners/all.do HTTP/1.1" 200 95227
144.76.186.38 - - [07/Dec/2019:07:33:40 +0900] "GET /error/kr/error.jsp HTTP/1.1" 500 3570
38.99.62.91 - - [07/Dec/2019:07:36:25 +0900] "GET /home/meetourpartners/all.do HTTP/1.1" 200 101569
38.99.62.91 - - [07/Dec/2019:07:37:05 +0900] "GET /home/en/meetourpartners/all.do HTTP/1.1" 200 95227
40.77.167.54 - - [07/Dec/2019:07:38:39 +0900] "GET /error/kr/error.jsp HTTP/1.1" 500 3570
38.99.62.91 - - [07/Dec/2019:07:45:35 +0900] "GET /home/meetourpartners/all.do HTTP/1.1" 200 101569
38.99.62.91 - - [07/Dec/2019:07:46:16 +0900] "GET /home/en/contact/contact.do HTTP/1.1" 200 5187
38.99.62.91 - - [07/Dec/2019:07:47:37 +0900] "GET /home/en/about/about.do HTTP/1.1" 200 14811
38.99.62.91 - - [07/Dec/2019:07:48:27 +0900] "GET /home/en/watwedo/philosophy.do HTTP/1.1" 200 7112
38.99.62.91 - - [07/Dec/2019:07:49:46 +0900] "GET /home/watwedo/history.do HTTP/1.1" 200 10614
38.99.62.91 - - [07/Dec/2019:07:51:05 +0900] "GET /home/whoweare/china.do HTTP/1.1" 200 10340
38.99.62.91 - - [07/Dec/2019:07:52:10 +0900] "GET /home/news/news/view.do?page=1&num=1 HTTP/1.1" 200 8973
38.99.62.91 - - [07/Dec/2019:07:52:51 +0900] "GET /home/en/meetourpartners/all.do HTTP/1.1" 200 95227
38.99.62.91 - - [07/Dec/2019:07:54:10 +0900] "GET /home/news/news/view.do?page=1&num=1 HTTP/1.1" 200 8973
38.99.62.91 - - [07/Dec/2019:07:54:50 +0900] "GET /home/news/news/view.do?page=1&num=2 HTTP/1.1" 200 6977
38.99.62.91 - - [07/Dec/2019:07:55:54 +0900] "GET /home/news/news/view.do?page=1&num=3 HTTP/1.1" 200 5576
38.99.62.91 - - [07/Dec/2019:07:57:14 +0900] "GET /home/news/news/view.do?page=1&num=4 HTTP/1.1" 200 9123
38.99.62.91 - - [07/Dec/2019:07:58:33 +0900] "GET /home/news/news/view.do?page=1&num=5 HTTP/1.1" 200 9112
207.46.13.118 - - [07/Dec/2019:07:59:07 +0900] "GET /home/news/news/list.do?page=1 HTTP/1.1" 200 7091
38.99.62.91 - - [07/Dec/2019:07:59:37 +0900] "GET /home/news/news/view.do?page=1&num=6 HTTP/1.1" 200 9121
38.99.62.91 - - [07/Dec/2019:08:00:56 +0900] "GET /home/news/news/view.do?page=1&num=7 HTTP/1.1" 200 5548
40.77.167.54 - - [07/Dec/2019:08:01:27 +0900] "GET /home/news/news/list.do?page= HTTP/1.1" 200 7091
40.77.167.54 - - [07/Dec/2019:08:01:28 +0900] "GET /error/kr/error.jsp HTTP/1.1" 500 3570
38.99.62.91 - - [07/Dec/2019:08:02:16 +0900] "GET /home/meetourpartners/all.do HTTP/1.1" 200 101569
38.99.62.91 - - [07/Dec/2019:08:02:56 +0900] "GET /home/news/news/view.do?page=1&num=8 HTTP/1.1" 200 9169
119.207.72.71 - - [07/Dec/2019:08:03:36 +0900] "GET /home/watwedo/overview.do HTTP/1.1" 200 6147
38.99.62.91 - - [07/Dec/2019:08:04:14 +0900] "GET /home/news/news/view.do?page=1&num=9 HTTP/1.1" 200 9135
38.99.62.91 - - [07/Dec/2019:08:05:34 +0900] "GET /home/news/news/view.do?page=1&num=10 HTTP/1.1" 200 6756
38.99.62.91 - - [07/Dec/2019:08:06:13 +0900] "GET /home/news/news/view.do?page=1&num=11 HTTP/1.1" 200 5548
38.99.62.91 - - [07/Dec/2019:08:06:53 +0900] "GET /home/news/news/view.do?page=1&num=10 HTTP/1.1" 200 6756
38.99.62.91 - - [07/Dec/2019:08:07:32 +0900] "GET /home/news/news/list.do?page=1 HTTP/1.1" 200 7091
38.99.62.91 - - [07/Dec/2019:08:08:51 +0900] "GET /home/news/news/list.do?page=2 HTTP/1.1" 200 6849
125.209.235.186 - - [07/Dec/2019:08:09:17 +0900] "GET /error/kr/error.jsp HTTP/1.1" 500 3570
38.99.62.91 - - [07/Dec/2019:08:09:31 +0900] "GET /home/news/news/view.do?page=2&num=11 HTTP/1.1" 200 5548
38.99.62.91 - - [07/Dec/2019:08:10:12 +0900] "GET /home/news/news/view.do?page=2&num=12 HTTP/1.1" 200 9083
38.99.62.91 - - [07/Dec/2019:08:10:38 +0900] "GET /home/news/news/view.do?page=2&num=13 HTTP/1.1" 200 9159
38.99.62.91 - - [07/Dec/2019:08:11:19 +0900] "GET /home/en/meetourpartners/all.do HTTP/1.1" 200 95227
38.99.62.91 - - [07/Dec/2019:08:12:38 +0900] "GET /home/news/news/view.do?page=2&num=14 HTTP/1.1" 200 6736
38.99.62.91 - - [07/Dec/2019:08:13:18 +0900] "GET /home/news/news/view.do?page=2&num=15 HTTP/1.1" 200 9181
38.99.62.91 - - [07/Dec/2019:08:13:58 +0900] "GET /home/news/news/view.do?page=2&num=16 HTTP/1.1" 200 5666
38.99.62.91 - - [07/Dec/2019:08:14:23 +0900] "GET /home/news/news/view.do?page=2&num=17 HTTP/1.1" 200 5761
40.77.167.54 - - [07/Dec/2019:08:14:58 +0900] "GET /home/en/meetourpartners/all.do HTTP/1.1" 200 100316
38.99.62.91 - - [07/Dec/2019:08:15:03 +0900] "GET /home/news/news/view.do?page=2&num=18 HTTP/1.1" 200 9137
38.99.62.91 - - [07/Dec/2019:08:15:43 +0900] "GET /home/news/news/view.do?page=2&num=19 HTTP/1.1" 200 6164
38.99.62.91 - - [07/Dec/2019:08:16:23 +0900] "GET /home/news/news/list.do?page=2 HTTP/1.1" 200 6849
45.33.66.85 - - [07/Dec/2019:08:17:00 +0900] "GET /error/kr/error.jsp HTTP/1.1" 500 3570
38.99.62.91 - - [07/Dec/2019:08:17:03 +0900] "GET /home/en/meetourpartners/all.do HTTP/1.1" 200 95227
34.199.176.251 - - [07/Dec/2019:08:17:39 +0900] "GET /home/news/news/view.do?num=3 HTTP/1.1" 200 5573
34.199.176.251 - - [07/Dec/2019:08:17:39 +0900] "GET /home/news/news/view.do HTTP/1.1" 500 3570
38.99.62.91 - - [07/Dec/2019:08:17:43 +0900] "GET /home/news/news/view.do?page=&num=2 HTTP/1.1" 200 6974
193.111.62.163 - - [07/Dec/2019:08:18:41 +0900] "GET /home/news/news/list.do HTTP/1.1" 200 7091
38.99.62.91 - - [07/Dec/2019:08:19:04 +0900] "GET /home/news/news/list.do?page= HTTP/1.1" 200 7091
40.77.167.54 - - [07/Dec/2019:08:19:18 +0900] "GET /error/kr/error.jsp HTTP/1.1" 500 3570
40.77.167.54 - - [07/Dec/2019:08:19:23 +0900] "GET /error/kr/error.jsp HTTP/1.1" 500 3762
107.172.94.68 - - [07/Dec/2019:08:19:35 +0900] "GET /error/kr/error.jsp HTTP/1.1" 500 3570
38.99.62.91 - - [07/Dec/2019:08:20:23 +0900] "GET /home/news/news/view.do?page=&num=4 HTTP/1.1" 200 9120
38.99.62.91 - - [07/Dec/2019:08:21:03 +0900] "GET /home/en/meetourpartners/all.do HTTP/1.1" 200 95227
38.99.62.91 - - [07/Dec/2019:08:21:44 +0900] "GET /home/news/news/view.do?page=&num=5 HTTP/1.1" 200 9109
38.99.62.91 - - [07/Dec/2019:08:22:09 +0900] "GET /home/news/news/view.do?page=&num=4 HTTP/1.1" 200 9120
38.99.62.91 - - [07/Dec/2019:08:22:49 +0900] "GET /home/news/news/view.do?page=&num=3 HTTP/1.1" 200 5573
38.99.62.91 - - [07/Dec/2019:08:23:29 +0900] "GET /home/meetourpartners/all.do HTTP/1.1" 200 101569
38.99.62.91 - - [07/Dec/2019:08:24:09 +0900] "GET /home/news/news/view.do?page=&num=3 HTTP/1.1" 200 5573
38.99.62.91 - - [07/Dec/2019:08:24:49 +0900] "GET /home/news/news/view.do?page=&num=1 HTTP/1.1" 200 8971
38.99.62.91 - - [07/Dec/2019:08:26:08 +0900] "GET /home/news/news/view.do?page=2&num=11 HTTP/1.1" 200 5548
38.99.62.91 - - [07/Dec/2019:08:26:47 +0900] "GET /home/news/news/view.do?page=2&num=10 HTTP/1.1" 200 6756
157.55.39.151 - - [07/Dec/2019:08:26:49 +0900] "GET /error/kr/error.jsp HTTP/1.1" 500 3570
38.99.62.91 - - [07/Dec/2019:08:27:27 +0900] "GET /home/news/news/view.do?page=2&num=11 HTTP/1.1" 200 5548
123.125.71.76 - - [07/Dec/2019:08:27:36 +0900] "GET /index.jsp HTTP/1.1" 302 -
123.125.71.28 - - [07/Dec/2019:08:27:36 +0900] "GET /home/en/main/main.do HTTP/1.1" 200 11080
38.99.62.91 - - [07/Dec/2019:08:28:06 +0900] "GET /home/news/news/view.do?page=2&num=12 HTTP/1.1" 200 9083
38.99.62.91 - - [07/Dec/2019:08:29:25 +0900] "GET /home/en/meetourpartners/all.do HTTP/1.1" 200 95227
207.46.13.118 - - [07/Dec/2019:08:29:31 +0900] "GET /error/kr/error.jsp HTTP/1.1" 500 3570
207.46.13.118 - - [07/Dec/2019:08:30:09 +0900] "GET /error/kr/error.jsp HTTP/1.1" 500 3570
34.199.176.251 - - [07/Dec/2019:08:36:35 +0900] "GET /home/news/news/view.do?num=1 HTTP/1.1" 200 8971
34.199.176.251 - - [07/Dec/2019:08:36:35 +0900] "GET /home/news/news/view.do HTTP/1.1" 500 3570
64.62.202.72 - - [07/Dec/2019:08:38:19 +0900] "GET /error/kr/error.jsp HTTP/1.1" 500 3570
207.46.13.118 - - [07/Dec/2019:08:42:12 +0900] "GET /error/kr/error.jsp HTTP/1.1" 500 3570
157.55.39.151 - - [07/Dec/2019:08:45:29 +0900] "GET /error/kr/error.jsp HTTP/1.1" 500 3570
40.77.167.54 - - [07/Dec/2019:08:45:51 +0900] "GET /error/kr/error.jsp HTTP/1.1" 500 3570
207.46.13.118 - - [07/Dec/2019:08:48:50 +0900] "GET /error/kr/error.jsp HTTP/1.1" 500 3570
207.46.13.118 - - [07/Dec/2019:08:48:50 +0900] "GET /error/kr/error.jsp HTTP/1.1" 500 3570
66.249.64.210 - - [07/Dec/2019:09:00:30 +0900] "GET /error/kr/error.jsp HTTP/1.1" 500 3570
207.46.13.118 - - [07/Dec/2019:09:00:48 +0900] "GET /error/kr/error.jsp HTTP/1.1" 500 3570
207.46.13.118 - - [07/Dec/2019:09:02:15 +0900] "GET /index.jsp?ko HTTP/1.1" 302 -
157.55.39.151 - - [07/Dec/2019:09:08:53 +0900] "GET /error/kr/error.jsp HTTP/1.1" 500 3570
40.77.167.54 - - [07/Dec/2019:09:11:39 +0900] "GET /error/kr/error.jsp HTTP/1.1" 500 3570
64.233.172.27 - - [07/Dec/2019:09:15:17 +0900] "GET /index.jsp HTTP/1.1" 302 -
64.233.172.29 - - [07/Dec/2019:09:15:17 +0900] "GET /home/main/main.do HTTP/1.1" 200 12222
193.111.62.163 - - [07/Dec/2019:09:16:52 +0900] "GET /home/news/news/list.do HTTP/1.1" 200 7091
154.209.252.222 - - [07/Dec/2019:09:23:24 +0900] "GET /error/kr/error.jsp HTTP/1.1" 500 3570
40.77.167.54 - - [07/Dec/2019:09:38:05 +0900] "GET /error/kr/error.jsp HTTP/1.1" 500 3570
154.209.252.222 - - [07/Dec/2019:09:41:14 +0900] "GET /error/kr/error.jsp HTTP/1.1" 500 3570
207.46.13.118 - - [07/Dec/2019:09:48:29 +0900] "GET /error/kr/error.jsp HTTP/1.1" 500 3570
157.55.39.43 - - [07/Dec/2019:09:49:52 +0900] "GET /error/kr/error.jsp HTTP/1.1" 500 3570
157.55.39.151 - - [07/Dec/2019:09:50:01 +0900] "GET /error/kr/error.jsp HTTP/1.1" 500 3570
177.102.75.229 - - [07/Dec/2019:09:53:51 +0900] "GET /index.jsp HTTP/1.1" 302 -
40.77.167.188 - - [07/Dec/2019:09:54:33 +0900] "GET /error/kr/error.jsp HTTP/1.1" 500 3570
66.249.64.94 - - [07/Dec/2019:09:59:17 +0900] "GET /error/kr/error.jsp HTTP/1.1" 500 3762
207.46.13.118 - - [07/Dec/2019:10:02:28 +0900] "GET /error/kr/error.jsp HTTP/1.1" 500 3570
84.201.130.34 - - [07/Dec/2019:10:03:09 +0900] "GET /error/kr/error.jsp HTTP/1.1" 500 3570
40.77.167.54 - - [07/Dec/2019:10:03:36 +0900] "GET /error/kr/error.jsp HTTP/1.1" 500 3570
207.46.13.118 - - [07/Dec/2019:10:08:15 +0900] "GET /error/kr/error.jsp HTTP/1.1" 500 3570
125.209.235.180 - - [07/Dec/2019:10:09:17 +0900] "GET /error/kr/error.jsp HTTP/1.1" 500 3570
157.55.39.151 - - [07/Dec/2019:10:10:08 +0900] "GET /error/kr/error.jsp HTTP/1.1" 500 3570
40.77.167.188 - - [07/Dec/2019:10:10:46 +0900] "GET /error/kr/error.jsp HTTP/1.1" 500 3570
23.226.211.182 - - [07/Dec/2019:10:14:20 +0900] "GET /index.jsp HTTP/1.1" 302 -
23.226.211.182 - - [07/Dec/2019:10:14:20 +0900] "GET /home/en/main/main.do HTTP/1.1" 200 11080
193.111.62.163 - - [07/Dec/2019:10:18:58 +0900] "GET /home/news/news/list.do HTTP/1.1" 200 7091
207.46.13.118 - - [07/Dec/2019:10:22:42 +0900] "GET /error/kr/error.jsp HTTP/1.1" 500 3570
123.125.71.21 - - [07/Dec/2019:10:28:30 +0900] "GET /index.jsp HTTP/1.1" 302 -
123.125.71.39 - - [07/Dec/2019:10:28:30 +0900] "GET /home/en/main/main.do HTTP/1.1" 200 11080
111.177.166.182 - - [07/Dec/2019:10:40:20 +0900] "HEAD /index.jsp HTTP/1.1" 302 -
111.177.166.182 - - [07/Dec/2019:10:40:20 +0900] "GET /home/main/main.do HTTP/1.1" 200 12222
111.177.166.182 - - [07/Dec/2019:10:40:21 +0900] "GET /error/kr/error.jsp HTTP/1.1" 500 3570
113.77.194.39 - - [07/Dec/2019:10:44:45 +0900] "GET /error/kr/error.jsp HTTP/1.1" 500 3570
101.88.208.225 - - [07/Dec/2019:10:46:28 +0900] "GET /home/en/meetourpartners/domestic.do HTTP/1.1" 302 -
101.88.208.225 - - [07/Dec/2019:10:46:28 +0900] "GET /home/en/meetourpartners/domestic.do HTTP/1.1" 200 71879
101.88.208.225 - - [07/Dec/2019:10:47:02 +0900] "GET /home/en/meetourpartners/overseas.do HTTP/1.1" 200 32980
101.88.208.225 - - [07/Dec/2019:10:47:09 +0900] "GET /home/en/meetourpartners/domestic.do HTTP/1.1" 200 71879
101.88.208.225 - - [07/Dec/2019:10:47:10 +0900] "GET /home/en/meetourpartners/all.do HTTP/1.1" 200 100316
101.88.208.225 - - [07/Dec/2019:10:47:12 +0900] "GET /home/en/meetourpartners/domestic.do HTTP/1.1" 200 71879
202.104.183.122 - - [07/Dec/2019:10:47:59 +0900] "GET /error/kr/error.jsp HTTP/1.1" 500 3570
194.247.173.123 - - [07/Dec/2019:10:48:28 +0900] "GET /error/kr/error.jsp HTTP/1.1" 500 3570
36.110.199.52 - - [07/Dec/2019:10:50:14 +0900] "GET /index.jsp HTTP/1.1" 302 -
36.110.199.52 - - [07/Dec/2019:10:50:14 +0900] "GET /home/en/main/main.do HTTP/1.1" 200 11080
54.208.102.37 - - [07/Dec/2019:10:55:37 +0900] "GET /index.jsp HTTP/1.1" 302 -
54.208.102.37 - - [07/Dec/2019:10:55:38 +0900] "GET /home/en/main/main.do HTTP/1.1" 200 11080
183.15.207.235 - - [07/Dec/2019:10:55:39 +0900] "GET /error/kr/error.jsp HTTP/1.1" 500 3570
107.21.1.8 - - [07/Dec/2019:10:55:39 +0900] "GET /index.jsp HTTP/1.1" 302 -
107.21.1.8 - - [07/Dec/2019:10:55:40 +0900] "GET /home/en/main/main.do HTTP/1.1" 200 11080
58.52.48.148 - - [07/Dec/2019:10:56:04 +0900] "HEAD /index.jsp HTTP/1.1" 302 -
58.52.48.148 - - [07/Dec/2019:10:56:05 +0900] "GET /home/main/main.do HTTP/1.1" 200 12222
58.52.48.148 - - [07/Dec/2019:10:56:05 +0900] "GET /error/kr/error.jsp HTTP/1.1" 500 3570
66.249.64.92 - - [07/Dec/2019:11:02:45 +0900] "GET /error/kr/error.jsp HTTP/1.1" 500 3762
188.213.49.210 - - [07/Dec/2019:11:05:24 +0900] "GET /error/kr/error.jsp HTTP/1.1" 500 3570
106.120.173.75 - - [07/Dec/2019:11:08:08 +0900] "GET /error/kr/error.jsp HTTP/1.1" 500 3570
106.120.173.75 - - [07/Dec/2019:11:08:12 +0900] "GET /error/kr/error.jsp HTTP/1.1" 500 3570
106.120.173.75 - - [07/Dec/2019:11:08:13 +0900] "GET /index.jsp HTTP/1.1" 302 -
106.120.173.75 - - [07/Dec/2019:11:08:41 +0900] "GET /index.jsp HTTP/1.1" 302 -
106.120.173.75 - - [07/Dec/2019:11:08:56 +0900] "GET /home/en/main/main.do HTTP/1.1" 200 11080
106.120.173.75 - - [07/Dec/2019:11:09:12 +0900] "GET /home/en/main/main.do HTTP/1.1" 200 11080
125.209.235.184 - - [07/Dec/2019:11:10:57 +0900] "GET /index.jsp HTTP/1.1" 302 -
125.209.235.184 - - [07/Dec/2019:11:10:57 +0900] "GET /home/main/main.do HTTP/1.1" 302 -
125.209.235.184 - - [07/Dec/2019:11:10:57 +0900] "GET /home/main/main.do HTTP/1.1" 200 8898
125.209.235.177 - - [07/Dec/2019:11:10:58 +0900] "GET /error/kr/error.jsp HTTP/1.1" 500 3762
125.209.235.179 - - [07/Dec/2019:11:11:01 +0900] "GET /index.jsp HTTP/1.1" 302 -
125.209.235.179 - - [07/Dec/2019:11:11:01 +0900] "GET /home/main/main.do HTTP/1.1" 200 12222
34.199.176.251 - - [07/Dec/2019:11:21:20 +0900] "GET /home/news/news/view.do?num=2 HTTP/1.1" 200 6974
34.199.176.251 - - [07/Dec/2019:11:21:21 +0900] "GET /home/news/news/view.do HTTP/1.1" 500 3570
42.236.10.123 - - [07/Dec/2019:11:22:29 +0900] "GET /index.jsp HTTP/1.1" 302 -
42.236.10.123 - - [07/Dec/2019:11:22:29 +0900] "GET /home/en/main/main.do HTTP/1.1" 302 -
42.236.10.105 - - [07/Dec/2019:11:22:29 +0900] "GET /index.jsp HTTP/1.1" 302 -
42.236.10.122 - - [07/Dec/2019:11:22:30 +0900] "GET /home/en/main/main.do HTTP/1.1" 200 8279
42.236.10.105 - - [07/Dec/2019:11:22:30 +0900] "GET /home/en/main/main.do HTTP/1.1" 200 11080
34.199.176.251 - - [07/Dec/2019:11:23:01 +0900] "GET /home/news/news/view.do?num=2 HTTP/1.1" 200 6974
34.199.176.251 - - [07/Dec/2019:11:23:01 +0900] "GET /home/news/news/view.do HTTP/1.1" 500 3570
193.111.62.163 - - [07/Dec/2019:11:23:57 +0900] "GET /home/news/news/list.do HTTP/1.1" 200 7091
40.77.167.54 - - [07/Dec/2019:11:26:23 +0900] "GET /error/kr/error.jsp HTTP/1.1" 500 3570
40.77.167.54 - - [07/Dec/2019:11:31:23 +0900] "GET /index.jsp HTTP/1.1" 302 -
175.10.24.235 - - [07/Dec/2019:11:36:18 +0900] "GET /error/kr/error.jsp HTTP/1.1" 500 3570
116.120.84.117 - - [07/Dec/2019:11:37:30 +0900] "GET /index.jsp HTTP/1.1" 302 -
116.120.84.117 - - [07/Dec/2019:11:37:30 +0900] "GET /home/en/main/main.do HTTP/1.1" 200 11080
40.77.167.54 - - [07/Dec/2019:11:39:35 +0900] "GET /index.jsp HTTP/1.1" 302 -
203.226.208.89 - - [07/Dec/2019:11:40:47 +0900] "GET /index.jsp HTTP/1.1" 302 -
203.226.208.89 - - [07/Dec/2019:11:40:48 +0900] "GET /home/main/main.do HTTP/1.1" 302 -
203.226.208.89 - - [07/Dec/2019:11:40:48 +0900] "GET /home/main/main.do HTTP/1.1" 200 8898
203.226.208.89 - - [07/Dec/2019:11:40:48 +0900] "GET /error/kr/error.jsp HTTP/1.1" 500 3762
203.226.208.89 - - [07/Dec/2019:11:40:50 +0900] "GET /home/whoweare/korea.do HTTP/1.1" 200 45742
203.226.208.89 - - [07/Dec/2019:11:41:06 +0900] "GET /home/whoweare/china.do HTTP/1.1" 200 11536
203.226.208.89 - - [07/Dec/2019:11:41:16 +0900] "GET /home/whoweare/korea.do HTTP/1.1" 200 45742
39.98.124.123 - - [07/Dec/2019:11:46:44 +0900] "GET /error/kr/error.jsp HTTP/1.1" 500 3570
40.77.167.27 - - [07/Dec/2019:11:49:49 +0900] "GET /error/kr/error.jsp HTTP/1.1" 500 3570
40.77.167.54 - - [07/Dec/2019:11:51:14 +0900] "GET /error/kr/error.jsp HTTP/1.1" 500 3570
179.189.232.211 - - [07/Dec/2019:11:51:32 +0900] "GET /index.jsp HTTP/1.1" 302 -
157.55.39.151 - - [07/Dec/2019:11:52:40 +0900] "GET /home/watwedo/history.do HTTP/1.1" 200 10614
40.77.167.175 - - [07/Dec/2019:11:52:46 +0900] "GET /error/kr/error.jsp HTTP/1.1" 500 3570
40.77.167.175 - - [07/Dec/2019:11:52:46 +0900] "GET /error/kr/error.jsp HTTP/1.1" 500 3570
40.77.167.175 - - [07/Dec/2019:11:52:47 +0900] "GET /error/kr/error.jsp HTTP/1.1" 500 3570
40.77.167.175 - - [07/Dec/2019:11:52:47 +0900] "GET /error/kr/error.jsp HTTP/1.1" 500 3570
40.77.167.27 - - [07/Dec/2019:12:05:38 +0900] "GET /error/kr/error.jsp HTTP/1.1" 500 3570
223.62.169.121 - - [07/Dec/2019:12:08:47 +0900] "GET /index.jsp HTTP/1.1" 302 -
223.62.169.121 - - [07/Dec/2019:12:08:47 +0900] "GET /home/main/main.do HTTP/1.1" 302 -
223.62.169.121 - - [07/Dec/2019:12:08:47 +0900] "GET /home/main/main.do HTTP/1.1" 200 8898
223.62.169.121 - - [07/Dec/2019:12:08:48 +0900] "GET /error/kr/error.jsp HTTP/1.1" 500 3762
223.62.169.121 - - [07/Dec/2019:12:08:51 +0900] "GET /home/watwedo/overview.do HTTP/1.1" 200 7044
223.62.169.121 - - [07/Dec/2019:12:09:08 +0900] "GET /home/whoweare/korea.do HTTP/1.1" 200 45742
125.209.235.175 - - [07/Dec/2019:12:09:17 +0900] "GET /error/kr/error.jsp HTTP/1.1" 500 3570
40.77.167.27 - - [07/Dec/2019:12:09:45 +0900] "GET /error/kr/error.jsp HTTP/1.1" 500 3570
40.77.167.27 - - [07/Dec/2019:12:11:39 +0900] "GET /error/kr/error.jsp HTTP/1.1" 500 3570
40.77.167.175 - - [07/Dec/2019:12:19:48 +0900] "GET /error/kr/error.jsp HTTP/1.1" 500 3570
193.111.62.163 - - [07/Dec/2019:12:21:21 +0900] "GET /home/news/news/list.do HTTP/1.1" 200 7091
5.190.227.183 - - [07/Dec/2019:12:25:23 +0900] "GET /index.jsp HTTP/1.1" 302 -
193.70.2.138 - - [07/Dec/2019:12:26:43 +0900] "GET /error/kr/error.jsp HTTP/1.1" 500 3570
220.181.108.123 - - [07/Dec/2019:12:29:23 +0900] "GET /index.jsp HTTP/1.1" 302 -
220.181.108.171 - - [07/Dec/2019:12:29:23 +0900] "GET /home/en/main/main.do HTTP/1.1" 200 11080
40.77.167.27 - - [07/Dec/2019:12:31:13 +0900] "GET /error/kr/error.jsp HTTP/1.1" 500 3570
40.77.167.175 - - [07/Dec/2019:12:39:09 +0900] "GET /error/kr/error.jsp HTTP/1.1" 500 3570
40.77.167.27 - - [07/Dec/2019:12:41:05 +0900] "GET /error/kr/error.jsp HTTP/1.1" 500 3570
40.77.167.54 - - [07/Dec/2019:12:43:18 +0900] "GET /error/kr/error.jsp HTTP/1.1" 500 3570
40.77.167.54 - - [07/Dec/2019:12:43:18 +0900] "GET /error/kr/error.jsp HTTP/1.1" 500 3570
104.222.33.171 - - [07/Dec/2019:12:44:33 +0900] "GET /index.jsp HTTP/1.1" 302 -
104.222.33.171 - - [07/Dec/2019:12:44:34 +0900] "GET /home/en/main/main.do HTTP/1.1" 200 11080
157.55.39.151 - - [07/Dec/2019:12:51:02 +0900] "GET /error/kr/error.jsp HTTP/1.1" 500 3570
66.249.64.94 - - [07/Dec/2019:12:53:04 +0900] "GET /error/kr/error.jsp HTTP/1.1" 500 3762
40.77.167.54 - - [07/Dec/2019:12:53:25 +0900] "GET /error/kr/error.jsp HTTP/1.1" 500 3570
35.164.207.255 - - [07/Dec/2019:12:54:14 +0900] "GET /error/kr/error.jsp HTTP/1.1" 500 3570
104.154.135.142 - - [07/Dec/2019:12:58:39 +0900] "GET /index.jsp HTTP/1.1" 302 -
104.154.135.142 - - [07/Dec/2019:12:58:39 +0900] "GET /home/en/main/main.do HTTP/1.1" 200 11080
40.77.167.27 - - [07/Dec/2019:13:01:09 +0900] "GET /error/kr/error.jsp HTTP/1.1" 500 3570
40.77.167.27 - - [07/Dec/2019:13:03:04 +0900] "GET /error/kr/error.jsp HTTP/1.1" 500 3570
40.77.167.54 - - [07/Dec/2019:13:03:13 +0900] "GET /error/kr/error.jsp HTTP/1.1" 500 3570
157.55.39.151 - - [07/Dec/2019:13:11:03 +0900] "GET /error/kr/error.jsp HTTP/1.1" 500 3570
66.249.70.24 - - [07/Dec/2019:13:14:28 +0900] "GET /error/kr/error.jsp HTTP/1.1" 500 3570
45.33.66.85 - - [07/Dec/2019:13:16:58 +0900] "GET /error/kr/error.jsp HTTP/1.1" 500 3570
34.199.176.251 - - [07/Dec/2019:13:17:20 +0900] "GET /index.jsp HTTP/1.1" 302 -
34.199.176.251 - - [07/Dec/2019:13:17:20 +0900] "GET /home/main/main.do HTTP/1.1" 200 12222
193.111.62.163 - - [07/Dec/2019:13:19:03 +0900] "GET /home/news/news/list.do HTTP/1.1" 200 7091
34.199.176.251 - - [07/Dec/2019:13:19:56 +0900] "GET /index.jsp HTTP/1.1" 302 -
34.199.176.251 - - [07/Dec/2019:13:19:56 +0900] "GET /home/main/main.do HTTP/1.1" 200 12222
42.236.10.79 - - [07/Dec/2019:13:31:37 +0900] "GET /index.jsp HTTP/1.1" 302 -
42.236.10.79 - - [07/Dec/2019:13:31:37 +0900] "GET /home/en/main/main.do HTTP/1.1" 200 11080
40.77.167.54 - - [07/Dec/2019:13:34:58 +0900] "GET /error/kr/error.jsp HTTP/1.1" 500 3570
66.249.64.214 - - [07/Dec/2019:13:37:14 +0900] "GET /error/kr/error.jsp HTTP/1.1" 500 3570
31.40.1.120 - - [07/Dec/2019:13:37:40 +0900] "GET /index.jsp HTTP/1.1" 302 -
31.40.1.120 - - [07/Dec/2019:13:38:04 +0900] "GET /index.jsp HTTP/1.1" 302 -
66.249.64.94 - - [07/Dec/2019:13:38:54 +0900] "GET /error/kr/error.jsp HTTP/1.1" 500 3762
40.77.167.175 - - [07/Dec/2019:13:42:08 +0900] "GET /error/kr/error.jsp HTTP/1.1" 500 3570
66.249.64.210 - - [07/Dec/2019:13:46:45 +0900] "GET /error/kr/error.jsp HTTP/1.1" 500 3570
40.77.167.175 - - [07/Dec/2019:13:58:51 +0900] "GET /error/kr/error.jsp HTTP/1.1" 500 3570
157.55.39.151 - - [07/Dec/2019:14:01:56 +0900] "GET /home/whoweare/korea.do HTTP/1.1" 200 31387
125.209.235.180 - - [07/Dec/2019:14:09:17 +0900] "GET /error/kr/error.jsp HTTP/1.1" 500 3570
193.111.62.163 - - [07/Dec/2019:14:17:30 +0900] "GET /home/news/news/list.do HTTP/1.1" 200 7091
157.55.39.43 - - [07/Dec/2019:14:21:13 +0900] "GET /error/kr/error.jsp HTTP/1.1" 500 3570
123.125.71.43 - - [07/Dec/2019:14:30:57 +0900] "GET /index.jsp HTTP/1.1" 302 -
123.125.71.108 - - [07/Dec/2019:14:30:57 +0900] "GET /home/en/main/main.do HTTP/1.1" 200 11080
125.125.98.120 - - [07/Dec/2019:14:35:29 +0900] "GET /home/en/meetourpartners/overseas.do HTTP/1.1" 200 31428
125.125.98.120 - - [07/Dec/2019:14:35:33 +0900] "GET /home/meetourpartners/overseas.do HTTP/1.1" 200 32620
125.125.98.120 - - [07/Dec/2019:14:35:33 +0900] "GET /home/meetourpartners/overseas.do HTTP/1.1" 200 34535
125.125.98.120 - - [07/Dec/2019:14:35:50 +0900] "GET /home/en/meetourpartners/overseas.do HTTP/1.1" 200 31428
125.125.98.120 - - [07/Dec/2019:14:36:56 +0900] "GET /home/en/meetourpartners/all.do HTTP/1.1" 200 95227
125.125.98.120 - - [07/Dec/2019:14:37:02 +0900] "GET /home/en/meetourpartners/all.do HTTP/1.1" 200 95227
125.125.98.120 - - [07/Dec/2019:14:37:09 +0900] "GET /home/en/meetourpartners/all.do HTTP/1.1" 200 100316
125.125.98.120 - - [07/Dec/2019:14:37:12 +0900] "GET /home/meetourpartners/overseas.do HTTP/1.1" 200 32620
125.125.98.120 - - [07/Dec/2019:14:37:22 +0900] "GET /home/en/meetourpartners/all.do HTTP/1.1" 200 100316
125.125.98.120 - - [07/Dec/2019:14:37:40 +0900] "GET /home/en/meetourpartners/all.do HTTP/1.1" 200 100316
222.109.124.156 - - [07/Dec/2019:14:39:00 +0900] "GET /filter/checker.jsp?campaignID=413&email=alsrb14455@naver.com&responseEnd=2018-12-13 HTTP/1.1" 404 3570
125.125.100.172 - - [07/Dec/2019:14:39:07 +0900] "GET /home/meetourpartners/overseas.do HTTP/1.1" 200 34535
125.125.100.172 - - [07/Dec/2019:14:39:07 +0900] "GET /home/en/meetourpartners/overseas.do HTTP/1.1" 200 31428
125.125.100.172 - - [07/Dec/2019:14:39:07 +0900] "GET /home/meetourpartners/overseas.do HTTP/1.1" 200 32620
125.125.100.172 - - [07/Dec/2019:14:39:22 +0900] "GET /home/en/meetourpartners/overseas.do HTTP/1.1" 200 31428
66.117.5.88 - - [07/Dec/2019:14:39:42 +0900] "GET /index.jsp HTTP/1.1" 302 -
207.46.13.140 - - [07/Dec/2019:14:40:04 +0900] "GET /error/kr/error.jsp HTTP/1.1" 500 3570
103.131.71.48 - - [07/Dec/2019:14:47:42 +0900] "GET /error/kr/error.jsp HTTP/1.1" 500 3570
103.131.71.41 - - [07/Dec/2019:14:47:44 +0900] "GET /error/kr/error.jsp HTTP/1.1" 500 3762
103.131.71.52 - - [07/Dec/2019:14:47:52 +0900] "GET /error/kr/error.jsp HTTP/1.1" 500 3570
40.77.167.27 - - [07/Dec/2019:14:49:05 +0900] "GET /error/kr/error.jsp HTTP/1.1" 500 3570
40.77.167.27 - - [07/Dec/2019:14:50:15 +0900] "GET /error/kr/error.jsp HTTP/1.1" 500 3570
92.118.161.29 - - [07/Dec/2019:14:50:49 +0900] "GET /index.jsp HTTP/1.0" 302 -
207.46.13.177 - - [07/Dec/2019:15:02:40 +0900] "GET /home/en/main/main.do HTTP/1.1" 200 11080
110.81.200.120 - - [07/Dec/2019:15:04:38 +0900] "GET /error/kr/error.jsp HTTP/1.1" 500 3570
157.55.39.239 - - [07/Dec/2019:15:10:44 +0900] "GET /error/kr/error.jsp HTTP/1.1" 500 3570
157.55.39.239 - - [07/Dec/2019:15:11:56 +0900] "GET /error/kr/error.jsp HTTP/1.1" 500 3570
207.46.13.177 - - [07/Dec/2019:15:14:22 +0900] "GET /error/kr/error.jsp HTTP/1.1" 500 3570
207.46.13.177 - - [07/Dec/2019:15:14:51 +0900] "GET /error/kr/error.jsp HTTP/1.1" 500 3570
207.46.13.140 - - [07/Dec/2019:15:17:53 +0900] "GET /error/kr/error.jsp HTTP/1.1" 500 3570
193.111.62.163 - - [07/Dec/2019:15:18:37 +0900] "GET /home/news/news/list.do HTTP/1.1" 200 7091
157.55.39.239 - - [07/Dec/2019:15:19:10 +0900] "GET /error/kr/error.jsp HTTP/1.1" 500 3570
207.46.13.140 - - [07/Dec/2019:15:25:25 +0900] "GET /error/kr/error.jsp HTTP/1.1" 500 3570
40.77.167.27 - - [07/Dec/2019:15:28:41 +0900] "GET /error/kr/error.jsp HTTP/1.1" 500 3570
121.254.147.237 - - [07/Dec/2019:15:40:24 +0900] "GET /index.jsp HTTP/1.1" 302 -
121.254.147.237 - - [07/Dec/2019:15:40:24 +0900] "GET /home/en/main/main.do HTTP/1.1" 200 11080
45.166.33.136 - - [07/Dec/2019:15:46:39 +0900] "GET /index.jsp HTTP/1.1" 302 -
66.249.64.92 - - [07/Dec/2019:15:47:51 +0900] "GET /error/kr/error.jsp HTTP/1.1" 500 3762
40.77.167.27 - - [07/Dec/2019:15:52:59 +0900] "GET /home/watwedo/overview.do HTTP/1.1" 200 6147
91.121.171.148 - - [07/Dec/2019:15:58:05 +0900] "GET /error/kr/error.jsp HTTP/1.1" 500 3570
112.145.45.49 - - [07/Dec/2019:16:04:41 +0900] "GET /filter/checker.jsp?campaignID=746&email=cornet5201@naver.com&responseEnd=2019-01-02 HTTP/1.1" 404 3570
125.209.235.181 - - [07/Dec/2019:16:09:17 +0900] "GET /error/kr/error.jsp HTTP/1.1" 500 3570
66.249.64.210 - - [07/Dec/2019:16:10:35 +0900] "GET /error/kr/error.jsp HTTP/1.1" 500 3570
193.111.62.163 - - [07/Dec/2019:16:16:02 +0900] "GET /home/news/news/list.do HTTP/1.1" 200 7091
207.46.13.29 - - [07/Dec/2019:16:22:49 +0900] "GET /index.jsp HTTP/1.1" 302 -
100.24.41.216 - - [07/Dec/2019:16:27:47 +0900] "GET /index.jsp HTTP/1.1" 302 -
220.181.108.111 - - [07/Dec/2019:16:32:42 +0900] "GET /index.jsp HTTP/1.1" 302 -
220.181.108.121 - - [07/Dec/2019:16:32:42 +0900] "GET /home/en/main/main.do HTTP/1.1" 200 11080
54.180.132.163 - - [07/Dec/2019:16:34:38 +0900] "GET /index.jsp HTTP/1.1" 302 -
54.180.132.163 - - [07/Dec/2019:16:34:38 +0900] "GET /home/main/main.do HTTP/1.1" 200 12222
42.236.10.123 - - [07/Dec/2019:16:34:48 +0900] "GET /index.jsp HTTP/1.1" 302 -
42.236.10.123 - - [07/Dec/2019:16:34:48 +0900] "GET /home/en/main/main.do HTTP/1.1" 200 11080
100.24.41.216 - - [07/Dec/2019:16:36:23 +0900] "GET /error/kr/error.jsp HTTP/1.1" 500 3570
207.46.13.29 - - [07/Dec/2019:16:50:04 +0900] "GET /error/kr/error.jsp HTTP/1.1" 500 3570
207.46.13.177 - - [07/Dec/2019:16:50:24 +0900] "GET /home/en/meetourpartners/domestic.do HTTP/1.1" 200 71879
207.46.13.177 - - [07/Dec/2019:16:51:38 +0900] "GET /home/whoweare/korea.do HTTP/1.1" 200 31387
34.199.176.251 - - [07/Dec/2019:16:57:10 +0900] "GET /index.jsp HTTP/1.1" 302 -
34.199.176.251 - - [07/Dec/2019:16:57:10 +0900] "GET /home/main/main.do HTTP/1.1" 200 12222
119.207.72.111 - - [07/Dec/2019:17:08:38 +0900] "GET /home/en/main/main.do HTTP/1.1" 200 11080
193.111.62.163 - - [07/Dec/2019:17:19:10 +0900] "GET /home/news/news/list.do HTTP/1.1" 200 7091
207.46.13.177 - - [07/Dec/2019:17:26:13 +0900] "GET /error/kr/error.jsp HTTP/1.1" 500 3570
58.210.54.10 - - [07/Dec/2019:17:31:42 +0900] "GET /error/kr/error.jsp HTTP/1.1" 500 3570
54.166.203.115 - - [07/Dec/2019:17:35:15 +0900] "GET /index.jsp HTTP/1.1" 302 -
54.166.203.115 - - [07/Dec/2019:17:35:15 +0900] "GET /home/main/main.do HTTP/1.1" 200 12222
54.166.203.115 - - [07/Dec/2019:17:35:16 +0900] "GET /home/main/main.do HTTP/1.1" 200 12222
54.166.203.115 - - [07/Dec/2019:17:35:16 +0900] "GET /home/main/main.do HTTP/1.1" 200 12222
207.46.13.188 - - [07/Dec/2019:17:37:48 +0900] "GET /error/kr/error.jsp HTTP/1.1" 500 3570
18.206.95.200 - - [07/Dec/2019:17:39:38 +0900] "GET /error/kr/error.jsp HTTP/1.1" 500 3570
18.206.95.200 - - [07/Dec/2019:17:39:40 +0900] "GET /error/kr/error.jsp HTTP/1.1" 500 3570
38.99.62.91 - - [07/Dec/2019:17:52:41 +0900] "GET /home/news/news/view.do?page=2&num=13 HTTP/1.1" 200 9159
38.99.62.91 - - [07/Dec/2019:17:54:01 +0900] "GET /home/news/news/view.do?page=2&num=14 HTTP/1.1" 200 6736
38.99.62.91 - - [07/Dec/2019:17:55:20 +0900] "GET /home/news/news/view.do?page=2&num=15 HTTP/1.1" 200 9181
38.99.62.91 - - [07/Dec/2019:17:56:43 +0900] "GET /home/news/news/view.do?page=2&num=16 HTTP/1.1" 200 5666
38.99.62.91 - - [07/Dec/2019:17:57:33 +0900] "GET /home/news/news/view.do?page=2&num=17 HTTP/1.1" 200 5761
38.99.62.91 - - [07/Dec/2019:17:58:38 +0900] "GET /home/news/news/view.do?page=2&num=18 HTTP/1.1" 200 9137
38.99.62.91 - - [07/Dec/2019:18:00:37 +0900] "GET /home/news/news/view.do?page=2&num=19 HTTP/1.1" 200 6164
38.99.62.91 - - [07/Dec/2019:18:01:16 +0900] "GET /home/en/meetourpartners/all.do HTTP/1.1" 200 95227
38.99.62.91 - - [07/Dec/2019:18:02:36 +0900] "GET /home/news/news/view.do?page=2&num=19 HTTP/1.1" 200 6164
207.46.13.177 - - [07/Dec/2019:18:02:47 +0900] "GET /error/kr/error.jsp HTTP/1.1" 500 3570
38.99.62.91 - - [07/Dec/2019:18:03:15 +0900] "GET /home/news/news/view.do?page=&num=5 HTTP/1.1" 200 9109
38.99.62.91 - - [07/Dec/2019:18:03:41 +0900] "GET /home/news/news/view.do?page=&num=6 HTTP/1.1" 200 9118
38.99.62.91 - - [07/Dec/2019:18:04:20 +0900] "GET /home/news/news/view.do?page=&num=5 HTTP/1.1" 200 9109
38.99.62.91 - - [07/Dec/2019:18:04:46 +0900] "GET /home/en/meetourpartners/domestic.do HTTP/1.1" 200 69240
38.99.62.91 - - [07/Dec/2019:18:05:51 +0900] "GET /home/en/meetourpartners/all.do HTTP/1.1" 200 95227
38.99.62.91 - - [07/Dec/2019:18:06:32 +0900] "GET /home/en/meetourpartners/domestic.do HTTP/1.1" 200 69240
85.204.246.240 - - [07/Dec/2019:18:06:33 +0900] "GET /error/kr/error.jsp HTTP/1.1" 500 3570
85.204.246.240 - - [07/Dec/2019:18:06:35 +0900] "GET /error/kr/error.jsp HTTP/1.1" 500 3570
125.209.235.186 - - [07/Dec/2019:18:09:17 +0900] "GET /error/kr/error.jsp HTTP/1.1" 500 3570
207.46.13.177 - - [07/Dec/2019:18:13:04 +0900] "GET /error/kr/error.jsp HTTP/1.1" 500 3570
40.77.167.189 - - [07/Dec/2019:18:14:43 +0900] "GET /error/kr/error.jsp HTTP/1.1" 500 3570
38.99.62.91 - - [07/Dec/2019:18:14:52 +0900] "GET /home/en/meetourpartners/all.do HTTP/1.1" 200 95227
38.99.62.91 - - [07/Dec/2019:18:15:33 +0900] "GET /home/en/meetourpartners/domestic.do HTTP/1.1" 200 69240
45.33.66.85 - - [07/Dec/2019:18:16:59 +0900] "GET /error/kr/error.jsp HTTP/1.1" 500 3570
193.111.62.163 - - [07/Dec/2019:18:17:41 +0900] "GET /home/news/news/list.do HTTP/1.1" 200 7091
199.127.56.236 - - [07/Dec/2019:18:23:25 +0900] "GET /index.jsp HTTP/1.1" 302 -
199.127.56.236 - - [07/Dec/2019:18:23:25 +0900] "GET /home/main/main.do HTTP/1.1" 200 12222
183.150.136.157 - - [07/Dec/2019:18:23:27 +0900] "GET /index.jsp?author=1 HTTP/1.1" 302 -
183.150.136.157 - - [07/Dec/2019:18:23:27 +0900] "GET /error/kr/error.jsp HTTP/1.1" 500 3570
183.150.136.157 - - [07/Dec/2019:18:23:28 +0900] "GET /error/kr/error.jsp HTTP/1.1" 500 3570
183.150.136.157 - - [07/Dec/2019:18:23:28 +0900] "GET /error/kr/error.jsp HTTP/1.1" 500 3570
38.99.62.91 - - [07/Dec/2019:18:24:01 +0900] "GET /home/en/meetourpartners/all.do HTTP/1.1" 200 95227
38.99.62.91 - - [07/Dec/2019:18:24:41 +0900] "GET /home/en/meetourpartners/domestic.do HTTP/1.1" 200 69240
38.99.62.91 - - [07/Dec/2019:18:29:17 +0900] "GET /home/meetourpartners/all.do HTTP/1.1" 200 101569
38.99.62.91 - - [07/Dec/2019:18:29:57 +0900] "GET /home/en/meetourpartners/domestic.do HTTP/1.1" 200 69240
207.46.13.140 - - [07/Dec/2019:18:30:53 +0900] "GET /error/kr/error.jsp HTTP/1.1" 500 3570
38.99.62.91 - - [07/Dec/2019:18:31:16 +0900] "GET /home/en/meetourpartners/all.do HTTP/1.1" 200 95227
38.99.62.91 - - [07/Dec/2019:18:31:55 +0900] "GET /home/meetourpartners/all.do HTTP/1.1" 200 101569
38.99.62.91 - - [07/Dec/2019:18:32:35 +0900] "GET /home/en/meetourpartners/domestic.do HTTP/1.1" 200 69240
123.125.71.88 - - [07/Dec/2019:18:33:46 +0900] "GET /index.jsp HTTP/1.1" 302 -
123.125.71.82 - - [07/Dec/2019:18:33:46 +0900] "GET /home/en/main/main.do HTTP/1.1" 200 11080
38.99.62.91 - - [07/Dec/2019:18:33:54 +0900] "GET /home/en/meetourpartners/all.do HTTP/1.1" 200 95227
38.99.62.91 - - [07/Dec/2019:18:34:33 +0900] "GET /home/en/meetourpartners/domestic.do HTTP/1.1" 200 69240
222.231.30.115 - - [07/Dec/2019:18:36:30 +0900] "GET /index.jsp HTTP/1.1" 302 -
222.231.30.115 - - [07/Dec/2019:18:36:30 +0900] "GET /home/main/main.do HTTP/1.1" 200 12222
222.231.30.115 - - [07/Dec/2019:18:36:32 +0900] "GET /home/main/main.do HTTP/1.1" 200 12222
222.231.30.115 - - [07/Dec/2019:18:36:32 +0900] "GET /home/main/main.do HTTP/1.1" 200 12222
23.100.232.233 - - [07/Dec/2019:18:36:57 +0900] "GET /home/en/main/main.do HTTP/1.1" 200 11080
38.99.62.91 - - [07/Dec/2019:18:37:10 +0900] "GET /home/en/meetourpartners/all.do HTTP/1.1" 200 95227
38.99.62.91 - - [07/Dec/2019:18:37:49 +0900] "GET /home/en/meetourpartners/domestic.do HTTP/1.1" 200 69240
38.99.62.91 - - [07/Dec/2019:18:38:15 +0900] "GET /home/meetourpartners/all.do HTTP/1.1" 200 101569
38.99.62.91 - - [07/Dec/2019:18:38:54 +0900] "GET /home/en/meetourpartners/all.do HTTP/1.1" 200 95227
38.99.62.91 - - [07/Dec/2019:18:39:34 +0900] "GET /home/en/meetourpartners/domestic.do HTTP/1.1" 200 69240
38.99.62.91 - - [07/Dec/2019:18:45:26 +0900] "GET /home/en/meetourpartners/all.do HTTP/1.1" 200 95227
38.99.62.91 - - [07/Dec/2019:18:46:06 +0900] "GET /home/en/meetourpartners/domestic.do HTTP/1.1" 200 69240
38.99.62.91 - - [07/Dec/2019:18:50:01 +0900] "GET /home/en/meetourpartners/overseas.do HTTP/1.1" 200 31428
38.99.62.91 - - [07/Dec/2019:18:52:24 +0900] "GET /home/meetourpartners/all.do HTTP/1.1" 200 101569
