222.231.30.115 - - [10/Feb/2020:16:09:36 +0900] "GET /home/main/main.do HTTP/1.1" 200 12222
222.231.30.115 - - [10/Feb/2020:16:09:36 +0900] "GET /home/main/main.do HTTP/1.1" 200 12222
112.160.3.20 - - [10/Feb/2020:16:15:00 +0900] "GET /index.jsp HTTP/1.1" 302 -
112.160.3.20 - - [10/Feb/2020:16:15:00 +0900] "GET /home/en/main/main.do HTTP/1.1" 200 11080
112.160.3.20 - - [10/Feb/2020:16:15:06 +0900] "GET /home/main/main.do HTTP/1.1" 200 12222
112.160.3.20 - - [10/Feb/2020:16:15:20 +0900] "GET /home/news/news/list.do HTTP/1.1" 200 7091
112.160.3.20 - - [10/Feb/2020:16:15:26 +0900] "GET /home/whoweare/korea.do HTTP/1.1" 200 30366
51.15.191.180 - - [10/Feb/2020:16:15:32 +0900] "GET /index.jsp HTTP/1.1" 302 -
112.160.3.20 - - [10/Feb/2020:16:15:48 +0900] "GET /home/about/about.do HTTP/1.1" 200 14216
51.15.191.180 - - [10/Feb/2020:16:15:56 +0900] "GET /home/en/about/about.do HTTP/1.1" 200 14811
112.160.3.20 - - [10/Feb/2020:16:15:59 +0900] "GET /home/watwedo/overview.do HTTP/1.1" 200 6147
112.160.3.20 - - [10/Feb/2020:16:16:05 +0900] "GET /home/whoweare/korea.do HTTP/1.1" 200 30366
112.160.3.20 - - [10/Feb/2020:16:16:08 +0900] "GET /home/meetourpartners/all.do HTTP/1.1" 200 101569
112.160.3.20 - - [10/Feb/2020:16:16:11 +0900] "GET /home/whoweare/korea.do HTTP/1.1" 200 30366
112.160.3.20 - - [10/Feb/2020:16:16:14 +0900] "GET /home/whoweare/china.do HTTP/1.1" 200 10340
51.15.191.180 - - [10/Feb/2020:16:16:20 +0900] "GET /home/whoweare/china.do HTTP/1.1" 200 10340
112.160.3.20 - - [10/Feb/2020:16:16:25 +0900] "GET /home/contact/contact.do HTTP/1.1" 200 5224
51.15.191.180 - - [10/Feb/2020:16:16:44 +0900] "GET /home/en/whoweare/korea.do HTTP/1.1" 200 30344
51.15.191.180 - - [10/Feb/2020:16:17:09 +0900] "GET /home/news/news/view.do?num=1 HTTP/1.1" 200 8971
34.73.255.170 - - [10/Feb/2020:16:17:24 +0900] "GET /error/kr/error.jsp HTTP/1.0" 500 3570
34.73.255.170 - - [10/Feb/2020:16:17:24 +0900] "GET /home/en/about/about.do HTTP/1.0" 200 14811
51.15.191.180 - - [10/Feb/2020:16:17:34 +0900] "GET /home/news/news/view.do?num=2 HTTP/1.1" 200 6974
104.222.33.76 - - [10/Feb/2020:16:17:49 +0900] "GET /index.jsp HTTP/1.1" 302 -
104.222.33.76 - - [10/Feb/2020:16:17:50 +0900] "GET /home/en/main/main.do HTTP/1.1" 200 11080
51.15.191.180 - - [10/Feb/2020:16:17:59 +0900] "GET /home/news/news/view.do?num=3 HTTP/1.1" 200 5573
51.15.191.180 - - [10/Feb/2020:16:18:24 +0900] "GET /home/en/contact/contact.do HTTP/1.1" 200 5187
51.15.191.180 - - [10/Feb/2020:16:18:49 +0900] "GET /home/watwedo/history.do HTTP/1.1" 200 10614
220.181.51.73 - - [10/Feb/2020:16:18:56 +0900] "GET /index.jsp HTTP/1.1" 302 -
220.181.51.104 - - [10/Feb/2020:16:18:57 +0900] "GET /home/en/main/main.do HTTP/1.1" 200 11080
51.15.191.180 - - [10/Feb/2020:16:19:14 +0900] "GET /home/news/news/list.do?page=1 HTTP/1.1" 200 7091
47.108.64.42 - - [10/Feb/2020:16:19:29 +0900] "GET /error/kr/error.jsp HTTP/1.1" 500 3570
51.15.191.180 - - [10/Feb/2020:16:19:39 +0900] "GET /home/news/news/list.do?page=2 HTTP/1.1" 200 6849
51.15.191.180 - - [10/Feb/2020:16:20:03 +0900] "GET /home/en/meetourpartners/all.do HTTP/1.1" 200 95227
51.15.191.180 - - [10/Feb/2020:16:20:29 +0900] "GET /home/watwedo/philosophy.do HTTP/1.1" 200 7162
51.15.191.180 - - [10/Feb/2020:16:20:54 +0900] "GET /home/news/news/view.do?page=1&num=1 HTTP/1.1" 200 8973
51.15.191.180 - - [10/Feb/2020:16:21:19 +0900] "GET /home/news/news/view.do?page=1&num=3 HTTP/1.1" 200 5576
51.15.191.180 - - [10/Feb/2020:16:21:44 +0900] "GET /home/news/news/view.do?page=1&num=4 HTTP/1.1" 200 9123
5.45.207.66 - - [10/Feb/2020:16:21:56 +0900] "GET /error/kr/error.jsp HTTP/1.1" 500 3570
178.154.171.63 - - [10/Feb/2020:16:22:00 +0900] "GET /home/news/news/view.do?num=2 HTTP/1.1" 200 6974
51.15.191.180 - - [10/Feb/2020:16:22:09 +0900] "GET /home/en/watwedo/overview.do HTTP/1.1" 200 6156
51.15.191.180 - - [10/Feb/2020:16:22:35 +0900] "GET /home/news/news/view.do?page=1&num=7 HTTP/1.1" 200 5548
34.199.176.251 - - [10/Feb/2020:16:22:35 +0900] "GET /home/news/news/list.do HTTP/1.1" 200 7091
23.100.232.233 - - [10/Feb/2020:16:22:52 +0900] "GET /home/watwedo/overview.do HTTP/1.1" 200 6147
51.15.191.180 - - [10/Feb/2020:16:23:00 +0900] "GET /home/news/news/view.do?page=1&num=8 HTTP/1.1" 200 9169
34.73.255.170 - - [10/Feb/2020:16:23:00 +0900] "GET /error/kr/error.jsp HTTP/1.0" 500 3570
34.73.255.170 - - [10/Feb/2020:16:23:00 +0900] "GET /home/en/watwedo/overview.do HTTP/1.0" 200 6156
34.73.255.170 - - [10/Feb/2020:16:24:14 +0900] "GET /error/kr/error.jsp HTTP/1.0" 500 3570
34.73.255.170 - - [10/Feb/2020:16:24:14 +0900] "GET /home/main/main.do HTTP/1.0" 200 12222
193.111.62.163 - - [10/Feb/2020:16:24:18 +0900] "GET /home/news/news/list.do HTTP/1.1" 200 7091
112.160.3.20 - - [10/Feb/2020:16:26:34 +0900] "GET /home/whoweare/korea.do HTTP/1.1" 200 30366
112.160.3.20 - - [10/Feb/2020:16:26:41 +0900] "GET /home/watwedo/overview.do HTTP/1.1" 200 6147
122.51.154.89 - - [10/Feb/2020:16:27:31 +0900] "GET /error/kr/error.jsp HTTP/1.1" 500 3570
122.51.154.89 - - [10/Feb/2020:16:27:31 +0900] "GET /error/kr/error.jsp HTTP/1.1" 500 3570
122.51.154.89 - - [10/Feb/2020:16:27:32 +0900] "GET /error/kr/error.jsp HTTP/1.1" 500 3570
34.73.255.170 - - [10/Feb/2020:16:29:58 +0900] "GET /error/kr/error.jsp HTTP/1.0" 500 3570
34.73.255.170 - - [10/Feb/2020:16:29:59 +0900] "GET /home/en/meetourpartners/all.do HTTP/1.0" 200 95227
222.82.49.9 - - [10/Feb/2020:16:32:39 +0900] "HEAD /index.jsp HTTP/1.1" 302 -
222.82.49.9 - - [10/Feb/2020:16:32:39 +0900] "HEAD /home/en/main/main.do HTTP/1.1" 200 -
27.16.221.183 - - [10/Feb/2020:16:33:20 +0900] "GET /index.jsp HTTP/1.1" 302 -
221.0.19.169 - - [10/Feb/2020:16:33:21 +0900] "CONNECT /index.jsp HTTP/1.1" 405 1105
124.235.138.197 - - [10/Feb/2020:16:33:21 +0900] "GET /error/kr/error.jsp HTTP/1.1" 500 3570
175.184.166.228 - - [10/Feb/2020:16:33:23 +0900] "CONNECT /index.jsp HTTP/1.1" 405 1105
220.200.159.191 - - [10/Feb/2020:16:33:24 +0900] "CONNECT /index.jsp HTTP/1.1" 405 1105
182.88.76.58 - - [10/Feb/2020:16:33:24 +0900] "GET /index.jsp HTTP/1.1" 302 -
221.13.12.143 - - [10/Feb/2020:16:33:27 +0900] "GET /index.jsp HTTP/1.1" 302 -
221.213.75.201 - - [10/Feb/2020:16:33:30 +0900] "GET /index.jsp HTTP/1.1" 302 -
124.235.138.49 - - [10/Feb/2020:16:33:31 +0900] "GET /index.jsp HTTP/1.1" 302 -
124.235.138.49 - - [10/Feb/2020:16:33:32 +0900] "GET /home/en/main/main.do HTTP/1.1" 200 11080
4.53.111.74 - - [10/Feb/2020:16:33:59 +0900] "GET /index.jsp HTTP/1.1" 302 -
4.53.111.78 - - [10/Feb/2020:16:34:00 +0900] "GET /home/en/main/main.do HTTP/1.1" 200 11080
34.222.117.168 - - [10/Feb/2020:16:34:00 +0900] "GET /index.jsp HTTP/1.1" 302 -
34.220.62.23 - - [10/Feb/2020:16:34:00 +0900] "GET /index.jsp HTTP/1.1" 302 -
34.222.117.168 - - [10/Feb/2020:16:34:01 +0900] "GET /home/main/main.do HTTP/1.1" 200 12222
34.220.62.23 - - [10/Feb/2020:16:34:01 +0900] "GET /home/main/main.do HTTP/1.1" 200 12222
35.231.153.251 - - [10/Feb/2020:16:41:35 +0900] "GET /error/kr/error.jsp HTTP/1.0" 500 3570
35.231.153.251 - - [10/Feb/2020:16:41:35 +0900] "GET /home/en/about/about.do HTTP/1.0" 200 14811
94.158.36.183 - - [10/Feb/2020:16:41:47 +0900] "GET /error/kr/error.jsp HTTP/1.1" 500 3570
119.129.228.64 - - [10/Feb/2020:16:45:57 +0900] "GET /error/kr/error.jsp HTTP/1.1" 500 3570
35.231.153.251 - - [10/Feb/2020:16:46:59 +0900] "GET /error/kr/error.jsp HTTP/1.0" 500 3570
35.231.153.251 - - [10/Feb/2020:16:47:00 +0900] "GET /home/en/watwedo/overview.do HTTP/1.0" 200 6156
35.231.153.251 - - [10/Feb/2020:16:48:08 +0900] "GET /error/kr/error.jsp HTTP/1.0" 500 3570
35.231.153.251 - - [10/Feb/2020:16:48:09 +0900] "GET /home/main/main.do HTTP/1.0" 200 12222
119.207.72.160 - - [10/Feb/2020:16:49:30 +0900] "GET /index.jsp HTTP/1.1" 302 -
119.207.72.160 - - [10/Feb/2020:16:49:30 +0900] "GET /home/main/main.do HTTP/1.1" 200 12222
61.37.239.124 - - [10/Feb/2020:16:50:01 +0900] "GET /index.jsp HTTP/1.1" 302 -
61.37.239.124 - - [10/Feb/2020:16:50:01 +0900] "GET /home/main/main.do HTTP/1.1" 200 12222
61.37.239.124 - - [10/Feb/2020:16:50:04 +0900] "GET /home/whoweare/korea.do HTTP/1.1" 200 30366
123.125.71.47 - - [10/Feb/2020:16:52:16 +0900] "GET /home/en/whoweare/korea.do HTTP/1.1" 200 30344
45.33.66.85 - - [10/Feb/2020:16:52:20 +0900] "GET /error/kr/error.jsp HTTP/1.1" 500 3570
35.231.153.251 - - [10/Feb/2020:16:53:16 +0900] "GET /error/kr/error.jsp HTTP/1.0" 500 3570
35.231.153.251 - - [10/Feb/2020:16:53:16 +0900] "GET /home/en/meetourpartners/all.do HTTP/1.0" 200 95227
52.162.211.179 - - [10/Feb/2020:16:56:05 +0900] "GET /home/en/whoweare/korea.do HTTP/1.1" 200 30344
171.66.12.141 - - [10/Feb/2020:16:58:05 +0900] "GET /index.jsp HTTP/1.1" 302 -
171.66.12.141 - - [10/Feb/2020:16:58:05 +0900] "GET /home/en/main/main.do HTTP/1.1" 200 11080
171.66.12.141 - - [10/Feb/2020:16:58:11 +0900] "GET /home/en/meetourpartners/all.do HTTP/1.1" 200 95227
171.66.12.141 - - [10/Feb/2020:16:58:18 +0900] "GET /home/en/meetourpartners/overseas.do HTTP/1.1" 200 31428
171.66.12.141 - - [10/Feb/2020:16:59:12 +0900] "GET /home/en/about/about.do HTTP/1.1" 200 14811
61.34.133.109 - - [10/Feb/2020:16:59:34 +0900] "GET /index.jsp HTTP/1.1" 302 -
61.34.133.109 - - [10/Feb/2020:16:59:34 +0900] "GET /home/main/main.do HTTP/1.1" 200 12222
61.34.133.109 - - [10/Feb/2020:16:59:35 +0900] "GET /home/main/main.do HTTP/1.1" 200 12222
61.34.133.109 - - [10/Feb/2020:16:59:39 +0900] "GET /index.jsp HTTP/1.1" 302 -
61.34.133.109 - - [10/Feb/2020:16:59:39 +0900] "GET /home/main/main.do HTTP/1.1" 200 12222
61.34.133.109 - - [10/Feb/2020:16:59:41 +0900] "GET /home/main/main.do HTTP/1.1" 200 12222
171.66.12.141 - - [10/Feb/2020:16:59:44 +0900] "GET /home/en/watwedo/overview.do HTTP/1.1" 200 6156
171.66.12.141 - - [10/Feb/2020:16:59:58 +0900] "GET /home/en/whoweare/korea.do HTTP/1.1" 200 30344
173.205.33.29 - - [10/Feb/2020:17:01:05 +0900] "GET /index.jsp HTTP/1.1" 302 -
173.205.33.27 - - [10/Feb/2020:17:01:06 +0900] "GET /home/en/main/main.do HTTP/1.1" 200 11080
4.53.111.78 - - [10/Feb/2020:17:02:37 +0900] "GET /index.jsp HTTP/1.1" 302 -
4.53.111.75 - - [10/Feb/2020:17:02:38 +0900] "GET /home/en/main/main.do HTTP/1.1" 200 11080
35.231.153.251 - - [10/Feb/2020:17:02:44 +0900] "GET /error/kr/error.jsp HTTP/1.0" 500 3570
35.231.153.251 - - [10/Feb/2020:17:02:44 +0900] "GET /home/en/watwedo/philosophy.do HTTP/1.0" 200 7112
34.199.176.251 - - [10/Feb/2020:17:03:16 +0900] "GET /home/news/news/view.do?num=2 HTTP/1.1" 200 6974
34.199.176.251 - - [10/Feb/2020:17:03:16 +0900] "GET /home/news/news/view.do HTTP/1.1" 500 3570
35.231.153.251 - - [10/Feb/2020:17:06:54 +0900] "GET /error/kr/error.jsp HTTP/1.0" 500 3570
35.231.153.251 - - [10/Feb/2020:17:06:54 +0900] "GET /home/en/whoweare/korea.do HTTP/1.0" 200 30344
121.162.223.96 - - [10/Feb/2020:17:09:01 +0900] "GET /index.jsp HTTP/1.1" 302 -
121.162.223.96 - - [10/Feb/2020:17:09:01 +0900] "GET /home/main/main.do HTTP/1.1" 200 12222
35.231.153.251 - - [10/Feb/2020:17:09:42 +0900] "GET /error/kr/error.jsp HTTP/1.0" 500 3570
35.231.153.251 - - [10/Feb/2020:17:09:42 +0900] "GET /home/en/contact/contact.do HTTP/1.0" 200 5187
35.231.153.251 - - [10/Feb/2020:17:10:36 +0900] "GET /error/kr/error.jsp HTTP/1.0" 500 3570
35.231.153.251 - - [10/Feb/2020:17:10:37 +0900] "GET /home/en/meetourpartners/all.do HTTP/1.0" 200 95227
35.231.153.251 - - [10/Feb/2020:17:10:40 +0900] "GET /error/kr/error.jsp HTTP/1.0" 500 3570
35.231.153.251 - - [10/Feb/2020:17:10:41 +0900] "GET /home/en/watwedo/overview.do HTTP/1.0" 200 6156
35.231.153.251 - - [10/Feb/2020:17:10:42 +0900] "GET /error/kr/error.jsp HTTP/1.0" 500 3570
35.231.153.251 - - [10/Feb/2020:17:10:43 +0900] "GET /home/en/whoweare/korea.do HTTP/1.0" 200 30344
35.231.153.251 - - [10/Feb/2020:17:10:44 +0900] "GET /error/kr/error.jsp HTTP/1.0" 500 3570
35.231.153.251 - - [10/Feb/2020:17:10:45 +0900] "GET /home/en/about/about.do HTTP/1.0" 200 14811
35.231.153.251 - - [10/Feb/2020:17:10:46 +0900] "GET /error/kr/error.jsp HTTP/1.0" 500 3570
35.231.153.251 - - [10/Feb/2020:17:10:47 +0900] "GET /home/en/contact/contact.do HTTP/1.0" 200 5187
35.231.153.251 - - [10/Feb/2020:17:10:48 +0900] "GET /error/kr/error.jsp HTTP/1.0" 500 3570
35.231.153.251 - - [10/Feb/2020:17:10:48 +0900] "GET /home/en/watwedo/philosophy.do HTTP/1.0" 200 7112
35.231.153.251 - - [10/Feb/2020:17:10:50 +0900] "GET /error/kr/error.jsp HTTP/1.0" 500 3570
35.231.153.251 - - [10/Feb/2020:17:10:50 +0900] "GET /home/main/main.do HTTP/1.0" 200 12222
23.100.232.233 - - [10/Feb/2020:17:20:34 +0900] "GET /home/watwedo/overview.do HTTP/1.1" 200 6147
5.188.210.101 - - [10/Feb/2020:17:21:19 +0900] "GET /error/kr/error.jsp HTTP/1.1" 500 3570
193.111.62.163 - - [10/Feb/2020:17:22:53 +0900] "GET /home/news/news/list.do HTTP/1.1" 200 7091
91.243.172.57 - - [10/Feb/2020:17:32:28 +0900] "GET /index.jsp HTTP/1.1" 302 -
118.218.180.21 - - [10/Feb/2020:17:42:20 +0900] "GET /filter/checker.jsp?campaignID=704&email=junghee869@naver.com&responseEnd=2018-12-27 HTTP/1.1" 404 3570
220.124.203.153 - - [10/Feb/2020:17:50:53 +0900] "GET /index.jsp HTTP/1.1" 302 -
220.124.203.153 - - [10/Feb/2020:17:50:53 +0900] "GET /home/main/main.do HTTP/1.1" 200 12222
220.124.203.153 - - [10/Feb/2020:17:50:54 +0900] "GET /home/main/main.do HTTP/1.1" 200 12222
220.124.203.153 - - [10/Feb/2020:17:51:18 +0900] "GET /home/whoweare/korea.do HTTP/1.1" 200 30366
220.124.203.153 - - [10/Feb/2020:17:51:19 +0900] "GET /home/meetourpartners/all.do HTTP/1.1" 200 101569
27.44.17.111 - - [10/Feb/2020:17:52:03 +0900] "GET /home/en/main/main.do HTTP/1.1" 200 8279
27.44.17.111 - - [10/Feb/2020:17:52:05 +0900] "GET /error/kr/error.jsp HTTP/1.1" 500 3762
52.162.211.179 - - [10/Feb/2020:17:53:10 +0900] "GET /home/en/whoweare/korea.do HTTP/1.1" 200 30344
54.183.150.98 - - [10/Feb/2020:17:55:23 +0900] "HEAD /index.jsp HTTP/1.1" 302 -
54.183.150.98 - - [10/Feb/2020:17:55:23 +0900] "HEAD /home/main/main.do HTTP/1.1" 200 -
66.249.66.22 - - [10/Feb/2020:17:55:46 +0900] "GET /error/kr/error.jsp HTTP/1.1" 500 3570
38.99.62.91 - - [10/Feb/2020:17:59:51 +0900] "GET /home/en/meetourpartners/overseas.do HTTP/1.1" 200 31428
47.108.64.42 - - [10/Feb/2020:18:00:45 +0900] "GET /error/kr/error.jsp HTTP/1.1" 500 3570
23.100.232.233 - - [10/Feb/2020:18:02:11 +0900] "GET /home/watwedo/overview.do HTTP/1.1" 200 6147
149.34.46.56 - - [10/Feb/2020:18:03:02 +0900] "GET /index.jsp HTTP/1.1" 302 -
38.99.62.91 - - [10/Feb/2020:18:03:04 +0900] "GET /home/meetourpartners/all.do HTTP/1.1" 200 101569
38.99.62.91 - - [10/Feb/2020:18:03:44 +0900] "GET /home/en/meetourpartners/overseas.do HTTP/1.1" 200 31428
66.249.66.218 - - [10/Feb/2020:18:05:47 +0900] "GET /error/kr/error.jsp HTTP/1.1" 500 3762
1.214.42.18 - - [10/Feb/2020:18:08:53 +0900] "GET /index.jsp HTTP/1.1" 302 -
1.214.42.18 - - [10/Feb/2020:18:08:53 +0900] "GET /home/main/main.do HTTP/1.1" 200 12222
1.214.42.18 - - [10/Feb/2020:18:09:01 +0900] "GET /home/whoweare/korea.do HTTP/1.1" 200 30366
38.99.62.91 - - [10/Feb/2020:18:09:47 +0900] "GET /home/meetourpartners/all.do HTTP/1.1" 200 101569
38.99.62.91 - - [10/Feb/2020:18:10:27 +0900] "GET /home/en/meetourpartners/overseas.do HTTP/1.1" 200 31428
38.99.62.91 - - [10/Feb/2020:18:10:52 +0900] "GET /home/en/meetourpartners/all.do HTTP/1.1" 200 95227
38.99.62.91 - - [10/Feb/2020:18:11:18 +0900] "GET /home/en/meetourpartners/all.do HTTP/1.1" 200 95227
38.99.62.91 - - [10/Feb/2020:18:11:58 +0900] "GET /home/meetourpartners/all.do HTTP/1.1" 200 101569
38.99.62.91 - - [10/Feb/2020:18:12:38 +0900] "GET /home/en/meetourpartners/all.do HTTP/1.1" 200 95227
38.99.62.91 - - [10/Feb/2020:18:13:17 +0900] "GET /home/meetourpartners/all.do HTTP/1.1" 200 101569
38.99.62.91 - - [10/Feb/2020:18:13:57 +0900] "GET /home/en/meetourpartners/all.do HTTP/1.1" 200 95227
47.108.64.42 - - [10/Feb/2020:18:14:08 +0900] "GET /error/kr/error.jsp HTTP/1.1" 500 3570
119.207.72.72 - - [10/Feb/2020:18:14:47 +0900] "GET /home/watwedo/philosophy.do HTTP/1.1" 200 7162
38.99.62.91 - - [10/Feb/2020:18:15:27 +0900] "GET /home/meetourpartners/all.do HTTP/1.1" 200 101569
3.87.65.70 - - [10/Feb/2020:18:15:30 +0900] "GET /index.jsp HTTP/1.1" 302 -
3.87.65.70 - - [10/Feb/2020:18:15:30 +0900] "GET /home/en/main/main.do HTTP/1.1" 200 11080
3.87.65.70 - - [10/Feb/2020:18:15:32 +0900] "GET /error/kr/error.jsp HTTP/1.1" 500 3570
66.249.66.218 - - [10/Feb/2020:18:15:48 +0900] "GET /error/kr/error.jsp HTTP/1.1" 500 3762
38.99.62.91 - - [10/Feb/2020:18:16:06 +0900] "GET /home/en/meetourpartners/all.do HTTP/1.1" 200 95227
34.199.176.251 - - [10/Feb/2020:18:19:12 +0900] "GET /home/news/news/view.do?num=3 HTTP/1.1" 200 5573
34.199.176.251 - - [10/Feb/2020:18:19:13 +0900] "GET /home/news/news/view.do HTTP/1.1" 500 3570
17.58.96.118 - - [10/Feb/2020:18:19:55 +0900] "GET /home/main/main.do HTTP/1.1" 200 12222
38.99.62.91 - - [10/Feb/2020:18:21:28 +0900] "GET /home/meetourpartners/all.do HTTP/1.1" 200 101569
51.15.191.180 - - [10/Feb/2020:18:21:39 +0900] "GET /home/news/news/view.do?page=1&num=5 HTTP/1.1" 200 9112
51.15.191.180 - - [10/Feb/2020:18:22:03 +0900] "GET /home/news/news/view.do?page=1&num=2 HTTP/1.1" 200 6977
38.99.62.91 - - [10/Feb/2020:18:22:07 +0900] "GET /home/en/meetourpartners/all.do HTTP/1.1" 200 95227
51.15.191.180 - - [10/Feb/2020:18:22:26 +0900] "GET /home/news/news/view.do?page=1&num=10 HTTP/1.1" 200 6756
38.99.62.91 - - [10/Feb/2020:18:22:47 +0900] "GET /home/meetourpartners/all.do HTTP/1.1" 200 101569
51.15.191.180 - - [10/Feb/2020:18:22:50 +0900] "GET /home/meetourpartners/overseas.do HTTP/1.1" 200 32620
58.32.1.106 - - [10/Feb/2020:18:22:53 +0900] "GET /error/kr/error.jsp HTTP/1.1" 500 3570
51.15.191.180 - - [10/Feb/2020:18:23:13 +0900] "GET /home/meetourpartners/domestic.do HTTP/1.1" 200 73451
38.99.62.91 - - [10/Feb/2020:18:23:27 +0900] "GET /home/en/meetourpartners/all.do HTTP/1.1" 200 95227
51.15.191.180 - - [10/Feb/2020:18:23:38 +0900] "GET /home/news/news/view.do?page=1&num=6 HTTP/1.1" 200 9121
51.15.191.180 - - [10/Feb/2020:18:24:02 +0900] "GET /home/news/news/view.do?page=1&num=9 HTTP/1.1" 200 9135
38.99.62.91 - - [10/Feb/2020:18:24:07 +0900] "GET /home/en/meetourpartners/all.do HTTP/1.1" 200 95227
193.111.62.163 - - [10/Feb/2020:18:24:17 +0900] "GET /home/news/news/list.do HTTP/1.1" 200 7091
51.15.191.180 - - [10/Feb/2020:18:24:25 +0900] "GET /home/en/watwedo/philosophy.do HTTP/1.1" 200 7112
66.249.66.20 - - [10/Feb/2020:18:25:37 +0900] "GET /error/kr/error.jsp HTTP/1.1" 500 3570
38.99.62.91 - - [10/Feb/2020:18:26:45 +0900] "GET /home/meetourpartners/all.do HTTP/1.1" 200 101569
38.99.62.91 - - [10/Feb/2020:18:27:24 +0900] "GET /home/en/meetourpartners/all.do HTTP/1.1" 200 95227
38.99.62.91 - - [10/Feb/2020:18:28:09 +0900] "GET /home/en/meetourpartners/all.do HTTP/1.1" 200 95227
38.99.62.91 - - [10/Feb/2020:18:28:35 +0900] "GET /home/en/meetourpartners/all.do HTTP/1.1" 200 95227
38.99.62.91 - - [10/Feb/2020:18:29:54 +0900] "GET /home/meetourpartners/all.do HTTP/1.1" 200 101569
38.99.62.91 - - [10/Feb/2020:18:31:13 +0900] "GET /home/en/meetourpartners/all.do HTTP/1.1" 200 95227
38.99.62.91 - - [10/Feb/2020:18:32:01 +0900] "GET /home/meetourpartners/all.do HTTP/1.1" 200 101569
66.249.66.222 - - [10/Feb/2020:18:32:38 +0900] "GET /error/kr/error.jsp HTTP/1.1" 500 3762
38.99.62.91 - - [10/Feb/2020:18:32:41 +0900] "GET /home/en/meetourpartners/all.do HTTP/1.1" 200 95227
38.99.62.91 - - [10/Feb/2020:18:33:20 +0900] "GET /home/meetourpartners/all.do HTTP/1.1" 200 101569
38.99.62.91 - - [10/Feb/2020:18:34:00 +0900] "GET /home/en/meetourpartners/all.do HTTP/1.1" 200 95227
51.68.152.26 - - [10/Feb/2020:18:36:08 +0900] "GET /index.jsp HTTP/1.1" 302 -
51.68.152.26 - - [10/Feb/2020:18:36:08 +0900] "GET /home/en/main/main.do HTTP/1.1" 200 11080
51.68.152.26 - - [10/Feb/2020:18:36:52 +0900] "GET /index.jsp HTTP/1.1" 302 -
51.68.152.26 - - [10/Feb/2020:18:36:52 +0900] "GET /home/en/main/main.do HTTP/1.1" 200 11080
38.99.62.91 - - [10/Feb/2020:18:38:01 +0900] "GET /home/meetourpartners/all.do HTTP/1.1" 200 101569
38.99.62.91 - - [10/Feb/2020:18:38:41 +0900] "GET /home/en/meetourpartners/all.do HTTP/1.1" 200 95227
52.162.211.179 - - [10/Feb/2020:18:40:29 +0900] "GET /home/en/whoweare/korea.do HTTP/1.1" 200 30344
38.99.62.91 - - [10/Feb/2020:18:40:42 +0900] "GET /home/en/contact/contact.do HTTP/1.1" 200 5187
38.99.62.91 - - [10/Feb/2020:18:41:24 +0900] "GET /home/en/main/main.do HTTP/1.1" 200 11080
66.249.66.20 - - [10/Feb/2020:18:41:57 +0900] "GET /error/kr/error.jsp HTTP/1.1" 500 3570
66.249.66.218 - - [10/Feb/2020:18:42:30 +0900] "GET /error/kr/error.jsp HTTP/1.1" 500 3762
38.99.62.91 - - [10/Feb/2020:18:42:59 +0900] "GET /home/meetourpartners/all.do HTTP/1.1" 200 101569
38.99.62.91 - - [10/Feb/2020:18:43:39 +0900] "GET /home/en/watwedo/philosophy.do HTTP/1.1" 200 7112
38.99.62.91 - - [10/Feb/2020:18:44:18 +0900] "GET /home/en/main/main.do HTTP/1.1" 200 11080
38.99.62.91 - - [10/Feb/2020:18:44:44 +0900] "GET /home/watwedo/overview.do HTTP/1.1" 200 6147
38.99.62.91 - - [10/Feb/2020:18:45:24 +0900] "GET /home/watwedo/history.do HTTP/1.1" 200 10614
38.99.62.91 - - [10/Feb/2020:18:46:04 +0900] "GET /home/watwedo/overview.do HTTP/1.1" 200 6147
195.32.23.123 - - [10/Feb/2020:18:46:45 +0900] "GET /index.jsp HTTP/1.1" 302 -
38.99.62.91 - - [10/Feb/2020:18:46:49 +0900] "GET /home/meetourpartners/all.do HTTP/1.1" 200 101569
38.99.62.91 - - [10/Feb/2020:18:47:29 +0900] "GET /home/whoweare/korea.do HTTP/1.1" 200 30366
38.99.62.91 - - [10/Feb/2020:18:47:55 +0900] "GET /home/whoweare/china.do HTTP/1.1" 200 10340
38.99.62.91 - - [10/Feb/2020:18:49:00 +0900] "GET /home/meetourpartners/all.do HTTP/1.1" 200 101569
38.99.62.91 - - [10/Feb/2020:18:49:39 +0900] "GET /home/meetourpartners/all.do HTTP/1.1" 200 101569
38.99.62.91 - - [10/Feb/2020:18:50:19 +0900] "GET /home/whoweare/china.do HTTP/1.1" 200 10340
38.99.62.91 - - [10/Feb/2020:18:50:45 +0900] "GET /home/en/meetourpartners/all.do HTTP/1.1" 200 95227
38.99.62.91 - - [10/Feb/2020:18:51:25 +0900] "GET /home/whoweare/korea.do HTTP/1.1" 200 30366
38.99.62.91 - - [10/Feb/2020:18:52:04 +0900] "GET /home/about/about.do HTTP/1.1" 200 14216
66.249.66.218 - - [10/Feb/2020:18:52:33 +0900] "GET /error/kr/error.jsp HTTP/1.1" 500 3762
61.76.73.9 - - [10/Feb/2020:18:52:39 +0900] "GET /index.jsp HTTP/1.1" 302 -
61.76.73.9 - - [10/Feb/2020:18:52:39 +0900] "GET /home/en/main/main.do HTTP/1.1" 200 11080
61.76.73.9 - - [10/Feb/2020:18:52:43 +0900] "GET /home/en/whoweare/korea.do HTTP/1.1" 200 30344
38.99.62.91 - - [10/Feb/2020:18:52:45 +0900] "GET /index.jsp HTTP/1.1" 302 -
38.99.62.91 - - [10/Feb/2020:18:52:45 +0900] "GET /home/en/main/main.do HTTP/1.1" 200 11080
119.207.72.151 - - [10/Feb/2020:18:52:47 +0900] "GET /index.jsp HTTP/1.1" 302 -
119.207.72.151 - - [10/Feb/2020:18:52:47 +0900] "GET /home/main/main.do HTTP/1.1" 200 12222
38.99.62.91 - - [10/Feb/2020:18:53:10 +0900] "GET /home/news/news/view.do?num=1 HTTP/1.1" 200 8971
38.99.62.91 - - [10/Feb/2020:18:53:50 +0900] "GET /home/news/news/view.do?page=&num=2 HTTP/1.1" 200 6974
38.99.62.91 - - [10/Feb/2020:18:54:30 +0900] "GET /home/meetourpartners/all.do HTTP/1.1" 200 101569
38.99.62.91 - - [10/Feb/2020:18:55:09 +0900] "GET /home/news/news/list.do?page= HTTP/1.1" 200 7091
38.99.62.91 - - [10/Feb/2020:18:55:49 +0900] "GET /home/news/news/view.do?num=1 HTTP/1.1" 200 8971
38.99.62.91 - - [10/Feb/2020:18:56:28 +0900] "GET /home/news/news/view.do?num=2 HTTP/1.1" 200 6974
38.99.62.91 - - [10/Feb/2020:18:57:09 +0900] "GET /home/news/news/view.do?page=&num=3 HTTP/1.1" 200 5573
222.98.175.46 - - [10/Feb/2020:18:57:24 +0900] "GET /error/kr/error.jsp HTTP/1.1" 500 3762
222.98.175.46 - - [10/Feb/2020:18:57:24 +0900] "GET /error/kr/error.jsp HTTP/1.1" 500 3762
222.98.175.46 - - [10/Feb/2020:18:57:24 +0900] "GET /error/kr/error.jsp HTTP/1.1" 500 3762
222.98.175.46 - - [10/Feb/2020:18:57:24 +0900] "GET /home/main/main.do HTTP/1.1" 200 8898
157.55.39.165 - - [10/Feb/2020:18:57:32 +0900] "GET /error/kr/error.jsp HTTP/1.1" 500 3570
195.58.56.163 - - [10/Feb/2020:18:57:46 +0900] "GET /index.jsp HTTP/1.1" 302 -
38.99.62.91 - - [10/Feb/2020:18:57:54 +0900] "GET /home/news/news/view.do?page=&num=1 HTTP/1.1" 200 8971
38.99.62.91 - - [10/Feb/2020:18:58:34 +0900] "GET /home/news/news/view.do?num=2 HTTP/1.1" 200 6974
38.99.62.91 - - [10/Feb/2020:18:59:15 +0900] "GET /home/en/meetourpartners/all.do HTTP/1.1" 200 95227
38.99.62.91 - - [10/Feb/2020:18:59:55 +0900] "GET /home/watwedo/philosophy.do HTTP/1.1" 200 7162
223.38.30.238 - - [10/Feb/2020:19:00:23 +0900] "GET /home/whoweare/korea.do HTTP/1.1" 302 -
223.38.30.238 - - [10/Feb/2020:19:00:23 +0900] "GET /home/whoweare/korea.do HTTP/1.1" 200 44336
34.199.176.251 - - [10/Feb/2020:19:02:42 +0900] "GET /home/news/news/view.do?num=1 HTTP/1.1" 200 8971
34.199.176.251 - - [10/Feb/2020:19:02:43 +0900] "GET /home/news/news/view.do HTTP/1.1" 500 3570
66.249.66.18 - - [10/Feb/2020:19:05:29 +0900] "GET /error/kr/error.jsp HTTP/1.1" 500 3570
66.249.66.222 - - [10/Feb/2020:19:08:34 +0900] "GET /error/kr/error.jsp HTTP/1.1" 500 3762
66.249.66.18 - - [10/Feb/2020:19:15:44 +0900] "GET /error/kr/error.jsp HTTP/1.1" 500 3570
193.111.62.163 - - [10/Feb/2020:19:23:03 +0900] "GET /home/news/news/list.do HTTP/1.1" 200 7091
66.249.66.220 - - [10/Feb/2020:19:25:50 +0900] "GET /error/kr/error.jsp HTTP/1.1" 500 3762
66.249.66.218 - - [10/Feb/2020:19:29:05 +0900] "GET /error/kr/error.jsp HTTP/1.1" 500 3762
175.203.75.132 - - [10/Feb/2020:19:31:36 +0900] "GET /index.jsp HTTP/1.1" 302 -
175.203.75.132 - - [10/Feb/2020:19:31:36 +0900] "GET /home/en/main/main.do HTTP/1.1" 200 11080
94.158.36.183 - - [10/Feb/2020:19:32:57 +0900] "GET /error/kr/error.jsp HTTP/1.1" 500 3570
94.158.36.183 - - [10/Feb/2020:19:32:59 +0900] "GET /error/kr/error.jsp HTTP/1.1" 500 3570
207.46.13.34 - - [10/Feb/2020:19:34:01 +0900] "GET /error/kr/error.jsp HTTP/1.1" 500 3570
40.77.167.119 - - [10/Feb/2020:19:35:38 +0900] "GET /error/kr/error.jsp HTTP/1.1" 500 3570
66.249.66.218 - - [10/Feb/2020:19:35:51 +0900] "GET /error/kr/error.jsp HTTP/1.1" 500 3762
157.55.39.165 - - [10/Feb/2020:19:37:40 +0900] "GET /error/kr/error.jsp HTTP/1.1" 500 3570
66.249.66.218 - - [10/Feb/2020:19:45:37 +0900] "GET /error/kr/error.jsp HTTP/1.1" 500 3762
223.62.8.40 - - [10/Feb/2020:19:46:04 +0900] "GET /home/main/main.do HTTP/1.1" 200 8898
223.62.8.40 - - [10/Feb/2020:19:46:09 +0900] "GET /error/kr/error.jsp HTTP/1.1" 500 3762
223.62.8.40 - - [10/Feb/2020:19:46:48 +0900] "GET /home/whoweare/korea.do HTTP/1.1" 200 44336
66.249.66.218 - - [10/Feb/2020:19:48:55 +0900] "GET /error/kr/error.jsp HTTP/1.1" 500 3762
115.94.193.86 - - [10/Feb/2020:19:52:44 +0900] "GET /index.jsp HTTP/1.1" 302 -
115.94.193.86 - - [10/Feb/2020:19:52:44 +0900] "GET /home/main/main.do HTTP/1.1" 200 12222
115.94.193.86 - - [10/Feb/2020:19:52:58 +0900] "GET /home/meetourpartners/all.do HTTP/1.1" 200 101569
223.62.8.40 - - [10/Feb/2020:19:53:00 +0900] "GET /home/meetourpartners/all.do HTTP/1.1" 200 105128
115.94.193.86 - - [10/Feb/2020:19:53:06 +0900] "GET /home/whoweare/korea.do HTTP/1.1" 200 30366
66.249.66.218 - - [10/Feb/2020:19:55:40 +0900] "GET /error/kr/error.jsp HTTP/1.1" 500 3762
115.94.193.86 - - [10/Feb/2020:19:57:33 +0900] "GET /home/contact/contact.do HTTP/1.1" 200 5224
23.100.232.233 - - [10/Feb/2020:19:59:40 +0900] "GET /home/en/about/about.do HTTP/1.1" 200 14811
207.46.13.34 - - [10/Feb/2020:20:00:37 +0900] "GET /error/kr/error.jsp HTTP/1.1" 500 3570
66.249.66.218 - - [10/Feb/2020:20:05:35 +0900] "GET /error/kr/error.jsp HTTP/1.1" 500 3762
2.50.153.190 - - [10/Feb/2020:20:06:49 +0900] "GET /home/en/whoweare/china.do HTTP/1.1" 200 11458
207.46.13.34 - - [10/Feb/2020:20:07:23 +0900] "GET /error/kr/error.jsp HTTP/1.1" 500 3570
66.249.66.20 - - [10/Feb/2020:20:15:25 +0900] "GET /error/kr/error.jsp HTTP/1.1" 500 3570
23.100.232.233 - - [10/Feb/2020:20:18:06 +0900] "GET /home/en/watwedo/history.do HTTP/1.1" 200 10541
66.249.66.218 - - [10/Feb/2020:20:19:04 +0900] "GET /error/kr/error.jsp HTTP/1.1" 500 3762
221.161.87.2 - - [10/Feb/2020:20:20:42 +0900] "GET /index.jsp HTTP/1.1" 302 -
221.161.87.2 - - [10/Feb/2020:20:20:42 +0900] "GET /home/en/main/main.do HTTP/1.1" 200 11080
221.161.87.2 - - [10/Feb/2020:20:20:47 +0900] "GET /home/en/watwedo/overview.do HTTP/1.1" 200 6156
138.94.136.57 - - [10/Feb/2020:20:20:49 +0900] "GET /index.jsp HTTP/1.1" 302 -
221.161.87.2 - - [10/Feb/2020:20:20:59 +0900] "GET /home/en/watwedo/history.do HTTP/1.1" 200 10541
221.161.87.2 - - [10/Feb/2020:20:21:06 +0900] "GET /home/en/whoweare/korea.do HTTP/1.1" 200 30344
221.161.87.2 - - [10/Feb/2020:20:21:30 +0900] "GET /home/en/whoweare/korea.do HTTP/1.1" 200 30344
221.161.87.2 - - [10/Feb/2020:20:21:33 +0900] "GET /home/en/whoweare/china.do HTTP/1.1" 200 10353
221.161.87.2 - - [10/Feb/2020:20:21:49 +0900] "GET /home/en/main/main.do HTTP/1.1" 200 11080
157.55.39.165 - - [10/Feb/2020:20:23:56 +0900] "GET /error/kr/error.jsp HTTP/1.1" 500 3570
207.46.13.34 - - [10/Feb/2020:20:24:01 +0900] "GET /home/news/news/view.do?page=1&num=2 HTTP/1.1" 200 6977
193.111.62.163 - - [10/Feb/2020:20:26:28 +0900] "GET /home/news/news/list.do HTTP/1.1" 200 7091
66.249.66.220 - - [10/Feb/2020:20:29:05 +0900] "GET /error/kr/error.jsp HTTP/1.1" 500 3762
51.15.191.180 - - [10/Feb/2020:20:33:25 +0900] "GET /home/en/whoweare/china.do HTTP/1.1" 200 10353
51.15.191.180 - - [10/Feb/2020:20:33:48 +0900] "GET /home/news/news/list.do?page= HTTP/1.1" 200 7091
51.15.191.180 - - [10/Feb/2020:20:34:11 +0900] "GET /error/kr/error.jsp HTTP/1.1" 500 3570
51.15.191.180 - - [10/Feb/2020:20:34:35 +0900] "GET /home/en/watwedo/history.do HTTP/1.1" 200 10541
51.15.191.180 - - [10/Feb/2020:20:34:58 +0900] "GET /home/news/news/view.do?page=&num=2 HTTP/1.1" 200 6974
51.15.191.180 - - [10/Feb/2020:20:35:22 +0900] "GET /home/news/news/view.do?page=&num=1 HTTP/1.1" 200 8971
51.15.191.180 - - [10/Feb/2020:20:35:45 +0900] "GET /home/news/news/view.do?page=&num=3 HTTP/1.1" 200 5573
66.249.66.218 - - [10/Feb/2020:20:35:54 +0900] "GET /error/kr/error.jsp HTTP/1.1" 500 3762
51.15.191.180 - - [10/Feb/2020:20:36:08 +0900] "GET /home/news/news/view.do?page=&num=4 HTTP/1.1" 200 9120
51.15.191.180 - - [10/Feb/2020:20:36:31 +0900] "GET /home/news/news/view.do?page=2&num=17 HTTP/1.1" 200 5761
51.15.191.180 - - [10/Feb/2020:20:36:54 +0900] "GET /home/news/news/view.do?page=2&num=13 HTTP/1.1" 200 9159
51.15.191.180 - - [10/Feb/2020:20:37:17 +0900] "GET /home/news/news/view.do?page=2&num=12 HTTP/1.1" 200 9083
51.15.191.180 - - [10/Feb/2020:20:37:40 +0900] "GET /home/news/news/view.do?page=2&num=11 HTTP/1.1" 200 5548
51.15.191.180 - - [10/Feb/2020:20:38:06 +0900] "GET /home/news/news/view.do?page=2&num=14 HTTP/1.1" 200 6736
51.15.191.180 - - [10/Feb/2020:20:38:29 +0900] "GET /home/news/news/view.do?page=2&num=19 HTTP/1.1" 200 6164
51.15.191.180 - - [10/Feb/2020:20:38:52 +0900] "GET /home/en/meetourpartners/domestic.do HTTP/1.1" 200 69240
66.249.66.218 - - [10/Feb/2020:20:39:07 +0900] "GET /error/kr/error.jsp HTTP/1.1" 500 3762
50.235.247.114 - - [10/Feb/2020:20:40:40 +0900] "GET /index.jsp HTTP/1.1" 302 -
132.145.39.26 - - [10/Feb/2020:20:41:52 +0900] "GET /error/kr/error.jsp HTTP/1.1" 500 3570
222.122.190.124 - - [10/Feb/2020:20:45:04 +0900] "GET /index.jsp HTTP/1.1" 302 -
222.122.190.124 - - [10/Feb/2020:20:45:04 +0900] "GET /home/main/main.do HTTP/1.1" 200 12222
222.122.190.124 - - [10/Feb/2020:20:45:04 +0900] "GET /index.jsp HTTP/1.1" 302 -
222.122.190.124 - - [10/Feb/2020:20:45:04 +0900] "GET /home/main/main.do HTTP/1.1" 200 12222
222.122.190.124 - - [10/Feb/2020:20:45:04 +0900] "GET /error/kr/error.jsp HTTP/1.1" 500 3570
66.249.66.20 - - [10/Feb/2020:20:46:00 +0900] "GET /error/kr/error.jsp HTTP/1.1" 500 3570
66.249.66.218 - - [10/Feb/2020:20:48:55 +0900] "GET /error/kr/error.jsp HTTP/1.1" 500 3762
207.46.13.231 - - [10/Feb/2020:20:50:36 +0900] "GET /error/kr/error.jsp HTTP/1.1" 500 3570
157.55.39.23 - - [10/Feb/2020:20:50:58 +0900] "GET /error/kr/error.jsp HTTP/1.1" 500 3570
157.55.39.165 - - [10/Feb/2020:20:51:01 +0900] "GET /error/kr/error.jsp HTTP/1.1" 500 3570
119.207.72.114 - - [10/Feb/2020:20:55:17 +0900] "GET /home/whoweare/korea.do HTTP/1.1" 200 30366
119.207.72.72 - - [10/Feb/2020:20:55:33 +0900] "GET /home/watwedo/overview.do HTTP/1.1" 200 6147
66.249.66.218 - - [10/Feb/2020:20:56:00 +0900] "GET /error/kr/error.jsp HTTP/1.1" 500 3762
23.100.232.233 - - [10/Feb/2020:21:00:05 +0900] "GET /home/en/watwedo/history.do HTTP/1.1" 200 10541
101.21.147.179 - - [10/Feb/2020:21:01:57 +0900] "GET /error/kr/error.jsp HTTP/1.1" 500 3570
77.75.78.165 - - [10/Feb/2020:21:05:45 +0900] "GET /error/kr/error.jsp HTTP/1.1" 500 3570
66.249.66.218 - - [10/Feb/2020:21:05:58 +0900] "GET /error/kr/error.jsp HTTP/1.1" 500 3762
142.93.73.213 - - [10/Feb/2020:21:08:40 +0900] "GET /index.jsp HTTP/1.1" 302 -
142.93.73.213 - - [10/Feb/2020:21:08:42 +0900] "GET /home/main/main.do HTTP/1.1" 200 12222
142.93.73.213 - - [10/Feb/2020:21:08:58 +0900] "GET /error/kr/error.jsp HTTP/1.1" 500 3570
142.93.73.213 - - [10/Feb/2020:21:09:11 +0900] "GET /home/watwedo/overview.do HTTP/1.1" 200 6147
142.93.73.213 - - [10/Feb/2020:21:09:11 +0900] "GET /home/en/main/main.do HTTP/1.1" 200 11080
142.93.73.213 - - [10/Feb/2020:21:09:11 +0900] "GET /home/meetourpartners/all.do HTTP/1.1" 200 101569
142.93.73.213 - - [10/Feb/2020:21:09:11 +0900] "GET /home/whoweare/korea.do HTTP/1.1" 200 30366
142.93.73.213 - - [10/Feb/2020:21:09:13 +0900] "GET /home/news/news/list.do HTTP/1.1" 200 7091
142.93.73.213 - - [10/Feb/2020:21:09:13 +0900] "GET /home/contact/contact.do HTTP/1.1" 200 5224
142.93.73.213 - - [10/Feb/2020:21:09:13 +0900] "GET /home/about/about.do HTTP/1.1" 200 14216
142.93.73.213 - - [10/Feb/2020:21:09:14 +0900] "GET /home/news/news/view.do?num=2 HTTP/1.1" 200 6974
142.93.73.213 - - [10/Feb/2020:21:09:14 +0900] "GET /home/news/news/view.do?num=1 HTTP/1.1" 200 8971
142.93.73.213 - - [10/Feb/2020:21:09:15 +0900] "GET /home/news/news/view.do?num=3 HTTP/1.1" 200 5573
142.93.73.213 - - [10/Feb/2020:21:09:15 +0900] "GET /home/watwedo/philosophy.do HTTP/1.1" 200 7162
66.249.66.218 - - [10/Feb/2020:21:18:56 +0900] "GET /error/kr/error.jsp HTTP/1.1" 500 3762
193.111.62.163 - - [10/Feb/2020:21:21:31 +0900] "GET /home/news/news/list.do HTTP/1.1" 200 7091
113.77.208.141 - - [10/Feb/2020:21:27:25 +0900] "GET /error/kr/error.jsp HTTP/1.1" 500 3570
66.249.66.218 - - [10/Feb/2020:21:28:47 +0900] "GET /error/kr/error.jsp HTTP/1.1" 500 3762
66.249.66.218 - - [10/Feb/2020:21:38:38 +0900] "GET /error/kr/error.jsp HTTP/1.1" 500 3762
23.100.232.233 - - [10/Feb/2020:21:47:38 +0900] "GET /home/en/watwedo/history.do HTTP/1.1" 200 10541
66.249.66.218 - - [10/Feb/2020:21:48:32 +0900] "GET /error/kr/error.jsp HTTP/1.1" 500 3762
207.46.13.34 - - [10/Feb/2020:21:50:55 +0900] "GET /error/kr/error.jsp HTTP/1.1" 500 3570
194.78.102.66 - - [10/Feb/2020:21:53:52 +0900] "GET /index.jsp HTTP/1.1" 302 -
194.78.102.66 - - [10/Feb/2020:21:53:52 +0900] "GET /home/en/main/main.do HTTP/1.1" 200 11080
194.78.102.66 - - [10/Feb/2020:21:54:09 +0900] "GET /home/en/whoweare/korea.do HTTP/1.1" 200 30344
194.78.102.66 - - [10/Feb/2020:21:54:27 +0900] "GET /home/en/whoweare/china.do HTTP/1.1" 200 10353
194.78.102.66 - - [10/Feb/2020:21:54:45 +0900] "GET /home/en/whoweare/korea.do HTTP/1.1" 200 30344
194.78.102.66 - - [10/Feb/2020:21:54:47 +0900] "GET /home/en/watwedo/overview.do HTTP/1.1" 200 6156
194.78.102.66 - - [10/Feb/2020:21:54:55 +0900] "GET /home/en/watwedo/history.do HTTP/1.1" 200 10541
194.78.102.66 - - [10/Feb/2020:21:55:04 +0900] "GET /home/en/meetourpartners/all.do HTTP/1.1" 200 95227
194.78.102.66 - - [10/Feb/2020:21:55:29 +0900] "GET /home/en/meetourpartners/overseas.do HTTP/1.1" 200 31428
66.249.66.218 - - [10/Feb/2020:21:56:17 +0900] "GET /error/kr/error.jsp HTTP/1.1" 500 3762
38.99.62.91 - - [10/Feb/2020:22:05:17 +0900] "GET /home/meetourpartners/all.do HTTP/1.1" 200 101569
38.99.62.91 - - [10/Feb/2020:22:05:58 +0900] "GET /home/meetourpartners/all.do HTTP/1.1" 200 101569
66.249.66.218 - - [10/Feb/2020:22:06:28 +0900] "GET /error/kr/error.jsp HTTP/1.1" 500 3762
38.99.62.91 - - [10/Feb/2020:22:06:38 +0900] "GET /home/watwedo/philosophy.do HTTP/1.1" 200 7162
38.99.62.91 - - [10/Feb/2020:22:07:03 +0900] "GET /home/en/watwedo/overview.do HTTP/1.1" 200 6156
38.99.62.91 - - [10/Feb/2020:22:07:29 +0900] "GET /home/en/about/about.do HTTP/1.1" 200 14811
139.162.106.181 - - [10/Feb/2020:22:07:32 +0900] "GET /index.jsp HTTP/1.1" 302 -
38.99.62.91 - - [10/Feb/2020:22:07:54 +0900] "GET /error/kr/error.jsp HTTP/1.1" 500 3570
38.99.62.91 - - [10/Feb/2020:22:08:37 +0900] "GET /home/en/watwedo/history.do HTTP/1.1" 200 10541
38.99.62.91 - - [10/Feb/2020:22:09:16 +0900] "GET /home/en/watwedo/overview.do HTTP/1.1" 200 6156
38.99.62.91 - - [10/Feb/2020:22:09:42 +0900] "GET /home/en/whoweare/korea.do HTTP/1.1" 200 30344
38.99.62.91 - - [10/Feb/2020:22:10:23 +0900] "GET /home/en/whoweare/china.do HTTP/1.1" 200 10353
34.199.176.251 - - [10/Feb/2020:22:10:34 +0900] "GET /home/news/news/view.do?num=3 HTTP/1.1" 200 5573
34.199.176.251 - - [10/Feb/2020:22:10:35 +0900] "GET /home/news/news/view.do HTTP/1.1" 500 3570
38.99.62.91 - - [10/Feb/2020:22:10:48 +0900] "GET /home/en/whoweare/korea.do HTTP/1.1" 200 30344
34.199.176.251 - - [10/Feb/2020:22:10:54 +0900] "GET /home/news/news/view.do?num=3 HTTP/1.1" 200 5573
34.199.176.251 - - [10/Feb/2020:22:10:55 +0900] "GET /home/news/news/view.do HTTP/1.1" 500 3570
38.99.62.91 - - [10/Feb/2020:22:11:28 +0900] "GET /home/en/contact/contact.do HTTP/1.1" 200 5187
38.99.62.91 - - [10/Feb/2020:22:12:50 +0900] "GET /home/en/about/about.do HTTP/1.1" 200 14811
38.99.62.91 - - [10/Feb/2020:22:13:15 +0900] "GET /home/meetourpartners/all.do HTTP/1.1" 200 101569
38.99.62.91 - - [10/Feb/2020:22:13:55 +0900] "GET /home/en/about/about.do HTTP/1.1" 200 14811
35.166.34.23 - - [10/Feb/2020:22:14:01 +0900] "GET /index.jsp HTTP/1.1" 302 -
38.99.62.91 - - [10/Feb/2020:22:14:34 +0900] "GET /home/en/watwedo/philosophy.do HTTP/1.1" 200 7112
38.99.62.91 - - [10/Feb/2020:22:15:53 +0900] "GET /home/watwedo/history.do HTTP/1.1" 200 10614
34.199.176.251 - - [10/Feb/2020:22:16:19 +0900] "GET /index.jsp HTTP/1.1" 302 -
34.199.176.251 - - [10/Feb/2020:22:16:20 +0900] "GET /home/main/main.do HTTP/1.1" 200 12222
34.199.176.251 - - [10/Feb/2020:22:16:31 +0900] "GET /index.jsp HTTP/1.1" 302 -
34.199.176.251 - - [10/Feb/2020:22:16:31 +0900] "GET /home/main/main.do HTTP/1.1" 200 12222
66.249.66.22 - - [10/Feb/2020:22:17:04 +0900] "GET /error/kr/error.jsp HTTP/1.1" 500 3570
38.99.62.91 - - [10/Feb/2020:22:17:13 +0900] "GET /home/main/main.do HTTP/1.1" 200 12222
45.33.66.85 - - [10/Feb/2020:22:17:20 +0900] "GET /error/kr/error.jsp HTTP/1.1" 500 3570
38.99.62.91 - - [10/Feb/2020:22:18:11 +0900] "GET /home/meetourpartners/all.do HTTP/1.1" 200 101569
66.249.66.218 - - [10/Feb/2020:22:18:37 +0900] "GET /error/kr/error.jsp HTTP/1.1" 500 3762
38.99.62.91 - - [10/Feb/2020:22:18:51 +0900] "GET /home/main/main.do HTTP/1.1" 200 12222
38.99.62.91 - - [10/Feb/2020:22:19:16 +0900] "GET /home/meetourpartners/all.do HTTP/1.1" 200 101569
38.99.62.91 - - [10/Feb/2020:22:19:42 +0900] "GET /home/en/main/main.do HTTP/1.1" 200 11080
38.99.62.91 - - [10/Feb/2020:22:20:22 +0900] "GET /home/watwedo/overview.do HTTP/1.1" 200 6147
38.99.62.91 - - [10/Feb/2020:22:21:04 +0900] "GET /home/whoweare/korea.do HTTP/1.1" 200 30366
38.99.62.91 - - [10/Feb/2020:22:21:44 +0900] "GET /home/meetourpartners/all.do HTTP/1.1" 200 101569
38.99.62.91 - - [10/Feb/2020:22:22:24 +0900] "GET /home/meetourpartners/domestic.do HTTP/1.1" 200 73451
38.99.62.91 - - [10/Feb/2020:22:23:04 +0900] "GET /home/meetourpartners/overseas.do HTTP/1.1" 200 32620
38.99.62.91 - - [10/Feb/2020:22:24:48 +0900] "GET /home/en/meetourpartners/all.do HTTP/1.1" 200 95227
38.99.62.91 - - [10/Feb/2020:22:25:28 +0900] "GET /home/meetourpartners/overseas.do HTTP/1.1" 200 32620
66.249.66.18 - - [10/Feb/2020:22:26:51 +0900] "GET /error/kr/error.jsp HTTP/1.1" 500 3570
66.249.66.218 - - [10/Feb/2020:22:28:34 +0900] "GET /error/kr/error.jsp HTTP/1.1" 500 3762
38.99.62.91 - - [10/Feb/2020:22:29:04 +0900] "GET /home/meetourpartners/all.do HTTP/1.1" 200 101569
38.99.62.91 - - [10/Feb/2020:22:30:15 +0900] "GET /home/meetourpartners/all.do HTTP/1.1" 200 101569
193.111.62.163 - - [10/Feb/2020:22:30:37 +0900] "GET /home/news/news/list.do HTTP/1.1" 200 7091
38.99.62.91 - - [10/Feb/2020:22:31:02 +0900] "GET /home/meetourpartners/overseas.do HTTP/1.1" 200 32620
23.100.232.233 - - [10/Feb/2020:22:31:10 +0900] "GET /home/en/watwedo/history.do HTTP/1.1" 200 10541
38.99.62.91 - - [10/Feb/2020:22:32:51 +0900] "GET /home/meetourpartners/all.do HTTP/1.1" 200 101569
38.99.62.91 - - [10/Feb/2020:22:33:31 +0900] "GET /home/meetourpartners/overseas.do HTTP/1.1" 200 32620
66.249.66.18 - - [10/Feb/2020:22:36:43 +0900] "GET /error/kr/error.jsp HTTP/1.1" 500 3570
66.249.66.218 - - [10/Feb/2020:22:38:32 +0900] "GET /error/kr/error.jsp HTTP/1.1" 500 3762
38.99.62.91 - - [10/Feb/2020:22:45:06 +0900] "GET /home/en/meetourpartners/all.do HTTP/1.1" 200 95227
38.99.62.91 - - [10/Feb/2020:22:45:47 +0900] "GET /home/meetourpartners/overseas.do HTTP/1.1" 200 32620
66.249.66.18 - - [10/Feb/2020:22:46:59 +0900] "GET /error/kr/error.jsp HTTP/1.1" 500 3570
38.99.62.91 - - [10/Feb/2020:22:47:07 +0900] "GET /home/meetourpartners/all.do HTTP/1.1" 200 101569
38.99.62.91 - - [10/Feb/2020:22:47:47 +0900] "GET /home/en/meetourpartners/all.do HTTP/1.1" 200 95227
38.99.62.91 - - [10/Feb/2020:22:48:30 +0900] "GET /home/meetourpartners/all.do HTTP/1.1" 200 101569
38.99.62.91 - - [10/Feb/2020:22:50:57 +0900] "GET /home/en/meetourpartners/all.do HTTP/1.1" 200 95227
38.99.62.91 - - [10/Feb/2020:22:51:42 +0900] "GET /home/meetourpartners/all.do HTTP/1.1" 200 101569
38.99.62.91 - - [10/Feb/2020:22:53:41 +0900] "GET /home/en/meetourpartners/all.do HTTP/1.1" 200 95227
38.99.62.91 - - [10/Feb/2020:22:54:21 +0900] "GET /home/meetourpartners/all.do HTTP/1.1" 200 101569
38.99.62.91 - - [10/Feb/2020:22:55:01 +0900] "GET /home/meetourpartners/all.do HTTP/1.1" 200 101569
40.77.167.119 - - [10/Feb/2020:22:55:26 +0900] "GET /error/kr/error.jsp HTTP/1.1" 500 3570
38.99.62.91 - - [10/Feb/2020:22:55:41 +0900] "GET /home/en/meetourpartners/all.do HTTP/1.1" 200 95227
101.132.129.91 - - [10/Feb/2020:22:56:16 +0900] "GET /error/kr/error.jsp HTTP/1.1" 500 3570
38.99.62.91 - - [10/Feb/2020:22:56:21 +0900] "GET /home/meetourpartners/all.do HTTP/1.1" 200 101569
207.46.13.231 - - [10/Feb/2020:22:56:45 +0900] "GET /error/kr/error.jsp HTTP/1.1" 500 3570
38.99.62.91 - - [10/Feb/2020:22:57:00 +0900] "GET /home/meetourpartners/all.do HTTP/1.1" 200 101569
66.249.66.18 - - [10/Feb/2020:22:57:03 +0900] "GET /error/kr/error.jsp HTTP/1.1" 500 3570
125.160.115.173 - - [10/Feb/2020:23:00:43 +0900] "GET /index.jsp HTTP/1.1" 302 -
38.99.62.91 - - [10/Feb/2020:23:02:27 +0900] "GET /home/meetourpartners/all.do HTTP/1.1" 200 101569
103.82.235.2 - - [10/Feb/2020:23:03:02 +0900] "GET /error/kr/error.jsp HTTP/1.1" 500 3570
38.99.62.91 - - [10/Feb/2020:23:03:08 +0900] "GET /home/meetourpartners/all.do HTTP/1.1" 200 101569
38.99.62.91 - - [10/Feb/2020:23:03:47 +0900] "GET /home/en/meetourpartners/all.do HTTP/1.1" 200 95227
38.99.62.91 - - [10/Feb/2020:23:04:27 +0900] "GET /home/en/meetourpartners/all.do HTTP/1.1" 200 95227
38.99.62.91 - - [10/Feb/2020:23:05:08 +0900] "GET /home/meetourpartners/all.do HTTP/1.1" 200 101569
66.249.66.18 - - [10/Feb/2020:23:07:17 +0900] "GET /error/kr/error.jsp HTTP/1.1" 500 3570
125.128.223.199 - - [10/Feb/2020:23:08:17 +0900] "GET /error/kr/error.jsp HTTP/1.0" 500 3570
182.141.163.207 - - [10/Feb/2020:23:14:11 +0900] "GET /index.jsp HTTP/1.1" 302 -
182.141.163.207 - - [10/Feb/2020:23:14:11 +0900] "GET /home/en/main/main.do HTTP/1.1" 200 11080
157.55.39.165 - - [10/Feb/2020:23:15:13 +0900] "GET /error/kr/error.jsp HTTP/1.1" 500 3570
180.64.181.226 - - [10/Feb/2020:23:17:42 +0900] "GET /index.jsp HTTP/1.1" 302 -
180.64.181.226 - - [10/Feb/2020:23:17:42 +0900] "GET /home/main/main.do HTTP/1.1" 200 12222
180.64.181.226 - - [10/Feb/2020:23:18:12 +0900] "GET /home/meetourpartners/all.do HTTP/1.1" 200 101569
180.64.181.226 - - [10/Feb/2020:23:18:36 +0900] "GET /home/meetourpartners/domestic.do HTTP/1.1" 200 73451
157.55.39.23 - - [10/Feb/2020:23:18:39 +0900] "GET /error/kr/error.jsp HTTP/1.1" 500 3762
180.64.181.226 - - [10/Feb/2020:23:18:50 +0900] "GET /home/meetourpartners/domestic.do HTTP/1.1" 200 73451
180.64.181.226 - - [10/Feb/2020:23:19:10 +0900] "GET /home/meetourpartners/domestic.do HTTP/1.1" 200 73451
157.55.39.23 - - [10/Feb/2020:23:20:04 +0900] "GET /error/kr/error.jsp HTTP/1.1" 500 3570
207.46.13.34 - - [10/Feb/2020:23:20:36 +0900] "GET /home/en/whoweare/china.do HTTP/1.1" 200 11458
157.55.39.165 - - [10/Feb/2020:23:21:16 +0900] "GET /index.jsp HTTP/1.1" 302 -
191.100.8.200 - - [10/Feb/2020:23:23:03 +0900] "GET /index.jsp HTTP/1.1" 302 -
51.15.191.180 - - [10/Feb/2020:23:24:15 +0900] "GET /home/news/news/view.do?page=1&num=11 HTTP/1.1" 200 5548
51.15.191.180 - - [10/Feb/2020:23:24:36 +0900] "GET /home/news/news/view.do?page=2&num=15 HTTP/1.1" 200 9181
51.15.191.180 - - [10/Feb/2020:23:24:57 +0900] "GET /home/news/news/view.do?page=2&num=16 HTTP/1.1" 200 5666
51.15.191.180 - - [10/Feb/2020:23:25:18 +0900] "GET /home/news/news/view.do?page=2&num=18 HTTP/1.1" 200 9137
51.15.191.180 - - [10/Feb/2020:23:25:39 +0900] "GET /home/en/meetourpartners/overseas.do HTTP/1.1" 200 31428
119.207.72.77 - - [10/Feb/2020:23:27:03 +0900] "GET /home/main/main.do HTTP/1.1" 200 12222
119.207.72.108 - - [10/Feb/2020:23:27:04 +0900] "GET /home/main/main.do HTTP/1.1" 200 12222
193.111.62.163 - - [10/Feb/2020:23:27:04 +0900] "GET /home/news/news/list.do HTTP/1.1" 200 7091
77.75.78.164 - - [10/Feb/2020:23:33:24 +0900] "GET /error/kr/error.jsp HTTP/1.1" 500 3570
61.105.126.134 - - [10/Feb/2020:23:35:37 +0900] "GET /index.jsp HTTP/1.1" 302 -
61.105.126.134 - - [10/Feb/2020:23:35:37 +0900] "GET /home/main/main.do HTTP/1.1" 302 -
61.105.126.134 - - [10/Feb/2020:23:35:37 +0900] "GET /home/main/main.do HTTP/1.1" 200 8898
61.105.126.134 - - [10/Feb/2020:23:35:37 +0900] "GET /error/kr/error.jsp HTTP/1.1" 500 3762
61.105.126.134 - - [10/Feb/2020:23:35:54 +0900] "GET /home/meetourpartners/all.do HTTP/1.1" 200 105128
61.105.126.134 - - [10/Feb/2020:23:36:04 +0900] "GET /home/about/about.do HTTP/1.1" 200 15329
61.105.126.134 - - [10/Feb/2020:23:36:04 +0900] "GET /error/kr/error.jsp HTTP/1.1" 500 3762
61.105.126.134 - - [10/Feb/2020:23:36:06 +0900] "GET /home/meetourpartners/all.do HTTP/1.1" 200 105128
207.46.13.231 - - [10/Feb/2020:23:38:21 +0900] "GET /home/watwedo/philosophy.do HTTP/1.1" 200 7162
207.46.13.34 - - [10/Feb/2020:23:41:15 +0900] "GET /error/kr/error.jsp HTTP/1.1" 500 3570
121.254.147.237 - - [10/Feb/2020:23:43:42 +0900] "GET /index.jsp HTTP/1.1" 302 -
121.254.147.237 - - [10/Feb/2020:23:43:42 +0900] "GET /home/en/main/main.do HTTP/1.1" 200 11080
