66.249.73.84 - - [25/Jan/2020:00:00:16 +0900] "GET /error/kr/error.jsp HTTP/1.1" 500 3570
157.55.39.160 - - [25/Jan/2020:00:02:46 +0900] "GET /error/kr/error.jsp HTTP/1.1" 500 3570
103.131.71.41 - - [25/Jan/2020:00:08:44 +0900] "GET /error/kr/error.jsp HTTP/1.1" 500 3570
103.131.71.42 - - [25/Jan/2020:00:08:46 +0900] "GET /error/kr/error.jsp HTTP/1.1" 500 3762
103.131.71.44 - - [25/Jan/2020:00:08:58 +0900] "GET /error/kr/error.jsp HTTP/1.1" 500 3570
193.111.62.163 - - [25/Jan/2020:00:16:57 +0900] "GET /home/news/news/list.do HTTP/1.1" 200 7091
66.249.73.84 - - [25/Jan/2020:00:20:13 +0900] "GET /error/kr/error.jsp HTTP/1.1" 500 3570
194.6.231.247 - - [25/Jan/2020:00:26:44 +0900] "GET /error/kr/error.jsp HTTP/1.1" 500 3762
66.249.75.180 - - [25/Jan/2020:00:30:11 +0900] "GET /error/kr/error.jsp HTTP/1.1" 500 3570
66.249.75.178 - - [25/Jan/2020:00:38:56 +0900] "GET /error/kr/error.jsp HTTP/1.1" 500 3570
222.231.30.115 - - [25/Jan/2020:00:42:05 +0900] "GET /index.jsp HTTP/1.1" 302 -
222.231.30.115 - - [25/Jan/2020:00:42:05 +0900] "GET /home/main/main.do HTTP/1.1" 200 12222
222.231.30.115 - - [25/Jan/2020:00:42:06 +0900] "GET /home/main/main.do HTTP/1.1" 200 12222
222.231.30.115 - - [25/Jan/2020:00:42:07 +0900] "GET /home/main/main.do HTTP/1.1" 200 12222
66.249.75.178 - - [25/Jan/2020:00:49:51 +0900] "GET /error/kr/error.jsp HTTP/1.1" 500 3570
66.249.75.220 - - [25/Jan/2020:01:10:15 +0900] "GET /error/kr/error.jsp HTTP/1.1" 500 3762
34.199.176.251 - - [25/Jan/2020:01:13:49 +0900] "GET /home/news/news/view.do?num=1 HTTP/1.1" 200 8971
34.199.176.251 - - [25/Jan/2020:01:13:49 +0900] "GET /home/news/news/view.do HTTP/1.1" 500 3570
193.111.62.163 - - [25/Jan/2020:01:23:30 +0900] "GET /home/news/news/list.do HTTP/1.1" 200 7091
119.207.72.78 - - [25/Jan/2020:01:28:08 +0900] "GET /home/watwedo/overview.do HTTP/1.1" 200 6147
119.207.72.73 - - [25/Jan/2020:01:28:11 +0900] "GET /home/watwedo/overview.do HTTP/1.1" 200 6147
123.125.71.25 - - [25/Jan/2020:01:30:17 +0900] "GET /home/en/main/main.do HTTP/1.1" 200 8279
123.125.71.89 - - [25/Jan/2020:01:30:17 +0900] "GET /error/kr/error.jsp HTTP/1.1" 500 3762
111.206.198.116 - - [25/Jan/2020:01:30:18 +0900] "GET /error/kr/error.jsp HTTP/1.1" 500 3762
111.206.221.90 - - [25/Jan/2020:01:30:19 +0900] "GET /error/kr/error.jsp HTTP/1.1" 500 3762
66.249.75.222 - - [25/Jan/2020:01:30:28 +0900] "GET /error/kr/error.jsp HTTP/1.1" 500 3762
125.209.235.178 - - [25/Jan/2020:01:31:21 +0900] "GET /error/kr/error.jsp HTTP/1.1" 500 3570
157.55.39.160 - - [25/Jan/2020:01:33:08 +0900] "GET /error/kr/error.jsp HTTP/1.1" 500 3570
222.112.13.114 - - [25/Jan/2020:01:39:17 +0900] "GET /index.jsp HTTP/1.1" 302 -
222.112.13.114 - - [25/Jan/2020:01:39:17 +0900] "GET /home/en/main/main.do HTTP/1.1" 200 11080
66.249.75.218 - - [25/Jan/2020:01:40:46 +0900] "GET /error/kr/error.jsp HTTP/1.1" 500 3762
66.249.75.218 - - [25/Jan/2020:01:50:41 +0900] "GET /error/kr/error.jsp HTTP/1.1" 500 3762
34.227.80.236 - - [25/Jan/2020:01:50:56 +0900] "GET /index.jsp HTTP/1.1" 302 -
34.227.80.236 - - [25/Jan/2020:01:50:57 +0900] "GET /home/main/main.do HTTP/1.1" 200 12222
34.227.80.236 - - [25/Jan/2020:01:50:57 +0900] "GET /home/main/main.do HTTP/1.1" 200 12222
34.227.80.236 - - [25/Jan/2020:01:50:58 +0900] "GET /home/main/main.do HTTP/1.1" 200 12222
136.25.20.66 - - [25/Jan/2020:01:54:30 +0900] "GET /index.jsp HTTP/1.1" 302 -
136.25.20.66 - - [25/Jan/2020:01:54:30 +0900] "GET /home/en/main/main.do HTTP/1.1" 200 11080
136.25.20.66 - - [25/Jan/2020:01:54:37 +0900] "GET /home/en/watwedo/overview.do HTTP/1.1" 200 6156
136.25.20.66 - - [25/Jan/2020:01:54:42 +0900] "GET /home/en/meetourpartners/all.do HTTP/1.1" 200 95227
136.25.20.66 - - [25/Jan/2020:01:54:50 +0900] "GET /home/en/watwedo/overview.do HTTP/1.1" 200 6156
136.25.20.66 - - [25/Jan/2020:01:54:58 +0900] "GET /home/en/main/main.do HTTP/1.1" 200 11080
66.249.75.218 - - [25/Jan/2020:02:00:52 +0900] "GET /error/kr/error.jsp HTTP/1.1" 500 3762
40.77.167.20 - - [25/Jan/2020:02:10:34 +0900] "GET /error/kr/error.jsp HTTP/1.1" 500 3570
66.249.75.218 - - [25/Jan/2020:02:10:54 +0900] "GET /error/kr/error.jsp HTTP/1.1" 500 3762
193.111.62.163 - - [25/Jan/2020:02:15:26 +0900] "GET /home/news/news/list.do HTTP/1.1" 200 7091
66.249.75.178 - - [25/Jan/2020:02:20:50 +0900] "GET /error/kr/error.jsp HTTP/1.1" 500 3570
66.249.75.218 - - [25/Jan/2020:02:20:51 +0900] "GET /error/kr/error.jsp HTTP/1.1" 500 3762
66.249.75.218 - - [25/Jan/2020:02:30:52 +0900] "GET /error/kr/error.jsp HTTP/1.1" 500 3762
34.199.176.251 - - [25/Jan/2020:02:32:35 +0900] "GET /home/news/news/view.do?num=3 HTTP/1.1" 200 5573
34.199.176.251 - - [25/Jan/2020:02:32:36 +0900] "GET /home/news/news/view.do HTTP/1.1" 500 3570
66.249.75.218 - - [25/Jan/2020:02:41:04 +0900] "GET /error/kr/error.jsp HTTP/1.1" 500 3762
157.55.39.23 - - [25/Jan/2020:02:44:50 +0900] "GET /error/kr/error.jsp HTTP/1.1" 500 3570
207.46.13.150 - - [25/Jan/2020:02:44:51 +0900] "GET /error/kr/error.jsp HTTP/1.1" 500 3570
66.249.75.218 - - [25/Jan/2020:02:51:23 +0900] "GET /error/kr/error.jsp HTTP/1.1" 500 3762
45.179.170.15 - - [25/Jan/2020:02:52:42 +0900] "GET /index.jsp HTTP/1.1" 302 -
66.249.75.180 - - [25/Jan/2020:03:01:31 +0900] "GET /error/kr/error.jsp HTTP/1.1" 500 3570
66.249.75.220 - - [25/Jan/2020:03:11:35 +0900] "GET /error/kr/error.jsp HTTP/1.1" 500 3762
35.239.180.4 - - [25/Jan/2020:03:11:45 +0900] "GET /error/kr/error.jsp HTTP/1.1" 500 3570
35.239.180.4 - - [25/Jan/2020:03:11:48 +0900] "GET /error/kr/error.jsp HTTP/1.1" 500 3570
35.239.180.4 - - [25/Jan/2020:03:11:52 +0900] "GET /index.jsp HTTP/1.1" 302 -
35.239.180.4 - - [25/Jan/2020:03:11:56 +0900] "GET /home/en/main/main.do HTTP/1.1" 200 11080
35.239.180.4 - - [25/Jan/2020:03:11:57 +0900] "GET /error/kr/error.jsp HTTP/1.1" 500 3570
35.239.180.4 - - [25/Jan/2020:03:11:57 +0900] "GET /error/kr/error.jsp HTTP/1.1" 500 3570
35.239.180.4 - - [25/Jan/2020:03:11:58 +0900] "GET /error/kr/error.jsp HTTP/1.1" 500 3570
35.239.180.4 - - [25/Jan/2020:03:12:00 +0900] "GET /error/kr/error.jsp HTTP/1.1" 500 3570
35.239.180.4 - - [25/Jan/2020:03:12:00 +0900] "GET /error/kr/error.jsp HTTP/1.1" 500 3570
35.239.180.4 - - [25/Jan/2020:03:12:01 +0900] "GET /error/kr/error.jsp HTTP/1.1" 500 3570
35.239.180.4 - - [25/Jan/2020:03:12:01 +0900] "GET /error/kr/error.jsp HTTP/1.1" 500 3570
35.239.180.4 - - [25/Jan/2020:03:12:01 +0900] "GET /error/kr/error.jsp HTTP/1.1" 500 3570
35.239.180.4 - - [25/Jan/2020:03:12:01 +0900] "GET /error/kr/error.jsp HTTP/1.1" 500 3570
35.239.180.4 - - [25/Jan/2020:03:12:03 +0900] "GET /home/en/about/about.do HTTP/1.1" 200 14811
35.239.180.4 - - [25/Jan/2020:03:12:04 +0900] "GET /home/main/main.do HTTP/1.1" 200 12222
35.239.180.4 - - [25/Jan/2020:03:12:04 +0900] "GET /home/en/main/main.do HTTP/1.1" 200 11080
35.239.180.4 - - [25/Jan/2020:03:12:05 +0900] "GET /error/kr/error.jsp HTTP/1.1" 500 3570
35.239.180.4 - - [25/Jan/2020:03:12:05 +0900] "GET /error/kr/error.jsp HTTP/1.1" 500 3570
35.239.180.4 - - [25/Jan/2020:03:12:06 +0900] "GET /home/en/whoweare/korea.do HTTP/1.1" 200 30344
35.239.180.4 - - [25/Jan/2020:03:12:06 +0900] "GET /error/kr/error.jsp HTTP/1.1" 500 3570
35.239.180.4 - - [25/Jan/2020:03:12:08 +0900] "GET /home/en/watwedo/philosophy.do HTTP/1.1" 200 7112
35.239.180.4 - - [25/Jan/2020:03:12:08 +0900] "GET /home/en/contact/contact.do HTTP/1.1" 200 5187
35.239.180.4 - - [25/Jan/2020:03:12:09 +0900] "GET /home/en/watwedo/overview.do HTTP/1.1" 200 6156
35.239.180.4 - - [25/Jan/2020:03:12:10 +0900] "GET /home/en/meetourpartners/all.do HTTP/1.1" 200 95227
51.68.120.183 - - [25/Jan/2020:03:12:58 +0900] "GET /index.jsp HTTP/1.0" 302 -
66.249.75.218 - - [25/Jan/2020:03:21:34 +0900] "GET /error/kr/error.jsp HTTP/1.1" 500 3762
193.111.62.163 - - [25/Jan/2020:03:21:55 +0900] "GET /home/news/news/list.do HTTP/1.1" 200 7091
40.77.167.20 - - [25/Jan/2020:03:24:04 +0900] "GET /home/contact/contact.do HTTP/1.1" 200 5224
157.55.39.160 - - [25/Jan/2020:03:24:11 +0900] "GET /error/kr/error.jsp HTTP/1.1" 500 3570
157.55.39.160 - - [25/Jan/2020:03:24:11 +0900] "GET /error/kr/error.jsp HTTP/1.1" 500 3570
119.207.72.77 - - [25/Jan/2020:03:27:06 +0900] "GET /home/about/about.do HTTP/1.1" 200 14216
125.209.235.182 - - [25/Jan/2020:03:31:21 +0900] "GET /error/kr/error.jsp HTTP/1.1" 500 3570
196.52.43.97 - - [25/Jan/2020:03:42:42 +0900] "GET /index.jsp HTTP/1.0" 302 -
66.249.75.182 - - [25/Jan/2020:03:46:29 +0900] "GET /error/kr/error.jsp HTTP/1.1" 500 3570
66.249.75.56 - - [25/Jan/2020:03:52:02 +0900] "GET /error/kr/error.jsp HTTP/1.1" 500 3570
45.33.66.85 - - [25/Jan/2020:03:57:17 +0900] "GET /error/kr/error.jsp HTTP/1.1" 500 3570
40.77.167.20 - - [25/Jan/2020:04:00:23 +0900] "GET /home/en/whoweare/korea.do HTTP/1.1" 200 44383
95.163.255.164 - - [25/Jan/2020:04:09:07 +0900] "GET /error/kr/error.jsp HTTP/1.0" 500 3570
119.207.72.141 - - [25/Jan/2020:04:09:07 +0900] "GET /index.jsp HTTP/1.1" 302 -
119.207.72.141 - - [25/Jan/2020:04:09:07 +0900] "GET /home/main/main.do HTTP/1.1" 200 12222
95.163.255.182 - - [25/Jan/2020:04:09:09 +0900] "GET /home/en/meetourpartners/overseas.do HTTP/1.1" 200 31428
207.46.13.150 - - [25/Jan/2020:04:14:03 +0900] "GET /error/kr/error.jsp HTTP/1.1" 500 3570
122.55.53.22 - - [25/Jan/2020:04:14:08 +0900] "GET /error/kr/error.jsp HTTP/1.1" 500 3570
207.46.13.150 - - [25/Jan/2020:04:15:14 +0900] "GET /error/kr/error.jsp HTTP/1.1" 500 3570
193.111.62.163 - - [25/Jan/2020:04:24:41 +0900] "GET /home/news/news/list.do HTTP/1.1" 200 7091
119.207.72.67 - - [25/Jan/2020:04:28:19 +0900] "GET /home/news/news/list.do HTTP/1.1" 200 7091
66.249.75.178 - - [25/Jan/2020:04:28:21 +0900] "GET /error/kr/error.jsp HTTP/1.1" 500 3570
125.209.235.176 - - [25/Jan/2020:04:31:21 +0900] "GET /index.jsp HTTP/1.1" 302 -
125.209.235.176 - - [25/Jan/2020:04:31:22 +0900] "GET /home/main/main.do HTTP/1.1" 200 12222
66.249.75.222 - - [25/Jan/2020:04:38:21 +0900] "GET /error/kr/error.jsp HTTP/1.1" 500 3762
66.249.75.218 - - [25/Jan/2020:04:48:22 +0900] "GET /error/kr/error.jsp HTTP/1.1" 500 3762
34.199.176.251 - - [25/Jan/2020:04:50:08 +0900] "GET /home/news/news/view.do?num=1 HTTP/1.1" 200 8971
34.199.176.251 - - [25/Jan/2020:04:50:25 +0900] "GET /home/news/news/view.do HTTP/1.1" 500 3570
34.199.176.251 - - [25/Jan/2020:04:50:51 +0900] "GET /home/news/news/view.do?num=1 HTTP/1.1" 200 8971
34.199.176.251 - - [25/Jan/2020:04:50:52 +0900] "GET /home/news/news/view.do HTTP/1.1" 500 3570
89.39.107.197 - - [25/Jan/2020:04:54:24 +0900] "GET /index.jsp HTTP/1.1" 302 -
89.39.107.197 - - [25/Jan/2020:04:54:25 +0900] "GET /home/en/main/main.do HTTP/1.1" 200 11080
66.249.75.218 - - [25/Jan/2020:04:58:32 +0900] "GET /error/kr/error.jsp HTTP/1.1" 500 3762
167.99.130.208 - - [25/Jan/2020:05:02:15 +0900] "GET /index.jsp HTTP/1.0" 302 -
157.55.39.160 - - [25/Jan/2020:05:07:00 +0900] "GET /error/kr/error.jsp HTTP/1.1" 500 3570
157.55.39.160 - - [25/Jan/2020:05:08:05 +0900] "GET /error/kr/error.jsp HTTP/1.1" 500 3570
66.249.75.218 - - [25/Jan/2020:05:08:22 +0900] "GET /error/kr/error.jsp HTTP/1.1" 500 3762
193.111.62.163 - - [25/Jan/2020:05:16:46 +0900] "GET /home/news/news/list.do HTTP/1.1" 200 7091
47.89.251.140 - - [25/Jan/2020:05:28:27 +0900] "GET /index.jsp HTTP/1.1" 302 -
47.89.251.140 - - [25/Jan/2020:05:28:27 +0900] "GET /home/en/main/main.do HTTP/1.1" 200 11080
125.209.235.181 - - [25/Jan/2020:05:31:21 +0900] "GET /error/kr/error.jsp HTTP/1.1" 500 3570
121.254.147.237 - - [25/Jan/2020:05:34:34 +0900] "GET /index.jsp HTTP/1.1" 302 -
121.254.147.237 - - [25/Jan/2020:05:34:34 +0900] "GET /home/en/main/main.do HTTP/1.1" 200 11080
209.210.48.124 - - [25/Jan/2020:05:35:05 +0900] "GET /home/en/about/about.do HTTP/1.1" 200 14811
209.210.48.124 - - [25/Jan/2020:05:35:17 +0900] "GET /home/en/watwedo/overview.do HTTP/1.1" 200 6156
209.210.48.124 - - [25/Jan/2020:05:35:26 +0900] "GET /home/en/watwedo/philosophy.do HTTP/1.1" 200 7112
209.210.48.124 - - [25/Jan/2020:05:35:45 +0900] "GET /home/en/whoweare/korea.do HTTP/1.1" 200 30344
209.210.48.124 - - [25/Jan/2020:05:36:05 +0900] "GET /home/en/contact/contact.do HTTP/1.1" 200 5187
209.210.48.124 - - [25/Jan/2020:05:36:11 +0900] "GET /home/en/meetourpartners/all.do HTTP/1.1" 200 95227
209.210.48.124 - - [25/Jan/2020:05:36:22 +0900] "GET /home/en/meetourpartners/domestic.do HTTP/1.1" 200 69240
209.210.48.124 - - [25/Jan/2020:05:36:42 +0900] "GET /error/kr/error.jsp HTTP/1.1" 500 3570
209.210.48.124 - - [25/Jan/2020:05:36:49 +0900] "GET /error/kr/error.jsp HTTP/1.1" 500 3570
209.210.48.124 - - [25/Jan/2020:05:37:03 +0900] "GET /home/en/whoweare/korea.do HTTP/1.1" 200 30344
209.210.48.124 - - [25/Jan/2020:05:37:23 +0900] "GET /home/en/about/about.do HTTP/1.1" 200 14811
209.210.48.124 - - [25/Jan/2020:05:37:29 +0900] "GET /home/en/whoweare/korea.do HTTP/1.1" 200 30344
209.210.48.124 - - [25/Jan/2020:05:37:42 +0900] "GET /home/en/contact/contact.do HTTP/1.1" 200 5187
211.56.145.140 - - [25/Jan/2020:05:38:47 +0900] "GET /index.jsp HTTP/1.1" 302 -
211.56.145.140 - - [25/Jan/2020:05:38:47 +0900] "GET /home/main/main.do HTTP/1.1" 302 -
211.56.145.140 - - [25/Jan/2020:05:38:47 +0900] "GET /home/main/main.do HTTP/1.1" 200 8898
209.210.48.124 - - [25/Jan/2020:05:44:21 +0900] "GET /home/en/meetourpartners/all.do HTTP/1.1" 200 95227
209.210.48.124 - - [25/Jan/2020:05:44:26 +0900] "GET /error/kr/error.jsp HTTP/1.1" 500 3570
34.199.176.251 - - [25/Jan/2020:05:46:57 +0900] "GET /index.jsp HTTP/1.1" 302 -
34.199.176.251 - - [25/Jan/2020:05:46:58 +0900] "GET /home/main/main.do HTTP/1.1" 200 12222
66.249.75.180 - - [25/Jan/2020:05:48:54 +0900] "GET /error/kr/error.jsp HTTP/1.1" 500 3570
119.207.72.160 - - [25/Jan/2020:05:57:58 +0900] "GET /home/news/news/list.do?page=1 HTTP/1.1" 200 7091
66.249.75.178 - - [25/Jan/2020:05:58:50 +0900] "GET /error/kr/error.jsp HTTP/1.1" 500 3570
66.249.75.218 - - [25/Jan/2020:06:00:08 +0900] "GET /error/kr/error.jsp HTTP/1.1" 500 3762
157.55.39.160 - - [25/Jan/2020:06:09:40 +0900] "GET /error/kr/error.jsp HTTP/1.1" 500 3570
157.55.39.160 - - [25/Jan/2020:06:09:55 +0900] "GET /error/kr/error.jsp HTTP/1.1" 500 3570
34.199.176.251 - - [25/Jan/2020:06:12:45 +0900] "GET /home/news/news/view.do?num=3 HTTP/1.1" 200 5573
34.199.176.251 - - [25/Jan/2020:06:12:45 +0900] "GET /home/news/news/view.do HTTP/1.1" 500 3570
34.199.176.251 - - [25/Jan/2020:06:13:03 +0900] "GET /home/news/news/view.do?num=3 HTTP/1.1" 200 5573
34.199.176.251 - - [25/Jan/2020:06:13:03 +0900] "GET /home/news/news/view.do HTTP/1.1" 500 3570
193.111.62.163 - - [25/Jan/2020:06:18:01 +0900] "GET /home/news/news/list.do HTTP/1.1" 200 7091
66.249.75.182 - - [25/Jan/2020:06:19:14 +0900] "GET /error/kr/error.jsp HTTP/1.1" 500 3570
119.207.72.66 - - [25/Jan/2020:06:28:40 +0900] "GET /home/about/about.do HTTP/1.1" 200 14216
66.249.75.178 - - [25/Jan/2020:06:29:20 +0900] "GET /error/kr/error.jsp HTTP/1.1" 500 3570
66.249.75.58 - - [25/Jan/2020:06:39:23 +0900] "GET /error/kr/error.jsp HTTP/1.1" 500 3570
66.249.75.178 - - [25/Jan/2020:06:42:15 +0900] "GET /error/kr/error.jsp HTTP/1.1" 500 3570
119.207.72.110 - - [25/Jan/2020:06:49:30 +0900] "GET /home/news/news/list.do?page=1 HTTP/1.1" 200 7091
66.249.75.178 - - [25/Jan/2020:06:49:42 +0900] "GET /error/kr/error.jsp HTTP/1.1" 500 3570
34.231.21.70 - - [25/Jan/2020:07:02:22 +0900] "GET /index.jsp HTTP/1.1" 302 -
34.231.21.70 - - [25/Jan/2020:07:02:22 +0900] "GET /home/main/main.do HTTP/1.1" 200 12222
34.231.21.70 - - [25/Jan/2020:07:02:23 +0900] "GET /home/main/main.do HTTP/1.1" 200 12222
34.231.21.70 - - [25/Jan/2020:07:02:23 +0900] "GET /home/main/main.do HTTP/1.1" 200 12222
38.99.62.91 - - [25/Jan/2020:07:03:44 +0900] "GET /home/news/news/view.do?page=&num=17 HTTP/1.1" 200 5758
38.99.62.91 - - [25/Jan/2020:07:04:25 +0900] "GET /home/en/meetourpartners/all.do HTTP/1.1" 200 95227
38.99.62.91 - - [25/Jan/2020:07:05:05 +0900] "GET /home/news/news/view.do?page=&num=18 HTTP/1.1" 200 9134
38.99.62.91 - - [25/Jan/2020:07:05:45 +0900] "GET /home/meetourpartners/all.do HTTP/1.1" 200 101569
38.99.62.91 - - [25/Jan/2020:07:06:11 +0900] "GET /home/news/news/view.do?page=&num=19 HTTP/1.1" 200 6162
38.99.62.91 - - [25/Jan/2020:07:06:37 +0900] "GET /home/en/meetourpartners/all.do HTTP/1.1" 200 95227
40.77.167.129 - - [25/Jan/2020:07:06:59 +0900] "GET /error/kr/error.jsp HTTP/1.1" 500 3570
40.77.167.129 - - [25/Jan/2020:07:06:59 +0900] "GET /error/kr/error.jsp HTTP/1.1" 500 3570
38.99.62.91 - - [25/Jan/2020:07:08:34 +0900] "GET /home/news/news/view.do?page=&num=18 HTTP/1.1" 200 9134
38.99.62.91 - - [25/Jan/2020:07:08:59 +0900] "GET /home/news/news/view.do?page=&num=14 HTTP/1.1" 200 6733
66.249.75.60 - - [25/Jan/2020:07:09:35 +0900] "GET /error/kr/error.jsp HTTP/1.1" 500 3570
38.99.62.91 - - [25/Jan/2020:07:09:44 +0900] "GET /home/news/news/view.do?page=&num=12 HTTP/1.1" 200 9080
66.249.75.178 - - [25/Jan/2020:07:09:52 +0900] "GET /error/kr/error.jsp HTTP/1.1" 500 3570
38.99.62.91 - - [25/Jan/2020:07:10:24 +0900] "GET /home/news/news/view.do?page=&num=11 HTTP/1.1" 200 5545
38.99.62.91 - - [25/Jan/2020:07:11:03 +0900] "GET /index.jsp HTTP/1.1" 302 -
38.99.62.91 - - [25/Jan/2020:07:11:03 +0900] "GET /home/en/main/main.do HTTP/1.1" 200 11080
38.99.62.91 - - [25/Jan/2020:07:11:29 +0900] "GET /home/main/main.do HTTP/1.1" 200 12222
49.7.20.138 - - [25/Jan/2020:07:11:35 +0900] "GET /error/kr/error.jsp HTTP/1.1" 500 3570
38.99.62.91 - - [25/Jan/2020:07:11:54 +0900] "GET /home/main/main.do HTTP/1.1" 200 12222
38.99.62.91 - - [25/Jan/2020:07:12:20 +0900] "GET /home/en/main/main.do HTTP/1.1" 200 11080
38.99.62.91 - - [25/Jan/2020:07:12:59 +0900] "GET /home/watwedo/overview.do HTTP/1.1" 200 6147
38.99.62.91 - - [25/Jan/2020:07:13:25 +0900] "GET /home/whoweare/korea.do HTTP/1.1" 200 30366
38.99.62.91 - - [25/Jan/2020:07:14:04 +0900] "GET /home/en/meetourpartners/all.do HTTP/1.1" 200 95227
38.99.62.91 - - [25/Jan/2020:07:14:45 +0900] "GET /home/meetourpartners/domestic.do HTTP/1.1" 200 73451
38.99.62.91 - - [25/Jan/2020:07:15:10 +0900] "GET /home/meetourpartners/overseas.do HTTP/1.1" 200 32620
38.99.62.91 - - [25/Jan/2020:07:15:35 +0900] "GET /home/en/meetourpartners/all.do HTTP/1.1" 200 95227
193.111.62.163 - - [25/Jan/2020:07:15:43 +0900] "GET /home/news/news/list.do HTTP/1.1" 200 7091
38.99.62.91 - - [25/Jan/2020:07:16:15 +0900] "GET /home/meetourpartners/all.do HTTP/1.1" 200 101569
49.7.20.138 - - [25/Jan/2020:07:20:35 +0900] "GET /error/kr/error.jsp HTTP/1.1" 500 3570
38.99.62.91 - - [25/Jan/2020:07:20:37 +0900] "GET /home/meetourpartners/all.do HTTP/1.1" 200 101569
38.99.62.91 - - [25/Jan/2020:07:21:17 +0900] "GET /home/meetourpartners/all.do HTTP/1.1" 200 101569
38.99.62.91 - - [25/Jan/2020:07:21:43 +0900] "GET /home/en/meetourpartners/all.do HTTP/1.1" 200 95227
38.99.62.91 - - [25/Jan/2020:07:22:08 +0900] "GET /home/en/meetourpartners/domestic.do HTTP/1.1" 200 69240
38.99.62.91 - - [25/Jan/2020:07:22:48 +0900] "GET /home/en/meetourpartners/all.do HTTP/1.1" 200 95227
38.99.62.91 - - [25/Jan/2020:07:23:14 +0900] "GET /home/meetourpartners/all.do HTTP/1.1" 200 101569
207.46.13.150 - - [25/Jan/2020:07:23:52 +0900] "GET /home/whoweare/korea.do HTTP/1.1" 200 30366
38.99.62.91 - - [25/Jan/2020:07:24:18 +0900] "GET /home/en/meetourpartners/all.do HTTP/1.1" 200 95227
38.99.62.91 - - [25/Jan/2020:07:24:44 +0900] "GET /home/meetourpartners/all.do HTTP/1.1" 200 101569
157.55.39.33 - - [25/Jan/2020:07:28:02 +0900] "GET /error/kr/error.jsp HTTP/1.1" 500 3762
38.99.62.91 - - [25/Jan/2020:07:28:40 +0900] "GET /home/meetourpartners/all.do HTTP/1.1" 200 101569
38.99.62.91 - - [25/Jan/2020:07:29:21 +0900] "GET /home/en/meetourpartners/all.do HTTP/1.1" 200 95227
38.99.62.91 - - [25/Jan/2020:07:29:47 +0900] "GET /home/meetourpartners/all.do HTTP/1.1" 200 101569
40.77.167.20 - - [25/Jan/2020:07:29:55 +0900] "GET /home/watwedo/philosophy.do HTTP/1.1" 200 7553
125.209.235.173 - - [25/Jan/2020:07:31:21 +0900] "GET /error/kr/error.jsp HTTP/1.1" 500 3570
38.99.62.91 - - [25/Jan/2020:07:33:28 +0900] "GET /home/meetourpartners/all.do HTTP/1.1" 200 101569
38.99.62.91 - - [25/Jan/2020:07:33:54 +0900] "GET /home/meetourpartners/all.do HTTP/1.1" 200 101569
38.99.62.91 - - [25/Jan/2020:07:36:43 +0900] "GET /home/en/meetourpartners/all.do HTTP/1.1" 200 95227
38.99.62.91 - - [25/Jan/2020:07:37:23 +0900] "GET /home/meetourpartners/all.do HTTP/1.1" 200 101569
38.99.62.91 - - [25/Jan/2020:07:38:42 +0900] "GET /home/en/meetourpartners/all.do HTTP/1.1" 200 95227
38.99.62.91 - - [25/Jan/2020:07:39:22 +0900] "GET /home/meetourpartners/all.do HTTP/1.1" 200 101569
40.77.167.129 - - [25/Jan/2020:07:40:47 +0900] "GET /home/meetourpartners/overseas.do HTTP/1.1" 200 34535
38.99.62.91 - - [25/Jan/2020:07:41:07 +0900] "GET /home/meetourpartners/domestic.do HTTP/1.1" 200 73451
66.249.75.180 - - [25/Jan/2020:07:41:52 +0900] "GET /error/kr/error.jsp HTTP/1.1" 500 3570
199.127.56.236 - - [25/Jan/2020:07:44:08 +0900] "GET /index.jsp HTTP/1.1" 302 -
199.127.56.236 - - [25/Jan/2020:07:44:08 +0900] "GET /home/main/main.do HTTP/1.1" 200 12222
38.99.62.91 - - [25/Jan/2020:07:47:11 +0900] "GET /home/en/meetourpartners/all.do HTTP/1.1" 200 95227
38.99.62.91 - - [25/Jan/2020:07:47:51 +0900] "GET /home/meetourpartners/domestic.do HTTP/1.1" 200 73451
38.99.62.91 - - [25/Jan/2020:07:48:31 +0900] "GET /home/meetourpartners/all.do HTTP/1.1" 200 101569
38.99.62.91 - - [25/Jan/2020:07:49:12 +0900] "GET /home/meetourpartners/domestic.do HTTP/1.1" 200 73451
66.249.75.178 - - [25/Jan/2020:07:49:52 +0900] "GET /error/kr/error.jsp HTTP/1.1" 500 3570
38.99.62.91 - - [25/Jan/2020:07:50:31 +0900] "GET /home/meetourpartners/all.do HTTP/1.1" 200 101569
38.99.62.91 - - [25/Jan/2020:07:51:11 +0900] "GET /home/meetourpartners/domestic.do HTTP/1.1" 200 73451
38.99.62.91 - - [25/Jan/2020:07:53:09 +0900] "GET /home/en/meetourpartners/all.do HTTP/1.1" 200 95227
38.99.62.91 - - [25/Jan/2020:07:53:49 +0900] "GET /home/meetourpartners/domestic.do HTTP/1.1" 200 73451
39.98.124.123 - - [25/Jan/2020:07:55:23 +0900] "GET /error/kr/error.jsp HTTP/1.1" 500 3570
38.99.62.91 - - [25/Jan/2020:07:58:27 +0900] "GET /home/en/meetourpartners/all.do HTTP/1.1" 200 95227
40.77.167.129 - - [25/Jan/2020:07:59:07 +0900] "GET /error/kr/error.jsp HTTP/1.1" 500 3570
38.99.62.91 - - [25/Jan/2020:07:59:08 +0900] "GET /home/meetourpartners/domestic.do HTTP/1.1" 200 73451
66.249.75.178 - - [25/Jan/2020:07:59:53 +0900] "GET /error/kr/error.jsp HTTP/1.1" 500 3570
38.99.62.91 - - [25/Jan/2020:08:00:28 +0900] "GET /home/en/meetourpartners/all.do HTTP/1.1" 200 95227
40.77.167.129 - - [25/Jan/2020:08:00:48 +0900] "GET /error/kr/error.jsp HTTP/1.1" 500 3570
38.99.62.91 - - [25/Jan/2020:08:00:54 +0900] "GET /home/meetourpartners/domestic.do HTTP/1.1" 200 73451
54.88.7.12 - - [25/Jan/2020:08:18:30 +0900] "GET /index.jsp HTTP/1.1" 302 -
54.88.7.12 - - [25/Jan/2020:08:18:30 +0900] "GET /home/main/main.do HTTP/1.1" 200 12222
54.88.7.12 - - [25/Jan/2020:08:18:30 +0900] "GET /home/main/main.do HTTP/1.1" 200 12222
54.88.7.12 - - [25/Jan/2020:08:18:31 +0900] "GET /home/main/main.do HTTP/1.1" 200 12222
66.249.75.180 - - [25/Jan/2020:08:19:59 +0900] "GET /error/kr/error.jsp HTTP/1.1" 500 3570
40.77.167.173 - - [25/Jan/2020:08:20:59 +0900] "GET /error/kr/error.jsp HTTP/1.1" 500 3570
119.207.72.183 - - [25/Jan/2020:08:22:16 +0900] "GET /home/contact/contact.do HTTP/1.1" 200 5224
40.77.167.173 - - [25/Jan/2020:08:22:24 +0900] "GET /error/kr/error.jsp HTTP/1.1" 500 3570
193.111.62.163 - - [25/Jan/2020:08:23:03 +0900] "GET /home/news/news/list.do HTTP/1.1" 200 7091
34.199.176.251 - - [25/Jan/2020:08:27:05 +0900] "GET /home/news/news/view.do?num=1 HTTP/1.1" 200 8971
34.199.176.251 - - [25/Jan/2020:08:27:06 +0900] "GET /home/news/news/view.do HTTP/1.1" 500 3570
66.249.75.178 - - [25/Jan/2020:08:29:53 +0900] "GET /error/kr/error.jsp HTTP/1.1" 500 3570
40.77.167.129 - - [25/Jan/2020:08:32:19 +0900] "GET /error/kr/error.jsp HTTP/1.1" 500 3570
40.77.167.129 - - [25/Jan/2020:08:33:45 +0900] "GET /error/kr/error.jsp HTTP/1.1" 500 3570
98.6.249.11 - - [25/Jan/2020:08:35:03 +0900] "GET /index.jsp HTTP/1.1" 302 -
98.6.249.11 - - [25/Jan/2020:08:35:03 +0900] "GET /home/en/main/main.do HTTP/1.1" 200 11080
98.6.249.11 - - [25/Jan/2020:08:36:07 +0900] "GET /home/en/whoweare/korea.do HTTP/1.1" 200 30344
98.6.249.11 - - [25/Jan/2020:08:36:25 +0900] "GET /home/en/about/about.do HTTP/1.1" 200 14811
98.6.249.11 - - [25/Jan/2020:08:36:46 +0900] "GET /home/en/whoweare/korea.do HTTP/1.1" 200 30344
98.6.249.11 - - [25/Jan/2020:08:37:10 +0900] "GET /home/en/contact/contact.do HTTP/1.1" 200 5187
98.6.249.11 - - [25/Jan/2020:08:37:15 +0900] "GET /home/en/whoweare/korea.do HTTP/1.1" 200 30344
98.6.249.11 - - [25/Jan/2020:08:37:16 +0900] "GET /home/en/watwedo/overview.do HTTP/1.1" 200 6156
98.6.249.11 - - [25/Jan/2020:08:37:58 +0900] "GET /home/en/meetourpartners/all.do HTTP/1.1" 200 95227
98.6.249.11 - - [25/Jan/2020:08:38:34 +0900] "GET /home/en/contact/contact.do HTTP/1.1" 200 5187
98.6.249.11 - - [25/Jan/2020:08:38:38 +0900] "GET /home/en/whoweare/korea.do HTTP/1.1" 200 30344
98.6.249.11 - - [25/Jan/2020:08:42:54 +0900] "GET /home/en/watwedo/overview.do HTTP/1.1" 200 6156
98.6.249.11 - - [25/Jan/2020:08:43:06 +0900] "GET /home/en/watwedo/history.do HTTP/1.1" 200 10541
98.6.249.11 - - [25/Jan/2020:08:43:28 +0900] "GET /home/en/about/about.do HTTP/1.1" 200 14811
66.249.75.178 - - [25/Jan/2020:09:10:04 +0900] "GET /error/kr/error.jsp HTTP/1.1" 500 3570
45.33.66.85 - - [25/Jan/2020:09:12:16 +0900] "GET /error/kr/error.jsp HTTP/1.1" 500 3570
170.238.36.66 - - [25/Jan/2020:09:16:09 +0900] "GET /index.jsp HTTP/1.0" 302 -
66.249.75.178 - - [25/Jan/2020:09:20:02 +0900] "GET /error/kr/error.jsp HTTP/1.1" 500 3570
34.199.176.251 - - [25/Jan/2020:09:24:53 +0900] "GET /index.jsp HTTP/1.1" 302 -
34.199.176.251 - - [25/Jan/2020:09:24:53 +0900] "GET /home/main/main.do HTTP/1.1" 200 12222
216.173.68.2 - - [25/Jan/2020:09:30:58 +0900] "GET /home/en/whoweare/korea.do HTTP/1.1" 200 44383
125.209.235.171 - - [25/Jan/2020:09:31:21 +0900] "GET /error/kr/error.jsp HTTP/1.1" 500 3570
194.72.238.240 - - [25/Jan/2020:09:50:25 +0900] "HEAD /index.jsp HTTP/1.0" 302 -
34.199.176.251 - - [25/Jan/2020:09:51:26 +0900] "GET /home/news/news/view.do?num=3 HTTP/1.1" 200 5573
34.199.176.251 - - [25/Jan/2020:09:51:27 +0900] "GET /home/news/news/view.do HTTP/1.1" 500 3570
34.199.176.251 - - [25/Jan/2020:09:52:55 +0900] "GET /home/news/news/view.do?num=3 HTTP/1.1" 200 5573
34.199.176.251 - - [25/Jan/2020:09:52:55 +0900] "GET /home/news/news/view.do HTTP/1.1" 500 3570
66.249.75.180 - - [25/Jan/2020:10:00:03 +0900] "GET /error/kr/error.jsp HTTP/1.1" 500 3570
114.205.236.101 - - [25/Jan/2020:10:01:27 +0900] "GET /index.jsp HTTP/1.1" 302 -
114.205.236.101 - - [25/Jan/2020:10:01:27 +0900] "GET /home/main/main.do HTTP/1.1" 302 -
114.205.236.101 - - [25/Jan/2020:10:01:27 +0900] "GET /home/main/main.do HTTP/1.1" 200 8898
114.205.236.101 - - [25/Jan/2020:10:01:27 +0900] "GET /error/kr/error.jsp HTTP/1.1" 500 3762
114.205.236.101 - - [25/Jan/2020:10:01:53 +0900] "GET /home/whoweare/korea.do HTTP/1.1" 200 44336
114.205.236.101 - - [25/Jan/2020:10:02:00 +0900] "GET /home/whoweare/korea.do HTTP/1.1" 200 44336
114.205.236.101 - - [25/Jan/2020:10:02:24 +0900] "GET /home/whoweare/china.do HTTP/1.1" 200 11536
114.205.236.101 - - [25/Jan/2020:10:02:42 +0900] "GET /home/meetourpartners/all.do HTTP/1.1" 200 105128
114.205.236.101 - - [25/Jan/2020:10:03:48 +0900] "GET /home/news/news/view.do?num=1 HTTP/1.1" 200 71892
114.205.236.101 - - [25/Jan/2020:10:04:02 +0900] "GET /home/news/news/list.do HTTP/1.1" 200 71778
114.205.236.101 - - [25/Jan/2020:10:04:16 +0900] "GET /home/news/news/list.do HTTP/1.1" 200 71778
114.205.236.101 - - [25/Jan/2020:10:04:19 +0900] "GET /home/meetourpartners/all.do HTTP/1.1" 200 105128
114.205.236.101 - - [25/Jan/2020:10:04:21 +0900] "GET /home/meetourpartners/domestic.do HTTP/1.1" 200 76259
114.205.236.101 - - [25/Jan/2020:10:04:21 +0900] "GET /home/meetourpartners/overseas.do HTTP/1.1" 200 34535
114.205.236.101 - - [25/Jan/2020:10:04:22 +0900] "GET /home/meetourpartners/domestic.do HTTP/1.1" 200 76259
104.165.71.30 - - [25/Jan/2020:10:07:04 +0900] "GET /home/en/whoweare/korea.do HTTP/1.1" 200 30344
40.77.167.173 - - [25/Jan/2020:10:09:00 +0900] "GET /error/kr/error.jsp HTTP/1.1" 500 3570
66.249.75.220 - - [25/Jan/2020:10:10:00 +0900] "GET /error/kr/error.jsp HTTP/1.1" 500 3762
40.77.167.173 - - [25/Jan/2020:10:13:58 +0900] "GET /error/kr/error.jsp HTTP/1.1" 500 3570
193.111.62.163 - - [25/Jan/2020:10:16:19 +0900] "GET /home/news/news/list.do HTTP/1.1" 200 7091
66.249.75.58 - - [25/Jan/2020:10:20:04 +0900] "GET /error/kr/error.jsp HTTP/1.1" 500 3570
194.72.238.240 - - [25/Jan/2020:10:20:33 +0900] "HEAD /index.jsp HTTP/1.0" 302 -
142.93.73.175 - - [25/Jan/2020:10:21:39 +0900] "GET /index.jsp HTTP/1.1" 302 -
142.93.73.175 - - [25/Jan/2020:10:21:41 +0900] "GET /home/main/main.do HTTP/1.1" 200 12222
142.93.73.175 - - [25/Jan/2020:10:21:58 +0900] "GET /error/kr/error.jsp HTTP/1.1" 500 3570
142.93.73.175 - - [25/Jan/2020:10:22:08 +0900] "GET /home/en/main/main.do HTTP/1.1" 200 11080
142.93.73.175 - - [25/Jan/2020:10:22:09 +0900] "GET /home/whoweare/korea.do HTTP/1.1" 200 30366
142.93.73.175 - - [25/Jan/2020:10:22:09 +0900] "GET /home/news/news/list.do HTTP/1.1" 200 7091
142.93.73.175 - - [25/Jan/2020:10:22:09 +0900] "GET /home/watwedo/overview.do HTTP/1.1" 200 6147
142.93.73.175 - - [25/Jan/2020:10:22:09 +0900] "GET /home/meetourpartners/all.do HTTP/1.1" 200 101569
142.93.73.175 - - [25/Jan/2020:10:22:09 +0900] "GET /home/contact/contact.do HTTP/1.1" 200 5224
142.93.73.175 - - [25/Jan/2020:10:22:11 +0900] "GET /home/about/about.do HTTP/1.1" 200 14216
142.93.73.175 - - [25/Jan/2020:10:22:11 +0900] "GET /home/news/news/view.do?num=2 HTTP/1.1" 200 6974
142.93.73.175 - - [25/Jan/2020:10:22:11 +0900] "GET /home/news/news/view.do?num=3 HTTP/1.1" 200 5573
142.93.73.175 - - [25/Jan/2020:10:22:11 +0900] "GET /home/news/news/view.do?num=1 HTTP/1.1" 200 8971
142.93.73.175 - - [25/Jan/2020:10:22:12 +0900] "GET /home/watwedo/philosophy.do HTTP/1.1" 200 7162
77.75.78.172 - - [25/Jan/2020:10:23:23 +0900] "GET /error/kr/error.jsp HTTP/1.1" 500 3570
77.75.78.172 - - [25/Jan/2020:10:23:50 +0900] "GET /home/en/about/about.do HTTP/1.1" 200 14811
103.113.105.28 - - [25/Jan/2020:10:27:22 +0900] "GET /index.jsp HTTP/1.1" 302 -
66.249.75.180 - - [25/Jan/2020:10:32:08 +0900] "GET /error/kr/error.jsp HTTP/1.1" 500 3570
128.14.209.154 - - [25/Jan/2020:10:37:12 +0900] "GET /error/kr/error.jsp HTTP/1.1" 500 3570
66.249.75.178 - - [25/Jan/2020:10:42:18 +0900] "GET /error/kr/error.jsp HTTP/1.1" 500 3570
223.38.30.250 - - [25/Jan/2020:10:43:41 +0900] "GET /index.jsp HTTP/1.1" 302 -
223.38.30.250 - - [25/Jan/2020:10:43:41 +0900] "GET /home/main/main.do HTTP/1.1" 302 -
223.38.30.250 - - [25/Jan/2020:10:43:42 +0900] "GET /home/main/main.do HTTP/1.1" 200 8898
223.38.30.250 - - [25/Jan/2020:10:43:42 +0900] "GET /error/kr/error.jsp HTTP/1.1" 500 3762
223.38.30.250 - - [25/Jan/2020:10:43:50 +0900] "GET /home/whoweare/korea.do HTTP/1.1" 200 44336
223.38.30.250 - - [25/Jan/2020:10:44:31 +0900] "GET /home/main/main.do HTTP/1.1" 200 8898
223.38.30.250 - - [25/Jan/2020:10:44:31 +0900] "GET /error/kr/error.jsp HTTP/1.1" 500 3762
23.239.180.131 - - [25/Jan/2020:10:45:43 +0900] "GET /index.jsp HTTP/1.1" 302 -
23.239.180.131 - - [25/Jan/2020:10:45:43 +0900] "GET /home/en/main/main.do HTTP/1.1" 200 11080
193.111.62.163 - - [25/Jan/2020:10:57:08 +0900] "GET /home/news/news/list.do HTTP/1.1" 200 7091
128.14.134.134 - - [25/Jan/2020:11:13:53 +0900] "GET /index.jsp HTTP/1.1" 302 -
128.14.134.134 - - [25/Jan/2020:11:13:53 +0900] "GET /home/main/main.do HTTP/1.1" 200 12222
125.209.235.171 - - [25/Jan/2020:11:31:21 +0900] "GET /error/kr/error.jsp HTTP/1.1" 500 3570
207.46.13.150 - - [25/Jan/2020:11:42:21 +0900] "GET /home/main/main.do HTTP/1.1" 200 12222
40.77.167.173 - - [25/Jan/2020:11:42:27 +0900] "GET /error/kr/error.jsp HTTP/1.1" 500 3570
157.55.39.23 - - [25/Jan/2020:11:47:21 +0900] "GET /error/kr/error.jsp HTTP/1.1" 500 3570
40.77.167.129 - - [25/Jan/2020:11:47:24 +0900] "GET /index.jsp HTTP/1.1" 302 -
40.77.167.129 - - [25/Jan/2020:11:57:11 +0900] "GET /index.jsp HTTP/1.1" 302 -
37.120.146.254 - - [25/Jan/2020:12:01:50 +0900] "GET /error/kr/error.jsp HTTP/1.1" 500 3570
66.249.75.180 - - [25/Jan/2020:12:01:57 +0900] "GET /error/kr/error.jsp HTTP/1.1" 500 3570
66.249.75.220 - - [25/Jan/2020:12:01:58 +0900] "GET /error/kr/error.jsp HTTP/1.1" 500 3762
37.120.146.254 - - [25/Jan/2020:12:09:47 +0900] "GET /home/en/contact/contact.do HTTP/1.1" 200 7252
40.77.167.20 - - [25/Jan/2020:12:17:26 +0900] "GET /error/kr/error.jsp HTTP/1.1" 500 3570
193.111.62.163 - - [25/Jan/2020:12:22:20 +0900] "GET /home/news/news/list.do HTTP/1.1" 200 7091
40.77.167.20 - - [25/Jan/2020:12:22:52 +0900] "GET /error/kr/error.jsp HTTP/1.1" 500 3570
103.131.71.135 - - [25/Jan/2020:12:27:49 +0900] "GET /error/kr/error.jsp HTTP/1.1" 500 3570
66.249.75.180 - - [25/Jan/2020:12:32:08 +0900] "GET /error/kr/error.jsp HTTP/1.1" 500 3570
68.108.116.199 - - [25/Jan/2020:12:39:12 +0900] "GET /index.jsp HTTP/1.1" 302 -
68.108.116.199 - - [25/Jan/2020:12:39:12 +0900] "GET /home/main/main.do HTTP/1.1" 200 8898
34.199.176.251 - - [25/Jan/2020:12:46:18 +0900] "GET /home/news/news/list.do HTTP/1.1" 200 7091
34.199.176.251 - - [25/Jan/2020:12:46:40 +0900] "GET /home/news/news/list.do HTTP/1.1" 200 7091
34.199.176.251 - - [25/Jan/2020:12:46:58 +0900] "GET /home/news/news/list.do HTTP/1.1" 200 7091
66.249.75.60 - - [25/Jan/2020:12:52:36 +0900] "GET /error/kr/error.jsp HTTP/1.1" 500 3570
163.172.116.48 - - [25/Jan/2020:13:02:03 +0900] "GET /error/kr/error.jsp HTTP/1.1" 500 3570
125.209.235.184 - - [25/Jan/2020:13:02:15 +0900] "GET /index.jsp HTTP/1.1" 302 -
125.209.235.184 - - [25/Jan/2020:13:02:15 +0900] "GET /home/main/main.do HTTP/1.1" 302 -
125.209.235.184 - - [25/Jan/2020:13:02:15 +0900] "GET /home/main/main.do HTTP/1.1" 200 8898
125.209.235.169 - - [25/Jan/2020:13:02:16 +0900] "GET /error/kr/error.jsp HTTP/1.1" 500 3762
125.209.235.177 - - [25/Jan/2020:13:02:19 +0900] "GET /index.jsp HTTP/1.1" 302 -
125.209.235.177 - - [25/Jan/2020:13:02:19 +0900] "GET /home/main/main.do HTTP/1.1" 200 12222
185.123.233.63 - - [25/Jan/2020:13:03:25 +0900] "GET /index.jsp HTTP/1.1" 302 -
207.46.13.150 - - [25/Jan/2020:13:07:38 +0900] "GET /error/kr/error.jsp HTTP/1.1" 500 3570
207.46.13.150 - - [25/Jan/2020:13:13:14 +0900] "GET /error/kr/error.jsp HTTP/1.1" 500 3570
193.111.62.163 - - [25/Jan/2020:13:14:08 +0900] "GET /home/news/news/list.do HTTP/1.1" 200 7091
40.77.167.20 - - [25/Jan/2020:13:17:19 +0900] "GET /error/kr/error.jsp HTTP/1.1" 500 3570
107.21.21.64 - - [25/Jan/2020:13:27:57 +0900] "GET /error/kr/error.jsp HTTP/1.1" 500 3570
107.21.21.64 - - [25/Jan/2020:13:27:58 +0900] "GET /error/kr/error.jsp HTTP/1.1" 500 3570
34.199.176.251 - - [25/Jan/2020:13:30:21 +0900] "GET /home/news/news/view.do?num=3 HTTP/1.1" 200 5573
34.199.176.251 - - [25/Jan/2020:13:30:22 +0900] "GET /home/news/news/view.do HTTP/1.1" 500 3570
125.209.235.174 - - [25/Jan/2020:13:31:21 +0900] "GET /error/kr/error.jsp HTTP/1.1" 500 3570
40.77.167.129 - - [25/Jan/2020:13:38:58 +0900] "GET /home/meetourpartners/overseas.do HTTP/1.1" 200 34535
54.68.85.0 - - [25/Jan/2020:13:41:13 +0900] "GET /error/kr/error.jsp HTTP/1.1" 500 3570
40.77.167.173 - - [25/Jan/2020:13:46:15 +0900] "GET /home/en/whoweare/korea.do HTTP/1.1" 200 30344
23.100.232.233 - - [25/Jan/2020:13:48:56 +0900] "GET /home/en/about/about.do HTTP/1.1" 200 14811
66.249.75.222 - - [25/Jan/2020:13:53:04 +0900] "GET /error/kr/error.jsp HTTP/1.1" 500 3762
77.75.78.163 - - [25/Jan/2020:13:55:42 +0900] "GET /home/en/watwedo/overview.do HTTP/1.1" 200 6156
35.185.12.219 - - [25/Jan/2020:14:02:47 +0900] "GET /error/kr/error.jsp HTTP/1.0" 500 3570
35.185.12.219 - - [25/Jan/2020:14:02:48 +0900] "GET /home/en/about/about.do HTTP/1.0" 200 14811
66.249.75.218 - - [25/Jan/2020:14:02:55 +0900] "GET /error/kr/error.jsp HTTP/1.1" 500 3762
35.185.12.219 - - [25/Jan/2020:14:09:09 +0900] "GET /error/kr/error.jsp HTTP/1.0" 500 3570
35.185.12.219 - - [25/Jan/2020:14:09:09 +0900] "GET /home/en/watwedo/overview.do HTTP/1.0" 200 6156
35.185.12.219 - - [25/Jan/2020:14:10:18 +0900] "GET /error/kr/error.jsp HTTP/1.0" 500 3570
35.185.12.219 - - [25/Jan/2020:14:10:19 +0900] "GET /home/main/main.do HTTP/1.0" 200 12222
121.254.147.237 - - [25/Jan/2020:14:10:35 +0900] "GET /index.jsp HTTP/1.1" 302 -
121.254.147.237 - - [25/Jan/2020:14:10:35 +0900] "GET /home/en/main/main.do HTTP/1.1" 200 11080
184.95.42.98 - - [25/Jan/2020:14:11:02 +0900] "GET /error/kr/error.jsp HTTP/1.1" 500 3570
184.95.42.98 - - [25/Jan/2020:14:11:02 +0900] "GET /error/kr/error.jsp HTTP/1.1" 500 3570
184.95.42.98 - - [25/Jan/2020:14:11:02 +0900] "GET /error/kr/error.jsp HTTP/1.1" 500 3570
184.95.42.98 - - [25/Jan/2020:14:11:03 +0900] "GET /error/kr/error.jsp HTTP/1.1" 500 3570
184.95.42.98 - - [25/Jan/2020:14:11:03 +0900] "GET /error/kr/error.jsp HTTP/1.1" 500 3570
184.95.42.98 - - [25/Jan/2020:14:11:03 +0900] "GET /error/kr/error.jsp HTTP/1.1" 500 3570
35.185.12.219 - - [25/Jan/2020:14:15:53 +0900] "GET /error/kr/error.jsp HTTP/1.0" 500 3570
35.185.12.219 - - [25/Jan/2020:14:15:53 +0900] "GET /home/en/meetourpartners/all.do HTTP/1.0" 200 95227
42.123.77.121 - - [25/Jan/2020:14:17:07 +0900] "GET /error/kr/error.jsp HTTP/1.1" 500 3570
193.111.62.163 - - [25/Jan/2020:14:18:50 +0900] "GET /home/news/news/list.do HTTP/1.1" 200 7091
40.77.167.20 - - [25/Jan/2020:14:19:14 +0900] "GET /error/kr/error.jsp HTTP/1.1" 500 3570
34.199.176.251 - - [25/Jan/2020:14:19:29 +0900] "GET /home/news/news/view.do?num=2 HTTP/1.1" 200 6974
34.199.176.251 - - [25/Jan/2020:14:19:29 +0900] "GET /home/news/news/view.do HTTP/1.1" 500 3570
34.199.176.251 - - [25/Jan/2020:14:20:22 +0900] "GET /home/news/news/view.do?num=2 HTTP/1.1" 200 6974
34.199.176.251 - - [25/Jan/2020:14:20:23 +0900] "GET /home/news/news/view.do HTTP/1.1" 500 3570
45.33.66.85 - - [25/Jan/2020:14:22:16 +0900] "GET /error/kr/error.jsp HTTP/1.1" 500 3570
35.185.12.219 - - [25/Jan/2020:14:25:37 +0900] "GET /error/kr/error.jsp HTTP/1.0" 500 3570
35.185.12.219 - - [25/Jan/2020:14:25:37 +0900] "GET /home/en/watwedo/philosophy.do HTTP/1.0" 200 7112
40.77.167.20 - - [25/Jan/2020:14:28:36 +0900] "GET /error/kr/error.jsp HTTP/1.1" 500 3570
125.209.235.171 - - [25/Jan/2020:14:28:41 +0900] "GET /index.jsp HTTP/1.1" 302 -
125.209.235.171 - - [25/Jan/2020:14:28:42 +0900] "GET /home/main/main.do HTTP/1.1" 200 12222
35.185.12.219 - - [25/Jan/2020:14:30:39 +0900] "GET /error/kr/error.jsp HTTP/1.0" 500 3570
35.185.12.219 - - [25/Jan/2020:14:30:39 +0900] "GET /home/en/whoweare/korea.do HTTP/1.0" 200 30344
35.185.12.219 - - [25/Jan/2020:14:33:43 +0900] "GET /error/kr/error.jsp HTTP/1.0" 500 3570
35.185.12.219 - - [25/Jan/2020:14:33:44 +0900] "GET /home/en/contact/contact.do HTTP/1.0" 200 5187
35.185.12.219 - - [25/Jan/2020:14:34:44 +0900] "GET /error/kr/error.jsp HTTP/1.0" 500 3570
35.185.12.219 - - [25/Jan/2020:14:34:45 +0900] "GET /home/en/meetourpartners/all.do HTTP/1.0" 200 95227
35.185.12.219 - - [25/Jan/2020:14:34:48 +0900] "GET /error/kr/error.jsp HTTP/1.0" 500 3570
35.185.12.219 - - [25/Jan/2020:14:34:49 +0900] "GET /home/en/watwedo/overview.do HTTP/1.0" 200 6156
35.185.12.219 - - [25/Jan/2020:14:34:50 +0900] "GET /error/kr/error.jsp HTTP/1.0" 500 3570
35.185.12.219 - - [25/Jan/2020:14:34:51 +0900] "GET /home/en/whoweare/korea.do HTTP/1.0" 200 30344
35.185.12.219 - - [25/Jan/2020:14:34:53 +0900] "GET /error/kr/error.jsp HTTP/1.0" 500 3570
35.185.12.219 - - [25/Jan/2020:14:34:53 +0900] "GET /home/en/about/about.do HTTP/1.0" 200 14811
35.185.12.219 - - [25/Jan/2020:14:34:54 +0900] "GET /error/kr/error.jsp HTTP/1.0" 500 3570
35.185.12.219 - - [25/Jan/2020:14:34:55 +0900] "GET /home/en/contact/contact.do HTTP/1.0" 200 5187
35.185.12.219 - - [25/Jan/2020:14:34:56 +0900] "GET /error/kr/error.jsp HTTP/1.0" 500 3570
35.185.12.219 - - [25/Jan/2020:14:34:57 +0900] "GET /home/en/watwedo/philosophy.do HTTP/1.0" 200 7112
35.185.12.219 - - [25/Jan/2020:14:34:59 +0900] "GET /error/kr/error.jsp HTTP/1.0" 500 3570
35.185.12.219 - - [25/Jan/2020:14:34:59 +0900] "GET /home/main/main.do HTTP/1.0" 200 12222
119.207.72.111 - - [25/Jan/2020:14:52:15 +0900] "GET /index.jsp HTTP/1.1" 302 -
119.207.72.111 - - [25/Jan/2020:14:52:15 +0900] "GET /home/main/main.do HTTP/1.1" 200 12222
220.181.108.153 - - [25/Jan/2020:14:57:26 +0900] "GET /home/en/about/about.do HTTP/1.1" 200 14811
123.125.67.227 - - [25/Jan/2020:14:57:27 +0900] "GET /error/kr/error.jsp HTTP/1.1" 500 3570
207.46.13.150 - - [25/Jan/2020:15:01:12 +0900] "GET /home/whoweare/korea.do HTTP/1.1" 200 30366
1.247.48.236 - - [25/Jan/2020:15:04:13 +0900] "GET /home/main/main.do HTTP/1.1" 200 8898
1.247.48.236 - - [25/Jan/2020:15:04:14 +0900] "GET /error/kr/error.jsp HTTP/1.1" 500 3762
1.247.48.236 - - [25/Jan/2020:15:04:19 +0900] "GET /home/whoweare/korea.do HTTP/1.1" 200 44336
1.247.48.236 - - [25/Jan/2020:15:05:42 +0900] "GET /home/whoweare/korea.do HTTP/1.1" 200 44336
193.111.62.163 - - [25/Jan/2020:15:15:06 +0900] "GET /home/news/news/list.do HTTP/1.1" 200 7091
77.75.77.119 - - [25/Jan/2020:15:17:05 +0900] "GET /error/kr/error.jsp HTTP/1.1" 500 3570
1.247.48.236 - - [25/Jan/2020:15:18:34 +0900] "GET /home/main/main.do HTTP/1.1" 200 8898
1.247.48.236 - - [25/Jan/2020:15:18:35 +0900] "GET /error/kr/error.jsp HTTP/1.1" 500 3762
1.247.48.236 - - [25/Jan/2020:15:18:38 +0900] "GET /home/whoweare/korea.do HTTP/1.1" 200 44336
116.3.7.21 - - [25/Jan/2020:15:18:57 +0900] "GET /error/kr/error.jsp HTTP/1.1" 500 3570
1.247.48.236 - - [25/Jan/2020:15:23:44 +0900] "GET /home/main/main.do HTTP/1.1" 200 8898
1.247.48.236 - - [25/Jan/2020:15:23:45 +0900] "GET /error/kr/error.jsp HTTP/1.1" 500 3762
1.247.48.236 - - [25/Jan/2020:15:23:49 +0900] "GET /home/whoweare/korea.do HTTP/1.1" 200 44336
147.47.85.195 - - [25/Jan/2020:15:23:51 +0900] "GET /index.jsp HTTP/1.1" 302 -
147.47.85.195 - - [25/Jan/2020:15:23:51 +0900] "GET /home/en/main/main.do HTTP/1.1" 200 11080
34.73.190.39 - - [25/Jan/2020:15:25:19 +0900] "GET /index.jsp HTTP/1.1" 302 -
34.73.190.39 - - [25/Jan/2020:15:25:19 +0900] "GET /home/main/main.do HTTP/1.1" 200 12222
147.47.85.195 - - [25/Jan/2020:15:30:12 +0900] "GET /index.jsp HTTP/1.1" 302 -
147.47.85.195 - - [25/Jan/2020:15:30:12 +0900] "GET /home/en/main/main.do HTTP/1.1" 200 11080
125.209.235.167 - - [25/Jan/2020:15:31:21 +0900] "GET /error/kr/error.jsp HTTP/1.1" 500 3570
147.47.85.195 - - [25/Jan/2020:15:31:22 +0900] "GET /home/en/meetourpartners/all.do HTTP/1.1" 200 95227
147.47.85.195 - - [25/Jan/2020:15:31:30 +0900] "GET /home/en/whoweare/korea.do HTTP/1.1" 200 30344
103.69.219.150 - - [25/Jan/2020:15:44:05 +0900] "GET /index.jsp HTTP/1.1" 302 -
64.209.89.103 - - [25/Jan/2020:16:01:59 +0900] "GET /index.jsp HTTP/1.0" 302 -
23.100.232.233 - - [25/Jan/2020:16:03:33 +0900] "GET /home/en/about/about.do HTTP/1.1" 200 14811
23.100.232.233 - - [25/Jan/2020:16:04:46 +0900] "GET /index.jsp HTTP/1.1" 302 -
23.100.232.233 - - [25/Jan/2020:16:04:46 +0900] "GET /home/en/main/main.do HTTP/1.1" 200 11080
114.159.157.246 - - [25/Jan/2020:16:13:22 +0900] "GET /home/main/main.do HTTP/1.1" 200 8898
114.159.157.246 - - [25/Jan/2020:16:13:23 +0900] "GET /error/kr/error.jsp HTTP/1.1" 500 3762
114.159.157.246 - - [25/Jan/2020:16:13:32 +0900] "GET /home/whoweare/korea.do HTTP/1.1" 200 44336
114.159.157.246 - - [25/Jan/2020:16:14:29 +0900] "GET /home/whoweare/korea.do HTTP/1.1" 200 44336
114.159.157.246 - - [25/Jan/2020:16:15:10 +0900] "GET /home/whoweare/korea.do HTTP/1.1" 200 44336
114.159.157.246 - - [25/Jan/2020:16:15:28 +0900] "GET /home/meetourpartners/all.do HTTP/1.1" 200 105128
193.111.62.163 - - [25/Jan/2020:16:19:49 +0900] "GET /home/news/news/list.do HTTP/1.1" 200 7091
23.226.211.217 - - [25/Jan/2020:16:22:57 +0900] "GET /index.jsp HTTP/1.1" 302 -
23.226.211.217 - - [25/Jan/2020:16:22:57 +0900] "GET /home/en/main/main.do HTTP/1.1" 200 11080
34.199.176.251 - - [25/Jan/2020:16:25:37 +0900] "GET /home/news/news/list.do HTTP/1.1" 200 7091
34.199.176.251 - - [25/Jan/2020:16:26:31 +0900] "GET /home/news/news/list.do HTTP/1.1" 200 7091
111.206.36.10 - - [25/Jan/2020:16:32:35 +0900] "GET /home/en/contact/contact.do HTTP/1.1" 200 5187
184.95.42.98 - - [25/Jan/2020:17:01:33 +0900] "GET /error/kr/error.jsp HTTP/1.1" 500 3570
184.95.42.98 - - [25/Jan/2020:17:01:33 +0900] "GET /error/kr/error.jsp HTTP/1.1" 500 3570
184.95.42.98 - - [25/Jan/2020:17:01:34 +0900] "GET /error/kr/error.jsp HTTP/1.1" 500 3570
184.95.42.98 - - [25/Jan/2020:17:01:34 +0900] "GET /error/kr/error.jsp HTTP/1.1" 500 3570
184.95.42.98 - - [25/Jan/2020:17:01:34 +0900] "GET /error/kr/error.jsp HTTP/1.1" 500 3570
184.95.42.98 - - [25/Jan/2020:17:01:35 +0900] "GET /error/kr/error.jsp HTTP/1.1" 500 3570
34.199.176.251 - - [25/Jan/2020:17:06:52 +0900] "GET /home/news/news/view.do?num=3 HTTP/1.1" 200 5573
34.199.176.251 - - [25/Jan/2020:17:06:52 +0900] "GET /home/news/news/view.do HTTP/1.1" 500 3570
34.199.176.251 - - [25/Jan/2020:17:07:09 +0900] "GET /home/news/news/view.do?num=3 HTTP/1.1" 200 5573
34.199.176.251 - - [25/Jan/2020:17:07:09 +0900] "GET /home/news/news/view.do HTTP/1.1" 500 3570
23.100.232.233 - - [25/Jan/2020:17:08:07 +0900] "GET /home/en/about/about.do HTTP/1.1" 200 14811
66.249.75.220 - - [25/Jan/2020:17:13:06 +0900] "GET /error/kr/error.jsp HTTP/1.1" 500 3762
193.111.62.163 - - [25/Jan/2020:17:14:11 +0900] "GET /home/news/news/list.do HTTP/1.1" 200 7091
115.95.243.103 - - [25/Jan/2020:17:20:50 +0900] "GET /index.jsp HTTP/1.1" 302 -
115.95.243.103 - - [25/Jan/2020:17:20:50 +0900] "GET /home/main/main.do HTTP/1.1" 200 12222
115.95.243.103 - - [25/Jan/2020:17:20:51 +0900] "GET /home/main/main.do HTTP/1.1" 200 12222
115.95.243.103 - - [25/Jan/2020:17:20:55 +0900] "GET /home/whoweare/korea.do HTTP/1.1" 200 30366
66.249.75.178 - - [25/Jan/2020:17:23:14 +0900] "GET /error/kr/error.jsp HTTP/1.1" 500 3570
37.143.15.220 - - [25/Jan/2020:17:23:30 +0900] "GET /index.jsp HTTP/1.1" 302 -
125.209.235.173 - - [25/Jan/2020:17:31:19 +0900] "GET /error/kr/error.jsp HTTP/1.1" 500 3570
125.209.235.177 - - [25/Jan/2020:17:31:21 +0900] "GET /error/kr/error.jsp HTTP/1.1" 500 3570
54.183.150.98 - - [25/Jan/2020:17:39:03 +0900] "HEAD /index.jsp HTTP/1.1" 302 -
54.183.150.98 - - [25/Jan/2020:17:39:03 +0900] "HEAD /home/main/main.do HTTP/1.1" 200 -
23.100.232.233 - - [25/Jan/2020:17:48:37 +0900] "GET /home/en/about/about.do HTTP/1.1" 200 14811
66.249.75.218 - - [25/Jan/2020:17:52:51 +0900] "GET /error/kr/error.jsp HTTP/1.1" 500 3762
34.199.176.251 - - [25/Jan/2020:17:56:30 +0900] "GET /home/news/news/view.do?num=2 HTTP/1.1" 200 6974
34.199.176.251 - - [25/Jan/2020:17:56:37 +0900] "GET /home/news/news/view.do HTTP/1.1" 500 3570
38.99.62.91 - - [25/Jan/2020:18:08:50 +0900] "GET /home/meetourpartners/all.do HTTP/1.1" 200 101569
38.99.62.91 - - [25/Jan/2020:18:09:30 +0900] "GET /home/en/meetourpartners/all.do HTTP/1.1" 200 95227
38.99.62.91 - - [25/Jan/2020:18:10:10 +0900] "GET /home/meetourpartners/domestic.do HTTP/1.1" 200 73451
38.99.62.91 - - [25/Jan/2020:18:13:00 +0900] "GET /home/en/meetourpartners/all.do HTTP/1.1" 200 95227
221.13.12.16 - - [25/Jan/2020:18:13:06 +0900] "HEAD /index.jsp HTTP/1.1" 302 -
221.13.12.16 - - [25/Jan/2020:18:13:07 +0900] "HEAD /home/en/main/main.do HTTP/1.1" 200 -
38.99.62.91 - - [25/Jan/2020:18:13:39 +0900] "GET /home/meetourpartners/domestic.do HTTP/1.1" 200 73451
222.231.30.115 - - [25/Jan/2020:18:14:39 +0900] "GET /index.jsp HTTP/1.1" 302 -
222.231.30.115 - - [25/Jan/2020:18:14:39 +0900] "GET /home/main/main.do HTTP/1.1" 200 12222
222.231.30.115 - - [25/Jan/2020:18:14:41 +0900] "GET /home/main/main.do HTTP/1.1" 200 12222
222.231.30.115 - - [25/Jan/2020:18:14:42 +0900] "GET /home/main/main.do HTTP/1.1" 200 12222
193.111.62.163 - - [25/Jan/2020:18:20:28 +0900] "GET /home/news/news/list.do HTTP/1.1" 200 7091
38.99.62.91 - - [25/Jan/2020:18:22:11 +0900] "GET /home/meetourpartners/all.do HTTP/1.1" 200 101569
38.99.62.91 - - [25/Jan/2020:18:22:37 +0900] "GET /home/meetourpartners/domestic.do HTTP/1.1" 200 73451
38.99.62.91 - - [25/Jan/2020:18:26:30 +0900] "GET /home/en/meetourpartners/all.do HTTP/1.1" 200 95227
121.234.74.47 - - [25/Jan/2020:18:26:36 +0900] "GET /home/en/meetourpartners/all.do HTTP/1.1" 200 95227
38.99.62.91 - - [25/Jan/2020:18:27:10 +0900] "GET /home/en/meetourpartners/all.do HTTP/1.1" 200 95227
38.99.62.91 - - [25/Jan/2020:18:27:50 +0900] "GET /home/meetourpartners/domestic.do HTTP/1.1" 200 73451
34.216.175.253 - - [25/Jan/2020:18:30:28 +0900] "GET /index.jsp HTTP/1.1" 302 -
34.216.175.253 - - [25/Jan/2020:18:30:29 +0900] "GET /home/main/main.do HTTP/1.1" 200 12222
34.216.175.253 - - [25/Jan/2020:18:30:29 +0900] "GET /home/watwedo/overview.do HTTP/1.1" 200 6147
34.216.175.253 - - [25/Jan/2020:18:30:29 +0900] "GET /home/meetourpartners/all.do HTTP/1.1" 200 101569
34.216.175.253 - - [25/Jan/2020:18:30:29 +0900] "GET /home/whoweare/korea.do HTTP/1.1" 200 30366
34.216.175.253 - - [25/Jan/2020:18:30:29 +0900] "GET /home/en/main/main.do HTTP/1.1" 200 11080
34.216.175.253 - - [25/Jan/2020:18:30:29 +0900] "GET /home/about/about.do HTTP/1.1" 200 14216
34.216.175.253 - - [25/Jan/2020:18:30:29 +0900] "GET /home/watwedo/philosophy.do HTTP/1.1" 200 7162
222.186.19.221 - - [25/Jan/2020:18:30:47 +0900] "CONNECT /index.jsp HTTP/1.1" 405 1105
38.99.62.91 - - [25/Jan/2020:18:31:06 +0900] "GET /home/meetourpartners/overseas.do HTTP/1.1" 200 32620
38.99.62.91 - - [25/Jan/2020:18:31:45 +0900] "GET /home/meetourpartners/all.do HTTP/1.1" 200 101569
38.99.62.91 - - [25/Jan/2020:18:32:25 +0900] "GET /home/meetourpartners/overseas.do HTTP/1.1" 200 32620
38.99.62.91 - - [25/Jan/2020:18:34:11 +0900] "GET /home/meetourpartners/all.do HTTP/1.1" 200 101569
38.99.62.91 - - [25/Jan/2020:18:34:50 +0900] "GET /home/meetourpartners/overseas.do HTTP/1.1" 200 32620
38.99.62.91 - - [25/Jan/2020:18:35:55 +0900] "GET /home/meetourpartners/all.do HTTP/1.1" 200 101569
38.99.62.91 - - [25/Jan/2020:18:36:35 +0900] "GET /home/meetourpartners/overseas.do HTTP/1.1" 200 32620
38.99.62.91 - - [25/Jan/2020:18:38:35 +0900] "GET /home/meetourpartners/all.do HTTP/1.1" 200 101569
