207.46.13.154 - - [27/Dec/2019:00:02:35 +0900] "GET /error/kr/error.jsp HTTP/1.1" 500 3570
103.131.71.40 - - [27/Dec/2019:00:04:37 +0900] "GET /error/kr/error.jsp HTTP/1.1" 500 3570
103.131.71.39 - - [27/Dec/2019:00:04:39 +0900] "GET /error/kr/error.jsp HTTP/1.1" 500 3762
103.131.71.37 - - [27/Dec/2019:00:04:43 +0900] "GET /error/kr/error.jsp HTTP/1.1" 500 3570
125.209.235.175 - - [27/Dec/2019:00:08:20 +0900] "GET /error/kr/error.jsp HTTP/1.1" 500 3570
125.209.235.168 - - [27/Dec/2019:00:08:23 +0900] "GET /error/kr/error.jsp HTTP/1.1" 500 3570
110.229.222.36 - - [27/Dec/2019:00:08:29 +0900] "GET /error/kr/error.jsp HTTP/1.1" 500 3570
193.111.62.163 - - [27/Dec/2019:00:14:08 +0900] "GET /home/news/news/list.do HTTP/1.1" 200 7091
62.210.111.118 - - [27/Dec/2019:00:15:04 +0900] "GET /error/kr/error.jsp HTTP/1.1" 500 3570
157.55.39.138 - - [27/Dec/2019:00:17:05 +0900] "GET /error/kr/error.jsp HTTP/1.1" 500 3570
31.13.115.13 - - [27/Dec/2019:00:20:19 +0900] "GET /index.jsp?fbclid=IwAR3LZ9ByDGM46BgNbYv0NF74ertw49sFVmUuyXiXGoLmiFi8IKzUoy4tdvc HTTP/1.1" 302 -
31.13.115.13 - - [27/Dec/2019:00:20:19 +0900] "GET /home/en/main/main.do HTTP/1.1" 200 11080
117.239.149.94 - - [27/Dec/2019:00:20:42 +0900] "GET /error/kr/error.jsp HTTP/1.1" 500 3570
178.93.13.96 - - [27/Dec/2019:00:24:17 +0900] "GET /index.jsp HTTP/1.1" 302 -
91.240.109.1 - - [27/Dec/2019:00:30:20 +0900] "GET /index.jsp HTTP/1.1" 302 -
91.240.109.1 - - [27/Dec/2019:00:30:21 +0900] "GET /home/main/main.do HTTP/1.1" 200 12222
45.33.66.85 - - [27/Dec/2019:00:37:07 +0900] "GET /error/kr/error.jsp HTTP/1.1" 500 3570
211.56.145.140 - - [27/Dec/2019:00:38:09 +0900] "GET /index.jsp HTTP/1.1" 302 -
211.56.145.140 - - [27/Dec/2019:00:38:09 +0900] "GET /home/main/main.do HTTP/1.1" 302 -
211.56.145.140 - - [27/Dec/2019:00:38:09 +0900] "GET /home/main/main.do HTTP/1.1" 200 8898
2.85.114.194 - - [27/Dec/2019:00:43:38 +0900] "GET /index.jsp HTTP/1.0" 302 -
34.199.176.251 - - [27/Dec/2019:00:46:32 +0900] "GET /home/news/news/list.do HTTP/1.1" 200 7091
157.55.39.138 - - [27/Dec/2019:00:58:57 +0900] "GET /error/kr/error.jsp HTTP/1.1" 500 3570
125.120.207.73 - - [27/Dec/2019:01:08:37 +0900] "GET /home/en/main/main.do HTTP/1.1" 200 11080
207.46.13.242 - - [27/Dec/2019:01:09:39 +0900] "GET /error/kr/error.jsp HTTP/1.1" 500 3570
193.111.62.163 - - [27/Dec/2019:01:18:59 +0900] "GET /home/news/news/list.do HTTP/1.1" 200 7091
207.46.13.242 - - [27/Dec/2019:01:20:19 +0900] "GET /error/kr/error.jsp HTTP/1.1" 500 3570
157.55.39.138 - - [27/Dec/2019:01:20:36 +0900] "GET /index.jsp HTTP/1.1" 302 -
157.55.39.138 - - [27/Dec/2019:01:28:04 +0900] "GET /index.jsp HTTP/1.1" 302 -
180.163.220.42 - - [27/Dec/2019:01:29:46 +0900] "GET /index.jsp HTTP/1.1" 302 -
180.163.220.42 - - [27/Dec/2019:01:29:47 +0900] "GET /home/en/main/main.do HTTP/1.1" 200 11080
119.207.72.108 - - [27/Dec/2019:01:31:09 +0900] "GET /home/main/main.do HTTP/1.1" 200 12222
207.46.13.154 - - [27/Dec/2019:01:31:31 +0900] "GET /error/kr/error.jsp HTTP/1.1" 500 3570
138.204.133.255 - - [27/Dec/2019:01:35:19 +0900] "GET /index.jsp HTTP/1.1" 302 -
90.218.30.127 - - [27/Dec/2019:01:41:39 +0900] "GET /index.jsp HTTP/1.1" 302 -
157.55.39.164 - - [27/Dec/2019:01:55:31 +0900] "GET /error/kr/error.jsp HTTP/1.1" 500 3570
157.55.39.164 - - [27/Dec/2019:02:01:08 +0900] "GET /error/kr/error.jsp HTTP/1.1" 500 3570
202.168.64.24 - - [27/Dec/2019:02:07:17 +0900] "GET /index.jsp HTTP/1.0" 302 -
125.209.235.174 - - [27/Dec/2019:02:08:22 +0900] "GET /error/kr/error.jsp HTTP/1.1" 500 3570
128.14.209.234 - - [27/Dec/2019:02:14:19 +0900] "GET /error/kr/error.jsp HTTP/1.1" 500 3570
193.111.62.163 - - [27/Dec/2019:02:15:59 +0900] "GET /home/news/news/list.do HTTP/1.1" 200 7091
34.199.176.251 - - [27/Dec/2019:02:23:25 +0900] "GET /home/news/news/view.do?num=2 HTTP/1.1" 200 6974
34.199.176.251 - - [27/Dec/2019:02:23:25 +0900] "GET /home/news/news/view.do HTTP/1.1" 500 3570
125.105.39.72 - - [27/Dec/2019:02:30:08 +0900] "GET /index.jsp?author=1 HTTP/1.1" 302 -
125.105.39.72 - - [27/Dec/2019:02:30:09 +0900] "GET /error/kr/error.jsp HTTP/1.1" 500 3570
125.105.39.72 - - [27/Dec/2019:02:30:09 +0900] "GET /error/kr/error.jsp HTTP/1.1" 500 3570
125.105.39.72 - - [27/Dec/2019:02:30:09 +0900] "GET /error/kr/error.jsp HTTP/1.1" 500 3570
119.207.72.151 - - [27/Dec/2019:02:36:09 +0900] "GET /index.jsp HTTP/1.1" 302 -
119.207.72.151 - - [27/Dec/2019:02:36:09 +0900] "GET /home/main/main.do HTTP/1.1" 200 12222
207.46.13.242 - - [27/Dec/2019:02:48:18 +0900] "GET /error/kr/error.jsp HTTP/1.1" 500 3570
157.55.39.204 - - [27/Dec/2019:02:48:30 +0900] "GET /error/kr/error.jsp HTTP/1.1" 500 3570
157.55.39.204 - - [27/Dec/2019:02:52:07 +0900] "GET /error/kr/error.jsp HTTP/1.1" 500 3570
54.235.17.83 - - [27/Dec/2019:02:52:34 +0900] "GET /error/kr/error.jsp HTTP/1.1" 500 3570
54.235.17.83 - - [27/Dec/2019:02:52:35 +0900] "GET /error/kr/error.jsp HTTP/1.1" 500 3570
34.199.176.251 - - [27/Dec/2019:02:57:24 +0900] "GET /index.jsp HTTP/1.1" 302 -
34.199.176.251 - - [27/Dec/2019:02:57:24 +0900] "GET /home/main/main.do HTTP/1.1" 200 12222
207.46.13.242 - - [27/Dec/2019:03:02:08 +0900] "GET /error/kr/error.jsp HTTP/1.1" 500 3570
193.111.62.163 - - [27/Dec/2019:03:19:33 +0900] "GET /home/news/news/list.do HTTP/1.1" 200 7091
66.249.73.86 - - [27/Dec/2019:03:37:14 +0900] "GET /error/kr/error.jsp HTTP/1.1" 500 3570
183.178.11.66 - - [27/Dec/2019:03:37:32 +0900] "GET /index.jsp HTTP/1.1" 302 -
157.55.39.204 - - [27/Dec/2019:03:41:23 +0900] "GET /error/kr/error.jsp HTTP/1.1" 500 3570
157.55.39.204 - - [27/Dec/2019:03:41:52 +0900] "GET /error/kr/error.jsp HTTP/1.1" 500 3570
17.58.96.164 - - [27/Dec/2019:03:52:07 +0900] "GET /error/kr/error.jsp HTTP/1.1" 500 3570
17.58.96.118 - - [27/Dec/2019:03:52:07 +0900] "GET /error/kr/error.jsp HTTP/1.1" 500 3570
125.209.235.168 - - [27/Dec/2019:04:08:22 +0900] "GET /error/kr/error.jsp HTTP/1.1" 500 3570
193.111.62.163 - - [27/Dec/2019:04:13:52 +0900] "GET /home/news/news/list.do HTTP/1.1" 200 7091
34.199.176.251 - - [27/Dec/2019:04:26:23 +0900] "GET /home/news/news/list.do HTTP/1.1" 200 7091
34.199.176.251 - - [27/Dec/2019:04:27:19 +0900] "GET /home/news/news/list.do HTTP/1.1" 200 7091
121.254.147.237 - - [27/Dec/2019:04:37:31 +0900] "GET /index.jsp HTTP/1.1" 302 -
121.254.147.237 - - [27/Dec/2019:04:37:31 +0900] "GET /home/en/main/main.do HTTP/1.1" 200 11080
207.46.13.154 - - [27/Dec/2019:04:43:42 +0900] "GET /error/kr/error.jsp HTTP/1.1" 500 3570
222.231.30.115 - - [27/Dec/2019:04:56:09 +0900] "GET /index.jsp HTTP/1.1" 302 -
222.231.30.115 - - [27/Dec/2019:04:56:09 +0900] "GET /home/main/main.do HTTP/1.1" 200 12222
222.231.30.115 - - [27/Dec/2019:04:56:11 +0900] "GET /home/main/main.do HTTP/1.1" 200 12222
222.231.30.115 - - [27/Dec/2019:04:56:12 +0900] "GET /home/main/main.do HTTP/1.1" 200 12222
120.92.139.80 - - [27/Dec/2019:05:05:24 +0900] "GET /error/kr/error.jsp HTTP/1.1" 500 3570
221.213.75.60 - - [27/Dec/2019:05:11:06 +0900] "GET /index.jsp HTTP/1.1" 302 -
221.213.75.60 - - [27/Dec/2019:05:11:07 +0900] "GET /home/en/main/main.do HTTP/1.1" 200 11080
193.111.62.163 - - [27/Dec/2019:05:13:05 +0900] "GET /home/news/news/list.do HTTP/1.1" 200 7091
124.50.161.225 - - [27/Dec/2019:05:15:50 +0900] "GET /index.jsp HTTP/1.1" 302 -
124.50.161.225 - - [27/Dec/2019:05:15:50 +0900] "GET /home/main/main.do HTTP/1.1" 200 12222
124.50.161.225 - - [27/Dec/2019:05:15:58 +0900] "GET /home/contact/contact.do HTTP/1.1" 200 5224
157.55.39.240 - - [27/Dec/2019:05:16:35 +0900] "GET /error/kr/error.jsp HTTP/1.1" 500 3570
157.55.39.240 - - [27/Dec/2019:05:18:35 +0900] "GET /error/kr/error.jsp HTTP/1.1" 500 3570
94.123.86.187 - - [27/Dec/2019:05:20:19 +0900] "GET /index.jsp HTTP/1.1" 302 -
94.123.86.187 - - [27/Dec/2019:05:20:19 +0900] "GET /home/en/main/main.do HTTP/1.1" 200 8279
94.123.86.187 - - [27/Dec/2019:05:20:24 +0900] "GET /error/kr/error.jsp HTTP/1.1" 500 3762
180.229.1.195 - - [27/Dec/2019:05:21:29 +0900] "GET /index.jsp HTTP/1.1" 302 -
180.229.1.195 - - [27/Dec/2019:05:21:29 +0900] "GET /home/main/main.do HTTP/1.1" 200 12222
180.229.1.195 - - [27/Dec/2019:05:21:35 +0900] "GET /home/contact/contact.do HTTP/1.1" 200 5224
77.75.79.62 - - [27/Dec/2019:05:29:42 +0900] "GET /error/kr/error.jsp HTTP/1.1" 500 3570
77.75.79.62 - - [27/Dec/2019:05:29:46 +0900] "GET /home/whoweare/china.do HTTP/1.1" 200 10340
77.75.79.62 - - [27/Dec/2019:05:29:48 +0900] "GET /error/kr/error.jsp HTTP/1.1" 500 3570
207.46.13.154 - - [27/Dec/2019:05:30:10 +0900] "GET /error/kr/error.jsp HTTP/1.1" 500 3570
207.46.13.154 - - [27/Dec/2019:05:35:26 +0900] "GET /error/kr/error.jsp HTTP/1.1" 500 3570
45.33.66.85 - - [27/Dec/2019:05:37:09 +0900] "GET /error/kr/error.jsp HTTP/1.1" 500 3570
157.55.39.240 - - [27/Dec/2019:05:41:30 +0900] "GET /error/kr/error.jsp HTTP/1.1" 500 3570
157.55.39.164 - - [27/Dec/2019:05:56:56 +0900] "GET /error/kr/error.jsp HTTP/1.1" 500 3570
125.209.235.169 - - [27/Dec/2019:06:08:22 +0900] "GET /error/kr/error.jsp HTTP/1.1" 500 3570
207.46.13.242 - - [27/Dec/2019:06:11:13 +0900] "GET /error/kr/error.jsp HTTP/1.1" 500 3570
193.111.62.163 - - [27/Dec/2019:06:11:50 +0900] "GET /home/news/news/list.do HTTP/1.1" 200 7091
78.132.139.97 - - [27/Dec/2019:06:12:30 +0900] "GET /index.jsp HTTP/1.1" 302 -
193.106.30.146 - - [27/Dec/2019:06:22:34 +0900] "GET /index.jsp HTTP/1.1" 302 -
193.106.30.146 - - [27/Dec/2019:06:22:34 +0900] "GET /home/main/main.do HTTP/1.1" 200 12222
34.199.176.251 - - [27/Dec/2019:06:42:52 +0900] "GET /home/news/news/view.do?num=1 HTTP/1.1" 200 8971
34.199.176.251 - - [27/Dec/2019:06:42:52 +0900] "GET /home/news/news/view.do HTTP/1.1" 500 3570
34.199.176.251 - - [27/Dec/2019:06:44:45 +0900] "GET /home/news/news/view.do?num=1 HTTP/1.1" 200 8971
34.199.176.251 - - [27/Dec/2019:06:44:46 +0900] "GET /home/news/news/view.do HTTP/1.1" 500 3570
157.55.39.240 - - [27/Dec/2019:06:49:44 +0900] "GET /error/kr/error.jsp HTTP/1.1" 500 3570
207.180.211.90 - - [27/Dec/2019:06:49:55 +0900] "GET /index.jsp HTTP/1.0" 302 -
170.238.36.21 - - [27/Dec/2019:07:05:03 +0900] "GET /index.jsp HTTP/1.0" 302 -
77.75.78.170 - - [27/Dec/2019:07:05:13 +0900] "GET /error/kr/error.jsp HTTP/1.1" 500 3570
77.75.78.170 - - [27/Dec/2019:07:05:24 +0900] "GET /home/meetourpartners/domestic.do HTTP/1.1" 200 73451
66.249.73.84 - - [27/Dec/2019:07:06:41 +0900] "GET /error/kr/error.jsp HTTP/1.1" 500 3570
157.55.39.240 - - [27/Dec/2019:07:09:56 +0900] "GET /error/kr/error.jsp HTTP/1.1" 500 3570
193.111.62.163 - - [27/Dec/2019:07:11:31 +0900] "GET /home/news/news/list.do HTTP/1.1" 200 7091
110.229.222.36 - - [27/Dec/2019:07:31:06 +0900] "GET /error/kr/error.jsp HTTP/1.1" 500 3570
45.83.66.152 - - [27/Dec/2019:07:50:41 +0900] "GET /index.jsp HTTP/1.1" 302 -
216.244.66.242 - - [27/Dec/2019:07:54:04 +0900] "GET /error/kr/error.jsp HTTP/1.1" 500 3570
119.207.72.115 - - [27/Dec/2019:07:56:59 +0900] "GET /home/whoweare/korea.do HTTP/1.1" 200 31387
157.55.39.164 - - [27/Dec/2019:08:02:26 +0900] "GET /error/kr/error.jsp HTTP/1.1" 500 3570
61.103.49.10 - - [27/Dec/2019:08:06:56 +0900] "GET /home/main/main.do HTTP/1.1" 200 12222
125.209.235.184 - - [27/Dec/2019:08:08:22 +0900] "GET /error/kr/error.jsp HTTP/1.1" 500 3570
193.111.62.163 - - [27/Dec/2019:08:14:43 +0900] "GET /home/news/news/list.do HTTP/1.1" 200 7091
175.114.137.208 - - [27/Dec/2019:08:39:09 +0900] "GET /index.jsp HTTP/1.1" 302 -
175.114.137.208 - - [27/Dec/2019:08:39:09 +0900] "GET /home/main/main.do HTTP/1.1" 200 12222
175.114.137.208 - - [27/Dec/2019:08:40:03 +0900] "GET /index.jsp HTTP/1.1" 302 -
175.114.137.208 - - [27/Dec/2019:08:40:03 +0900] "GET /home/main/main.do HTTP/1.1" 200 12222
175.114.137.208 - - [27/Dec/2019:08:40:09 +0900] "GET /home/about/about.do HTTP/1.1" 200 14216
175.114.137.208 - - [27/Dec/2019:08:40:11 +0900] "GET /home/watwedo/overview.do HTTP/1.1" 200 6147
175.114.137.208 - - [27/Dec/2019:08:40:20 +0900] "GET /home/whoweare/korea.do HTTP/1.1" 200 31387
175.114.137.208 - - [27/Dec/2019:08:40:23 +0900] "GET /home/meetourpartners/all.do HTTP/1.1" 200 101569
175.114.137.208 - - [27/Dec/2019:08:40:24 +0900] "GET /home/news/news/list.do HTTP/1.1" 200 7091
175.114.137.208 - - [27/Dec/2019:08:40:25 +0900] "GET /home/contact/contact.do HTTP/1.1" 200 5224
175.114.137.208 - - [27/Dec/2019:08:40:25 +0900] "GET /home/about/about.do HTTP/1.1" 200 14216
175.114.137.208 - - [27/Dec/2019:08:40:42 +0900] "GET /home/main/main.do HTTP/1.1" 200 12222
211.36.159.162 - - [27/Dec/2019:08:44:22 +0900] "GET /index.jsp HTTP/1.1" 302 -
211.36.159.162 - - [27/Dec/2019:08:44:22 +0900] "GET /home/main/main.do HTTP/1.1" 302 -
211.36.159.162 - - [27/Dec/2019:08:44:22 +0900] "GET /home/main/main.do HTTP/1.1" 200 8898
211.36.159.162 - - [27/Dec/2019:08:44:22 +0900] "GET /error/kr/error.jsp HTTP/1.1" 500 3762
175.114.137.208 - - [27/Dec/2019:08:44:30 +0900] "GET /index.jsp HTTP/1.1" 302 -
175.114.137.208 - - [27/Dec/2019:08:44:30 +0900] "GET /home/main/main.do HTTP/1.1" 200 12222
211.36.159.162 - - [27/Dec/2019:08:44:38 +0900] "GET /home/about/about.do HTTP/1.1" 200 15329
211.36.159.162 - - [27/Dec/2019:08:44:39 +0900] "GET /error/kr/error.jsp HTTP/1.1" 500 3762
211.36.159.162 - - [27/Dec/2019:08:44:44 +0900] "GET /home/watwedo/overview.do HTTP/1.1" 200 7044
66.249.73.82 - - [27/Dec/2019:08:45:37 +0900] "GET /error/kr/error.jsp HTTP/1.1" 500 3570
175.114.137.208 - - [27/Dec/2019:08:47:30 +0900] "GET /index.jsp HTTP/1.1" 302 -
175.114.137.208 - - [27/Dec/2019:08:47:30 +0900] "GET /home/main/main.do HTTP/1.1" 200 12222
77.75.79.72 - - [27/Dec/2019:08:50:16 +0900] "GET /error/kr/error.jsp HTTP/1.1" 500 3570
77.75.79.72 - - [27/Dec/2019:08:50:19 +0900] "GET /home/contact/contact.do HTTP/1.1" 200 5224
207.46.13.242 - - [27/Dec/2019:08:52:33 +0900] "GET /error/kr/error.jsp HTTP/1.1" 500 3570
61.103.49.10 - - [27/Dec/2019:09:02:21 +0900] "GET /home/main/main.do HTTP/1.1" 200 12222
159.65.188.111 - - [27/Dec/2019:09:09:01 +0900] "GET /index.jsp HTTP/1.0" 302 -
123.54.237.104 - - [27/Dec/2019:09:11:39 +0900] "GET /error/kr/error.jsp HTTP/1.1" 500 3570
142.93.69.33 - - [27/Dec/2019:09:12:05 +0900] "GET /index.jsp HTTP/1.1" 302 -
142.93.69.33 - - [27/Dec/2019:09:12:06 +0900] "GET /home/main/main.do HTTP/1.1" 200 12222
142.93.69.33 - - [27/Dec/2019:09:12:22 +0900] "GET /error/kr/error.jsp HTTP/1.1" 500 3570
142.93.69.33 - - [27/Dec/2019:09:12:37 +0900] "GET /home/watwedo/overview.do HTTP/1.1" 200 6147
142.93.69.33 - - [27/Dec/2019:09:12:37 +0900] "GET /home/en/main/main.do HTTP/1.1" 200 11080
142.93.69.33 - - [27/Dec/2019:09:12:38 +0900] "GET /home/whoweare/korea.do HTTP/1.1" 200 31387
142.93.69.33 - - [27/Dec/2019:09:12:38 +0900] "GET /home/meetourpartners/all.do HTTP/1.1" 200 101569
142.93.69.33 - - [27/Dec/2019:09:12:39 +0900] "GET /home/news/news/list.do HTTP/1.1" 200 7091
142.93.69.33 - - [27/Dec/2019:09:12:40 +0900] "GET /home/contact/contact.do HTTP/1.1" 200 5224
142.93.69.33 - - [27/Dec/2019:09:12:40 +0900] "GET /home/about/about.do HTTP/1.1" 200 14216
142.93.69.33 - - [27/Dec/2019:09:12:40 +0900] "GET /home/news/news/view.do?num=3 HTTP/1.1" 200 5573
142.93.69.33 - - [27/Dec/2019:09:12:40 +0900] "GET /home/news/news/view.do?num=2 HTTP/1.1" 200 6974
142.93.69.33 - - [27/Dec/2019:09:12:40 +0900] "GET /home/news/news/view.do?num=1 HTTP/1.1" 200 8971
142.93.69.33 - - [27/Dec/2019:09:12:40 +0900] "GET /home/watwedo/philosophy.do HTTP/1.1" 200 7162
123.54.237.104 - - [27/Dec/2019:09:15:18 +0900] "GET /error/kr/error.jsp HTTP/1.1" 500 3570
66.249.65.186 - - [27/Dec/2019:09:15:44 +0900] "GET /error/kr/error.jsp HTTP/1.1" 500 3762
193.111.62.163 - - [27/Dec/2019:09:16:38 +0900] "GET /home/news/news/list.do HTTP/1.1" 200 7091
14.63.80.1 - - [27/Dec/2019:09:32:51 +0900] "GET /index.jsp HTTP/1.1" 302 -
14.63.80.1 - - [27/Dec/2019:09:32:51 +0900] "GET /home/main/main.do HTTP/1.1" 200 12222
14.63.80.1 - - [27/Dec/2019:09:33:18 +0900] "GET /index.jsp HTTP/1.1" 302 -
14.63.80.1 - - [27/Dec/2019:09:33:18 +0900] "GET /home/main/main.do HTTP/1.1" 200 12222
14.63.80.1 - - [27/Dec/2019:09:33:19 +0900] "GET /home/en/main/main.do HTTP/1.1" 200 11080
14.63.80.1 - - [27/Dec/2019:09:33:21 +0900] "GET /home/main/main.do HTTP/1.1" 200 12222
14.63.80.1 - - [27/Dec/2019:09:33:25 +0900] "GET /home/news/news/list.do HTTP/1.1" 200 7091
14.63.80.1 - - [27/Dec/2019:09:33:27 +0900] "GET /home/about/about.do HTTP/1.1" 200 14216
14.63.80.1 - - [27/Dec/2019:09:33:28 +0900] "GET /home/contact/contact.do HTTP/1.1" 200 5224
14.63.80.1 - - [27/Dec/2019:09:33:30 +0900] "GET /home/watwedo/overview.do HTTP/1.1" 200 6147
66.249.65.186 - - [27/Dec/2019:09:35:58 +0900] "GET /error/kr/error.jsp HTTP/1.1" 500 3762
119.207.72.113 - - [27/Dec/2019:09:44:33 +0900] "GET /home/about/about.do HTTP/1.1" 200 14216
66.249.73.84 - - [27/Dec/2019:09:45:52 +0900] "GET /error/kr/error.jsp HTTP/1.1" 500 3570
175.114.90.132 - - [27/Dec/2019:09:49:02 +0900] "GET /index.jsp HTTP/1.1" 302 -
175.114.90.132 - - [27/Dec/2019:09:49:02 +0900] "GET /home/main/main.do HTTP/1.1" 200 12222
77.89.250.106 - - [27/Dec/2019:09:55:05 +0900] "GET /index.jsp HTTP/1.1" 302 -
79.143.186.114 - - [27/Dec/2019:09:55:21 +0900] "GET /index.jsp HTTP/1.0" 302 -
207.46.13.154 - - [27/Dec/2019:10:04:53 +0900] "GET /error/kr/error.jsp HTTP/1.1" 500 3570
66.249.73.86 - - [27/Dec/2019:10:06:15 +0900] "GET /error/kr/error.jsp HTTP/1.1" 500 3570
125.209.235.167 - - [27/Dec/2019:10:08:22 +0900] "GET /error/kr/error.jsp HTTP/1.1" 500 3570
34.199.176.251 - - [27/Dec/2019:10:10:11 +0900] "GET /home/news/news/view.do?num=3 HTTP/1.1" 200 5573
34.199.176.251 - - [27/Dec/2019:10:10:11 +0900] "GET /home/news/news/view.do HTTP/1.1" 500 3570
34.199.176.251 - - [27/Dec/2019:10:10:25 +0900] "GET /home/news/news/view.do?num=3 HTTP/1.1" 200 5573
34.199.176.251 - - [27/Dec/2019:10:10:25 +0900] "GET /home/news/news/view.do HTTP/1.1" 500 3570
193.111.62.163 - - [27/Dec/2019:10:11:52 +0900] "GET /home/news/news/list.do HTTP/1.1" 200 7091
175.209.115.3 - - [27/Dec/2019:10:11:55 +0900] "GET /index.jsp HTTP/1.1" 302 -
175.209.115.3 - - [27/Dec/2019:10:11:55 +0900] "GET /home/main/main.do HTTP/1.1" 200 12222
175.209.115.3 - - [27/Dec/2019:10:12:04 +0900] "GET /home/about/about.do HTTP/1.1" 200 14216
175.209.115.3 - - [27/Dec/2019:10:12:11 +0900] "GET /home/whoweare/korea.do HTTP/1.1" 200 31387
175.209.115.3 - - [27/Dec/2019:10:12:14 +0900] "GET /home/watwedo/overview.do HTTP/1.1" 200 6147
175.209.115.3 - - [27/Dec/2019:10:12:16 +0900] "GET /home/watwedo/history.do HTTP/1.1" 200 10614
175.209.115.3 - - [27/Dec/2019:10:12:17 +0900] "GET /home/watwedo/philosophy.do HTTP/1.1" 200 7162
175.209.115.3 - - [27/Dec/2019:10:12:21 +0900] "GET /home/watwedo/overview.do HTTP/1.1" 200 6147
175.209.115.3 - - [27/Dec/2019:10:12:24 +0900] "GET /home/news/news/list.do HTTP/1.1" 200 7091
175.209.115.3 - - [27/Dec/2019:10:12:25 +0900] "GET /home/news/news/view.do?page=1&num=1 HTTP/1.1" 200 8973
175.209.115.3 - - [27/Dec/2019:10:12:29 +0900] "GET /home/news/news/list.do?page=1 HTTP/1.1" 200 7091
175.209.115.3 - - [27/Dec/2019:10:12:35 +0900] "GET /home/about/about.do HTTP/1.1" 200 14216
175.209.115.3 - - [27/Dec/2019:10:12:39 +0900] "GET /home/en/main/main.do HTTP/1.1" 200 11080
66.249.65.190 - - [27/Dec/2019:10:16:25 +0900] "GET /error/kr/error.jsp HTTP/1.1" 500 3762
66.249.73.84 - - [27/Dec/2019:10:16:26 +0900] "GET /error/kr/error.jsp HTTP/1.1" 500 3570
61.103.49.10 - - [27/Dec/2019:10:19:24 +0900] "GET /home/main/main.do HTTP/1.1" 200 12222
34.199.176.251 - - [27/Dec/2019:10:22:43 +0900] "GET /home/news/news/view.do?num=1 HTTP/1.1" 200 8971
34.199.176.251 - - [27/Dec/2019:10:22:43 +0900] "GET /home/news/news/view.do HTTP/1.1" 500 3570
66.249.65.186 - - [27/Dec/2019:10:26:18 +0900] "GET /error/kr/error.jsp HTTP/1.1" 500 3762
66.249.65.251 - - [27/Dec/2019:10:26:19 +0900] "GET /error/kr/error.jsp HTTP/1.1" 500 3570
13.228.6.37 - - [27/Dec/2019:10:26:33 +0900] "GET /home/en/meetourpartners/all.do HTTP/1.1" 200 95227
66.249.73.82 - - [27/Dec/2019:10:29:09 +0900] "GET /error/kr/error.jsp HTTP/1.1" 500 3570
119.129.228.227 - - [27/Dec/2019:10:29:11 +0900] "GET /error/kr/error.jsp HTTP/1.1" 500 3570
66.249.65.247 - - [27/Dec/2019:10:31:11 +0900] "GET /error/kr/error.jsp HTTP/1.1" 500 3570
38.99.62.91 - - [27/Dec/2019:10:32:17 +0900] "GET /home/en/meetourpartners/domestic.do HTTP/1.1" 200 69240
66.249.65.186 - - [27/Dec/2019:10:36:07 +0900] "GET /error/kr/error.jsp HTTP/1.1" 500 3762
66.249.73.82 - - [27/Dec/2019:10:36:07 +0900] "GET /error/kr/error.jsp HTTP/1.1" 500 3570
38.99.62.91 - - [27/Dec/2019:10:36:48 +0900] "GET /home/en/meetourpartners/all.do HTTP/1.1" 200 95227
45.33.66.85 - - [27/Dec/2019:10:37:06 +0900] "GET /error/kr/error.jsp HTTP/1.1" 500 3570
77.75.77.62 - - [27/Dec/2019:10:37:28 +0900] "GET /home/watwedo/history.do HTTP/1.1" 200 10614
38.99.62.91 - - [27/Dec/2019:10:37:28 +0900] "GET /home/en/meetourpartners/domestic.do HTTP/1.1" 200 69240
38.99.62.91 - - [27/Dec/2019:10:37:53 +0900] "GET /home/en/meetourpartners/all.do HTTP/1.1" 200 95227
38.99.62.91 - - [27/Dec/2019:10:38:33 +0900] "GET /home/en/meetourpartners/domestic.do HTTP/1.1" 200 69240
38.99.62.91 - - [27/Dec/2019:10:39:12 +0900] "GET /home/en/meetourpartners/all.do HTTP/1.1" 200 95227
174.73.202.27 - - [27/Dec/2019:10:39:24 +0900] "GET /home/main/main.do HTTP/1.1" 200 8898
61.160.207.40 - - [27/Dec/2019:10:39:26 +0900] "GET /error/kr/error.jsp HTTP/1.1" 500 3570
61.160.207.40 - - [27/Dec/2019:10:39:26 +0900] "GET /error/kr/error.jsp HTTP/1.1" 500 3570
61.160.207.40 - - [27/Dec/2019:10:39:27 +0900] "GET /error/kr/error.jsp HTTP/1.1" 500 3570
61.160.207.40 - - [27/Dec/2019:10:39:27 +0900] "GET /error/kr/error.jsp HTTP/1.1" 500 3570
61.160.207.40 - - [27/Dec/2019:10:39:27 +0900] "GET /error/kr/error.jsp HTTP/1.1" 500 3570
61.160.207.40 - - [27/Dec/2019:10:39:27 +0900] "GET /error/kr/error.jsp HTTP/1.1" 500 3570
61.160.207.40 - - [27/Dec/2019:10:39:29 +0900] "GET /error/kr/error.jsp HTTP/1.1" 500 3570
61.160.207.40 - - [27/Dec/2019:10:39:30 +0900] "GET /error/kr/error.jsp HTTP/1.1" 500 3570
174.73.202.27 - - [27/Dec/2019:10:39:30 +0900] "GET /error/kr/error.jsp HTTP/1.1" 500 3762
61.160.207.40 - - [27/Dec/2019:10:39:30 +0900] "GET /error/kr/error.jsp HTTP/1.1" 500 3570
38.99.62.91 - - [27/Dec/2019:10:39:38 +0900] "GET /home/en/meetourpartners/domestic.do HTTP/1.1" 200 69240
203.198.88.90 - - [27/Dec/2019:10:40:22 +0900] "GET /index.jsp HTTP/1.1" 302 -
203.198.88.90 - - [27/Dec/2019:10:40:22 +0900] "GET /home/main/main.do HTTP/1.1" 200 12222
59.57.228.70 - - [27/Dec/2019:10:40:24 +0900] "GET /error/kr/error.jsp HTTP/1.1" 500 3570
203.198.88.90 - - [27/Dec/2019:10:40:31 +0900] "GET /home/en/main/main.do HTTP/1.1" 200 11080
203.198.88.90 - - [27/Dec/2019:10:40:46 +0900] "GET /home/main/main.do HTTP/1.1" 200 12222
203.198.88.90 - - [27/Dec/2019:10:40:55 +0900] "GET /home/en/main/main.do HTTP/1.1" 200 11080
38.99.62.91 - - [27/Dec/2019:10:42:54 +0900] "GET /home/en/meetourpartners/overseas.do HTTP/1.1" 200 31428
38.99.62.91 - - [27/Dec/2019:10:45:30 +0900] "GET /home/meetourpartners/all.do HTTP/1.1" 200 101569
66.249.73.82 - - [27/Dec/2019:10:46:06 +0900] "GET /error/kr/error.jsp HTTP/1.1" 500 3570
66.249.65.186 - - [27/Dec/2019:10:46:09 +0900] "GET /error/kr/error.jsp HTTP/1.1" 500 3762
38.99.62.91 - - [27/Dec/2019:10:46:10 +0900] "GET /home/en/meetourpartners/overseas.do HTTP/1.1" 200 31428
119.129.228.227 - - [27/Dec/2019:10:48:12 +0900] "GET /error/kr/error.jsp HTTP/1.1" 500 3570
38.99.62.91 - - [27/Dec/2019:10:48:47 +0900] "GET /home/en/meetourpartners/domestic.do HTTP/1.1" 200 69240
38.99.62.91 - - [27/Dec/2019:10:49:27 +0900] "GET /home/en/meetourpartners/overseas.do HTTP/1.1" 200 31428
66.249.73.82 - - [27/Dec/2019:10:50:21 +0900] "GET /error/kr/error.jsp HTTP/1.1" 500 3570
207.46.13.154 - - [27/Dec/2019:10:50:32 +0900] "GET /error/kr/error.jsp HTTP/1.1" 500 3570
38.99.62.91 - - [27/Dec/2019:10:50:46 +0900] "GET /home/meetourpartners/all.do HTTP/1.1" 200 101569
104.233.233.129 - - [27/Dec/2019:10:51:05 +0900] "GET /error/kr/error.jsp HTTP/1.1" 500 3570
38.99.62.91 - - [27/Dec/2019:10:51:11 +0900] "GET /home/en/meetourpartners/overseas.do HTTP/1.1" 200 31428
112.216.144.98 - - [27/Dec/2019:10:54:36 +0900] "GET /index.jsp HTTP/1.1" 302 -
112.216.144.98 - - [27/Dec/2019:10:54:36 +0900] "GET /home/main/main.do HTTP/1.1" 200 12222
23.254.229.59 - - [27/Dec/2019:10:55:30 +0900] "GET /index.jsp HTTP/1.0" 302 -
112.216.144.98 - - [27/Dec/2019:10:55:41 +0900] "GET /index.jsp HTTP/1.1" 302 -
112.216.144.98 - - [27/Dec/2019:10:55:41 +0900] "GET /home/main/main.do HTTP/1.1" 200 12222
66.249.65.186 - - [27/Dec/2019:10:56:17 +0900] "GET /error/kr/error.jsp HTTP/1.1" 500 3762
66.249.73.82 - - [27/Dec/2019:10:56:17 +0900] "GET /error/kr/error.jsp HTTP/1.1" 500 3570
38.99.62.91 - - [27/Dec/2019:10:57:05 +0900] "GET /home/en/meetourpartners/all.do HTTP/1.1" 200 95227
38.99.62.91 - - [27/Dec/2019:10:57:45 +0900] "GET /home/meetourpartners/all.do HTTP/1.1" 200 101569
112.216.144.98 - - [27/Dec/2019:10:58:01 +0900] "GET /index.jsp HTTP/1.1" 302 -
112.216.144.98 - - [27/Dec/2019:10:58:01 +0900] "GET /home/main/main.do HTTP/1.1" 200 12222
38.99.62.91 - - [27/Dec/2019:10:58:24 +0900] "GET /home/en/meetourpartners/overseas.do HTTP/1.1" 200 31428
116.232.38.244 - - [27/Dec/2019:10:59:11 +0900] "GET /error/kr/error.jsp HTTP/1.1" 500 3570
38.99.62.91 - - [27/Dec/2019:10:59:42 +0900] "GET /home/en/meetourpartners/all.do HTTP/1.1" 200 95227
61.151.178.174 - - [27/Dec/2019:11:00:12 +0900] "GET /error/kr/error.jsp HTTP/1.1" 500 3570
125.209.235.167 - - [27/Dec/2019:11:00:18 +0900] "GET /index.jsp HTTP/1.1" 302 -
125.209.235.167 - - [27/Dec/2019:11:00:19 +0900] "GET /home/main/main.do HTTP/1.1" 200 12222
38.99.62.91 - - [27/Dec/2019:11:00:22 +0900] "GET /home/en/meetourpartners/overseas.do HTTP/1.1" 200 31428
66.249.65.186 - - [27/Dec/2019:11:00:30 +0900] "GET /error/kr/error.jsp HTTP/1.1" 500 3762
38.99.62.91 - - [27/Dec/2019:11:04:57 +0900] "GET /home/news/news/view.do?page=1&num=11 HTTP/1.1" 200 5548
38.99.62.91 - - [27/Dec/2019:11:05:36 +0900] "GET /home/news/news/view.do?page=1&num=12 HTTP/1.1" 200 9083
66.249.65.186 - - [27/Dec/2019:11:06:15 +0900] "GET /error/kr/error.jsp HTTP/1.1" 500 3762
38.99.62.91 - - [27/Dec/2019:11:06:16 +0900] "GET /home/en/meetourpartners/all.do HTTP/1.1" 200 95227
38.99.62.91 - - [27/Dec/2019:11:06:42 +0900] "GET /home/news/news/view.do?page=1&num=11 HTTP/1.1" 200 5548
38.99.62.91 - - [27/Dec/2019:11:07:22 +0900] "GET /home/news/news/view.do?page=2&num=11 HTTP/1.1" 200 5548
38.99.62.91 - - [27/Dec/2019:11:08:01 +0900] "GET /home/news/news/view.do?page=2&num=10 HTTP/1.1" 200 6756
38.99.62.91 - - [27/Dec/2019:11:08:27 +0900] "GET /home/news/news/view.do?page=2&num=11 HTTP/1.1" 200 5548
38.99.62.91 - - [27/Dec/2019:11:09:06 +0900] "GET /home/en/meetourpartners/all.do HTTP/1.1" 200 95227
38.99.62.91 - - [27/Dec/2019:11:09:46 +0900] "GET /home/en/meetourpartners/all.do HTTP/1.1" 200 95227
151.217.176.85 - - [27/Dec/2019:11:09:46 +0900] "GET /index.jsp HTTP/1.1" 302 -
151.217.176.85 - - [27/Dec/2019:11:09:46 +0900] "GET /home/main/main.do HTTP/1.1" 200 12222
113.89.69.125 - - [27/Dec/2019:11:09:59 +0900] "GET /error/kr/error.jsp HTTP/1.1" 500 3570
38.99.62.91 - - [27/Dec/2019:11:10:25 +0900] "GET /home/news/news/view.do?page=2&num=12 HTTP/1.1" 200 9083
66.249.65.249 - - [27/Dec/2019:11:10:32 +0900] "GET /error/kr/error.jsp HTTP/1.1" 500 3570
38.99.62.91 - - [27/Dec/2019:11:11:45 +0900] "GET /home/news/news/view.do?page=2&num=13 HTTP/1.1" 200 9159
193.111.62.163 - - [27/Dec/2019:11:11:54 +0900] "GET /home/news/news/list.do HTTP/1.1" 200 7091
38.99.62.91 - - [27/Dec/2019:11:13:04 +0900] "GET /home/news/news/view.do?page=2&num=14 HTTP/1.1" 200 6736
38.99.62.91 - - [27/Dec/2019:11:13:43 +0900] "GET /home/en/meetourpartners/all.do HTTP/1.1" 200 95227
38.99.62.91 - - [27/Dec/2019:11:14:23 +0900] "GET /home/news/news/view.do?page=2&num=14 HTTP/1.1" 200 6736
38.99.62.91 - - [27/Dec/2019:11:15:03 +0900] "GET /home/en/meetourpartners/all.do HTTP/1.1" 200 95227
157.55.39.15 - - [27/Dec/2019:11:15:07 +0900] "GET /error/kr/error.jsp HTTP/1.1" 500 3570
207.46.13.242 - - [27/Dec/2019:11:15:07 +0900] "GET /error/kr/error.jsp HTTP/1.1" 500 3570
38.99.62.91 - - [27/Dec/2019:11:15:42 +0900] "GET /home/news/news/view.do?page=2&num=15 HTTP/1.1" 200 9181
207.46.13.154 - - [27/Dec/2019:11:16:22 +0900] "GET /error/kr/error.jsp HTTP/1.1" 500 3570
66.249.73.84 - - [27/Dec/2019:11:16:27 +0900] "GET /error/kr/error.jsp HTTP/1.1" 500 3570
38.99.62.91 - - [27/Dec/2019:11:17:01 +0900] "GET /home/news/news/view.do?page=2&num=16 HTTP/1.1" 200 5666
103.131.71.126 - - [27/Dec/2019:11:17:30 +0900] "GET /error/kr/error.jsp HTTP/1.1" 500 3570
38.99.62.91 - - [27/Dec/2019:11:18:19 +0900] "GET /home/news/news/view.do?page=2&num=17 HTTP/1.1" 200 5761
38.99.62.91 - - [27/Dec/2019:11:19:38 +0900] "GET /home/en/meetourpartners/all.do HTTP/1.1" 200 95227
38.99.62.91 - - [27/Dec/2019:11:20:17 +0900] "GET /home/news/news/view.do?page=2&num=18 HTTP/1.1" 200 9137
38.99.62.91 - - [27/Dec/2019:11:20:57 +0900] "GET /home/en/meetourpartners/all.do HTTP/1.1" 200 95227
106.102.11.4 - - [27/Dec/2019:11:21:19 +0900] "GET /index.jsp HTTP/1.1" 302 -
106.102.11.4 - - [27/Dec/2019:11:21:19 +0900] "GET /home/main/main.do HTTP/1.1" 302 -
106.102.11.4 - - [27/Dec/2019:11:21:19 +0900] "GET /home/main/main.do HTTP/1.1" 200 8898
106.102.11.4 - - [27/Dec/2019:11:21:35 +0900] "GET /error/kr/error.jsp HTTP/1.1" 500 3762
38.99.62.91 - - [27/Dec/2019:11:22:15 +0900] "GET /home/meetourpartners/all.do HTTP/1.1" 200 101569
38.99.62.91 - - [27/Dec/2019:11:22:41 +0900] "GET /home/en/meetourpartners/all.do HTTP/1.1" 200 95227
38.99.62.91 - - [27/Dec/2019:11:23:20 +0900] "GET /home/news/news/view.do?page=2&num=18 HTTP/1.1" 200 9137
106.102.11.4 - - [27/Dec/2019:11:23:55 +0900] "GET /home/contact/contact.do HTTP/1.1" 200 7487
38.99.62.91 - - [27/Dec/2019:11:24:00 +0900] "GET /home/news/news/view.do?page=2&num=19 HTTP/1.1" 200 6164
38.99.62.91 - - [27/Dec/2019:11:25:18 +0900] "GET /home/meetourpartners/all.do HTTP/1.1" 200 101569
202.104.183.122 - - [27/Dec/2019:11:25:33 +0900] "GET /error/kr/error.jsp HTTP/1.1" 500 3570
38.99.62.91 - - [27/Dec/2019:11:25:58 +0900] "GET /home/news/news/view.do?page=&num=5 HTTP/1.1" 200 9109
66.249.73.82 - - [27/Dec/2019:11:26:26 +0900] "GET /error/kr/error.jsp HTTP/1.1" 500 3570
38.99.62.91 - - [27/Dec/2019:11:26:37 +0900] "GET /home/news/news/view.do?page=&num=6 HTTP/1.1" 200 9118
1.232.196.68 - - [27/Dec/2019:11:27:14 +0900] "GET /home/about/about.do HTTP/1.1" 200 15329
1.232.196.68 - - [27/Dec/2019:11:27:15 +0900] "GET /error/kr/error.jsp HTTP/1.1" 500 3762
38.99.62.91 - - [27/Dec/2019:11:27:17 +0900] "GET /home/news/news/view.do?page=&num=5 HTTP/1.1" 200 9109
38.99.62.91 - - [27/Dec/2019:11:27:56 +0900] "GET /home/news/news/view.do?page=2&num=10 HTTP/1.1" 200 6756
38.99.62.91 - - [27/Dec/2019:11:28:36 +0900] "GET /home/news/news/view.do?page=2&num=9 HTTP/1.1" 200 9135
38.99.62.91 - - [27/Dec/2019:11:29:15 +0900] "GET /home/news/news/view.do?page=2&num=10 HTTP/1.1" 200 6756
211.56.145.140 - - [27/Dec/2019:11:29:22 +0900] "GET /index.jsp HTTP/1.1" 302 -
211.56.145.140 - - [27/Dec/2019:11:29:22 +0900] "GET /home/main/main.do HTTP/1.1" 302 -
211.56.145.140 - - [27/Dec/2019:11:29:22 +0900] "GET /home/main/main.do HTTP/1.1" 200 8898
38.99.62.91 - - [27/Dec/2019:11:29:55 +0900] "GET /home/news/news/view.do?page=&num=6 HTTP/1.1" 200 9118
38.99.62.91 - - [27/Dec/2019:11:30:20 +0900] "GET /home/en/meetourpartners/all.do HTTP/1.1" 200 95227
66.249.73.82 - - [27/Dec/2019:11:30:41 +0900] "GET /error/kr/error.jsp HTTP/1.1" 500 3570
38.99.62.91 - - [27/Dec/2019:11:31:00 +0900] "GET /home/news/news/view.do?page=&num=7 HTTP/1.1" 200 5545
38.99.62.91 - - [27/Dec/2019:11:32:04 +0900] "GET /home/en/meetourpartners/all.do HTTP/1.1" 200 95227
38.99.62.91 - - [27/Dec/2019:11:32:30 +0900] "GET /home/news/news/view.do?page=&num=8 HTTP/1.1" 200 9166
91.121.157.178 - - [27/Dec/2019:11:32:33 +0900] "GET /index.jsp HTTP/1.0" 302 -
121.167.230.242 - - [27/Dec/2019:11:33:49 +0900] "GET /error/kr/error.jsp HTTP/1.1" 500 3570
121.167.230.242 - - [27/Dec/2019:11:33:49 +0900] "GET /error/kr/error.jsp HTTP/1.1" 500 3570
66.249.73.82 - - [27/Dec/2019:11:36:36 +0900] "GET /error/kr/error.jsp HTTP/1.1" 500 3570
121.13.197.14 - - [27/Dec/2019:11:39:50 +0900] "GET /error/kr/error.jsp HTTP/1.1" 500 3570
66.249.73.82 - - [27/Dec/2019:11:39:59 +0900] "GET /error/kr/error.jsp HTTP/1.1" 500 3570
66.249.73.82 - - [27/Dec/2019:11:46:51 +0900] "GET /error/kr/error.jsp HTTP/1.1" 500 3570
121.138.137.133 - - [27/Dec/2019:11:48:51 +0900] "GET /index.jsp HTTP/1.1" 302 -
121.138.137.133 - - [27/Dec/2019:11:48:51 +0900] "GET /home/main/main.do HTTP/1.1" 200 12222
66.249.73.82 - - [27/Dec/2019:11:50:11 +0900] "GET /error/kr/error.jsp HTTP/1.1" 500 3570
207.46.13.242 - - [27/Dec/2019:11:51:26 +0900] "GET /error/kr/error.jsp HTTP/1.1" 500 3570
121.167.230.242 - - [27/Dec/2019:11:52:15 +0900] "GET /error/kr/error.jsp HTTP/1.1" 500 3570
121.167.230.242 - - [27/Dec/2019:11:52:15 +0900] "GET /error/kr/error.jsp HTTP/1.1" 500 3570
113.89.69.125 - - [27/Dec/2019:11:53:49 +0900] "GET /error/kr/error.jsp HTTP/1.1" 500 3570
66.249.65.251 - - [27/Dec/2019:11:57:00 +0900] "GET /error/kr/error.jsp HTTP/1.1" 500 3570
66.249.73.82 - - [27/Dec/2019:11:57:01 +0900] "GET /error/kr/error.jsp HTTP/1.1" 500 3570
217.61.109.104 - - [27/Dec/2019:11:57:19 +0900] "GET /error/kr/error.jsp HTTP/1.1" 500 3570
121.128.188.126 - - [27/Dec/2019:11:58:24 +0900] "GET /index.jsp HTTP/1.1" 302 -
121.128.188.126 - - [27/Dec/2019:11:58:24 +0900] "GET /home/main/main.do HTTP/1.1" 200 12222
223.39.152.104 - - [27/Dec/2019:11:59:14 +0900] "GET /index.jsp HTTP/1.1" 302 -
223.39.152.104 - - [27/Dec/2019:11:59:14 +0900] "GET /home/main/main.do HTTP/1.1" 302 -
223.39.152.104 - - [27/Dec/2019:11:59:14 +0900] "GET /home/main/main.do HTTP/1.1" 200 8898
223.39.152.104 - - [27/Dec/2019:11:59:15 +0900] "GET /error/kr/error.jsp HTTP/1.1" 500 3762
222.237.27.75 - - [27/Dec/2019:12:00:57 +0900] "GET /index.jsp HTTP/1.1" 302 -
222.237.27.75 - - [27/Dec/2019:12:00:57 +0900] "GET /home/main/main.do HTTP/1.1" 200 12222
222.237.27.75 - - [27/Dec/2019:12:01:01 +0900] "GET /home/watwedo/overview.do HTTP/1.1" 200 6147
222.237.27.75 - - [27/Dec/2019:12:01:04 +0900] "GET /home/whoweare/korea.do HTTP/1.1" 200 31387
66.249.73.82 - - [27/Dec/2019:12:01:14 +0900] "GET /error/kr/error.jsp HTTP/1.1" 500 3570
222.237.27.75 - - [27/Dec/2019:12:01:40 +0900] "GET /home/meetourpartners/all.do HTTP/1.1" 200 101569
222.237.27.75 - - [27/Dec/2019:12:01:43 +0900] "GET /home/contact/contact.do HTTP/1.1" 200 5224
222.237.27.75 - - [27/Dec/2019:12:01:47 +0900] "GET /home/about/about.do HTTP/1.1" 200 14216
222.237.27.75 - - [27/Dec/2019:12:01:56 +0900] "GET /home/contact/contact.do HTTP/1.1" 200 5224
222.237.27.75 - - [27/Dec/2019:12:01:58 +0900] "GET /home/news/news/list.do HTTP/1.1" 200 7091
222.237.27.75 - - [27/Dec/2019:12:02:01 +0900] "GET /home/main/main.do HTTP/1.1" 200 12222
222.237.27.75 - - [27/Dec/2019:12:02:11 +0900] "GET /home/watwedo/philosophy.do HTTP/1.1" 200 7162
222.237.27.75 - - [27/Dec/2019:12:02:22 +0900] "GET /home/watwedo/overview.do HTTP/1.1" 200 6147
222.237.27.75 - - [27/Dec/2019:12:02:26 +0900] "GET /home/watwedo/history.do HTTP/1.1" 200 10614
221.13.17.29 - - [27/Dec/2019:12:05:41 +0900] "GET /error/kr/error.jsp HTTP/1.1" 500 3570
221.13.17.29 - - [27/Dec/2019:12:05:41 +0900] "GET /error/kr/error.jsp HTTP/1.1" 500 3570
221.13.17.29 - - [27/Dec/2019:12:05:42 +0900] "GET /error/kr/error.jsp HTTP/1.1" 500 3570
221.13.17.29 - - [27/Dec/2019:12:05:42 +0900] "GET /error/kr/error.jsp HTTP/1.1" 500 3570
221.13.17.29 - - [27/Dec/2019:12:05:42 +0900] "GET /error/kr/error.jsp HTTP/1.1" 500 3570
221.13.17.29 - - [27/Dec/2019:12:05:42 +0900] "GET /error/kr/error.jsp HTTP/1.1" 500 3570
221.13.17.29 - - [27/Dec/2019:12:05:42 +0900] "GET /error/kr/error.jsp HTTP/1.1" 500 3570
221.13.17.29 - - [27/Dec/2019:12:05:42 +0900] "GET /error/kr/error.jsp HTTP/1.1" 500 3570
221.13.17.29 - - [27/Dec/2019:12:05:43 +0900] "GET /index.jsp HTTP/1.1" 302 -
221.13.17.29 - - [27/Dec/2019:12:05:43 +0900] "GET /home/main/main.do HTTP/1.1" 200 12222
117.91.246.10 - - [27/Dec/2019:12:06:35 +0900] "GET /home/en/meetourpartners/all.do HTTP/1.1" 200 95227
117.91.246.10 - - [27/Dec/2019:12:06:39 +0900] "GET /home/en/meetourpartners/overseas.do HTTP/1.1" 200 31428
17.58.96.118 - - [27/Dec/2019:12:06:43 +0900] "GET /index.jsp?ko HTTP/1.1" 302 -
17.58.96.118 - - [27/Dec/2019:12:06:44 +0900] "GET /home/main/main.do HTTP/1.1" 200 12222
66.249.73.82 - - [27/Dec/2019:12:07:04 +0900] "GET /error/kr/error.jsp HTTP/1.1" 500 3570
117.91.246.10 - - [27/Dec/2019:12:07:25 +0900] "GET /home/en/meetourpartners/all.do HTTP/1.1" 200 95227
117.91.246.10 - - [27/Dec/2019:12:07:39 +0900] "GET /home/en/meetourpartners/all.do HTTP/1.1" 200 95227
45.89.230.49 - - [27/Dec/2019:12:08:09 +0900] "GET /error/kr/error.jsp HTTP/1.1" 500 3570
125.209.235.184 - - [27/Dec/2019:12:08:22 +0900] "GET /error/kr/error.jsp HTTP/1.1" 500 3570
157.55.39.164 - - [27/Dec/2019:12:11:16 +0900] "GET /home/about/about.do HTTP/1.1" 200 15329
66.249.73.82 - - [27/Dec/2019:12:11:56 +0900] "GET /error/kr/error.jsp HTTP/1.1" 500 3570
66.249.73.82 - - [27/Dec/2019:12:17:10 +0900] "GET /error/kr/error.jsp HTTP/1.1" 500 3570
77.75.78.162 - - [27/Dec/2019:12:20:49 +0900] "GET /error/kr/error.jsp HTTP/1.1" 500 3570
157.55.39.164 - - [27/Dec/2019:12:38:43 +0900] "GET /index.jsp HTTP/1.1" 302 -
121.254.147.237 - - [27/Dec/2019:12:39:50 +0900] "GET /index.jsp HTTP/1.1" 302 -
121.254.147.237 - - [27/Dec/2019:12:39:50 +0900] "GET /home/en/main/main.do HTTP/1.1" 200 11080
157.55.39.23 - - [27/Dec/2019:12:46:18 +0900] "GET /error/kr/error.jsp HTTP/1.1" 500 3762
157.55.39.164 - - [27/Dec/2019:12:46:26 +0900] "GET /index.jsp HTTP/1.1" 302 -
216.244.66.242 - - [27/Dec/2019:12:50:37 +0900] "GET /error/kr/error.jsp HTTP/1.1" 500 3570
193.111.62.163 - - [27/Dec/2019:12:54:39 +0900] "GET /home/news/news/list.do HTTP/1.1" 200 7091
35.210.53.213 - - [27/Dec/2019:12:55:36 +0900] "GET /error/kr/error.jsp HTTP/1.1" 500 3570
66.249.73.82 - - [27/Dec/2019:13:07:29 +0900] "GET /error/kr/error.jsp HTTP/1.1" 500 3570
157.55.39.164 - - [27/Dec/2019:13:11:53 +0900] "GET /error/kr/error.jsp HTTP/1.1" 500 3570
157.55.39.164 - - [27/Dec/2019:13:13:34 +0900] "GET /error/kr/error.jsp HTTP/1.1" 500 3570
66.249.65.190 - - [27/Dec/2019:13:17:28 +0900] "GET /error/kr/error.jsp HTTP/1.1" 500 3762
183.154.24.122 - - [27/Dec/2019:13:26:48 +0900] "GET /error/kr/error.jsp HTTP/1.1" 500 3570
66.249.73.86 - - [27/Dec/2019:13:27:41 +0900] "GET /error/kr/error.jsp HTTP/1.1" 500 3570
216.197.69.134 - - [27/Dec/2019:13:29:41 +0900] "GET /home/en/contact/contact.do HTTP/1.1" 200 5187
216.197.69.134 - - [27/Dec/2019:13:29:43 +0900] "GET /home/en/meetourpartners/domestic.do HTTP/1.1" 200 69240
216.197.69.134 - - [27/Dec/2019:13:29:44 +0900] "GET /home/en/watwedo/overview.do HTTP/1.1" 200 6156
216.197.69.134 - - [27/Dec/2019:13:29:48 +0900] "GET /home/en/main/main.do HTTP/1.1" 200 11080
216.197.69.134 - - [27/Dec/2019:13:29:49 +0900] "GET /home/en/whoweare/china.do HTTP/1.1" 200 10353
216.197.69.134 - - [27/Dec/2019:13:29:50 +0900] "GET /home/en/whoweare/korea.do HTTP/1.1" 200 31310
216.197.69.134 - - [27/Dec/2019:13:29:51 +0900] "GET /home/en/meetourpartners/all.do HTTP/1.1" 200 95227
210.113.10.162 - - [27/Dec/2019:13:37:26 +0900] "GET /index.jsp HTTP/1.1" 302 -
210.113.10.162 - - [27/Dec/2019:13:37:26 +0900] "GET /home/en/main/main.do HTTP/1.1" 200 11080
121.138.195.3 - - [27/Dec/2019:13:49:35 +0900] "GET /index.jsp HTTP/1.1" 302 -
121.138.195.3 - - [27/Dec/2019:13:49:35 +0900] "GET /home/main/main.do HTTP/1.1" 200 12222
121.138.195.3 - - [27/Dec/2019:13:49:36 +0900] "GET /home/main/main.do HTTP/1.1" 200 12222
77.75.77.36 - - [27/Dec/2019:13:50:16 +0900] "GET /error/kr/error.jsp HTTP/1.1" 500 3570
77.75.77.36 - - [27/Dec/2019:13:50:21 +0900] "GET /home/en/meetourpartners/overseas.do HTTP/1.1" 200 31428
113.111.184.202 - - [27/Dec/2019:13:53:34 +0900] "GET /error/kr/error.jsp HTTP/1.1" 500 3570
185.108.164.134 - - [27/Dec/2019:13:55:13 +0900] "GET /index.jsp HTTP/1.1" 302 -
115.95.122.90 - - [27/Dec/2019:13:56:27 +0900] "GET /index.jsp HTTP/1.1" 302 -
115.95.122.90 - - [27/Dec/2019:13:56:27 +0900] "GET /home/main/main.do HTTP/1.1" 200 12222
66.249.73.84 - - [27/Dec/2019:13:57:51 +0900] "GET /error/kr/error.jsp HTTP/1.1" 500 3570
34.199.176.251 - - [27/Dec/2019:14:00:20 +0900] "GET /home/news/news/view.do?num=1 HTTP/1.1" 200 8971
34.199.176.251 - - [27/Dec/2019:14:00:21 +0900] "GET /home/news/news/view.do HTTP/1.1" 500 3570
207.46.13.242 - - [27/Dec/2019:14:05:02 +0900] "GET /error/kr/error.jsp HTTP/1.1" 500 3570
207.46.13.154 - - [27/Dec/2019:14:07:18 +0900] "GET /error/kr/error.jsp HTTP/1.1" 500 3570
207.46.13.242 - - [27/Dec/2019:14:07:28 +0900] "GET /error/kr/error.jsp HTTP/1.1" 500 3570
125.209.235.167 - - [27/Dec/2019:14:08:22 +0900] "GET /error/kr/error.jsp HTTP/1.1" 500 3570
223.38.24.249 - - [27/Dec/2019:14:08:31 +0900] "GET /index.jsp HTTP/1.1" 302 -
223.38.24.249 - - [27/Dec/2019:14:08:31 +0900] "GET /home/main/main.do HTTP/1.1" 302 -
223.38.24.249 - - [27/Dec/2019:14:08:31 +0900] "GET /home/main/main.do HTTP/1.1" 200 8898
223.38.24.249 - - [27/Dec/2019:14:08:32 +0900] "GET /error/kr/error.jsp HTTP/1.1" 500 3762
223.38.24.249 - - [27/Dec/2019:14:08:51 +0900] "GET /index.jsp HTTP/1.1" 302 -
223.38.24.249 - - [27/Dec/2019:14:08:51 +0900] "GET /home/main/main.do HTTP/1.1" 302 -
223.38.24.249 - - [27/Dec/2019:14:08:51 +0900] "GET /home/main/main.do HTTP/1.1" 200 8898
223.38.24.249 - - [27/Dec/2019:14:08:52 +0900] "GET /error/kr/error.jsp HTTP/1.1" 500 3762
223.38.24.249 - - [27/Dec/2019:14:08:55 +0900] "GET /home/en/main/main.do HTTP/1.1" 200 8279
223.38.24.249 - - [27/Dec/2019:14:08:55 +0900] "GET /error/kr/error.jsp HTTP/1.1" 500 3762
223.38.24.249 - - [27/Dec/2019:14:09:04 +0900] "GET /home/watwedo/overview.do HTTP/1.1" 200 7044
223.38.24.249 - - [27/Dec/2019:14:09:21 +0900] "GET /home/watwedo/history.do HTTP/1.1" 200 8921
223.38.24.249 - - [27/Dec/2019:14:09:35 +0900] "GET /home/watwedo/philosophy.do HTTP/1.1" 200 7553
223.38.24.249 - - [27/Dec/2019:14:09:39 +0900] "GET /home/watwedo/overview.do HTTP/1.1" 200 7044
223.39.156.30 - - [27/Dec/2019:14:09:39 +0900] "GET /index.jsp HTTP/1.1" 302 -
223.39.156.30 - - [27/Dec/2019:14:09:39 +0900] "GET /home/main/main.do HTTP/1.1" 302 -
223.39.156.30 - - [27/Dec/2019:14:09:40 +0900] "GET /home/main/main.do HTTP/1.1" 200 8898
223.39.156.30 - - [27/Dec/2019:14:09:40 +0900] "GET /error/kr/error.jsp HTTP/1.1" 500 3762
223.39.156.30 - - [27/Dec/2019:14:09:42 +0900] "GET /home/whoweare/korea.do HTTP/1.1" 200 45742
223.38.24.249 - - [27/Dec/2019:14:10:30 +0900] "GET /index.jsp HTTP/1.1" 302 -
223.38.24.249 - - [27/Dec/2019:14:10:30 +0900] "GET /home/main/main.do HTTP/1.1" 302 -
223.38.24.249 - - [27/Dec/2019:14:10:30 +0900] "GET /home/main/main.do HTTP/1.1" 200 8898
223.38.24.249 - - [27/Dec/2019:14:10:30 +0900] "GET /error/kr/error.jsp HTTP/1.1" 500 3762
193.111.62.163 - - [27/Dec/2019:14:12:31 +0900] "GET /home/news/news/list.do HTTP/1.1" 200 7091
77.75.76.169 - - [27/Dec/2019:14:16:35 +0900] "GET /error/kr/error.jsp HTTP/1.1" 500 3570
157.55.39.164 - - [27/Dec/2019:14:17:50 +0900] "GET /error/kr/error.jsp HTTP/1.1" 500 3570
157.55.39.164 - - [27/Dec/2019:14:18:25 +0900] "GET /error/kr/error.jsp HTTP/1.1" 500 3570
157.55.39.164 - - [27/Dec/2019:14:19:35 +0900] "GET /error/kr/error.jsp HTTP/1.1" 500 3570
211.118.42.145 - - [27/Dec/2019:14:19:58 +0900] "GET /index.jsp HTTP/1.1" 302 -
211.118.42.145 - - [27/Dec/2019:14:19:58 +0900] "GET /home/main/main.do HTTP/1.1" 200 12222
211.118.42.145 - - [27/Dec/2019:14:20:02 +0900] "GET /home/watwedo/overview.do HTTP/1.1" 200 6147
157.55.39.164 - - [27/Dec/2019:14:20:16 +0900] "GET /error/kr/error.jsp HTTP/1.1" 500 3570
54.68.85.0 - - [27/Dec/2019:14:20:17 +0900] "GET /error/kr/error.jsp HTTP/1.1" 500 3570
211.118.42.145 - - [27/Dec/2019:14:22:20 +0900] "GET /home/about/about.do HTTP/1.1" 200 14216
211.118.42.145 - - [27/Dec/2019:14:23:45 +0900] "GET /home/contact/contact.do HTTP/1.1" 200 5224
211.118.42.145 - - [27/Dec/2019:14:23:54 +0900] "GET /home/watwedo/overview.do HTTP/1.1" 200 6147
157.55.39.164 - - [27/Dec/2019:14:34:09 +0900] "GET /error/kr/error.jsp HTTP/1.1" 500 3570
157.55.39.240 - - [27/Dec/2019:14:34:29 +0900] "GET /error/kr/error.jsp HTTP/1.1" 500 3570
157.55.39.164 - - [27/Dec/2019:14:34:50 +0900] "GET /error/kr/error.jsp HTTP/1.1" 500 3570
157.55.39.240 - - [27/Dec/2019:14:35:06 +0900] "GET /error/kr/error.jsp HTTP/1.1" 500 3570
5.8.10.202 - - [27/Dec/2019:14:35:41 +0900] "GET /index.jsp HTTP/1.1" 302 -
66.249.73.86 - - [27/Dec/2019:14:48:29 +0900] "GET /error/kr/error.jsp HTTP/1.1" 500 3570
66.249.65.190 - - [27/Dec/2019:14:57:57 +0900] "GET /error/kr/error.jsp HTTP/1.1" 500 3762
58.210.54.10 - - [27/Dec/2019:14:58:07 +0900] "GET /error/kr/error.jsp HTTP/1.1" 500 3570
118.131.13.20 - - [27/Dec/2019:15:01:36 +0900] "GET /index.jsp HTTP/1.1" 302 -
118.131.13.20 - - [27/Dec/2019:15:01:36 +0900] "GET /home/main/main.do HTTP/1.1" 200 12222
125.185.183.246 - - [27/Dec/2019:15:08:01 +0900] "GET /index.jsp HTTP/1.1" 302 -
125.185.183.246 - - [27/Dec/2019:15:08:02 +0900] "GET /error/kr/error.jsp HTTP/1.1" 500 3570
125.185.183.246 - - [27/Dec/2019:15:08:02 +0900] "GET /index.jsp HTTP/1.1" 302 -
125.185.183.246 - - [27/Dec/2019:15:08:02 +0900] "GET /home/main/main.do HTTP/1.1" 200 12222
125.185.183.246 - - [27/Dec/2019:15:08:11 +0900] "GET /home/whoweare/korea.do HTTP/1.1" 200 31387
193.111.62.163 - - [27/Dec/2019:15:14:14 +0900] "GET /home/news/news/list.do HTTP/1.1" 200 7091
119.207.72.73 - - [27/Dec/2019:15:17:30 +0900] "GET /home/news/news/view.do?num=2 HTTP/1.1" 200 6974
114.99.114.48 - - [27/Dec/2019:15:21:28 +0900] "GET /error/kr/error.jsp HTTP/1.1" 500 3570
188.213.49.210 - - [27/Dec/2019:15:22:10 +0900] "GET /error/kr/error.jsp HTTP/1.1" 500 3570
188.213.49.210 - - [27/Dec/2019:15:22:11 +0900] "GET /error/kr/error.jsp HTTP/1.1" 500 3570
221.143.224.95 - - [27/Dec/2019:15:23:03 +0900] "GET /index.jsp HTTP/1.1" 302 -
221.143.224.95 - - [27/Dec/2019:15:23:03 +0900] "GET /home/main/main.do HTTP/1.1" 200 12222
221.143.224.95 - - [27/Dec/2019:15:23:37 +0900] "GET /home/watwedo/overview.do HTTP/1.1" 200 6147
61.129.8.179 - - [27/Dec/2019:15:24:03 +0900] "GET /home/main/main.do HTTP/1.1" 200 12222
221.143.224.95 - - [27/Dec/2019:15:24:10 +0900] "GET /home/watwedo/history.do HTTP/1.1" 200 10614
221.143.224.95 - - [27/Dec/2019:15:24:12 +0900] "GET /home/watwedo/philosophy.do HTTP/1.1" 200 7162
221.143.224.95 - - [27/Dec/2019:15:24:22 +0900] "GET /home/whoweare/korea.do HTTP/1.1" 200 31387
221.143.224.95 - - [27/Dec/2019:15:24:25 +0900] "GET /home/meetourpartners/all.do HTTP/1.1" 200 101569
221.143.224.95 - - [27/Dec/2019:15:24:31 +0900] "GET /home/about/about.do HTTP/1.1" 200 14216
180.97.118.219 - - [27/Dec/2019:15:24:38 +0900] "GET /home/watwedo/overview.do HTTP/1.1" 200 6147
58.247.206.154 - - [27/Dec/2019:15:25:13 +0900] "GET /home/watwedo/philosophy.do HTTP/1.1" 200 7162
61.129.8.179 - - [27/Dec/2019:15:25:21 +0900] "GET /home/whoweare/korea.do HTTP/1.1" 200 31387
221.143.224.95 - - [27/Dec/2019:15:25:25 +0900] "GET /home/watwedo/overview.do HTTP/1.1" 200 6147
101.89.29.97 - - [27/Dec/2019:15:25:25 +0900] "GET /home/meetourpartners/all.do HTTP/1.1" 200 101569
144.91.80.99 - - [27/Dec/2019:15:25:28 +0900] "GET /index.jsp HTTP/1.0" 302 -
61.129.8.179 - - [27/Dec/2019:15:25:30 +0900] "GET /home/about/about.do HTTP/1.1" 200 14216
52.38.77.76 - - [27/Dec/2019:15:35:05 +0900] "GET /index.jsp HTTP/1.1" 302 -
52.38.77.76 - - [27/Dec/2019:15:35:05 +0900] "GET /home/main/main.do HTTP/1.1" 200 12222
34.221.90.254 - - [27/Dec/2019:15:35:05 +0900] "GET /index.jsp HTTP/1.1" 302 -
34.221.90.254 - - [27/Dec/2019:15:35:06 +0900] "GET /home/main/main.do HTTP/1.1" 200 12222
203.227.232.125 - - [27/Dec/2019:15:35:07 +0900] "GET /index.jsp HTTP/1.1" 302 -
203.227.232.125 - - [27/Dec/2019:15:35:07 +0900] "GET /home/main/main.do HTTP/1.1" 200 12222
77.75.79.62 - - [27/Dec/2019:15:35:08 +0900] "GET /error/kr/error.jsp HTTP/1.1" 500 3570
77.75.79.62 - - [27/Dec/2019:15:35:15 +0900] "GET /home/main/main.do HTTP/1.1" 200 12222
45.33.66.85 - - [27/Dec/2019:15:37:12 +0900] "GET /error/kr/error.jsp HTTP/1.1" 500 3570
14.34.54.186 - - [27/Dec/2019:15:40:40 +0900] "GET /index.jsp HTTP/1.1" 302 -
14.34.54.186 - - [27/Dec/2019:15:40:40 +0900] "GET /home/main/main.do HTTP/1.1" 200 12222
14.34.54.186 - - [27/Dec/2019:15:40:49 +0900] "GET /home/watwedo/overview.do HTTP/1.1" 200 6147
14.34.54.186 - - [27/Dec/2019:15:40:51 +0900] "GET /home/whoweare/korea.do HTTP/1.1" 200 31387
14.34.54.186 - - [27/Dec/2019:15:40:52 +0900] "GET /home/watwedo/overview.do HTTP/1.1" 200 6147
14.34.54.186 - - [27/Dec/2019:15:40:53 +0900] "GET /home/whoweare/korea.do HTTP/1.1" 200 31387
157.55.39.240 - - [27/Dec/2019:15:44:46 +0900] "GET /home/news/news/view.do?page=2&num=19 HTTP/1.1" 200 6164
183.154.24.122 - - [27/Dec/2019:15:50:49 +0900] "GET /error/kr/error.jsp HTTP/1.1" 500 3570
210.21.213.186 - - [27/Dec/2019:15:51:44 +0900] "GET /index.jsp HTTP/1.1" 302 -
210.21.213.186 - - [27/Dec/2019:15:51:44 +0900] "GET /home/en/main/main.do HTTP/1.1" 200 11080
52.65.15.196 - - [27/Dec/2019:15:59:55 +0900] "GET /error/kr/error.jsp HTTP/1.1" 500 3570
52.65.15.196 - - [27/Dec/2019:15:59:55 +0900] "GET /error/kr/error.jsp HTTP/1.1" 500 3570
52.65.15.196 - - [27/Dec/2019:15:59:55 +0900] "GET /error/kr/error.jsp HTTP/1.1" 500 3570
125.209.235.183 - - [27/Dec/2019:16:01:30 +0900] "GET /index.jsp HTTP/1.1" 302 -
125.209.235.183 - - [27/Dec/2019:16:01:31 +0900] "GET /home/main/main.do HTTP/1.1" 200 12222
157.55.39.164 - - [27/Dec/2019:16:05:38 +0900] "GET /home/meetourpartners/all.do HTTP/1.1" 200 101569
125.209.235.176 - - [27/Dec/2019:16:08:22 +0900] "GET /error/kr/error.jsp HTTP/1.1" 500 3570
45.163.134.220 - - [27/Dec/2019:16:10:16 +0900] "GET /index.jsp HTTP/1.1" 302 -
193.111.62.163 - - [27/Dec/2019:16:12:42 +0900] "GET /home/news/news/list.do HTTP/1.1" 200 7091
