66.249.64.214 - - [21/Dec/2019:13:35:53 +0900] "GET /error/kr/error.jsp HTTP/1.1" 500 3570
40.77.167.49 - - [21/Dec/2019:13:43:24 +0900] "GET /error/kr/error.jsp HTTP/1.1" 500 3570
40.77.167.49 - - [21/Dec/2019:13:49:20 +0900] "GET /error/kr/error.jsp HTTP/1.1" 500 3570
158.69.243.99 - - [21/Dec/2019:13:55:38 +0900] "GET /error/kr/error.jsp HTTP/1.1" 500 3570
23.100.232.233 - - [21/Dec/2019:13:55:56 +0900] "GET /home/en/whoweare/korea.do HTTP/1.1" 200 31310
35.231.95.155 - - [21/Dec/2019:13:59:31 +0900] "GET /error/kr/error.jsp HTTP/1.0" 500 3570
35.231.95.155 - - [21/Dec/2019:13:59:31 +0900] "GET /index.jsp HTTP/1.0" 302 -
35.231.95.155 - - [21/Dec/2019:13:59:32 +0900] "GET /error/kr/error.jsp HTTP/1.0" 500 3570
35.231.95.155 - - [21/Dec/2019:13:59:32 +0900] "GET /home/en/main/main.do HTTP/1.0" 200 11080
77.75.95.221 - - [21/Dec/2019:14:01:50 +0900] "GET /index.jsp HTTP/1.1" 302 -
125.209.235.182 - - [21/Dec/2019:14:02:47 +0900] "GET /error/kr/error.jsp HTTP/1.1" 500 3570
35.231.95.155 - - [21/Dec/2019:14:06:39 +0900] "GET /error/kr/error.jsp HTTP/1.0" 500 3570
35.231.95.155 - - [21/Dec/2019:14:06:40 +0900] "GET /index.jsp HTTP/1.0" 302 -
35.231.95.155 - - [21/Dec/2019:14:06:40 +0900] "GET /error/kr/error.jsp HTTP/1.0" 500 3570
35.231.95.155 - - [21/Dec/2019:14:06:40 +0900] "GET /home/en/main/main.do HTTP/1.0" 200 11080
193.111.62.163 - - [21/Dec/2019:14:14:51 +0900] "GET /home/news/news/list.do HTTP/1.1" 200 7091
45.33.66.85 - - [21/Dec/2019:14:37:04 +0900] "GET /error/kr/error.jsp HTTP/1.1" 500 3570
121.254.147.237 - - [21/Dec/2019:14:37:55 +0900] "GET /index.jsp HTTP/1.1" 302 -
121.254.147.237 - - [21/Dec/2019:14:37:55 +0900] "GET /home/en/main/main.do HTTP/1.1" 200 11080
157.55.39.68 - - [21/Dec/2019:14:42:34 +0900] "GET /home/meetourpartners/domestic.do HTTP/1.1" 200 76259
40.77.167.49 - - [21/Dec/2019:14:59:13 +0900] "GET /index.jsp HTTP/1.1" 302 -
40.77.167.49 - - [21/Dec/2019:14:59:14 +0900] "GET /home/main/main.do HTTP/1.1" 200 12222
23.100.232.233 - - [21/Dec/2019:15:02:02 +0900] "GET /index.jsp HTTP/1.1" 302 -
23.100.232.233 - - [21/Dec/2019:15:02:02 +0900] "GET /home/en/main/main.do HTTP/1.1" 200 11080
18.209.110.99 - - [21/Dec/2019:15:02:14 +0900] "GET /error/kr/error.jsp HTTP/1.1" 500 3570
18.209.110.99 - - [21/Dec/2019:15:02:15 +0900] "GET /error/kr/error.jsp HTTP/1.1" 500 3570
193.111.62.163 - - [21/Dec/2019:15:14:49 +0900] "GET /home/news/news/list.do HTTP/1.1" 200 7091
85.204.246.240 - - [21/Dec/2019:15:32:38 +0900] "GET /error/kr/error.jsp HTTP/1.1" 500 3570
85.204.246.240 - - [21/Dec/2019:15:32:39 +0900] "GET /error/kr/error.jsp HTTP/1.1" 500 3570
220.86.150.242 - - [21/Dec/2019:15:40:47 +0900] "GET /index.jsp HTTP/1.1" 302 -
220.86.150.242 - - [21/Dec/2019:15:40:47 +0900] "GET /home/main/main.do HTTP/1.1" 200 12222
119.207.72.176 - - [21/Dec/2019:15:41:58 +0900] "GET /home/watwedo/overview.do HTTP/1.1" 200 6147
17.58.96.118 - - [21/Dec/2019:15:42:38 +0900] "GET /error/kr/error.jsp HTTP/1.1" 500 3570
23.100.232.233 - - [21/Dec/2019:15:48:23 +0900] "GET /home/en/meetourpartners/overseas.do HTTP/1.1" 200 31428
17.58.96.118 - - [21/Dec/2019:15:49:44 +0900] "GET /error/kr/error.jsp HTTP/1.1" 500 3570
182.79.251.79 - - [21/Dec/2019:15:50:26 +0900] "GET /index.jsp HTTP/1.1" 302 -
182.79.251.79 - - [21/Dec/2019:15:50:27 +0900] "GET /home/en/main/main.do HTTP/1.1" 200 11080
125.209.235.179 - - [21/Dec/2019:16:02:47 +0900] "GET /error/kr/error.jsp HTTP/1.1" 500 3570
103.229.126.176 - - [21/Dec/2019:16:10:43 +0900] "GET /error/kr/error.jsp HTTP/1.1" 500 3762
193.111.62.163 - - [21/Dec/2019:16:16:28 +0900] "GET /home/news/news/list.do HTTP/1.1" 200 7091
23.100.232.233 - - [21/Dec/2019:16:23:33 +0900] "GET /home/en/whoweare/korea.do HTTP/1.1" 200 31310
42.120.161.70 - - [21/Dec/2019:16:37:36 +0900] "GET /home/en/watwedo/overview.do HTTP/1.1" 200 7050
173.68.21.51 - - [21/Dec/2019:16:54:37 +0900] "GET /error/kr/error.jsp HTTP/1.1" 500 3570
80.211.85.67 - - [21/Dec/2019:17:01:04 +0900] "GET /index.jsp HTTP/1.0" 302 -
54.210.110.36 - - [21/Dec/2019:17:04:29 +0900] "GET /index.jsp HTTP/1.1" 302 -
54.210.110.36 - - [21/Dec/2019:17:04:30 +0900] "GET /home/en/main/main.do HTTP/1.1" 200 11080
17.58.96.118 - - [21/Dec/2019:17:07:31 +0900] "GET /error/kr/error.jsp HTTP/1.1" 500 3570
23.100.232.233 - - [21/Dec/2019:17:08:28 +0900] "GET /home/en/watwedo/overview.do HTTP/1.1" 200 6156
119.207.72.74 - - [21/Dec/2019:17:09:37 +0900] "GET /index.jsp HTTP/1.1" 302 -
119.207.72.74 - - [21/Dec/2019:17:09:37 +0900] "GET /home/main/main.do HTTP/1.1" 200 12222
193.111.62.163 - - [21/Dec/2019:17:18:35 +0900] "GET /home/news/news/list.do HTTP/1.1" 200 7091
34.237.143.20 - - [21/Dec/2019:17:27:15 +0900] "GET /index.jsp HTTP/1.1" 302 -
34.237.143.20 - - [21/Dec/2019:17:27:16 +0900] "GET /home/main/main.do HTTP/1.1" 200 12222
34.237.143.20 - - [21/Dec/2019:17:27:16 +0900] "GET /home/main/main.do HTTP/1.1" 200 12222
34.237.143.20 - - [21/Dec/2019:17:27:16 +0900] "GET /home/main/main.do HTTP/1.1" 200 12222
175.223.10.120 - - [21/Dec/2019:17:28:48 +0900] "GET /index.jsp HTTP/1.1" 302 -
175.223.10.120 - - [21/Dec/2019:17:28:48 +0900] "GET /home/main/main.do HTTP/1.1" 302 -
175.223.10.120 - - [21/Dec/2019:17:28:48 +0900] "GET /home/main/main.do HTTP/1.1" 200 8898
175.223.10.120 - - [21/Dec/2019:17:28:48 +0900] "GET /error/kr/error.jsp HTTP/1.1" 500 3762
175.223.10.120 - - [21/Dec/2019:17:29:02 +0900] "GET /home/meetourpartners/all.do HTTP/1.1" 200 105128
175.223.10.120 - - [21/Dec/2019:17:29:12 +0900] "GET /home/contact/contact.do HTTP/1.1" 200 7487
175.223.10.120 - - [21/Dec/2019:17:29:20 +0900] "GET /home/contact/contact.do HTTP/1.1" 200 7487
34.199.176.251 - - [21/Dec/2019:17:30:31 +0900] "GET /home/news/news/list.do HTTP/1.1" 200 7091
23.100.232.233 - - [21/Dec/2019:17:48:44 +0900] "GET /home/en/meetourpartners/overseas.do HTTP/1.1" 200 31428
23.100.232.233 - - [21/Dec/2019:17:50:36 +0900] "GET /home/en/watwedo/overview.do HTTP/1.1" 200 6156
89.35.39.180 - - [21/Dec/2019:17:57:24 +0900] "GET /error/kr/error.jsp HTTP/1.1" 500 3570
117.93.159.164 - - [21/Dec/2019:18:04:38 +0900] "GET /home/en/main/main.do HTTP/1.1" 200 11080
193.111.62.163 - - [21/Dec/2019:18:14:46 +0900] "GET /home/news/news/list.do HTTP/1.1" 200 7091
23.249.20.142 - - [21/Dec/2019:18:17:05 +0900] "GET /error/kr/error.jsp HTTP/1.1" 500 3570
23.249.20.142 - - [21/Dec/2019:18:17:05 +0900] "GET /error/kr/error.jsp HTTP/1.1" 500 3570
39.99.34.179 - - [21/Dec/2019:18:21:33 +0900] "GET /error/kr/error.jsp HTTP/1.1" 500 3570
39.99.34.179 - - [21/Dec/2019:18:21:33 +0900] "GET /error/kr/error.jsp HTTP/1.1" 500 3570
39.99.34.179 - - [21/Dec/2019:18:21:33 +0900] "GET /error/kr/error.jsp HTTP/1.1" 500 3570
39.99.34.179 - - [21/Dec/2019:18:21:33 +0900] "GET /error/kr/error.jsp HTTP/1.1" 500 3570
125.209.235.179 - - [21/Dec/2019:18:22:47 +0900] "GET /error/kr/error.jsp HTTP/1.1" 500 3570
157.55.39.68 - - [21/Dec/2019:18:26:42 +0900] "GET /error/kr/error.jsp HTTP/1.1" 500 3570
23.100.232.233 - - [21/Dec/2019:18:35:05 +0900] "GET /home/en/watwedo/overview.do HTTP/1.1" 200 6156
34.199.176.251 - - [21/Dec/2019:18:48:32 +0900] "GET /home/news/news/view.do?num=2 HTTP/1.1" 200 6974
34.199.176.251 - - [21/Dec/2019:18:48:33 +0900] "GET /home/news/news/view.do HTTP/1.1" 500 3570
220.133.4.182 - - [21/Dec/2019:18:57:24 +0900] "GET /error/kr/error.jsp HTTP/1.1" 500 3570
23.249.20.142 - - [21/Dec/2019:19:03:37 +0900] "GET /error/kr/error.jsp HTTP/1.1" 500 3570
23.249.20.142 - - [21/Dec/2019:19:03:37 +0900] "GET /error/kr/error.jsp HTTP/1.1" 500 3570
23.249.20.142 - - [21/Dec/2019:19:03:37 +0900] "GET /error/kr/error.jsp HTTP/1.1" 500 3570
23.249.20.142 - - [21/Dec/2019:19:03:38 +0900] "GET /error/kr/error.jsp HTTP/1.1" 500 3570
132.232.31.117 - - [21/Dec/2019:19:11:13 +0900] "GET /error/kr/error.jsp HTTP/1.1" 500 3762
132.232.31.117 - - [21/Dec/2019:19:11:14 +0900] "GET /index.jsp?author=1 HTTP/1.1" 302 -
132.232.31.117 - - [21/Dec/2019:19:11:14 +0900] "GET /home/main/main.do HTTP/1.1" 200 8898
132.232.31.117 - - [21/Dec/2019:19:11:14 +0900] "GET /index.jsp?author=2 HTTP/1.1" 302 -
132.232.31.117 - - [21/Dec/2019:19:11:15 +0900] "GET /home/main/main.do HTTP/1.1" 200 8898
132.232.31.117 - - [21/Dec/2019:19:11:18 +0900] "GET /index.jsp?author=3 HTTP/1.1" 302 -
132.232.31.117 - - [21/Dec/2019:19:11:18 +0900] "GET /home/main/main.do HTTP/1.1" 200 8898
132.232.31.117 - - [21/Dec/2019:19:11:19 +0900] "GET /index.jsp?author=4 HTTP/1.1" 302 -
132.232.31.117 - - [21/Dec/2019:19:11:19 +0900] "GET /home/main/main.do HTTP/1.1" 200 8898
132.232.31.117 - - [21/Dec/2019:19:11:19 +0900] "GET /index.jsp?author=5 HTTP/1.1" 302 -
132.232.31.117 - - [21/Dec/2019:19:11:19 +0900] "GET /home/main/main.do HTTP/1.1" 200 8898
132.232.31.117 - - [21/Dec/2019:19:11:20 +0900] "GET /index.jsp?author=6 HTTP/1.1" 302 -
132.232.31.117 - - [21/Dec/2019:19:11:21 +0900] "GET /home/main/main.do HTTP/1.1" 200 8898
132.232.31.117 - - [21/Dec/2019:19:11:22 +0900] "GET /index.jsp?author=7 HTTP/1.1" 302 -
132.232.31.117 - - [21/Dec/2019:19:11:22 +0900] "GET /home/main/main.do HTTP/1.1" 200 8898
132.232.31.117 - - [21/Dec/2019:19:11:23 +0900] "GET /index.jsp?author=8 HTTP/1.1" 302 -
132.232.31.117 - - [21/Dec/2019:19:11:23 +0900] "GET /home/main/main.do HTTP/1.1" 200 8898
132.232.31.117 - - [21/Dec/2019:19:11:23 +0900] "GET /index.jsp?author=9 HTTP/1.1" 302 -
132.232.31.117 - - [21/Dec/2019:19:11:23 +0900] "GET /home/main/main.do HTTP/1.1" 200 8898
132.232.31.117 - - [21/Dec/2019:19:11:24 +0900] "GET /index.jsp?author=10 HTTP/1.1" 302 -
132.232.31.117 - - [21/Dec/2019:19:11:24 +0900] "GET /home/main/main.do HTTP/1.1" 200 8898
132.232.31.117 - - [21/Dec/2019:19:11:24 +0900] "GET /index.jsp?author=11 HTTP/1.1" 302 -
132.232.31.117 - - [21/Dec/2019:19:11:24 +0900] "GET /home/main/main.do HTTP/1.1" 200 8898
132.232.31.117 - - [21/Dec/2019:19:11:24 +0900] "GET /index.jsp?author=12 HTTP/1.1" 302 -
132.232.31.117 - - [21/Dec/2019:19:11:24 +0900] "GET /home/main/main.do HTTP/1.1" 200 8898
132.232.31.117 - - [21/Dec/2019:19:11:25 +0900] "GET /index.jsp?author=13 HTTP/1.1" 302 -
132.232.31.117 - - [21/Dec/2019:19:11:25 +0900] "GET /home/main/main.do HTTP/1.1" 200 8898
132.232.31.117 - - [21/Dec/2019:19:11:25 +0900] "GET /index.jsp?author=14 HTTP/1.1" 302 -
132.232.31.117 - - [21/Dec/2019:19:11:25 +0900] "GET /home/main/main.do HTTP/1.1" 200 8898
132.232.31.117 - - [21/Dec/2019:19:11:26 +0900] "GET /index.jsp?author=15 HTTP/1.1" 302 -
132.232.31.117 - - [21/Dec/2019:19:11:26 +0900] "GET /home/main/main.do HTTP/1.1" 200 8898
132.232.31.117 - - [21/Dec/2019:19:11:26 +0900] "GET /index.jsp?author=16 HTTP/1.1" 302 -
132.232.31.117 - - [21/Dec/2019:19:11:26 +0900] "GET /home/main/main.do HTTP/1.1" 200 8898
132.232.31.117 - - [21/Dec/2019:19:11:27 +0900] "GET /index.jsp?author=17 HTTP/1.1" 302 -
132.232.31.117 - - [21/Dec/2019:19:11:27 +0900] "GET /home/main/main.do HTTP/1.1" 200 8898
132.232.31.117 - - [21/Dec/2019:19:11:28 +0900] "GET /index.jsp?author=18 HTTP/1.1" 302 -
132.232.31.117 - - [21/Dec/2019:19:11:28 +0900] "GET /home/main/main.do HTTP/1.1" 200 8898
132.232.31.117 - - [21/Dec/2019:19:11:29 +0900] "GET /index.jsp?author=19 HTTP/1.1" 302 -
132.232.31.117 - - [21/Dec/2019:19:11:29 +0900] "GET /home/main/main.do HTTP/1.1" 200 8898
132.232.31.117 - - [21/Dec/2019:19:11:29 +0900] "GET /index.jsp?author=20 HTTP/1.1" 302 -
132.232.31.117 - - [21/Dec/2019:19:11:29 +0900] "GET /home/main/main.do HTTP/1.1" 200 8898
172.105.4.227 - - [21/Dec/2019:19:13:33 +0900] "GET /index.jsp HTTP/1.1" 302 -
172.105.4.227 - - [21/Dec/2019:19:13:33 +0900] "GET /home/main/main.do HTTP/1.1" 200 12222
193.111.62.163 - - [21/Dec/2019:19:17:25 +0900] "GET /home/news/news/list.do HTTP/1.1" 200 7091
23.100.232.233 - - [21/Dec/2019:19:17:48 +0900] "GET /home/en/watwedo/overview.do HTTP/1.1" 200 6156
185.132.80.145 - - [21/Dec/2019:19:19:07 +0900] "GET /index.jsp HTTP/1.1" 302 -
39.7.46.38 - - [21/Dec/2019:19:22:42 +0900] "GET /index.jsp HTTP/1.1" 302 -
39.7.46.38 - - [21/Dec/2019:19:22:42 +0900] "GET /home/en/main/main.do HTTP/1.1" 302 -
39.7.46.38 - - [21/Dec/2019:19:22:43 +0900] "GET /home/en/main/main.do HTTP/1.1" 200 8279
39.7.46.38 - - [21/Dec/2019:19:22:43 +0900] "GET /error/kr/error.jsp HTTP/1.1" 500 3762
112.49.159.253 - - [21/Dec/2019:19:29:06 +0900] "GET /error/kr/error.jsp HTTP/1.1" 500 3570
38.79.209.51 - - [21/Dec/2019:19:31:37 +0900] "GET /home/en/whoweare/china.do HTTP/1.1" 200 11458
34.199.176.251 - - [21/Dec/2019:19:34:58 +0900] "GET /index.jsp HTTP/1.1" 302 -
34.199.176.251 - - [21/Dec/2019:19:34:59 +0900] "GET /home/main/main.do HTTP/1.1" 200 12222
223.38.28.254 - - [21/Dec/2019:19:35:01 +0900] "GET /home/whoweare/korea.do HTTP/1.1" 200 45742
17.58.96.118 - - [21/Dec/2019:19:35:33 +0900] "GET /index.jsp?ko HTTP/1.1" 302 -
17.58.96.118 - - [21/Dec/2019:19:35:34 +0900] "GET /home/main/main.do HTTP/1.1" 200 12222
45.33.66.85 - - [21/Dec/2019:19:37:04 +0900] "GET /error/kr/error.jsp HTTP/1.1" 500 3570
223.62.22.143 - - [21/Dec/2019:19:48:54 +0900] "GET /filter/checker.jsp?campaignID=585&email=psoo504@naver.com&responseEnd=2018-12-23 HTTP/1.1" 404 3570
222.122.190.41 - - [21/Dec/2019:19:55:08 +0900] "GET /index.jsp HTTP/1.1" 302 -
222.122.190.41 - - [21/Dec/2019:19:55:08 +0900] "GET /home/main/main.do HTTP/1.1" 200 12222
222.122.190.41 - - [21/Dec/2019:19:55:08 +0900] "GET /index.jsp HTTP/1.1" 302 -
222.122.190.41 - - [21/Dec/2019:19:55:08 +0900] "GET /home/main/main.do HTTP/1.1" 200 12222
222.122.190.41 - - [21/Dec/2019:19:55:08 +0900] "GET /error/kr/error.jsp HTTP/1.1" 500 3570
125.209.235.170 - - [21/Dec/2019:20:02:47 +0900] "GET /error/kr/error.jsp HTTP/1.1" 500 3570
207.46.13.22 - - [21/Dec/2019:20:05:03 +0900] "GET /index.jsp HTTP/1.1" 302 -
40.77.167.68 - - [21/Dec/2019:20:07:31 +0900] "GET /error/kr/error.jsp HTTP/1.1" 500 3570
193.111.62.163 - - [21/Dec/2019:20:13:50 +0900] "GET /home/news/news/list.do HTTP/1.1" 200 7091
165.22.43.33 - - [21/Dec/2019:20:19:44 +0900] "GET /index.jsp HTTP/1.0" 302 -
222.232.154.98 - - [21/Dec/2019:20:20:18 +0900] "GET /error/kr/error.jsp HTTP/1.1" 500 3570
222.232.154.98 - - [21/Dec/2019:20:20:18 +0900] "GET /error/kr/error.jsp HTTP/1.1" 500 3570
207.46.13.140 - - [21/Dec/2019:20:20:29 +0900] "GET /error/kr/error.jsp HTTP/1.1" 500 3570
178.63.26.114 - - [21/Dec/2019:20:28:09 +0900] "GET /error/kr/error.jsp HTTP/1.1" 500 3570
157.55.39.171 - - [21/Dec/2019:20:47:47 +0900] "GET /error/kr/error.jsp HTTP/1.1" 500 3762
54.201.145.7 - - [21/Dec/2019:20:47:50 +0900] "GET /index.jsp HTTP/1.1" 302 -
54.201.145.7 - - [21/Dec/2019:20:47:50 +0900] "GET /home/main/main.do HTTP/1.1" 200 12222
207.46.13.22 - - [21/Dec/2019:20:47:53 +0900] "GET /index.jsp HTTP/1.1" 302 -
119.207.72.183 - - [21/Dec/2019:20:56:47 +0900] "GET /home/contact/contact.do HTTP/1.1" 200 5224
66.249.64.94 - - [21/Dec/2019:20:58:40 +0900] "GET /error/kr/error.jsp HTTP/1.1" 500 3762
207.46.13.22 - - [21/Dec/2019:21:00:24 +0900] "GET /error/kr/error.jsp HTTP/1.1" 500 3570
193.111.62.163 - - [21/Dec/2019:21:14:49 +0900] "GET /home/news/news/list.do HTTP/1.1" 200 7091
66.249.64.210 - - [21/Dec/2019:21:16:41 +0900] "GET /error/kr/error.jsp HTTP/1.1" 500 3570
54.224.230.57 - - [21/Dec/2019:21:20:47 +0900] "GET /index.jsp HTTP/1.1" 302 -
54.224.230.57 - - [21/Dec/2019:21:20:47 +0900] "GET /home/main/main.do HTTP/1.1" 200 12222
125.209.235.175 - - [21/Dec/2019:21:22:44 +0900] "GET /error/kr/error.jsp HTTP/1.1" 500 3570
14.102.189.206 - - [21/Dec/2019:21:28:23 +0900] "GET /index.jsp HTTP/1.1" 302 -
211.252.104.56 - - [21/Dec/2019:21:29:49 +0900] "GET /index.jsp HTTP/1.1" 302 -
211.252.104.56 - - [21/Dec/2019:21:29:49 +0900] "GET /error/kr/error.jsp HTTP/1.1" 500 3570
119.149.123.133 - - [21/Dec/2019:21:34:46 +0900] "GET /index.jsp HTTP/1.1" 302 -
119.149.123.133 - - [21/Dec/2019:21:34:47 +0900] "GET /home/main/main.do HTTP/1.1" 302 -
119.149.123.133 - - [21/Dec/2019:21:34:47 +0900] "GET /home/main/main.do HTTP/1.1" 200 8898
119.149.123.133 - - [21/Dec/2019:21:34:47 +0900] "GET /error/kr/error.jsp HTTP/1.1" 500 3762
119.149.123.133 - - [21/Dec/2019:21:35:10 +0900] "GET /home/whoweare/korea.do HTTP/1.1" 200 45742
222.232.154.98 - - [21/Dec/2019:21:40:07 +0900] "GET /error/kr/error.jsp HTTP/1.1" 500 3570
222.232.154.98 - - [21/Dec/2019:21:40:07 +0900] "GET /error/kr/error.jsp HTTP/1.1" 500 3570
35.243.153.197 - - [21/Dec/2019:21:43:45 +0900] "GET /error/kr/error.jsp HTTP/1.0" 500 3570
35.243.153.197 - - [21/Dec/2019:21:43:45 +0900] "GET /home/en/about/about.do HTTP/1.0" 200 14811
66.249.64.92 - - [21/Dec/2019:21:48:06 +0900] "GET /error/kr/error.jsp HTTP/1.1" 500 3762
38.99.62.91 - - [21/Dec/2019:21:48:58 +0900] "GET /home/news/news/view.do?page=1&num=16 HTTP/1.1" 200 5666
38.99.62.91 - - [21/Dec/2019:21:49:38 +0900] "GET /home/news/news/view.do?page=1&num=17 HTTP/1.1" 200 5761
35.243.153.197 - - [21/Dec/2019:21:50:02 +0900] "GET /error/kr/error.jsp HTTP/1.0" 500 3570
35.243.153.197 - - [21/Dec/2019:21:50:02 +0900] "GET /home/en/watwedo/overview.do HTTP/1.0" 200 6156
38.99.62.91 - - [21/Dec/2019:21:50:17 +0900] "GET /home/news/news/view.do?page=1&num=18 HTTP/1.1" 200 9137
38.99.62.91 - - [21/Dec/2019:21:50:42 +0900] "GET /home/news/news/view.do?page=1&num=17 HTTP/1.1" 200 5761
35.243.153.197 - - [21/Dec/2019:21:51:08 +0900] "GET /error/kr/error.jsp HTTP/1.0" 500 3570
35.243.153.197 - - [21/Dec/2019:21:51:08 +0900] "GET /home/main/main.do HTTP/1.0" 200 12222
38.99.62.91 - - [21/Dec/2019:21:51:22 +0900] "GET /home/en/meetourpartners/all.do HTTP/1.1" 200 95227
38.99.62.91 - - [21/Dec/2019:21:51:47 +0900] "GET /home/news/news/view.do?page=1&num=18 HTTP/1.1" 200 9137
38.99.62.91 - - [21/Dec/2019:21:52:27 +0900] "GET /home/news/news/view.do?page=1&num=19 HTTP/1.1" 200 6164
38.99.62.91 - - [21/Dec/2019:21:52:52 +0900] "GET /home/news/news/view.do?page=1&num=18 HTTP/1.1" 200 9137
38.99.62.91 - - [21/Dec/2019:21:53:17 +0900] "GET /home/news/news/view.do?page=1&num=19 HTTP/1.1" 200 6164
38.99.62.91 - - [21/Dec/2019:21:53:42 +0900] "GET /home/meetourpartners/all.do HTTP/1.1" 200 101569
38.99.62.91 - - [21/Dec/2019:21:54:22 +0900] "GET /home/news/news/view.do?page=1&num=19 HTTP/1.1" 200 6164
38.99.62.91 - - [21/Dec/2019:21:55:02 +0900] "GET /home/news/news/view.do?page=1&num=14 HTTP/1.1" 200 6736
38.99.62.91 - - [21/Dec/2019:21:55:41 +0900] "GET /home/news/news/view.do?page=1&num=12 HTTP/1.1" 200 9083
38.99.62.91 - - [21/Dec/2019:21:56:07 +0900] "GET /home/news/news/view.do?page=2&num=10 HTTP/1.1" 200 6756
35.243.153.197 - - [21/Dec/2019:21:56:43 +0900] "GET /error/kr/error.jsp HTTP/1.0" 500 3570
35.243.153.197 - - [21/Dec/2019:21:56:43 +0900] "GET /home/en/meetourpartners/all.do HTTP/1.0" 200 95227
38.99.62.91 - - [21/Dec/2019:21:56:46 +0900] "GET /home/news/news/view.do?page=2&num=9 HTTP/1.1" 200 9135
38.99.62.91 - - [21/Dec/2019:21:57:11 +0900] "GET /home/news/news/view.do?page=2&num=10 HTTP/1.1" 200 6756
38.99.62.91 - - [21/Dec/2019:21:57:51 +0900] "GET /home/news/news/view.do?page=&num=6 HTTP/1.1" 200 9118
38.99.62.91 - - [21/Dec/2019:21:58:30 +0900] "GET /home/news/news/view.do?page=&num=7 HTTP/1.1" 200 5545
38.99.62.91 - - [21/Dec/2019:21:59:09 +0900] "GET /home/news/news/view.do?page=&num=6 HTTP/1.1" 200 9118
38.99.62.91 - - [21/Dec/2019:21:59:35 +0900] "GET /home/news/news/view.do?page=2&num=9 HTTP/1.1" 200 9135
38.99.62.91 - - [21/Dec/2019:22:00:15 +0900] "GET /home/news/news/view.do?page=2&num=8 HTTP/1.1" 200 9169
38.99.62.91 - - [21/Dec/2019:22:00:40 +0900] "GET /home/news/news/view.do?page=2&num=9 HTTP/1.1" 200 9135
38.99.62.91 - - [21/Dec/2019:22:01:20 +0900] "GET /home/news/news/view.do?page=2&num=9 HTTP/1.1" 200 9135
38.99.62.91 - - [21/Dec/2019:22:01:59 +0900] "GET /home/news/news/view.do?page=2&num=8 HTTP/1.1" 200 9169
125.209.235.185 - - [21/Dec/2019:22:02:47 +0900] "GET /error/kr/error.jsp HTTP/1.1" 500 3570
38.99.62.91 - - [21/Dec/2019:22:03:18 +0900] "GET /home/news/news/view.do?page=2&num=7 HTTP/1.1" 200 5548
38.99.62.91 - - [21/Dec/2019:22:03:57 +0900] "GET /home/news/news/view.do?page=2&num=8 HTTP/1.1" 200 9169
38.99.62.91 - - [21/Dec/2019:22:04:37 +0900] "GET /home/news/news/view.do?page=2&num=7 HTTP/1.1" 200 5548
38.99.62.91 - - [21/Dec/2019:22:05:16 +0900] "GET /home/en/meetourpartners/all.do HTTP/1.1" 200 95227
185.112.249.139 - - [21/Dec/2019:22:05:35 +0900] "GET /index.jsp HTTP/1.0" 302 -
38.99.62.91 - - [21/Dec/2019:22:06:21 +0900] "GET /home/news/news/view.do?page=2&num=6 HTTP/1.1" 200 9121
91.240.109.1 - - [21/Dec/2019:22:06:31 +0900] "GET /index.jsp HTTP/1.1" 302 -
91.240.109.1 - - [21/Dec/2019:22:06:31 +0900] "GET /home/main/main.do HTTP/1.1" 200 12222
35.243.153.197 - - [21/Dec/2019:22:06:40 +0900] "GET /error/kr/error.jsp HTTP/1.0" 500 3570
35.243.153.197 - - [21/Dec/2019:22:06:41 +0900] "GET /home/en/watwedo/philosophy.do HTTP/1.0" 200 7112
94.73.194.12 - - [21/Dec/2019:22:06:56 +0900] "GET /error/kr/error.jsp HTTP/1.1" 500 3570
38.99.62.91 - - [21/Dec/2019:22:07:01 +0900] "GET /home/news/news/view.do?page=2&num=7 HTTP/1.1" 200 5548
38.99.62.91 - - [21/Dec/2019:22:07:40 +0900] "GET /home/news/news/view.do?page=2&num=6 HTTP/1.1" 200 9121
66.249.64.92 - - [21/Dec/2019:22:07:56 +0900] "GET /error/kr/error.jsp HTTP/1.1" 500 3762
38.99.62.91 - - [21/Dec/2019:22:08:20 +0900] "GET /home/news/news/view.do?page=2&num=5 HTTP/1.1" 200 9112
38.99.62.91 - - [21/Dec/2019:22:08:59 +0900] "GET /home/news/news/view.do?page=2&num=6 HTTP/1.1" 200 9121
38.99.62.91 - - [21/Dec/2019:22:09:39 +0900] "GET /home/meetourpartners/all.do HTTP/1.1" 200 101569
38.99.62.91 - - [21/Dec/2019:22:10:18 +0900] "GET /home/news/news/view.do?page=2&num=5 HTTP/1.1" 200 9112
39.99.34.179 - - [21/Dec/2019:22:10:18 +0900] "GET /error/kr/error.jsp HTTP/1.1" 500 3570
39.99.34.179 - - [21/Dec/2019:22:10:18 +0900] "GET /error/kr/error.jsp HTTP/1.1" 500 3570
38.99.62.91 - - [21/Dec/2019:22:10:57 +0900] "GET /home/news/news/view.do?page=2&num=4 HTTP/1.1" 200 9123
35.243.153.197 - - [21/Dec/2019:22:11:15 +0900] "GET /error/kr/error.jsp HTTP/1.0" 500 3570
35.243.153.197 - - [21/Dec/2019:22:11:15 +0900] "GET /home/en/whoweare/korea.do HTTP/1.0" 200 31310
38.99.62.91 - - [21/Dec/2019:22:11:37 +0900] "GET /home/news/news/view.do?page=2&num=5 HTTP/1.1" 200 9112
88.107.126.218 - - [21/Dec/2019:22:11:39 +0900] "GET /index.jsp HTTP/1.1" 302 -
38.99.62.91 - - [21/Dec/2019:22:12:17 +0900] "GET /home/news/news/view.do?page=2&num=4 HTTP/1.1" 200 9123
38.99.62.91 - - [21/Dec/2019:22:12:56 +0900] "GET /home/news/news/view.do?page=2&num=3 HTTP/1.1" 200 5576
38.99.62.91 - - [21/Dec/2019:22:13:35 +0900] "GET /home/news/news/view.do?page=2&num=4 HTTP/1.1" 200 9123
35.243.153.197 - - [21/Dec/2019:22:14:05 +0900] "GET /error/kr/error.jsp HTTP/1.0" 500 3570
35.243.153.197 - - [21/Dec/2019:22:14:05 +0900] "GET /home/en/contact/contact.do HTTP/1.0" 200 5187
186.236.28.21 - - [21/Dec/2019:22:14:13 +0900] "GET /index.jsp HTTP/1.1" 302 -
38.99.62.91 - - [21/Dec/2019:22:14:15 +0900] "GET /home/news/news/view.do?page=2&num=3 HTTP/1.1" 200 5576
38.99.62.91 - - [21/Dec/2019:22:14:54 +0900] "GET /home/news/news/view.do?page=2&num=2 HTTP/1.1" 200 6977
35.243.153.197 - - [21/Dec/2019:22:14:58 +0900] "GET /error/kr/error.jsp HTTP/1.0" 500 3570
35.243.153.197 - - [21/Dec/2019:22:14:58 +0900] "GET /home/en/meetourpartners/all.do HTTP/1.0" 200 95227
35.243.153.197 - - [21/Dec/2019:22:15:02 +0900] "GET /error/kr/error.jsp HTTP/1.0" 500 3570
35.243.153.197 - - [21/Dec/2019:22:15:03 +0900] "GET /home/en/watwedo/overview.do HTTP/1.0" 200 6156
35.243.153.197 - - [21/Dec/2019:22:15:04 +0900] "GET /error/kr/error.jsp HTTP/1.0" 500 3570
35.243.153.197 - - [21/Dec/2019:22:15:05 +0900] "GET /home/en/whoweare/korea.do HTTP/1.0" 200 31310
35.243.153.197 - - [21/Dec/2019:22:15:06 +0900] "GET /error/kr/error.jsp HTTP/1.0" 500 3570
35.243.153.197 - - [21/Dec/2019:22:15:07 +0900] "GET /home/en/about/about.do HTTP/1.0" 200 14811
35.243.153.197 - - [21/Dec/2019:22:15:08 +0900] "GET /error/kr/error.jsp HTTP/1.0" 500 3570
35.243.153.197 - - [21/Dec/2019:22:15:09 +0900] "GET /home/en/contact/contact.do HTTP/1.0" 200 5187
35.243.153.197 - - [21/Dec/2019:22:15:10 +0900] "GET /error/kr/error.jsp HTTP/1.0" 500 3570
35.243.153.197 - - [21/Dec/2019:22:15:10 +0900] "GET /home/en/watwedo/philosophy.do HTTP/1.0" 200 7112
35.243.153.197 - - [21/Dec/2019:22:15:12 +0900] "GET /error/kr/error.jsp HTTP/1.0" 500 3570
35.243.153.197 - - [21/Dec/2019:22:15:12 +0900] "GET /home/main/main.do HTTP/1.0" 200 12222
38.99.62.91 - - [21/Dec/2019:22:15:34 +0900] "GET /home/news/news/view.do?page=2&num=3 HTTP/1.1" 200 5576
38.99.62.91 - - [21/Dec/2019:22:16:13 +0900] "GET /home/news/news/view.do?page=2&num=2 HTTP/1.1" 200 6977
38.99.62.91 - - [21/Dec/2019:22:16:53 +0900] "GET /home/news/news/view.do?page=2&num=1 HTTP/1.1" 200 8973
193.111.62.163 - - [21/Dec/2019:22:16:56 +0900] "GET /home/news/news/list.do HTTP/1.1" 200 7091
38.99.62.91 - - [21/Dec/2019:22:17:32 +0900] "GET /home/news/news/view.do?page=2&num=2 HTTP/1.1" 200 6977
66.249.64.90 - - [21/Dec/2019:22:17:48 +0900] "GET /error/kr/error.jsp HTTP/1.1" 500 3762
38.99.62.91 - - [21/Dec/2019:22:18:12 +0900] "GET /home/news/news/view.do?page=2&num=1 HTTP/1.1" 200 8973
38.99.62.91 - - [21/Dec/2019:22:18:51 +0900] "GET /home/en/meetourpartners/all.do HTTP/1.1" 200 95227
38.99.62.91 - - [21/Dec/2019:22:19:31 +0900] "GET /home/news/news/view.do?page=2&num=1 HTTP/1.1" 200 8973
38.99.62.91 - - [21/Dec/2019:22:19:56 +0900] "GET /home/en/meetourpartners/all.do HTTP/1.1" 200 95227
38.99.62.91 - - [21/Dec/2019:22:21:15 +0900] "GET /home/news/news/view.do?page=2&num=9 HTTP/1.1" 200 9135
38.99.62.91 - - [21/Dec/2019:22:21:54 +0900] "GET /home/news/news/view.do?page=&num=7 HTTP/1.1" 200 5545
38.99.62.91 - - [21/Dec/2019:22:22:34 +0900] "GET /home/news/news/view.do?page=&num=8 HTTP/1.1" 200 9166
38.99.62.91 - - [21/Dec/2019:22:23:13 +0900] "GET /home/news/news/view.do?page=&num=7 HTTP/1.1" 200 5545
38.99.62.91 - - [21/Dec/2019:22:23:53 +0900] "GET /home/news/news/view.do?page=2&num=8 HTTP/1.1" 200 9169
38.99.62.91 - - [21/Dec/2019:22:24:32 +0900] "GET /home/news/news/view.do?page=2&num=7 HTTP/1.1" 200 5548
38.99.62.91 - - [21/Dec/2019:22:25:51 +0900] "GET /home/news/news/view.do?page=2&num=6 HTTP/1.1" 200 9121
38.99.62.91 - - [21/Dec/2019:22:26:30 +0900] "GET /home/en/meetourpartners/all.do HTTP/1.1" 200 95227
66.249.64.90 - - [21/Dec/2019:22:27:46 +0900] "GET /error/kr/error.jsp HTTP/1.1" 500 3762
38.99.62.91 - - [21/Dec/2019:22:27:49 +0900] "GET /home/news/news/view.do?page=2&num=6 HTTP/1.1" 200 9121
38.99.62.91 - - [21/Dec/2019:22:28:29 +0900] "GET /home/news/news/view.do?page=2&num=5 HTTP/1.1" 200 9112
38.99.62.91 - - [21/Dec/2019:22:29:08 +0900] "GET /home/news/news/view.do?page=2&num=6 HTTP/1.1" 200 9121
38.99.62.91 - - [21/Dec/2019:22:29:48 +0900] "GET /home/news/news/view.do?page=2&num=5 HTTP/1.1" 200 9112
38.99.62.91 - - [21/Dec/2019:22:30:27 +0900] "GET /home/news/news/view.do?page=2&num=4 HTTP/1.1" 200 9123
38.99.62.91 - - [21/Dec/2019:22:31:07 +0900] "GET /home/news/news/view.do?page=2&num=5 HTTP/1.1" 200 9112
38.99.62.91 - - [21/Dec/2019:22:31:46 +0900] "GET /home/en/meetourpartners/all.do HTTP/1.1" 200 95227
38.99.62.91 - - [21/Dec/2019:22:32:25 +0900] "GET /home/news/news/view.do?page=2&num=4 HTTP/1.1" 200 9123
38.99.62.91 - - [21/Dec/2019:22:33:05 +0900] "GET /home/news/news/view.do?page=2&num=3 HTTP/1.1" 200 5576
38.99.62.91 - - [21/Dec/2019:22:33:44 +0900] "GET /home/meetourpartners/all.do HTTP/1.1" 200 101569
38.99.62.91 - - [21/Dec/2019:22:34:10 +0900] "GET /home/news/news/view.do?page=2&num=4 HTTP/1.1" 200 9123
38.99.62.91 - - [21/Dec/2019:22:34:50 +0900] "GET /home/news/news/view.do?page=2&num=3 HTTP/1.1" 200 5576
46.229.168.163 - - [21/Dec/2019:22:35:00 +0900] "GET /error/kr/error.jsp HTTP/1.1" 500 3570
38.99.62.91 - - [21/Dec/2019:22:35:29 +0900] "GET /home/news/news/view.do?page=2&num=2 HTTP/1.1" 200 6977
38.99.62.91 - - [21/Dec/2019:22:36:09 +0900] "GET /home/news/news/view.do?page=2&num=3 HTTP/1.1" 200 5576
34.199.176.251 - - [21/Dec/2019:22:36:37 +0900] "GET /home/news/news/view.do?num=2 HTTP/1.1" 200 6974
34.199.176.251 - - [21/Dec/2019:22:36:37 +0900] "GET /home/news/news/view.do HTTP/1.1" 500 3570
38.99.62.91 - - [21/Dec/2019:22:36:48 +0900] "GET /home/news/news/view.do?page=2&num=2 HTTP/1.1" 200 6977
38.99.62.91 - - [21/Dec/2019:22:37:27 +0900] "GET /home/news/news/view.do?page=2&num=1 HTTP/1.1" 200 8973
66.249.64.90 - - [21/Dec/2019:22:37:35 +0900] "GET /error/kr/error.jsp HTTP/1.1" 500 3762
38.99.62.91 - - [21/Dec/2019:22:38:07 +0900] "GET /home/news/news/view.do?page=2&num=2 HTTP/1.1" 200 6977
38.99.62.91 - - [21/Dec/2019:22:38:46 +0900] "GET /home/news/news/view.do?page=2&num=1 HTTP/1.1" 200 8973
85.186.79.200 - - [21/Dec/2019:22:39:19 +0900] "GET /error/kr/error.jsp HTTP/1.1" 500 3570
40.77.167.68 - - [21/Dec/2019:22:39:21 +0900] "GET /error/kr/error.jsp HTTP/1.1" 500 3570
207.46.13.142 - - [21/Dec/2019:22:39:22 +0900] "GET /error/kr/error.jsp HTTP/1.1" 500 3570
38.99.62.91 - - [21/Dec/2019:22:40:05 +0900] "GET /home/news/news/view.do?page=2&num=7 HTTP/1.1" 200 5548
38.99.62.91 - - [21/Dec/2019:22:40:44 +0900] "GET /home/news/news/view.do?page=2&num=8 HTTP/1.1" 200 9169
40.77.167.68 - - [21/Dec/2019:22:41:07 +0900] "GET /error/kr/error.jsp HTTP/1.1" 500 3570
38.99.62.91 - - [21/Dec/2019:22:41:24 +0900] "GET /home/news/news/view.do?page=&num=8 HTTP/1.1" 200 9166
38.99.62.91 - - [21/Dec/2019:22:42:03 +0900] "GET /home/news/news/view.do?page=&num=9 HTTP/1.1" 200 9132
121.254.147.237 - - [21/Dec/2019:22:42:22 +0900] "GET /index.jsp HTTP/1.1" 302 -
121.254.147.237 - - [21/Dec/2019:22:42:22 +0900] "GET /home/en/main/main.do HTTP/1.1" 200 11080
175.203.1.41 - - [21/Dec/2019:22:42:33 +0900] "GET /index.jsp HTTP/1.1" 302 -
175.203.1.41 - - [21/Dec/2019:22:42:33 +0900] "GET /home/main/main.do HTTP/1.1" 200 12222
38.99.62.91 - - [21/Dec/2019:22:42:43 +0900] "GET /home/news/news/view.do?page=&num=8 HTTP/1.1" 200 9166
125.209.235.180 - - [21/Dec/2019:22:42:47 +0900] "GET /home/meetourpartners/all.do HTTP/1.1" 200 101569
38.99.62.91 - - [21/Dec/2019:22:43:22 +0900] "GET /home/en/meetourpartners/all.do HTTP/1.1" 200 95227
38.99.62.91 - - [21/Dec/2019:22:44:02 +0900] "GET /home/en/meetourpartners/domestic.do HTTP/1.1" 200 69240
38.99.62.91 - - [21/Dec/2019:22:44:27 +0900] "GET /home/news/news/view.do?page=&num=9 HTTP/1.1" 200 9132
38.99.62.91 - - [21/Dec/2019:22:45:06 +0900] "GET /home/news/news/view.do?page=&num=10 HTTP/1.1" 200 6753
38.99.62.91 - - [21/Dec/2019:22:45:46 +0900] "GET /home/news/news/view.do?page=&num=9 HTTP/1.1" 200 9132
38.99.62.91 - - [21/Dec/2019:22:46:11 +0900] "GET /home/en/meetourpartners/all.do HTTP/1.1" 200 95227
38.99.62.91 - - [21/Dec/2019:22:46:37 +0900] "GET /home/news/news/view.do?page=&num=10 HTTP/1.1" 200 6753
38.99.62.91 - - [21/Dec/2019:22:47:02 +0900] "GET /home/news/news/view.do?page=&num=11 HTTP/1.1" 200 5545
38.99.62.91 - - [21/Dec/2019:22:47:42 +0900] "GET /home/news/news/view.do?page=&num=10 HTTP/1.1" 200 6753
38.99.62.91 - - [21/Dec/2019:22:48:21 +0900] "GET /home/news/news/view.do?page=&num=11 HTTP/1.1" 200 5545
38.99.62.91 - - [21/Dec/2019:22:49:01 +0900] "GET /home/news/news/view.do?page=&num=12 HTTP/1.1" 200 9080
219.249.64.58 - - [21/Dec/2019:22:53:02 +0900] "GET /index.jsp HTTP/1.1" 302 -
219.249.64.58 - - [21/Dec/2019:22:53:02 +0900] "GET /home/en/main/main.do HTTP/1.1" 200 11080
219.249.64.58 - - [21/Dec/2019:22:53:05 +0900] "GET /home/en/watwedo/overview.do HTTP/1.1" 200 6156
219.249.64.58 - - [21/Dec/2019:22:53:13 +0900] "GET /home/en/meetourpartners/all.do HTTP/1.1" 200 95227
66.249.64.94 - - [21/Dec/2019:22:57:56 +0900] "GET /error/kr/error.jsp HTTP/1.1" 500 3762
193.111.62.163 - - [21/Dec/2019:23:11:31 +0900] "GET /home/news/news/list.do HTTP/1.1" 200 7091
163.44.198.61 - - [21/Dec/2019:23:19:27 +0900] "GET /error/kr/error.jsp HTTP/1.1" 500 3570
66.249.64.214 - - [21/Dec/2019:23:28:25 +0900] "GET /error/kr/error.jsp HTTP/1.1" 500 3570
142.93.77.241 - - [21/Dec/2019:23:29:16 +0900] "GET /index.jsp HTTP/1.1" 302 -
142.93.77.241 - - [21/Dec/2019:23:29:17 +0900] "GET /home/main/main.do HTTP/1.1" 200 12222
142.93.77.241 - - [21/Dec/2019:23:30:29 +0900] "GET /error/kr/error.jsp HTTP/1.1" 500 3570
142.93.77.241 - - [21/Dec/2019:23:30:34 +0900] "GET /home/en/main/main.do HTTP/1.1" 200 11080
142.93.77.241 - - [21/Dec/2019:23:30:35 +0900] "GET /home/whoweare/korea.do HTTP/1.1" 200 31387
142.93.77.241 - - [21/Dec/2019:23:30:35 +0900] "GET /home/news/news/list.do HTTP/1.1" 200 7091
142.93.77.241 - - [21/Dec/2019:23:30:35 +0900] "GET /home/meetourpartners/all.do HTTP/1.1" 200 101569
142.93.77.241 - - [21/Dec/2019:23:30:35 +0900] "GET /home/watwedo/overview.do HTTP/1.1" 200 6147
142.93.77.241 - - [21/Dec/2019:23:30:35 +0900] "GET /home/about/about.do HTTP/1.1" 200 14216
142.93.77.241 - - [21/Dec/2019:23:30:35 +0900] "GET /home/contact/contact.do HTTP/1.1" 200 5224
142.93.77.241 - - [21/Dec/2019:23:30:35 +0900] "GET /home/news/news/view.do?num=1 HTTP/1.1" 200 8971
142.93.77.241 - - [21/Dec/2019:23:30:35 +0900] "GET /home/news/news/view.do?num=3 HTTP/1.1" 200 5573
142.93.77.241 - - [21/Dec/2019:23:30:36 +0900] "GET /home/news/news/view.do?num=2 HTTP/1.1" 200 6974
142.93.77.241 - - [21/Dec/2019:23:30:36 +0900] "GET /home/watwedo/philosophy.do HTTP/1.1" 200 7162
66.249.64.92 - - [21/Dec/2019:23:38:15 +0900] "GET /error/kr/error.jsp HTTP/1.1" 500 3762
178.128.94.31 - - [21/Dec/2019:23:44:28 +0900] "GET /index.jsp HTTP/1.0" 302 -
66.249.64.90 - - [21/Dec/2019:23:48:09 +0900] "GET /error/kr/error.jsp HTTP/1.1" 500 3762
66.249.64.214 - - [21/Dec/2019:23:58:22 +0900] "GET /error/kr/error.jsp HTTP/1.1" 500 3570
