14.215.176.17 - - [17/Oct/2019:00:01:04 +0900] "GET /error/kr/error.jsp HTTP/1.1" 500 3570
125.209.235.169 - - [17/Oct/2019:00:04:04 +0900] "GET /error/kr/error.jsp HTTP/1.1" 500 3570
87.237.42.30 - - [17/Oct/2019:00:10:47 +0900] "GET /index.jsp HTTP/1.0" 302 -
220.181.108.115 - - [17/Oct/2019:00:12:02 +0900] "GET /index.jsp HTTP/1.1" 302 -
220.181.108.139 - - [17/Oct/2019:00:12:02 +0900] "GET /home/en/main/main.do HTTP/1.1" 200 11080
154.209.254.233 - - [17/Oct/2019:00:14:53 +0900] "GET /error/kr/error.jsp HTTP/1.1" 500 3570
154.209.254.233 - - [17/Oct/2019:00:14:53 +0900] "GET /error/kr/error.jsp HTTP/1.1" 500 3570
191.255.140.199 - - [17/Oct/2019:00:16:23 +0900] "GET /index.jsp HTTP/1.1" 302 -
193.111.62.163 - - [17/Oct/2019:00:19:30 +0900] "GET /home/news/news/list.do HTTP/1.1" 200 7091
74.207.241.34 - - [17/Oct/2019:00:25:30 +0900] "GET /error/kr/error.jsp HTTP/1.1" 500 3570
119.207.72.110 - - [17/Oct/2019:00:27:12 +0900] "GET /index.jsp HTTP/1.1" 302 -
119.207.72.110 - - [17/Oct/2019:00:27:12 +0900] "GET /home/main/main.do HTTP/1.1" 200 12222
54.162.180.93 - - [17/Oct/2019:00:30:53 +0900] "GET /error/kr/error.jsp HTTP/1.1" 500 3570
54.162.180.93 - - [17/Oct/2019:00:30:54 +0900] "GET /error/kr/error.jsp HTTP/1.1" 500 3570
180.97.220.108 - - [17/Oct/2019:00:31:27 +0900] "GET /error/kr/error.jsp HTTP/1.1" 500 3570
121.137.68.40 - - [17/Oct/2019:00:32:28 +0900] "GET /index.jsp HTTP/1.1" 302 -
121.137.68.40 - - [17/Oct/2019:00:32:28 +0900] "GET /home/main/main.do HTTP/1.1" 200 8898
121.137.68.40 - - [17/Oct/2019:00:33:04 +0900] "GET /index.jsp HTTP/1.1" 302 -
121.137.68.40 - - [17/Oct/2019:00:33:04 +0900] "GET /home/main/main.do HTTP/1.1" 200 8898
66.102.8.55 - - [17/Oct/2019:00:42:16 +0900] "GET /index.jsp HTTP/1.1" 302 -
66.102.8.51 - - [17/Oct/2019:00:42:17 +0900] "GET /home/main/main.do HTTP/1.1" 200 12222
66.102.8.55 - - [17/Oct/2019:00:42:26 +0900] "GET /home/whoweare/korea.do HTTP/1.1" 200 29942
66.102.8.51 - - [17/Oct/2019:00:43:17 +0900] "GET /home/about/about.do HTTP/1.1" 200 14216
121.254.147.237 - - [17/Oct/2019:01:05:31 +0900] "GET /index.jsp HTTP/1.1" 302 -
121.254.147.237 - - [17/Oct/2019:01:05:31 +0900] "GET /home/en/main/main.do HTTP/1.1" 200 11080
207.46.13.13 - - [17/Oct/2019:01:10:44 +0900] "GET /error/kr/error.jsp HTTP/1.1" 500 3570
207.46.13.13 - - [17/Oct/2019:01:13:15 +0900] "GET /error/kr/error.jsp HTTP/1.1" 500 3570
193.111.62.163 - - [17/Oct/2019:01:23:23 +0900] "GET /home/news/news/list.do HTTP/1.1" 200 7091
89.238.167.46 - - [17/Oct/2019:01:24:09 +0900] "GET /index.jsp HTTP/1.0" 302 -
89.238.167.46 - - [17/Oct/2019:01:24:09 +0900] "GET /home/main/main.do HTTP/1.0" 200 12222
89.238.167.46 - - [17/Oct/2019:01:24:11 +0900] "GET /home/contact/contact.do HTTP/1.0" 200 5224
211.56.145.140 - - [17/Oct/2019:01:27:29 +0900] "GET /error/kr/error.jsp HTTP/1.1" 500 3570
45.33.66.85 - - [17/Oct/2019:01:31:41 +0900] "GET /error/kr/error.jsp HTTP/1.1" 500 3570
182.0.231.179 - - [17/Oct/2019:01:32:23 +0900] "GET /index.jsp HTTP/1.1" 302 -
182.0.231.179 - - [17/Oct/2019:01:32:23 +0900] "GET /home/en/main/main.do HTTP/1.1" 200 11080
182.0.196.178 - - [17/Oct/2019:01:32:58 +0900] "GET /home/en/meetourpartners/all.do HTTP/1.1" 200 95227
182.0.231.197 - - [17/Oct/2019:01:33:24 +0900] "GET /home/en/meetourpartners/domestic.do HTTP/1.1" 200 69240
182.0.196.178 - - [17/Oct/2019:01:33:54 +0900] "GET /home/en/whoweare/korea.do HTTP/1.1" 200 29841
182.0.228.146 - - [17/Oct/2019:01:34:16 +0900] "GET /home/en/meetourpartners/all.do HTTP/1.1" 200 95227
182.0.228.146 - - [17/Oct/2019:01:34:19 +0900] "GET /home/en/meetourpartners/overseas.do HTTP/1.1" 200 31428
17.58.96.118 - - [17/Oct/2019:01:34:29 +0900] "GET /error/kr/error.jsp HTTP/1.1" 500 3570
17.58.96.118 - - [17/Oct/2019:01:34:29 +0900] "GET /error/kr/error.jsp HTTP/1.1" 500 3570
182.0.228.146 - - [17/Oct/2019:01:34:37 +0900] "GET /home/en/about/about.do HTTP/1.1" 200 14811
186.195.81.47 - - [17/Oct/2019:01:35:25 +0900] "GET /index.jsp HTTP/1.0" 302 -
119.207.72.115 - - [17/Oct/2019:01:35:50 +0900] "GET /home/news/news/view.do?page=1&num=4 HTTP/1.1" 200 9123
119.207.72.69 - - [17/Oct/2019:01:35:52 +0900] "GET /home/whoweare/korea.do HTTP/1.1" 200 29942
139.129.98.166 - - [17/Oct/2019:01:37:45 +0900] "GET /error/kr/error.jsp HTTP/1.1" 500 3570
61.151.178.166 - - [17/Oct/2019:01:38:33 +0900] "GET /index.jsp HTTP/1.1" 302 -
13.66.139.1 - - [17/Oct/2019:01:40:09 +0900] "GET /error/kr/error.jsp HTTP/1.1" 500 3762
13.66.139.1 - - [17/Oct/2019:01:42:19 +0900] "GET /error/kr/error.jsp HTTP/1.1" 500 3762
13.66.139.1 - - [17/Oct/2019:01:44:27 +0900] "GET /error/kr/error.jsp HTTP/1.1" 500 3762
13.66.139.0 - - [17/Oct/2019:01:44:35 +0900] "GET /home/news/news/view.do?num=2 HTTP/1.1" 200 71892
103.131.71.130 - - [17/Oct/2019:01:47:36 +0900] "GET /error/kr/error.jsp HTTP/1.1" 500 3570
40.78.51.116 - - [17/Oct/2019:01:56:30 +0900] "GET /index.jsp HTTP/1.1" 302 -
180.153.108.224 - - [17/Oct/2019:02:03:30 +0900] "GET /index.jsp HTTP/1.1" 302 -
180.153.108.224 - - [17/Oct/2019:02:03:30 +0900] "GET /home/main/main.do HTTP/1.1" 200 8898
180.153.108.224 - - [17/Oct/2019:02:03:34 +0900] "GET /home/main/main.do HTTP/1.1" 200 8898
180.153.108.224 - - [17/Oct/2019:02:03:35 +0900] "GET /home/en/main/main.do HTTP/1.1" 200 8279
180.153.108.224 - - [17/Oct/2019:02:03:35 +0900] "GET /home/watwedo/overview.do HTTP/1.1" 200 7044
180.153.108.224 - - [17/Oct/2019:02:03:39 +0900] "GET /home/whoweare/korea.do HTTP/1.1" 200 43565
180.153.108.224 - - [17/Oct/2019:02:03:42 +0900] "GET /home/meetourpartners/all.do HTTP/1.1" 200 105128
180.153.108.224 - - [17/Oct/2019:02:03:54 +0900] "GET /home/news/news/list.do HTTP/1.1" 200 71778
125.209.235.173 - - [17/Oct/2019:02:04:02 +0900] "GET /error/kr/error.jsp HTTP/1.1" 500 3570
125.209.235.178 - - [17/Oct/2019:02:04:04 +0900] "GET /error/kr/error.jsp HTTP/1.1" 500 3570
180.153.108.224 - - [17/Oct/2019:02:04:16 +0900] "GET /home/contact/contact.do HTTP/1.1" 200 7487
180.153.108.224 - - [17/Oct/2019:02:04:18 +0900] "GET /home/about/about.do HTTP/1.1" 200 15329
180.153.108.224 - - [17/Oct/2019:02:04:21 +0900] "GET /home/news/news/view.do?num=1 HTTP/1.1" 200 71892
180.153.108.224 - - [17/Oct/2019:02:04:58 +0900] "GET /home/news/news/view.do?num=2 HTTP/1.1" 200 71892
180.153.108.224 - - [17/Oct/2019:02:05:07 +0900] "GET /home/news/news/view.do?num=3 HTTP/1.1" 200 71892
180.153.108.224 - - [17/Oct/2019:02:05:17 +0900] "GET /home/watwedo/philosophy.do HTTP/1.1" 200 7553
119.207.72.109 - - [17/Oct/2019:02:22:11 +0900] "GET /home/en/watwedo/overview.do HTTP/1.1" 200 6156
193.111.62.163 - - [17/Oct/2019:02:25:07 +0900] "GET /home/news/news/list.do HTTP/1.1" 200 7091
40.77.167.151 - - [17/Oct/2019:02:28:13 +0900] "GET /error/kr/error.jsp HTTP/1.1" 500 3570
35.237.182.213 - - [17/Oct/2019:02:30:42 +0900] "GET /error/kr/error.jsp HTTP/1.0" 500 3570
35.237.182.213 - - [17/Oct/2019:02:30:43 +0900] "GET /index.jsp HTTP/1.0" 302 -
35.237.182.213 - - [17/Oct/2019:02:30:43 +0900] "GET /error/kr/error.jsp HTTP/1.0" 500 3570
35.237.182.213 - - [17/Oct/2019:02:30:44 +0900] "GET /home/en/main/main.do HTTP/1.0" 200 11080
46.119.124.143 - - [17/Oct/2019:02:35:24 +0900] "GET /index.jsp HTTP/1.1" 302 -
46.119.124.143 - - [17/Oct/2019:02:35:25 +0900] "GET /index.jsp HTTP/1.1" 302 -
46.119.124.143 - - [17/Oct/2019:02:35:27 +0900] "GET /index.jsp HTTP/1.1" 302 -
119.207.72.69 - - [17/Oct/2019:02:36:17 +0900] "GET /home/en/main/main.do HTTP/1.1" 200 11080
35.237.182.213 - - [17/Oct/2019:02:37:12 +0900] "GET /error/kr/error.jsp HTTP/1.0" 500 3570
35.237.182.213 - - [17/Oct/2019:02:37:13 +0900] "GET /index.jsp HTTP/1.0" 302 -
35.237.182.213 - - [17/Oct/2019:02:37:13 +0900] "GET /error/kr/error.jsp HTTP/1.0" 500 3570
35.237.182.213 - - [17/Oct/2019:02:37:13 +0900] "GET /home/en/main/main.do HTTP/1.0" 200 11080
46.119.124.143 - - [17/Oct/2019:03:09:47 +0900] "GET /index.jsp HTTP/1.1" 302 -
46.119.124.143 - - [17/Oct/2019:03:09:47 +0900] "GET /index.jsp HTTP/1.1" 302 -
46.119.124.143 - - [17/Oct/2019:03:09:49 +0900] "GET /index.jsp HTTP/1.1" 302 -
211.56.145.140 - - [17/Oct/2019:03:18:07 +0900] "GET /index.jsp HTTP/1.1" 302 -
211.56.145.140 - - [17/Oct/2019:03:18:07 +0900] "GET /home/main/main.do HTTP/1.1" 200 8898
211.56.145.140 - - [17/Oct/2019:03:18:07 +0900] "GET /home/whoweare/korea.do HTTP/1.1" 200 43565
211.56.145.140 - - [17/Oct/2019:03:18:07 +0900] "GET /home/news/news/view.do?num=1 HTTP/1.1" 200 71892
211.56.145.140 - - [17/Oct/2019:03:18:07 +0900] "GET /home/news/news/view.do?num=2 HTTP/1.1" 200 71892
211.56.145.140 - - [17/Oct/2019:03:18:07 +0900] "GET /home/meetourpartners/all.do HTTP/1.1" 200 105128
211.56.145.140 - - [17/Oct/2019:03:18:07 +0900] "GET /home/watwedo/overview.do HTTP/1.1" 200 7044
211.56.145.140 - - [17/Oct/2019:03:18:07 +0900] "GET /home/en/main/main.do HTTP/1.1" 200 8279
211.56.145.140 - - [17/Oct/2019:03:18:07 +0900] "GET /home/watwedo/philosophy.do HTTP/1.1" 200 7553
211.56.145.140 - - [17/Oct/2019:03:18:07 +0900] "GET /home/contact/contact.do HTTP/1.1" 200 7487
211.56.145.140 - - [17/Oct/2019:03:18:07 +0900] "GET /home/news/news/list.do HTTP/1.1" 200 71778
211.56.145.140 - - [17/Oct/2019:03:18:07 +0900] "GET /home/news/news/view.do?num=3 HTTP/1.1" 200 71892
211.56.145.140 - - [17/Oct/2019:03:18:07 +0900] "GET /home/main/main.do HTTP/1.1" 200 8898
211.56.145.140 - - [17/Oct/2019:03:18:07 +0900] "GET /home/about/about.do HTTP/1.1" 200 15329
113.105.152.83 - - [17/Oct/2019:03:23:34 +0900] "HEAD /index.jsp?s=www.dongguand.cn HTTP/1.1" 302 -
113.105.152.83 - - [17/Oct/2019:03:23:34 +0900] "HEAD /home/main/main.do HTTP/1.1" 302 -
113.105.152.83 - - [17/Oct/2019:03:23:35 +0900] "HEAD /index.jsp?s=www.guangzhoua.cn HTTP/1.1" 302 -
113.105.152.83 - - [17/Oct/2019:03:23:35 +0900] "HEAD /home/main/main.do HTTP/1.1" 302 -
113.105.152.83 - - [17/Oct/2019:03:23:37 +0900] "HEAD /index.jsp?s=www.dongguans.cn HTTP/1.1" 302 -
113.105.152.83 - - [17/Oct/2019:03:23:37 +0900] "HEAD /home/main/main.do HTTP/1.1" 200 -
113.105.152.83 - - [17/Oct/2019:03:23:37 +0900] "HEAD /home/main/main.do HTTP/1.1" 302 -
113.105.152.83 - - [17/Oct/2019:03:23:37 +0900] "HEAD /home/main/main.do HTTP/1.1" 200 -
113.105.152.83 - - [17/Oct/2019:03:23:38 +0900] "HEAD /index.jsp?s=www.dongguanf.cn HTTP/1.1" 302 -
113.105.152.83 - - [17/Oct/2019:03:23:38 +0900] "HEAD /home/main/main.do HTTP/1.1" 302 -
113.105.152.83 - - [17/Oct/2019:03:23:38 +0900] "HEAD /index.jsp?s=www.dongguanz.cn HTTP/1.1" 302 -
113.105.152.83 - - [17/Oct/2019:03:23:38 +0900] "HEAD /home/main/main.do HTTP/1.1" 200 -
113.105.152.83 - - [17/Oct/2019:03:23:38 +0900] "HEAD /home/main/main.do HTTP/1.1" 302 -
113.105.152.83 - - [17/Oct/2019:03:23:39 +0900] "HEAD /home/main/main.do HTTP/1.1" 200 -
113.105.152.83 - - [17/Oct/2019:03:23:40 +0900] "HEAD /index.jsp?s=www.dongguane.cn HTTP/1.1" 302 -
113.105.152.83 - - [17/Oct/2019:03:23:40 +0900] "HEAD /home/main/main.do HTTP/1.1" 302 -
113.105.152.83 - - [17/Oct/2019:03:23:40 +0900] "HEAD /home/main/main.do HTTP/1.1" 200 -
113.105.152.83 - - [17/Oct/2019:03:23:40 +0900] "HEAD /index.jsp?s=www.dongguanh.cn HTTP/1.1" 302 -
113.105.152.83 - - [17/Oct/2019:03:23:41 +0900] "HEAD /home/main/main.do HTTP/1.1" 302 -
113.105.152.83 - - [17/Oct/2019:03:23:41 +0900] "HEAD /index.jsp?s=www.dongguanc.cn HTTP/1.1" 302 -
113.105.152.83 - - [17/Oct/2019:03:23:41 +0900] "HEAD /home/main/main.do HTTP/1.1" 200 -
113.105.152.83 - - [17/Oct/2019:03:23:41 +0900] "HEAD /home/main/main.do HTTP/1.1" 302 -
113.105.152.83 - - [17/Oct/2019:03:23:42 +0900] "HEAD /home/main/main.do HTTP/1.1" 200 -
201.231.103.17 - - [17/Oct/2019:03:29:42 +0900] "GET /index.jsp HTTP/1.1" 302 -
1.237.177.12 - - [17/Oct/2019:03:32:05 +0900] "GET /index.jsp HTTP/1.1" 302 -
1.237.177.12 - - [17/Oct/2019:03:32:05 +0900] "GET /home/en/main/main.do HTTP/1.1" 200 11080
211.56.145.140 - - [17/Oct/2019:03:32:30 +0900] "GET /home/main/main.do HTTP/1.1" 302 -
211.56.145.140 - - [17/Oct/2019:03:32:30 +0900] "GET /home/main/main.do HTTP/1.1" 200 8898
119.207.72.69 - - [17/Oct/2019:03:50:07 +0900] "GET /home/main/main.do HTTP/1.1" 200 12222
220.181.51.90 - - [17/Oct/2019:04:01:23 +0900] "GET /error/kr/error.jsp HTTP/1.1" 500 3570
125.209.235.172 - - [17/Oct/2019:04:04:03 +0900] "GET /error/kr/error.jsp HTTP/1.1" 500 3570
121.147.42.17 - - [17/Oct/2019:04:08:11 +0900] "GET /home/watwedo/history.do HTTP/1.1" 200 10614
121.147.42.17 - - [17/Oct/2019:04:08:43 +0900] "GET /home/watwedo/overview.do HTTP/1.1" 200 6147
121.147.42.17 - - [17/Oct/2019:04:08:45 +0900] "GET /home/watwedo/overview.do HTTP/1.1" 200 6147
121.147.42.17 - - [17/Oct/2019:04:08:47 +0900] "GET /home/watwedo/overview.do HTTP/1.1" 200 6147
52.128.49.197 - - [17/Oct/2019:04:21:15 +0900] "GET /error/kr/error.jsp HTTP/1.1" 500 3570
157.55.39.73 - - [17/Oct/2019:04:24:26 +0900] "GET /home/news/news/view.do?page=1&num=5 HTTP/1.1" 200 9112
157.55.39.73 - - [17/Oct/2019:04:24:31 +0900] "GET /error/kr/error.jsp HTTP/1.1" 500 3570
66.249.65.190 - - [17/Oct/2019:04:33:53 +0900] "GET /error/kr/error.jsp HTTP/1.1" 500 3762
157.55.39.73 - - [17/Oct/2019:04:34:54 +0900] "GET /home/en/whoweare/korea.do HTTP/1.1" 200 29841
109.70.100.28 - - [17/Oct/2019:04:36:00 +0900] "HEAD /index.jsp HTTP/1.1" 302 -
92.62.139.103 - - [17/Oct/2019:04:36:04 +0900] "GET /index.jsp HTTP/1.1" 302 -
92.62.139.103 - - [17/Oct/2019:04:36:05 +0900] "GET /home/main/main.do HTTP/1.1" 200 12222
211.207.120.193 - - [17/Oct/2019:04:40:42 +0900] "GET /index.jsp HTTP/1.1" 302 -
211.207.120.193 - - [17/Oct/2019:04:40:42 +0900] "GET /home/main/main.do HTTP/1.1" 200 12222
207.99.15.81 - - [17/Oct/2019:04:42:16 +0900] "GET /error/kr/error.jsp HTTP/1.1" 500 3570
116.127.133.78 - - [17/Oct/2019:04:42:43 +0900] "GET /filter/checker.jsp?campaignID=424&email=kimdj06@naver.com&responseEnd=2018-12-13 HTTP/1.1" 404 3570
116.127.133.78 - - [17/Oct/2019:04:42:43 +0900] "GET /error/kr/error.jsp HTTP/1.1" 500 3570
116.127.133.78 - - [17/Oct/2019:04:42:43 +0900] "GET /error/kr/error.jsp HTTP/1.1" 500 3570
116.127.133.78 - - [17/Oct/2019:04:42:48 +0900] "GET /error/kr/error.jsp HTTP/1.1" 500 3570
116.127.133.78 - - [17/Oct/2019:04:42:48 +0900] "GET /error/kr/error.jsp HTTP/1.1" 500 3570
116.127.133.78 - - [17/Oct/2019:04:42:48 +0900] "GET /filter/checker.jsp?campaignID=424&email=kimdj06@naver.com&responseEnd=2018-12-13 HTTP/1.1" 404 3570
66.249.73.84 - - [17/Oct/2019:04:43:45 +0900] "GET /error/kr/error.jsp HTTP/1.1" 500 3570
193.111.62.163 - - [17/Oct/2019:04:51:50 +0900] "GET /home/news/news/list.do HTTP/1.1" 200 7091
157.55.39.128 - - [17/Oct/2019:04:52:21 +0900] "GET /error/kr/error.jsp HTTP/1.1" 500 3762
66.249.73.82 - - [17/Oct/2019:04:53:56 +0900] "GET /error/kr/error.jsp HTTP/1.1" 500 3570
157.55.39.69 - - [17/Oct/2019:05:09:55 +0900] "GET /index.jsp HTTP/1.1" 302 -
207.99.15.81 - - [17/Oct/2019:05:15:08 +0900] "GET /error/kr/error.jsp HTTP/1.1" 500 3570
220.181.124.77 - - [17/Oct/2019:05:15:33 +0900] "GET /error/kr/error.jsp HTTP/1.1" 500 3762
109.72.100.99 - - [17/Oct/2019:05:19:36 +0900] "GET /error/kr/error.jsp HTTP/1.1" 500 3570
109.94.113.54 - - [17/Oct/2019:05:28:11 +0900] "GET /index.jsp HTTP/1.1" 302 -
207.99.15.81 - - [17/Oct/2019:05:35:54 +0900] "GET /home/main/main.do HTTP/1.1" 200 12222
157.55.39.69 - - [17/Oct/2019:05:37:00 +0900] "GET /index.jsp HTTP/1.1" 302 -
157.55.39.128 - - [17/Oct/2019:05:43:28 +0900] "GET /home/whoweare/korea.do HTTP/1.1" 200 29942
167.99.230.48 - - [17/Oct/2019:05:57:02 +0900] "GET /error/kr/error.jsp HTTP/1.1" 500 3570
27.75.231.244 - - [17/Oct/2019:05:57:20 +0900] "GET /index.jsp HTTP/1.0" 302 -
27.75.231.244 - - [17/Oct/2019:05:59:30 +0900] "GET /index.jsp HTTP/1.0" 302 -
208.100.26.233 - - [17/Oct/2019:06:00:56 +0900] "GET /index.jsp HTTP/1.1" 302 -
208.100.26.233 - - [17/Oct/2019:06:00:56 +0900] "GET /home/main/main.do HTTP/1.1" 200 8898
208.100.26.235 - - [17/Oct/2019:06:00:58 +0900] "GET /index.jsp HTTP/1.1" 302 -
208.100.26.235 - - [17/Oct/2019:06:00:59 +0900] "GET /index.jsp HTTP/1.1" 302 -
208.100.26.235 - - [17/Oct/2019:06:00:59 +0900] "GET /home/main/main.do HTTP/1.1" 200 12222
208.100.26.235 - - [17/Oct/2019:06:00:59 +0900] "GET /home/main/main.do HTTP/1.1" 200 12222
125.209.235.168 - - [17/Oct/2019:06:04:04 +0900] "GET /error/kr/error.jsp HTTP/1.1" 500 3570
167.99.179.88 - - [17/Oct/2019:06:15:38 +0900] "GET /index.jsp HTTP/1.0" 302 -
167.99.179.88 - - [17/Oct/2019:06:15:39 +0900] "GET /home/en/main/main.do HTTP/1.0" 200 11080
167.99.179.88 - - [17/Oct/2019:06:15:40 +0900] "GET /home/en/contact/contact.do HTTP/1.0" 200 5187
45.33.66.85 - - [17/Oct/2019:06:16:42 +0900] "GET /error/kr/error.jsp HTTP/1.1" 500 3570
67.169.114.70 - - [17/Oct/2019:06:18:17 +0900] "GET /home/en/whoweare/korea.do HTTP/1.1" 200 42455
132.148.80.15 - - [17/Oct/2019:06:21:53 +0900] "GET /error/kr/error.jsp HTTP/1.1" 500 3570
132.148.80.15 - - [17/Oct/2019:06:21:55 +0900] "GET /error/kr/error.jsp HTTP/1.1" 500 3570
193.111.62.163 - - [17/Oct/2019:06:26:58 +0900] "GET /home/news/news/list.do HTTP/1.1" 200 7091
119.207.72.70 - - [17/Oct/2019:06:27:54 +0900] "GET /home/news/news/list.do HTTP/1.1" 200 7091
114.205.123.230 - - [17/Oct/2019:06:38:37 +0900] "GET /home/main/main.do HTTP/1.1" 200 12222
114.205.123.230 - - [17/Oct/2019:06:38:37 +0900] "GET /error/kr/error.jsp HTTP/1.1" 500 3570
114.205.123.230 - - [17/Oct/2019:06:38:37 +0900] "GET /error/kr/error.jsp HTTP/1.1" 500 3570
114.205.123.230 - - [17/Oct/2019:06:38:37 +0900] "GET /home/main/main.do HTTP/1.1" 302 -
114.205.123.230 - - [17/Oct/2019:06:38:37 +0900] "GET /home/main/main.do HTTP/1.1" 200 8898
66.249.65.186 - - [17/Oct/2019:06:45:40 +0900] "GET /error/kr/error.jsp HTTP/1.1" 500 3762
77.247.108.229 - - [17/Oct/2019:06:45:50 +0900] "GET /index.jsp HTTP/1.1" 302 -
77.247.108.229 - - [17/Oct/2019:06:45:50 +0900] "GET /home/main/main.do HTTP/1.1" 200 12222
42.236.12.170 - - [17/Oct/2019:06:52:28 +0900] "GET /index.jsp HTTP/1.1" 302 -
42.236.12.170 - - [17/Oct/2019:06:52:28 +0900] "GET /home/en/main/main.do HTTP/1.1" 200 11080
207.99.15.81 - - [17/Oct/2019:07:01:37 +0900] "GET /home/news/news/view.do?num=1 HTTP/1.1" 200 8971
66.249.69.186 - - [17/Oct/2019:07:05:12 +0900] "GET /error/kr/error.jsp HTTP/1.1" 500 3762
193.25.121.237 - - [17/Oct/2019:07:09:25 +0900] "GET /index.jsp HTTP/1.1" 302 -
163.180.73.26 - - [17/Oct/2019:07:12:48 +0900] "GET /index.jsp HTTP/1.1" 302 -
163.180.73.26 - - [17/Oct/2019:07:12:48 +0900] "GET /home/main/main.do HTTP/1.1" 200 12222
163.180.73.26 - - [17/Oct/2019:07:12:54 +0900] "GET /home/meetourpartners/all.do HTTP/1.1" 200 101569
163.180.73.26 - - [17/Oct/2019:07:12:59 +0900] "GET /home/watwedo/overview.do HTTP/1.1" 200 6147
163.180.73.26 - - [17/Oct/2019:07:13:09 +0900] "GET /home/about/about.do HTTP/1.1" 200 14216
163.180.73.26 - - [17/Oct/2019:07:13:20 +0900] "GET /home/whoweare/korea.do HTTP/1.1" 200 29942
185.72.52.237 - - [17/Oct/2019:07:17:09 +0900] "GET /index.jsp HTTP/1.1" 302 -
185.72.52.237 - - [17/Oct/2019:07:17:09 +0900] "GET /home/en/main/main.do HTTP/1.1" 200 11080
207.46.13.180 - - [17/Oct/2019:07:27:12 +0900] "GET /home/news/news/view.do?page=1&num=10 HTTP/1.1" 200 6756
103.131.71.51 - - [17/Oct/2019:07:31:54 +0900] "GET /error/kr/error.jsp HTTP/1.1" 500 3570
193.111.62.163 - - [17/Oct/2019:07:32:00 +0900] "GET /home/news/news/list.do HTTP/1.1" 200 7091
80.82.70.187 - - [17/Oct/2019:07:38:34 +0900] "GET /error/kr/error.jsp HTTP/1.1" 500 3570
106.120.173.75 - - [17/Oct/2019:07:38:49 +0900] "GET /error/kr/error.jsp HTTP/1.1" 500 3570
106.120.173.75 - - [17/Oct/2019:07:38:49 +0900] "GET /error/kr/error.jsp HTTP/1.1" 500 3570
40.77.167.80 - - [17/Oct/2019:07:43:00 +0900] "GET /home/watwedo/overview.do HTTP/1.1" 200 6147
77.121.6.251 - - [17/Oct/2019:07:56:41 +0900] "GET /index.jsp HTTP/1.0" 302 -
61.103.49.10 - - [17/Oct/2019:07:59:53 +0900] "GET /home/main/main.do HTTP/1.1" 200 12222
61.103.49.10 - - [17/Oct/2019:07:59:56 +0900] "GET /home/whoweare/korea.do HTTP/1.1" 200 29942
66.249.75.29 - - [17/Oct/2019:08:00:09 +0900] "GET /error/kr/error.jsp HTTP/1.1" 500 3570
61.103.49.10 - - [17/Oct/2019:08:00:28 +0900] "GET /home/main/main.do HTTP/1.1" 200 12222
196.1.187.106 - - [17/Oct/2019:08:01:31 +0900] "GET /index.jsp HTTP/1.1" 302 -
125.209.235.176 - - [17/Oct/2019:08:04:03 +0900] "GET /error/kr/error.jsp HTTP/1.1" 500 3570
66.249.75.28 - - [17/Oct/2019:08:04:55 +0900] "GET /error/kr/error.jsp HTTP/1.1" 500 3570
37.115.191.28 - - [17/Oct/2019:08:08:39 +0900] "GET /index.jsp HTTP/1.1" 302 -
37.115.191.28 - - [17/Oct/2019:08:08:39 +0900] "GET /index.jsp HTTP/1.1" 302 -
37.115.191.28 - - [17/Oct/2019:08:08:40 +0900] "GET /index.jsp HTTP/1.1" 302 -
37.115.191.28 - - [17/Oct/2019:08:08:40 +0900] "GET /index.jsp HTTP/1.1" 302 -
37.115.191.28 - - [17/Oct/2019:08:08:41 +0900] "GET /index.jsp HTTP/1.1" 302 -
37.115.191.28 - - [17/Oct/2019:08:08:41 +0900] "GET /index.jsp HTTP/1.1" 302 -
34.207.131.20 - - [17/Oct/2019:08:12:35 +0900] "GET /index.jsp HTTP/1.1" 302 -
34.207.131.20 - - [17/Oct/2019:08:12:35 +0900] "GET /home/main/main.do HTTP/1.1" 200 12222
54.178.142.240 - - [17/Oct/2019:08:15:06 +0900] "GET /index.jsp HTTP/1.1" 302 -
54.146.43.69 - - [17/Oct/2019:08:15:08 +0900] "GET /error/kr/error.jsp HTTP/1.0" 500 3570
54.178.142.240 - - [17/Oct/2019:08:15:10 +0900] "GET /home/en/main/main.do HTTP/1.1" 200 11080
193.111.62.163 - - [17/Oct/2019:08:27:19 +0900] "GET /home/news/news/list.do HTTP/1.1" 200 7091
222.238.125.164 - - [17/Oct/2019:08:41:48 +0900] "GET /index.jsp HTTP/1.1" 302 -
222.238.125.164 - - [17/Oct/2019:08:41:48 +0900] "GET /home/main/main.do HTTP/1.1" 302 -
222.238.125.164 - - [17/Oct/2019:08:41:48 +0900] "GET /home/main/main.do HTTP/1.1" 200 8898
222.238.125.164 - - [17/Oct/2019:08:41:48 +0900] "GET /error/kr/error.jsp HTTP/1.1" 500 3762
222.238.125.164 - - [17/Oct/2019:08:41:58 +0900] "GET /home/meetourpartners/all.do HTTP/1.1" 200 105128
121.254.147.237 - - [17/Oct/2019:08:58:54 +0900] "GET /index.jsp HTTP/1.1" 302 -
121.254.147.237 - - [17/Oct/2019:08:58:54 +0900] "GET /home/en/main/main.do HTTP/1.1" 200 11080
104.222.43.84 - - [17/Oct/2019:09:03:55 +0900] "GET /index.jsp HTTP/1.1" 302 -
104.222.43.84 - - [17/Oct/2019:09:03:56 +0900] "GET /home/en/main/main.do HTTP/1.1" 200 11080
220.88.123.49 - - [17/Oct/2019:09:21:03 +0900] "GET /filter/checker.jsp?campaignID=275&email=yja1950439@naver.com&responseEnd=2018-12-04 HTTP/1.1" 404 3570
220.88.123.49 - - [17/Oct/2019:09:21:03 +0900] "GET /error/kr/error.jsp HTTP/1.1" 500 3570
89.238.167.46 - - [17/Oct/2019:09:21:03 +0900] "GET /index.jsp HTTP/1.0" 302 -
89.238.167.46 - - [17/Oct/2019:09:21:04 +0900] "GET /home/main/main.do HTTP/1.0" 200 12222
89.238.167.46 - - [17/Oct/2019:09:21:05 +0900] "GET /home/contact/contact.do HTTP/1.0" 200 5224
89.238.167.46 - - [17/Oct/2019:09:21:05 +0900] "GET /home/about/about.do HTTP/1.0" 200 14216
89.238.167.46 - - [17/Oct/2019:09:21:06 +0900] "GET /home/contact/contact.do HTTP/1.0" 200 5224
89.238.167.46 - - [17/Oct/2019:09:21:07 +0900] "GET /home/about/about.do HTTP/1.0" 200 14216
89.238.167.46 - - [17/Oct/2019:09:21:08 +0900] "GET /home/contact/contact.do HTTP/1.0" 200 5224
89.238.167.46 - - [17/Oct/2019:09:21:09 +0900] "GET /home/about/about.do HTTP/1.0" 200 14216
89.238.167.46 - - [17/Oct/2019:09:21:10 +0900] "GET /home/contact/contact.do HTTP/1.0" 200 5224
58.47.184.173 - - [17/Oct/2019:09:23:27 +0900] "GET /index.jsp HTTP/1.1" 302 -
58.47.184.173 - - [17/Oct/2019:09:23:31 +0900] "GET /home/en/main/main.do HTTP/1.1" 200 11080
119.207.72.79 - - [17/Oct/2019:09:24:09 +0900] "GET /home/news/news/list.do?page=2 HTTP/1.1" 200 6849
193.111.62.163 - - [17/Oct/2019:09:26:27 +0900] "GET /home/news/news/list.do HTTP/1.1" 200 7091
1.241.14.115 - - [17/Oct/2019:09:28:38 +0900] "GET /filter/checker.jsp?campaignID=733&email=51kysoon@naver.com&responseEnd=2019-01-01 HTTP/1.1" 404 3570
1.241.14.115 - - [17/Oct/2019:09:28:38 +0900] "GET /error/kr/error.jsp HTTP/1.1" 500 3570
1.241.14.115 - - [17/Oct/2019:09:28:38 +0900] "GET /error/kr/error.jsp HTTP/1.1" 500 3570
91.225.28.130 - - [17/Oct/2019:09:56:37 +0900] "GET /error/kr/error.jsp HTTP/1.1" 500 3570
46.185.127.62 - - [17/Oct/2019:09:59:43 +0900] "GET /index.jsp HTTP/1.1" 302 -
46.185.127.62 - - [17/Oct/2019:09:59:44 +0900] "GET /index.jsp HTTP/1.1" 302 -
46.185.127.62 - - [17/Oct/2019:09:59:44 +0900] "GET /index.jsp HTTP/1.1" 302 -
175.201.182.193 - - [17/Oct/2019:10:04:01 +0900] "GET /index.jsp HTTP/1.1" 302 -
175.201.182.193 - - [17/Oct/2019:10:04:01 +0900] "GET /home/main/main.do HTTP/1.1" 200 12222
125.209.235.184 - - [17/Oct/2019:10:04:04 +0900] "GET /error/kr/error.jsp HTTP/1.1" 500 3570
112.139.199.165 - - [17/Oct/2019:10:07:24 +0900] "GET /error/kr/error.jsp HTTP/1.1" 500 3570
39.46.36.90 - - [17/Oct/2019:10:07:26 +0900] "GET /error/kr/error.jsp HTTP/1.1" 500 3570
188.0.175.217 - - [17/Oct/2019:10:07:28 +0900] "GET /error/kr/error.jsp HTTP/1.1" 500 3570
193.111.62.163 - - [17/Oct/2019:10:15:41 +0900] "GET /home/news/news/list.do HTTP/1.1" 200 7091
113.104.242.46 - - [17/Oct/2019:10:15:48 +0900] "GET /error/kr/error.jsp HTTP/1.1" 500 3570
207.99.15.81 - - [17/Oct/2019:10:25:51 +0900] "GET /home/about/about.do HTTP/1.1" 200 14216
103.131.71.44 - - [17/Oct/2019:10:26:40 +0900] "GET /error/kr/error.jsp HTTP/1.1" 500 3762
103.131.71.42 - - [17/Oct/2019:10:27:01 +0900] "GET /error/kr/error.jsp HTTP/1.1" 500 3570
61.105.6.254 - - [17/Oct/2019:10:29:35 +0900] "GET /index.jsp HTTP/1.1" 302 -
61.105.6.254 - - [17/Oct/2019:10:29:35 +0900] "GET /home/main/main.do HTTP/1.1" 200 12222
202.104.183.122 - - [17/Oct/2019:10:32:22 +0900] "GET /error/kr/error.jsp HTTP/1.1" 500 3570
69.140.172.202 - - [17/Oct/2019:10:33:52 +0900] "GET /index.jsp HTTP/1.1" 302 -
69.140.172.202 - - [17/Oct/2019:10:33:52 +0900] "GET /home/en/main/main.do HTTP/1.1" 200 11080
69.140.172.202 - - [17/Oct/2019:10:33:59 +0900] "GET /home/main/main.do HTTP/1.1" 200 12222
69.140.172.202 - - [17/Oct/2019:10:34:05 +0900] "GET /home/watwedo/overview.do HTTP/1.1" 200 6147
69.140.172.202 - - [17/Oct/2019:10:34:40 +0900] "GET /home/watwedo/history.do HTTP/1.1" 200 10614
69.140.172.202 - - [17/Oct/2019:10:34:46 +0900] "GET /home/meetourpartners/all.do HTTP/1.1" 200 101569
69.140.172.202 - - [17/Oct/2019:10:35:15 +0900] "GET /home/meetourpartners/overseas.do HTTP/1.1" 200 32620
69.140.172.202 - - [17/Oct/2019:10:35:24 +0900] "GET /home/whoweare/korea.do HTTP/1.1" 200 29942
69.140.172.202 - - [17/Oct/2019:10:36:23 +0900] "GET /home/whoweare/china.do HTTP/1.1" 200 10340
121.131.76.132 - - [17/Oct/2019:10:36:29 +0900] "GET /index.jsp HTTP/1.1" 302 -
121.131.76.132 - - [17/Oct/2019:10:36:30 +0900] "GET /home/main/main.do HTTP/1.1" 200 12222
69.140.172.202 - - [17/Oct/2019:10:36:50 +0900] "GET /home/whoweare/korea.do HTTP/1.1" 200 29942
121.131.76.132 - - [17/Oct/2019:10:38:13 +0900] "GET /home/en/main/main.do HTTP/1.1" 200 11080
113.198.180.190 - - [17/Oct/2019:10:39:01 +0900] "GET /home/main/main.do HTTP/1.1" 200 12222
181.129.63.139 - - [17/Oct/2019:10:41:53 +0900] "GET /index.jsp HTTP/1.0" 302 -
13.228.6.37 - - [17/Oct/2019:10:43:40 +0900] "GET /home/en/meetourpartners/all.do HTTP/1.1" 200 95227
125.209.235.167 - - [17/Oct/2019:10:44:04 +0900] "GET /index.jsp HTTP/1.1" 302 -
125.209.235.167 - - [17/Oct/2019:10:44:27 +0900] "GET /home/main/main.do HTTP/1.1" 200 12222
157.55.39.37 - - [17/Oct/2019:10:45:31 +0900] "GET /error/kr/error.jsp HTTP/1.1" 500 3570
69.140.172.202 - - [17/Oct/2019:10:50:09 +0900] "GET /index.jsp HTTP/1.1" 302 -
69.140.172.202 - - [17/Oct/2019:10:50:09 +0900] "GET /home/en/main/main.do HTTP/1.1" 200 11080
69.140.172.202 - - [17/Oct/2019:10:50:16 +0900] "GET /home/en/meetourpartners/all.do HTTP/1.1" 200 95227
69.140.172.202 - - [17/Oct/2019:10:50:22 +0900] "GET /home/en/whoweare/korea.do HTTP/1.1" 200 29841
113.111.245.32 - - [17/Oct/2019:10:52:35 +0900] "GET /error/kr/error.jsp HTTP/1.1" 500 3570
35.237.182.213 - - [17/Oct/2019:10:53:54 +0900] "GET /error/kr/error.jsp HTTP/1.0" 500 3570
35.237.182.213 - - [17/Oct/2019:10:53:55 +0900] "GET /home/en/about/about.do HTTP/1.0" 200 14811
113.198.180.190 - - [17/Oct/2019:10:55:07 +0900] "GET /home/en/main/main.do HTTP/1.1" 200 11080
113.198.180.190 - - [17/Oct/2019:10:55:08 +0900] "GET /home/en/whoweare/korea.do HTTP/1.1" 200 29841
45.33.66.85 - - [17/Oct/2019:10:56:43 +0900] "GET /error/kr/error.jsp HTTP/1.1" 500 3570
119.129.229.20 - - [17/Oct/2019:10:58:29 +0900] "GET /error/kr/error.jsp HTTP/1.1" 500 3570
35.237.182.213 - - [17/Oct/2019:10:59:08 +0900] "GET /error/kr/error.jsp HTTP/1.0" 500 3570
35.237.182.213 - - [17/Oct/2019:10:59:09 +0900] "GET /home/en/watwedo/overview.do HTTP/1.0" 200 6156
113.198.180.190 - - [17/Oct/2019:10:59:36 +0900] "GET /home/en/whoweare/korea.do HTTP/1.1" 200 29841
113.198.180.190 - - [17/Oct/2019:10:59:38 +0900] "GET /home/en/meetourpartners/all.do HTTP/1.1" 200 95227
113.198.180.190 - - [17/Oct/2019:10:59:40 +0900] "GET /home/en/watwedo/overview.do HTTP/1.1" 200 6156
113.198.180.190 - - [17/Oct/2019:10:59:42 +0900] "GET /home/en/contact/contact.do HTTP/1.1" 200 5187
35.237.182.213 - - [17/Oct/2019:10:59:52 +0900] "GET /error/kr/error.jsp HTTP/1.0" 500 3570
35.237.182.213 - - [17/Oct/2019:10:59:53 +0900] "GET /home/main/main.do HTTP/1.0" 200 12222
157.55.39.60 - - [17/Oct/2019:11:01:12 +0900] "GET /home/news/news/view.do?page=2&num=14 HTTP/1.1" 200 6736
222.186.26.2 - - [17/Oct/2019:11:03:33 +0900] "HEAD /index.jsp?s=www.fsymc.cn HTTP/1.1" 302 -
35.237.182.213 - - [17/Oct/2019:11:04:17 +0900] "GET /error/kr/error.jsp HTTP/1.0" 500 3570
35.237.182.213 - - [17/Oct/2019:11:04:17 +0900] "GET /home/en/meetourpartners/all.do HTTP/1.0" 200 95227
14.51.64.241 - - [17/Oct/2019:11:06:07 +0900] "GET /index.jsp HTTP/1.1" 302 -
14.51.64.241 - - [17/Oct/2019:11:06:07 +0900] "GET /home/main/main.do HTTP/1.1" 200 12222
14.51.64.241 - - [17/Oct/2019:11:06:15 +0900] "GET /home/about/about.do HTTP/1.1" 200 14216
207.99.15.81 - - [17/Oct/2019:11:08:35 +0900] "GET /home/news/news/view.do?num=1 HTTP/1.1" 200 8971
211.38.144.230 - - [17/Oct/2019:11:11:31 +0900] "GET /error/kr/error.jsp HTTP/1.1" 500 3570
35.237.182.213 - - [17/Oct/2019:11:11:52 +0900] "GET /error/kr/error.jsp HTTP/1.0" 500 3570
35.237.182.213 - - [17/Oct/2019:11:11:52 +0900] "GET /home/en/watwedo/philosophy.do HTTP/1.0" 200 7112
38.99.62.91 - - [17/Oct/2019:11:14:11 +0900] "GET /home/news/news/view.do?page=2&num=10 HTTP/1.1" 200 6756
38.99.62.91 - - [17/Oct/2019:11:14:51 +0900] "GET /home/news/news/view.do?page=&num=6 HTTP/1.1" 200 9118
170.245.131.51 - - [17/Oct/2019:11:14:56 +0900] "GET /index.jsp HTTP/1.1" 302 -
38.99.62.91 - - [17/Oct/2019:11:15:30 +0900] "GET /home/news/news/view.do?page=&num=7 HTTP/1.1" 200 5545
35.237.182.213 - - [17/Oct/2019:11:15:33 +0900] "GET /error/kr/error.jsp HTTP/1.0" 500 3570
35.237.182.213 - - [17/Oct/2019:11:15:34 +0900] "GET /home/en/whoweare/korea.do HTTP/1.0" 200 29841
38.99.62.91 - - [17/Oct/2019:11:15:57 +0900] "GET /home/news/news/view.do?page=&num=6 HTTP/1.1" 200 9118
113.198.180.190 - - [17/Oct/2019:11:16:15 +0900] "GET /home/main/main.do HTTP/1.1" 200 12222
113.198.180.190 - - [17/Oct/2019:11:16:20 +0900] "GET /home/en/main/main.do HTTP/1.1" 200 11080
121.131.76.132 - - [17/Oct/2019:11:16:36 +0900] "GET /index.jsp HTTP/1.1" 302 -
121.131.76.132 - - [17/Oct/2019:11:16:36 +0900] "GET /home/main/main.do HTTP/1.1" 200 12222
38.99.62.91 - - [17/Oct/2019:11:16:37 +0900] "GET /home/news/news/view.do?page=2&num=9 HTTP/1.1" 200 9135
121.131.76.132 - - [17/Oct/2019:11:16:38 +0900] "GET /home/en/main/main.do HTTP/1.1" 200 11080
38.99.62.91 - - [17/Oct/2019:11:17:02 +0900] "GET /home/news/news/view.do?page=2&num=8 HTTP/1.1" 200 9169
38.99.62.91 - - [17/Oct/2019:11:17:27 +0900] "GET /home/news/news/view.do?page=2&num=9 HTTP/1.1" 200 9135
35.237.182.213 - - [17/Oct/2019:11:17:50 +0900] "GET /error/kr/error.jsp HTTP/1.0" 500 3570
35.237.182.213 - - [17/Oct/2019:11:17:51 +0900] "GET /home/en/contact/contact.do HTTP/1.0" 200 5187
38.99.62.91 - - [17/Oct/2019:11:17:53 +0900] "GET /home/news/news/view.do?page=2&num=9 HTTP/1.1" 200 9135
119.129.229.20 - - [17/Oct/2019:11:17:56 +0900] "GET /error/kr/error.jsp HTTP/1.1" 500 3570
38.99.62.91 - - [17/Oct/2019:11:18:18 +0900] "GET /home/news/news/view.do?page=2&num=8 HTTP/1.1" 200 9169
35.237.182.213 - - [17/Oct/2019:11:18:35 +0900] "GET /error/kr/error.jsp HTTP/1.0" 500 3570
35.237.182.213 - - [17/Oct/2019:11:18:35 +0900] "GET /home/en/meetourpartners/all.do HTTP/1.0" 200 95227
35.237.182.213 - - [17/Oct/2019:11:18:39 +0900] "GET /error/kr/error.jsp HTTP/1.0" 500 3570
35.237.182.213 - - [17/Oct/2019:11:18:39 +0900] "GET /home/en/watwedo/overview.do HTTP/1.0" 200 6156
35.237.182.213 - - [17/Oct/2019:11:18:41 +0900] "GET /error/kr/error.jsp HTTP/1.0" 500 3570
35.237.182.213 - - [17/Oct/2019:11:18:41 +0900] "GET /home/en/whoweare/korea.do HTTP/1.0" 200 29841
35.237.182.213 - - [17/Oct/2019:11:18:43 +0900] "GET /error/kr/error.jsp HTTP/1.0" 500 3570
35.237.182.213 - - [17/Oct/2019:11:18:43 +0900] "GET /home/en/about/about.do HTTP/1.0" 200 14811
35.237.182.213 - - [17/Oct/2019:11:18:45 +0900] "GET /error/kr/error.jsp HTTP/1.0" 500 3570
35.237.182.213 - - [17/Oct/2019:11:18:46 +0900] "GET /home/en/contact/contact.do HTTP/1.0" 200 5187
35.237.182.213 - - [17/Oct/2019:11:18:48 +0900] "GET /error/kr/error.jsp HTTP/1.0" 500 3570
35.237.182.213 - - [17/Oct/2019:11:18:48 +0900] "GET /home/en/watwedo/philosophy.do HTTP/1.0" 200 7112
35.237.182.213 - - [17/Oct/2019:11:18:49 +0900] "GET /error/kr/error.jsp HTTP/1.0" 500 3570
35.237.182.213 - - [17/Oct/2019:11:18:50 +0900] "GET /home/main/main.do HTTP/1.0" 200 12222
38.99.62.91 - - [17/Oct/2019:11:19:27 +0900] "GET /home/news/news/view.do?page=2&num=7 HTTP/1.1" 200 5548
38.99.62.91 - - [17/Oct/2019:11:20:07 +0900] "GET /home/news/news/view.do?page=2&num=8 HTTP/1.1" 200 9169
193.111.62.163 - - [17/Oct/2019:11:20:26 +0900] "GET /home/news/news/list.do HTTP/1.1" 200 7091
38.99.62.91 - - [17/Oct/2019:11:20:46 +0900] "GET /home/news/news/view.do?page=2&num=7 HTTP/1.1" 200 5548
38.99.62.91 - - [17/Oct/2019:11:21:17 +0900] "GET /home/news/news/view.do?page=2&num=6 HTTP/1.1" 200 9121
38.99.62.91 - - [17/Oct/2019:11:21:42 +0900] "GET /home/news/news/view.do?page=2&num=7 HTTP/1.1" 200 5548
154.209.254.233 - - [17/Oct/2019:11:22:11 +0900] "GET /error/kr/error.jsp HTTP/1.1" 500 3570
154.209.254.233 - - [17/Oct/2019:11:22:11 +0900] "GET /error/kr/error.jsp HTTP/1.1" 500 3570
154.209.254.233 - - [17/Oct/2019:11:22:11 +0900] "GET /error/kr/error.jsp HTTP/1.1" 500 3570
154.209.254.233 - - [17/Oct/2019:11:22:11 +0900] "GET /error/kr/error.jsp HTTP/1.1" 500 3570
154.209.254.233 - - [17/Oct/2019:11:22:11 +0900] "GET /error/kr/error.jsp HTTP/1.1" 500 3570
154.209.254.233 - - [17/Oct/2019:11:22:11 +0900] "GET /error/kr/error.jsp HTTP/1.1" 500 3570
38.99.62.91 - - [17/Oct/2019:11:22:22 +0900] "GET /home/news/news/view.do?page=2&num=6 HTTP/1.1" 200 9121
38.99.62.91 - - [17/Oct/2019:11:23:01 +0900] "GET /home/news/news/view.do?page=2&num=5 HTTP/1.1" 200 9112
38.99.62.91 - - [17/Oct/2019:11:23:43 +0900] "GET /home/news/news/view.do?page=2&num=6 HTTP/1.1" 200 9121
38.99.62.91 - - [17/Oct/2019:11:24:08 +0900] "GET /home/news/news/view.do?page=2&num=5 HTTP/1.1" 200 9112
38.99.62.91 - - [17/Oct/2019:11:24:48 +0900] "GET /home/news/news/view.do?page=2&num=4 HTTP/1.1" 200 9123
38.99.62.91 - - [17/Oct/2019:11:25:15 +0900] "GET /home/news/news/view.do?page=2&num=5 HTTP/1.1" 200 9112
38.99.62.91 - - [17/Oct/2019:11:25:40 +0900] "GET /home/news/news/view.do?page=2&num=4 HTTP/1.1" 200 9123
38.99.62.91 - - [17/Oct/2019:11:26:20 +0900] "GET /home/news/news/view.do?page=2&num=3 HTTP/1.1" 200 5576
38.99.62.91 - - [17/Oct/2019:11:27:00 +0900] "GET /home/news/news/view.do?page=2&num=4 HTTP/1.1" 200 9123
38.99.62.91 - - [17/Oct/2019:11:27:45 +0900] "GET /home/news/news/view.do?page=2&num=3 HTTP/1.1" 200 5576
38.99.62.91 - - [17/Oct/2019:11:28:25 +0900] "GET /home/news/news/view.do?page=2&num=2 HTTP/1.1" 200 6977
38.99.62.91 - - [17/Oct/2019:11:29:04 +0900] "GET /home/news/news/view.do?page=2&num=3 HTTP/1.1" 200 5576
38.99.62.91 - - [17/Oct/2019:11:29:44 +0900] "GET /home/news/news/view.do?page=2&num=2 HTTP/1.1" 200 6977
211.56.145.140 - - [17/Oct/2019:11:29:56 +0900] "GET /index.jsp HTTP/1.1" 302 -
211.56.145.140 - - [17/Oct/2019:11:29:56 +0900] "GET /home/main/main.do HTTP/1.1" 302 -
211.56.145.140 - - [17/Oct/2019:11:30:01 +0900] "GET /home/main/main.do HTTP/1.1" 200 8898
38.99.62.91 - - [17/Oct/2019:11:30:23 +0900] "GET /home/news/news/view.do?page=2&num=1 HTTP/1.1" 200 8973
211.56.145.140 - - [17/Oct/2019:11:30:39 +0900] "GET /index.jsp HTTP/1.1" 302 -
211.56.145.140 - - [17/Oct/2019:11:30:39 +0900] "GET /home/main/main.do HTTP/1.1" 302 -
211.56.145.140 - - [17/Oct/2019:11:30:39 +0900] "GET /home/main/main.do HTTP/1.1" 200 8898
38.99.62.91 - - [17/Oct/2019:11:31:11 +0900] "GET /home/news/news/view.do?page=2&num=2 HTTP/1.1" 200 6977
38.99.62.91 - - [17/Oct/2019:11:31:40 +0900] "GET /home/news/news/view.do?page=2&num=1 HTTP/1.1" 200 8973
211.56.145.140 - - [17/Oct/2019:11:32:11 +0900] "GET /index.jsp HTTP/1.1" 302 -
211.56.145.140 - - [17/Oct/2019:11:32:11 +0900] "GET /home/main/main.do HTTP/1.1" 302 -
211.56.145.140 - - [17/Oct/2019:11:32:16 +0900] "GET /home/main/main.do HTTP/1.1" 200 8898
211.56.145.140 - - [17/Oct/2019:11:32:55 +0900] "GET /index.jsp HTTP/1.1" 302 -
211.56.145.140 - - [17/Oct/2019:11:32:55 +0900] "GET /home/main/main.do HTTP/1.1" 302 -
38.99.62.91 - - [17/Oct/2019:11:32:59 +0900] "GET /home/news/news/view.do?page=2&num=9 HTTP/1.1" 200 9135
211.56.145.140 - - [17/Oct/2019:11:33:00 +0900] "GET /home/main/main.do HTTP/1.1" 200 8898
38.99.62.91 - - [17/Oct/2019:11:33:39 +0900] "GET /home/news/news/view.do?page=&num=7 HTTP/1.1" 200 5545
38.99.62.91 - - [17/Oct/2019:11:34:19 +0900] "GET /home/news/news/view.do?page=&num=8 HTTP/1.1" 200 9166
38.99.62.91 - - [17/Oct/2019:11:34:59 +0900] "GET /home/news/news/view.do?page=&num=7 HTTP/1.1" 200 5545
38.99.62.91 - - [17/Oct/2019:11:35:40 +0900] "GET /home/news/news/view.do?page=2&num=8 HTTP/1.1" 200 9169
207.99.15.81 - - [17/Oct/2019:11:35:54 +0900] "GET /home/contact/contact.do HTTP/1.1" 200 5224
38.99.62.91 - - [17/Oct/2019:11:36:20 +0900] "GET /home/news/news/view.do?page=2&num=7 HTTP/1.1" 200 5548
38.99.62.91 - - [17/Oct/2019:11:37:39 +0900] "GET /home/news/news/view.do?page=2&num=6 HTTP/1.1" 200 9121
38.99.62.91 - - [17/Oct/2019:11:39:06 +0900] "GET /home/news/news/view.do?page=2&num=5 HTTP/1.1" 200 9112
38.99.62.91 - - [17/Oct/2019:11:39:45 +0900] "GET /home/news/news/view.do?page=2&num=6 HTTP/1.1" 200 9121
38.99.62.91 - - [17/Oct/2019:11:40:25 +0900] "GET /home/news/news/view.do?page=2&num=5 HTTP/1.1" 200 9112
67.192.51.30 - - [17/Oct/2019:11:40:36 +0900] "GET /error/kr/error.jsp HTTP/1.1" 500 3570
38.99.62.91 - - [17/Oct/2019:11:41:05 +0900] "GET /home/news/news/view.do?page=2&num=4 HTTP/1.1" 200 9123
38.99.62.91 - - [17/Oct/2019:11:41:53 +0900] "GET /home/news/news/view.do?page=2&num=5 HTTP/1.1" 200 9112
183.15.206.210 - - [17/Oct/2019:11:42:06 +0900] "GET /error/kr/error.jsp HTTP/1.1" 500 3570
38.99.62.91 - - [17/Oct/2019:11:42:34 +0900] "GET /home/meetourpartners/all.do HTTP/1.1" 200 101569
107.178.192.157 - - [17/Oct/2019:11:42:51 +0900] "GET /error/kr/error.jsp HTTP/1.1" 500 3570
107.178.192.156 - - [17/Oct/2019:11:42:57 +0900] "GET /error/kr/error.jsp HTTP/1.1" 500 3570
38.99.62.91 - - [17/Oct/2019:11:43:14 +0900] "GET /home/news/news/view.do?page=2&num=4 HTTP/1.1" 200 9123
106.102.142.160 - - [17/Oct/2019:11:43:41 +0900] "GET /error/kr/error.jsp HTTP/1.1" 500 3570
38.99.62.91 - - [17/Oct/2019:11:43:58 +0900] "GET /home/news/news/view.do?page=2&num=3 HTTP/1.1" 200 5576
38.99.62.91 - - [17/Oct/2019:11:44:37 +0900] "GET /home/meetourpartners/all.do HTTP/1.1" 200 101569
107.178.192.156 - - [17/Oct/2019:11:45:25 +0900] "GET /error/kr/error.jsp HTTP/1.1" 500 3570
38.99.62.91 - - [17/Oct/2019:11:45:28 +0900] "GET /home/news/news/view.do?page=2&num=4 HTTP/1.1" 200 9123
38.99.62.91 - - [17/Oct/2019:11:45:53 +0900] "GET /home/news/news/view.do?page=2&num=3 HTTP/1.1" 200 5576
38.99.62.91 - - [17/Oct/2019:11:46:36 +0900] "GET /home/news/news/view.do?page=2&num=2 HTTP/1.1" 200 6977
107.178.192.158 - - [17/Oct/2019:11:46:59 +0900] "GET /error/kr/error.jsp HTTP/1.1" 500 3570
107.178.192.157 - - [17/Oct/2019:11:47:14 +0900] "GET /error/kr/error.jsp HTTP/1.1" 500 3570
38.99.62.91 - - [17/Oct/2019:11:47:18 +0900] "GET /home/news/news/view.do?page=2&num=3 HTTP/1.1" 200 5576
107.178.192.157 - - [17/Oct/2019:11:47:38 +0900] "GET /error/kr/error.jsp HTTP/1.1" 500 3570
38.99.62.91 - - [17/Oct/2019:11:47:58 +0900] "GET /home/news/news/view.do?page=2&num=2 HTTP/1.1" 200 6977
113.198.180.249 - - [17/Oct/2019:11:48:07 +0900] "GET /error/kr/error.jsp HTTP/1.1" 500 3570
38.99.62.91 - - [17/Oct/2019:11:48:37 +0900] "GET /home/news/news/view.do?page=2&num=1 HTTP/1.1" 200 8973
107.178.192.157 - - [17/Oct/2019:11:48:46 +0900] "GET /error/kr/error.jsp HTTP/1.1" 500 3570
38.99.62.91 - - [17/Oct/2019:11:49:17 +0900] "GET /home/news/news/view.do?page=2&num=2 HTTP/1.1" 200 6977
38.99.62.91 - - [17/Oct/2019:11:49:56 +0900] "GET /home/news/news/view.do?page=2&num=1 HTTP/1.1" 200 8973
38.99.62.91 - - [17/Oct/2019:11:51:15 +0900] "GET /home/news/news/view.do?page=2&num=7 HTTP/1.1" 200 5548
38.99.62.91 - - [17/Oct/2019:11:51:55 +0900] "GET /home/news/news/view.do?page=2&num=8 HTTP/1.1" 200 9169
38.99.62.91 - - [17/Oct/2019:11:52:35 +0900] "GET /home/news/news/view.do?page=&num=8 HTTP/1.1" 200 9166
38.99.62.91 - - [17/Oct/2019:11:53:19 +0900] "GET /home/news/news/view.do?page=&num=9 HTTP/1.1" 200 9132
38.99.62.91 - - [17/Oct/2019:11:53:59 +0900] "GET /home/news/news/view.do?page=&num=8 HTTP/1.1" 200 9166
38.99.62.91 - - [17/Oct/2019:11:54:38 +0900] "GET /home/en/meetourpartners/domestic.do HTTP/1.1" 200 69240
38.99.62.91 - - [17/Oct/2019:11:55:26 +0900] "GET /home/news/news/view.do?page=&num=9 HTTP/1.1" 200 9132
152.234.185.189 - - [17/Oct/2019:11:55:48 +0900] "GET /error/kr/error.jsp HTTP/1.1" 500 3570
38.99.62.91 - - [17/Oct/2019:11:56:06 +0900] "GET /home/news/news/view.do?page=&num=10 HTTP/1.1" 200 6753
104.222.46.7 - - [17/Oct/2019:11:56:24 +0900] "GET /index.jsp HTTP/1.1" 302 -
104.237.245.182 - - [17/Oct/2019:11:56:24 +0900] "GET /index.jsp HTTP/1.1" 302 -
104.237.245.153 - - [17/Oct/2019:11:56:24 +0900] "GET /index.jsp HTTP/1.1" 302 -
38.99.62.91 - - [17/Oct/2019:11:56:47 +0900] "GET /home/news/news/view.do?page=&num=9 HTTP/1.1" 200 9132
38.99.62.91 - - [17/Oct/2019:11:57:32 +0900] "GET /home/news/news/view.do?page=&num=10 HTTP/1.1" 200 6753
104.222.46.127 - - [17/Oct/2019:11:57:48 +0900] "GET /error/kr/error.jsp HTTP/1.1" 500 3570
104.222.46.127 - - [17/Oct/2019:11:57:49 +0900] "GET /index.jsp HTTP/1.1" 302 -
104.222.46.127 - - [17/Oct/2019:11:57:49 +0900] "GET /home/en/main/main.do HTTP/1.1" 200 11080
104.222.46.127 - - [17/Oct/2019:11:57:55 +0900] "GET /error/kr/error.jsp HTTP/1.1" 500 3570
207.99.15.81 - - [17/Oct/2019:11:58:10 +0900] "GET /home/whoweare/korea.do HTTP/1.1" 200 29942
38.99.62.91 - - [17/Oct/2019:11:58:12 +0900] "GET /home/news/news/view.do?page=&num=11 HTTP/1.1" 200 5545
38.99.62.91 - - [17/Oct/2019:11:58:51 +0900] "GET /home/news/news/view.do?page=&num=10 HTTP/1.1" 200 6753
38.99.62.91 - - [17/Oct/2019:11:59:36 +0900] "GET /home/news/news/view.do?page=&num=11 HTTP/1.1" 200 5545
38.99.62.91 - - [17/Oct/2019:12:00:01 +0900] "GET /home/news/news/view.do?page=&num=12 HTTP/1.1" 200 9080
54.190.207.177 - - [17/Oct/2019:12:00:28 +0900] "GET /index.jsp HTTP/1.1" 302 -
54.190.207.177 - - [17/Oct/2019:12:00:28 +0900] "GET /home/main/main.do HTTP/1.1" 200 12222
52.37.221.42 - - [17/Oct/2019:12:00:30 +0900] "GET /index.jsp HTTP/1.1" 302 -
52.37.221.42 - - [17/Oct/2019:12:00:30 +0900] "GET /home/en/main/main.do HTTP/1.1" 200 11080
104.237.245.105 - - [17/Oct/2019:12:00:59 +0900] "GET /error/kr/error.jsp HTTP/1.1" 500 3762
104.222.46.26 - - [17/Oct/2019:12:00:59 +0900] "GET /error/kr/error.jsp HTTP/1.1" 500 3570
104.237.245.105 - - [17/Oct/2019:12:00:59 +0900] "GET /index.jsp HTTP/1.1" 302 -
104.222.46.26 - - [17/Oct/2019:12:00:59 +0900] "GET /index.jsp HTTP/1.1" 302 -
104.237.245.105 - - [17/Oct/2019:12:01:00 +0900] "GET /home/en/main/main.do HTTP/1.1" 200 8279
104.222.46.26 - - [17/Oct/2019:12:01:00 +0900] "GET /home/en/main/main.do HTTP/1.1" 200 11080
104.237.245.105 - - [17/Oct/2019:12:01:05 +0900] "GET /error/kr/error.jsp HTTP/1.1" 500 3762
104.222.46.26 - - [17/Oct/2019:12:01:06 +0900] "GET /error/kr/error.jsp HTTP/1.1" 500 3570
38.99.62.91 - - [17/Oct/2019:12:01:20 +0900] "GET /home/news/news/view.do?page=&num=13 HTTP/1.1" 200 9156
107.178.192.156 - - [17/Oct/2019:12:01:34 +0900] "GET /error/kr/error.jsp HTTP/1.1" 500 3570
107.178.192.158 - - [17/Oct/2019:12:01:41 +0900] "GET /error/kr/error.jsp HTTP/1.1" 500 3570
38.99.62.91 - - [17/Oct/2019:12:02:39 +0900] "GET /home/news/news/view.do?page=&num=14 HTTP/1.1" 200 6733
38.99.62.91 - - [17/Oct/2019:12:03:19 +0900] "GET /home/news/news/view.do?page=&num=13 HTTP/1.1" 200 9156
38.99.62.91 - - [17/Oct/2019:12:04:02 +0900] "GET /home/news/news/view.do?page=&num=14 HTTP/1.1" 200 6733
125.209.235.170 - - [17/Oct/2019:12:04:03 +0900] "GET /error/kr/error.jsp HTTP/1.1" 500 3570
107.178.192.158 - - [17/Oct/2019:12:04:09 +0900] "GET /error/kr/error.jsp HTTP/1.1" 500 3570
38.99.62.91 - - [17/Oct/2019:12:04:41 +0900] "GET /home/news/news/view.do?page=&num=15 HTTP/1.1" 200 9178
54.185.85.218 - - [17/Oct/2019:12:04:55 +0900] "GET /index.jsp HTTP/1.1" 302 -
54.185.85.218 - - [17/Oct/2019:12:04:55 +0900] "GET /home/main/main.do HTTP/1.1" 200 8898
34.222.50.228 - - [17/Oct/2019:12:04:56 +0900] "GET /index.jsp HTTP/1.1" 302 -
34.222.50.228 - - [17/Oct/2019:12:04:56 +0900] "GET /home/main/main.do HTTP/1.1" 200 12222
34.214.141.236 - - [17/Oct/2019:12:04:57 +0900] "GET /index.jsp HTTP/1.1" 302 -
34.214.141.236 - - [17/Oct/2019:12:04:57 +0900] "GET /home/en/main/main.do HTTP/1.1" 200 8279
54.71.51.131 - - [17/Oct/2019:12:04:58 +0900] "GET /index.jsp HTTP/1.1" 302 -
54.71.51.131 - - [17/Oct/2019:12:04:58 +0900] "GET /home/en/main/main.do HTTP/1.1" 200 11080
34.214.141.236 - - [17/Oct/2019:12:04:59 +0900] "GET /error/kr/error.jsp HTTP/1.1" 500 3762
107.178.192.158 - - [17/Oct/2019:12:05:41 +0900] "GET /error/kr/error.jsp HTTP/1.1" 500 3570
107.178.192.158 - - [17/Oct/2019:12:05:54 +0900] "GET /error/kr/error.jsp HTTP/1.1" 500 3570
38.99.62.91 - - [17/Oct/2019:12:06:10 +0900] "GET /home/news/news/view.do?page=&num=16 HTTP/1.1" 200 5663
107.178.192.157 - - [17/Oct/2019:12:06:16 +0900] "GET /error/kr/error.jsp HTTP/1.1" 500 3570
113.143.57.149 - - [17/Oct/2019:12:06:17 +0900] "GET /error/kr/error.jsp HTTP/1.1" 500 3570
38.99.62.91 - - [17/Oct/2019:12:06:57 +0900] "GET /home/news/news/view.do?page=&num=15 HTTP/1.1" 200 9178
38.99.62.91 - - [17/Oct/2019:12:07:37 +0900] "GET /home/news/news/view.do?page=&num=16 HTTP/1.1" 200 5663
38.99.62.91 - - [17/Oct/2019:12:08:16 +0900] "GET /home/news/news/view.do?page=&num=17 HTTP/1.1" 200 5758
38.99.62.91 - - [17/Oct/2019:12:08:57 +0900] "GET /home/news/news/view.do?page=&num=16 HTTP/1.1" 200 5663
197.44.101.12 - - [17/Oct/2019:12:09:23 +0900] "GET /error/kr/error.jsp HTTP/1.1" 500 3570
38.99.62.91 - - [17/Oct/2019:12:09:39 +0900] "GET /home/news/news/view.do?page=&num=17 HTTP/1.1" 200 5758
38.99.62.91 - - [17/Oct/2019:12:10:18 +0900] "GET /home/news/news/view.do?page=&num=18 HTTP/1.1" 200 9134
38.99.62.91 - - [17/Oct/2019:12:10:58 +0900] "GET /home/news/news/view.do?page=&num=17 HTTP/1.1" 200 5758
38.99.62.91 - - [17/Oct/2019:12:11:24 +0900] "GET /home/news/news/view.do?page=&num=18 HTTP/1.1" 200 9134
38.99.62.91 - - [17/Oct/2019:12:11:50 +0900] "GET /home/news/news/view.do?page=&num=19 HTTP/1.1" 200 6162
40.78.51.116 - - [17/Oct/2019:12:11:59 +0900] "GET /index.jsp HTTP/1.1" 302 -
38.99.62.91 - - [17/Oct/2019:12:12:16 +0900] "GET /home/news/news/view.do?page=&num=18 HTTP/1.1" 200 9134
40.78.51.116 - - [17/Oct/2019:12:12:32 +0900] "GET /home/main/main.do HTTP/1.1" 200 12222
38.99.62.91 - - [17/Oct/2019:12:12:41 +0900] "GET /home/news/news/view.do?page=&num=14 HTTP/1.1" 200 6733
38.99.62.91 - - [17/Oct/2019:12:13:07 +0900] "GET /home/news/news/view.do?page=&num=12 HTTP/1.1" 200 9080
123.125.71.94 - - [17/Oct/2019:12:13:21 +0900] "GET /index.jsp HTTP/1.1" 302 -
123.125.71.103 - - [17/Oct/2019:12:13:21 +0900] "GET /home/en/main/main.do HTTP/1.1" 200 11080
40.78.51.116 - - [17/Oct/2019:12:13:31 +0900] "GET /index.jsp HTTP/1.1" 302 -
38.99.62.91 - - [17/Oct/2019:12:13:46 +0900] "GET /home/news/news/view.do?page=&num=11 HTTP/1.1" 200 5545
40.78.51.116 - - [17/Oct/2019:12:14:00 +0900] "GET /home/main/main.do HTTP/1.1" 200 12222
40.78.51.116 - - [17/Oct/2019:12:14:25 +0900] "GET /error/kr/error.jsp HTTP/1.1" 500 3570
38.99.62.91 - - [17/Oct/2019:12:14:30 +0900] "GET /index.jsp HTTP/1.1" 302 -
38.99.62.91 - - [17/Oct/2019:12:14:30 +0900] "GET /home/main/main.do HTTP/1.1" 200 12222
40.78.51.116 - - [17/Oct/2019:12:14:49 +0900] "GET /error/kr/error.jsp HTTP/1.1" 500 3570
40.78.51.116 - - [17/Oct/2019:12:15:15 +0900] "GET /error/kr/error.jsp HTTP/1.1" 500 3570
40.78.51.116 - - [17/Oct/2019:12:15:22 +0900] "GET /error/kr/error.jsp HTTP/1.1" 500 3570
176.9.145.52 - - [17/Oct/2019:12:15:31 +0900] "GET /error/kr/error.jsp HTTP/1.1" 500 3570
40.78.51.116 - - [17/Oct/2019:12:15:37 +0900] "GET /error/kr/error.jsp HTTP/1.1" 500 3570
40.78.51.116 - - [17/Oct/2019:12:15:45 +0900] "GET /error/kr/error.jsp HTTP/1.1" 500 3570
40.78.51.116 - - [17/Oct/2019:12:16:00 +0900] "GET /error/kr/error.jsp HTTP/1.1" 500 3570
40.78.51.116 - - [17/Oct/2019:12:16:08 +0900] "GET /error/kr/error.jsp HTTP/1.1" 500 3570
40.78.51.116 - - [17/Oct/2019:12:16:24 +0900] "GET /error/kr/error.jsp HTTP/1.1" 500 3570
119.207.72.69 - - [17/Oct/2019:12:16:26 +0900] "GET /index.jsp HTTP/1.1" 302 -
119.207.72.69 - - [17/Oct/2019:12:16:26 +0900] "GET /home/main/main.do HTTP/1.1" 200 12222
40.78.51.116 - - [17/Oct/2019:12:16:32 +0900] "GET /error/kr/error.jsp HTTP/1.1" 500 3570
119.207.72.111 - - [17/Oct/2019:12:16:36 +0900] "GET /index.jsp HTTP/1.1" 302 -
119.207.72.111 - - [17/Oct/2019:12:16:36 +0900] "GET /home/main/main.do HTTP/1.1" 200 12222
