119.207.72.75 - - [26/Jun/2019:10:31:58 +0900] "GET /home/watwedo/overview.do HTTP/1.1" 200 7044
14.39.16.253 - - [26/Jun/2019:10:32:21 +0900] "GET /home/en/meetourpartners/all.do HTTP/1.1" 200 95227
66.249.73.212 - - [26/Jun/2019:10:32:22 +0900] "GET /error/kr/error.jsp HTTP/1.1" 500 3570
14.39.16.253 - - [26/Jun/2019:10:32:28 +0900] "GET /home/en/whoweare/korea.do HTTP/1.1" 200 29514
14.39.16.253 - - [26/Jun/2019:10:32:49 +0900] "GET /home/en/contact/contact.do HTTP/1.1" 200 5187
14.39.16.253 - - [26/Jun/2019:10:32:55 +0900] "GET /home/en/about/about.do HTTP/1.1" 200 14634
14.39.16.253 - - [26/Jun/2019:10:33:12 +0900] "GET /home/en/watwedo/overview.do HTTP/1.1" 200 6156
211.118.173.13 - - [26/Jun/2019:10:33:24 +0900] "GET /index.jsp HTTP/1.1" 302 -
211.118.173.13 - - [26/Jun/2019:10:33:24 +0900] "GET /home/main/main.do HTTP/1.1" 200 17101
211.118.173.13 - - [26/Jun/2019:10:33:28 +0900] "GET /home/watwedo/overview.do HTTP/1.1" 200 6147
14.39.16.253 - - [26/Jun/2019:10:33:30 +0900] "GET /home/main/main.do HTTP/1.1" 200 17101
211.118.173.13 - - [26/Jun/2019:10:33:30 +0900] "GET /home/watwedo/philosophy.do HTTP/1.1" 200 7162
14.39.16.253 - - [26/Jun/2019:10:33:55 +0900] "GET /home/whoweare/korea.do HTTP/1.1" 200 28491
14.39.16.253 - - [26/Jun/2019:10:34:59 +0900] "GET /home/meetourpartners/all.do HTTP/1.1" 200 101569
66.249.73.208 - - [26/Jun/2019:10:37:58 +0900] "GET /error/kr/error.jsp HTTP/1.1" 500 3570
125.209.235.176 - - [26/Jun/2019:10:40:23 +0900] "GET /error/kr/error.jsp HTTP/1.1" 500 3570
125.209.235.182 - - [26/Jun/2019:10:40:25 +0900] "GET /index.jsp HTTP/1.1" 302 -
40.77.167.180 - - [26/Jun/2019:10:42:21 +0900] "GET /error/kr/error.jsp HTTP/1.1" 500 3570
113.111.5.171 - - [26/Jun/2019:10:42:28 +0900] "GET /error/kr/error.jsp HTTP/1.1" 500 3570
115.238.95.194 - - [26/Jun/2019:10:44:05 +0900] "GET /error/kr/error.jsp HTTP/1.1" 500 3570
125.209.235.182 - - [26/Jun/2019:10:44:59 +0900] "GET /home/main/main.do HTTP/1.1" 200 17101
66.249.73.208 - - [26/Jun/2019:10:46:47 +0900] "GET /error/kr/error.jsp HTTP/1.1" 500 3570
125.119.235.222 - - [26/Jun/2019:10:48:33 +0900] "GET /error/kr/error.jsp HTTP/1.1" 500 3570
113.225.185.18 - - [26/Jun/2019:10:50:05 +0900] "GET /error/kr/error.jsp HTTP/1.1" 500 3570
157.55.39.137 - - [26/Jun/2019:10:53:37 +0900] "GET /error/kr/error.jsp HTTP/1.1" 500 3570
211.32.5.130 - - [26/Jun/2019:10:57:14 +0900] "GET /index.jsp HTTP/1.1" 302 -
211.32.5.130 - - [26/Jun/2019:10:57:14 +0900] "GET /home/main/main.do HTTP/1.1" 200 17101
211.32.5.130 - - [26/Jun/2019:10:57:47 +0900] "GET /home/news/news/view.do?num=2 HTTP/1.1" 200 6974
38.99.62.91 - - [26/Jun/2019:10:57:54 +0900] "GET /home/news/news/view.do?page=1&num=5 HTTP/1.1" 200 9112
211.32.5.130 - - [26/Jun/2019:10:57:56 +0900] "GET /home/watwedo/overview.do HTTP/1.1" 200 6147
67.192.51.30 - - [26/Jun/2019:10:58:15 +0900] "GET /error/kr/error.jsp HTTP/1.1" 500 3570
213.180.203.32 - - [26/Jun/2019:10:58:21 +0900] "GET /index.jsp HTTP/1.1" 302 -
141.8.142.26 - - [26/Jun/2019:10:58:21 +0900] "GET /error/kr/error.jsp HTTP/1.1" 500 3570
213.180.203.32 - - [26/Jun/2019:10:58:24 +0900] "GET /home/en/main/main.do HTTP/1.1" 200 11133
141.8.142.26 - - [26/Jun/2019:10:58:25 +0900] "GET /index.jsp HTTP/1.1" 302 -
141.8.142.12 - - [26/Jun/2019:10:58:29 +0900] "GET /home/en/main/main.do HTTP/1.1" 200 11133
38.99.62.91 - - [26/Jun/2019:10:58:38 +0900] "GET /home/news/news/view.do?page=1&num=6 HTTP/1.1" 200 9121
211.32.5.130 - - [26/Jun/2019:10:58:54 +0900] "GET /home/whoweare/korea.do HTTP/1.1" 200 28491
211.32.5.130 - - [26/Jun/2019:10:58:58 +0900] "GET /home/watwedo/overview.do HTTP/1.1" 200 6147
211.32.5.130 - - [26/Jun/2019:10:59:01 +0900] "GET /home/watwedo/history.do HTTP/1.1" 200 10614
211.32.5.130 - - [26/Jun/2019:10:59:14 +0900] "GET /home/watwedo/philosophy.do HTTP/1.1" 200 7162
207.46.13.77 - - [26/Jun/2019:10:59:21 +0900] "GET /error/kr/error.jsp HTTP/1.1" 500 3570
38.99.62.91 - - [26/Jun/2019:10:59:22 +0900] "GET /home/news/news/view.do?page=1&num=7 HTTP/1.1" 200 5548
211.32.5.130 - - [26/Jun/2019:10:59:27 +0900] "GET /home/whoweare/korea.do HTTP/1.1" 200 28491
38.99.62.91 - - [26/Jun/2019:11:00:04 +0900] "GET /home/news/news/view.do?page=1&num=8 HTTP/1.1" 200 9169
38.99.62.91 - - [26/Jun/2019:11:00:29 +0900] "GET /home/news/news/view.do?page=1&num=9 HTTP/1.1" 200 9135
193.106.30.98 - - [26/Jun/2019:11:00:42 +0900] "GET /error/kr/error.jsp HTTP/1.1" 500 3570
38.99.62.91 - - [26/Jun/2019:11:00:54 +0900] "GET /home/news/news/view.do?page=1&num=10 HTTP/1.1" 200 6756
211.32.5.130 - - [26/Jun/2019:11:00:57 +0900] "GET /home/whoweare/china.do HTTP/1.1" 200 11299
211.32.5.130 - - [26/Jun/2019:11:01:13 +0900] "GET /home/whoweare/korea.do HTTP/1.1" 200 28491
211.32.5.130 - - [26/Jun/2019:11:01:17 +0900] "GET /home/meetourpartners/all.do HTTP/1.1" 200 101569
38.99.62.91 - - [26/Jun/2019:11:01:20 +0900] "GET /home/news/news/list.do?page=1 HTTP/1.1" 200 7091
38.99.62.91 - - [26/Jun/2019:11:01:45 +0900] "GET /home/news/news/list.do?page=2 HTTP/1.1" 200 6849
211.32.5.130 - - [26/Jun/2019:11:01:56 +0900] "GET /home/meetourpartners/domestic.do HTTP/1.1" 200 73451
211.32.5.130 - - [26/Jun/2019:11:02:24 +0900] "GET /home/news/news/list.do HTTP/1.1" 200 7091
211.32.5.130 - - [26/Jun/2019:11:02:28 +0900] "GET /home/contact/contact.do HTTP/1.1" 200 5224
38.99.62.91 - - [26/Jun/2019:11:02:31 +0900] "GET /home/news/news/list.do?page= HTTP/1.1" 200 7091
211.32.5.130 - - [26/Jun/2019:11:02:36 +0900] "GET /home/about/about.do HTTP/1.1" 200 14136
38.99.62.91 - - [26/Jun/2019:11:02:57 +0900] "GET /home/news/news/view.do?page=&num=3 HTTP/1.1" 200 5573
223.62.179.76 - - [26/Jun/2019:11:03:21 +0900] "GET /index.jsp HTTP/1.1" 302 -
223.62.179.76 - - [26/Jun/2019:11:03:21 +0900] "GET /home/main/main.do HTTP/1.1" 302 -
223.62.179.76 - - [26/Jun/2019:11:03:21 +0900] "GET /home/main/main.do HTTP/1.1" 200 13226
223.62.179.76 - - [26/Jun/2019:11:03:22 +0900] "GET /error/kr/error.jsp HTTP/1.1" 500 3762
38.99.62.91 - - [26/Jun/2019:11:03:36 +0900] "GET /home/news/news/view.do?page=&num=4 HTTP/1.1" 200 9120
207.46.13.81 - - [26/Jun/2019:11:03:56 +0900] "GET /error/kr/error.jsp HTTP/1.1" 500 3570
223.62.179.76 - - [26/Jun/2019:11:04:01 +0900] "GET /home/news/news/view.do?num=2 HTTP/1.1" 200 71892
123.30.175.239 - - [26/Jun/2019:11:04:17 +0900] "GET /error/kr/error.jsp HTTP/1.1" 500 3570
38.99.62.91 - - [26/Jun/2019:11:04:19 +0900] "GET /home/news/news/view.do?page=&num=3 HTTP/1.1" 200 5573
38.99.62.91 - - [26/Jun/2019:11:04:59 +0900] "GET /home/news/news/view.do?page=&num=1 HTTP/1.1" 200 8971
118.33.90.165 - - [26/Jun/2019:11:05:33 +0900] "GET /index.jsp HTTP/1.1" 302 -
118.33.90.165 - - [26/Jun/2019:11:05:33 +0900] "GET /home/main/main.do HTTP/1.1" 200 17101
38.99.62.91 - - [26/Jun/2019:11:06:24 +0900] "GET /error/kr/error.jsp HTTP/1.1" 500 3570
38.99.62.91 - - [26/Jun/2019:11:07:46 +0900] "GET /home/en/watwedo/history.do HTTP/1.1" 200 10541
207.46.13.77 - - [26/Jun/2019:11:08:10 +0900] "GET /error/kr/error.jsp HTTP/1.1" 500 3570
66.249.73.208 - - [26/Jun/2019:11:08:33 +0900] "GET /error/kr/error.jsp HTTP/1.1" 500 3570
38.99.62.91 - - [26/Jun/2019:11:08:53 +0900] "GET /home/en/whoweare/china.do HTTP/1.1" 200 11282
38.99.62.91 - - [26/Jun/2019:11:10:01 +0900] "GET /home/en/main/main.do HTTP/1.1" 200 11133
38.99.62.91 - - [26/Jun/2019:11:10:26 +0900] "GET /home/en/watwedo/overview.do HTTP/1.1" 200 6156
38.99.62.91 - - [26/Jun/2019:11:11:06 +0900] "GET /home/en/whoweare/korea.do HTTP/1.1" 200 29514
38.99.62.91 - - [26/Jun/2019:11:11:48 +0900] "GET /home/en/meetourpartners/all.do HTTP/1.1" 200 95227
38.99.62.91 - - [26/Jun/2019:11:12:28 +0900] "GET /home/en/contact/contact.do HTTP/1.1" 200 5187
38.99.62.91 - - [26/Jun/2019:11:13:11 +0900] "GET /home/en/about/about.do HTTP/1.1" 200 14634
38.99.62.91 - - [26/Jun/2019:11:13:52 +0900] "GET /home/en/main/main.do HTTP/1.1" 200 11133
38.99.62.91 - - [26/Jun/2019:11:15:20 +0900] "GET /home/en/watwedo/philosophy.do HTTP/1.1" 200 7112
38.99.62.91 - - [26/Jun/2019:11:15:59 +0900] "GET /home/en/main/main.do HTTP/1.1" 200 11133
211.178.8.28 - - [26/Jun/2019:11:16:16 +0900] "GET /index.jsp HTTP/1.1" 302 -
211.178.8.28 - - [26/Jun/2019:11:16:16 +0900] "GET /home/main/main.do HTTP/1.1" 200 17101
211.178.8.28 - - [26/Jun/2019:11:16:35 +0900] "GET /home/whoweare/korea.do HTTP/1.1" 200 28491
211.178.8.28 - - [26/Jun/2019:11:16:38 +0900] "GET /home/meetourpartners/all.do HTTP/1.1" 200 101569
38.99.62.91 - - [26/Jun/2019:11:16:40 +0900] "GET /home/watwedo/overview.do HTTP/1.1" 200 6147
211.178.8.28 - - [26/Jun/2019:11:16:40 +0900] "GET /home/whoweare/korea.do HTTP/1.1" 200 28491
178.154.200.21 - - [26/Jun/2019:11:17:18 +0900] "GET /home/en/meetourpartners/all.do HTTP/1.1" 200 95227
38.99.62.91 - - [26/Jun/2019:11:17:22 +0900] "GET /home/watwedo/history.do HTTP/1.1" 200 10614
211.178.8.28 - - [26/Jun/2019:11:17:24 +0900] "GET /home/whoweare/china.do HTTP/1.1" 200 11299
211.24.117.215 - - [26/Jun/2019:11:17:39 +0900] "GET /index.jsp HTTP/1.1" 302 -
211.24.117.215 - - [26/Jun/2019:11:17:39 +0900] "GET /home/en/main/main.do HTTP/1.1" 200 11133
38.99.62.91 - - [26/Jun/2019:11:18:02 +0900] "GET /home/watwedo/overview.do HTTP/1.1" 200 6147
38.99.62.91 - - [26/Jun/2019:11:18:42 +0900] "GET /home/whoweare/korea.do HTTP/1.1" 200 28491
54.184.144.236 - - [26/Jun/2019:11:19:07 +0900] "GET /index.jsp HTTP/1.1" 302 -
54.184.144.236 - - [26/Jun/2019:11:19:07 +0900] "GET /home/main/main.do HTTP/1.1" 200 17101
38.99.62.91 - - [26/Jun/2019:11:19:23 +0900] "GET /home/whoweare/china.do HTTP/1.1" 200 11299
38.99.62.91 - - [26/Jun/2019:11:20:05 +0900] "GET /home/whoweare/korea.do HTTP/1.1" 200 28491
14.39.16.253 - - [26/Jun/2019:11:20:12 +0900] "GET /home/contact/contact.do HTTP/1.1" 200 5224
38.99.62.91 - - [26/Jun/2019:11:20:45 +0900] "GET /home/news/news/list.do HTTP/1.1" 200 7091
38.99.62.91 - - [26/Jun/2019:11:21:24 +0900] "GET /home/news/news/view.do?page=1&num=1 HTTP/1.1" 200 8973
38.99.62.91 - - [26/Jun/2019:11:22:04 +0900] "GET /home/news/news/view.do?page=1&num=2 HTTP/1.1" 200 6977
38.99.62.91 - - [26/Jun/2019:11:22:44 +0900] "GET /home/news/news/view.do?page=1&num=3 HTTP/1.1" 200 5576
210.22.82.130 - - [26/Jun/2019:11:23:24 +0900] "GET /error/kr/error.jsp HTTP/1.1" 500 3570
38.99.62.91 - - [26/Jun/2019:11:23:25 +0900] "GET /home/news/news/view.do?page=1&num=4 HTTP/1.1" 200 9123
207.46.13.81 - - [26/Jun/2019:11:23:47 +0900] "GET /home/en/watwedo/overview.do HTTP/1.1" 200 6156
38.99.62.91 - - [26/Jun/2019:11:24:04 +0900] "GET /home/news/news/view.do?page=1&num=5 HTTP/1.1" 200 9112
188.40.120.25 - - [26/Jun/2019:11:24:26 +0900] "GET /index.jsp HTTP/1.1" 302 -
188.40.120.25 - - [26/Jun/2019:11:24:26 +0900] "GET /home/main/main.do HTTP/1.1" 200 17101
188.40.120.25 - - [26/Jun/2019:11:24:27 +0900] "GET /home/main/main.do HTTP/1.1" 200 17101
38.99.62.91 - - [26/Jun/2019:11:24:45 +0900] "GET /home/news/news/view.do?page=1&num=6 HTTP/1.1" 200 9121
38.99.62.91 - - [26/Jun/2019:11:25:24 +0900] "GET /home/news/news/view.do?page=1&num=7 HTTP/1.1" 200 5548
38.99.62.91 - - [26/Jun/2019:11:26:03 +0900] "GET /home/news/news/view.do?page=1&num=8 HTTP/1.1" 200 9169
38.99.62.91 - - [26/Jun/2019:11:26:48 +0900] "GET /home/news/news/view.do?page=1&num=9 HTTP/1.1" 200 9135
38.99.62.91 - - [26/Jun/2019:11:27:30 +0900] "GET /home/news/news/view.do?page=1&num=10 HTTP/1.1" 200 6756
210.103.164.250 - - [26/Jun/2019:11:28:01 +0900] "GET /index.jsp HTTP/1.1" 302 -
210.103.164.250 - - [26/Jun/2019:11:28:01 +0900] "GET /home/main/main.do HTTP/1.1" 200 17101
210.103.164.250 - - [26/Jun/2019:11:28:08 +0900] "GET /home/about/about.do HTTP/1.1" 200 14136
38.99.62.91 - - [26/Jun/2019:11:28:10 +0900] "GET /home/news/news/list.do?page=1 HTTP/1.1" 200 7091
210.103.164.250 - - [26/Jun/2019:11:28:11 +0900] "GET /home/contact/contact.do HTTP/1.1" 200 5224
210.103.164.250 - - [26/Jun/2019:11:28:16 +0900] "GET /home/news/news/list.do HTTP/1.1" 200 7091
210.103.164.250 - - [26/Jun/2019:11:28:20 +0900] "GET /home/meetourpartners/all.do HTTP/1.1" 200 101569
210.103.164.250 - - [26/Jun/2019:11:28:24 +0900] "GET /home/whoweare/korea.do HTTP/1.1" 200 28491
210.103.164.250 - - [26/Jun/2019:11:28:30 +0900] "GET /home/watwedo/overview.do HTTP/1.1" 200 6147
38.99.62.91 - - [26/Jun/2019:11:28:54 +0900] "GET /home/news/news/list.do?page=2 HTTP/1.1" 200 6849
38.99.62.91 - - [26/Jun/2019:11:29:33 +0900] "GET /home/news/news/list.do HTTP/1.1" 200 7091
203.235.9.11 - - [26/Jun/2019:11:30:03 +0900] "GET /index.jsp HTTP/1.1" 302 -
203.235.9.11 - - [26/Jun/2019:11:30:03 +0900] "GET /home/main/main.do HTTP/1.1" 200 17101
38.99.62.91 - - [26/Jun/2019:11:30:13 +0900] "GET /home/contact/contact.do HTTP/1.1" 200 5224
38.99.62.91 - - [26/Jun/2019:11:31:35 +0900] "GET /home/about/about.do HTTP/1.1" 200 14136
121.134.15.243 - - [26/Jun/2019:11:31:57 +0900] "GET /home/news/news/list.do HTTP/1.1" 200 7091
38.99.62.91 - - [26/Jun/2019:11:32:57 +0900] "GET /home/news/news/view.do?num=1 HTTP/1.1" 200 8971
38.99.62.91 - - [26/Jun/2019:11:33:36 +0900] "GET /home/news/news/view.do?page=&num=2 HTTP/1.1" 200 6974
66.249.73.208 - - [26/Jun/2019:11:34:11 +0900] "GET /error/kr/error.jsp HTTP/1.1" 500 3570
38.99.62.91 - - [26/Jun/2019:11:34:21 +0900] "GET /home/news/news/list.do?page= HTTP/1.1" 200 7091
38.99.62.91 - - [26/Jun/2019:11:35:01 +0900] "GET /home/news/news/view.do?num=1 HTTP/1.1" 200 8971
38.99.62.91 - - [26/Jun/2019:11:35:41 +0900] "GET /home/news/news/view.do?num=3 HTTP/1.1" 200 5573
42.3.24.164 - - [26/Jun/2019:11:36:04 +0900] "GET /index.jsp HTTP/1.1" 302 -
42.3.24.164 - - [26/Jun/2019:11:36:05 +0900] "GET /home/en/main/main.do HTTP/1.1" 200 11133
42.3.24.164 - - [26/Jun/2019:11:36:12 +0900] "GET /home/en/whoweare/korea.do HTTP/1.1" 200 29514
38.99.62.91 - - [26/Jun/2019:11:36:23 +0900] "GET /home/news/news/view.do?page=&num=4 HTTP/1.1" 200 9120
42.3.24.164 - - [26/Jun/2019:11:36:26 +0900] "GET /home/en/watwedo/overview.do HTTP/1.1" 200 6156
136.243.212.110 - - [26/Jun/2019:11:36:58 +0900] "GET /error/kr/error.jsp HTTP/1.1" 500 3570
136.243.212.110 - - [26/Jun/2019:11:36:59 +0900] "GET /index.jsp HTTP/1.1" 302 -
42.3.24.164 - - [26/Jun/2019:11:37:06 +0900] "GET /home/en/watwedo/history.do HTTP/1.1" 200 10541
38.99.62.91 - - [26/Jun/2019:11:37:06 +0900] "GET /home/news/news/view.do?num=3 HTTP/1.1" 200 5573
42.3.24.164 - - [26/Jun/2019:11:37:07 +0900] "GET /home/en/watwedo/history.do HTTP/1.1" 200 10541
38.99.62.91 - - [26/Jun/2019:11:37:45 +0900] "GET /home/news/news/view.do?num=2 HTTP/1.1" 200 6974
38.99.62.91 - - [26/Jun/2019:11:38:26 +0900] "GET /home/news/news/view.do?page=&num=3 HTTP/1.1" 200 5573
38.99.62.91 - - [26/Jun/2019:11:39:07 +0900] "GET /home/news/news/view.do?page=&num=1 HTTP/1.1" 200 8971
42.3.24.164 - - [26/Jun/2019:11:39:27 +0900] "GET /home/en/watwedo/philosophy.do HTTP/1.1" 200 7112
38.99.62.91 - - [26/Jun/2019:11:39:46 +0900] "GET /home/news/news/view.do?num=2 HTTP/1.1" 200 6974
38.99.62.91 - - [26/Jun/2019:11:40:27 +0900] "GET /home/news/news/view.do?page=1&num=1 HTTP/1.1" 200 8973
45.33.66.85 - - [26/Jun/2019:11:40:46 +0900] "GET /error/kr/error.jsp HTTP/1.1" 500 3570
38.99.62.91 - - [26/Jun/2019:11:41:51 +0900] "GET /home/news/news/view.do?page=1&num=2 HTTP/1.1" 200 6977
38.99.62.91 - - [26/Jun/2019:11:43:18 +0900] "GET /home/news/news/view.do?page=1&num=3 HTTP/1.1" 200 5576
42.3.24.164 - - [26/Jun/2019:11:44:16 +0900] "GET /home/en/watwedo/history.do HTTP/1.1" 200 10541
42.3.24.164 - - [26/Jun/2019:11:44:17 +0900] "GET /home/en/watwedo/overview.do HTTP/1.1" 200 6156
42.3.24.164 - - [26/Jun/2019:11:44:21 +0900] "GET /home/en/meetourpartners/all.do HTTP/1.1" 200 95227
112.169.60.20 - - [26/Jun/2019:11:44:23 +0900] "GET /index.jsp HTTP/1.1" 302 -
112.169.60.20 - - [26/Jun/2019:11:44:23 +0900] "GET /home/main/main.do HTTP/1.1" 200 17101
38.99.62.91 - - [26/Jun/2019:11:44:40 +0900] "GET /home/news/news/view.do?page=1&num=4 HTTP/1.1" 200 9123
112.169.60.20 - - [26/Jun/2019:11:44:42 +0900] "GET /home/contact/contact.do HTTP/1.1" 200 5224
42.3.24.164 - - [26/Jun/2019:11:44:55 +0900] "GET /home/en/about/about.do HTTP/1.1" 200 14634
112.169.60.20 - - [26/Jun/2019:11:45:55 +0900] "GET /home/contact/contact.do HTTP/1.1" 200 5224
38.99.62.91 - - [26/Jun/2019:11:46:02 +0900] "GET /home/news/news/view.do?page=1&num=5 HTTP/1.1" 200 9112
38.99.62.91 - - [26/Jun/2019:11:47:24 +0900] "GET /home/news/news/view.do?page=1&num=6 HTTP/1.1" 200 9121
207.46.13.77 - - [26/Jun/2019:11:48:17 +0900] "GET /error/kr/error.jsp HTTP/1.1" 500 3570
157.55.39.142 - - [26/Jun/2019:11:48:29 +0900] "GET /error/kr/error.jsp HTTP/1.1" 500 3570
38.99.62.91 - - [26/Jun/2019:11:48:46 +0900] "GET /home/news/news/view.do?page=1&num=7 HTTP/1.1" 200 5548
66.249.73.208 - - [26/Jun/2019:11:49:05 +0900] "GET /error/kr/error.jsp HTTP/1.1" 500 3570
202.104.183.122 - - [26/Jun/2019:11:49:48 +0900] "GET /error/kr/error.jsp HTTP/1.1" 500 3570
38.99.62.91 - - [26/Jun/2019:11:50:06 +0900] "GET /home/news/news/list.do?page=2 HTTP/1.1" 200 6849
40.77.167.119 - - [26/Jun/2019:11:50:39 +0900] "GET /error/kr/error.jsp HTTP/1.1" 500 3570
38.99.62.91 - - [26/Jun/2019:11:50:46 +0900] "GET /home/news/news/view.do?page=2&num=11 HTTP/1.1" 200 5548
38.99.62.91 - - [26/Jun/2019:11:51:39 +0900] "GET /home/news/news/view.do?page=2&num=12 HTTP/1.1" 200 9083
136.243.212.110 - - [26/Jun/2019:11:51:44 +0900] "GET /home/en/main/main.do HTTP/1.1" 200 11133
38.99.62.91 - - [26/Jun/2019:11:52:28 +0900] "GET /home/news/news/view.do?page=2&num=13 HTTP/1.1" 200 9159
38.99.62.91 - - [26/Jun/2019:11:53:10 +0900] "GET /home/news/news/view.do?page=2&num=14 HTTP/1.1" 200 6736
38.99.62.91 - - [26/Jun/2019:11:54:00 +0900] "GET /home/news/news/view.do?page=2&num=15 HTTP/1.1" 200 9181
146.198.62.62 - - [26/Jun/2019:11:54:09 +0900] "GET /error/kr/error.jsp HTTP/1.1" 500 3570
38.99.62.91 - - [26/Jun/2019:11:54:47 +0900] "GET /home/news/news/view.do?page=2&num=16 HTTP/1.1" 200 5666
211.195.43.48 - - [26/Jun/2019:11:54:50 +0900] "GET /index.jsp HTTP/1.1" 302 -
211.195.43.48 - - [26/Jun/2019:11:54:50 +0900] "GET /home/main/main.do HTTP/1.1" 200 17101
211.195.43.48 - - [26/Jun/2019:11:54:58 +0900] "GET /home/meetourpartners/all.do HTTP/1.1" 200 101569
211.195.43.48 - - [26/Jun/2019:11:55:03 +0900] "GET /home/whoweare/korea.do HTTP/1.1" 200 28491
38.99.62.91 - - [26/Jun/2019:11:55:28 +0900] "GET /home/news/news/view.do?page=2&num=17 HTTP/1.1" 200 5761
38.99.62.91 - - [26/Jun/2019:11:56:12 +0900] "GET /home/news/news/view.do?page=2&num=18 HTTP/1.1" 200 9137
38.99.62.91 - - [26/Jun/2019:11:56:53 +0900] "GET /home/news/news/view.do?page=2&num=19 HTTP/1.1" 200 6164
223.39.139.30 - - [26/Jun/2019:11:57:19 +0900] "GET /filter/checker.jsp?campaignID=345&email=kimjy0104@naver.com&responseEnd=2018-12-07 HTTP/1.1" 404 3570
223.39.139.242 - - [26/Jun/2019:11:57:20 +0900] "GET /error/kr/error.jsp HTTP/1.1" 500 3570
223.39.139.242 - - [26/Jun/2019:11:57:20 +0900] "GET /error/kr/error.jsp HTTP/1.1" 500 3570
223.39.139.30 - - [26/Jun/2019:11:57:20 +0900] "GET /filter/checker.jsp?campaignID=345&email=kimjy0104@naver.com&responseEnd=2018-12-07 HTTP/1.1" 404 3570
223.39.139.242 - - [26/Jun/2019:11:57:20 +0900] "GET /error/kr/error.jsp HTTP/1.1" 500 3570
223.39.139.242 - - [26/Jun/2019:11:57:20 +0900] "GET /error/kr/error.jsp HTTP/1.1" 500 3570
223.39.139.30 - - [26/Jun/2019:11:57:34 +0900] "GET /filter/clickDetecter.jsp?campaignID=345&duplicationYN=N&targetIndex=1123&encoding=yes&maillink=false&email=kimjy0104%40naver.com&url=https%3A%2F%2Fgoo.gl%2Fforms%2FzSJtp0DlSb9z03K42&linkID=1508&type=click HTTP/1.1" 404 3570
38.99.62.91 - - [26/Jun/2019:11:57:46 +0900] "GET /home/news/news/list.do?page=2 HTTP/1.1" 200 6849
66.249.73.208 - - [26/Jun/2019:12:04:05 +0900] "GET /error/kr/error.jsp HTTP/1.1" 500 3570
136.243.212.110 - - [26/Jun/2019:12:07:05 +0900] "GET /home/en/about/about.do HTTP/1.1" 200 14634
77.75.77.119 - - [26/Jun/2019:12:07:47 +0900] "GET /error/kr/error.jsp HTTP/1.1" 500 3570
77.75.77.119 - - [26/Jun/2019:12:07:50 +0900] "GET /home/main/main.do HTTP/1.1" 200 17101
77.75.77.119 - - [26/Jun/2019:12:07:53 +0900] "GET /index.jsp HTTP/1.1" 302 -
1.230.141.95 - - [26/Jun/2019:12:09:07 +0900] "GET /index.jsp HTTP/1.1" 302 -
1.230.141.95 - - [26/Jun/2019:12:09:07 +0900] "GET /home/main/main.do HTTP/1.1" 200 17101
136.243.212.110 - - [26/Jun/2019:12:09:55 +0900] "GET /home/en/contact/contact.do HTTP/1.1" 200 5187
136.243.212.110 - - [26/Jun/2019:12:11:22 +0900] "GET /home/en/meetourpartners/all.do HTTP/1.1" 200 95227
136.243.212.110 - - [26/Jun/2019:12:11:42 +0900] "GET /home/en/watwedo/overview.do HTTP/1.1" 200 6156
110.249.202.8 - - [26/Jun/2019:12:13:42 +0900] "GET /index.jsp HTTP/1.1" 302 -
136.243.212.110 - - [26/Jun/2019:12:14:00 +0900] "GET /home/en/watwedo/philosophy.do HTTP/1.1" 200 7112
117.41.185.138 - - [26/Jun/2019:12:14:28 +0900] "GET /index.jsp?s=www.hesaids.com HTTP/1.1" 302 -
117.41.185.138 - - [26/Jun/2019:12:14:28 +0900] "GET /home/main/main.do HTTP/1.1" 302 -
117.41.185.138 - - [26/Jun/2019:12:14:30 +0900] "GET /home/main/main.do HTTP/1.1" 200 13226
117.41.185.138 - - [26/Jun/2019:12:14:31 +0900] "GET /index.jsp?s=www.hesaids.com HTTP/1.1" 302 -
223.38.42.163 - - [26/Jun/2019:12:14:32 +0900] "GET /index.jsp HTTP/1.1" 302 -
223.38.42.163 - - [26/Jun/2019:12:14:32 +0900] "GET /home/main/main.do HTTP/1.1" 302 -
223.38.42.163 - - [26/Jun/2019:12:14:32 +0900] "GET /home/main/main.do HTTP/1.1" 200 13226
223.38.42.163 - - [26/Jun/2019:12:14:33 +0900] "GET /error/kr/error.jsp HTTP/1.1" 500 3762
117.41.185.138 - - [26/Jun/2019:12:14:33 +0900] "GET /index.jsp?s=www.hesaids.com HTTP/1.1" 302 -
117.41.185.138 - - [26/Jun/2019:12:14:33 +0900] "GET /home/main/main.do HTTP/1.1" 302 -
117.41.185.138 - - [26/Jun/2019:12:14:34 +0900] "GET /home/main/main.do HTTP/1.1" 200 13226
117.41.185.138 - - [26/Jun/2019:12:14:42 +0900] "GET /index.jsp?s=www.hesaids.com HTTP/1.1" 302 -
117.41.185.138 - - [26/Jun/2019:12:14:42 +0900] "GET /home/main/main.do HTTP/1.1" 302 -
117.41.185.138 - - [26/Jun/2019:12:14:43 +0900] "GET /home/main/main.do HTTP/1.1" 200 13226
136.243.212.110 - - [26/Jun/2019:12:15:25 +0900] "GET /home/en/whoweare/korea.do HTTP/1.1" 200 29514
136.243.212.110 - - [26/Jun/2019:12:15:49 +0900] "GET /home/main/main.do HTTP/1.1" 200 17101
122.233.186.116 - - [26/Jun/2019:12:16:55 +0900] "GET /error/kr/error.jsp HTTP/1.1" 500 3570
122.233.186.116 - - [26/Jun/2019:12:16:56 +0900] "GET /error/kr/error.jsp HTTP/1.1" 500 3570
121.147.42.17 - - [26/Jun/2019:12:17:00 +0900] "GET /home/watwedo/overview.do HTTP/1.1" 200 7044
66.249.73.212 - - [26/Jun/2019:12:17:22 +0900] "GET /error/kr/error.jsp HTTP/1.1" 500 3570
66.249.73.210 - - [26/Jun/2019:12:17:22 +0900] "GET /error/kr/error.jsp HTTP/1.1" 500 3570
103.131.71.47 - - [26/Jun/2019:12:17:39 +0900] "GET /error/kr/error.jsp HTTP/1.1" 500 3570
136.243.212.110 - - [26/Jun/2019:12:17:40 +0900] "GET /error/kr/error.jsp HTTP/1.1" 500 3570
136.243.212.110 - - [26/Jun/2019:12:17:41 +0900] "GET /index.jsp HTTP/1.1" 302 -
40.77.167.119 - - [26/Jun/2019:12:17:49 +0900] "GET /error/kr/error.jsp HTTP/1.1" 500 3570
66.249.73.208 - - [26/Jun/2019:12:19:05 +0900] "GET /error/kr/error.jsp HTTP/1.1" 500 3570
66.249.73.212 - - [26/Jun/2019:12:21:59 +0900] "GET /error/kr/error.jsp HTTP/1.1" 500 3570
136.243.212.110 - - [26/Jun/2019:12:22:04 +0900] "GET /home/en/meetourpartners/overseas.do HTTP/1.1" 200 31428
138.197.196.243 - - [26/Jun/2019:12:23:00 +0900] "GET /error/kr/error.jsp HTTP/1.1" 500 3570
136.243.212.110 - - [26/Jun/2019:12:23:41 +0900] "GET /home/en/meetourpartners/domestic.do HTTP/1.1" 200 69240
47.89.254.217 - - [26/Jun/2019:12:25:21 +0900] "GET /index.jsp HTTP/1.1" 302 -
47.89.254.217 - - [26/Jun/2019:12:25:22 +0900] "GET /home/main/main.do HTTP/1.1" 200 17101
47.89.254.217 - - [26/Jun/2019:12:25:22 +0900] "GET /home/main/main.do HTTP/1.1" 200 17101
136.243.212.110 - - [26/Jun/2019:12:25:41 +0900] "GET /error/kr/error.jsp HTTP/1.1" 500 3570
47.89.254.217 - - [26/Jun/2019:12:25:47 +0900] "GET /index.jsp HTTP/1.1" 302 -
47.89.254.217 - - [26/Jun/2019:12:25:47 +0900] "GET /home/main/main.do HTTP/1.1" 200 13226
47.89.254.217 - - [26/Jun/2019:12:25:48 +0900] "GET /home/main/main.do HTTP/1.1" 200 13226
136.243.212.110 - - [26/Jun/2019:12:26:57 +0900] "GET /home/en/watwedo/history.do HTTP/1.1" 200 10541
66.249.73.210 - - [26/Jun/2019:12:27:32 +0900] "GET /error/kr/error.jsp HTTP/1.1" 500 3570
136.243.212.110 - - [26/Jun/2019:12:27:58 +0900] "GET /home/en/whoweare/china.do HTTP/1.1" 200 11282
136.243.212.110 - - [26/Jun/2019:12:29:09 +0900] "GET /home/about/about.do HTTP/1.1" 200 14136
136.243.212.110 - - [26/Jun/2019:12:31:15 +0900] "GET /home/whoweare/korea.do HTTP/1.1" 200 28491
136.243.212.110 - - [26/Jun/2019:12:33:07 +0900] "GET /home/watwedo/philosophy.do HTTP/1.1" 200 7162
136.243.212.110 - - [26/Jun/2019:12:33:09 +0900] "GET /home/en/main/main.do HTTP/1.1" 200 11133
136.243.212.110 - - [26/Jun/2019:12:33:32 +0900] "GET /home/watwedo/overview.do HTTP/1.1" 200 6147
81.180.73.214 - - [26/Jun/2019:12:33:46 +0900] "GET /index.jsp HTTP/1.1" 302 -
66.249.73.210 - - [26/Jun/2019:12:34:05 +0900] "GET /error/kr/error.jsp HTTP/1.1" 500 3570
136.243.212.110 - - [26/Jun/2019:12:35:36 +0900] "GET /home/news/news/view.do?num=3 HTTP/1.1" 200 5573
136.243.212.110 - - [26/Jun/2019:12:36:15 +0900] "GET /home/news/news/view.do?num=2 HTTP/1.1" 200 6974
66.249.73.208 - - [26/Jun/2019:12:37:45 +0900] "GET /error/kr/error.jsp HTTP/1.1" 500 3570
136.243.212.110 - - [26/Jun/2019:12:38:03 +0900] "GET /error/kr/error.jsp HTTP/1.1" 500 3570
136.243.212.110 - - [26/Jun/2019:12:38:03 +0900] "GET /home/contact/contact.do HTTP/1.1" 200 5224
136.243.212.110 - - [26/Jun/2019:12:38:50 +0900] "GET /home/news/news/list.do HTTP/1.1" 200 7091
136.243.212.110 - - [26/Jun/2019:12:40:25 +0900] "GET /home/news/news/view.do?num=1 HTTP/1.1" 200 8971
207.46.13.77 - - [26/Jun/2019:12:41:09 +0900] "GET /error/kr/error.jsp HTTP/1.1" 500 3570
136.243.212.110 - - [26/Jun/2019:12:41:59 +0900] "GET /home/meetourpartners/all.do HTTP/1.1" 200 101569
136.243.212.110 - - [26/Jun/2019:12:42:59 +0900] "GET /home/whoweare/china.do HTTP/1.1" 200 11299
136.243.212.110 - - [26/Jun/2019:12:45:14 +0900] "GET /home/watwedo/history.do HTTP/1.1" 200 10614
136.243.212.110 - - [26/Jun/2019:12:45:40 +0900] "GET /home/news/news/list.do?page= HTTP/1.1" 200 7091
136.243.212.110 - - [26/Jun/2019:12:47:01 +0900] "GET /home/news/news/view.do?page=&num=2 HTTP/1.1" 200 6974
136.243.212.110 - - [26/Jun/2019:12:47:13 +0900] "GET /home/en/about/about.do HTTP/1.1" 200 14634
136.243.212.110 - - [26/Jun/2019:12:48:27 +0900] "GET /home/news/news/view.do?page=&num=4 HTTP/1.1" 200 9120
66.249.73.210 - - [26/Jun/2019:12:49:05 +0900] "GET /error/kr/error.jsp HTTP/1.1" 500 3570
136.243.212.110 - - [26/Jun/2019:12:49:26 +0900] "GET /home/en/contact/contact.do HTTP/1.1" 200 5187
136.243.212.110 - - [26/Jun/2019:12:49:35 +0900] "GET /home/news/news/view.do?page=&num=3 HTTP/1.1" 200 5573
136.243.212.110 - - [26/Jun/2019:12:49:53 +0900] "GET /home/en/meetourpartners/all.do HTTP/1.1" 200 95227
136.243.212.110 - - [26/Jun/2019:12:50:54 +0900] "GET /home/news/news/view.do?page=&num=1 HTTP/1.1" 200 8971
136.243.212.110 - - [26/Jun/2019:12:51:56 +0900] "GET /home/en/watwedo/overview.do HTTP/1.1" 200 6156
136.243.212.110 - - [26/Jun/2019:12:52:11 +0900] "GET /home/news/news/view.do?page=1&num=7 HTTP/1.1" 200 5548
136.243.212.110 - - [26/Jun/2019:12:52:42 +0900] "GET /home/en/watwedo/philosophy.do HTTP/1.1" 200 7112
136.243.212.110 - - [26/Jun/2019:12:53:16 +0900] "GET /home/news/news/view.do?page=1&num=5 HTTP/1.1" 200 9112
40.77.167.119 - - [26/Jun/2019:12:54:11 +0900] "GET /error/kr/error.jsp HTTP/1.1" 500 3570
136.243.212.110 - - [26/Jun/2019:12:54:23 +0900] "GET /home/en/whoweare/korea.do HTTP/1.1" 200 29514
141.8.142.12 - - [26/Jun/2019:12:54:34 +0900] "GET /error/kr/error.jsp HTTP/1.1" 500 3570
141.8.142.12 - - [26/Jun/2019:12:54:37 +0900] "GET /home/meetourpartners/all.do HTTP/1.1" 302 -
213.180.203.32 - - [26/Jun/2019:12:54:39 +0900] "GET /error/kr/error.jsp HTTP/1.1" 500 3762
141.8.142.26 - - [26/Jun/2019:12:54:40 +0900] "GET /home/meetourpartners/all.do HTTP/1.1" 200 105128
136.243.212.110 - - [26/Jun/2019:12:55:19 +0900] "GET /home/news/news/view.do?page=1&num=8 HTTP/1.1" 200 9169
121.134.15.243 - - [26/Jun/2019:12:56:10 +0900] "GET /home/watwedo/overview.do HTTP/1.1" 200 6147
121.134.15.243 - - [26/Jun/2019:12:56:11 +0900] "GET /home/watwedo/history.do HTTP/1.1" 200 10614
136.243.212.110 - - [26/Jun/2019:12:56:12 +0900] "GET /home/news/news/view.do?page=1&num=9 HTTP/1.1" 200 9135
121.134.15.243 - - [26/Jun/2019:12:56:13 +0900] "GET /home/watwedo/philosophy.do HTTP/1.1" 200 7162
121.134.15.243 - - [26/Jun/2019:12:56:15 +0900] "GET /home/whoweare/korea.do HTTP/1.1" 200 28491
121.134.15.243 - - [26/Jun/2019:12:56:19 +0900] "GET /home/whoweare/china.do HTTP/1.1" 200 11299
121.134.15.243 - - [26/Jun/2019:12:56:21 +0900] "GET /home/meetourpartners/all.do HTTP/1.1" 200 101569
121.134.15.243 - - [26/Jun/2019:12:56:22 +0900] "GET /home/meetourpartners/domestic.do HTTP/1.1" 200 73451
121.134.15.243 - - [26/Jun/2019:12:56:22 +0900] "GET /home/meetourpartners/overseas.do HTTP/1.1" 200 32620
121.134.15.243 - - [26/Jun/2019:12:56:23 +0900] "GET /home/news/news/list.do HTTP/1.1" 200 7091
136.243.212.110 - - [26/Jun/2019:12:56:24 +0900] "GET /home/main/main.do HTTP/1.1" 200 17101
121.134.15.243 - - [26/Jun/2019:12:56:24 +0900] "GET /home/contact/contact.do HTTP/1.1" 200 5224
121.134.15.243 - - [26/Jun/2019:12:56:25 +0900] "GET /home/about/about.do HTTP/1.1" 200 14136
119.192.197.203 - - [26/Jun/2019:12:56:36 +0900] "GET /index.jsp HTTP/1.1" 302 -
119.192.197.203 - - [26/Jun/2019:12:56:36 +0900] "GET /home/main/main.do HTTP/1.1" 200 17101
119.192.197.203 - - [26/Jun/2019:12:56:50 +0900] "GET /home/meetourpartners/all.do HTTP/1.1" 200 101569
136.243.212.110 - - [26/Jun/2019:12:57:43 +0900] "GET /home/news/news/view.do?page=1&num=4 HTTP/1.1" 200 9123
109.201.154.226 - - [26/Jun/2019:12:57:56 +0900] "GET /error/kr/error.jsp HTTP/1.1" 500 3570
109.201.154.226 - - [26/Jun/2019:12:57:57 +0900] "HEAD /home/en/main/main.do HTTP/1.1" 200 -
46.166.186.227 - - [26/Jun/2019:12:58:03 +0900] "GET /home/en/main/main.do HTTP/1.1" 200 11133
136.243.212.110 - - [26/Jun/2019:12:58:58 +0900] "GET /home/news/news/view.do?page=1&num=3 HTTP/1.1" 200 5576
136.243.212.110 - - [26/Jun/2019:13:00:39 +0900] "GET /home/news/news/view.do?page=1&num=2 HTTP/1.1" 200 6977
66.249.73.212 - - [26/Jun/2019:13:01:29 +0900] "GET /error/kr/error.jsp HTTP/1.1" 500 3570
136.243.212.110 - - [26/Jun/2019:13:02:38 +0900] "GET /home/news/news/view.do?page=1&num=10 HTTP/1.1" 200 6756
136.243.212.110 - - [26/Jun/2019:13:02:58 +0900] "GET /home/en/meetourpartners/overseas.do HTTP/1.1" 200 31428
216.244.66.242 - - [26/Jun/2019:13:03:22 +0900] "GET /error/kr/error.jsp HTTP/1.1" 500 3570
136.243.212.110 - - [26/Jun/2019:13:04:03 +0900] "GET /home/en/meetourpartners/domestic.do HTTP/1.1" 200 69240
66.249.73.210 - - [26/Jun/2019:13:04:05 +0900] "GET /error/kr/error.jsp HTTP/1.1" 500 3570
136.243.212.110 - - [26/Jun/2019:13:04:20 +0900] "GET /home/news/news/view.do?page=1&num=1 HTTP/1.1" 200 8973
136.243.212.110 - - [26/Jun/2019:13:05:07 +0900] "GET /home/news/news/list.do?page=1 HTTP/1.1" 200 7091
136.243.212.110 - - [26/Jun/2019:13:05:42 +0900] "GET /error/kr/error.jsp HTTP/1.1" 500 3570
136.243.212.110 - - [26/Jun/2019:13:06:35 +0900] "GET /home/news/news/list.do?page=2 HTTP/1.1" 200 6849
66.249.73.210 - - [26/Jun/2019:13:08:51 +0900] "GET /error/kr/error.jsp HTTP/1.1" 500 3570
66.249.73.210 - - [26/Jun/2019:13:08:53 +0900] "GET /error/kr/error.jsp HTTP/1.1" 500 3570
136.243.212.110 - - [26/Jun/2019:13:09:16 +0900] "GET /home/news/news/view.do?page=1&num=6 HTTP/1.1" 200 9121
136.243.212.110 - - [26/Jun/2019:13:09:28 +0900] "GET /home/en/whoweare/china.do HTTP/1.1" 200 11282
136.243.212.110 - - [26/Jun/2019:13:09:54 +0900] "GET /home/about/about.do HTTP/1.1" 200 14136
136.243.212.110 - - [26/Jun/2019:13:10:58 +0900] "GET /home/meetourpartners/overseas.do HTTP/1.1" 200 32620
136.243.212.110 - - [26/Jun/2019:13:11:40 +0900] "GET /home/whoweare/korea.do HTTP/1.1" 200 28491
66.249.73.212 - - [26/Jun/2019:13:12:31 +0900] "GET /error/kr/error.jsp HTTP/1.1" 500 3570
136.243.212.110 - - [26/Jun/2019:13:12:59 +0900] "GET /home/meetourpartners/domestic.do HTTP/1.1" 200 73451
136.243.212.110 - - [26/Jun/2019:13:14:05 +0900] "GET /home/news/news/view.do?page=&num=5 HTTP/1.1" 200 9109
136.243.212.110 - - [26/Jun/2019:13:14:06 +0900] "GET /home/watwedo/philosophy.do HTTP/1.1" 200 7162
52.81.131.79 - - [26/Jun/2019:13:14:56 +0900] "GET /index.jsp HTTP/1.1" 302 -
52.81.131.79 - - [26/Jun/2019:13:14:56 +0900] "GET /home/main/main.do HTTP/1.1" 302 -
52.81.131.79 - - [26/Jun/2019:13:14:56 +0900] "GET /home/main/main.do HTTP/1.1" 200 13226
124.88.113.154 - - [26/Jun/2019:13:15:02 +0900] "HEAD /index.jsp HTTP/1.1" 302 -
124.88.113.154 - - [26/Jun/2019:13:15:02 +0900] "HEAD /home/en/main/main.do HTTP/1.1" 200 -
222.94.212.137 - - [26/Jun/2019:13:15:10 +0900] "GET /index.jsp HTTP/1.1" 302 -
222.94.212.137 - - [26/Jun/2019:13:15:11 +0900] "GET /home/en/main/main.do HTTP/1.1" 200 11133
101.249.252.199 - - [26/Jun/2019:13:15:13 +0900] "CONNECT /index.jsp HTTP/1.1" 405 1105
27.19.228.132 - - [26/Jun/2019:13:15:13 +0900] "GET /index.jsp HTTP/1.1" 302 -
121.57.230.13 - - [26/Jun/2019:13:15:15 +0900] "GET /error/kr/error.jsp HTTP/1.1" 500 3570
59.56.82.209 - - [26/Jun/2019:13:15:15 +0900] "CONNECT /index.jsp HTTP/1.1" 405 1105
123.158.49.24 - - [26/Jun/2019:13:15:17 +0900] "GET /index.jsp HTTP/1.1" 302 -
27.224.136.97 - - [26/Jun/2019:13:15:17 +0900] "GET /index.jsp HTTP/1.1" 302 -
27.224.136.97 - - [26/Jun/2019:13:15:18 +0900] "GET /home/en/main/main.do HTTP/1.1" 200 11133
112.112.185.85 - - [26/Jun/2019:13:15:18 +0900] "CONNECT /index.jsp HTTP/1.1" 405 1105
171.34.178.134 - - [26/Jun/2019:13:15:20 +0900] "GET /index.jsp HTTP/1.1" 302 -
136.243.212.110 - - [26/Jun/2019:13:15:22 +0900] "GET /home/news/news/view.do?page=1&num=11 HTTP/1.1" 200 5548
136.243.212.110 - - [26/Jun/2019:13:15:33 +0900] "GET /home/watwedo/overview.do HTTP/1.1" 200 6147
136.243.212.110 - - [26/Jun/2019:13:16:00 +0900] "GET /home/news/news/view.do?num=3 HTTP/1.1" 200 5573
136.243.212.110 - - [26/Jun/2019:13:17:47 +0900] "GET /error/kr/error.jsp HTTP/1.1" 500 3570
136.243.212.110 - - [26/Jun/2019:13:17:48 +0900] "GET /home/en/watwedo/history.do HTTP/1.1" 200 10541
136.243.212.110 - - [26/Jun/2019:13:18:30 +0900] "GET /home/news/news/list.do HTTP/1.1" 200 7091
1.217.190.203 - - [26/Jun/2019:13:18:38 +0900] "GET /index.jsp HTTP/1.1" 302 -
1.217.190.203 - - [26/Jun/2019:13:18:38 +0900] "GET /home/main/main.do HTTP/1.1" 200 17101
1.217.190.203 - - [26/Jun/2019:13:18:44 +0900] "GET /home/whoweare/korea.do HTTP/1.1" 200 28491
66.249.73.212 - - [26/Jun/2019:13:19:05 +0900] "GET /error/kr/error.jsp HTTP/1.1" 500 3570
66.249.73.210 - - [26/Jun/2019:13:19:05 +0900] "GET /error/kr/error.jsp HTTP/1.1" 500 3570
136.243.212.110 - - [26/Jun/2019:13:21:03 +0900] "GET /home/news/news/view.do?num=1 HTTP/1.1" 200 8971
136.243.212.110 - - [26/Jun/2019:13:22:08 +0900] "GET /home/news/news/view.do?page=2&num=14 HTTP/1.1" 200 6736
136.243.212.110 - - [26/Jun/2019:13:22:35 +0900] "GET /home/meetourpartners/all.do HTTP/1.1" 200 101569
136.243.212.110 - - [26/Jun/2019:13:23:11 +0900] "GET /home/news/news/view.do?num=2 HTTP/1.1" 200 6974
203.235.9.11 - - [26/Jun/2019:13:23:40 +0900] "GET /home/meetourpartners/all.do HTTP/1.1" 200 101569
5.61.25.2 - - [26/Jun/2019:13:24:39 +0900] "GET /error/kr/error.jsp HTTP/1.1" 500 3570
136.243.212.110 - - [26/Jun/2019:13:24:40 +0900] "GET /home/news/news/view.do?page=2&num=19 HTTP/1.1" 200 6164
5.61.25.2 - - [26/Jun/2019:13:24:45 +0900] "GET /error/kr/error.jsp HTTP/1.1" 500 3570
5.61.25.2 - - [26/Jun/2019:13:25:09 +0900] "GET /error/kr/error.jsp HTTP/1.1" 500 3570
136.243.212.110 - - [26/Jun/2019:13:25:28 +0900] "GET /home/contact/contact.do HTTP/1.1" 200 5224
136.243.212.110 - - [26/Jun/2019:13:25:46 +0900] "GET /home/news/news/view.do?page=2&num=12 HTTP/1.1" 200 9083
136.243.212.110 - - [26/Jun/2019:13:26:25 +0900] "GET /home/whoweare/china.do HTTP/1.1" 200 11299
136.243.212.110 - - [26/Jun/2019:13:27:00 +0900] "GET /home/news/news/view.do?page=2&num=16 HTTP/1.1" 200 5666
136.243.212.110 - - [26/Jun/2019:13:28:32 +0900] "GET /home/watwedo/history.do HTTP/1.1" 200 10614
136.243.212.110 - - [26/Jun/2019:13:29:03 +0900] "GET /home/news/news/view.do?page=2&num=18 HTTP/1.1" 200 9137
136.243.212.110 - - [26/Jun/2019:13:29:46 +0900] "GET /home/news/news/view.do?page=&num=2 HTTP/1.1" 200 6974
136.243.212.110 - - [26/Jun/2019:13:30:05 +0900] "GET /home/news/news/view.do?page=2&num=13 HTTP/1.1" 200 9159
136.243.212.110 - - [26/Jun/2019:13:30:50 +0900] "GET /home/news/news/view.do?page=&num=4 HTTP/1.1" 200 9120
136.243.212.110 - - [26/Jun/2019:13:31:02 +0900] "GET /home/news/news/view.do?page=2&num=15 HTTP/1.1" 200 9181
136.243.212.110 - - [26/Jun/2019:13:31:45 +0900] "GET /home/news/news/list.do?page= HTTP/1.1" 200 7091
95.163.255.195 - - [26/Jun/2019:13:32:12 +0900] "GET /error/kr/error.jsp HTTP/1.0" 500 3570
157.55.39.142 - - [26/Jun/2019:13:32:23 +0900] "GET /error/kr/error.jsp HTTP/1.1" 500 3570
136.243.212.110 - - [26/Jun/2019:13:32:55 +0900] "GET /home/news/news/view.do?page=2&num=17 HTTP/1.1" 200 5761
40.77.167.119 - - [26/Jun/2019:13:33:24 +0900] "GET /index.jsp HTTP/1.1" 302 -
136.243.212.110 - - [26/Jun/2019:13:33:38 +0900] "GET /home/news/news/view.do?page=2&num=11 HTTP/1.1" 200 5548
66.249.73.210 - - [26/Jun/2019:13:34:05 +0900] "GET /error/kr/error.jsp HTTP/1.1" 500 3570
136.243.212.110 - - [26/Jun/2019:13:34:34 +0900] "GET /home/news/news/view.do?page=1&num=9 HTTP/1.1" 200 9135
136.243.212.110 - - [26/Jun/2019:13:35:05 +0900] "GET /home/news/news/list.do?page=1 HTTP/1.1" 200 7091
136.243.212.110 - - [26/Jun/2019:13:36:05 +0900] "GET /home/news/news/view.do?page=&num=6 HTTP/1.1" 200 9118
136.243.212.110 - - [26/Jun/2019:13:37:07 +0900] "GET /home/news/news/list.do?page=2 HTTP/1.1" 200 6849
136.243.212.110 - - [26/Jun/2019:13:37:18 +0900] "GET /home/news/news/view.do?page=1&num=12 HTTP/1.1" 200 9083
136.243.212.110 - - [26/Jun/2019:13:38:20 +0900] "GET /error/kr/error.jsp HTTP/1.1" 500 3570
136.243.212.110 - - [26/Jun/2019:13:38:21 +0900] "GET /home/news/news/view.do?page=2&num=10 HTTP/1.1" 200 6756
136.243.212.110 - - [26/Jun/2019:13:39:01 +0900] "GET /home/news/news/view.do?page=1&num=1 HTTP/1.1" 200 8973
136.243.212.110 - - [26/Jun/2019:13:39:50 +0900] "GET /home/news/news/view.do?page=1&num=10 HTTP/1.1" 200 6756
136.243.212.110 - - [26/Jun/2019:13:39:58 +0900] "GET /home/news/news/view.do?page=&num=7 HTTP/1.1" 200 5545
136.243.212.110 - - [26/Jun/2019:13:41:28 +0900] "GET /home/news/news/view.do?page=1&num=2 HTTP/1.1" 200 6977
80.82.70.187 - - [26/Jun/2019:13:42:45 +0900] "GET /error/kr/error.jsp HTTP/1.1" 500 3570
136.243.212.110 - - [26/Jun/2019:13:43:22 +0900] "GET /home/news/news/view.do?page=1&num=3 HTTP/1.1" 200 5576
211.36.135.214 - - [26/Jun/2019:13:43:40 +0900] "GET /index.jsp HTTP/1.1" 302 -
211.36.135.214 - - [26/Jun/2019:13:43:40 +0900] "GET /home/main/main.do HTTP/1.1" 302 -
211.36.135.214 - - [26/Jun/2019:13:43:40 +0900] "GET /home/main/main.do HTTP/1.1" 200 13226
211.36.135.214 - - [26/Jun/2019:13:43:41 +0900] "GET /error/kr/error.jsp HTTP/1.1" 500 3762
211.36.135.214 - - [26/Jun/2019:13:43:46 +0900] "GET /home/watwedo/overview.do HTTP/1.1" 200 7044
136.243.212.110 - - [26/Jun/2019:13:43:49 +0900] "GET /home/news/news/view.do?page=1&num=4 HTTP/1.1" 200 9123
211.36.135.214 - - [26/Jun/2019:13:44:01 +0900] "GET /home/contact/contact.do HTTP/1.1" 200 7487
136.243.212.110 - - [26/Jun/2019:13:45:09 +0900] "GET /home/news/news/view.do?page=1&num=5 HTTP/1.1" 200 9112
119.207.72.69 - - [26/Jun/2019:13:45:56 +0900] "GET /home/en/main/main.do HTTP/1.1" 200 8383
123.141.83.3 - - [26/Jun/2019:13:46:24 +0900] "GET /index.jsp HTTP/1.1" 302 -
123.141.83.3 - - [26/Jun/2019:13:46:24 +0900] "GET /home/main/main.do HTTP/1.1" 200 17101
119.207.72.185 - - [26/Jun/2019:13:47:01 +0900] "GET /home/main/main.do HTTP/1.1" 302 -
119.207.72.185 - - [26/Jun/2019:13:47:01 +0900] "GET /home/main/main.do HTTP/1.1" 200 13226
136.243.212.110 - - [26/Jun/2019:13:48:10 +0900] "GET /home/news/news/view.do?page=1&num=8 HTTP/1.1" 200 9169
136.243.212.110 - - [26/Jun/2019:13:48:51 +0900] "GET /home/news/news/view.do?page=1&num=7 HTTP/1.1" 200 5548
66.249.73.212 - - [26/Jun/2019:13:49:05 +0900] "GET /error/kr/error.jsp HTTP/1.1" 500 3570
136.243.212.110 - - [26/Jun/2019:13:50:43 +0900] "GET /home/news/news/view.do?page=1&num=6 HTTP/1.1" 200 9121
136.243.212.110 - - [26/Jun/2019:13:51:45 +0900] "GET /home/news/news/view.do?page=1&num=13 HTTP/1.1" 200 9159
136.243.212.110 - - [26/Jun/2019:13:52:18 +0900] "GET /home/meetourpartners/domestic.do HTTP/1.1" 200 73451
136.243.212.110 - - [26/Jun/2019:13:53:02 +0900] "GET /home/meetourpartners/overseas.do HTTP/1.1" 200 32620
136.243.212.110 - - [26/Jun/2019:13:53:42 +0900] "GET /home/news/news/view.do?page=2&num=9 HTTP/1.1" 200 9135
136.243.212.110 - - [26/Jun/2019:13:53:51 +0900] "GET /home/news/news/view.do?page=&num=1 HTTP/1.1" 200 8971
207.46.13.77 - - [26/Jun/2019:13:54:26 +0900] "GET /error/kr/error.jsp HTTP/1.1" 500 3570
136.243.212.110 - - [26/Jun/2019:13:55:17 +0900] "GET /home/news/news/view.do?page=&num=8 HTTP/1.1" 200 9166
136.243.212.110 - - [26/Jun/2019:13:55:37 +0900] "GET /home/news/news/view.do?page=&num=3 HTTP/1.1" 200 5573
136.243.212.110 - - [26/Jun/2019:13:56:36 +0900] "GET /home/news/news/view.do?page=&num=5 HTTP/1.1" 200 9109
42.3.24.164 - - [26/Jun/2019:13:58:09 +0900] "GET /home/en/about/about.do HTTP/1.1" 200 14634
42.3.24.164 - - [26/Jun/2019:13:58:26 +0900] "GET /home/en/about/about.do HTTP/1.1" 200 14634
136.243.212.110 - - [26/Jun/2019:13:58:53 +0900] "GET /home/news/news/view.do?page=2&num=12 HTTP/1.1" 200 9083
136.243.212.110 - - [26/Jun/2019:14:00:33 +0900] "GET /home/news/news/view.do?page=2&num=19 HTTP/1.1" 200 6164
211.235.219.97 - - [26/Jun/2019:14:01:30 +0900] "GET /index.jsp HTTP/1.1" 302 -
211.235.219.97 - - [26/Jun/2019:14:01:30 +0900] "GET /home/main/main.do HTTP/1.1" 200 17101
136.243.212.110 - - [26/Jun/2019:14:02:36 +0900] "GET /home/news/news/view.do?page=2&num=16 HTTP/1.1" 200 5666
40.77.167.119 - - [26/Jun/2019:14:03:01 +0900] "GET /error/kr/error.jsp HTTP/1.1" 500 3570
211.235.219.97 - - [26/Jun/2019:14:03:31 +0900] "GET /home/meetourpartners/all.do HTTP/1.1" 200 101569
211.235.219.97 - - [26/Jun/2019:14:03:33 +0900] "GET /home/whoweare/korea.do HTTP/1.1" 200 28491
211.235.219.97 - - [26/Jun/2019:14:03:34 +0900] "GET /home/watwedo/overview.do HTTP/1.1" 200 6147
211.235.219.97 - - [26/Jun/2019:14:03:35 +0900] "GET /home/about/about.do HTTP/1.1" 200 14136
211.235.219.97 - - [26/Jun/2019:14:03:38 +0900] "GET /home/watwedo/overview.do HTTP/1.1" 200 6147
66.249.73.212 - - [26/Jun/2019:14:04:05 +0900] "GET /error/kr/error.jsp HTTP/1.1" 500 3570
136.243.212.110 - - [26/Jun/2019:14:04:10 +0900] "GET /home/news/news/view.do?page=2&num=17 HTTP/1.1" 200 5761
136.243.212.110 - - [26/Jun/2019:14:05:49 +0900] "GET /home/news/news/view.do?page=2&num=14 HTTP/1.1" 200 6736
136.243.212.110 - - [26/Jun/2019:14:06:59 +0900] "GET /home/news/news/view.do?page=2&num=13 HTTP/1.1" 200 9159
47.88.106.172 - - [26/Jun/2019:14:07:32 +0900] "GET /index.jsp HTTP/1.1" 302 -
47.88.106.172 - - [26/Jun/2019:14:07:32 +0900] "GET /home/main/main.do HTTP/1.1" 200 17101
47.88.106.172 - - [26/Jun/2019:14:07:32 +0900] "GET /home/main/main.do HTTP/1.1" 200 17101
88.198.36.62 - - [26/Jun/2019:14:07:37 +0900] "GET /error/kr/error.jsp HTTP/1.1" 500 3570
46.4.83.150 - - [26/Jun/2019:14:07:43 +0900] "GET /error/kr/error.jsp HTTP/1.1" 500 3570
47.88.106.172 - - [26/Jun/2019:14:07:48 +0900] "GET /index.jsp HTTP/1.1" 302 -
47.88.106.172 - - [26/Jun/2019:14:07:48 +0900] "GET /home/main/main.do HTTP/1.1" 200 13226
47.88.106.172 - - [26/Jun/2019:14:07:49 +0900] "GET /home/main/main.do HTTP/1.1" 200 13226
136.243.212.110 - - [26/Jun/2019:14:08:08 +0900] "GET /home/news/news/view.do?page=2&num=11 HTTP/1.1" 200 5548
136.243.212.110 - - [26/Jun/2019:14:08:26 +0900] "GET /home/news/news/view.do?page=1&num=14 HTTP/1.1" 200 6736
136.243.212.110 - - [26/Jun/2019:14:09:18 +0900] "GET /home/news/news/view.do?page=2&num=8 HTTP/1.1" 200 9169
210.104.132.130 - - [26/Jun/2019:14:09:31 +0900] "GET /index.jsp HTTP/1.1" 302 -
210.104.132.130 - - [26/Jun/2019:14:09:31 +0900] "GET /home/main/main.do HTTP/1.1" 200 17101
136.243.212.110 - - [26/Jun/2019:14:09:40 +0900] "GET /home/news/news/view.do?page=2&num=18 HTTP/1.1" 200 9137
136.243.212.110 - - [26/Jun/2019:14:10:39 +0900] "GET /home/news/news/view.do?page=2&num=15 HTTP/1.1" 200 9181
136.243.212.110 - - [26/Jun/2019:14:11:07 +0900] "GET /home/news/news/view.do?page=&num=9 HTTP/1.1" 200 9132
136.243.212.110 - - [26/Jun/2019:14:12:10 +0900] "GET /home/news/news/view.do?page=1&num=11 HTTP/1.1" 200 5548
14.39.16.253 - - [26/Jun/2019:14:12:24 +0900] "GET /home/contact/contact.do HTTP/1.1" 200 5224
58.140.20.3 - - [26/Jun/2019:14:12:47 +0900] "GET /filter/checker.jsp?campaignID=795&email=parkmce125@naver.com&responseEnd=2019-01-04 HTTP/1.1" 404 3570
58.140.20.3 - - [26/Jun/2019:14:12:47 +0900] "GET /error/kr/error.jsp HTTP/1.1" 500 3570
58.140.20.3 - - [26/Jun/2019:14:12:47 +0900] "GET /error/kr/error.jsp HTTP/1.1" 500 3570
58.140.20.3 - - [26/Jun/2019:14:12:47 +0900] "GET /filter/checker.jsp?campaignID=795&email=parkmce125@naver.com&responseEnd=2019-01-04 HTTP/1.1" 404 3570
58.140.20.3 - - [26/Jun/2019:14:12:47 +0900] "GET /error/kr/error.jsp HTTP/1.1" 500 3570
58.140.20.3 - - [26/Jun/2019:14:12:47 +0900] "GET /error/kr/error.jsp HTTP/1.1" 500 3570
136.243.212.110 - - [26/Jun/2019:14:13:47 +0900] "GET /home/news/news/view.do?page=&num=6 HTTP/1.1" 200 9118
136.243.212.110 - - [26/Jun/2019:14:17:37 +0900] "GET /home/news/news/view.do?page=2&num=10 HTTP/1.1" 200 6756
136.243.212.110 - - [26/Jun/2019:14:18:30 +0900] "GET /error/kr/error.jsp HTTP/1.1" 500 3570
136.243.212.110 - - [26/Jun/2019:14:18:30 +0900] "GET /home/news/news/view.do?page=1&num=12 HTTP/1.1" 200 9083
66.249.73.212 - - [26/Jun/2019:14:19:06 +0900] "GET /error/kr/error.jsp HTTP/1.1" 500 3570
77.67.54.58 - - [26/Jun/2019:14:19:22 +0900] "GET /index.jsp HTTP/1.1" 302 -
4.53.111.73 - - [26/Jun/2019:14:19:23 +0900] "GET /index.jsp HTTP/1.1" 302 -
77.67.54.53 - - [26/Jun/2019:14:19:23 +0900] "GET /home/en/main/main.do HTTP/1.1" 200 11133
4.53.111.77 - - [26/Jun/2019:14:19:24 +0900] "GET /home/en/main/main.do HTTP/1.1" 200 11133
124.57.80.230 - - [26/Jun/2019:14:20:12 +0900] "GET /index.jsp HTTP/1.1" 302 -
124.57.80.230 - - [26/Jun/2019:14:20:13 +0900] "GET /error/kr/error.jsp HTTP/1.1" 500 3570
124.57.80.230 - - [26/Jun/2019:14:20:13 +0900] "GET /index.jsp HTTP/1.1" 302 -
124.57.80.230 - - [26/Jun/2019:14:20:14 +0900] "GET /home/main/main.do HTTP/1.1" 200 17101
124.57.80.230 - - [26/Jun/2019:14:20:21 +0900] "GET /home/meetourpartners/all.do HTTP/1.1" 200 101569
115.22.188.195 - - [26/Jun/2019:14:20:53 +0900] "GET /index.jsp HTTP/1.1" 302 -
115.22.188.195 - - [26/Jun/2019:14:20:53 +0900] "GET /home/main/main.do HTTP/1.1" 200 17101
136.243.212.110 - - [26/Jun/2019:14:20:55 +0900] "GET /home/news/news/view.do?page=&num=7 HTTP/1.1" 200 5545
115.22.188.195 - - [26/Jun/2019:14:20:59 +0900] "GET /home/watwedo/overview.do HTTP/1.1" 200 6147
115.22.188.195 - - [26/Jun/2019:14:21:02 +0900] "GET /home/whoweare/korea.do HTTP/1.1" 200 28491
115.22.188.195 - - [26/Jun/2019:14:21:14 +0900] "GET /home/meetourpartners/all.do HTTP/1.1" 200 101569
115.22.188.195 - - [26/Jun/2019:14:21:19 +0900] "GET /home/news/news/list.do HTTP/1.1" 200 7091
115.22.188.195 - - [26/Jun/2019:14:21:21 +0900] "GET /home/contact/contact.do HTTP/1.1" 200 5224
115.22.188.195 - - [26/Jun/2019:14:21:23 +0900] "GET /home/about/about.do HTTP/1.1" 200 14136
42.123.77.121 - - [26/Jun/2019:14:21:24 +0900] "GET /error/kr/error.jsp HTTP/1.1" 500 3570
115.22.188.195 - - [26/Jun/2019:14:21:27 +0900] "GET /home/main/main.do HTTP/1.1" 200 17101
136.243.212.110 - - [26/Jun/2019:14:22:05 +0900] "GET /home/news/news/view.do?page=1&num=15 HTTP/1.1" 200 9181
136.243.212.110 - - [26/Jun/2019:14:24:14 +0900] "GET /home/news/news/view.do?page=2&num=7 HTTP/1.1" 200 5548
136.243.212.110 - - [26/Jun/2019:14:25:49 +0900] "GET /home/news/news/view.do?page=&num=10 HTTP/1.1" 200 6753
136.243.212.110 - - [26/Jun/2019:14:32:25 +0900] "GET /home/news/news/view.do?page=2&num=9 HTTP/1.1" 200 9135
77.75.79.54 - - [26/Jun/2019:14:32:57 +0900] "GET /error/kr/error.jsp HTTP/1.1" 500 3570
77.75.79.54 - - [26/Jun/2019:14:33:00 +0900] "GET /home/en/about/about.do HTTP/1.1" 200 14634
136.243.212.110 - - [26/Jun/2019:14:34:03 +0900] "GET /home/news/news/view.do?page=1&num=13 HTTP/1.1" 200 9159
147.47.115.17 - - [26/Jun/2019:14:34:51 +0900] "GET /index.jsp HTTP/1.1" 302 -
147.47.115.17 - - [26/Jun/2019:14:34:51 +0900] "GET /home/main/main.do HTTP/1.1" 200 17101
71.6.232.4 - - [26/Jun/2019:14:37:37 +0900] "GET /index.jsp HTTP/1.1" 302 -
136.243.212.110 - - [26/Jun/2019:14:37:38 +0900] "GET /home/news/news/view.do?page=1&num=16 HTTP/1.1" 200 5666
136.243.212.110 - - [26/Jun/2019:14:38:21 +0900] "GET /home/news/news/view.do?page=2&num=6 HTTP/1.1" 200 9121
175.223.11.59 - - [26/Jun/2019:14:38:59 +0900] "GET /filter/checker.jsp?campaignID=711&email=hsk1708@naver.com&responseEnd=2018-12-28 HTTP/1.1" 404 3570
175.223.11.59 - - [26/Jun/2019:14:38:59 +0900] "GET /error/kr/error.jsp HTTP/1.1" 500 3570
175.223.11.59 - - [26/Jun/2019:14:38:59 +0900] "GET /error/kr/error.jsp HTTP/1.1" 500 3570
175.223.11.59 - - [26/Jun/2019:14:39:02 +0900] "GET /filter/checker.jsp?campaignID=711&email=hsk1708@naver.com&responseEnd=2018-12-28 HTTP/1.1" 404 3570
175.223.11.59 - - [26/Jun/2019:14:39:02 +0900] "GET /error/kr/error.jsp HTTP/1.1" 500 3570
175.223.11.59 - - [26/Jun/2019:14:39:02 +0900] "GET /error/kr/error.jsp HTTP/1.1" 500 3570
175.223.11.59 - - [26/Jun/2019:14:39:09 +0900] "GET /error/kr/error.jsp HTTP/1.1" 500 3570
