207.46.13.144 - - [05/May/2020:00:00:03 +0900] "GET /error/kr/error.jsp HTTP/1.1" 500 3570
52.3.233.57 - - [05/May/2020:00:08:46 +0900] "GET /index.jsp HTTP/1.1" 302 -
52.3.233.57 - - [05/May/2020:00:08:47 +0900] "GET /home/main/main.do HTTP/1.1" 200 14903
52.3.233.57 - - [05/May/2020:00:08:47 +0900] "GET /home/main/main.do HTTP/1.1" 200 14903
52.3.233.57 - - [05/May/2020:00:08:48 +0900] "GET /home/main/main.do HTTP/1.1" 200 14903
66.249.79.61 - - [05/May/2020:00:13:58 +0900] "GET /error/kr/error.jsp HTTP/1.1" 500 3762
193.111.62.163 - - [05/May/2020:00:26:10 +0900] "GET /home/news/news/list.do HTTP/1.1" 200 7100
129.204.24.99 - - [05/May/2020:00:38:21 +0900] "GET /error/kr/error.jsp HTTP/1.1" 500 3570
129.204.24.99 - - [05/May/2020:00:38:50 +0900] "HEAD /index.jsp?s=www.guangxiymcd.cn HTTP/1.1" 302 -
129.204.24.99 - - [05/May/2020:00:38:50 +0900] "HEAD /home/main/main.do HTTP/1.1" 200 -
207.46.13.144 - - [05/May/2020:00:48:14 +0900] "GET /error/kr/error.jsp HTTP/1.1" 500 3570
54.36.148.230 - - [05/May/2020:00:54:09 +0900] "GET /error/kr/error.jsp HTTP/1.1" 500 3570
207.46.13.144 - - [05/May/2020:00:59:09 +0900] "GET /error/kr/error.jsp HTTP/1.1" 500 3570
5.188.84.130 - - [05/May/2020:01:00:59 +0900] "GET /index.jsp HTTP/1.0" 302 -
5.188.84.130 - - [05/May/2020:01:00:59 +0900] "GET /home/main/main.do HTTP/1.0" 200 12006
125.179.37.80 - - [05/May/2020:01:02:00 +0900] "GET /home/main/main.do HTTP/1.1" 200 12006
125.179.37.80 - - [05/May/2020:01:02:00 +0900] "GET /error/kr/error.jsp HTTP/1.1" 500 3762
125.179.37.80 - - [05/May/2020:01:02:00 +0900] "GET /error/kr/error.jsp HTTP/1.1" 500 3762
125.179.37.80 - - [05/May/2020:01:02:07 +0900] "GET /home/news/news/list.do HTTP/1.1" 200 75048
125.179.37.80 - - [05/May/2020:01:02:19 +0900] "GET /home/whoweare/korea.do HTTP/1.1" 200 43261
125.179.37.80 - - [05/May/2020:01:02:30 +0900] "GET /home/whoweare/china.do HTTP/1.1" 200 11536
125.179.37.80 - - [05/May/2020:01:02:45 +0900] "GET /home/whoweare/china.do HTTP/1.1" 200 11536
125.179.37.80 - - [05/May/2020:01:02:47 +0900] "GET /home/whoweare/korea.do HTTP/1.1" 200 43261
17.58.102.55 - - [05/May/2020:01:05:42 +0900] "GET /error/kr/error.jsp HTTP/1.1" 500 3570
17.58.96.119 - - [05/May/2020:01:05:42 +0900] "GET /home/watwedo/overview.do HTTP/1.1" 200 6276
157.55.39.207 - - [05/May/2020:01:07:59 +0900] "GET /error/kr/error.jsp HTTP/1.1" 500 3570
119.207.72.66 - - [05/May/2020:01:17:01 +0900] "GET /index.jsp HTTP/1.1" 302 -
119.207.72.66 - - [05/May/2020:01:17:01 +0900] "GET /home/main/main.do HTTP/1.1" 200 14903
207.46.13.26 - - [05/May/2020:01:17:22 +0900] "GET /error/kr/error.jsp HTTP/1.1" 500 3570
207.46.13.144 - - [05/May/2020:01:17:32 +0900] "GET /error/kr/error.jsp HTTP/1.1" 500 3570
157.55.39.117 - - [05/May/2020:01:17:34 +0900] "GET /error/kr/error.jsp HTTP/1.1" 500 3570
5.101.0.209 - - [05/May/2020:01:31:22 +0900] "GET /error/kr/error.jsp HTTP/1.1" 500 3570
193.111.62.163 - - [05/May/2020:01:34:11 +0900] "GET /home/news/news/list.do HTTP/1.1" 200 7100
119.207.72.73 - - [05/May/2020:01:34:20 +0900] "GET /home/contact/contact.do HTTP/1.1" 200 5224
119.207.72.116 - - [05/May/2020:01:34:25 +0900] "GET /home/contact/contact.do HTTP/1.1" 200 5224
129.204.24.99 - - [05/May/2020:01:35:03 +0900] "GET /error/kr/error.jsp HTTP/1.1" 500 3570
129.204.24.99 - - [05/May/2020:01:35:33 +0900] "HEAD /index.jsp?s=www.guangxiymce.cn HTTP/1.1" 302 -
129.204.24.99 - - [05/May/2020:01:35:33 +0900] "HEAD /home/main/main.do HTTP/1.1" 200 -
157.55.39.207 - - [05/May/2020:01:41:51 +0900] "GET /error/kr/error.jsp HTTP/1.1" 500 3570
157.55.39.117 - - [05/May/2020:01:45:52 +0900] "GET /error/kr/error.jsp HTTP/1.1" 500 3570
213.180.203.190 - - [05/May/2020:01:54:03 +0900] "GET /error/kr/error.jsp HTTP/1.1" 500 3570
213.180.203.190 - - [05/May/2020:01:54:07 +0900] "GET /index.jsp HTTP/1.1" 302 -
178.154.200.215 - - [05/May/2020:01:54:10 +0900] "GET /home/main/main.do HTTP/1.1" 200 14903
66.249.79.34 - - [05/May/2020:01:54:49 +0900] "GET /error/kr/error.jsp HTTP/1.1" 500 3762
207.46.13.8 - - [05/May/2020:01:55:11 +0900] "GET /error/kr/error.jsp HTTP/1.1" 500 3570
77.75.76.162 - - [05/May/2020:02:00:19 +0900] "GET /error/kr/error.jsp HTTP/1.1" 500 3570
87.197.139.164 - - [05/May/2020:02:02:16 +0900] "GET /index.jsp HTTP/1.1" 302 -
157.55.39.117 - - [05/May/2020:02:12:17 +0900] "GET /index.jsp HTTP/1.1" 302 -
207.46.13.26 - - [05/May/2020:02:15:55 +0900] "GET /error/kr/error.jsp HTTP/1.1" 500 3570
207.46.13.8 - - [05/May/2020:02:20:46 +0900] "GET /home/news/news/view.do?page=1&num=1 HTTP/1.1" 200 8973
81.130.208.29 - - [05/May/2020:02:22:55 +0900] "GET /index.jsp HTTP/1.1" 302 -
81.130.208.29 - - [05/May/2020:02:22:55 +0900] "GET /home/main/main.do HTTP/1.1" 200 12006
222.122.190.54 - - [05/May/2020:02:26:47 +0900] "GET /index.jsp HTTP/1.1" 302 -
222.122.190.54 - - [05/May/2020:02:26:47 +0900] "GET /home/main/main.do HTTP/1.1" 200 14903
222.122.190.54 - - [05/May/2020:02:26:47 +0900] "GET /index.jsp HTTP/1.1" 302 -
222.122.190.54 - - [05/May/2020:02:26:47 +0900] "GET /home/main/main.do HTTP/1.1" 200 14903
222.122.190.54 - - [05/May/2020:02:26:47 +0900] "GET /error/kr/error.jsp HTTP/1.1" 500 3570
129.204.24.99 - - [05/May/2020:02:32:52 +0900] "GET /error/kr/error.jsp HTTP/1.1" 500 3570
129.204.24.99 - - [05/May/2020:02:33:22 +0900] "HEAD /index.jsp?s=www.guangxiymcf.cn HTTP/1.1" 302 -
129.204.24.99 - - [05/May/2020:02:33:22 +0900] "HEAD /home/main/main.do HTTP/1.1" 200 -
157.55.39.117 - - [05/May/2020:02:34:28 +0900] "GET /error/kr/error.jsp HTTP/1.1" 500 3570
66.249.66.214 - - [05/May/2020:02:36:28 +0900] "GET /error/kr/error.jsp HTTP/1.1" 500 3762
193.111.62.163 - - [05/May/2020:02:36:43 +0900] "GET /home/news/news/list.do HTTP/1.1" 200 7100
47.108.80.103 - - [05/May/2020:02:42:37 +0900] "GET /error/kr/error.jsp HTTP/1.1" 500 3570
198.108.66.208 - - [05/May/2020:02:43:29 +0900] "GET /index.jsp HTTP/1.1" 302 -
198.108.66.208 - - [05/May/2020:02:43:29 +0900] "GET /home/main/main.do HTTP/1.1" 200 14903
89.35.39.180 - - [05/May/2020:02:44:19 +0900] "GET /error/kr/error.jsp HTTP/1.1" 500 3570
119.207.72.78 - - [05/May/2020:02:52:16 +0900] "GET /home/news/news/view.do?num=3 HTTP/1.1" 200 5573
119.207.72.77 - - [05/May/2020:02:52:22 +0900] "GET /home/news/news/view.do?num=3 HTTP/1.1" 200 5573
83.2.131.222 - - [05/May/2020:03:04:29 +0900] "GET /index.jsp HTTP/1.1" 302 -
119.207.72.71 - - [05/May/2020:03:08:41 +0900] "GET /home/news/news/list.do HTTP/1.1" 200 7100
119.207.72.155 - - [05/May/2020:03:10:04 +0900] "GET /home/contact/contact.do HTTP/1.1" 200 5224
35.229.91.121 - - [05/May/2020:03:16:08 +0900] "GET /error/kr/error.jsp HTTP/1.0" 500 3570
35.229.91.121 - - [05/May/2020:03:16:08 +0900] "GET /home/en/about/about.do HTTP/1.0" 200 16228
35.229.91.121 - - [05/May/2020:03:23:42 +0900] "GET /error/kr/error.jsp HTTP/1.0" 500 3570
35.229.91.121 - - [05/May/2020:03:23:42 +0900] "GET /home/en/watwedo/overview.do HTTP/1.0" 200 6218
35.229.91.121 - - [05/May/2020:03:25:03 +0900] "GET /error/kr/error.jsp HTTP/1.0" 500 3570
35.229.91.121 - - [05/May/2020:03:25:03 +0900] "GET /home/main/main.do HTTP/1.0" 200 14903
66.249.66.214 - - [05/May/2020:03:25:38 +0900] "GET /error/kr/error.jsp HTTP/1.1" 500 3762
77.75.79.62 - - [05/May/2020:03:28:25 +0900] "GET /error/kr/error.jsp HTTP/1.1" 500 3570
178.154.200.83 - - [05/May/2020:03:28:53 +0900] "GET /error/kr/error.jsp HTTP/1.1" 500 3762
178.154.200.81 - - [05/May/2020:03:28:57 +0900] "GET /home/en/whoweare/korea.do HTTP/1.1" 200 43296
34.250.9.32 - - [05/May/2020:03:29:34 +0900] "GET /error/kr/error.jsp HTTP/1.1" 500 3570
34.250.9.32 - - [05/May/2020:03:29:34 +0900] "GET /error/kr/error.jsp HTTP/1.1" 500 3570
193.111.62.163 - - [05/May/2020:03:30:56 +0900] "GET /home/news/news/list.do HTTP/1.1" 200 7100
129.204.24.99 - - [05/May/2020:03:31:49 +0900] "GET /error/kr/error.jsp HTTP/1.1" 500 3570
35.229.91.121 - - [05/May/2020:03:31:52 +0900] "GET /error/kr/error.jsp HTTP/1.0" 500 3570
35.229.91.121 - - [05/May/2020:03:31:52 +0900] "GET /home/en/meetourpartners/all.do HTTP/1.0" 200 95227
129.204.24.99 - - [05/May/2020:03:32:19 +0900] "HEAD /index.jsp?s=www.guangxiymcg.cn HTTP/1.1" 302 -
129.204.24.99 - - [05/May/2020:03:32:19 +0900] "HEAD /home/main/main.do HTTP/1.1" 200 -
207.46.13.166 - - [05/May/2020:03:35:29 +0900] "GET /error/kr/error.jsp HTTP/1.1" 500 3570
207.46.13.26 - - [05/May/2020:03:35:42 +0900] "GET /error/kr/error.jsp HTTP/1.1" 500 3570
67.180.195.116 - - [05/May/2020:03:36:36 +0900] "GET /index.jsp HTTP/1.1" 302 -
67.180.195.116 - - [05/May/2020:03:36:36 +0900] "GET /home/en/main/main.do HTTP/1.1" 200 11542
67.180.195.116 - - [05/May/2020:03:36:52 +0900] "GET /home/en/watwedo/overview.do HTTP/1.1" 200 6218
67.180.195.116 - - [05/May/2020:03:37:02 +0900] "GET /home/en/whoweare/korea.do HTTP/1.1" 200 29641
50.62.177.29 - - [05/May/2020:03:37:38 +0900] "GET /error/kr/error.jsp HTTP/1.1" 500 3570
157.55.39.207 - - [05/May/2020:03:42:01 +0900] "GET /home/news/news/list.do?page=1 HTTP/1.1" 200 7100
35.229.91.121 - - [05/May/2020:03:43:19 +0900] "GET /error/kr/error.jsp HTTP/1.0" 500 3570
35.229.91.121 - - [05/May/2020:03:43:20 +0900] "GET /home/en/watwedo/philosophy.do HTTP/1.0" 200 7112
42.123.77.121 - - [05/May/2020:03:46:32 +0900] "GET /error/kr/error.jsp HTTP/1.1" 500 3570
66.249.66.212 - - [05/May/2020:03:46:32 +0900] "GET /error/kr/error.jsp HTTP/1.1" 500 3762
35.229.91.121 - - [05/May/2020:03:48:57 +0900] "GET /error/kr/error.jsp HTTP/1.0" 500 3570
35.229.91.121 - - [05/May/2020:03:48:57 +0900] "GET /home/en/whoweare/korea.do HTTP/1.0" 200 29641
162.243.137.123 - - [05/May/2020:03:49:26 +0900] "GET /error/kr/error.jsp HTTP/1.1" 500 3570
167.172.179.10 - - [05/May/2020:03:49:59 +0900] "GET /error/kr/error.jsp HTTP/1.1" 500 3570
35.229.91.121 - - [05/May/2020:03:52:25 +0900] "GET /error/kr/error.jsp HTTP/1.0" 500 3570
35.229.91.121 - - [05/May/2020:03:52:26 +0900] "GET /home/en/contact/contact.do HTTP/1.0" 200 5187
35.229.91.121 - - [05/May/2020:03:53:39 +0900] "GET /error/kr/error.jsp HTTP/1.0" 500 3570
35.229.91.121 - - [05/May/2020:03:53:39 +0900] "GET /home/en/meetourpartners/all.do HTTP/1.0" 200 95227
35.229.91.121 - - [05/May/2020:03:53:42 +0900] "GET /error/kr/error.jsp HTTP/1.0" 500 3570
35.229.91.121 - - [05/May/2020:03:53:42 +0900] "GET /home/en/watwedo/overview.do HTTP/1.0" 200 6218
35.229.91.121 - - [05/May/2020:03:53:44 +0900] "GET /error/kr/error.jsp HTTP/1.0" 500 3570
35.229.91.121 - - [05/May/2020:03:53:44 +0900] "GET /home/en/whoweare/korea.do HTTP/1.0" 200 29641
35.229.91.121 - - [05/May/2020:03:53:46 +0900] "GET /error/kr/error.jsp HTTP/1.0" 500 3570
35.229.91.121 - - [05/May/2020:03:53:46 +0900] "GET /home/en/about/about.do HTTP/1.0" 200 16228
35.229.91.121 - - [05/May/2020:03:53:48 +0900] "GET /error/kr/error.jsp HTTP/1.0" 500 3570
35.229.91.121 - - [05/May/2020:03:53:48 +0900] "GET /home/en/contact/contact.do HTTP/1.0" 200 5187
35.229.91.121 - - [05/May/2020:03:53:50 +0900] "GET /error/kr/error.jsp HTTP/1.0" 500 3570
35.229.91.121 - - [05/May/2020:03:53:50 +0900] "GET /home/en/watwedo/philosophy.do HTTP/1.0" 200 7112
35.229.91.121 - - [05/May/2020:03:53:51 +0900] "GET /error/kr/error.jsp HTTP/1.0" 500 3570
35.229.91.121 - - [05/May/2020:03:53:52 +0900] "GET /home/main/main.do HTTP/1.0" 200 14903
203.89.27.59 - - [05/May/2020:03:55:04 +0900] "GET /index.jsp HTTP/1.1" 302 -
207.46.13.166 - - [05/May/2020:03:58:41 +0900] "GET /error/kr/error.jsp HTTP/1.1" 500 3570
121.254.147.237 - - [05/May/2020:04:03:20 +0900] "GET /index.jsp HTTP/1.1" 302 -
121.254.147.237 - - [05/May/2020:04:03:20 +0900] "GET /home/en/main/main.do HTTP/1.1" 200 11542
66.249.66.16 - - [05/May/2020:04:05:56 +0900] "GET /error/kr/error.jsp HTTP/1.1" 500 3570
66.249.66.214 - - [05/May/2020:04:06:02 +0900] "GET /error/kr/error.jsp HTTP/1.1" 500 3762
207.46.13.166 - - [05/May/2020:04:06:11 +0900] "GET /error/kr/error.jsp HTTP/1.1" 500 3570
66.249.66.35 - - [05/May/2020:04:07:15 +0900] "GET /error/kr/error.jsp HTTP/1.1" 500 3570
173.211.35.153 - - [05/May/2020:04:13:44 +0900] "GET /home/en/meetourpartners/all.do HTTP/1.1" 200 100316
66.249.66.14 - - [05/May/2020:04:16:09 +0900] "GET /error/kr/error.jsp HTTP/1.1" 500 3570
207.46.13.8 - - [05/May/2020:04:18:34 +0900] "GET /error/kr/error.jsp HTTP/1.1" 500 3570
119.207.72.77 - - [05/May/2020:04:26:39 +0900] "GET /home/meetourpartners/all.do HTTP/1.1" 200 101569
119.207.72.79 - - [05/May/2020:04:26:57 +0900] "GET /home/watwedo/overview.do HTTP/1.1" 200 6276
207.46.13.8 - - [05/May/2020:04:27:00 +0900] "GET /error/kr/error.jsp HTTP/1.1" 500 3570
119.207.72.167 - - [05/May/2020:04:27:07 +0900] "GET /home/contact/contact.do HTTP/1.1" 200 5224
193.111.62.163 - - [05/May/2020:04:30:38 +0900] "GET /home/news/news/list.do HTTP/1.1" 200 7100
129.204.24.99 - - [05/May/2020:04:32:05 +0900] "GET /error/kr/error.jsp HTTP/1.1" 500 3570
18.207.120.96 - - [05/May/2020:04:34:02 +0900] "GET /error/kr/error.jsp HTTP/1.0" 500 3570
34.220.24.186 - - [05/May/2020:04:49:41 +0900] "GET /index.jsp HTTP/1.1" 302 -
34.220.24.186 - - [05/May/2020:04:49:41 +0900] "GET /home/main/main.do HTTP/1.1" 200 14903
66.249.66.62 - - [05/May/2020:04:56:31 +0900] "GET /error/kr/error.jsp HTTP/1.1" 500 3570
207.46.13.26 - - [05/May/2020:04:58:55 +0900] "GET /error/kr/error.jsp HTTP/1.1" 500 3570
77.75.78.162 - - [05/May/2020:05:02:29 +0900] "GET /error/kr/error.jsp HTTP/1.1" 500 3570
207.46.13.8 - - [05/May/2020:05:04:41 +0900] "GET /error/kr/error.jsp HTTP/1.1" 500 3570
66.249.66.62 - - [05/May/2020:05:07:15 +0900] "GET /error/kr/error.jsp HTTP/1.1" 500 3570
207.46.13.8 - - [05/May/2020:05:11:19 +0900] "GET /home/news/news/view.do?page=2&num=15 HTTP/1.1" 200 9181
207.46.13.166 - - [05/May/2020:05:11:36 +0900] "GET /error/kr/error.jsp HTTP/1.1" 500 3570
39.99.239.247 - - [05/May/2020:05:14:37 +0900] "GET /error/kr/error.jsp HTTP/1.1" 500 3570
66.249.66.18 - - [05/May/2020:05:18:11 +0900] "GET /error/kr/error.jsp HTTP/1.1" 500 3570
66.249.66.14 - - [05/May/2020:05:26:36 +0900] "GET /error/kr/error.jsp HTTP/1.1" 500 3570
157.55.39.207 - - [05/May/2020:05:27:28 +0900] "GET /error/kr/error.jsp HTTP/1.1" 500 3570
66.249.66.214 - - [05/May/2020:05:28:22 +0900] "GET /error/kr/error.jsp HTTP/1.1" 500 3762
193.111.62.163 - - [05/May/2020:05:31:31 +0900] "GET /home/news/news/list.do HTTP/1.1" 200 7100
129.204.24.99 - - [05/May/2020:05:32:20 +0900] "GET /error/kr/error.jsp HTTP/1.1" 500 3570
51.15.191.81 - - [05/May/2020:05:32:38 +0900] "GET /index.jsp HTTP/1.1" 302 -
129.204.24.99 - - [05/May/2020:05:32:50 +0900] "HEAD /index.jsp?s=www.guangxiymci.cn HTTP/1.1" 302 -
129.204.24.99 - - [05/May/2020:05:32:50 +0900] "HEAD /home/main/main.do HTTP/1.1" 200 -
77.75.77.62 - - [05/May/2020:05:34:25 +0900] "GET /error/kr/error.jsp HTTP/1.1" 500 3570
17.58.96.119 - - [05/May/2020:05:34:39 +0900] "GET /home/watwedo/philosophy.do HTTP/1.1" 200 7162
119.207.72.113 - - [05/May/2020:05:39:37 +0900] "GET /home/contact/contact.do HTTP/1.1" 200 5224
119.207.72.67 - - [05/May/2020:05:39:37 +0900] "GET /home/contact/contact.do HTTP/1.1" 200 5224
119.207.72.78 - - [05/May/2020:05:39:47 +0900] "GET /home/whoweare/korea.do HTTP/1.1" 200 29677
119.207.72.110 - - [05/May/2020:05:39:50 +0900] "GET /home/whoweare/korea.do HTTP/1.1" 200 29677
66.249.66.62 - - [05/May/2020:05:40:01 +0900] "GET /error/kr/error.jsp HTTP/1.1" 500 3570
34.215.176.172 - - [05/May/2020:05:42:13 +0900] "GET /index.jsp HTTP/1.1" 302 -
34.215.176.172 - - [05/May/2020:05:42:13 +0900] "GET /home/main/main.do HTTP/1.1" 200 14903
207.46.13.26 - - [05/May/2020:05:42:56 +0900] "GET /error/kr/error.jsp HTTP/1.1" 500 3570
66.249.66.18 - - [05/May/2020:05:47:05 +0900] "GET /error/kr/error.jsp HTTP/1.1" 500 3570
39.99.239.247 - - [05/May/2020:06:03:49 +0900] "GET /error/kr/error.jsp HTTP/1.1" 500 3570
218.73.98.120 - - [05/May/2020:06:04:40 +0900] "GET /error/kr/error.jsp HTTP/1.1" 500 3570
66.249.66.214 - - [05/May/2020:06:07:30 +0900] "GET /error/kr/error.jsp HTTP/1.1" 500 3762
5.101.0.209 - - [05/May/2020:06:07:50 +0900] "GET /error/kr/error.jsp HTTP/1.1" 500 3570
207.46.13.8 - - [05/May/2020:06:10:43 +0900] "GET /error/kr/error.jsp HTTP/1.1" 500 3570
66.249.66.212 - - [05/May/2020:06:17:38 +0900] "GET /error/kr/error.jsp HTTP/1.1" 500 3762
207.46.13.26 - - [05/May/2020:06:19:11 +0900] "GET /error/kr/error.jsp HTTP/1.1" 500 3570
193.111.62.163 - - [05/May/2020:06:31:28 +0900] "GET /home/news/news/list.do HTTP/1.1" 200 7100
77.75.78.166 - - [05/May/2020:06:32:01 +0900] "GET /error/kr/error.jsp HTTP/1.1" 500 3570
129.204.24.99 - - [05/May/2020:06:32:51 +0900] "GET /error/kr/error.jsp HTTP/1.1" 500 3570
129.204.24.99 - - [05/May/2020:06:33:22 +0900] "HEAD /index.jsp?s=www.dizang123.org HTTP/1.1" 302 -
129.204.24.99 - - [05/May/2020:06:33:22 +0900] "HEAD /home/main/main.do HTTP/1.1" 200 -
119.207.72.109 - - [05/May/2020:06:41:51 +0900] "GET /index.jsp HTTP/1.1" 302 -
119.207.72.109 - - [05/May/2020:06:41:51 +0900] "GET /home/main/main.do HTTP/1.1" 200 14903
119.207.72.108 - - [05/May/2020:06:42:08 +0900] "GET /index.jsp HTTP/1.1" 302 -
119.207.72.108 - - [05/May/2020:06:42:08 +0900] "GET /home/main/main.do HTTP/1.1" 200 14903
42.120.160.4 - - [05/May/2020:06:45:46 +0900] "GET /error/kr/error.jsp HTTP/1.1" 500 3570
66.249.66.18 - - [05/May/2020:07:02:00 +0900] "GET /error/kr/error.jsp HTTP/1.1" 500 3570
5.101.0.209 - - [05/May/2020:07:04:42 +0900] "GET /error/kr/error.jsp HTTP/1.1" 500 3570
66.249.66.216 - - [05/May/2020:07:07:41 +0900] "GET /error/kr/error.jsp HTTP/1.1" 500 3762
207.46.13.166 - - [05/May/2020:07:08:22 +0900] "GET /error/kr/error.jsp HTTP/1.1" 500 3570
52.236.142.115 - - [05/May/2020:07:17:14 +0900] "GET /home/en/meetourpartners/all.do HTTP/1.1" 200 95227
207.46.13.166 - - [05/May/2020:07:20:18 +0900] "GET /error/kr/error.jsp HTTP/1.1" 500 3570
193.111.62.163 - - [05/May/2020:07:26:29 +0900] "GET /home/news/news/list.do HTTP/1.1" 200 7100
207.46.13.8 - - [05/May/2020:07:27:52 +0900] "GET /home/news/news/view.do?page=1&num=6 HTTP/1.1" 200 9121
129.204.24.99 - - [05/May/2020:07:33:48 +0900] "HEAD /index.jsp?s=www.guangdongymca.cn HTTP/1.1" 302 -
129.204.24.99 - - [05/May/2020:07:33:48 +0900] "HEAD /home/main/main.do HTTP/1.1" 200 -
5.188.84.130 - - [05/May/2020:07:34:39 +0900] "GET /home/news/news/view.do?page=1&num=3 HTTP/1.0" 200 5576
66.249.66.18 - - [05/May/2020:07:38:22 +0900] "GET /error/kr/error.jsp HTTP/1.1" 500 3570
77.0.72.32 - - [05/May/2020:07:42:40 +0900] "GET /home/en/main/main.do HTTP/1.1" 302 -
77.0.72.32 - - [05/May/2020:07:42:41 +0900] "GET /home/en/main/main.do HTTP/1.1" 200 8565
77.0.72.32 - - [05/May/2020:07:42:44 +0900] "GET /error/kr/error.jsp HTTP/1.1" 500 3762
195.154.63.222 - - [05/May/2020:07:45:00 +0900] "GET /home/en/main/main.do HTTP/1.1" 200 11542
77.0.72.32 - - [05/May/2020:07:45:02 +0900] "GET /home/en/main/main.do HTTP/1.1" 200 8565
77.0.72.32 - - [05/May/2020:07:45:03 +0900] "GET /error/kr/error.jsp HTTP/1.1" 500 3762
66.249.66.35 - - [05/May/2020:07:48:23 +0900] "GET /error/kr/error.jsp HTTP/1.1" 500 3570
103.131.71.128 - - [05/May/2020:07:55:32 +0900] "GET /error/kr/error.jsp HTTP/1.1" 500 3570
207.46.13.8 - - [05/May/2020:07:57:56 +0900] "GET /home/news/news/view.do?page=1&num=1 HTTP/1.1" 200 8973
66.249.66.212 - - [05/May/2020:07:58:19 +0900] "GET /error/kr/error.jsp HTTP/1.1" 500 3762
207.46.13.166 - - [05/May/2020:07:59:37 +0900] "GET /error/kr/error.jsp HTTP/1.1" 500 3570
157.55.39.207 - - [05/May/2020:08:01:25 +0900] "GET /error/kr/error.jsp HTTP/1.1" 500 3570
13.234.38.53 - - [05/May/2020:08:06:50 +0900] "GET /index.jsp HTTP/1.1" 302 -
13.234.38.53 - - [05/May/2020:08:06:51 +0900] "GET /home/main/main.do HTTP/1.1" 200 14903
66.249.66.212 - - [05/May/2020:08:10:18 +0900] "GET /error/kr/error.jsp HTTP/1.1" 500 3762
66.249.66.18 - - [05/May/2020:08:10:31 +0900] "GET /error/kr/error.jsp HTTP/1.1" 500 3570
207.46.13.8 - - [05/May/2020:08:10:46 +0900] "GET /home/meetourpartners/overseas.do HTTP/1.1" 200 32620
34.216.175.253 - - [05/May/2020:08:13:54 +0900] "GET /index.jsp HTTP/1.1" 302 -
34.216.175.253 - - [05/May/2020:08:13:54 +0900] "GET /home/main/main.do HTTP/1.1" 200 14903
34.216.175.253 - - [05/May/2020:08:13:55 +0900] "GET /home/watwedo/overview.do HTTP/1.1" 200 6276
34.216.175.253 - - [05/May/2020:08:13:55 +0900] "GET /home/meetourpartners/all.do HTTP/1.1" 200 101569
34.216.175.253 - - [05/May/2020:08:13:55 +0900] "GET /home/whoweare/korea.do HTTP/1.1" 200 29677
34.216.175.253 - - [05/May/2020:08:13:55 +0900] "GET /home/watwedo/philosophy.do HTTP/1.1" 200 7162
34.216.175.253 - - [05/May/2020:08:13:55 +0900] "GET /home/about/about.do HTTP/1.1" 200 14667
34.216.175.253 - - [05/May/2020:08:13:55 +0900] "GET /home/en/main/main.do HTTP/1.1" 200 11542
114.119.162.163 - - [05/May/2020:08:14:24 +0900] "GET /error/kr/error.jsp HTTP/1.1" 500 3762
216.198.86.18 - - [05/May/2020:08:23:31 +0900] "GET /home/en/about/about.do HTTP/1.1" 200 16228
207.46.13.8 - - [05/May/2020:08:28:04 +0900] "GET /error/kr/error.jsp HTTP/1.1" 500 3570
66.249.66.214 - - [05/May/2020:08:28:20 +0900] "GET /error/kr/error.jsp HTTP/1.1" 500 3762
193.111.62.163 - - [05/May/2020:08:28:44 +0900] "GET /home/news/news/list.do HTTP/1.1" 200 7100
125.94.213.16 - - [05/May/2020:08:30:19 +0900] "GET /error/kr/error.jsp HTTP/1.1" 500 3570
125.94.213.16 - - [05/May/2020:08:30:19 +0900] "GET /error/kr/error.jsp HTTP/1.1" 500 3570
125.94.213.16 - - [05/May/2020:08:30:19 +0900] "GET /error/kr/error.jsp HTTP/1.1" 500 3570
125.94.213.16 - - [05/May/2020:08:30:19 +0900] "GET /error/kr/error.jsp HTTP/1.1" 500 3570
125.94.213.16 - - [05/May/2020:08:30:20 +0900] "GET /error/kr/error.jsp HTTP/1.1" 500 3570
125.94.213.16 - - [05/May/2020:08:30:20 +0900] "GET /error/kr/error.jsp HTTP/1.1" 500 3570
125.94.213.16 - - [05/May/2020:08:30:20 +0900] "GET /error/kr/error.jsp HTTP/1.1" 500 3570
125.94.213.16 - - [05/May/2020:08:30:20 +0900] "GET /error/kr/error.jsp HTTP/1.1" 500 3570
125.94.213.16 - - [05/May/2020:08:30:20 +0900] "GET /index.jsp HTTP/1.1" 302 -
125.94.213.16 - - [05/May/2020:08:30:20 +0900] "GET /home/main/main.do HTTP/1.1" 200 14903
175.196.28.106 - - [05/May/2020:08:33:06 +0900] "GET /index.jsp HTTP/1.1" 302 -
175.196.28.106 - - [05/May/2020:08:33:06 +0900] "GET /home/main/main.do HTTP/1.1" 200 14903
175.196.28.106 - - [05/May/2020:08:33:07 +0900] "GET /error/kr/error.jsp HTTP/1.1" 500 3570
175.196.28.106 - - [05/May/2020:08:33:14 +0900] "GET /home/news/news/view.do?page=1&num=20 HTTP/1.1" 200 8973
175.196.28.106 - - [05/May/2020:08:33:29 +0900] "GET /home/news/news/list.do?page=1 HTTP/1.1" 200 7100
175.196.28.106 - - [05/May/2020:08:33:44 +0900] "GET /home/watwedo/overview.do HTTP/1.1" 200 6276
175.196.28.106 - - [05/May/2020:08:34:03 +0900] "GET /home/whoweare/korea.do HTTP/1.1" 200 29677
129.204.24.99 - - [05/May/2020:08:34:08 +0900] "HEAD /index.jsp?s=www.guangdongymcb.cn HTTP/1.1" 302 -
129.204.24.99 - - [05/May/2020:08:34:08 +0900] "HEAD /home/main/main.do HTTP/1.1" 200 -
175.196.28.106 - - [05/May/2020:08:34:14 +0900] "GET /home/meetourpartners/all.do HTTP/1.1" 200 101569
175.196.28.106 - - [05/May/2020:08:34:25 +0900] "GET /home/contact/contact.do HTTP/1.1" 200 5224
175.196.28.106 - - [05/May/2020:08:34:30 +0900] "GET /home/about/about.do HTTP/1.1" 200 14667
175.196.28.106 - - [05/May/2020:08:35:38 +0900] "GET /index.jsp HTTP/1.1" 302 -
175.196.28.106 - - [05/May/2020:08:35:38 +0900] "GET /home/main/main.do HTTP/1.1" 200 14903
175.196.28.106 - - [05/May/2020:08:35:39 +0900] "GET /error/kr/error.jsp HTTP/1.1" 500 3570
175.196.28.106 - - [05/May/2020:08:36:05 +0900] "GET /home/watwedo/overview.do HTTP/1.1" 200 6276
175.196.28.106 - - [05/May/2020:08:37:07 +0900] "GET /home/en/main/main.do HTTP/1.1" 200 11542
45.181.233.21 - - [05/May/2020:08:49:36 +0900] "GET /index.jsp HTTP/1.1" 302 -
207.46.13.144 - - [05/May/2020:08:51:59 +0900] "GET /error/kr/error.jsp HTTP/1.1" 500 3570
207.46.13.166 - - [05/May/2020:08:52:37 +0900] "GET /index.jsp HTTP/1.1" 302 -
119.207.72.78 - - [05/May/2020:08:57:24 +0900] "GET /home/news/news/view.do?num=1 HTTP/1.1" 200 8971
54.200.63.238 - - [05/May/2020:09:06:34 +0900] "GET /error/kr/error.jsp HTTP/1.1" 500 3570
52.13.16.182 - - [05/May/2020:09:06:37 +0900] "GET /error/kr/error.jsp HTTP/1.1" 500 3570
54.244.59.102 - - [05/May/2020:09:06:40 +0900] "GET /error/kr/error.jsp HTTP/1.1" 500 3570
157.55.39.207 - - [05/May/2020:09:06:51 +0900] "GET /error/kr/error.jsp HTTP/1.1" 500 3570
222.129.51.178 - - [05/May/2020:09:09:39 +0900] "CONNECT /index.jsp HTTP/1.1" 405 1105
222.129.51.178 - - [05/May/2020:09:09:39 +0900] "GET /error/kr/error.jsp HTTP/1.1" 500 3570
66.249.66.214 - - [05/May/2020:09:10:52 +0900] "GET /error/kr/error.jsp HTTP/1.1" 500 3762
34.226.204.183 - - [05/May/2020:09:17:19 +0900] "GET /error/kr/error.jsp HTTP/1.1" 500 3570
34.226.204.183 - - [05/May/2020:09:17:21 +0900] "GET /error/kr/error.jsp HTTP/1.1" 500 3570
157.55.39.5 - - [05/May/2020:09:17:28 +0900] "GET /error/kr/error.jsp HTTP/1.1" 500 3762
207.46.13.166 - - [05/May/2020:09:17:43 +0900] "GET /index.jsp HTTP/1.1" 302 -
104.198.184.199 - - [05/May/2020:09:18:57 +0900] "GET /index.jsp HTTP/1.1" 302 -
104.198.184.199 - - [05/May/2020:09:18:58 +0900] "GET /index.jsp HTTP/1.1" 302 -
104.198.184.199 - - [05/May/2020:09:18:59 +0900] "GET /home/en/main/main.do HTTP/1.1" 200 11542
104.198.184.199 - - [05/May/2020:09:18:59 +0900] "GET /home/en/contact/contact.do HTTP/1.1" 200 5187
104.198.184.199 - - [05/May/2020:09:18:59 +0900] "GET /home/en/about/about.do HTTP/1.1" 200 16228
104.198.184.199 - - [05/May/2020:09:18:59 +0900] "GET /home/main/main.do HTTP/1.1" 200 14903
104.198.184.199 - - [05/May/2020:09:19:00 +0900] "GET /home/contact/contact.do HTTP/1.1" 200 5224
104.198.184.199 - - [05/May/2020:09:19:00 +0900] "GET /home/about/about.do HTTP/1.1" 200 14667
104.198.184.199 - - [05/May/2020:09:19:00 +0900] "GET /home/en/watwedo/overview.do HTTP/1.1" 200 6218
104.198.184.199 - - [05/May/2020:09:19:01 +0900] "GET /home/en/whoweare/korea.do HTTP/1.1" 200 29641
104.198.184.199 - - [05/May/2020:09:19:01 +0900] "GET /home/en/meetourpartners/all.do HTTP/1.1" 200 95227
104.198.184.199 - - [05/May/2020:09:19:01 +0900] "GET /home/en/watwedo/philosophy.do HTTP/1.1" 200 7112
157.55.39.207 - - [05/May/2020:09:21:59 +0900] "GET /error/kr/error.jsp HTTP/1.1" 500 3570
193.111.62.163 - - [05/May/2020:09:23:17 +0900] "GET /home/news/news/list.do HTTP/1.1" 200 7100
129.204.24.99 - - [05/May/2020:09:34:14 +0900] "GET /error/kr/error.jsp HTTP/1.1" 500 3570
129.204.24.99 - - [05/May/2020:09:34:47 +0900] "HEAD /index.jsp?s=www.guangdongymcc.cn HTTP/1.1" 302 -
129.204.24.99 - - [05/May/2020:09:34:47 +0900] "HEAD /home/main/main.do HTTP/1.1" 200 -
66.249.66.216 - - [05/May/2020:09:38:52 +0900] "GET /error/kr/error.jsp HTTP/1.1" 500 3762
13.228.6.37 - - [05/May/2020:09:39:20 +0900] "GET /home/en/meetourpartners/all.do HTTP/1.1" 200 95227
223.39.131.84 - - [05/May/2020:09:43:39 +0900] "GET /filter/checker.jsp?campaignID=593&email=dskim8842@naver.com&responseEnd=2018-12-23 HTTP/1.1" 404 3570
207.46.13.144 - - [05/May/2020:09:55:00 +0900] "GET /error/kr/error.jsp HTTP/1.1" 500 3570
157.55.39.207 - - [05/May/2020:09:55:10 +0900] "GET /error/kr/error.jsp HTTP/1.1" 500 3570
207.46.13.166 - - [05/May/2020:10:10:04 +0900] "GET /error/kr/error.jsp HTTP/1.1" 500 3570
103.131.71.41 - - [05/May/2020:10:26:06 +0900] "GET /error/kr/error.jsp HTTP/1.1" 500 3570
103.131.71.46 - - [05/May/2020:10:26:08 +0900] "GET /error/kr/error.jsp HTTP/1.1" 500 3762
103.131.71.50 - - [05/May/2020:10:26:12 +0900] "GET /error/kr/error.jsp HTTP/1.1" 500 3570
193.111.62.163 - - [05/May/2020:10:27:21 +0900] "GET /home/news/news/list.do HTTP/1.1" 200 7100
119.207.72.113 - - [05/May/2020:10:28:32 +0900] "GET /home/news/news/view.do?page=1&num=2 HTTP/1.1" 200 6977
119.207.72.109 - - [05/May/2020:10:28:37 +0900] "GET /home/news/news/view.do?page=1&num=2 HTTP/1.1" 200 6977
129.204.24.99 - - [05/May/2020:10:35:08 +0900] "GET /error/kr/error.jsp HTTP/1.1" 500 3570
77.75.78.161 - - [05/May/2020:10:35:32 +0900] "GET /error/kr/error.jsp HTTP/1.1" 500 3570
129.204.24.99 - - [05/May/2020:10:35:40 +0900] "HEAD /index.jsp?s=www.guangdongymcd.cn HTTP/1.1" 302 -
129.204.24.99 - - [05/May/2020:10:35:40 +0900] "HEAD /home/main/main.do HTTP/1.1" 200 -
45.14.151.246 - - [05/May/2020:10:37:18 +0900] "GET /error/kr/error.jsp HTTP/1.1" 500 3570
45.14.151.246 - - [05/May/2020:10:37:18 +0900] "GET /error/kr/error.jsp HTTP/1.1" 500 3570
18.207.120.96 - - [05/May/2020:10:37:51 +0900] "GET /error/kr/error.jsp HTTP/1.0" 500 3570
210.205.139.17 - - [05/May/2020:10:41:29 +0900] "GET /index.jsp HTTP/1.1" 302 -
210.205.139.17 - - [05/May/2020:10:41:29 +0900] "GET /home/main/main.do HTTP/1.1" 200 14903
5.188.84.130 - - [05/May/2020:10:57:53 +0900] "GET /home/whoweare/china.do HTTP/1.0" 200 11536
119.207.72.169 - - [05/May/2020:10:59:03 +0900] "GET /home/whoweare/korea.do HTTP/1.1" 200 29677
119.207.72.68 - - [05/May/2020:10:59:19 +0900] "GET /home/news/news/list.do HTTP/1.1" 200 7100
119.207.72.109 - - [05/May/2020:10:59:19 +0900] "GET /home/news/news/list.do HTTP/1.1" 200 7100
177.66.70.115 - - [05/May/2020:11:04:01 +0900] "GET /error/kr/error.jsp HTTP/1.1" 500 3570
114.119.166.116 - - [05/May/2020:11:07:31 +0900] "GET /error/kr/error.jsp HTTP/1.1" 500 3762
66.249.66.16 - - [05/May/2020:11:09:22 +0900] "GET /error/kr/error.jsp HTTP/1.1" 500 3570
207.46.13.166 - - [05/May/2020:11:12:17 +0900] "GET /error/kr/error.jsp HTTP/1.1" 500 3570
193.111.62.163 - - [05/May/2020:11:18:29 +0900] "GET /home/news/news/list.do HTTP/1.1" 200 7100
66.249.66.216 - - [05/May/2020:11:19:20 +0900] "GET /error/kr/error.jsp HTTP/1.1" 500 3762
5.188.84.130 - - [05/May/2020:11:26:55 +0900] "GET /home/en/main/main.do HTTP/1.0" 200 11542
66.249.66.212 - - [05/May/2020:11:29:40 +0900] "GET /error/kr/error.jsp HTTP/1.1" 500 3762
77.75.78.168 - - [05/May/2020:11:32:16 +0900] "GET /error/kr/error.jsp HTTP/1.1" 500 3570
42.123.77.121 - - [05/May/2020:11:35:40 +0900] "GET /error/kr/error.jsp HTTP/1.1" 500 3570
119.207.72.116 - - [05/May/2020:11:35:58 +0900] "GET /index.jsp HTTP/1.1" 302 -
119.207.72.116 - - [05/May/2020:11:35:58 +0900] "GET /home/main/main.do HTTP/1.1" 200 14903
129.204.24.99 - - [05/May/2020:11:36:04 +0900] "GET /error/kr/error.jsp HTTP/1.1" 500 3570
129.204.24.99 - - [05/May/2020:11:36:34 +0900] "HEAD /index.jsp?s=www.guangdongymce.cn HTTP/1.1" 302 -
207.46.13.166 - - [05/May/2020:11:36:35 +0900] "GET /home/watwedo/overview.do HTTP/1.1" 200 7207
207.46.13.166 - - [05/May/2020:11:37:01 +0900] "GET /error/kr/error.jsp HTTP/1.1" 500 3762
119.207.72.109 - - [05/May/2020:11:38:36 +0900] "GET /home/main/main.do HTTP/1.1" 200 14903
119.207.72.181 - - [05/May/2020:11:38:52 +0900] "GET /home/main/main.do HTTP/1.1" 200 14903
66.249.66.212 - - [05/May/2020:11:39:58 +0900] "GET /error/kr/error.jsp HTTP/1.1" 500 3762
207.46.13.166 - - [05/May/2020:11:48:43 +0900] "GET /error/kr/error.jsp HTTP/1.1" 500 3570
66.249.66.212 - - [05/May/2020:11:50:08 +0900] "GET /error/kr/error.jsp HTTP/1.1" 500 3762
5.188.84.130 - - [05/May/2020:12:05:50 +0900] "GET /home/news/news/view.do?page=1&num=15 HTTP/1.0" 200 9181
134.209.87.162 - - [05/May/2020:12:07:05 +0900] "GET /error/kr/error.jsp HTTP/1.1" 500 3570
66.249.66.35 - - [05/May/2020:12:07:31 +0900] "GET /error/kr/error.jsp HTTP/1.1" 500 3570
66.249.66.16 - - [05/May/2020:12:07:31 +0900] "GET /error/kr/error.jsp HTTP/1.1" 500 3570
121.152.206.116 - - [05/May/2020:12:07:58 +0900] "GET /index.jsp HTTP/1.1" 302 -
121.152.206.116 - - [05/May/2020:12:07:58 +0900] "GET /home/main/main.do HTTP/1.1" 302 -
121.152.206.116 - - [05/May/2020:12:07:58 +0900] "GET /home/main/main.do HTTP/1.1" 200 12006
121.152.206.116 - - [05/May/2020:12:07:58 +0900] "GET /error/kr/error.jsp HTTP/1.1" 500 3762
121.152.206.116 - - [05/May/2020:12:07:58 +0900] "GET /error/kr/error.jsp HTTP/1.1" 500 3762
66.249.66.216 - - [05/May/2020:12:10:20 +0900] "GET /error/kr/error.jsp HTTP/1.1" 500 3762
207.46.13.8 - - [05/May/2020:12:11:12 +0900] "GET /error/kr/error.jsp HTTP/1.1" 500 3570
77.75.79.54 - - [05/May/2020:12:12:49 +0900] "GET /error/kr/error.jsp HTTP/1.1" 500 3570
121.254.147.237 - - [05/May/2020:12:13:46 +0900] "GET /index.jsp HTTP/1.1" 302 -
121.254.147.237 - - [05/May/2020:12:13:46 +0900] "GET /home/en/main/main.do HTTP/1.1" 200 11542
198.108.66.240 - - [05/May/2020:12:14:25 +0900] "GET /index.jsp HTTP/1.1" 302 -
198.108.66.240 - - [05/May/2020:12:14:25 +0900] "GET /home/main/main.do HTTP/1.1" 200 14903
223.38.21.100 - - [05/May/2020:12:14:49 +0900] "GET /index.jsp HTTP/1.1" 302 -
223.38.21.100 - - [05/May/2020:12:14:49 +0900] "GET /home/main/main.do HTTP/1.1" 302 -
223.38.21.100 - - [05/May/2020:12:14:50 +0900] "GET /home/main/main.do HTTP/1.1" 200 12006
223.38.21.100 - - [05/May/2020:12:14:50 +0900] "GET /error/kr/error.jsp HTTP/1.1" 500 3762
223.38.21.100 - - [05/May/2020:12:14:50 +0900] "GET /error/kr/error.jsp HTTP/1.1" 500 3762
223.38.21.100 - - [05/May/2020:12:14:53 +0900] "GET /home/whoweare/korea.do HTTP/1.1" 200 43261
35.163.147.49 - - [05/May/2020:12:14:55 +0900] "GET /index.jsp HTTP/1.1" 302 -
223.38.21.100 - - [05/May/2020:12:15:01 +0900] "GET /home/meetourpartners/all.do HTTP/1.1" 200 105128
223.38.21.100 - - [05/May/2020:12:15:04 +0900] "GET /home/meetourpartners/overseas.do HTTP/1.1" 200 34535
223.38.21.100 - - [05/May/2020:12:15:12 +0900] "GET /index.jsp HTTP/1.1" 302 -
223.38.21.100 - - [05/May/2020:12:15:12 +0900] "GET /home/main/main.do HTTP/1.1" 302 -
223.38.21.100 - - [05/May/2020:12:15:12 +0900] "GET /home/main/main.do HTTP/1.1" 200 12006
223.38.21.100 - - [05/May/2020:12:15:12 +0900] "GET /error/kr/error.jsp HTTP/1.1" 500 3762
223.38.21.100 - - [05/May/2020:12:15:12 +0900] "GET /error/kr/error.jsp HTTP/1.1" 500 3762
207.46.13.8 - - [05/May/2020:12:18:29 +0900] "GET /error/kr/error.jsp HTTP/1.1" 500 3570
193.111.62.163 - - [05/May/2020:12:22:34 +0900] "GET /home/news/news/list.do HTTP/1.1" 200 7100
119.207.72.77 - - [05/May/2020:12:24:59 +0900] "GET /home/contact/contact.do HTTP/1.1" 200 5224
119.207.72.78 - - [05/May/2020:12:25:01 +0900] "GET /home/contact/contact.do HTTP/1.1" 200 5224
129.204.24.99 - - [05/May/2020:12:36:56 +0900] "GET /error/kr/error.jsp HTTP/1.1" 500 3570
129.204.24.99 - - [05/May/2020:12:37:24 +0900] "HEAD /index.jsp?s=www.guangdongymcf.cn HTTP/1.1" 302 -
129.204.24.99 - - [05/May/2020:12:37:24 +0900] "HEAD /home/main/main.do HTTP/1.1" 200 -
66.249.66.214 - - [05/May/2020:12:40:42 +0900] "GET /error/kr/error.jsp HTTP/1.1" 500 3762
198.108.66.208 - - [05/May/2020:12:41:16 +0900] "GET /index.jsp HTTP/1.1" 302 -
198.108.66.208 - - [05/May/2020:12:41:17 +0900] "GET /home/main/main.do HTTP/1.1" 200 14903
38.99.62.91 - - [05/May/2020:12:43:25 +0900] "GET /home/en/meetourpartners/all.do HTTP/1.1" 200 95227
38.99.62.91 - - [05/May/2020:12:44:45 +0900] "GET /home/en/contact/contact.do HTTP/1.1" 200 5187
119.207.72.141 - - [05/May/2020:12:44:52 +0900] "GET /home/news/news/list.do HTTP/1.1" 200 7100
38.99.62.91 - - [05/May/2020:12:45:50 +0900] "GET /home/en/meetourpartners/all.do HTTP/1.1" 200 95227
38.99.62.91 - - [05/May/2020:12:46:30 +0900] "GET /home/en/about/about.do HTTP/1.1" 200 16228
38.99.62.91 - - [05/May/2020:12:47:34 +0900] "GET /home/en/meetourpartners/all.do HTTP/1.1" 200 95227
38.99.62.91 - - [05/May/2020:12:48:14 +0900] "GET /home/en/watwedo/philosophy.do HTTP/1.1" 200 7112
38.99.62.91 - - [05/May/2020:12:49:19 +0900] "GET /home/watwedo/history.do HTTP/1.1" 200 10890
38.99.62.91 - - [05/May/2020:12:50:24 +0900] "GET /home/whoweare/china.do HTTP/1.1" 200 10340
38.99.62.91 - - [05/May/2020:12:51:42 +0900] "GET /home/news/news/view.do?page=1&num=1 HTTP/1.1" 200 8973
38.99.62.91 - - [05/May/2020:12:53:01 +0900] "GET /home/news/news/view.do?page=1&num=2 HTTP/1.1" 200 6977
104.171.148.183 - - [05/May/2020:12:53:41 +0900] "GET /home/en/meetourpartners/all.do HTTP/1.1" 200 95227
38.99.62.91 - - [05/May/2020:12:54:20 +0900] "GET /home/meetourpartners/all.do HTTP/1.1" 200 101569
38.99.62.91 - - [05/May/2020:12:55:00 +0900] "GET /home/news/news/view.do?page=1&num=3 HTTP/1.1" 200 5576
38.99.62.91 - - [05/May/2020:12:56:19 +0900] "GET /home/news/news/view.do?page=1&num=4 HTTP/1.1" 200 9123
38.99.62.91 - - [05/May/2020:12:57:38 +0900] "GET /home/meetourpartners/all.do HTTP/1.1" 200 101569
38.99.62.91 - - [05/May/2020:12:58:17 +0900] "GET /home/news/news/view.do?page=1&num=5 HTTP/1.1" 200 9112
38.99.62.91 - - [05/May/2020:12:59:36 +0900] "GET /home/news/news/view.do?page=1&num=6 HTTP/1.1" 200 9121
38.99.62.91 - - [05/May/2020:13:00:26 +0900] "GET /home/news/news/view.do?page=1&num=7 HTTP/1.1" 200 5548
39.99.228.55 - - [05/May/2020:13:00:34 +0900] "GET /error/kr/error.jsp HTTP/1.1" 500 3762
38.99.62.91 - - [05/May/2020:13:01:45 +0900] "GET /home/news/news/view.do?page=1&num=8 HTTP/1.1" 200 9169
38.99.62.91 - - [05/May/2020:13:02:50 +0900] "GET /home/news/news/view.do?page=1&num=9 HTTP/1.1" 200 9135
38.99.62.91 - - [05/May/2020:13:03:54 +0900] "GET /home/news/news/view.do?page=1&num=10 HTTP/1.1" 200 6756
39.99.228.55 - - [05/May/2020:13:04:15 +0900] "GET /error/kr/error.jsp HTTP/1.1" 500 3762
39.99.228.55 - - [05/May/2020:13:04:31 +0900] "GET /error/kr/error.jsp HTTP/1.1" 500 3762
157.55.39.207 - - [05/May/2020:13:04:31 +0900] "GET /error/kr/error.jsp HTTP/1.1" 500 3570
38.99.62.91 - - [05/May/2020:13:04:34 +0900] "GET /home/news/news/view.do?page=1&num=11 HTTP/1.1" 200 5548
38.99.62.91 - - [05/May/2020:13:05:13 +0900] "GET /home/news/news/view.do?page=1&num=10 HTTP/1.1" 200 6756
38.99.62.91 - - [05/May/2020:13:05:53 +0900] "GET /home/news/news/list.do?page=1 HTTP/1.1" 200 7100
221.138.106.46 - - [05/May/2020:13:06:44 +0900] "GET /home/whoweare/korea.do HTTP/1.1" 200 29677
38.99.62.91 - - [05/May/2020:13:07:12 +0900] "GET /home/news/news/list.do?page=2 HTTP/1.1" 200 7127
38.99.62.91 - - [05/May/2020:13:07:51 +0900] "GET /home/meetourpartners/all.do HTTP/1.1" 200 101569
39.99.228.55 - - [05/May/2020:13:08:02 +0900] "GET /error/kr/error.jsp HTTP/1.1" 500 3570
38.99.62.91 - - [05/May/2020:13:08:32 +0900] "GET /home/news/news/view.do?page=2&num=11 HTTP/1.1" 200 5548
38.99.62.91 - - [05/May/2020:13:08:57 +0900] "GET /home/news/news/view.do?page=2&num=12 HTTP/1.1" 200 9083
207.46.13.166 - - [05/May/2020:13:09:26 +0900] "GET /error/kr/error.jsp HTTP/1.1" 500 3570
38.99.62.91 - - [05/May/2020:13:09:37 +0900] "GET /home/news/news/view.do?page=2&num=13 HTTP/1.1" 200 9159
38.99.62.91 - - [05/May/2020:13:10:16 +0900] "GET /home/meetourpartners/all.do HTTP/1.1" 200 101569
38.99.62.91 - - [05/May/2020:13:10:56 +0900] "GET /home/news/news/view.do?page=2&num=14 HTTP/1.1" 200 6736
66.249.66.214 - - [05/May/2020:13:10:56 +0900] "GET /error/kr/error.jsp HTTP/1.1" 500 3762
39.99.228.55 - - [05/May/2020:13:11:09 +0900] "GET /error/kr/error.jsp HTTP/1.1" 500 3570
39.99.228.55 - - [05/May/2020:13:11:29 +0900] "GET /error/kr/error.jsp HTTP/1.1" 500 3570
38.99.62.91 - - [05/May/2020:13:11:36 +0900] "GET /home/news/news/view.do?page=2&num=15 HTTP/1.1" 200 9181
38.99.62.91 - - [05/May/2020:13:12:16 +0900] "GET /home/en/meetourpartners/all.do HTTP/1.1" 200 95227
38.99.62.91 - - [05/May/2020:13:12:56 +0900] "GET /home/news/news/view.do?page=2&num=16 HTTP/1.1" 200 5666
38.99.62.91 - - [05/May/2020:13:13:35 +0900] "GET /home/news/news/view.do?page=2&num=17 HTTP/1.1" 200 5761
38.99.62.91 - - [05/May/2020:13:14:15 +0900] "GET /home/news/news/view.do?page=2&num=18 HTTP/1.1" 200 9137
38.99.62.91 - - [05/May/2020:13:14:54 +0900] "GET /home/news/news/view.do?page=2&num=19 HTTP/1.1" 200 6164
38.99.62.91 - - [05/May/2020:13:15:34 +0900] "GET /home/news/news/list.do?page=2 HTTP/1.1" 200 7127
38.99.62.91 - - [05/May/2020:13:16:14 +0900] "GET /home/news/news/view.do?page=&num=2 HTTP/1.1" 200 6974
38.99.62.91 - - [05/May/2020:13:17:33 +0900] "GET /home/news/news/list.do?page= HTTP/1.1" 200 7100
38.99.62.91 - - [05/May/2020:13:18:12 +0900] "GET /home/meetourpartners/all.do HTTP/1.1" 200 101569
119.207.72.66 - - [05/May/2020:13:18:18 +0900] "GET /index.jsp HTTP/1.1" 302 -
119.207.72.66 - - [05/May/2020:13:18:18 +0900] "GET /home/main/main.do HTTP/1.1" 200 14903
38.99.62.91 - - [05/May/2020:13:18:52 +0900] "GET /home/news/news/list.do?page= HTTP/1.1" 200 7100
38.99.62.91 - - [05/May/2020:13:19:31 +0900] "GET /home/news/news/view.do?page=&num=4 HTTP/1.1" 200 9120
38.99.62.91 - - [05/May/2020:13:20:11 +0900] "GET /home/en/meetourpartners/all.do HTTP/1.1" 200 95227
38.99.62.91 - - [05/May/2020:13:20:50 +0900] "GET /home/meetourpartners/all.do HTTP/1.1" 200 101569
66.249.66.16 - - [05/May/2020:13:21:04 +0900] "GET /error/kr/error.jsp HTTP/1.1" 500 3570
38.99.62.91 - - [05/May/2020:13:21:30 +0900] "GET /home/meetourpartners/all.do HTTP/1.1" 200 101569
38.99.62.91 - - [05/May/2020:13:22:10 +0900] "GET /home/news/news/view.do?page=&num=5 HTTP/1.1" 200 9109
38.99.62.91 - - [05/May/2020:13:22:49 +0900] "GET /home/news/news/view.do?page=&num=4 HTTP/1.1" 200 9120
162.241.216.167 - - [05/May/2020:13:22:50 +0900] "GET /error/kr/error.jsp HTTP/1.1" 500 3570
113.77.144.249 - - [05/May/2020:13:23:21 +0900] "GET /error/kr/error.jsp HTTP/1.1" 500 3570
38.99.62.91 - - [05/May/2020:13:23:29 +0900] "GET /home/news/news/view.do?page=&num=3 HTTP/1.1" 200 5573
157.55.39.207 - - [05/May/2020:13:24:09 +0900] "GET /error/kr/error.jsp HTTP/1.1" 500 3570
38.99.62.91 - - [05/May/2020:13:24:48 +0900] "GET /home/news/news/view.do?page=&num=1 HTTP/1.1" 200 8971
38.99.62.91 - - [05/May/2020:13:26:07 +0900] "GET /home/news/news/view.do?page=2&num=11 HTTP/1.1" 200 5548
38.99.62.91 - - [05/May/2020:13:26:46 +0900] "GET /home/news/news/view.do?page=2&num=10 HTTP/1.1" 200 6756
193.111.62.163 - - [05/May/2020:13:26:52 +0900] "GET /home/news/news/list.do HTTP/1.1" 200 7100
38.99.62.91 - - [05/May/2020:13:27:26 +0900] "GET /home/news/news/view.do?page=2&num=11 HTTP/1.1" 200 5548
38.99.62.91 - - [05/May/2020:13:28:06 +0900] "GET /home/meetourpartners/all.do HTTP/1.1" 200 101569
38.99.62.91 - - [05/May/2020:13:28:45 +0900] "GET /home/news/news/view.do?page=2&num=12 HTTP/1.1" 200 9083
207.46.13.166 - - [05/May/2020:13:29:25 +0900] "GET /error/kr/error.jsp HTTP/1.1" 500 3570
38.99.62.91 - - [05/May/2020:13:30:04 +0900] "GET /home/en/meetourpartners/all.do HTTP/1.1" 200 95227
119.207.72.67 - - [05/May/2020:13:30:36 +0900] "GET /index.jsp HTTP/1.1" 302 -
119.207.72.67 - - [05/May/2020:13:30:36 +0900] "GET /home/main/main.do HTTP/1.1" 200 14903
119.207.72.115 - - [05/May/2020:13:30:37 +0900] "GET /index.jsp HTTP/1.1" 302 -
119.207.72.115 - - [05/May/2020:13:30:37 +0900] "GET /home/main/main.do HTTP/1.1" 200 14903
38.99.62.91 - - [05/May/2020:13:30:44 +0900] "GET /home/news/news/view.do?page=2&num=13 HTTP/1.1" 200 9159
38.99.62.91 - - [05/May/2020:13:32:02 +0900] "GET /home/news/news/view.do?page=2&num=14 HTTP/1.1" 200 6736
23.100.232.233 - - [05/May/2020:13:32:11 +0900] "GET /home/en/main/main.do HTTP/1.1" 200 11542
38.99.62.91 - - [05/May/2020:13:33:21 +0900] "GET /home/en/meetourpartners/all.do HTTP/1.1" 200 95227
38.99.62.91 - - [05/May/2020:13:34:00 +0900] "GET /home/news/news/view.do?page=2&num=15 HTTP/1.1" 200 9181
38.99.62.91 - - [05/May/2020:13:35:19 +0900] "GET /home/news/news/view.do?page=2&num=16 HTTP/1.1" 200 5666
38.99.62.91 - - [05/May/2020:13:36:38 +0900] "GET /home/news/news/view.do?page=2&num=17 HTTP/1.1" 200 5761
36.111.152.175 - - [05/May/2020:13:36:49 +0900] "GET /error/kr/error.jsp HTTP/1.1" 500 3570
157.55.39.207 - - [05/May/2020:13:36:54 +0900] "GET /error/kr/error.jsp HTTP/1.1" 500 3570
38.99.62.91 - - [05/May/2020:13:37:18 +0900] "GET /home/meetourpartners/all.do HTTP/1.1" 200 101569
129.204.24.99 - - [05/May/2020:13:37:54 +0900] "GET /error/kr/error.jsp HTTP/1.1" 500 3570
38.99.62.91 - - [05/May/2020:13:37:57 +0900] "GET /home/news/news/view.do?page=2&num=17 HTTP/1.1" 200 5761
129.204.24.99 - - [05/May/2020:13:38:24 +0900] "HEAD /index.jsp?s=www.guangdongymcg.cn HTTP/1.1" 302 -
129.204.24.99 - - [05/May/2020:13:38:24 +0900] "HEAD /home/main/main.do HTTP/1.1" 200 -
38.99.62.91 - - [05/May/2020:13:38:37 +0900] "GET /home/news/news/view.do?page=2&num=18 HTTP/1.1" 200 9137
38.99.62.91 - - [05/May/2020:13:40:35 +0900] "GET /home/meetourpartners/all.do HTTP/1.1" 200 101569
38.99.62.91 - - [05/May/2020:13:41:15 +0900] "GET /home/news/news/view.do?page=2&num=19 HTTP/1.1" 200 6164
38.99.62.91 - - [05/May/2020:13:42:33 +0900] "GET /home/en/meetourpartners/all.do HTTP/1.1" 200 95227
38.99.62.91 - - [05/May/2020:13:43:13 +0900] "GET /home/news/news/view.do?page=&num=5 HTTP/1.1" 200 9109
3.95.66.172 - - [05/May/2020:13:46:54 +0900] "GET /index.jsp HTTP/1.1" 302 -
3.95.66.172 - - [05/May/2020:13:46:54 +0900] "GET /home/en/main/main.do HTTP/1.1" 200 8565
92.118.37.64 - - [05/May/2020:13:47:04 +0900] "GET /index.jsp HTTP/1.0" 302 -
193.118.53.194 - - [05/May/2020:13:50:09 +0900] "GET /error/kr/error.jsp HTTP/1.1" 500 3570
23.100.232.233 - - [05/May/2020:13:52:52 +0900] "GET /home/about/about.do HTTP/1.1" 200 14667
80.82.68.71 - - [05/May/2020:13:55:44 +0900] "GET /index.jsp HTTP/1.1" 302 -
54.196.150.53 - - [05/May/2020:13:58:55 +0900] "GET /index.jsp HTTP/1.1" 302 -
54.196.150.53 - - [05/May/2020:13:58:56 +0900] "GET /home/en/main/main.do HTTP/1.1" 200 11542
88.198.35.243 - - [05/May/2020:13:59:52 +0900] "GET /index.jsp HTTP/1.1" 302 -
88.198.35.243 - - [05/May/2020:13:59:52 +0900] "GET /home/main/main.do HTTP/1.1" 200 14903
221.0.58.5 - - [05/May/2020:14:05:18 +0900] "GET /index.jsp HTTP/1.1" 302 -
178.154.200.215 - - [05/May/2020:14:07:53 +0900] "GET /error/kr/error.jsp HTTP/1.1" 500 3570
178.154.200.215 - - [05/May/2020:14:07:57 +0900] "GET /home/en/meetourpartners/all.do HTTP/1.1" 200 95227
223.39.200.131 - - [05/May/2020:14:11:31 +0900] "GET /index.jsp HTTP/1.1" 302 -
223.39.200.131 - - [05/May/2020:14:11:31 +0900] "GET /home/main/main.do HTTP/1.1" 302 -
223.39.200.131 - - [05/May/2020:14:11:31 +0900] "GET /home/main/main.do HTTP/1.1" 200 12006
223.39.200.131 - - [05/May/2020:14:11:32 +0900] "GET /error/kr/error.jsp HTTP/1.1" 500 3762
223.39.200.131 - - [05/May/2020:14:11:32 +0900] "GET /error/kr/error.jsp HTTP/1.1" 500 3762
223.39.200.131 - - [05/May/2020:14:11:34 +0900] "GET /home/news/news/list.do?num=20 HTTP/1.1" 200 75163
207.46.13.166 - - [05/May/2020:14:11:39 +0900] "GET /error/kr/error.jsp HTTP/1.1" 500 3570
223.39.200.131 - - [05/May/2020:14:12:58 +0900] "GET /home/meetourpartners/all.do HTTP/1.1" 200 105128
223.39.200.131 - - [05/May/2020:14:13:03 +0900] "GET /home/meetourpartners/domestic.do HTTP/1.1" 200 76259
223.39.200.131 - - [05/May/2020:14:13:42 +0900] "GET /home/meetourpartners/overseas.do HTTP/1.1" 200 34535
223.39.200.131 - - [05/May/2020:14:13:51 +0900] "GET /home/whoweare/korea.do HTTP/1.1" 200 43261
192.64.86.34 - - [05/May/2020:14:14:58 +0900] "GET /error/kr/error.jsp HTTP/1.1" 500 3570
192.64.86.34 - - [05/May/2020:14:15:00 +0900] "GET /error/kr/error.jsp HTTP/1.1" 500 3570
192.64.86.34 - - [05/May/2020:14:15:01 +0900] "GET /index.jsp HTTP/1.1" 302 -
192.64.86.34 - - [05/May/2020:14:15:01 +0900] "GET /home/en/main/main.do HTTP/1.1" 200 11542
192.64.86.34 - - [05/May/2020:14:15:02 +0900] "GET /index.jsp HTTP/1.1" 302 -
192.64.86.34 - - [05/May/2020:14:15:02 +0900] "GET /home/en/main/main.do HTTP/1.1" 200 11542
223.39.200.131 - - [05/May/2020:14:15:14 +0900] "GET /home/whoweare/china.do HTTP/1.1" 200 11536
223.39.200.131 - - [05/May/2020:14:15:30 +0900] "GET /home/whoweare/korea.do HTTP/1.1" 200 43261
193.111.62.163 - - [05/May/2020:14:20:29 +0900] "GET /home/news/news/list.do HTTP/1.1" 200 7100
207.46.13.166 - - [05/May/2020:14:22:26 +0900] "GET /error/kr/error.jsp HTTP/1.1" 500 3570
207.46.13.8 - - [05/May/2020:14:24:20 +0900] "GET /error/kr/error.jsp HTTP/1.1" 500 3570
61.79.183.100 - - [05/May/2020:14:25:59 +0900] "GET /index.jsp HTTP/1.1" 302 -
61.79.183.100 - - [05/May/2020:14:25:59 +0900] "GET /home/main/main.do HTTP/1.1" 200 14903
66.249.66.18 - - [05/May/2020:14:30:39 +0900] "GET /error/kr/error.jsp HTTP/1.1" 500 3570
119.207.72.116 - - [05/May/2020:14:32:08 +0900] "GET /home/contact/contact.do HTTP/1.1" 200 5224
222.77.110.227 - - [05/May/2020:14:34:59 +0900] "GET /error/kr/error.jsp HTTP/1.1" 500 3762
129.204.24.99 - - [05/May/2020:14:38:49 +0900] "GET /error/kr/error.jsp HTTP/1.1" 500 3570
129.204.24.99 - - [05/May/2020:14:39:19 +0900] "HEAD /index.jsp?s=www.guangdongymch.cn HTTP/1.1" 302 -
129.204.24.99 - - [05/May/2020:14:39:19 +0900] "HEAD /home/main/main.do HTTP/1.1" 200 -
5.188.84.130 - - [05/May/2020:14:47:36 +0900] "GET /home/news/news/view.do?page=1&num=10 HTTP/1.0" 200 6756
66.249.66.35 - - [05/May/2020:14:50:40 +0900] "GET /error/kr/error.jsp HTTP/1.1" 500 3570
39.98.124.123 - - [05/May/2020:14:51:29 +0900] "GET /error/kr/error.jsp HTTP/1.1" 500 3570
204.13.155.19 - - [05/May/2020:14:54:40 +0900] "GET /error/kr/error.jsp HTTP/1.1" 500 3570
66.249.66.62 - - [05/May/2020:15:00:43 +0900] "GET /error/kr/error.jsp HTTP/1.1" 500 3570
207.46.13.166 - - [05/May/2020:15:03:09 +0900] "GET /error/kr/error.jsp HTTP/1.1" 500 3570
119.71.149.204 - - [05/May/2020:15:03:23 +0900] "GET /index.jsp HTTP/1.1" 302 -
119.71.149.204 - - [05/May/2020:15:03:23 +0900] "GET /home/main/main.do HTTP/1.1" 200 14903
119.71.149.204 - - [05/May/2020:15:03:23 +0900] "GET /error/kr/error.jsp HTTP/1.1" 500 3570
119.71.149.204 - - [05/May/2020:15:03:27 +0900] "GET /home/news/news/view.do?page=1&num=20 HTTP/1.1" 200 8973
157.245.8.94 - - [05/May/2020:15:03:40 +0900] "GET /index.jsp HTTP/1.0" 302 -
157.245.8.94 - - [05/May/2020:15:03:42 +0900] "GET /home/en/main/main.do HTTP/1.0" 200 11542
119.71.149.204 - - [05/May/2020:15:03:46 +0900] "GET /home/meetourpartners/all.do HTTP/1.1" 200 101569
119.71.149.204 - - [05/May/2020:15:04:29 +0900] "GET /home/meetourpartners/domestic.do HTTP/1.1" 200 73451
119.71.149.204 - - [05/May/2020:15:04:36 +0900] "GET /home/news/news/list.do HTTP/1.1" 200 7100
119.71.149.204 - - [05/May/2020:15:04:41 +0900] "GET /home/contact/contact.do HTTP/1.1" 200 5224
119.71.149.204 - - [05/May/2020:15:04:45 +0900] "GET /home/about/about.do HTTP/1.1" 200 14667
157.55.39.128 - - [05/May/2020:15:09:11 +0900] "GET /home/en/whoweare/china.do HTTP/1.1" 200 10353
209.17.97.90 - - [05/May/2020:15:09:31 +0900] "GET /index.jsp HTTP/1.1" 302 -
