77.75.76.164 - - [15/Feb/2020:00:12:05 +0900] "GET /error/kr/error.jsp HTTP/1.1" 500 3570
34.199.176.251 - - [15/Feb/2020:00:12:59 +0900] "GET /home/news/news/list.do HTTP/1.1" 200 7091
207.46.13.67 - - [15/Feb/2020:00:13:50 +0900] "GET /error/kr/error.jsp HTTP/1.1" 500 3570
207.46.13.67 - - [15/Feb/2020:00:13:50 +0900] "GET /error/kr/error.jsp HTTP/1.1" 500 3570
138.68.51.29 - - [15/Feb/2020:00:17:03 +0900] "GET /error/kr/error.jsp HTTP/1.1" 500 3570
138.68.51.29 - - [15/Feb/2020:00:17:03 +0900] "GET /error/kr/error.jsp HTTP/1.1" 500 3570
138.68.51.29 - - [15/Feb/2020:00:17:04 +0900] "GET /error/kr/error.jsp HTTP/1.1" 500 3570
138.68.51.29 - - [15/Feb/2020:00:17:04 +0900] "GET /error/kr/error.jsp HTTP/1.1" 500 3570
138.68.51.29 - - [15/Feb/2020:00:17:04 +0900] "GET /error/kr/error.jsp HTTP/1.1" 500 3570
138.68.51.29 - - [15/Feb/2020:00:17:05 +0900] "GET /error/kr/error.jsp HTTP/1.1" 500 3570
207.46.13.182 - - [15/Feb/2020:00:18:52 +0900] "GET /error/kr/error.jsp HTTP/1.1" 500 3570
193.111.62.163 - - [15/Feb/2020:00:22:36 +0900] "GET /home/news/news/list.do HTTP/1.1" 200 7091
207.46.13.182 - - [15/Feb/2020:00:27:45 +0900] "GET /error/kr/error.jsp HTTP/1.1" 500 3570
66.249.65.188 - - [15/Feb/2020:00:27:55 +0900] "GET /error/kr/error.jsp HTTP/1.1" 500 3762
207.46.13.77 - - [15/Feb/2020:00:29:14 +0900] "GET /error/kr/error.jsp HTTP/1.1" 500 3570
207.46.13.182 - - [15/Feb/2020:00:29:47 +0900] "GET /error/kr/error.jsp HTTP/1.1" 500 3570
47.111.229.152 - - [15/Feb/2020:00:29:53 +0900] "GET /error/kr/error.jsp HTTP/1.1" 500 3570
121.229.3.216 - - [15/Feb/2020:00:38:42 +0900] "GET /index.jsp HTTP/1.1" 302 -
121.229.3.216 - - [15/Feb/2020:00:38:42 +0900] "GET /home/main/main.do HTTP/1.1" 200 12222
5.188.84.130 - - [15/Feb/2020:00:40:58 +0900] "GET /home/meetourpartners/domestic.do HTTP/1.0" 200 76259
119.207.72.77 - - [15/Feb/2020:00:46:59 +0900] "GET /home/news/news/list.do HTTP/1.1" 200 7091
66.249.65.214 - - [15/Feb/2020:00:48:08 +0900] "GET /error/kr/error.jsp HTTP/1.1" 500 3570
18.204.227.94 - - [15/Feb/2020:00:51:58 +0900] "GET /error/kr/error.jsp HTTP/1.1" 500 3570
18.204.227.94 - - [15/Feb/2020:00:51:58 +0900] "GET /home/en/watwedo/overview.do HTTP/1.1" 200 6156
18.204.227.94 - - [15/Feb/2020:00:52:29 +0900] "GET /error/kr/error.jsp HTTP/1.1" 500 3570
18.204.227.94 - - [15/Feb/2020:00:52:30 +0900] "GET /home/en/meetourpartners/all.do HTTP/1.1" 200 95227
40.77.167.116 - - [15/Feb/2020:00:54:36 +0900] "GET /error/kr/error.jsp HTTP/1.1" 500 3570
66.249.65.190 - - [15/Feb/2020:00:58:04 +0900] "GET /error/kr/error.jsp HTTP/1.1" 500 3762
40.77.167.116 - - [15/Feb/2020:00:59:20 +0900] "GET /error/kr/error.jsp HTTP/1.1" 500 3570
34.199.176.251 - - [15/Feb/2020:01:08:10 +0900] "GET /home/news/news/view.do?num=2 HTTP/1.1" 200 6974
34.199.176.251 - - [15/Feb/2020:01:08:10 +0900] "GET /home/news/news/view.do HTTP/1.1" 500 3570
18.204.227.94 - - [15/Feb/2020:01:11:27 +0900] "GET /error/kr/error.jsp HTTP/1.1" 500 3570
18.204.227.94 - - [15/Feb/2020:01:11:28 +0900] "GET /home/en/whoweare/korea.do HTTP/1.1" 200 29641
94.158.36.183 - - [15/Feb/2020:01:11:28 +0900] "GET /error/kr/error.jsp HTTP/1.1" 500 3570
79.101.58.76 - - [15/Feb/2020:01:21:23 +0900] "GET /error/kr/error.jsp HTTP/1.1" 500 3570
34.199.176.251 - - [15/Feb/2020:01:24:20 +0900] "GET /index.jsp HTTP/1.1" 302 -
34.199.176.251 - - [15/Feb/2020:01:24:21 +0900] "GET /home/main/main.do HTTP/1.1" 200 12222
193.111.62.163 - - [15/Feb/2020:01:25:29 +0900] "GET /home/news/news/list.do HTTP/1.1" 200 7091
119.207.72.75 - - [15/Feb/2020:01:25:57 +0900] "GET /home/whoweare/korea.do HTTP/1.1" 200 29677
159.203.101.95 - - [15/Feb/2020:01:26:51 +0900] "GET /index.jsp HTTP/1.1" 302 -
159.203.101.95 - - [15/Feb/2020:01:26:54 +0900] "GET /home/main/main.do HTTP/1.1" 200 12222
159.203.101.95 - - [15/Feb/2020:01:27:12 +0900] "GET /error/kr/error.jsp HTTP/1.1" 500 3570
159.203.101.95 - - [15/Feb/2020:01:27:23 +0900] "GET /home/en/main/main.do HTTP/1.1" 200 11080
159.203.101.95 - - [15/Feb/2020:01:27:25 +0900] "GET /home/watwedo/overview.do HTTP/1.1" 200 6147
159.203.101.95 - - [15/Feb/2020:01:27:26 +0900] "GET /home/whoweare/korea.do HTTP/1.1" 200 29677
159.203.101.95 - - [15/Feb/2020:01:27:27 +0900] "GET /home/meetourpartners/all.do HTTP/1.1" 200 101569
159.203.101.95 - - [15/Feb/2020:01:27:27 +0900] "GET /home/news/news/list.do HTTP/1.1" 200 7091
159.203.101.95 - - [15/Feb/2020:01:27:27 +0900] "GET /home/contact/contact.do HTTP/1.1" 200 5224
159.203.101.95 - - [15/Feb/2020:01:27:29 +0900] "GET /home/about/about.do HTTP/1.1" 200 14216
159.203.101.95 - - [15/Feb/2020:01:27:29 +0900] "GET /home/news/news/view.do?num=1 HTTP/1.1" 200 8971
159.203.101.95 - - [15/Feb/2020:01:27:29 +0900] "GET /home/news/news/view.do?num=2 HTTP/1.1" 200 6974
159.203.101.95 - - [15/Feb/2020:01:27:29 +0900] "GET /home/news/news/view.do?num=3 HTTP/1.1" 200 5573
159.203.101.95 - - [15/Feb/2020:01:27:29 +0900] "GET /home/watwedo/philosophy.do HTTP/1.1" 200 7162
207.46.13.182 - - [15/Feb/2020:01:33:56 +0900] "GET /error/kr/error.jsp HTTP/1.1" 500 3570
82.117.194.229 - - [15/Feb/2020:01:35:04 +0900] "GET /error/kr/error.jsp HTTP/1.1" 500 3570
207.46.13.67 - - [15/Feb/2020:01:44:55 +0900] "GET /error/kr/error.jsp HTTP/1.1" 500 3570
34.239.240.24 - - [15/Feb/2020:01:46:46 +0900] "GET /index.jsp HTTP/1.1" 302 -
34.239.240.24 - - [15/Feb/2020:01:46:46 +0900] "GET /home/main/main.do HTTP/1.1" 200 12222
34.239.240.24 - - [15/Feb/2020:01:46:46 +0900] "GET /home/main/main.do HTTP/1.1" 200 12222
34.239.240.24 - - [15/Feb/2020:01:46:47 +0900] "GET /home/main/main.do HTTP/1.1" 200 12222
39.104.235.66 - - [15/Feb/2020:01:47:05 +0900] "GET /error/kr/error.jsp HTTP/1.1" 500 3570
207.46.13.77 - - [15/Feb/2020:01:50:09 +0900] "GET /error/kr/error.jsp HTTP/1.1" 500 3570
77.75.76.163 - - [15/Feb/2020:02:06:34 +0900] "GET /error/kr/error.jsp HTTP/1.1" 500 3570
66.249.64.214 - - [15/Feb/2020:02:11:20 +0900] "GET /error/kr/error.jsp HTTP/1.1" 500 3570
180.163.220.4 - - [15/Feb/2020:02:29:19 +0900] "GET /home/en/main/main.do HTTP/1.1" 200 11080
180.163.220.66 - - [15/Feb/2020:02:29:43 +0900] "GET /index.jsp HTTP/1.1" 302 -
180.163.220.66 - - [15/Feb/2020:02:29:43 +0900] "GET /home/main/main.do HTTP/1.1" 200 8898
180.163.220.66 - - [15/Feb/2020:02:29:53 +0900] "GET /error/kr/error.jsp HTTP/1.1" 500 3570
193.111.62.163 - - [15/Feb/2020:02:36:00 +0900] "GET /home/news/news/list.do HTTP/1.1" 200 7091
42.236.10.93 - - [15/Feb/2020:02:43:51 +0900] "GET /index.jsp HTTP/1.1" 302 -
42.236.10.93 - - [15/Feb/2020:02:43:51 +0900] "GET /home/main/main.do HTTP/1.1" 200 12222
42.236.10.93 - - [15/Feb/2020:02:47:12 +0900] "GET /home/main/main.do HTTP/1.1" 200 12222
18.204.227.94 - - [15/Feb/2020:02:49:37 +0900] "GET /error/kr/error.jsp HTTP/1.1" 500 3570
18.204.227.94 - - [15/Feb/2020:02:49:37 +0900] "GET /home/en/about/about.do HTTP/1.1" 200 14811
18.204.227.94 - - [15/Feb/2020:02:49:54 +0900] "GET /error/kr/error.jsp HTTP/1.1" 500 3570
18.204.227.94 - - [15/Feb/2020:02:49:55 +0900] "GET /home/main/main.do HTTP/1.1" 200 12222
157.55.39.43 - - [15/Feb/2020:02:51:01 +0900] "GET /error/kr/error.jsp HTTP/1.1" 500 3570
18.204.227.94 - - [15/Feb/2020:03:09:35 +0900] "GET /error/kr/error.jsp HTTP/1.1" 500 3570
18.204.227.94 - - [15/Feb/2020:03:09:35 +0900] "GET /home/en/watwedo/philosophy.do HTTP/1.1" 200 7112
52.23.247.96 - - [15/Feb/2020:03:10:18 +0900] "GET /error/kr/error.jsp HTTP/1.1" 500 3570
52.23.247.96 - - [15/Feb/2020:03:10:20 +0900] "GET /error/kr/error.jsp HTTP/1.1" 500 3570
157.55.39.43 - - [15/Feb/2020:03:11:34 +0900] "GET /error/kr/error.jsp HTTP/1.1" 500 3570
207.46.13.67 - - [15/Feb/2020:03:12:18 +0900] "GET /error/kr/error.jsp HTTP/1.1" 500 3570
207.46.13.67 - - [15/Feb/2020:03:16:28 +0900] "GET /error/kr/error.jsp HTTP/1.1" 500 3570
40.77.167.116 - - [15/Feb/2020:03:22:46 +0900] "GET /home/en/about/about.do HTTP/1.1" 200 16658
34.223.114.243 - - [15/Feb/2020:03:23:02 +0900] "GET /home/en/whoweare/korea.do HTTP/1.1" 200 43296
207.46.13.67 - - [15/Feb/2020:03:26:21 +0900] "GET /error/kr/error.jsp HTTP/1.1" 500 3570
80.82.65.187 - - [15/Feb/2020:03:27:46 +0900] "GET /error/kr/error.jsp HTTP/1.1" 500 3570
193.111.62.163 - - [15/Feb/2020:03:31:44 +0900] "GET /home/news/news/list.do HTTP/1.1" 200 7091
34.70.90.194 - - [15/Feb/2020:03:50:12 +0900] "GET /index.jsp HTTP/1.1" 302 -
77.75.77.54 - - [15/Feb/2020:03:50:40 +0900] "GET /error/kr/error.jsp HTTP/1.1" 500 3570
207.46.13.182 - - [15/Feb/2020:03:54:19 +0900] "GET /error/kr/error.jsp HTTP/1.1" 500 3570
66.249.72.22 - - [15/Feb/2020:03:58:55 +0900] "GET /error/kr/error.jsp HTTP/1.1" 500 3570
151.236.57.247 - - [15/Feb/2020:04:05:08 +0900] "GET /error/kr/error.jsp HTTP/1.1" 500 3570
167.71.64.45 - - [15/Feb/2020:04:17:06 +0900] "GET /index.jsp HTTP/1.1" 302 -
119.207.72.165 - - [15/Feb/2020:04:20:10 +0900] "GET /home/en/main/main.do HTTP/1.1" 200 11080
193.111.62.163 - - [15/Feb/2020:04:21:41 +0900] "GET /home/news/news/list.do HTTP/1.1" 200 7091
207.46.13.67 - - [15/Feb/2020:04:24:24 +0900] "GET /error/kr/error.jsp HTTP/1.1" 500 3570
144.168.162.250 - - [15/Feb/2020:04:26:31 +0900] "GET /index.jsp HTTP/1.1" 302 -
144.168.162.250 - - [15/Feb/2020:04:26:32 +0900] "GET /home/main/main.do HTTP/1.1" 200 12222
207.46.13.77 - - [15/Feb/2020:04:26:32 +0900] "GET /error/kr/error.jsp HTTP/1.1" 500 3570
40.77.167.116 - - [15/Feb/2020:04:38:20 +0900] "GET /error/kr/error.jsp HTTP/1.1" 500 3570
39.99.130.255 - - [15/Feb/2020:04:55:34 +0900] "GET /error/kr/error.jsp HTTP/1.1" 500 3570
39.99.130.255 - - [15/Feb/2020:04:55:34 +0900] "GET /error/kr/error.jsp HTTP/1.1" 500 3570
39.99.130.255 - - [15/Feb/2020:04:55:34 +0900] "GET /error/kr/error.jsp HTTP/1.1" 500 3570
39.99.130.255 - - [15/Feb/2020:04:55:35 +0900] "GET /error/kr/error.jsp HTTP/1.1" 500 3570
39.99.130.255 - - [15/Feb/2020:04:55:35 +0900] "GET /error/kr/error.jsp HTTP/1.1" 500 3570
39.99.130.255 - - [15/Feb/2020:04:55:35 +0900] "GET /error/kr/error.jsp HTTP/1.1" 500 3570
119.207.72.67 - - [15/Feb/2020:04:58:52 +0900] "GET /home/main/main.do HTTP/1.1" 200 12222
5.188.84.66 - - [15/Feb/2020:05:03:01 +0900] "GET /home/en/about/about.do HTTP/1.0" 200 14811
151.236.57.247 - - [15/Feb/2020:05:09:29 +0900] "GET /error/kr/error.jsp HTTP/1.1" 500 3570
45.33.66.85 - - [15/Feb/2020:05:12:24 +0900] "GET /error/kr/error.jsp HTTP/1.1" 500 3570
193.111.62.163 - - [15/Feb/2020:05:19:51 +0900] "GET /home/news/news/list.do HTTP/1.1" 200 7091
35.237.129.181 - - [15/Feb/2020:05:27:20 +0900] "GET /error/kr/error.jsp HTTP/1.0" 500 3570
35.237.129.181 - - [15/Feb/2020:05:27:20 +0900] "GET /index.jsp HTTP/1.0" 302 -
35.237.129.181 - - [15/Feb/2020:05:27:21 +0900] "GET /error/kr/error.jsp HTTP/1.0" 500 3570
35.237.129.181 - - [15/Feb/2020:05:27:21 +0900] "GET /home/en/main/main.do HTTP/1.0" 200 11080
196.52.43.76 - - [15/Feb/2020:05:29:52 +0900] "GET /index.jsp HTTP/1.1" 302 -
40.77.167.116 - - [15/Feb/2020:05:32:19 +0900] "GET /error/kr/error.jsp HTTP/1.1" 500 3570
35.237.129.181 - - [15/Feb/2020:05:35:25 +0900] "GET /error/kr/error.jsp HTTP/1.0" 500 3570
35.237.129.181 - - [15/Feb/2020:05:35:25 +0900] "GET /index.jsp HTTP/1.0" 302 -
35.237.129.181 - - [15/Feb/2020:05:35:26 +0900] "GET /error/kr/error.jsp HTTP/1.0" 500 3570
35.237.129.181 - - [15/Feb/2020:05:35:26 +0900] "GET /home/en/main/main.do HTTP/1.0" 200 11080
207.46.13.182 - - [15/Feb/2020:05:37:00 +0900] "GET /error/kr/error.jsp HTTP/1.1" 500 3570
54.167.220.86 - - [15/Feb/2020:05:42:14 +0900] "GET /index.jsp HTTP/1.1" 302 -
54.167.220.86 - - [15/Feb/2020:05:42:14 +0900] "GET /home/main/main.do HTTP/1.1" 200 12222
54.167.220.86 - - [15/Feb/2020:05:42:14 +0900] "GET /home/main/main.do HTTP/1.1" 200 12222
54.167.220.86 - - [15/Feb/2020:05:42:15 +0900] "GET /home/main/main.do HTTP/1.1" 200 12222
66.249.72.20 - - [15/Feb/2020:05:49:52 +0900] "GET /error/kr/error.jsp HTTP/1.1" 500 3570
66.249.72.18 - - [15/Feb/2020:05:55:56 +0900] "GET /error/kr/error.jsp HTTP/1.1" 500 3570
38.99.62.91 - - [15/Feb/2020:06:00:31 +0900] "GET /home/en/meetourpartners/all.do HTTP/1.1" 200 95227
38.99.62.91 - - [15/Feb/2020:06:01:11 +0900] "GET /home/meetourpartners/all.do HTTP/1.1" 200 101569
38.99.62.91 - - [15/Feb/2020:06:02:30 +0900] "GET /home/meetourpartners/all.do HTTP/1.1" 200 101569
38.99.62.91 - - [15/Feb/2020:06:02:55 +0900] "GET /home/meetourpartners/all.do HTTP/1.1" 200 101569
38.99.62.91 - - [15/Feb/2020:06:03:35 +0900] "GET /home/news/news/view.do?page=2&num=18 HTTP/1.1" 200 9137
38.99.62.91 - - [15/Feb/2020:06:04:00 +0900] "GET /home/news/news/view.do?page=2&num=19 HTTP/1.1" 200 6164
38.99.62.91 - - [15/Feb/2020:06:05:05 +0900] "GET /home/meetourpartners/all.do HTTP/1.1" 200 101569
38.99.62.91 - - [15/Feb/2020:06:05:44 +0900] "GET /home/news/news/view.do?page=&num=5 HTTP/1.1" 200 9109
38.99.62.91 - - [15/Feb/2020:06:06:24 +0900] "GET /home/news/news/view.do?page=&num=6 HTTP/1.1" 200 9118
38.99.62.91 - - [15/Feb/2020:06:07:03 +0900] "GET /home/news/news/view.do?page=&num=5 HTTP/1.1" 200 9109
38.99.62.91 - - [15/Feb/2020:06:07:29 +0900] "GET /home/news/news/view.do?page=2&num=10 HTTP/1.1" 200 6756
38.99.62.91 - - [15/Feb/2020:06:08:08 +0900] "GET /home/meetourpartners/all.do HTTP/1.1" 200 101569
38.99.62.91 - - [15/Feb/2020:06:08:48 +0900] "GET /home/news/news/view.do?page=2&num=9 HTTP/1.1" 200 9135
38.99.62.91 - - [15/Feb/2020:06:09:27 +0900] "GET /home/news/news/view.do?page=2&num=10 HTTP/1.1" 200 6756
38.99.62.91 - - [15/Feb/2020:06:10:07 +0900] "GET /home/news/news/view.do?page=&num=6 HTTP/1.1" 200 9118
38.99.62.91 - - [15/Feb/2020:06:10:47 +0900] "GET /home/en/meetourpartners/all.do HTTP/1.1" 200 95227
38.99.62.91 - - [15/Feb/2020:06:11:26 +0900] "GET /home/news/news/view.do?page=&num=7 HTTP/1.1" 200 5545
93.183.129.65 - - [15/Feb/2020:06:12:34 +0900] "GET /index.jsp HTTP/1.1" 302 -
38.99.62.91 - - [15/Feb/2020:06:12:45 +0900] "GET /home/news/news/view.do?page=&num=8 HTTP/1.1" 200 9166
38.99.62.91 - - [15/Feb/2020:06:14:05 +0900] "GET /home/news/news/view.do?page=&num=9 HTTP/1.1" 200 9132
38.99.62.91 - - [15/Feb/2020:06:14:44 +0900] "GET /home/meetourpartners/all.do HTTP/1.1" 200 101569
38.99.62.91 - - [15/Feb/2020:06:15:24 +0900] "GET /home/news/news/view.do?page=&num=8 HTTP/1.1" 200 9166
47.195.1.77 - - [15/Feb/2020:06:15:35 +0900] "GET /error/kr/error.jsp HTTP/1.1" 500 3570
38.99.62.91 - - [15/Feb/2020:06:16:03 +0900] "GET /home/en/meetourpartners/all.do HTTP/1.1" 200 95227
38.99.62.91 - - [15/Feb/2020:06:16:45 +0900] "GET /home/news/news/view.do?page=&num=9 HTTP/1.1" 200 9132
38.99.62.91 - - [15/Feb/2020:06:17:25 +0900] "GET /home/news/news/view.do?page=&num=10 HTTP/1.1" 200 6753
38.99.62.91 - - [15/Feb/2020:06:18:04 +0900] "GET /home/news/news/view.do?page=&num=9 HTTP/1.1" 200 9132
38.99.62.91 - - [15/Feb/2020:06:18:30 +0900] "GET /home/news/news/view.do?page=&num=10 HTTP/1.1" 200 6753
38.99.62.91 - - [15/Feb/2020:06:19:09 +0900] "GET /home/news/news/view.do?page=&num=11 HTTP/1.1" 200 5545
38.99.62.91 - - [15/Feb/2020:06:20:28 +0900] "GET /home/news/news/view.do?page=&num=12 HTTP/1.1" 200 9080
38.99.62.91 - - [15/Feb/2020:06:21:07 +0900] "GET /home/news/news/view.do?page=&num=11 HTTP/1.1" 200 5545
38.99.62.91 - - [15/Feb/2020:06:21:33 +0900] "GET /home/en/meetourpartners/all.do HTTP/1.1" 200 95227
193.111.62.163 - - [15/Feb/2020:06:22:09 +0900] "GET /home/news/news/list.do HTTP/1.1" 200 7091
38.99.62.91 - - [15/Feb/2020:06:22:12 +0900] "GET /home/news/news/view.do?page=&num=12 HTTP/1.1" 200 9080
38.99.62.91 - - [15/Feb/2020:06:22:52 +0900] "GET /home/news/news/view.do?page=&num=13 HTTP/1.1" 200 9156
38.99.62.91 - - [15/Feb/2020:06:23:31 +0900] "GET /home/news/news/view.do?page=&num=12 HTTP/1.1" 200 9080
40.77.167.116 - - [15/Feb/2020:06:23:33 +0900] "GET /error/kr/error.jsp HTTP/1.1" 500 3570
38.99.62.91 - - [15/Feb/2020:06:24:11 +0900] "GET /home/news/news/view.do?page=&num=13 HTTP/1.1" 200 9156
38.99.62.91 - - [15/Feb/2020:06:24:50 +0900] "GET /home/news/news/view.do?page=&num=14 HTTP/1.1" 200 6733
38.99.62.91 - - [15/Feb/2020:06:25:30 +0900] "GET /home/news/news/view.do?page=&num=13 HTTP/1.1" 200 9156
38.99.62.91 - - [15/Feb/2020:06:26:09 +0900] "GET /home/news/news/view.do?page=&num=14 HTTP/1.1" 200 6733
38.99.62.91 - - [15/Feb/2020:06:26:35 +0900] "GET /home/news/news/view.do?page=&num=15 HTTP/1.1" 200 9178
38.99.62.91 - - [15/Feb/2020:06:27:14 +0900] "GET /home/meetourpartners/all.do HTTP/1.1" 200 101569
38.99.62.91 - - [15/Feb/2020:06:27:54 +0900] "GET /home/meetourpartners/all.do HTTP/1.1" 200 101569
38.99.62.91 - - [15/Feb/2020:06:28:33 +0900] "GET /home/meetourpartners/all.do HTTP/1.1" 200 101569
38.99.62.91 - - [15/Feb/2020:06:29:13 +0900] "GET /home/news/news/view.do?page=&num=14 HTTP/1.1" 200 6733
38.99.62.91 - - [15/Feb/2020:06:29:52 +0900] "GET /home/news/news/view.do?page=&num=15 HTTP/1.1" 200 9178
38.99.62.91 - - [15/Feb/2020:06:30:18 +0900] "GET /home/news/news/view.do?page=&num=16 HTTP/1.1" 200 5663
38.99.62.91 - - [15/Feb/2020:06:30:57 +0900] "GET /home/news/news/view.do?page=&num=15 HTTP/1.1" 200 9178
38.99.62.91 - - [15/Feb/2020:06:31:37 +0900] "GET /home/en/meetourpartners/all.do HTTP/1.1" 200 95227
38.99.62.91 - - [15/Feb/2020:06:32:17 +0900] "GET /home/news/news/view.do?page=&num=16 HTTP/1.1" 200 5663
38.99.62.91 - - [15/Feb/2020:06:32:56 +0900] "GET /home/meetourpartners/all.do HTTP/1.1" 200 101569
38.99.62.91 - - [15/Feb/2020:06:33:36 +0900] "GET /home/news/news/view.do?page=&num=17 HTTP/1.1" 200 5758
38.99.62.91 - - [15/Feb/2020:06:34:15 +0900] "GET /home/news/news/view.do?page=&num=16 HTTP/1.1" 200 5663
38.99.62.91 - - [15/Feb/2020:06:34:41 +0900] "GET /home/news/news/view.do?page=&num=17 HTTP/1.1" 200 5758
38.99.62.91 - - [15/Feb/2020:06:35:20 +0900] "GET /home/news/news/view.do?page=&num=18 HTTP/1.1" 200 9134
38.99.62.91 - - [15/Feb/2020:06:36:00 +0900] "GET /home/news/news/view.do?page=&num=17 HTTP/1.1" 200 5758
38.99.62.91 - - [15/Feb/2020:06:36:39 +0900] "GET /home/meetourpartners/all.do HTTP/1.1" 200 101569
38.99.62.91 - - [15/Feb/2020:06:37:19 +0900] "GET /home/news/news/view.do?page=&num=18 HTTP/1.1" 200 9134
220.181.108.176 - - [15/Feb/2020:06:37:26 +0900] "GET /home/en/main/main.do HTTP/1.1" 200 8279
220.181.108.86 - - [15/Feb/2020:06:37:26 +0900] "GET /error/kr/error.jsp HTTP/1.1" 500 3762
111.206.198.90 - - [15/Feb/2020:06:37:30 +0900] "GET /error/kr/error.jsp HTTP/1.1" 500 3762
38.99.62.91 - - [15/Feb/2020:06:37:58 +0900] "GET /home/news/news/view.do?page=&num=19 HTTP/1.1" 200 6162
38.99.62.91 - - [15/Feb/2020:06:38:24 +0900] "GET /home/news/news/view.do?page=&num=18 HTTP/1.1" 200 9134
38.99.62.91 - - [15/Feb/2020:06:39:03 +0900] "GET /home/news/news/view.do?page=&num=19 HTTP/1.1" 200 6162
38.99.62.91 - - [15/Feb/2020:06:40:08 +0900] "GET /home/news/news/view.do?page=&num=10 HTTP/1.1" 200 6753
38.99.62.91 - - [15/Feb/2020:06:40:47 +0900] "GET /home/news/news/view.do?page=&num=7 HTTP/1.1" 200 5545
38.99.62.91 - - [15/Feb/2020:06:41:13 +0900] "GET /home/news/news/view.do?page=&num=6 HTTP/1.1" 200 9118
38.99.62.91 - - [15/Feb/2020:06:41:38 +0900] "GET /home/news/news/view.do?page=1&num=12 HTTP/1.1" 200 9083
38.99.62.91 - - [15/Feb/2020:06:42:18 +0900] "GET /home/news/news/view.do?page=1&num=13 HTTP/1.1" 200 9159
38.99.62.91 - - [15/Feb/2020:06:42:43 +0900] "GET /home/meetourpartners/all.do HTTP/1.1" 200 101569
50.111.14.144 - - [15/Feb/2020:06:43:15 +0900] "GET /home/en/whoweare/korea.do HTTP/1.1" 200 29641
38.99.62.91 - - [15/Feb/2020:06:43:23 +0900] "GET /home/meetourpartners/all.do HTTP/1.1" 200 101569
38.99.62.91 - - [15/Feb/2020:06:44:02 +0900] "GET /home/news/news/view.do?page=1&num=13 HTTP/1.1" 200 9159
38.99.62.91 - - [15/Feb/2020:06:44:28 +0900] "GET /home/news/news/view.do?page=1&num=14 HTTP/1.1" 200 6736
38.99.62.91 - - [15/Feb/2020:06:44:53 +0900] "GET /home/news/news/view.do?page=1&num=13 HTTP/1.1" 200 9159
50.111.14.144 - - [15/Feb/2020:06:45:27 +0900] "GET /home/en/watwedo/overview.do HTTP/1.1" 200 6156
38.99.62.91 - - [15/Feb/2020:06:45:33 +0900] "GET /home/news/news/view.do?page=1&num=14 HTTP/1.1" 200 6736
125.209.235.176 - - [15/Feb/2020:06:45:41 +0900] "GET /error/kr/error.jsp HTTP/1.1" 500 3570
125.209.235.185 - - [15/Feb/2020:06:45:44 +0900] "GET /index.jsp HTTP/1.1" 302 -
125.209.235.185 - - [15/Feb/2020:06:45:44 +0900] "GET /home/main/main.do HTTP/1.1" 200 12222
50.111.14.144 - - [15/Feb/2020:06:45:46 +0900] "GET /home/en/watwedo/history.do HTTP/1.1" 200 10541
50.111.14.144 - - [15/Feb/2020:06:45:53 +0900] "GET /home/en/watwedo/philosophy.do HTTP/1.1" 200 7112
38.99.62.91 - - [15/Feb/2020:06:46:12 +0900] "GET /home/meetourpartners/all.do HTTP/1.1" 200 101569
50.111.14.144 - - [15/Feb/2020:06:46:17 +0900] "GET /home/en/whoweare/korea.do HTTP/1.1" 200 29641
50.111.14.144 - - [15/Feb/2020:06:46:23 +0900] "GET /home/en/meetourpartners/all.do HTTP/1.1" 200 95227
38.99.62.91 - - [15/Feb/2020:06:46:52 +0900] "GET /home/news/news/view.do?page=1&num=15 HTTP/1.1" 200 9181
50.111.14.144 - - [15/Feb/2020:06:47:01 +0900] "GET /home/en/about/about.do HTTP/1.1" 200 14811
207.46.13.77 - - [15/Feb/2020:06:47:34 +0900] "GET /error/kr/error.jsp HTTP/1.1" 500 3570
38.99.62.91 - - [15/Feb/2020:06:48:11 +0900] "GET /home/news/news/view.do?page=1&num=16 HTTP/1.1" 200 5666
38.99.62.91 - - [15/Feb/2020:06:48:36 +0900] "GET /home/news/news/view.do?page=1&num=15 HTTP/1.1" 200 9181
38.99.62.91 - - [15/Feb/2020:06:49:15 +0900] "GET /home/news/news/view.do?page=1&num=16 HTTP/1.1" 200 5666
66.249.72.22 - - [15/Feb/2020:06:49:55 +0900] "GET /error/kr/error.jsp HTTP/1.1" 500 3570
38.99.62.91 - - [15/Feb/2020:06:49:55 +0900] "GET /home/news/news/view.do?page=1&num=17 HTTP/1.1" 200 5761
38.99.62.91 - - [15/Feb/2020:06:50:34 +0900] "GET /home/news/news/view.do?page=1&num=16 HTTP/1.1" 200 5666
38.99.62.91 - - [15/Feb/2020:06:51:14 +0900] "GET /home/news/news/view.do?page=1&num=17 HTTP/1.1" 200 5761
207.46.13.182 - - [15/Feb/2020:06:51:53 +0900] "GET /error/kr/error.jsp HTTP/1.1" 500 3570
38.99.62.91 - - [15/Feb/2020:06:51:53 +0900] "GET /home/news/news/view.do?page=1&num=18 HTTP/1.1" 200 9137
38.99.62.91 - - [15/Feb/2020:06:52:19 +0900] "GET /home/news/news/view.do?page=1&num=17 HTTP/1.1" 200 5761
38.99.62.91 - - [15/Feb/2020:06:52:58 +0900] "GET /home/news/news/view.do?page=1&num=18 HTTP/1.1" 200 9137
38.99.62.91 - - [15/Feb/2020:06:53:38 +0900] "GET /home/news/news/view.do?page=1&num=19 HTTP/1.1" 200 6164
38.99.62.91 - - [15/Feb/2020:06:54:17 +0900] "GET /home/news/news/view.do?page=1&num=18 HTTP/1.1" 200 9137
103.82.235.2 - - [15/Feb/2020:06:54:48 +0900] "GET /error/kr/error.jsp HTTP/1.1" 500 3570
38.99.62.91 - - [15/Feb/2020:06:54:57 +0900] "GET /home/news/news/view.do?page=1&num=19 HTTP/1.1" 200 6164
38.99.62.91 - - [15/Feb/2020:06:55:36 +0900] "GET /home/meetourpartners/all.do HTTP/1.1" 200 101569
207.46.13.77 - - [15/Feb/2020:06:55:50 +0900] "GET /error/kr/error.jsp HTTP/1.1" 500 3570
207.46.13.182 - - [15/Feb/2020:06:55:56 +0900] "GET /error/kr/error.jsp HTTP/1.1" 500 3570
207.46.13.67 - - [15/Feb/2020:06:56:13 +0900] "GET /error/kr/error.jsp HTTP/1.1" 500 3570
38.99.62.91 - - [15/Feb/2020:06:56:16 +0900] "GET /home/news/news/view.do?page=1&num=19 HTTP/1.1" 200 6164
38.99.62.91 - - [15/Feb/2020:06:56:55 +0900] "GET /home/news/news/view.do?page=1&num=14 HTTP/1.1" 200 6736
38.99.62.91 - - [15/Feb/2020:06:57:34 +0900] "GET /home/news/news/view.do?page=1&num=12 HTTP/1.1" 200 9083
38.99.62.91 - - [15/Feb/2020:06:58:14 +0900] "GET /home/news/news/view.do?page=2&num=10 HTTP/1.1" 200 6756
38.99.62.91 - - [15/Feb/2020:06:58:53 +0900] "GET /home/news/news/view.do?page=2&num=9 HTTP/1.1" 200 9135
38.99.62.91 - - [15/Feb/2020:06:59:33 +0900] "GET /home/news/news/view.do?page=2&num=10 HTTP/1.1" 200 6756
40.77.167.116 - - [15/Feb/2020:06:59:47 +0900] "GET /error/kr/error.jsp HTTP/1.1" 500 3570
38.99.62.91 - - [15/Feb/2020:07:00:12 +0900] "GET /home/news/news/view.do?page=&num=6 HTTP/1.1" 200 9118
38.99.62.91 - - [15/Feb/2020:07:00:52 +0900] "GET /home/en/meetourpartners/all.do HTTP/1.1" 200 95227
121.254.147.237 - - [15/Feb/2020:07:03:25 +0900] "GET /index.jsp HTTP/1.1" 302 -
121.254.147.237 - - [15/Feb/2020:07:03:25 +0900] "GET /home/en/main/main.do HTTP/1.1" 200 11080
5.188.84.130 - - [15/Feb/2020:07:03:47 +0900] "GET /home/meetourpartners/all.do HTTP/1.0" 200 101569
207.46.13.182 - - [15/Feb/2020:07:09:33 +0900] "GET /error/kr/error.jsp HTTP/1.1" 500 3570
34.74.28.37 - - [15/Feb/2020:07:16:55 +0900] "GET /error/kr/error.jsp HTTP/1.0" 500 3570
34.74.28.37 - - [15/Feb/2020:07:16:55 +0900] "GET /index.jsp HTTP/1.0" 302 -
34.74.28.37 - - [15/Feb/2020:07:16:55 +0900] "GET /error/kr/error.jsp HTTP/1.0" 500 3570
34.74.28.37 - - [15/Feb/2020:07:16:56 +0900] "GET /home/en/main/main.do HTTP/1.0" 200 11080
193.111.62.163 - - [15/Feb/2020:07:22:11 +0900] "GET /home/news/news/list.do HTTP/1.1" 200 7091
119.207.72.77 - - [15/Feb/2020:07:22:20 +0900] "GET /home/en/whoweare/korea.do HTTP/1.1" 200 29641
34.74.28.37 - - [15/Feb/2020:07:25:22 +0900] "GET /error/kr/error.jsp HTTP/1.0" 500 3570
34.74.28.37 - - [15/Feb/2020:07:25:23 +0900] "GET /index.jsp HTTP/1.0" 302 -
34.74.28.37 - - [15/Feb/2020:07:25:23 +0900] "GET /error/kr/error.jsp HTTP/1.0" 500 3570
34.74.28.37 - - [15/Feb/2020:07:25:24 +0900] "GET /home/en/main/main.do HTTP/1.0" 200 11080
66.249.69.251 - - [15/Feb/2020:07:30:39 +0900] "GET /error/kr/error.jsp HTTP/1.1" 500 3762
171.120.149.90 - - [15/Feb/2020:07:33:37 +0900] "HEAD /index.jsp HTTP/1.1" 302 -
171.120.149.90 - - [15/Feb/2020:07:33:37 +0900] "HEAD /home/en/main/main.do HTTP/1.1" 200 -
110.177.86.97 - - [15/Feb/2020:07:33:39 +0900] "GET /index.jsp HTTP/1.1" 302 -
175.184.164.182 - - [15/Feb/2020:07:33:41 +0900] "CONNECT /index.jsp HTTP/1.1" 405 1105
111.224.235.245 - - [15/Feb/2020:07:33:42 +0900] "CONNECT /index.jsp HTTP/1.1" 405 1105
113.128.105.188 - - [15/Feb/2020:07:33:42 +0900] "GET /index.jsp HTTP/1.1" 302 -
112.80.138.203 - - [15/Feb/2020:07:33:42 +0900] "GET /hsp/out_of_service.jsp?custcode=055109945957 HTTP/1.0" 404 3570
106.45.1.246 - - [15/Feb/2020:07:33:45 +0900] "CONNECT /index.jsp HTTP/1.1" 405 1105
220.200.158.119 - - [15/Feb/2020:07:33:45 +0900] "GET /index.jsp HTTP/1.1" 302 -
60.13.7.160 - - [15/Feb/2020:07:33:46 +0900] "CONNECT /index.jsp HTTP/1.1" 405 1105
111.224.220.119 - - [15/Feb/2020:07:33:46 +0900] "GET /index.jsp HTTP/1.1" 302 -
17.58.96.164 - - [15/Feb/2020:07:44:29 +0900] "GET /error/kr/error.jsp HTTP/1.1" 500 3570
103.131.71.140 - - [15/Feb/2020:07:54:41 +0900] "GET /error/kr/error.jsp HTTP/1.1" 500 3570
82.202.161.133 - - [15/Feb/2020:07:57:59 +0900] "GET /index.jsp HTTP/1.1" 302 -
82.202.161.133 - - [15/Feb/2020:07:58:01 +0900] "GET /home/main/main.do HTTP/1.1" 200 12222
35.190.164.199 - - [15/Feb/2020:08:00:06 +0900] "GET /error/kr/error.jsp HTTP/1.0" 500 3570
35.190.164.199 - - [15/Feb/2020:08:00:07 +0900] "GET /index.jsp HTTP/1.0" 302 -
35.190.164.199 - - [15/Feb/2020:08:00:07 +0900] "GET /error/kr/error.jsp HTTP/1.0" 500 3570
35.190.164.199 - - [15/Feb/2020:08:00:07 +0900] "GET /home/en/main/main.do HTTP/1.0" 200 11080
75.119.196.29 - - [15/Feb/2020:08:07:55 +0900] "GET /error/kr/error.jsp HTTP/1.1" 500 3570
35.190.164.199 - - [15/Feb/2020:08:07:55 +0900] "GET /error/kr/error.jsp HTTP/1.0" 500 3570
35.190.164.199 - - [15/Feb/2020:08:07:56 +0900] "GET /index.jsp HTTP/1.0" 302 -
35.190.164.199 - - [15/Feb/2020:08:07:56 +0900] "GET /error/kr/error.jsp HTTP/1.0" 500 3570
35.190.164.199 - - [15/Feb/2020:08:07:56 +0900] "GET /home/en/main/main.do HTTP/1.0" 200 11080
74.208.56.209 - - [15/Feb/2020:08:13:58 +0900] "GET /error/kr/error.jsp HTTP/1.1" 500 3570
157.55.39.43 - - [15/Feb/2020:08:15:33 +0900] "GET /error/kr/error.jsp HTTP/1.1" 500 3570
40.77.167.116 - - [15/Feb/2020:08:15:37 +0900] "GET /error/kr/error.jsp HTTP/1.1" 500 3570
193.111.62.163 - - [15/Feb/2020:08:19:52 +0900] "GET /home/news/news/list.do HTTP/1.1" 200 7091
43.242.128.33 - - [15/Feb/2020:08:20:57 +0900] "GET /error/kr/error.jsp HTTP/1.1" 500 3570
18.209.211.3 - - [15/Feb/2020:08:21:14 +0900] "GET /index.jsp HTTP/1.1" 302 -
18.209.211.3 - - [15/Feb/2020:08:21:15 +0900] "GET /home/main/main.do HTTP/1.1" 200 12222
18.209.211.3 - - [15/Feb/2020:08:21:15 +0900] "GET /home/main/main.do HTTP/1.1" 200 12222
18.209.211.3 - - [15/Feb/2020:08:21:16 +0900] "GET /home/main/main.do HTTP/1.1" 200 12222
216.244.66.242 - - [15/Feb/2020:08:27:42 +0900] "GET /error/kr/error.jsp HTTP/1.1" 500 3762
50.63.197.35 - - [15/Feb/2020:08:27:47 +0900] "GET /error/kr/error.jsp HTTP/1.1" 500 3570
74.208.56.193 - - [15/Feb/2020:08:34:44 +0900] "GET /error/kr/error.jsp HTTP/1.1" 500 3570
105.212.95.30 - - [15/Feb/2020:08:40:53 +0900] "GET /index.jsp HTTP/1.1" 302 -
166.62.117.102 - - [15/Feb/2020:08:41:28 +0900] "GET /error/kr/error.jsp HTTP/1.1" 500 3570
207.46.13.182 - - [15/Feb/2020:08:42:19 +0900] "GET /error/kr/error.jsp HTTP/1.1" 500 3570
119.207.72.69 - - [15/Feb/2020:08:50:12 +0900] "GET /home/watwedo/overview.do HTTP/1.1" 200 6147
193.111.62.163 - - [15/Feb/2020:09:18:34 +0900] "GET /home/news/news/list.do HTTP/1.1" 200 7091
66.249.69.249 - - [15/Feb/2020:09:30:50 +0900] "GET /error/kr/error.jsp HTTP/1.1" 500 3762
178.128.78.70 - - [15/Feb/2020:09:35:41 +0900] "GET /error/kr/error.jsp HTTP/1.1" 500 3570
178.128.78.70 - - [15/Feb/2020:09:35:41 +0900] "GET /error/kr/error.jsp HTTP/1.1" 500 3570
178.128.78.70 - - [15/Feb/2020:09:35:42 +0900] "GET /error/kr/error.jsp HTTP/1.1" 500 3570
178.128.78.70 - - [15/Feb/2020:09:35:42 +0900] "GET /error/kr/error.jsp HTTP/1.1" 500 3570
178.128.78.70 - - [15/Feb/2020:09:35:42 +0900] "GET /error/kr/error.jsp HTTP/1.1" 500 3570
178.128.78.70 - - [15/Feb/2020:09:35:43 +0900] "GET /error/kr/error.jsp HTTP/1.1" 500 3570
119.207.72.145 - - [15/Feb/2020:09:36:30 +0900] "GET /index.jsp HTTP/1.1" 302 -
119.207.72.145 - - [15/Feb/2020:09:36:30 +0900] "GET /home/main/main.do HTTP/1.1" 200 12222
34.199.176.251 - - [15/Feb/2020:09:38:26 +0900] "GET /home/news/news/view.do?num=1 HTTP/1.1" 200 8971
34.199.176.251 - - [15/Feb/2020:09:38:26 +0900] "GET /home/news/news/view.do HTTP/1.1" 500 3570
207.46.13.182 - - [15/Feb/2020:09:41:10 +0900] "GET /error/kr/error.jsp HTTP/1.1" 500 3570
207.46.13.182 - - [15/Feb/2020:09:51:27 +0900] "GET /error/kr/error.jsp HTTP/1.1" 500 3570
5.101.0.209 - - [15/Feb/2020:09:58:46 +0900] "GET /error/kr/error.jsp HTTP/1.1" 500 3570
94.158.36.183 - - [15/Feb/2020:10:00:03 +0900] "GET /error/kr/error.jsp HTTP/1.1" 500 3570
94.158.36.183 - - [15/Feb/2020:10:00:05 +0900] "GET /error/kr/error.jsp HTTP/1.1" 500 3570
66.249.72.20 - - [15/Feb/2020:10:01:10 +0900] "GET /error/kr/error.jsp HTTP/1.1" 500 3570
45.127.51.127 - - [15/Feb/2020:10:02:54 +0900] "GET /index.jsp HTTP/1.1" 302 -
5.101.0.209 - - [15/Feb/2020:10:04:33 +0900] "GET /index.jsp?a=fetch&content=<php>die(@md5(HelloThinkCMF))</php> HTTP/1.1" 302 -
5.101.0.209 - - [15/Feb/2020:10:04:34 +0900] "GET /home/main/main.do HTTP/1.1" 200 12222
5.101.0.209 - - [15/Feb/2020:10:04:34 +0900] "GET /index.jsp?XDEBUG_SESSION_START=phpstorm HTTP/1.1" 302 -
5.101.0.209 - - [15/Feb/2020:10:04:35 +0900] "GET /home/main/main.do HTTP/1.1" 200 12222
5.101.0.209 - - [15/Feb/2020:10:08:12 +0900] "GET /error/kr/error.jsp HTTP/1.1" 500 3570
207.46.13.77 - - [15/Feb/2020:10:08:39 +0900] "GET /error/kr/error.jsp HTTP/1.1" 500 3570
180.117.82.181 - - [15/Feb/2020:10:09:56 +0900] "GET /error/kr/error.jsp HTTP/1.1" 500 3570
180.117.82.181 - - [15/Feb/2020:10:09:57 +0900] "GET /error/kr/error.jsp HTTP/1.1" 500 3570
193.111.62.163 - - [15/Feb/2020:10:20:29 +0900] "GET /home/news/news/list.do HTTP/1.1" 200 7091
119.207.72.111 - - [15/Feb/2020:10:22:23 +0900] "GET /home/main/main.do HTTP/1.1" 200 12222
157.55.39.43 - - [15/Feb/2020:10:26:02 +0900] "GET /error/kr/error.jsp HTTP/1.1" 500 3570
207.46.13.182 - - [15/Feb/2020:10:26:05 +0900] "GET /index.jsp HTTP/1.1" 302 -
173.249.22.173 - - [15/Feb/2020:10:36:04 +0900] "GET /index.jsp HTTP/1.1" 302 -
49.44.66.70 - - [15/Feb/2020:10:36:16 +0900] "GET /index.jsp HTTP/1.1" 302 -
49.44.66.70 - - [15/Feb/2020:10:36:17 +0900] "GET /home/en/main/main.do HTTP/1.1" 200 11080
45.33.66.85 - - [15/Feb/2020:10:37:23 +0900] "GET /error/kr/error.jsp HTTP/1.1" 500 3570
173.249.22.173 - - [15/Feb/2020:10:38:10 +0900] "GET /home/en/main/main.do HTTP/1.1" 200 11080
125.209.235.174 - - [15/Feb/2020:10:43:47 +0900] "GET /index.jsp HTTP/1.1" 302 -
125.209.235.174 - - [15/Feb/2020:10:43:47 +0900] "GET /home/main/main.do HTTP/1.1" 302 -
125.209.235.174 - - [15/Feb/2020:10:43:47 +0900] "GET /home/main/main.do HTTP/1.1" 200 8898
125.209.235.170 - - [15/Feb/2020:10:43:48 +0900] "GET /error/kr/error.jsp HTTP/1.1" 500 3762
125.209.235.176 - - [15/Feb/2020:10:43:51 +0900] "GET /index.jsp HTTP/1.1" 302 -
125.209.235.176 - - [15/Feb/2020:10:43:51 +0900] "GET /home/main/main.do HTTP/1.1" 200 12222
173.252.87.35 - - [15/Feb/2020:10:44:19 +0900] "GET /error/kr/error.jsp HTTP/1.1" 500 3570
207.46.13.67 - - [15/Feb/2020:10:44:57 +0900] "GET /error/kr/error.jsp HTTP/1.1" 500 3570
35.175.113.29 - - [15/Feb/2020:11:13:14 +0900] "GET /error/kr/error.jsp HTTP/1.1" 500 3570
35.175.113.29 - - [15/Feb/2020:11:13:15 +0900] "GET /home/en/contact/contact.do HTTP/1.1" 200 5187
194.153.113.100 - - [15/Feb/2020:11:13:53 +0900] "GET /error/kr/error.jsp HTTP/1.1" 500 3570
194.153.113.100 - - [15/Feb/2020:11:13:54 +0900] "GET /index.jsp HTTP/1.1" 302 -
194.153.113.100 - - [15/Feb/2020:11:13:54 +0900] "GET /home/main/main.do HTTP/1.1" 200 12222
194.153.113.100 - - [15/Feb/2020:11:13:55 +0900] "GET /error/kr/error.jsp HTTP/1.1" 500 3570
194.153.113.100 - - [15/Feb/2020:11:13:55 +0900] "HEAD /index.jsp HTTP/1.1" 302 -
194.153.113.100 - - [15/Feb/2020:11:13:56 +0900] "HEAD /home/main/main.do HTTP/1.1" 200 -
194.153.113.100 - - [15/Feb/2020:11:13:56 +0900] "GET /index.jsp HTTP/1.1" 302 -
194.153.113.100 - - [15/Feb/2020:11:13:56 +0900] "GET /home/main/main.do HTTP/1.1" 200 12222
194.153.113.100 - - [15/Feb/2020:11:13:58 +0900] "GET /error/kr/error.jsp HTTP/1.1" 500 3570
194.153.113.100 - - [15/Feb/2020:11:13:58 +0900] "GET /index.jsp HTTP/1.1" 302 -
194.153.113.100 - - [15/Feb/2020:11:13:59 +0900] "GET /home/main/main.do HTTP/1.1" 200 12222
207.46.13.182 - - [15/Feb/2020:11:14:15 +0900] "GET /error/kr/error.jsp HTTP/1.1" 500 3570
103.131.71.44 - - [15/Feb/2020:11:25:16 +0900] "GET /error/kr/error.jsp HTTP/1.1" 500 3570
103.131.71.45 - - [15/Feb/2020:11:25:18 +0900] "GET /error/kr/error.jsp HTTP/1.1" 500 3762
103.131.71.49 - - [15/Feb/2020:11:25:22 +0900] "GET /error/kr/error.jsp HTTP/1.1" 500 3570
193.111.62.163 - - [15/Feb/2020:11:28:33 +0900] "GET /home/news/news/list.do HTTP/1.1" 200 7091
91.242.162.42 - - [15/Feb/2020:11:32:24 +0900] "GET /error/kr/error.jsp HTTP/1.1" 500 3570
91.242.162.42 - - [15/Feb/2020:11:32:24 +0900] "GET /error/kr/error.jsp HTTP/1.1" 500 3570
116.58.227.12 - - [15/Feb/2020:12:04:32 +0900] "GET /index.jsp HTTP/1.1" 302 -
141.8.142.12 - - [15/Feb/2020:12:09:42 +0900] "GET /error/kr/error.jsp HTTP/1.1" 500 3570
66.249.69.249 - - [15/Feb/2020:12:10:01 +0900] "GET /error/kr/error.jsp HTTP/1.1" 500 3762
223.38.23.34 - - [15/Feb/2020:12:11:33 +0900] "GET /index.jsp HTTP/1.1" 302 -
223.38.23.34 - - [15/Feb/2020:12:11:33 +0900] "GET /home/en/main/main.do HTTP/1.1" 302 -
223.38.23.34 - - [15/Feb/2020:12:11:34 +0900] "GET /home/en/main/main.do HTTP/1.1" 200 8279
223.38.23.34 - - [15/Feb/2020:12:11:34 +0900] "GET /error/kr/error.jsp HTTP/1.1" 500 3762
223.38.23.34 - - [15/Feb/2020:12:11:41 +0900] "GET /home/en/contact/contact.do HTTP/1.1" 200 7252
34.216.175.253 - - [15/Feb/2020:12:12:06 +0900] "GET /index.jsp HTTP/1.1" 302 -
34.216.175.253 - - [15/Feb/2020:12:12:06 +0900] "GET /home/main/main.do HTTP/1.1" 200 12222
34.216.175.253 - - [15/Feb/2020:12:12:06 +0900] "GET /home/about/about.do HTTP/1.1" 200 14216
34.216.175.253 - - [15/Feb/2020:12:12:06 +0900] "GET /home/en/main/main.do HTTP/1.1" 200 11080
34.216.175.253 - - [15/Feb/2020:12:12:06 +0900] "GET /home/watwedo/overview.do HTTP/1.1" 200 6147
34.216.175.253 - - [15/Feb/2020:12:12:06 +0900] "GET /home/whoweare/korea.do HTTP/1.1" 200 29677
34.216.175.253 - - [15/Feb/2020:12:12:06 +0900] "GET /home/meetourpartners/all.do HTTP/1.1" 200 101569
34.216.175.253 - - [15/Feb/2020:12:12:06 +0900] "GET /home/watwedo/philosophy.do HTTP/1.1" 200 7162
112.10.81.222 - - [15/Feb/2020:12:12:08 +0900] "GET /error/kr/error.jsp HTTP/1.1" 500 3570
129.146.101.83 - - [15/Feb/2020:12:18:50 +0900] "GET /index.jsp HTTP/1.0" 302 -
49.233.160.137 - - [15/Feb/2020:12:18:56 +0900] "GET /index.jsp HTTP/1.1" 302 -
49.233.160.137 - - [15/Feb/2020:12:18:56 +0900] "GET /home/main/main.do HTTP/1.1" 200 12222
17.58.96.118 - - [15/Feb/2020:12:19:25 +0900] "GET /error/kr/error.jsp HTTP/1.1" 500 3570
193.111.62.163 - - [15/Feb/2020:12:20:10 +0900] "GET /home/news/news/list.do HTTP/1.1" 200 7091
119.207.72.70 - - [15/Feb/2020:12:21:29 +0900] "GET /home/whoweare/korea.do HTTP/1.1" 200 29677
66.249.69.253 - - [15/Feb/2020:12:42:27 +0900] "GET /error/kr/error.jsp HTTP/1.1" 500 3762
122.112.206.233 - - [15/Feb/2020:12:43:58 +0900] "GET /index.jsp HTTP/1.1" 302 -
122.112.206.233 - - [15/Feb/2020:12:43:59 +0900] "GET /home/main/main.do HTTP/1.1" 200 12222
122.112.206.233 - - [15/Feb/2020:12:43:59 +0900] "GET /index.jsp HTTP/1.1" 302 -
122.112.206.233 - - [15/Feb/2020:12:43:59 +0900] "GET /home/main/main.do HTTP/1.1" 200 12222
122.112.206.233 - - [15/Feb/2020:12:44:00 +0900] "GET /error/kr/error.jsp HTTP/1.1" 500 3570
122.112.206.233 - - [15/Feb/2020:12:44:00 +0900] "GET /console/login/LoginForm.jsp HTTP/1.1" 404 3570
122.112.206.233 - - [15/Feb/2020:12:44:01 +0900] "GET /error/kr/error.jsp HTTP/1.1" 500 3570
122.112.206.233 - - [15/Feb/2020:12:44:02 +0900] "GET /error/kr/error.jsp HTTP/1.1" 500 3570
122.112.206.233 - - [15/Feb/2020:12:44:02 +0900] "GET /error/kr/error.jsp HTTP/1.1" 500 3570
122.112.206.233 - - [15/Feb/2020:12:44:03 +0900] "GET /error/kr/error.jsp HTTP/1.1" 500 3570
122.112.206.233 - - [15/Feb/2020:12:44:03 +0900] "GET /error/kr/error.jsp HTTP/1.1" 500 3570
122.112.206.233 - - [15/Feb/2020:12:44:03 +0900] "GET /error/kr/error.jsp HTTP/1.1" 500 3570
207.46.13.182 - - [15/Feb/2020:12:44:58 +0900] "GET /error/kr/error.jsp HTTP/1.1" 500 3570
118.189.8.16 - - [15/Feb/2020:12:47:00 +0900] "GET /error/kr/error.jsp HTTP/1.1" 500 3570
222.231.30.115 - - [15/Feb/2020:12:50:50 +0900] "GET /index.jsp HTTP/1.1" 302 -
222.231.30.115 - - [15/Feb/2020:12:50:51 +0900] "GET /home/main/main.do HTTP/1.1" 200 12222
222.231.30.115 - - [15/Feb/2020:12:50:52 +0900] "GET /home/main/main.do HTTP/1.1" 200 12222
222.231.30.115 - - [15/Feb/2020:12:50:53 +0900] "GET /home/main/main.do HTTP/1.1" 200 12222
120.84.11.42 - - [15/Feb/2020:12:55:45 +0900] "GET /error/kr/error.jsp HTTP/1.1" 500 3570
207.46.13.67 - - [15/Feb/2020:12:59:27 +0900] "GET /error/kr/error.jsp HTTP/1.1" 500 3570
94.158.36.183 - - [15/Feb/2020:12:59:39 +0900] "GET /error/kr/error.jsp HTTP/1.1" 500 3570
94.158.36.183 - - [15/Feb/2020:12:59:40 +0900] "GET /error/kr/error.jsp HTTP/1.1" 500 3570
223.62.216.165 - - [15/Feb/2020:13:00:23 +0900] "GET /index.jsp HTTP/1.1" 302 -
223.62.216.165 - - [15/Feb/2020:13:00:23 +0900] "GET /home/main/main.do HTTP/1.1" 302 -
223.62.216.165 - - [15/Feb/2020:13:00:23 +0900] "GET /home/main/main.do HTTP/1.1" 200 8898
223.62.216.165 - - [15/Feb/2020:13:00:24 +0900] "GET /error/kr/error.jsp HTTP/1.1" 500 3762
223.62.216.165 - - [15/Feb/2020:13:00:32 +0900] "GET /home/whoweare/korea.do HTTP/1.1" 200 43261
34.208.141.48 - - [15/Feb/2020:13:00:52 +0900] "GET /error/kr/error.jsp HTTP/1.1" 500 3570
194.60.254.243 - - [15/Feb/2020:13:01:12 +0900] "GET /error/kr/error.jsp HTTP/1.0" 500 3570
110.70.56.253 - - [15/Feb/2020:13:01:44 +0900] "GET /index.jsp HTTP/1.1" 302 -
110.70.56.253 - - [15/Feb/2020:13:01:44 +0900] "GET /home/main/main.do HTTP/1.1" 302 -
110.70.56.253 - - [15/Feb/2020:13:01:45 +0900] "GET /home/main/main.do HTTP/1.1" 200 8898
110.70.56.253 - - [15/Feb/2020:13:01:45 +0900] "GET /error/kr/error.jsp HTTP/1.1" 500 3762
223.62.216.165 - - [15/Feb/2020:13:01:56 +0900] "GET /home/whoweare/china.do HTTP/1.1" 200 11536
207.46.13.77 - - [15/Feb/2020:13:02:28 +0900] "GET /error/kr/error.jsp HTTP/1.1" 500 3570
110.70.56.253 - - [15/Feb/2020:13:02:48 +0900] "GET /home/watwedo/overview.do HTTP/1.1" 200 7044
40.77.167.116 - - [15/Feb/2020:13:02:52 +0900] "GET /error/kr/error.jsp HTTP/1.1" 500 3570
207.46.13.182 - - [15/Feb/2020:13:09:25 +0900] "GET /error/kr/error.jsp HTTP/1.1" 500 3570
193.111.62.163 - - [15/Feb/2020:13:12:24 +0900] "GET /home/news/news/list.do HTTP/1.1" 200 7091
207.46.13.182 - - [15/Feb/2020:13:14:33 +0900] "GET /error/kr/error.jsp HTTP/1.1" 500 3570
113.77.195.155 - - [15/Feb/2020:13:19:13 +0900] "GET /error/kr/error.jsp HTTP/1.1" 500 3570
207.46.13.77 - - [15/Feb/2020:13:27:19 +0900] "GET /error/kr/error.jsp HTTP/1.1" 500 3570
17.58.96.118 - - [15/Feb/2020:13:29:16 +0900] "GET /home/watwedo/philosophy.do HTTP/1.1" 200 7162
207.46.13.182 - - [15/Feb/2020:13:32:28 +0900] "GET /error/kr/error.jsp HTTP/1.1" 500 3570
51.15.191.180 - - [15/Feb/2020:13:39:36 +0900] "GET /error/kr/error.jsp HTTP/1.1" 500 3570
51.15.191.180 - - [15/Feb/2020:13:39:58 +0900] "GET /home/en/about/about.do HTTP/1.1" 200 14811
51.15.191.180 - - [15/Feb/2020:13:40:20 +0900] "GET /home/news/news/list.do HTTP/1.1" 200 7091
51.15.191.180 - - [15/Feb/2020:13:40:43 +0900] "GET /home/contact/contact.do HTTP/1.1" 200 5224
51.15.191.180 - - [15/Feb/2020:13:41:05 +0900] "GET /home/en/main/main.do HTTP/1.1" 200 11080
51.15.191.180 - - [15/Feb/2020:13:41:27 +0900] "GET /home/meetourpartners/all.do HTTP/1.1" 200 101569
51.15.191.180 - - [15/Feb/2020:13:41:50 +0900] "GET /home/en/meetourpartners/all.do HTTP/1.1" 200 95227
23.100.232.233 - - [15/Feb/2020:13:42:12 +0900] "GET /home/en/main/main.do HTTP/1.1" 200 11080
51.15.191.180 - - [15/Feb/2020:13:42:13 +0900] "GET /home/news/news/view.do?page=1&num=14 HTTP/1.1" 200 6736
51.15.191.180 - - [15/Feb/2020:13:42:35 +0900] "GET /home/news/news/view.do?page=&num=7 HTTP/1.1" 200 5545
66.249.69.253 - - [15/Feb/2020:13:42:54 +0900] "GET /error/kr/error.jsp HTTP/1.1" 500 3762
51.15.191.180 - - [15/Feb/2020:13:42:57 +0900] "GET /home/news/news/view.do?page=2&num=8 HTTP/1.1" 200 9169
66.249.72.20 - - [15/Feb/2020:13:52:55 +0900] "GET /error/kr/error.jsp HTTP/1.1" 500 3570
66.249.69.249 - - [15/Feb/2020:13:52:59 +0900] "GET /error/kr/error.jsp HTTP/1.1" 500 3762
66.249.69.249 - - [15/Feb/2020:14:02:57 +0900] "GET /error/kr/error.jsp HTTP/1.1" 500 3762
118.119.102.176 - - [15/Feb/2020:14:08:26 +0900] "GET /index.jsp HTTP/1.1" 302 -
118.119.102.176 - - [15/Feb/2020:14:08:26 +0900] "GET /home/en/main/main.do HTTP/1.1" 200 11080
66.249.72.20 - - [15/Feb/2020:14:12:42 +0900] "GET /error/kr/error.jsp HTTP/1.1" 500 3570
66.249.69.249 - - [15/Feb/2020:14:12:55 +0900] "GET /error/kr/error.jsp HTTP/1.1" 500 3762
123.125.71.41 - - [15/Feb/2020:14:13:36 +0900] "GET /index.jsp HTTP/1.1" 302 -
220.181.51.118 - - [15/Feb/2020:14:14:29 +0900] "GET /error/kr/error.jsp HTTP/1.1" 500 3762
193.111.62.163 - - [15/Feb/2020:14:16:33 +0900] "GET /home/news/news/list.do HTTP/1.1" 200 7091
87.13.144.191 - - [15/Feb/2020:14:16:41 +0900] "GET /index.jsp HTTP/1.1" 302 -
64.209.89.103 - - [15/Feb/2020:14:19:51 +0900] "GET /index.jsp HTTP/1.0" 302 -
23.100.232.233 - - [15/Feb/2020:14:20:09 +0900] "GET /home/en/main/main.do HTTP/1.1" 200 11080
66.249.69.249 - - [15/Feb/2020:14:22:39 +0900] "GET /error/kr/error.jsp HTTP/1.1" 500 3762
66.249.69.249 - - [15/Feb/2020:14:32:39 +0900] "GET /error/kr/error.jsp HTTP/1.1" 500 3762
66.249.72.22 - - [15/Feb/2020:14:42:35 +0900] "GET /error/kr/error.jsp HTTP/1.1" 500 3570
54.208.102.37 - - [15/Feb/2020:14:44:20 +0900] "GET /index.jsp HTTP/1.1" 302 -
54.208.102.37 - - [15/Feb/2020:14:44:20 +0900] "GET /home/en/main/main.do HTTP/1.1" 200 11080
192.234.235.103 - - [15/Feb/2020:14:57:58 +0900] "GET /index.jsp HTTP/1.0" 302 -
121.254.147.237 - - [15/Feb/2020:15:12:33 +0900] "GET /index.jsp HTTP/1.1" 302 -
121.254.147.237 - - [15/Feb/2020:15:12:33 +0900] "GET /home/en/main/main.do HTTP/1.1" 200 11080
179.182.20.176 - - [15/Feb/2020:15:17:10 +0900] "GET /index.jsp HTTP/1.1" 302 -
66.249.72.22 - - [15/Feb/2020:15:19:58 +0900] "GET /error/kr/error.jsp HTTP/1.1" 500 3570
66.249.73.124 - - [15/Feb/2020:15:19:59 +0900] "GET /error/kr/error.jsp HTTP/1.1" 500 3570
220.181.51.101 - - [15/Feb/2020:15:20:16 +0900] "GET /index.jsp HTTP/1.1" 302 -
220.181.51.82 - - [15/Feb/2020:15:20:17 +0900] "GET /home/en/main/main.do HTTP/1.1" 200 11080
193.111.62.163 - - [15/Feb/2020:15:25:55 +0900] "GET /home/news/news/list.do HTTP/1.1" 200 7091
52.231.157.192 - - [15/Feb/2020:15:29:50 +0900] "GET /error/kr/error.jsp HTTP/1.1" 500 3570
52.231.157.192 - - [15/Feb/2020:15:29:50 +0900] "GET /error/kr/error.jsp HTTP/1.1" 500 3570
34.74.184.118 - - [15/Feb/2020:15:34:12 +0900] "GET /error/kr/error.jsp HTTP/1.0" 500 3570
34.74.184.118 - - [15/Feb/2020:15:34:12 +0900] "GET /home/en/about/about.do HTTP/1.0" 200 14811
34.74.184.118 - - [15/Feb/2020:15:40:10 +0900] "GET /error/kr/error.jsp HTTP/1.0" 500 3570
34.74.184.118 - - [15/Feb/2020:15:40:10 +0900] "GET /home/en/watwedo/overview.do HTTP/1.0" 200 6156
34.74.184.118 - - [15/Feb/2020:15:41:13 +0900] "GET /error/kr/error.jsp HTTP/1.0" 500 3570
34.74.184.118 - - [15/Feb/2020:15:41:13 +0900] "GET /home/main/main.do HTTP/1.0" 200 12222
1.220.37.251 - - [15/Feb/2020:15:42:25 +0900] "GET /index.jsp HTTP/1.1" 302 -
1.220.37.251 - - [15/Feb/2020:15:42:25 +0900] "GET /home/main/main.do HTTP/1.1" 200 12222
119.207.72.73 - - [15/Feb/2020:15:45:05 +0900] "GET /index.jsp HTTP/1.1" 302 -
119.207.72.73 - - [15/Feb/2020:15:45:05 +0900] "GET /home/main/main.do HTTP/1.1" 200 12222
119.207.72.71 - - [15/Feb/2020:15:45:08 +0900] "GET /index.jsp HTTP/1.1" 302 -
119.207.72.71 - - [15/Feb/2020:15:45:08 +0900] "GET /home/main/main.do HTTP/1.1" 200 12222
192.241.220.215 - - [15/Feb/2020:15:46:05 +0900] "GET /index.jsp HTTP/1.1" 302 -
34.74.184.118 - - [15/Feb/2020:15:46:15 +0900] "GET /error/kr/error.jsp HTTP/1.0" 500 3570
34.74.184.118 - - [15/Feb/2020:15:46:16 +0900] "GET /home/en/meetourpartners/all.do HTTP/1.0" 200 95227
119.204.99.195 - - [15/Feb/2020:15:47:50 +0900] "GET /index.jsp HTTP/1.1" 302 -
119.204.99.195 - - [15/Feb/2020:15:47:50 +0900] "GET /home/main/main.do HTTP/1.1" 200 12222
119.204.99.195 - - [15/Feb/2020:15:49:20 +0900] "GET /home/whoweare/korea.do HTTP/1.1" 200 29677
34.74.184.118 - - [15/Feb/2020:15:56:17 +0900] "GET /error/kr/error.jsp HTTP/1.0" 500 3570
34.74.184.118 - - [15/Feb/2020:15:56:18 +0900] "GET /home/en/watwedo/philosophy.do HTTP/1.0" 200 7112
120.228.100.52 - - [15/Feb/2020:15:57:13 +0900] "GET /error/kr/error.jsp HTTP/1.1" 500 3570
125.209.235.179 - - [15/Feb/2020:15:58:19 +0900] "GET /index.jsp HTTP/1.1" 302 -
125.209.235.179 - - [15/Feb/2020:15:58:20 +0900] "GET /home/main/main.do HTTP/1.1" 200 12222
34.74.184.118 - - [15/Feb/2020:16:00:18 +0900] "GET /error/kr/error.jsp HTTP/1.0" 500 3570
34.74.184.118 - - [15/Feb/2020:16:00:18 +0900] "GET /home/en/whoweare/korea.do HTTP/1.0" 200 29641
66.249.72.22 - - [15/Feb/2020:16:00:55 +0900] "GET /error/kr/error.jsp HTTP/1.1" 500 3570
45.33.66.85 - - [15/Feb/2020:16:02:24 +0900] "GET /error/kr/error.jsp HTTP/1.1" 500 3570
34.74.184.118 - - [15/Feb/2020:16:02:55 +0900] "GET /error/kr/error.jsp HTTP/1.0" 500 3570
34.74.184.118 - - [15/Feb/2020:16:02:55 +0900] "GET /home/en/contact/contact.do HTTP/1.0" 200 5187
23.100.232.233 - - [15/Feb/2020:16:03:27 +0900] "GET /home/about/about.do HTTP/1.1" 200 14216
34.74.184.118 - - [15/Feb/2020:16:03:46 +0900] "GET /error/kr/error.jsp HTTP/1.0" 500 3570
34.74.184.118 - - [15/Feb/2020:16:03:46 +0900] "GET /home/en/meetourpartners/all.do HTTP/1.0" 200 95227
34.74.184.118 - - [15/Feb/2020:16:03:50 +0900] "GET /error/kr/error.jsp HTTP/1.0" 500 3570
34.74.184.118 - - [15/Feb/2020:16:03:51 +0900] "GET /home/en/watwedo/overview.do HTTP/1.0" 200 6156
34.74.184.118 - - [15/Feb/2020:16:03:52 +0900] "GET /error/kr/error.jsp HTTP/1.0" 500 3570
34.74.184.118 - - [15/Feb/2020:16:03:52 +0900] "GET /home/en/whoweare/korea.do HTTP/1.0" 200 29641
34.74.184.118 - - [15/Feb/2020:16:03:54 +0900] "GET /error/kr/error.jsp HTTP/1.0" 500 3570
34.74.184.118 - - [15/Feb/2020:16:03:54 +0900] "GET /home/en/about/about.do HTTP/1.0" 200 14811
34.74.184.118 - - [15/Feb/2020:16:03:56 +0900] "GET /error/kr/error.jsp HTTP/1.0" 500 3570
34.74.184.118 - - [15/Feb/2020:16:03:56 +0900] "GET /home/en/contact/contact.do HTTP/1.0" 200 5187
34.74.184.118 - - [15/Feb/2020:16:03:58 +0900] "GET /error/kr/error.jsp HTTP/1.0" 500 3570
34.74.184.118 - - [15/Feb/2020:16:03:58 +0900] "GET /home/en/watwedo/philosophy.do HTTP/1.0" 200 7112
34.74.184.118 - - [15/Feb/2020:16:04:00 +0900] "GET /error/kr/error.jsp HTTP/1.0" 500 3570
34.74.184.118 - - [15/Feb/2020:16:04:00 +0900] "GET /home/main/main.do HTTP/1.0" 200 12222
110.177.73.168 - - [15/Feb/2020:16:12:20 +0900] "HEAD /index.jsp HTTP/1.1" 302 -
110.177.73.168 - - [15/Feb/2020:16:12:20 +0900] "HEAD /home/en/main/main.do HTTP/1.1" 200 -
219.140.118.247 - - [15/Feb/2020:16:12:21 +0900] "GET /index.jsp HTTP/1.1" 302 -
175.184.164.104 - - [15/Feb/2020:16:12:21 +0900] "CONNECT /index.jsp HTTP/1.1" 405 1105
221.13.12.215 - - [15/Feb/2020:16:12:21 +0900] "CONNECT /index.jsp HTTP/1.1" 405 1105
119.118.13.22 - - [15/Feb/2020:16:12:23 +0900] "GET /index.jsp HTTP/1.1" 302 -
123.138.77.54 - - [15/Feb/2020:16:12:24 +0900] "CONNECT /index.jsp HTTP/1.1" 405 1105
175.184.165.73 - - [15/Feb/2020:16:12:26 +0900] "GET /index.jsp HTTP/1.1" 302 -
182.88.77.250 - - [15/Feb/2020:16:12:27 +0900] "GET /error/kr/error.jsp HTTP/1.1" 500 3570
60.208.209.195 - - [15/Feb/2020:16:12:28 +0900] "GET /index.jsp HTTP/1.1" 302 -
60.208.209.195 - - [15/Feb/2020:16:12:28 +0900] "GET /home/en/main/main.do HTTP/1.1" 200 11080
111.224.234.77 - - [15/Feb/2020:16:12:29 +0900] "GET /index.jsp HTTP/1.1" 302 -
222.94.212.176 - - [15/Feb/2020:16:12:32 +0900] "CONNECT /index.jsp HTTP/1.1" 405 1105
211.176.121.178 - - [15/Feb/2020:16:14:11 +0900] "GET /index.jsp HTTP/1.1" 302 -
211.176.121.178 - - [15/Feb/2020:16:14:11 +0900] "GET /home/main/main.do HTTP/1.1" 302 -
211.176.121.178 - - [15/Feb/2020:16:14:12 +0900] "GET /home/main/main.do HTTP/1.1" 200 8898
