66.249.79.38 - - [09/Apr/2020:00:04:06 +0900] "GET /error/kr/error.jsp HTTP/1.1" 500 3762
40.77.167.44 - - [09/Apr/2020:00:06:36 +0900] "GET /error/kr/error.jsp HTTP/1.1" 500 3570
40.77.167.144 - - [09/Apr/2020:00:10:50 +0900] "GET /error/kr/error.jsp HTTP/1.1" 500 3570
35.239.58.193 - - [09/Apr/2020:00:14:28 +0900] "GET /error/kr/error.jsp HTTP/1.1" 500 3570
92.118.161.33 - - [09/Apr/2020:00:22:20 +0900] "GET /index.jsp HTTP/1.0" 302 -
61.105.86.37 - - [09/Apr/2020:00:24:43 +0900] "GET /index.jsp HTTP/1.1" 302 -
61.105.86.37 - - [09/Apr/2020:00:24:43 +0900] "GET /home/main/main.do HTTP/1.1" 302 -
61.105.86.37 - - [09/Apr/2020:00:24:43 +0900] "GET /home/main/main.do HTTP/1.1" 200 12006
61.105.86.37 - - [09/Apr/2020:00:24:44 +0900] "GET /error/kr/error.jsp HTTP/1.1" 500 3762
61.105.86.37 - - [09/Apr/2020:00:24:44 +0900] "GET /error/kr/error.jsp HTTP/1.1" 500 3762
91.240.109.1 - - [09/Apr/2020:00:35:05 +0900] "GET /index.jsp HTTP/1.1" 302 -
91.240.109.1 - - [09/Apr/2020:00:35:06 +0900] "GET /home/main/main.do HTTP/1.1" 200 14903
129.204.24.99 - - [09/Apr/2020:00:37:02 +0900] "GET /error/kr/error.jsp HTTP/1.1" 500 3570
193.111.62.163 - - [09/Apr/2020:00:40:19 +0900] "GET /home/news/news/list.do HTTP/1.1" 200 7100
66.249.79.38 - - [09/Apr/2020:00:42:18 +0900] "GET /error/kr/error.jsp HTTP/1.1" 500 3762
34.222.210.128 - - [09/Apr/2020:00:45:25 +0900] "GET /home/en/about/about.do HTTP/1.1" 200 17199
34.222.210.128 - - [09/Apr/2020:00:45:26 +0900] "GET /home/en/whoweare/korea.do HTTP/1.1" 200 29641
35.246.9.30 - - [09/Apr/2020:00:47:13 +0900] "GET /index.jsp HTTP/1.1" 302 -
35.246.9.30 - - [09/Apr/2020:00:47:13 +0900] "GET /home/main/main.do HTTP/1.1" 200 14903
35.185.65.223 - - [09/Apr/2020:00:47:16 +0900] "GET /error/kr/error.jsp HTTP/1.1" 500 3570
35.185.65.223 - - [09/Apr/2020:00:47:26 +0900] "GET /index.jsp?ref=hexometer HTTP/1.1" 302 -
35.185.65.223 - - [09/Apr/2020:00:47:26 +0900] "GET /home/main/main.do HTTP/1.1" 200 14903
35.185.65.223 - - [09/Apr/2020:00:47:28 +0900] "GET /error/kr/error.jsp HTTP/1.1" 500 3570
222.122.190.80 - - [09/Apr/2020:00:57:49 +0900] "GET /index.jsp HTTP/1.1" 302 -
222.122.190.80 - - [09/Apr/2020:00:57:49 +0900] "GET /home/main/main.do HTTP/1.1" 200 14903
222.122.190.80 - - [09/Apr/2020:00:57:49 +0900] "GET /index.jsp HTTP/1.1" 302 -
222.122.190.80 - - [09/Apr/2020:00:57:49 +0900] "GET /home/main/main.do HTTP/1.1" 200 14903
222.122.190.80 - - [09/Apr/2020:00:57:49 +0900] "GET /error/kr/error.jsp HTTP/1.1" 500 3570
192.241.239.10 - - [09/Apr/2020:01:00:24 +0900] "GET /error/kr/error.jsp HTTP/1.1" 500 3570
212.154.109.15 - - [09/Apr/2020:01:02:22 +0900] "GET /index.jsp HTTP/1.1" 302 -
45.63.95.2 - - [09/Apr/2020:01:19:02 +0900] "GET /index.jsp HTTP/1.1" 302 -
193.111.62.163 - - [09/Apr/2020:01:29:07 +0900] "GET /home/news/news/list.do HTTP/1.1" 200 7100
66.249.79.38 - - [09/Apr/2020:01:32:22 +0900] "GET /error/kr/error.jsp HTTP/1.1" 500 3762
129.204.24.99 - - [09/Apr/2020:01:37:56 +0900] "HEAD /index.jsp?s=www.guangdongymcl.cn HTTP/1.1" 302 -
129.204.24.99 - - [09/Apr/2020:01:37:56 +0900] "HEAD /home/main/main.do HTTP/1.1" 200 -
40.77.167.144 - - [09/Apr/2020:01:42:47 +0900] "GET /error/kr/error.jsp HTTP/1.1" 500 3570
180.163.220.67 - - [09/Apr/2020:01:44:20 +0900] "GET /home/en/main/main.do HTTP/1.1" 200 11542
180.163.220.67 - - [09/Apr/2020:01:45:35 +0900] "GET /index.jsp HTTP/1.1" 302 -
180.163.220.67 - - [09/Apr/2020:01:45:39 +0900] "GET /home/main/main.do HTTP/1.1" 200 12006
180.163.220.67 - - [09/Apr/2020:01:45:52 +0900] "GET /index.jsp HTTP/1.1" 302 -
180.163.220.67 - - [09/Apr/2020:01:45:52 +0900] "GET /home/main/main.do HTTP/1.1" 200 12006
180.163.220.3 - - [09/Apr/2020:01:45:57 +0900] "GET /error/kr/error.jsp HTTP/1.1" 500 3570
180.163.220.3 - - [09/Apr/2020:01:45:58 +0900] "GET /error/kr/error.jsp HTTP/1.1" 500 3570
40.77.167.153 - - [09/Apr/2020:01:47:08 +0900] "GET /error/kr/error.jsp HTTP/1.1" 500 3570
40.77.167.153 - - [09/Apr/2020:01:48:53 +0900] "GET /error/kr/error.jsp HTTP/1.1" 500 3570
54.166.211.78 - - [09/Apr/2020:01:49:18 +0900] "GET /error/kr/error.jsp HTTP/1.1" 500 3570
54.166.211.78 - - [09/Apr/2020:01:49:19 +0900] "GET /error/kr/error.jsp HTTP/1.1" 500 3570
208.91.109.90 - - [09/Apr/2020:01:50:53 +0900] "GET /error/kr/error.jsp HTTP/1.0" 500 3570
208.100.26.246 - - [09/Apr/2020:01:51:42 +0900] "GET /error/kr/error.jsp HTTP/1.1" 500 3762
208.100.26.246 - - [09/Apr/2020:01:51:42 +0900] "GET /error/kr/error.jsp HTTP/1.1" 500 3762
93.117.13.34 - - [09/Apr/2020:01:55:02 +0900] "GET /index.jsp HTTP/1.1" 302 -
93.117.13.34 - - [09/Apr/2020:01:55:02 +0900] "GET /index.jsp HTTP/1.1" 302 -
42.236.10.78 - - [09/Apr/2020:01:57:52 +0900] "GET /home/en/meetourpartners/all.do HTTP/1.1" 200 95227
180.163.220.3 - - [09/Apr/2020:02:01:21 +0900] "GET /home/en/whoweare/korea.do HTTP/1.1" 200 29641
180.163.220.3 - - [09/Apr/2020:02:01:28 +0900] "GET /home/en/whoweare/china.do HTTP/1.1" 200 10353
180.163.220.68 - - [09/Apr/2020:02:01:37 +0900] "GET /home/en/whoweare/korea.do HTTP/1.1" 200 29641
180.163.220.3 - - [09/Apr/2020:02:01:44 +0900] "GET /home/en/whoweare/china.do HTTP/1.1" 200 10353
180.163.220.5 - - [09/Apr/2020:02:01:45 +0900] "GET /home/en/whoweare/china.do HTTP/1.1" 200 10353
180.163.220.67 - - [09/Apr/2020:02:01:49 +0900] "GET /home/en/whoweare/korea.do HTTP/1.1" 200 29641
180.163.220.5 - - [09/Apr/2020:02:01:49 +0900] "GET /home/en/whoweare/korea.do HTTP/1.1" 200 29641
66.249.79.34 - - [09/Apr/2020:02:01:59 +0900] "GET /error/kr/error.jsp HTTP/1.1" 500 3762
66.249.88.33 - - [09/Apr/2020:02:04:29 +0900] "GET /home/en/whoweare/korea.do HTTP/1.1" 200 43296
66.249.79.142 - - [09/Apr/2020:02:04:45 +0900] "GET /error/kr/error.jsp HTTP/1.1" 500 3570
190.94.151.207 - - [09/Apr/2020:02:05:10 +0900] "GET /index.jsp HTTP/1.1" 302 -
207.46.13.227 - - [09/Apr/2020:02:09:59 +0900] "GET /error/kr/error.jsp HTTP/1.1" 500 3570
40.77.167.190 - - [09/Apr/2020:02:10:10 +0900] "GET /error/kr/error.jsp HTTP/1.1" 500 3570
207.46.13.227 - - [09/Apr/2020:02:13:04 +0900] "GET /error/kr/error.jsp HTTP/1.1" 500 3570
66.249.79.61 - - [09/Apr/2020:02:14:34 +0900] "GET /error/kr/error.jsp HTTP/1.1" 500 3762
119.207.72.156 - - [09/Apr/2020:02:17:20 +0900] "GET /index.jsp HTTP/1.1" 302 -
119.207.72.156 - - [09/Apr/2020:02:17:20 +0900] "GET /home/main/main.do HTTP/1.1" 200 14903
40.77.167.190 - - [09/Apr/2020:02:23:22 +0900] "GET /error/kr/error.jsp HTTP/1.1" 500 3570
66.249.64.210 - - [09/Apr/2020:02:24:42 +0900] "GET /error/kr/error.jsp HTTP/1.1" 500 3570
103.82.235.2 - - [09/Apr/2020:02:26:42 +0900] "GET /error/kr/error.jsp HTTP/1.1" 500 3570
40.77.167.190 - - [09/Apr/2020:02:27:31 +0900] "GET /error/kr/error.jsp HTTP/1.1" 500 3570
193.111.62.163 - - [09/Apr/2020:02:29:46 +0900] "GET /home/news/news/list.do HTTP/1.1" 200 7100
129.204.24.99 - - [09/Apr/2020:02:38:07 +0900] "GET /error/kr/error.jsp HTTP/1.1" 500 3570
129.204.24.99 - - [09/Apr/2020:02:38:43 +0900] "HEAD /index.jsp?s=www.guangdongymcn.cn HTTP/1.1" 302 -
129.204.24.99 - - [09/Apr/2020:02:38:43 +0900] "HEAD /home/main/main.do HTTP/1.1" 200 -
40.77.167.153 - - [09/Apr/2020:02:43:43 +0900] "GET /error/kr/error.jsp HTTP/1.1" 500 3570
120.37.9.36 - - [09/Apr/2020:02:44:00 +0900] "GET /error/kr/error.jsp HTTP/1.1" 500 3762
40.77.167.190 - - [09/Apr/2020:02:46:56 +0900] "GET /error/kr/error.jsp HTTP/1.1" 500 3570
5.188.84.125 - - [09/Apr/2020:02:51:29 +0900] "GET /index.jsp HTTP/1.1" 302 -
5.188.84.125 - - [09/Apr/2020:02:51:30 +0900] "GET /home/en/main/main.do HTTP/1.1" 200 11542
3.86.30.87 - - [09/Apr/2020:02:55:11 +0900] "GET /home/en/contact/contact.do HTTP/1.1" 200 5187
66.249.64.208 - - [09/Apr/2020:02:55:20 +0900] "GET /error/kr/error.jsp HTTP/1.1" 500 3570
3.86.30.87 - - [09/Apr/2020:02:55:34 +0900] "HEAD /home/en/contact/contact.do HTTP/1.1" 200 -
158.69.241.223 - - [09/Apr/2020:02:58:44 +0900] "GET /index.jsp HTTP/1.1" 302 -
158.69.241.223 - - [09/Apr/2020:02:58:45 +0900] "GET /home/main/main.do HTTP/1.1" 200 14903
119.207.72.117 - - [09/Apr/2020:03:13:33 +0900] "GET /home/news/news/list.do HTTP/1.1" 200 7100
208.100.26.244 - - [09/Apr/2020:03:14:42 +0900] "GET /error/kr/error.jsp HTTP/1.1" 500 3570
208.100.26.244 - - [09/Apr/2020:03:14:42 +0900] "GET /error/kr/error.jsp HTTP/1.1" 500 3570
157.55.39.15 - - [09/Apr/2020:03:16:20 +0900] "GET /error/kr/error.jsp HTTP/1.1" 500 3762
207.46.13.227 - - [09/Apr/2020:03:16:26 +0900] "GET /home/about/about.do HTTP/1.1" 200 15757
121.254.147.237 - - [09/Apr/2020:03:21:03 +0900] "GET /index.jsp HTTP/1.1" 302 -
121.254.147.237 - - [09/Apr/2020:03:21:03 +0900] "GET /home/en/main/main.do HTTP/1.1" 200 11542
193.111.62.163 - - [09/Apr/2020:03:24:55 +0900] "GET /home/news/news/list.do HTTP/1.1" 200 7100
129.204.24.99 - - [09/Apr/2020:03:40:25 +0900] "GET /error/kr/error.jsp HTTP/1.1" 500 3570
129.204.24.99 - - [09/Apr/2020:03:40:56 +0900] "HEAD /index.jsp?s=www.xianggangymc.cn HTTP/1.1" 302 -
129.204.24.99 - - [09/Apr/2020:03:40:56 +0900] "HEAD /home/main/main.do HTTP/1.1" 200 -
40.77.167.190 - - [09/Apr/2020:03:41:08 +0900] "GET /error/kr/error.jsp HTTP/1.1" 500 3570
188.165.213.26 - - [09/Apr/2020:03:41:15 +0900] "GET /index.jsp HTTP/1.0" 302 -
188.165.213.26 - - [09/Apr/2020:03:41:15 +0900] "GET /home/main/main.do HTTP/1.0" 200 14903
104.225.219.177 - - [09/Apr/2020:03:45:20 +0900] "GET /index.jsp HTTP/1.1" 302 -
104.225.219.177 - - [09/Apr/2020:03:45:21 +0900] "GET /home/main/main.do HTTP/1.1" 200 14903
68.183.182.101 - - [09/Apr/2020:03:46:34 +0900] "GET /error/kr/error.jsp HTTP/1.1" 500 3762
142.93.202.188 - - [09/Apr/2020:03:46:58 +0900] "GET /error/kr/error.jsp HTTP/1.1" 500 3762
66.249.64.84 - - [09/Apr/2020:04:15:36 +0900] "GET /error/kr/error.jsp HTTP/1.1" 500 3762
193.111.62.163 - - [09/Apr/2020:04:25:13 +0900] "GET /home/news/news/list.do HTTP/1.1" 200 7100
66.249.64.208 - - [09/Apr/2020:04:29:59 +0900] "GET /error/kr/error.jsp HTTP/1.1" 500 3570
61.98.78.11 - - [09/Apr/2020:04:33:35 +0900] "GET /index.jsp HTTP/1.1" 302 -
61.98.78.11 - - [09/Apr/2020:04:33:35 +0900] "GET /home/main/main.do HTTP/1.1" 302 -
61.98.78.11 - - [09/Apr/2020:04:33:35 +0900] "GET /home/main/main.do HTTP/1.1" 200 12006
61.98.78.11 - - [09/Apr/2020:04:33:35 +0900] "GET /error/kr/error.jsp HTTP/1.1" 500 3762
61.98.78.11 - - [09/Apr/2020:04:33:35 +0900] "GET /error/kr/error.jsp HTTP/1.1" 500 3762
61.98.78.11 - - [09/Apr/2020:04:33:39 +0900] "GET /home/whoweare/korea.do HTTP/1.1" 200 43261
139.162.106.181 - - [09/Apr/2020:04:38:05 +0900] "GET /index.jsp HTTP/1.1" 302 -
64.233.172.39 - - [09/Apr/2020:04:39:07 +0900] "GET /index.jsp HTTP/1.1" 302 -
64.233.172.37 - - [09/Apr/2020:04:39:07 +0900] "GET /home/main/main.do HTTP/1.1" 200 14903
129.204.24.99 - - [09/Apr/2020:04:42:35 +0900] "GET /error/kr/error.jsp HTTP/1.1" 500 3570
129.204.24.99 - - [09/Apr/2020:04:43:08 +0900] "HEAD /index.jsp?s=www.guangdongymcm.cn HTTP/1.1" 302 -
129.204.24.99 - - [09/Apr/2020:04:43:08 +0900] "HEAD /home/main/main.do HTTP/1.1" 200 -
40.77.167.153 - - [09/Apr/2020:04:44:34 +0900] "GET /error/kr/error.jsp HTTP/1.1" 500 3570
77.191.204.180 - - [09/Apr/2020:04:50:57 +0900] "GET /error/kr/error.jsp HTTP/1.1" 500 3570
77.191.204.180 - - [09/Apr/2020:04:50:58 +0900] "GET /index.jsp HTTP/1.1" 302 -
77.191.204.180 - - [09/Apr/2020:04:50:58 +0900] "GET /home/en/main/main.do HTTP/1.1" 200 11542
77.191.204.180 - - [09/Apr/2020:04:51:04 +0900] "GET /home/en/about/about.do HTTP/1.1" 200 16228
77.191.204.180 - - [09/Apr/2020:04:51:05 +0900] "GET /home/en/contact/contact.do HTTP/1.1" 200 5187
40.77.167.111 - - [09/Apr/2020:04:57:37 +0900] "GET /error/kr/error.jsp HTTP/1.1" 500 3570
207.46.13.227 - - [09/Apr/2020:04:59:34 +0900] "GET /home/about/about.do HTTP/1.1" 200 15757
128.14.133.58 - - [09/Apr/2020:05:15:35 +0900] "GET /index.jsp HTTP/1.1" 302 -
128.14.133.58 - - [09/Apr/2020:05:15:35 +0900] "GET /home/main/main.do HTTP/1.1" 200 14903
119.207.72.184 - - [09/Apr/2020:05:22:09 +0900] "GET /home/about/about.do HTTP/1.1" 200 14667
119.207.72.79 - - [09/Apr/2020:05:22:12 +0900] "GET /home/about/about.do HTTP/1.1" 200 14667
193.111.62.163 - - [09/Apr/2020:05:26:31 +0900] "GET /home/news/news/list.do HTTP/1.1" 200 7100
207.46.13.227 - - [09/Apr/2020:05:29:44 +0900] "GET /index.jsp HTTP/1.1" 302 -
116.124.195.131 - - [09/Apr/2020:05:32:57 +0900] "GET /index.jsp HTTP/1.1" 302 -
116.124.195.131 - - [09/Apr/2020:05:32:57 +0900] "GET /home/main/main.do HTTP/1.1" 200 14903
116.124.195.131 - - [09/Apr/2020:05:32:57 +0900] "GET /error/kr/error.jsp HTTP/1.1" 500 3570
66.249.64.208 - - [09/Apr/2020:05:34:01 +0900] "GET /error/kr/error.jsp HTTP/1.1" 500 3570
66.249.64.206 - - [09/Apr/2020:05:43:47 +0900] "GET /error/kr/error.jsp HTTP/1.1" 500 3570
129.204.24.99 - - [09/Apr/2020:05:44:39 +0900] "GET /error/kr/error.jsp HTTP/1.1" 500 3570
129.204.24.99 - - [09/Apr/2020:05:45:11 +0900] "HEAD /index.jsp?s=www.guangdongymco.cn HTTP/1.1" 302 -
129.204.24.99 - - [09/Apr/2020:05:45:11 +0900] "HEAD /home/main/main.do HTTP/1.1" 200 -
46.119.174.102 - - [09/Apr/2020:05:53:25 +0900] "GET /index.jsp HTTP/1.1" 302 -
46.119.174.102 - - [09/Apr/2020:05:53:25 +0900] "GET /index.jsp HTTP/1.1" 302 -
46.119.174.102 - - [09/Apr/2020:05:53:26 +0900] "GET /error/kr/error.jsp HTTP/1.1" 500 3570
46.119.174.102 - - [09/Apr/2020:05:53:26 +0900] "GET /error/kr/error.jsp HTTP/1.1" 500 3570
46.119.174.102 - - [09/Apr/2020:05:53:27 +0900] "GET /index.jsp HTTP/1.1" 302 -
46.119.174.102 - - [09/Apr/2020:05:53:27 +0900] "GET /error/kr/error.jsp HTTP/1.1" 500 3570
46.119.174.102 - - [09/Apr/2020:05:53:28 +0900] "GET /error/kr/error.jsp HTTP/1.1" 500 3570
46.119.174.102 - - [09/Apr/2020:05:53:29 +0900] "GET /error/kr/error.jsp HTTP/1.1" 500 3570
46.119.174.102 - - [09/Apr/2020:05:53:29 +0900] "GET /error/kr/error.jsp HTTP/1.1" 500 3570
46.119.174.102 - - [09/Apr/2020:05:53:30 +0900] "GET /error/kr/error.jsp HTTP/1.1" 500 3570
46.119.174.102 - - [09/Apr/2020:05:53:31 +0900] "GET /error/kr/error.jsp HTTP/1.1" 500 3570
46.119.174.102 - - [09/Apr/2020:05:53:31 +0900] "GET /error/kr/error.jsp HTTP/1.1" 500 3570
46.119.174.102 - - [09/Apr/2020:05:53:32 +0900] "GET /error/kr/error.jsp HTTP/1.1" 500 3570
46.119.174.102 - - [09/Apr/2020:05:53:33 +0900] "GET /error/kr/error.jsp HTTP/1.1" 500 3570
46.119.174.102 - - [09/Apr/2020:05:53:33 +0900] "GET /error/kr/error.jsp HTTP/1.1" 500 3570
46.119.174.102 - - [09/Apr/2020:05:53:34 +0900] "GET /error/kr/error.jsp HTTP/1.1" 500 3570
46.119.174.102 - - [09/Apr/2020:05:53:35 +0900] "GET /error/kr/error.jsp HTTP/1.1" 500 3570
46.119.174.102 - - [09/Apr/2020:05:53:35 +0900] "GET /error/kr/error.jsp HTTP/1.1" 500 3570
46.119.174.102 - - [09/Apr/2020:05:53:36 +0900] "GET /error/kr/error.jsp HTTP/1.1" 500 3570
46.119.174.102 - - [09/Apr/2020:05:53:36 +0900] "GET /error/kr/error.jsp HTTP/1.1" 500 3570
46.119.174.102 - - [09/Apr/2020:05:53:37 +0900] "GET /error/kr/error.jsp HTTP/1.1" 500 3570
157.55.39.25 - - [09/Apr/2020:05:56:32 +0900] "GET /error/kr/error.jsp HTTP/1.1" 500 3570
207.46.13.227 - - [09/Apr/2020:05:56:34 +0900] "GET /error/kr/error.jsp HTTP/1.1" 500 3570
38.99.62.91 - - [09/Apr/2020:05:57:34 +0900] "GET /home/news/news/view.do?page=1&num=12 HTTP/1.1" 200 9083
38.99.62.91 - - [09/Apr/2020:05:58:13 +0900] "GET /home/en/meetourpartners/all.do HTTP/1.1" 200 95227
216.244.66.242 - - [09/Apr/2020:05:58:14 +0900] "GET /error/kr/error.jsp HTTP/1.1" 500 3570
38.99.62.91 - - [09/Apr/2020:05:58:53 +0900] "GET /home/en/meetourpartners/all.do HTTP/1.1" 200 95227
38.99.62.91 - - [09/Apr/2020:05:59:33 +0900] "GET /home/news/news/view.do?page=1&num=11 HTTP/1.1" 200 5548
38.99.62.91 - - [09/Apr/2020:05:59:58 +0900] "GET /home/news/news/view.do?page=2&num=11 HTTP/1.1" 200 5548
38.99.62.91 - - [09/Apr/2020:06:00:23 +0900] "GET /home/news/news/view.do?page=2&num=10 HTTP/1.1" 200 6756
38.99.62.91 - - [09/Apr/2020:06:00:49 +0900] "GET /home/news/news/view.do?page=2&num=11 HTTP/1.1" 200 5548
119.207.72.78 - - [09/Apr/2020:06:01:00 +0900] "GET /index.jsp HTTP/1.1" 302 -
119.207.72.78 - - [09/Apr/2020:06:01:00 +0900] "GET /home/main/main.do HTTP/1.1" 200 14903
119.207.72.115 - - [09/Apr/2020:06:01:01 +0900] "GET /index.jsp HTTP/1.1" 302 -
119.207.72.115 - - [09/Apr/2020:06:01:01 +0900] "GET /home/main/main.do HTTP/1.1" 200 14903
38.99.62.91 - - [09/Apr/2020:06:01:29 +0900] "GET /home/news/news/view.do?page=2&num=12 HTTP/1.1" 200 9083
38.99.62.91 - - [09/Apr/2020:06:02:20 +0900] "GET /home/meetourpartners/all.do HTTP/1.1" 200 101569
38.99.62.91 - - [09/Apr/2020:06:02:59 +0900] "GET /home/news/news/view.do?page=2&num=13 HTTP/1.1" 200 9159
66.249.64.208 - - [09/Apr/2020:06:03:56 +0900] "GET /error/kr/error.jsp HTTP/1.1" 500 3570
38.99.62.91 - - [09/Apr/2020:06:04:18 +0900] "GET /home/news/news/view.do?page=2&num=14 HTTP/1.1" 200 6736
38.99.62.91 - - [09/Apr/2020:06:04:44 +0900] "GET /home/en/meetourpartners/all.do HTTP/1.1" 200 95227
38.99.62.91 - - [09/Apr/2020:06:05:09 +0900] "GET /home/en/meetourpartners/all.do HTTP/1.1" 200 95227
38.99.62.91 - - [09/Apr/2020:06:05:35 +0900] "GET /home/news/news/view.do?page=2&num=14 HTTP/1.1" 200 6736
38.99.62.91 - - [09/Apr/2020:06:06:14 +0900] "GET /home/news/news/view.do?page=2&num=15 HTTP/1.1" 200 9181
38.99.62.91 - - [09/Apr/2020:06:07:19 +0900] "GET /home/en/meetourpartners/all.do HTTP/1.1" 200 95227
38.99.62.91 - - [09/Apr/2020:06:07:58 +0900] "GET /home/en/meetourpartners/all.do HTTP/1.1" 200 95227
38.99.62.91 - - [09/Apr/2020:06:08:24 +0900] "GET /home/news/news/view.do?page=2&num=16 HTTP/1.1" 200 5666
38.99.62.91 - - [09/Apr/2020:06:08:49 +0900] "GET /home/meetourpartners/all.do HTTP/1.1" 200 101569
38.99.62.91 - - [09/Apr/2020:06:09:29 +0900] "GET /home/news/news/view.do?page=2&num=16 HTTP/1.1" 200 5666
38.99.62.91 - - [09/Apr/2020:06:10:08 +0900] "GET /home/news/news/view.do?page=2&num=17 HTTP/1.1" 200 5761
38.99.62.91 - - [09/Apr/2020:06:11:27 +0900] "GET /home/meetourpartners/all.do HTTP/1.1" 200 101569
38.99.62.91 - - [09/Apr/2020:06:11:53 +0900] "GET /home/news/news/view.do?page=2&num=18 HTTP/1.1" 200 9137
38.99.62.91 - - [09/Apr/2020:06:13:00 +0900] "GET /home/news/news/view.do?page=2&num=19 HTTP/1.1" 200 6164
38.99.62.91 - - [09/Apr/2020:06:14:06 +0900] "GET /home/meetourpartners/all.do HTTP/1.1" 200 101569
38.99.62.91 - - [09/Apr/2020:06:14:45 +0900] "GET /home/en/meetourpartners/all.do HTTP/1.1" 200 95227
40.77.167.153 - - [09/Apr/2020:06:15:03 +0900] "GET /home/watwedo/overview.do HTTP/1.1" 200 6276
38.99.62.91 - - [09/Apr/2020:06:15:25 +0900] "GET /home/news/news/view.do?page=&num=5 HTTP/1.1" 200 9109
38.99.62.91 - - [09/Apr/2020:06:16:05 +0900] "GET /home/news/news/view.do?page=&num=6 HTTP/1.1" 200 9118
38.99.62.91 - - [09/Apr/2020:06:16:30 +0900] "GET /home/news/news/view.do?page=&num=5 HTTP/1.1" 200 9109
38.99.62.91 - - [09/Apr/2020:06:17:10 +0900] "GET /home/en/meetourpartners/all.do HTTP/1.1" 200 95227
38.99.62.91 - - [09/Apr/2020:06:17:49 +0900] "GET /home/news/news/view.do?page=2&num=10 HTTP/1.1" 200 6756
38.99.62.91 - - [09/Apr/2020:06:18:29 +0900] "GET /home/meetourpartners/all.do HTTP/1.1" 200 101569
38.99.62.91 - - [09/Apr/2020:06:19:09 +0900] "GET /home/news/news/view.do?page=2&num=9 HTTP/1.1" 200 9135
38.99.62.91 - - [09/Apr/2020:06:19:48 +0900] "GET /home/news/news/view.do?page=2&num=10 HTTP/1.1" 200 6756
38.99.62.91 - - [09/Apr/2020:06:20:14 +0900] "GET /home/en/meetourpartners/all.do HTTP/1.1" 200 95227
38.99.62.91 - - [09/Apr/2020:06:20:39 +0900] "GET /home/news/news/view.do?page=&num=6 HTTP/1.1" 200 9118
38.99.62.91 - - [09/Apr/2020:06:21:20 +0900] "GET /home/en/meetourpartners/all.do HTTP/1.1" 200 95227
38.99.62.91 - - [09/Apr/2020:06:23:17 +0900] "GET /home/news/news/view.do?page=&num=7 HTTP/1.1" 200 5545
66.249.64.208 - - [09/Apr/2020:06:24:05 +0900] "GET /error/kr/error.jsp HTTP/1.1" 500 3570
38.99.62.91 - - [09/Apr/2020:06:24:08 +0900] "GET /home/news/news/view.do?page=&num=8 HTTP/1.1" 200 9166
38.99.62.91 - - [09/Apr/2020:06:25:27 +0900] "GET /home/news/news/view.do?page=&num=9 HTTP/1.1" 200 9132
38.99.62.91 - - [09/Apr/2020:06:26:07 +0900] "GET /home/meetourpartners/all.do HTTP/1.1" 200 101569
38.99.62.91 - - [09/Apr/2020:06:26:46 +0900] "GET /home/news/news/view.do?page=&num=8 HTTP/1.1" 200 9166
38.99.62.91 - - [09/Apr/2020:06:27:26 +0900] "GET /home/en/meetourpartners/all.do HTTP/1.1" 200 95227
207.46.13.227 - - [09/Apr/2020:06:27:48 +0900] "GET /home/meetourpartners/overseas.do HTTP/1.1" 200 34535
38.99.62.91 - - [09/Apr/2020:06:28:05 +0900] "GET /home/news/news/view.do?page=&num=9 HTTP/1.1" 200 9132
38.99.62.91 - - [09/Apr/2020:06:28:45 +0900] "GET /home/news/news/view.do?page=&num=10 HTTP/1.1" 200 6753
38.99.62.91 - - [09/Apr/2020:06:29:24 +0900] "GET /home/news/news/view.do?page=&num=9 HTTP/1.1" 200 9132
38.99.62.91 - - [09/Apr/2020:06:30:04 +0900] "GET /home/news/news/view.do?page=&num=10 HTTP/1.1" 200 6753
38.99.62.91 - - [09/Apr/2020:06:30:43 +0900] "GET /home/news/news/view.do?page=&num=11 HTTP/1.1" 200 5545
193.111.62.163 - - [09/Apr/2020:06:31:04 +0900] "GET /home/news/news/list.do HTTP/1.1" 200 7100
38.99.62.91 - - [09/Apr/2020:06:32:02 +0900] "GET /home/news/news/view.do?page=&num=12 HTTP/1.1" 200 9080
38.99.62.91 - - [09/Apr/2020:06:32:41 +0900] "GET /home/news/news/view.do?page=&num=11 HTTP/1.1" 200 5545
38.99.62.91 - - [09/Apr/2020:06:33:21 +0900] "GET /home/meetourpartners/all.do HTTP/1.1" 200 101569
38.99.62.91 - - [09/Apr/2020:06:34:01 +0900] "GET /home/news/news/view.do?page=&num=12 HTTP/1.1" 200 9080
38.99.62.91 - - [09/Apr/2020:06:34:40 +0900] "GET /home/news/news/view.do?page=&num=13 HTTP/1.1" 200 9156
38.99.62.91 - - [09/Apr/2020:06:35:19 +0900] "GET /home/news/news/view.do?page=&num=12 HTTP/1.1" 200 9080
38.99.62.91 - - [09/Apr/2020:06:35:59 +0900] "GET /home/news/news/view.do?page=&num=13 HTTP/1.1" 200 9156
207.46.13.227 - - [09/Apr/2020:06:36:07 +0900] "GET /error/kr/error.jsp HTTP/1.1" 500 3570
38.99.62.91 - - [09/Apr/2020:06:36:40 +0900] "GET /home/meetourpartners/all.do HTTP/1.1" 200 101569
38.99.62.91 - - [09/Apr/2020:06:37:20 +0900] "GET /home/news/news/view.do?page=&num=14 HTTP/1.1" 200 6733
38.99.62.91 - - [09/Apr/2020:06:37:59 +0900] "GET /home/news/news/view.do?page=&num=13 HTTP/1.1" 200 9156
18.207.120.96 - - [09/Apr/2020:06:38:18 +0900] "GET /error/kr/error.jsp HTTP/1.0" 500 3570
38.99.62.91 - - [09/Apr/2020:06:38:38 +0900] "GET /home/news/news/view.do?page=&num=14 HTTP/1.1" 200 6733
38.99.62.91 - - [09/Apr/2020:06:39:18 +0900] "GET /home/meetourpartners/all.do HTTP/1.1" 200 101569
38.99.62.91 - - [09/Apr/2020:06:39:58 +0900] "GET /home/news/news/view.do?page=&num=15 HTTP/1.1" 200 9178
207.46.13.227 - - [09/Apr/2020:06:40:06 +0900] "GET /home/watwedo/overview.do HTTP/1.1" 200 7207
38.99.62.91 - - [09/Apr/2020:06:40:38 +0900] "GET /home/meetourpartners/all.do HTTP/1.1" 200 101569
38.99.62.91 - - [09/Apr/2020:06:41:17 +0900] "GET /home/news/news/view.do?page=&num=14 HTTP/1.1" 200 6733
38.99.62.91 - - [09/Apr/2020:06:41:58 +0900] "GET /home/news/news/view.do?page=&num=15 HTTP/1.1" 200 9178
38.99.62.91 - - [09/Apr/2020:06:42:38 +0900] "GET /home/news/news/view.do?page=&num=16 HTTP/1.1" 200 5663
40.77.167.153 - - [09/Apr/2020:06:42:40 +0900] "GET /error/kr/error.jsp HTTP/1.1" 500 3570
38.99.62.91 - - [09/Apr/2020:06:43:17 +0900] "GET /home/news/news/view.do?page=&num=15 HTTP/1.1" 200 9178
38.99.62.91 - - [09/Apr/2020:06:43:56 +0900] "GET /home/news/news/view.do?page=&num=16 HTTP/1.1" 200 5663
38.99.62.91 - - [09/Apr/2020:06:44:36 +0900] "GET /home/news/news/view.do?page=&num=17 HTTP/1.1" 200 5758
38.99.62.91 - - [09/Apr/2020:06:45:16 +0900] "GET /home/news/news/view.do?page=&num=16 HTTP/1.1" 200 5663
38.99.62.91 - - [09/Apr/2020:06:45:55 +0900] "GET /home/news/news/view.do?page=&num=17 HTTP/1.1" 200 5758
38.99.62.91 - - [09/Apr/2020:06:46:35 +0900] "GET /home/news/news/view.do?page=&num=18 HTTP/1.1" 200 9134
129.204.24.99 - - [09/Apr/2020:06:47:03 +0900] "HEAD /index.jsp?s=www.guangdongymcp.cn HTTP/1.1" 302 -
129.204.24.99 - - [09/Apr/2020:06:47:03 +0900] "HEAD /home/main/main.do HTTP/1.1" 200 -
38.99.62.91 - - [09/Apr/2020:06:47:14 +0900] "GET /home/news/news/view.do?page=&num=17 HTTP/1.1" 200 5758
38.99.62.91 - - [09/Apr/2020:06:47:54 +0900] "GET /home/meetourpartners/all.do HTTP/1.1" 200 101569
38.99.62.91 - - [09/Apr/2020:06:48:33 +0900] "GET /home/en/meetourpartners/all.do HTTP/1.1" 200 95227
38.99.62.91 - - [09/Apr/2020:06:49:13 +0900] "GET /home/news/news/view.do?page=&num=18 HTTP/1.1" 200 9134
38.99.62.91 - - [09/Apr/2020:06:49:52 +0900] "GET /home/news/news/view.do?page=&num=19 HTTP/1.1" 200 6162
38.99.62.91 - - [09/Apr/2020:06:50:32 +0900] "GET /home/news/news/view.do?page=&num=18 HTTP/1.1" 200 9134
17.58.96.118 - - [09/Apr/2020:06:51:06 +0900] "GET /home/news/news/view.do?num=1 HTTP/1.1" 200 8971
38.99.62.91 - - [09/Apr/2020:06:51:12 +0900] "GET /home/news/news/view.do?page=&num=19 HTTP/1.1" 200 6162
38.99.62.91 - - [09/Apr/2020:06:52:30 +0900] "GET /home/news/news/view.do?page=&num=10 HTTP/1.1" 200 6753
39.101.184.55 - - [09/Apr/2020:06:52:50 +0900] "GET /error/kr/error.jsp HTTP/1.1" 500 3570
157.55.39.25 - - [09/Apr/2020:06:52:55 +0900] "GET /error/kr/error.jsp HTTP/1.1" 500 3570
40.77.167.153 - - [09/Apr/2020:06:52:59 +0900] "GET /error/kr/error.jsp HTTP/1.1" 500 3570
38.99.62.91 - - [09/Apr/2020:06:53:10 +0900] "GET /home/news/news/view.do?page=&num=7 HTTP/1.1" 200 5545
38.99.62.91 - - [09/Apr/2020:06:53:50 +0900] "GET /home/news/news/view.do?page=&num=6 HTTP/1.1" 200 9118
66.249.64.206 - - [09/Apr/2020:06:54:12 +0900] "GET /error/kr/error.jsp HTTP/1.1" 500 3570
38.99.62.91 - - [09/Apr/2020:06:54:29 +0900] "GET /home/news/news/view.do?page=1&num=12 HTTP/1.1" 200 9083
66.249.70.30 - - [09/Apr/2020:06:54:59 +0900] "GET /error/kr/error.jsp HTTP/1.1" 500 3570
38.99.62.91 - - [09/Apr/2020:06:55:10 +0900] "GET /home/news/news/view.do?page=1&num=13 HTTP/1.1" 200 9159
38.99.62.91 - - [09/Apr/2020:06:55:50 +0900] "GET /home/meetourpartners/all.do HTTP/1.1" 200 101569
38.99.62.91 - - [09/Apr/2020:06:56:30 +0900] "GET /home/meetourpartners/all.do HTTP/1.1" 200 101569
207.46.13.227 - - [09/Apr/2020:06:56:59 +0900] "GET /error/kr/error.jsp HTTP/1.1" 500 3570
38.99.62.91 - - [09/Apr/2020:06:57:09 +0900] "GET /home/news/news/view.do?page=1&num=13 HTTP/1.1" 200 9159
38.99.62.91 - - [09/Apr/2020:06:57:53 +0900] "GET /home/meetourpartners/all.do HTTP/1.1" 200 101569
157.245.112.70 - - [09/Apr/2020:07:04:24 +0900] "GET /index.jsp HTTP/1.1" 302 -
45.184.68.46 - - [09/Apr/2020:07:04:52 +0900] "GET /index.jsp HTTP/1.1" 302 -
94.103.80.12 - - [09/Apr/2020:07:06:42 +0900] "GET /error/kr/error.jsp HTTP/1.0" 500 3570
39.101.184.55 - - [09/Apr/2020:07:07:47 +0900] "GET /error/kr/error.jsp HTTP/1.1" 500 3570
39.101.184.55 - - [09/Apr/2020:07:07:49 +0900] "GET /error/kr/error.jsp HTTP/1.1" 500 3570
39.101.184.55 - - [09/Apr/2020:07:07:57 +0900] "GET /error/kr/error.jsp HTTP/1.1" 500 3570
39.101.184.55 - - [09/Apr/2020:07:08:08 +0900] "GET /error/kr/error.jsp HTTP/1.1" 500 3570
39.101.184.55 - - [09/Apr/2020:07:08:26 +0900] "GET /error/kr/error.jsp HTTP/1.1" 500 3570
39.101.184.55 - - [09/Apr/2020:07:08:27 +0900] "GET /error/kr/error.jsp HTTP/1.1" 500 3570
39.101.184.55 - - [09/Apr/2020:07:08:52 +0900] "GET /error/kr/error.jsp HTTP/1.1" 500 3570
49.7.20.136 - - [09/Apr/2020:07:11:12 +0900] "GET /error/kr/error.jsp HTTP/1.1" 500 3570
35.199.144.235 - - [09/Apr/2020:07:16:05 +0900] "GET /index.jsp HTTP/1.1" 302 -
35.199.144.235 - - [09/Apr/2020:07:16:05 +0900] "GET /home/en/main/main.do HTTP/1.1" 200 11542
39.101.184.55 - - [09/Apr/2020:07:22:20 +0900] "GET /error/kr/error.jsp HTTP/1.1" 500 3570
39.101.184.55 - - [09/Apr/2020:07:22:23 +0900] "GET /error/kr/error.jsp HTTP/1.1" 500 3570
39.101.184.55 - - [09/Apr/2020:07:22:31 +0900] "GET /error/kr/error.jsp HTTP/1.1" 500 3570
66.249.70.30 - - [09/Apr/2020:07:24:06 +0900] "GET /error/kr/error.jsp HTTP/1.1" 500 3570
39.101.184.55 - - [09/Apr/2020:07:24:07 +0900] "GET /error/kr/error.jsp HTTP/1.1" 500 3570
193.111.62.163 - - [09/Apr/2020:07:24:22 +0900] "GET /home/news/news/list.do HTTP/1.1" 200 7100
40.77.167.111 - - [09/Apr/2020:07:28:36 +0900] "GET /error/kr/error.jsp HTTP/1.1" 500 3570
207.46.13.227 - - [09/Apr/2020:07:31:03 +0900] "GET /error/kr/error.jsp HTTP/1.1" 500 3570
177.11.136.85 - - [09/Apr/2020:07:32:51 +0900] "GET /index.jsp HTTP/1.1" 302 -
40.77.167.190 - - [09/Apr/2020:07:32:57 +0900] "GET /error/kr/error.jsp HTTP/1.1" 500 3570
66.249.64.208 - - [09/Apr/2020:07:34:18 +0900] "GET /error/kr/error.jsp HTTP/1.1" 500 3570
119.207.72.71 - - [09/Apr/2020:07:34:51 +0900] "GET /index.jsp HTTP/1.1" 302 -
119.207.72.71 - - [09/Apr/2020:07:34:51 +0900] "GET /home/main/main.do HTTP/1.1" 200 14903
40.77.167.190 - - [09/Apr/2020:07:35:36 +0900] "GET /home/main/main.do HTTP/1.1" 200 14903
207.46.13.227 - - [09/Apr/2020:07:40:40 +0900] "GET /error/kr/error.jsp HTTP/1.1" 500 3570
49.7.20.136 - - [09/Apr/2020:07:41:08 +0900] "GET /error/kr/error.jsp HTTP/1.1" 500 3570
40.77.167.190 - - [09/Apr/2020:07:41:27 +0900] "GET /error/kr/error.jsp HTTP/1.1" 500 3570
39.101.184.55 - - [09/Apr/2020:07:47:22 +0900] "GET /error/kr/error.jsp HTTP/1.1" 500 3570
129.204.24.99 - - [09/Apr/2020:07:48:46 +0900] "HEAD /index.jsp?s=www.guangdongymcq.cn HTTP/1.1" 302 -
129.204.24.99 - - [09/Apr/2020:07:48:46 +0900] "HEAD /home/main/main.do HTTP/1.1" 200 -
66.249.64.208 - - [09/Apr/2020:07:52:26 +0900] "GET /error/kr/error.jsp HTTP/1.1" 500 3570
61.103.49.10 - - [09/Apr/2020:08:01:02 +0900] "GET /index.jsp HTTP/1.1" 302 -
61.103.49.10 - - [09/Apr/2020:08:01:02 +0900] "GET /home/main/main.do HTTP/1.1" 200 14903
61.103.49.10 - - [09/Apr/2020:08:01:02 +0900] "GET /error/kr/error.jsp HTTP/1.1" 500 3570
61.103.49.10 - - [09/Apr/2020:08:01:08 +0900] "GET /home/contact/contact.do HTTP/1.1" 200 5224
66.249.64.206 - - [09/Apr/2020:08:02:25 +0900] "GET /error/kr/error.jsp HTTP/1.1" 500 3570
184.155.119.181 - - [09/Apr/2020:08:03:01 +0900] "GET /index.jsp HTTP/1.1" 302 -
207.46.13.227 - - [09/Apr/2020:08:03:38 +0900] "GET /error/kr/error.jsp HTTP/1.1" 500 3570
41.57.101.125 - - [09/Apr/2020:08:05:23 +0900] "GET /index.jsp HTTP/1.1" 302 -
23.80.97.224 - - [09/Apr/2020:08:06:06 +0900] "GET /home/en/contact/contact.do HTTP/1.0" 200 7252
23.80.97.224 - - [09/Apr/2020:08:06:07 +0900] "GET /error/kr/error.jsp HTTP/1.0" 500 3762
23.80.97.224 - - [09/Apr/2020:08:06:07 +0900] "GET /error/kr/error.jsp HTTP/1.0" 500 3762
1.11.242.224 - - [09/Apr/2020:08:11:36 +0900] "GET /index.jsp HTTP/1.1" 302 -
1.11.242.224 - - [09/Apr/2020:08:11:36 +0900] "GET /home/main/main.do HTTP/1.1" 200 14903
66.249.64.206 - - [09/Apr/2020:08:12:39 +0900] "GET /error/kr/error.jsp HTTP/1.1" 500 3570
1.11.242.224 - - [09/Apr/2020:08:13:58 +0900] "GET /error/kr/error.jsp HTTP/1.1" 500 3570
1.11.242.224 - - [09/Apr/2020:08:14:08 +0900] "GET /home/news/news/view.do?page=1&num=20 HTTP/1.1" 200 8973
1.11.242.224 - - [09/Apr/2020:08:14:11 +0900] "GET /home/main/main.do HTTP/1.1" 200 14903
1.11.242.224 - - [09/Apr/2020:08:14:11 +0900] "GET /error/kr/error.jsp HTTP/1.1" 500 3570
40.77.167.111 - - [09/Apr/2020:08:16:25 +0900] "GET /error/kr/error.jsp HTTP/1.1" 500 3570
207.46.13.163 - - [09/Apr/2020:08:18:07 +0900] "GET /error/kr/error.jsp HTTP/1.1" 500 3570
39.101.184.55 - - [09/Apr/2020:08:18:18 +0900] "GET /error/kr/error.jsp HTTP/1.1" 500 3570
1.11.242.224 - - [09/Apr/2020:08:19:05 +0900] "GET /index.jsp HTTP/1.1" 302 -
1.11.242.224 - - [09/Apr/2020:08:19:05 +0900] "GET /home/main/main.do HTTP/1.1" 200 14903
66.249.70.1 - - [09/Apr/2020:08:22:26 +0900] "GET /error/kr/error.jsp HTTP/1.1" 500 3570
128.14.133.58 - - [09/Apr/2020:08:26:53 +0900] "GET /index.jsp HTTP/1.1" 302 -
128.14.133.58 - - [09/Apr/2020:08:26:53 +0900] "GET /home/main/main.do HTTP/1.1" 200 14903
193.111.62.163 - - [09/Apr/2020:08:29:15 +0900] "GET /home/news/news/list.do HTTP/1.1" 200 7100
35.196.39.187 - - [09/Apr/2020:08:29:19 +0900] "GET /error/kr/error.jsp HTTP/1.0" 500 3570
35.196.39.187 - - [09/Apr/2020:08:29:19 +0900] "GET /home/en/about/about.do HTTP/1.0" 200 16228
40.77.167.190 - - [09/Apr/2020:08:31:13 +0900] "GET /error/kr/error.jsp HTTP/1.1" 500 3570
35.196.39.187 - - [09/Apr/2020:08:34:30 +0900] "GET /error/kr/error.jsp HTTP/1.0" 500 3570
35.196.39.187 - - [09/Apr/2020:08:34:31 +0900] "GET /home/en/watwedo/overview.do HTTP/1.0" 200 6218
35.196.39.187 - - [09/Apr/2020:08:35:19 +0900] "GET /error/kr/error.jsp HTTP/1.0" 500 3570
35.196.39.187 - - [09/Apr/2020:08:35:19 +0900] "GET /home/main/main.do HTTP/1.0" 200 14903
35.196.39.187 - - [09/Apr/2020:08:39:53 +0900] "GET /error/kr/error.jsp HTTP/1.0" 500 3570
35.196.39.187 - - [09/Apr/2020:08:39:54 +0900] "GET /home/en/meetourpartners/all.do HTTP/1.0" 200 95227
42.123.77.121 - - [09/Apr/2020:08:41:50 +0900] "GET /error/kr/error.jsp HTTP/1.1" 500 3570
66.249.70.1 - - [09/Apr/2020:08:42:36 +0900] "GET /error/kr/error.jsp HTTP/1.1" 500 3570
103.29.196.118 - - [09/Apr/2020:08:43:20 +0900] "GET /error/kr/error.jsp HTTP/1.1" 500 3570
89.248.174.219 - - [09/Apr/2020:08:43:21 +0900] "GET /index.jsp HTTP/1.1" 302 -
35.196.39.187 - - [09/Apr/2020:08:48:43 +0900] "GET /error/kr/error.jsp HTTP/1.0" 500 3570
35.196.39.187 - - [09/Apr/2020:08:48:43 +0900] "GET /home/en/watwedo/philosophy.do HTTP/1.0" 200 7112
129.204.24.99 - - [09/Apr/2020:08:50:02 +0900] "GET /error/kr/error.jsp HTTP/1.1" 500 3570
35.196.39.187 - - [09/Apr/2020:08:52:40 +0900] "GET /error/kr/error.jsp HTTP/1.0" 500 3570
35.196.39.187 - - [09/Apr/2020:08:52:41 +0900] "GET /home/en/whoweare/korea.do HTTP/1.0" 200 29641
66.249.64.84 - - [09/Apr/2020:08:52:46 +0900] "GET /error/kr/error.jsp HTTP/1.1" 500 3762
35.196.39.187 - - [09/Apr/2020:08:55:24 +0900] "GET /error/kr/error.jsp HTTP/1.0" 500 3570
35.196.39.187 - - [09/Apr/2020:08:55:24 +0900] "GET /home/en/contact/contact.do HTTP/1.0" 200 5187
35.196.39.187 - - [09/Apr/2020:08:56:08 +0900] "GET /error/kr/error.jsp HTTP/1.0" 500 3570
35.196.39.187 - - [09/Apr/2020:08:56:09 +0900] "GET /home/en/meetourpartners/all.do HTTP/1.0" 200 95227
35.196.39.187 - - [09/Apr/2020:08:56:13 +0900] "GET /error/kr/error.jsp HTTP/1.0" 500 3570
35.196.39.187 - - [09/Apr/2020:08:56:13 +0900] "GET /home/en/watwedo/overview.do HTTP/1.0" 200 6218
35.196.39.187 - - [09/Apr/2020:08:56:14 +0900] "GET /error/kr/error.jsp HTTP/1.0" 500 3570
35.196.39.187 - - [09/Apr/2020:08:56:15 +0900] "GET /home/en/whoweare/korea.do HTTP/1.0" 200 29641
35.196.39.187 - - [09/Apr/2020:08:56:17 +0900] "GET /error/kr/error.jsp HTTP/1.0" 500 3570
35.196.39.187 - - [09/Apr/2020:08:56:17 +0900] "GET /home/en/about/about.do HTTP/1.0" 200 16228
35.196.39.187 - - [09/Apr/2020:08:56:19 +0900] "GET /error/kr/error.jsp HTTP/1.0" 500 3570
35.196.39.187 - - [09/Apr/2020:08:56:19 +0900] "GET /home/en/contact/contact.do HTTP/1.0" 200 5187
35.196.39.187 - - [09/Apr/2020:08:56:20 +0900] "GET /error/kr/error.jsp HTTP/1.0" 500 3570
35.196.39.187 - - [09/Apr/2020:08:56:21 +0900] "GET /home/en/watwedo/philosophy.do HTTP/1.0" 200 7112
35.196.39.187 - - [09/Apr/2020:08:56:22 +0900] "GET /error/kr/error.jsp HTTP/1.0" 500 3570
35.196.39.187 - - [09/Apr/2020:08:56:23 +0900] "GET /home/main/main.do HTTP/1.0" 200 14903
66.249.64.206 - - [09/Apr/2020:09:02:55 +0900] "GET /error/kr/error.jsp HTTP/1.1" 500 3570
52.23.164.194 - - [09/Apr/2020:09:03:24 +0900] "GET /index.jsp HTTP/1.1" 302 -
52.23.164.194 - - [09/Apr/2020:09:03:24 +0900] "GET /home/main/main.do HTTP/1.1" 200 14903
52.23.164.194 - - [09/Apr/2020:09:03:24 +0900] "GET /home/main/main.do HTTP/1.1" 200 14903
52.23.164.194 - - [09/Apr/2020:09:03:25 +0900] "GET /home/main/main.do HTTP/1.1" 200 14903
52.12.76.193 - - [09/Apr/2020:09:11:16 +0900] "GET /error/kr/error.jsp HTTP/1.1" 500 3570
54.70.79.131 - - [09/Apr/2020:09:11:19 +0900] "GET /error/kr/error.jsp HTTP/1.1" 500 3570
18.236.172.233 - - [09/Apr/2020:09:11:22 +0900] "GET /error/kr/error.jsp HTTP/1.1" 500 3570
66.249.64.206 - - [09/Apr/2020:09:13:06 +0900] "GET /error/kr/error.jsp HTTP/1.1" 500 3570
40.77.167.190 - - [09/Apr/2020:09:13:22 +0900] "GET /home/news/news/list.do HTTP/1.1" 200 7100
60.186.178.36 - - [09/Apr/2020:09:23:31 +0900] "GET /error/kr/error.jsp HTTP/1.1" 500 3570
118.116.19.31 - - [09/Apr/2020:09:29:32 +0900] "GET /error/kr/error.jsp HTTP/1.1" 500 3570
66.249.64.210 - - [09/Apr/2020:09:33:25 +0900] "GET /error/kr/error.jsp HTTP/1.1" 500 3570
157.55.39.241 - - [09/Apr/2020:09:41:23 +0900] "GET /error/kr/error.jsp HTTP/1.1" 500 3570
66.249.64.206 - - [09/Apr/2020:09:43:24 +0900] "GET /error/kr/error.jsp HTTP/1.1" 500 3570
209.17.97.82 - - [09/Apr/2020:09:45:19 +0900] "GET /index.jsp HTTP/1.1" 302 -
197.211.61.138 - - [09/Apr/2020:09:45:25 +0900] "GET /home/en/about/about.do HTTP/1.1" 200 16228
65.92.225.122 - - [09/Apr/2020:09:45:50 +0900] "GET /index.jsp HTTP/1.1" 302 -
152.149.190.252 - - [09/Apr/2020:09:46:28 +0900] "GET /index.jsp HTTP/1.1" 302 -
152.149.190.252 - - [09/Apr/2020:09:46:28 +0900] "GET /home/main/main.do HTTP/1.1" 200 14903
152.149.190.252 - - [09/Apr/2020:09:46:29 +0900] "GET /error/kr/error.jsp HTTP/1.1" 500 3570
152.149.190.252 - - [09/Apr/2020:09:46:35 +0900] "GET /home/meetourpartners/all.do HTTP/1.1" 200 101569
152.149.190.252 - - [09/Apr/2020:09:46:37 +0900] "GET /home/about/about.do HTTP/1.1" 200 14667
152.149.190.252 - - [09/Apr/2020:09:46:43 +0900] "GET /home/contact/contact.do HTTP/1.1" 200 5224
152.149.190.252 - - [09/Apr/2020:09:46:53 +0900] "GET /home/watwedo/overview.do HTTP/1.1" 200 6276
129.204.24.99 - - [09/Apr/2020:09:51:43 +0900] "GET /error/kr/error.jsp HTTP/1.1" 500 3570
129.204.24.99 - - [09/Apr/2020:09:52:16 +0900] "HEAD /index.jsp?s=www.bzkjic.com HTTP/1.1" 302 -
129.204.24.99 - - [09/Apr/2020:09:52:16 +0900] "HEAD /home/main/main.do HTTP/1.1" 200 -
122.51.154.89 - - [09/Apr/2020:09:52:35 +0900] "GET /error/kr/error.jsp HTTP/1.1" 500 3570
111.231.81.165 - - [09/Apr/2020:09:52:36 +0900] "GET /error/kr/error.jsp HTTP/1.1" 500 3570
111.231.81.165 - - [09/Apr/2020:09:53:12 +0900] "HEAD /index.jsp?s=www.hunanymcg.cn HTTP/1.1" 302 -
111.231.81.165 - - [09/Apr/2020:09:53:12 +0900] "HEAD /home/main/main.do HTTP/1.1" 200 -
122.51.154.89 - - [09/Apr/2020:09:53:13 +0900] "HEAD /index.jsp?s=www.hunanymcg.cn HTTP/1.1" 302 -
122.51.154.89 - - [09/Apr/2020:09:53:13 +0900] "HEAD /home/main/main.do HTTP/1.1" 200 -
66.249.64.206 - - [09/Apr/2020:09:53:25 +0900] "GET /error/kr/error.jsp HTTP/1.1" 500 3570
157.55.39.241 - - [09/Apr/2020:09:56:55 +0900] "GET /home/en/contact/contact.do HTTP/1.1" 200 7252
207.46.13.227 - - [09/Apr/2020:10:01:48 +0900] "GET /error/kr/error.jsp HTTP/1.1" 500 3570
119.207.72.73 - - [09/Apr/2020:10:11:59 +0900] "GET /home/watwedo/philosophy.do HTTP/1.1" 200 7162
66.249.64.208 - - [09/Apr/2020:10:13:28 +0900] "GET /error/kr/error.jsp HTTP/1.1" 500 3570
144.168.239.50 - - [09/Apr/2020:10:16:02 +0900] "GET /index.jsp HTTP/1.1" 302 -
144.168.239.50 - - [09/Apr/2020:10:16:02 +0900] "GET /home/main/main.do HTTP/1.1" 200 14903
144.168.239.50 - - [09/Apr/2020:10:16:03 +0900] "GET /home/about/about.do HTTP/1.1" 200 14667
144.168.239.50 - - [09/Apr/2020:10:16:03 +0900] "GET /error/kr/error.jsp HTTP/1.1" 500 3570
144.168.239.50 - - [09/Apr/2020:10:16:03 +0900] "GET /home/contact/contact.do HTTP/1.1" 200 5224
144.168.239.50 - - [09/Apr/2020:10:16:03 +0900] "GET /home/main/main.do HTTP/1.1" 200 14903
144.168.239.50 - - [09/Apr/2020:10:16:04 +0900] "GET /home/meetourpartners/all.do HTTP/1.1" 200 101569
144.168.239.50 - - [09/Apr/2020:10:16:04 +0900] "GET /home/watwedo/overview.do HTTP/1.1" 200 6276
144.168.239.50 - - [09/Apr/2020:10:16:04 +0900] "GET /home/watwedo/philosophy.do HTTP/1.1" 200 7162
144.168.239.50 - - [09/Apr/2020:10:16:04 +0900] "GET /home/whoweare/korea.do HTTP/1.1" 200 29677
144.168.239.50 - - [09/Apr/2020:10:16:04 +0900] "GET /home/meetourpartners/domestic.do HTTP/1.1" 200 73451
144.168.239.50 - - [09/Apr/2020:10:16:05 +0900] "GET /home/meetourpartners/overseas.do HTTP/1.1" 200 32620
144.168.239.50 - - [09/Apr/2020:10:16:05 +0900] "GET /home/watwedo/history.do HTTP/1.1" 200 10890
144.168.239.50 - - [09/Apr/2020:10:16:05 +0900] "GET /home/whoweare/china.do HTTP/1.1" 200 10340
144.168.239.50 - - [09/Apr/2020:10:16:05 +0900] "GET /home/en/main/main.do HTTP/1.1" 200 11542
144.168.239.50 - - [09/Apr/2020:10:16:05 +0900] "GET /home/news/news/list.do HTTP/1.1" 200 7100
144.168.239.50 - - [09/Apr/2020:10:16:06 +0900] "GET /home/news/news/view.do?num=1 HTTP/1.1" 200 8971
144.168.239.50 - - [09/Apr/2020:10:16:06 +0900] "GET /https://www.ktb.co.kr/top.jsp HTTP/1.1" 404 3570
144.168.239.50 - - [09/Apr/2020:10:16:06 +0900] "GET /home/en/about/about.do HTTP/1.1" 200 16228
144.168.239.50 - - [09/Apr/2020:10:16:07 +0900] "GET /home/en/contact/contact.do HTTP/1.1" 200 5187
144.168.239.50 - - [09/Apr/2020:10:16:07 +0900] "GET /home/en/meetourpartners/all.do HTTP/1.1" 200 95227
144.168.239.50 - - [09/Apr/2020:10:16:07 +0900] "GET /home/en/watwedo/overview.do HTTP/1.1" 200 6218
144.168.239.50 - - [09/Apr/2020:10:16:07 +0900] "GET /home/en/watwedo/philosophy.do HTTP/1.1" 200 7112
144.168.239.50 - - [09/Apr/2020:10:16:07 +0900] "GET /home/en/whoweare/korea.do HTTP/1.1" 200 29641
144.168.239.50 - - [09/Apr/2020:10:16:08 +0900] "GET /home/en/meetourpartners/domestic.do HTTP/1.1" 200 69240
144.168.239.50 - - [09/Apr/2020:10:16:08 +0900] "GET /home/en/meetourpartners/overseas.do HTTP/1.1" 200 31428
144.168.239.50 - - [09/Apr/2020:10:16:08 +0900] "GET /home/en/watwedo/history.do HTTP/1.1" 200 10815
144.168.239.50 - - [09/Apr/2020:10:16:08 +0900] "GET /home/en/whoweare/china.do HTTP/1.1" 200 10353
144.168.239.50 - - [09/Apr/2020:10:16:10 +0900] "GET /error/kr/error.jsp HTTP/1.1" 500 3570
144.168.239.50 - - [09/Apr/2020:10:16:10 +0900] "GET /error/kr/error.jsp HTTP/1.1" 500 3570
144.168.239.50 - - [09/Apr/2020:10:16:10 +0900] "GET /error/kr/error.jsp HTTP/1.1" 500 3570
144.168.239.50 - - [09/Apr/2020:10:16:11 +0900] "GET /error/kr/error.jsp HTTP/1.1" 500 3570
144.168.239.50 - - [09/Apr/2020:10:16:11 +0900] "GET /error/kr/error.jsp HTTP/1.1" 500 3570
144.168.239.50 - - [09/Apr/2020:10:16:12 +0900] "GET /error/kr/error.jsp HTTP/1.1" 500 3570
144.168.239.50 - - [09/Apr/2020:10:16:12 +0900] "GET /error/kr/error.jsp HTTP/1.1" 500 3570
144.168.239.50 - - [09/Apr/2020:10:16:12 +0900] "GET /error/kr/error.jsp HTTP/1.1" 500 3570
144.168.239.50 - - [09/Apr/2020:10:16:13 +0900] "GET /error/kr/error.jsp HTTP/1.1" 500 3570
144.168.239.50 - - [09/Apr/2020:10:16:13 +0900] "GET /error/kr/error.jsp HTTP/1.1" 500 3570
144.168.239.50 - - [09/Apr/2020:10:16:15 +0900] "GET /error/kr/error.jsp HTTP/1.1" 500 3570
144.168.239.50 - - [09/Apr/2020:10:16:15 +0900] "GET /error/kr/error.jsp HTTP/1.1" 500 3570
144.168.239.50 - - [09/Apr/2020:10:16:16 +0900] "GET /error/kr/error.jsp HTTP/1.1" 500 3570
144.168.239.50 - - [09/Apr/2020:10:16:16 +0900] "GET /error/kr/error.jsp HTTP/1.1" 500 3570
144.168.239.50 - - [09/Apr/2020:10:16:17 +0900] "GET /error/kr/error.jsp HTTP/1.1" 500 3570
144.168.239.50 - - [09/Apr/2020:10:16:17 +0900] "GET /error/kr/error.jsp HTTP/1.1" 500 3570
144.168.239.50 - - [09/Apr/2020:10:16:17 +0900] "GET /error/kr/error.jsp HTTP/1.1" 500 3570
144.168.239.50 - - [09/Apr/2020:10:16:18 +0900] "GET /error/kr/error.jsp HTTP/1.1" 500 3570
144.168.239.50 - - [09/Apr/2020:10:16:19 +0900] "GET /error/kr/error.jsp HTTP/1.1" 500 3570
144.168.239.50 - - [09/Apr/2020:10:16:19 +0900] "GET /error/kr/error.jsp HTTP/1.1" 500 3570
144.168.239.50 - - [09/Apr/2020:10:16:19 +0900] "GET /static/home/kr/js/.jsp HTTP/1.1" 404 3570
144.168.239.50 - - [09/Apr/2020:10:16:20 +0900] "GET /error/kr/error.jsp HTTP/1.1" 500 3570
112.169.212.35 - - [09/Apr/2020:10:16:42 +0900] "GET /home/main/main.do HTTP/1.1" 200 14903
112.169.212.35 - - [09/Apr/2020:10:16:43 +0900] "GET /error/kr/error.jsp HTTP/1.1" 500 3570
116.23.231.134 - - [09/Apr/2020:10:22:38 +0900] "GET /error/kr/error.jsp HTTP/1.1" 500 3570
193.111.62.163 - - [09/Apr/2020:10:25:29 +0900] "GET /home/news/news/list.do HTTP/1.1" 200 7100
197.211.61.138 - - [09/Apr/2020:10:27:00 +0900] "GET /home/en/about/about.do HTTP/1.1" 200 16228
13.228.6.37 - - [09/Apr/2020:10:28:43 +0900] "GET /home/en/meetourpartners/all.do HTTP/1.1" 200 95227
34.217.89.89 - - [09/Apr/2020:10:28:49 +0900] "GET /index.jsp HTTP/1.1" 302 -
34.217.89.89 - - [09/Apr/2020:10:28:49 +0900] "GET /home/main/main.do HTTP/1.1" 200 14903
14.34.54.244 - - [09/Apr/2020:10:31:51 +0900] "GET /index.jsp HTTP/1.1" 302 -
14.34.54.244 - - [09/Apr/2020:10:31:51 +0900] "GET /home/main/main.do HTTP/1.1" 200 14903
14.34.54.244 - - [09/Apr/2020:10:31:52 +0900] "GET /error/kr/error.jsp HTTP/1.1" 500 3570
14.34.54.244 - - [09/Apr/2020:10:31:54 +0900] "GET /home/watwedo/overview.do HTTP/1.1" 200 6276
14.34.54.244 - - [09/Apr/2020:10:31:55 +0900] "GET /home/whoweare/korea.do HTTP/1.1" 200 29677
14.34.54.244 - - [09/Apr/2020:10:32:52 +0900] "GET /home/whoweare/china.do HTTP/1.1" 200 10340
85.105.245.138 - - [09/Apr/2020:10:33:05 +0900] "GET /index.jsp HTTP/1.1" 302 -
66.249.64.208 - - [09/Apr/2020:10:33:24 +0900] "GET /error/kr/error.jsp HTTP/1.1" 500 3570
207.46.13.227 - - [09/Apr/2020:10:36:32 +0900] "GET /error/kr/error.jsp HTTP/1.1" 500 3570
27.17.90.213 - - [09/Apr/2020:10:38:42 +0900] "GET /error/kr/error.jsp HTTP/1.1" 500 3570
197.211.61.138 - - [09/Apr/2020:10:40:33 +0900] "GET /home/en/about/about.do HTTP/1.1" 200 16228
197.211.61.138 - - [09/Apr/2020:10:41:22 +0900] "GET /home/en/about/about.do HTTP/1.1" 200 16228
66.249.64.206 - - [09/Apr/2020:10:43:07 +0900] "GET /error/kr/error.jsp HTTP/1.1" 500 3570
66.249.64.206 - - [09/Apr/2020:10:53:11 +0900] "GET /error/kr/error.jsp HTTP/1.1" 500 3570
129.204.24.99 - - [09/Apr/2020:10:53:46 +0900] "GET /error/kr/error.jsp HTTP/1.1" 500 3570
129.204.24.99 - - [09/Apr/2020:10:54:19 +0900] "HEAD /index.jsp?s=www.daixiefabiao.net HTTP/1.1" 302 -
129.204.24.99 - - [09/Apr/2020:10:54:19 +0900] "HEAD /home/main/main.do HTTP/1.1" 200 -
40.77.167.190 - - [09/Apr/2020:10:56:18 +0900] "GET /error/kr/error.jsp HTTP/1.1" 500 3570
40.77.167.147 - - [09/Apr/2020:10:56:29 +0900] "GET /error/kr/error.jsp HTTP/1.1" 500 3570
66.249.64.206 - - [09/Apr/2020:11:02:56 +0900] "GET /error/kr/error.jsp HTTP/1.1" 500 3570
47.56.238.201 - - [09/Apr/2020:11:03:07 +0900] "GET /error/kr/error.jsp HTTP/1.1" 500 3762
193.111.62.163 - - [09/Apr/2020:11:07:15 +0900] "GET /home/news/news/list.do HTTP/1.1" 200 7100
66.249.64.206 - - [09/Apr/2020:11:13:07 +0900] "GET /error/kr/error.jsp HTTP/1.1" 500 3570
157.55.39.241 - - [09/Apr/2020:11:13:51 +0900] "GET /error/kr/error.jsp HTTP/1.1" 500 3570
211.251.253.35 - - [09/Apr/2020:11:15:25 +0900] "GET /index.jsp HTTP/1.1" 302 -
211.251.253.35 - - [09/Apr/2020:11:15:25 +0900] "GET /home/main/main.do HTTP/1.1" 200 14903
211.251.253.35 - - [09/Apr/2020:11:15:26 +0900] "GET /error/kr/error.jsp HTTP/1.1" 500 3570
54.87.20.141 - - [09/Apr/2020:11:21:43 +0900] "GET /index.jsp HTTP/1.1" 302 -
54.87.20.141 - - [09/Apr/2020:11:21:44 +0900] "GET /home/main/main.do HTTP/1.1" 200 14903
66.249.64.88 - - [09/Apr/2020:11:22:16 +0900] "GET /error/kr/error.jsp HTTP/1.1" 500 3762
52.87.171.209 - - [09/Apr/2020:11:24:23 +0900] "GET /index.jsp HTTP/1.1" 302 -
52.87.171.209 - - [09/Apr/2020:11:24:23 +0900] "GET /home/en/main/main.do HTTP/1.1" 200 11542
52.87.171.209 - - [09/Apr/2020:11:24:25 +0900] "GET /error/kr/error.jsp HTTP/1.1" 500 3570
66.249.64.206 - - [09/Apr/2020:11:24:44 +0900] "GET /error/kr/error.jsp HTTP/1.1" 500 3570
191.19.80.29 - - [09/Apr/2020:11:24:52 +0900] "GET /index.jsp HTTP/1.1" 302 -
191.19.80.29 - - [09/Apr/2020:11:24:52 +0900] "GET /index.jsp HTTP/1.1" 302 -
191.19.80.29 - - [09/Apr/2020:11:24:52 +0900] "GET /index.jsp HTTP/1.1" 302 -
207.46.13.227 - - [09/Apr/2020:11:25:50 +0900] "GET /error/kr/error.jsp HTTP/1.1" 500 3570
213.180.203.190 - - [09/Apr/2020:11:30:38 +0900] "GET /error/kr/error.jsp HTTP/1.1" 500 3570
171.67.70.85 - - [09/Apr/2020:11:32:23 +0900] "GET /index.jsp HTTP/1.1" 302 -
171.67.70.85 - - [09/Apr/2020:11:32:23 +0900] "GET /home/main/main.do HTTP/1.1" 200 14903
207.46.13.227 - - [09/Apr/2020:11:35:55 +0900] "GET /index.jsp HTTP/1.1" 302 -
120.86.188.65 - - [09/Apr/2020:11:36:08 +0900] "GET /error/kr/error.jsp HTTP/1.1" 500 3570
14.40.55.248 - - [09/Apr/2020:11:36:18 +0900] "GET /index.jsp HTTP/1.1" 302 -
14.40.55.248 - - [09/Apr/2020:11:36:18 +0900] "GET /home/main/main.do HTTP/1.1" 200 14903
14.40.55.248 - - [09/Apr/2020:11:36:18 +0900] "GET /error/kr/error.jsp HTTP/1.1" 500 3570
207.46.13.227 - - [09/Apr/2020:11:37:20 +0900] "GET /home/meetourpartners/all.do HTTP/1.1" 200 101569
121.134.51.206 - - [09/Apr/2020:11:42:55 +0900] "GET /home/whoweare/korea.do HTTP/1.1" 200 29677
121.134.51.206 - - [09/Apr/2020:11:43:05 +0900] "GET /home/main/main.do HTTP/1.1" 200 14903
121.134.51.206 - - [09/Apr/2020:11:43:06 +0900] "GET /error/kr/error.jsp HTTP/1.1" 500 3570
66.249.64.206 - - [09/Apr/2020:11:45:30 +0900] "GET /error/kr/error.jsp HTTP/1.1" 500 3570
66.249.64.206 - - [09/Apr/2020:11:53:41 +0900] "GET /error/kr/error.jsp HTTP/1.1" 500 3570
129.204.24.99 - - [09/Apr/2020:11:56:12 +0900] "GET /error/kr/error.jsp HTTP/1.1" 500 3570
129.204.24.99 - - [09/Apr/2020:11:56:46 +0900] "HEAD /index.jsp?s=www.ymwears.cn HTTP/1.1" 302 -
129.204.24.99 - - [09/Apr/2020:11:56:46 +0900] "HEAD /home/main/main.do HTTP/1.1" 200 -
66.249.64.206 - - [09/Apr/2020:11:58:01 +0900] "GET /error/kr/error.jsp HTTP/1.1" 500 3570
221.192.134.90 - - [09/Apr/2020:11:58:08 +0900] "GET /index.jsp HTTP/1.1" 302 -
221.192.134.90 - - [09/Apr/2020:11:58:08 +0900] "GET /home/main/main.do HTTP/1.1" 200 14903
207.46.13.227 - - [09/Apr/2020:11:58:13 +0900] "GET /error/kr/error.jsp HTTP/1.1" 500 3570
207.46.13.227 - - [09/Apr/2020:12:03:46 +0900] "GET /error/kr/error.jsp HTTP/1.1" 500 3570
121.254.147.237 - - [09/Apr/2020:12:11:58 +0900] "GET /index.jsp HTTP/1.1" 302 -
121.254.147.237 - - [09/Apr/2020:12:11:58 +0900] "GET /home/en/main/main.do HTTP/1.1" 200 11542
207.46.13.227 - - [09/Apr/2020:12:19:12 +0900] "GET /home/meetourpartners/all.do HTTP/1.1" 200 101569
66.249.64.208 - - [09/Apr/2020:12:23:37 +0900] "GET /error/kr/error.jsp HTTP/1.1" 500 3570
210.134.82.230 - - [09/Apr/2020:12:24:46 +0900] "GET /index.jsp HTTP/1.1" 302 -
210.134.82.230 - - [09/Apr/2020:12:24:48 +0900] "GET /home/en/main/main.do HTTP/1.1" 200 11542
