111.32.49.78 - - [01/Feb/2020:00:13:25 +0900] "GET /index.jsp HTTP/1.1" 302 -
66.249.64.90 - - [01/Feb/2020:00:13:25 +0900] "GET /error/kr/error.jsp HTTP/1.1" 500 3762
111.32.49.78 - - [01/Feb/2020:00:13:26 +0900] "GET /home/en/main/main.do HTTP/1.1" 200 11080
207.46.13.88 - - [01/Feb/2020:00:16:57 +0900] "GET /error/kr/error.jsp HTTP/1.1" 500 3570
157.55.39.187 - - [01/Feb/2020:00:21:33 +0900] "GET /home/whoweare/korea.do HTTP/1.1" 200 30366
66.249.70.28 - - [01/Feb/2020:00:23:18 +0900] "GET /error/kr/error.jsp HTTP/1.1" 500 3570
193.111.62.163 - - [01/Feb/2020:00:23:55 +0900] "GET /home/news/news/list.do HTTP/1.1" 200 7091
66.249.64.92 - - [01/Feb/2020:00:33:21 +0900] "GET /error/kr/error.jsp HTTP/1.1" 500 3762
157.55.39.187 - - [01/Feb/2020:00:38:09 +0900] "GET /home/main/main.do HTTP/1.1" 200 12222
40.77.167.131 - - [01/Feb/2020:00:38:39 +0900] "GET /error/kr/error.jsp HTTP/1.1" 500 3570
66.249.64.210 - - [01/Feb/2020:00:47:29 +0900] "GET /error/kr/error.jsp HTTP/1.1" 500 3570
40.77.167.100 - - [01/Feb/2020:00:53:30 +0900] "GET /error/kr/error.jsp HTTP/1.1" 500 3570
3.80.109.97 - - [01/Feb/2020:00:58:47 +0900] "GET /index.jsp HTTP/1.1" 302 -
3.80.109.97 - - [01/Feb/2020:00:58:47 +0900] "GET /home/main/main.do HTTP/1.1" 200 12222
3.80.109.97 - - [01/Feb/2020:00:58:47 +0900] "GET /home/main/main.do HTTP/1.1" 200 12222
3.80.109.97 - - [01/Feb/2020:00:58:48 +0900] "GET /home/main/main.do HTTP/1.1" 200 12222
193.111.62.163 - - [01/Feb/2020:01:18:34 +0900] "GET /home/news/news/list.do HTTP/1.1" 200 7091
119.207.72.153 - - [01/Feb/2020:01:21:58 +0900] "GET /home/news/news/view.do?page=1&num=10 HTTP/1.1" 200 6756
119.207.72.78 - - [01/Feb/2020:01:22:01 +0900] "GET /home/news/news/view.do?page=1&num=10 HTTP/1.1" 200 6756
144.76.81.229 - - [01/Feb/2020:01:28:23 +0900] "GET /error/kr/error.jsp HTTP/1.1" 500 3570
121.141.47.68 - - [01/Feb/2020:01:32:56 +0900] "GET /index.jsp HTTP/1.1" 302 -
121.141.47.68 - - [01/Feb/2020:01:32:56 +0900] "GET /home/main/main.do HTTP/1.1" 302 -
121.141.47.68 - - [01/Feb/2020:01:32:56 +0900] "GET /home/main/main.do HTTP/1.1" 200 8898
121.141.47.68 - - [01/Feb/2020:01:32:56 +0900] "GET /error/kr/error.jsp HTTP/1.1" 500 3762
121.141.47.68 - - [01/Feb/2020:01:33:01 +0900] "GET /home/whoweare/korea.do HTTP/1.1" 200 44336
121.141.47.68 - - [01/Feb/2020:01:33:11 +0900] "GET /home/whoweare/korea.do HTTP/1.1" 200 44336
157.55.39.187 - - [01/Feb/2020:01:34:23 +0900] "GET /home/meetourpartners/all.do HTTP/1.1" 200 105128
223.38.46.247 - - [01/Feb/2020:01:36:01 +0900] "GET /filter/checker.jsp?campaignID=392&email=gusalsgh1@naver.com&responseEnd=2018-12-12 HTTP/1.1" 404 3570
60.211.78.243 - - [01/Feb/2020:01:40:17 +0900] "GET /home/en/contact/contact.do HTTP/1.1" 302 -
60.211.78.243 - - [01/Feb/2020:01:40:17 +0900] "GET /home/en/contact/contact.do HTTP/1.1" 200 7252
95.163.255.13 - - [01/Feb/2020:01:50:27 +0900] "GET /error/kr/error.jsp HTTP/1.0" 500 3570
95.163.255.13 - - [01/Feb/2020:01:50:31 +0900] "GET /home/en/meetourpartners/all.do HTTP/1.1" 200 95227
125.209.235.183 - - [01/Feb/2020:01:51:20 +0900] "GET /error/kr/error.jsp HTTP/1.1" 500 3570
125.209.235.174 - - [01/Feb/2020:01:51:24 +0900] "GET /error/kr/error.jsp HTTP/1.1" 500 3570
157.55.39.187 - - [01/Feb/2020:01:55:13 +0900] "GET /error/kr/error.jsp HTTP/1.1" 500 3570
34.199.176.251 - - [01/Feb/2020:02:00:29 +0900] "GET /home/news/news/view.do?num=3 HTTP/1.1" 200 5573
34.199.176.251 - - [01/Feb/2020:02:00:30 +0900] "GET /home/news/news/view.do HTTP/1.1" 500 3570
157.55.39.23 - - [01/Feb/2020:02:01:00 +0900] "GET /error/kr/error.jsp HTTP/1.1" 500 3570
17.58.102.54 - - [01/Feb/2020:02:01:15 +0900] "GET /error/kr/error.jsp HTTP/1.1" 500 3570
17.58.96.118 - - [01/Feb/2020:02:01:15 +0900] "GET /home/en/main/main.do HTTP/1.1" 200 11080
157.55.39.187 - - [01/Feb/2020:02:03:35 +0900] "GET /error/kr/error.jsp HTTP/1.1" 500 3570
118.47.209.149 - - [01/Feb/2020:02:09:51 +0900] "GET /home/about/about.do HTTP/1.1" 200 15329
118.47.209.149 - - [01/Feb/2020:02:09:52 +0900] "GET /error/kr/error.jsp HTTP/1.1" 500 3762
121.173.85.76 - - [01/Feb/2020:02:13:22 +0900] "GET /index.jsp HTTP/1.1" 302 -
193.111.62.163 - - [01/Feb/2020:02:20:35 +0900] "GET /home/news/news/list.do HTTP/1.1" 200 7091
157.55.39.187 - - [01/Feb/2020:02:21:35 +0900] "GET /home/main/main.do HTTP/1.1" 200 12222
139.162.52.193 - - [01/Feb/2020:02:43:00 +0900] "GET /index.jsp HTTP/1.1" 302 -
139.162.52.193 - - [01/Feb/2020:02:43:01 +0900] "GET /home/main/main.do HTTP/1.1" 200 8898
110.70.46.169 - - [01/Feb/2020:02:45:18 +0900] "GET /index.jsp HTTP/1.1" 302 -
110.70.46.169 - - [01/Feb/2020:02:45:18 +0900] "GET /home/main/main.do HTTP/1.1" 302 -
110.70.46.169 - - [01/Feb/2020:02:45:18 +0900] "GET /home/main/main.do HTTP/1.1" 200 8898
110.70.46.169 - - [01/Feb/2020:02:45:20 +0900] "GET /error/kr/error.jsp HTTP/1.1" 500 3762
110.70.46.169 - - [01/Feb/2020:02:45:24 +0900] "GET /home/whoweare/korea.do HTTP/1.1" 200 44336
110.70.46.169 - - [01/Feb/2020:02:46:27 +0900] "GET /home/whoweare/china.do HTTP/1.1" 200 11536
110.70.46.169 - - [01/Feb/2020:02:46:30 +0900] "GET /home/whoweare/china.do HTTP/1.1" 200 11536
119.207.72.74 - - [01/Feb/2020:02:57:13 +0900] "GET /index.jsp HTTP/1.1" 302 -
119.207.72.74 - - [01/Feb/2020:02:57:13 +0900] "GET /home/main/main.do HTTP/1.1" 200 12222
157.55.39.187 - - [01/Feb/2020:03:03:03 +0900] "GET /error/kr/error.jsp HTTP/1.1" 500 3570
193.111.62.163 - - [01/Feb/2020:03:22:39 +0900] "GET /home/news/news/list.do HTTP/1.1" 200 7091
66.249.64.210 - - [01/Feb/2020:03:23:47 +0900] "GET /error/kr/error.jsp HTTP/1.1" 500 3570
45.33.66.85 - - [01/Feb/2020:03:27:20 +0900] "GET /error/kr/error.jsp HTTP/1.1" 500 3570
38.99.62.91 - - [01/Feb/2020:03:29:49 +0900] "GET /home/meetourpartners/all.do HTTP/1.1" 200 101569
38.99.62.91 - - [01/Feb/2020:03:30:29 +0900] "GET /error/kr/error.jsp HTTP/1.1" 500 3570
38.99.62.91 - - [01/Feb/2020:03:30:29 +0900] "GET /home/en/meetourpartners/all.do HTTP/1.1" 200 95227
38.99.62.91 - - [01/Feb/2020:03:31:09 +0900] "GET /home/meetourpartners/all.do HTTP/1.1" 200 101569
125.209.235.177 - - [01/Feb/2020:03:31:26 +0900] "GET /error/kr/error.jsp HTTP/1.1" 500 3570
34.199.176.251 - - [01/Feb/2020:03:33:41 +0900] "GET /home/news/news/view.do?num=2 HTTP/1.1" 200 6974
34.199.176.251 - - [01/Feb/2020:03:33:42 +0900] "GET /home/news/news/view.do HTTP/1.1" 500 3570
38.99.62.91 - - [01/Feb/2020:03:33:57 +0900] "GET /home/meetourpartners/all.do HTTP/1.1" 200 101569
38.99.62.91 - - [01/Feb/2020:03:34:22 +0900] "GET /home/meetourpartners/all.do HTTP/1.1" 200 101569
178.93.49.63 - - [01/Feb/2020:03:34:49 +0900] "GET /index.jsp HTTP/1.1" 302 -
34.199.176.251 - - [01/Feb/2020:03:35:20 +0900] "GET /home/news/news/view.do?num=2 HTTP/1.1" 200 6974
34.199.176.251 - - [01/Feb/2020:03:35:21 +0900] "GET /home/news/news/view.do HTTP/1.1" 500 3570
38.99.62.91 - - [01/Feb/2020:03:35:27 +0900] "GET /home/en/meetourpartners/all.do HTTP/1.1" 200 95227
38.99.62.91 - - [01/Feb/2020:03:36:07 +0900] "GET /home/meetourpartners/all.do HTTP/1.1" 200 101569
38.99.62.91 - - [01/Feb/2020:03:37:50 +0900] "GET /home/en/meetourpartners/all.do HTTP/1.1" 200 95227
38.99.62.91 - - [01/Feb/2020:03:38:35 +0900] "GET /home/meetourpartners/all.do HTTP/1.1" 200 101569
157.55.39.187 - - [01/Feb/2020:03:38:52 +0900] "GET /error/kr/error.jsp HTTP/1.1" 500 3570
38.99.62.91 - - [01/Feb/2020:03:39:39 +0900] "GET /home/en/meetourpartners/all.do HTTP/1.1" 200 95227
157.55.39.187 - - [01/Feb/2020:03:40:02 +0900] "GET /error/kr/error.jsp HTTP/1.1" 500 3570
38.99.62.91 - - [01/Feb/2020:03:40:19 +0900] "GET /home/meetourpartners/all.do HTTP/1.1" 200 101569
38.99.62.91 - - [01/Feb/2020:03:42:03 +0900] "GET /home/meetourpartners/domestic.do HTTP/1.1" 200 73451
40.77.167.131 - - [01/Feb/2020:03:43:54 +0900] "GET /error/kr/error.jsp HTTP/1.1" 500 3570
115.89.74.126 - - [01/Feb/2020:03:44:06 +0900] "GET /index.jsp HTTP/1.1" 302 -
115.89.74.126 - - [01/Feb/2020:03:44:06 +0900] "GET /home/main/main.do HTTP/1.1" 200 12222
38.99.62.91 - - [01/Feb/2020:03:47:42 +0900] "GET /home/en/meetourpartners/all.do HTTP/1.1" 200 95227
38.99.62.91 - - [01/Feb/2020:03:48:22 +0900] "GET /home/meetourpartners/domestic.do HTTP/1.1" 200 73451
38.99.62.91 - - [01/Feb/2020:03:49:02 +0900] "GET /home/meetourpartners/all.do HTTP/1.1" 200 101569
38.99.62.91 - - [01/Feb/2020:03:49:41 +0900] "GET /home/meetourpartners/domestic.do HTTP/1.1" 200 73451
34.199.176.251 - - [01/Feb/2020:03:49:57 +0900] "GET /home/news/news/view.do?num=1 HTTP/1.1" 200 8971
34.199.176.251 - - [01/Feb/2020:03:49:57 +0900] "GET /home/news/news/view.do HTTP/1.1" 500 3570
38.99.62.91 - - [01/Feb/2020:03:51:00 +0900] "GET /home/meetourpartners/all.do HTTP/1.1" 200 101569
38.99.62.91 - - [01/Feb/2020:03:51:40 +0900] "GET /home/meetourpartners/domestic.do HTTP/1.1" 200 73451
157.55.39.187 - - [01/Feb/2020:03:52:24 +0900] "GET /error/kr/error.jsp HTTP/1.1" 500 3570
38.99.62.91 - - [01/Feb/2020:03:53:24 +0900] "GET /home/en/meetourpartners/all.do HTTP/1.1" 200 95227
38.99.62.91 - - [01/Feb/2020:03:53:49 +0900] "GET /home/meetourpartners/domestic.do HTTP/1.1" 200 73451
40.77.167.131 - - [01/Feb/2020:03:55:30 +0900] "GET /error/kr/error.jsp HTTP/1.1" 500 3570
24.18.231.167 - - [01/Feb/2020:03:57:56 +0900] "GET /home/en/meetourpartners/all.do HTTP/1.1" 200 95227
38.99.62.91 - - [01/Feb/2020:03:58:09 +0900] "GET /home/en/meetourpartners/all.do HTTP/1.1" 200 95227
38.99.62.91 - - [01/Feb/2020:03:58:48 +0900] "GET /home/meetourpartners/domestic.do HTTP/1.1" 200 73451
38.99.62.91 - - [01/Feb/2020:04:00:07 +0900] "GET /home/en/meetourpartners/all.do HTTP/1.1" 200 95227
38.99.62.91 - - [01/Feb/2020:04:00:47 +0900] "GET /home/meetourpartners/domestic.do HTTP/1.1" 200 73451
2.93.4.39 - - [01/Feb/2020:04:04:07 +0900] "GET /index.jsp HTTP/1.1" 302 -
2.93.4.39 - - [01/Feb/2020:04:04:08 +0900] "GET /home/main/main.do HTTP/1.1" 200 12222
38.99.62.91 - - [01/Feb/2020:04:04:42 +0900] "GET /home/meetourpartners/all.do HTTP/1.1" 200 101569
157.55.39.187 - - [01/Feb/2020:04:05:11 +0900] "GET /error/kr/error.jsp HTTP/1.1" 500 3570
100.25.98.141 - - [01/Feb/2020:04:05:46 +0900] "GET /index.jsp HTTP/1.1" 302 -
100.25.98.141 - - [01/Feb/2020:04:05:46 +0900] "GET /home/main/main.do HTTP/1.1" 200 12222
100.25.98.141 - - [01/Feb/2020:04:05:46 +0900] "GET /home/main/main.do HTTP/1.1" 200 12222
100.25.98.141 - - [01/Feb/2020:04:05:47 +0900] "GET /home/main/main.do HTTP/1.1" 200 12222
38.99.62.91 - - [01/Feb/2020:04:06:00 +0900] "GET /home/en/meetourpartners/all.do HTTP/1.1" 200 95227
115.89.74.126 - - [01/Feb/2020:04:06:25 +0900] "GET /filter/checker.jsp HTTP/1.1" 404 3570
38.99.62.91 - - [01/Feb/2020:04:06:40 +0900] "GET /home/meetourpartners/domestic.do HTTP/1.1" 200 73451
38.99.62.91 - - [01/Feb/2020:04:07:20 +0900] "GET /home/meetourpartners/all.do HTTP/1.1" 200 101569
38.99.62.91 - - [01/Feb/2020:04:07:45 +0900] "GET /home/meetourpartners/domestic.do HTTP/1.1" 200 73451
38.99.62.91 - - [01/Feb/2020:04:10:23 +0900] "GET /home/en/meetourpartners/all.do HTTP/1.1" 200 95227
38.99.62.91 - - [01/Feb/2020:04:10:48 +0900] "GET /home/meetourpartners/domestic.do HTTP/1.1" 200 73451
38.99.62.91 - - [01/Feb/2020:04:16:02 +0900] "GET /home/meetourpartners/all.do HTTP/1.1" 200 101569
38.99.62.91 - - [01/Feb/2020:04:16:42 +0900] "GET /home/meetourpartners/domestic.do HTTP/1.1" 200 73451
38.99.62.91 - - [01/Feb/2020:04:20:37 +0900] "GET /home/meetourpartners/all.do HTTP/1.1" 200 101569
157.55.39.187 - - [01/Feb/2020:04:21:10 +0900] "GET /error/kr/error.jsp HTTP/1.1" 500 3570
38.99.62.91 - - [01/Feb/2020:04:21:17 +0900] "GET /home/meetourpartners/domestic.do HTTP/1.1" 200 73451
38.99.62.91 - - [01/Feb/2020:04:23:14 +0900] "GET /home/en/meetourpartners/all.do HTTP/1.1" 200 95227
38.99.62.91 - - [01/Feb/2020:04:23:54 +0900] "GET /home/meetourpartners/domestic.do HTTP/1.1" 200 73451
193.111.62.163 - - [01/Feb/2020:04:25:16 +0900] "GET /home/news/news/list.do HTTP/1.1" 200 7091
40.77.167.100 - - [01/Feb/2020:04:25:54 +0900] "GET /error/kr/error.jsp HTTP/1.1" 500 3570
38.99.62.91 - - [01/Feb/2020:04:26:16 +0900] "GET /home/en/meetourpartners/all.do HTTP/1.1" 200 95227
38.99.62.91 - - [01/Feb/2020:04:26:56 +0900] "GET /home/meetourpartners/domestic.do HTTP/1.1" 200 73451
38.99.62.91 - - [01/Feb/2020:04:30:12 +0900] "GET /home/meetourpartners/overseas.do HTTP/1.1" 200 32620
24.18.231.167 - - [01/Feb/2020:04:31:15 +0900] "GET /home/en/meetourpartners/all.do HTTP/1.1" 200 95227
157.55.39.187 - - [01/Feb/2020:04:31:28 +0900] "GET /error/kr/error.jsp HTTP/1.1" 500 3570
66.249.64.90 - - [01/Feb/2020:04:32:39 +0900] "GET /error/kr/error.jsp HTTP/1.1" 500 3762
40.77.167.100 - - [01/Feb/2020:04:34:32 +0900] "GET /error/kr/error.jsp HTTP/1.1" 500 3570
40.77.167.100 - - [01/Feb/2020:04:42:50 +0900] "GET /error/kr/error.jsp HTTP/1.1" 500 3570
40.77.167.100 - - [01/Feb/2020:04:44:56 +0900] "GET /error/kr/error.jsp HTTP/1.1" 500 3570
95.216.96.170 - - [01/Feb/2020:04:46:34 +0900] "GET /error/kr/error.jsp HTTP/1.1" 500 3570
95.216.96.170 - - [01/Feb/2020:04:46:35 +0900] "GET /index.jsp HTTP/1.1" 302 -
95.216.96.170 - - [01/Feb/2020:04:46:37 +0900] "GET /home/main/main.do HTTP/1.1" 200 12222
95.216.96.170 - - [01/Feb/2020:04:46:39 +0900] "GET /home/en/main/main.do HTTP/1.1" 200 11080
95.216.96.170 - - [01/Feb/2020:04:46:40 +0900] "GET /home/watwedo/overview.do HTTP/1.1" 200 6147
95.216.96.170 - - [01/Feb/2020:04:46:42 +0900] "GET /home/whoweare/korea.do HTTP/1.1" 200 30366
95.216.96.170 - - [01/Feb/2020:04:46:45 +0900] "GET /home/meetourpartners/all.do HTTP/1.1" 200 101569
95.216.96.170 - - [01/Feb/2020:04:46:48 +0900] "GET /home/news/news/list.do HTTP/1.1" 200 7091
95.216.96.170 - - [01/Feb/2020:04:46:49 +0900] "GET /home/contact/contact.do HTTP/1.1" 200 5224
157.55.39.23 - - [01/Feb/2020:04:47:43 +0900] "GET /error/kr/error.jsp HTTP/1.1" 500 3570
40.77.167.100 - - [01/Feb/2020:04:47:54 +0900] "GET /index.jsp HTTP/1.1" 302 -
40.77.167.100 - - [01/Feb/2020:04:52:54 +0900] "GET /index.jsp HTTP/1.1" 302 -
40.77.167.100 - - [01/Feb/2020:04:53:59 +0900] "GET /error/kr/error.jsp HTTP/1.1" 500 3570
128.14.133.58 - - [01/Feb/2020:04:54:35 +0900] "GET /index.jsp HTTP/1.1" 302 -
128.14.133.58 - - [01/Feb/2020:04:54:36 +0900] "GET /home/main/main.do HTTP/1.1" 200 12222
5.9.61.101 - - [01/Feb/2020:04:55:22 +0900] "GET /error/kr/error.jsp HTTP/1.1" 500 3570
173.251.78.130 - - [01/Feb/2020:05:00:10 +0900] "GET /index.jsp HTTP/1.1" 302 -
173.251.78.130 - - [01/Feb/2020:05:00:11 +0900] "GET /home/en/main/main.do HTTP/1.1" 200 11080
66.249.64.92 - - [01/Feb/2020:05:02:41 +0900] "GET /error/kr/error.jsp HTTP/1.1" 500 3762
40.77.167.100 - - [01/Feb/2020:05:02:57 +0900] "GET /error/kr/error.jsp HTTP/1.1" 500 3570
103.82.235.2 - - [01/Feb/2020:05:04:24 +0900] "GET /error/kr/error.jsp HTTP/1.1" 500 3570
157.55.39.196 - - [01/Feb/2020:05:09:09 +0900] "GET /error/kr/error.jsp HTTP/1.1" 500 3570
119.207.72.78 - - [01/Feb/2020:05:12:16 +0900] "GET /home/news/news/list.do HTTP/1.1" 200 7091
193.111.62.163 - - [01/Feb/2020:05:19:44 +0900] "GET /home/news/news/list.do HTTP/1.1" 200 7091
24.18.231.167 - - [01/Feb/2020:05:29:07 +0900] "GET /home/en/meetourpartners/all.do HTTP/1.1" 200 95227
157.55.39.196 - - [01/Feb/2020:05:31:11 +0900] "GET /error/kr/error.jsp HTTP/1.1" 500 3570
40.77.167.100 - - [01/Feb/2020:05:31:23 +0900] "GET /error/kr/error.jsp HTTP/1.1" 500 3570
34.199.176.251 - - [01/Feb/2020:05:37:29 +0900] "GET /home/news/news/view.do?num=3 HTTP/1.1" 200 5573
34.199.176.251 - - [01/Feb/2020:05:37:29 +0900] "GET /home/news/news/view.do HTTP/1.1" 500 3570
13.53.197.201 - - [01/Feb/2020:05:38:02 +0900] "GET /error/kr/error.jsp HTTP/1.1" 500 3570
3.1.218.68 - - [01/Feb/2020:05:43:09 +0900] "GET /error/kr/error.jsp HTTP/1.1" 500 3570
40.77.167.131 - - [01/Feb/2020:05:46:32 +0900] "GET /error/kr/error.jsp HTTP/1.1" 500 3570
40.77.167.100 - - [01/Feb/2020:05:55:19 +0900] "GET /error/kr/error.jsp HTTP/1.1" 500 3570
83.97.20.33 - - [01/Feb/2020:05:57:29 +0900] "GET /index.jsp HTTP/1.0" 302 -
40.77.167.131 - - [01/Feb/2020:06:11:13 +0900] "GET /error/kr/error.jsp HTTP/1.1" 500 3570
15.236.37.97 - - [01/Feb/2020:06:12:06 +0900] "GET /error/kr/error.jsp HTTP/1.1" 500 3570
157.55.39.196 - - [01/Feb/2020:06:16:24 +0900] "GET /error/kr/error.jsp HTTP/1.1" 500 3570
157.55.39.196 - - [01/Feb/2020:06:18:50 +0900] "GET /error/kr/error.jsp HTTP/1.1" 500 3570
40.77.167.131 - - [01/Feb/2020:06:20:03 +0900] "GET /error/kr/error.jsp HTTP/1.1" 500 3570
193.111.62.163 - - [01/Feb/2020:06:23:14 +0900] "GET /home/news/news/list.do HTTP/1.1" 200 7091
157.55.39.196 - - [01/Feb/2020:06:24:14 +0900] "GET /error/kr/error.jsp HTTP/1.1" 500 3570
13.52.219.60 - - [01/Feb/2020:06:29:33 +0900] "GET /error/kr/error.jsp HTTP/1.1" 500 3570
125.209.235.174 - - [01/Feb/2020:06:31:26 +0900] "GET /error/kr/error.jsp HTTP/1.1" 500 3570
157.55.39.196 - - [01/Feb/2020:06:44:38 +0900] "GET /error/kr/error.jsp HTTP/1.1" 500 3570
119.207.72.79 - - [01/Feb/2020:06:46:40 +0900] "GET /home/news/news/list.do?page=2 HTTP/1.1" 200 6849
157.55.39.196 - - [01/Feb/2020:06:47:48 +0900] "GET /error/kr/error.jsp HTTP/1.1" 500 3570
157.55.39.23 - - [01/Feb/2020:06:49:34 +0900] "GET /error/kr/error.jsp HTTP/1.1" 500 3570
40.77.167.131 - - [01/Feb/2020:06:49:39 +0900] "GET /error/kr/error.jsp HTTP/1.1" 500 3570
3.136.97.25 - - [01/Feb/2020:06:52:19 +0900] "GET /error/kr/error.jsp HTTP/1.1" 500 3570
119.207.72.117 - - [01/Feb/2020:06:56:37 +0900] "GET /home/whoweare/korea.do HTTP/1.1" 200 30366
119.207.72.111 - - [01/Feb/2020:06:56:41 +0900] "GET /home/whoweare/korea.do HTTP/1.1" 200 30366
35.182.245.45 - - [01/Feb/2020:07:00:13 +0900] "GET /error/kr/error.jsp HTTP/1.1" 500 3570
3.136.27.108 - - [01/Feb/2020:07:05:54 +0900] "GET /error/kr/error.jsp HTTP/1.1" 500 3570
40.77.167.100 - - [01/Feb/2020:07:11:00 +0900] "GET /error/kr/error.jsp HTTP/1.1" 500 3570
125.209.235.181 - - [01/Feb/2020:07:11:26 +0900] "GET /index.jsp HTTP/1.1" 302 -
125.209.235.181 - - [01/Feb/2020:07:13:05 +0900] "GET /home/main/main.do HTTP/1.1" 200 12222
193.111.62.163 - - [01/Feb/2020:07:24:44 +0900] "GET /home/news/news/list.do HTTP/1.1" 200 7091
34.199.176.251 - - [01/Feb/2020:07:26:16 +0900] "GET /home/news/news/view.do?num=1 HTTP/1.1" 200 8971
34.199.176.251 - - [01/Feb/2020:07:26:17 +0900] "GET /home/news/news/view.do HTTP/1.1" 500 3570
103.131.71.126 - - [01/Feb/2020:07:27:04 +0900] "GET /error/kr/error.jsp HTTP/1.1" 500 3570
125.209.235.178 - - [01/Feb/2020:07:31:26 +0900] "GET /error/kr/error.jsp HTTP/1.1" 500 3570
157.55.39.23 - - [01/Feb/2020:07:45:01 +0900] "GET /error/kr/error.jsp HTTP/1.1" 500 3570
157.55.39.196 - - [01/Feb/2020:07:45:04 +0900] "GET /error/kr/error.jsp HTTP/1.1" 500 3570
121.254.147.237 - - [01/Feb/2020:07:52:32 +0900] "GET /index.jsp HTTP/1.1" 302 -
121.254.147.237 - - [01/Feb/2020:07:52:32 +0900] "GET /home/en/main/main.do HTTP/1.1" 200 11080
18.215.63.131 - - [01/Feb/2020:08:00:33 +0900] "GET /index.jsp HTTP/1.1" 302 -
18.215.63.131 - - [01/Feb/2020:08:00:34 +0900] "GET /home/main/main.do HTTP/1.1" 200 12222
18.215.63.131 - - [01/Feb/2020:08:00:34 +0900] "GET /home/main/main.do HTTP/1.1" 200 12222
18.215.63.131 - - [01/Feb/2020:08:00:34 +0900] "GET /home/main/main.do HTTP/1.1" 200 12222
66.249.70.24 - - [01/Feb/2020:08:08:00 +0900] "GET /error/kr/error.jsp HTTP/1.1" 500 3570
66.249.64.94 - - [01/Feb/2020:08:18:12 +0900] "GET /error/kr/error.jsp HTTP/1.1" 500 3762
66.249.70.24 - - [01/Feb/2020:08:18:44 +0900] "GET /error/kr/error.jsp HTTP/1.1" 500 3570
193.111.62.163 - - [01/Feb/2020:08:19:44 +0900] "GET /home/news/news/list.do HTTP/1.1" 200 7091
17.58.96.118 - - [01/Feb/2020:08:33:07 +0900] "GET /error/kr/error.jsp HTTP/1.1" 500 3570
157.55.39.187 - - [01/Feb/2020:08:38:10 +0900] "GET /error/kr/error.jsp HTTP/1.1" 500 3570
115.239.66.224 - - [01/Feb/2020:08:38:13 +0900] "GET /error/kr/error.jsp HTTP/1.1" 500 3570
115.239.66.224 - - [01/Feb/2020:08:38:14 +0900] "GET /error/kr/error.jsp HTTP/1.1" 500 3570
157.55.39.227 - - [01/Feb/2020:08:41:11 +0900] "GET /error/kr/error.jsp HTTP/1.1" 500 3570
45.33.66.85 - - [01/Feb/2020:08:42:20 +0900] "GET /error/kr/error.jsp HTTP/1.1" 500 3570
37.143.15.220 - - [01/Feb/2020:08:42:23 +0900] "GET /index.jsp HTTP/1.1" 302 -
157.55.39.196 - - [01/Feb/2020:08:59:15 +0900] "GET /error/kr/error.jsp HTTP/1.1" 500 3570
138.197.216.120 - - [01/Feb/2020:08:59:51 +0900] "GET /index.jsp HTTP/1.0" 302 -
36.83.251.69 - - [01/Feb/2020:09:01:59 +0900] "GET /index.jsp HTTP/1.1" 302 -
36.83.251.69 - - [01/Feb/2020:09:02:00 +0900] "GET /error/kr/error.jsp HTTP/1.1" 500 3570
36.83.251.69 - - [01/Feb/2020:09:02:01 +0900] "GET /error/kr/error.jsp HTTP/1.1" 500 3570
66.249.64.94 - - [01/Feb/2020:09:08:17 +0900] "GET /error/kr/error.jsp HTTP/1.1" 500 3762
157.55.39.227 - - [01/Feb/2020:09:10:53 +0900] "GET /error/kr/error.jsp HTTP/1.1" 500 3570
193.111.62.163 - - [01/Feb/2020:09:24:54 +0900] "GET /home/news/news/list.do HTTP/1.1" 200 7091
40.77.167.131 - - [01/Feb/2020:09:25:11 +0900] "GET /error/kr/error.jsp HTTP/1.1" 500 3570
122.51.154.89 - - [01/Feb/2020:09:28:40 +0900] "GET /error/kr/error.jsp HTTP/1.1" 500 3570
122.51.154.89 - - [01/Feb/2020:09:28:40 +0900] "GET /error/kr/error.jsp HTTP/1.1" 500 3570
122.51.154.89 - - [01/Feb/2020:09:28:40 +0900] "GET /error/kr/error.jsp HTTP/1.1" 500 3570
40.77.167.131 - - [01/Feb/2020:09:30:52 +0900] "GET /error/kr/error.jsp HTTP/1.1" 500 3570
125.209.235.181 - - [01/Feb/2020:09:31:26 +0900] "GET /error/kr/error.jsp HTTP/1.1" 500 3570
39.104.236.246 - - [01/Feb/2020:09:34:17 +0900] "GET /error/kr/error.jsp HTTP/1.1" 500 3570
157.55.39.227 - - [01/Feb/2020:09:42:41 +0900] "GET /error/kr/error.jsp HTTP/1.1" 500 3570
108.170.31.91 - - [01/Feb/2020:09:45:54 +0900] "GET /home/en/whoweare/korea.do HTTP/1.1" 200 30344
108.170.31.91 - - [01/Feb/2020:09:48:24 +0900] "GET /home/en/whoweare/korea.do HTTP/1.1" 200 30344
23.239.180.182 - - [01/Feb/2020:09:49:33 +0900] "GET /index.jsp HTTP/1.1" 302 -
23.239.180.182 - - [01/Feb/2020:09:49:33 +0900] "GET /home/en/main/main.do HTTP/1.1" 200 11080
39.104.236.246 - - [01/Feb/2020:09:55:09 +0900] "GET /error/kr/error.jsp HTTP/1.1" 500 3570
40.77.167.131 - - [01/Feb/2020:10:09:53 +0900] "GET /error/kr/error.jsp HTTP/1.1" 500 3570
40.77.167.131 - - [01/Feb/2020:10:12:24 +0900] "GET /error/kr/error.jsp HTTP/1.1" 500 3570
157.55.39.196 - - [01/Feb/2020:10:12:29 +0900] "GET /error/kr/error.jsp HTTP/1.1" 500 3570
35.229.101.90 - - [01/Feb/2020:10:14:56 +0900] "GET /error/kr/error.jsp HTTP/1.0" 500 3570
35.229.101.90 - - [01/Feb/2020:10:14:56 +0900] "GET /home/en/about/about.do HTTP/1.0" 200 14811
35.229.101.90 - - [01/Feb/2020:10:20:27 +0900] "GET /error/kr/error.jsp HTTP/1.0" 500 3570
35.229.101.90 - - [01/Feb/2020:10:20:27 +0900] "GET /home/en/watwedo/overview.do HTTP/1.0" 200 6156
193.111.62.163 - - [01/Feb/2020:10:21:34 +0900] "GET /home/news/news/list.do HTTP/1.1" 200 7091
35.229.101.90 - - [01/Feb/2020:10:21:35 +0900] "GET /error/kr/error.jsp HTTP/1.0" 500 3570
35.229.101.90 - - [01/Feb/2020:10:21:35 +0900] "GET /home/main/main.do HTTP/1.0" 200 12222
35.229.101.90 - - [01/Feb/2020:10:26:26 +0900] "GET /error/kr/error.jsp HTTP/1.0" 500 3570
35.229.101.90 - - [01/Feb/2020:10:26:26 +0900] "GET /home/en/meetourpartners/all.do HTTP/1.0" 200 95227
66.249.64.214 - - [01/Feb/2020:10:28:08 +0900] "GET /error/kr/error.jsp HTTP/1.1" 500 3570
223.38.28.86 - - [01/Feb/2020:10:28:52 +0900] "GET /index.jsp HTTP/1.1" 302 -
223.38.28.86 - - [01/Feb/2020:10:28:52 +0900] "GET /home/main/main.do HTTP/1.1" 200 8898
223.38.28.86 - - [01/Feb/2020:10:28:52 +0900] "GET /error/kr/error.jsp HTTP/1.1" 500 3570
223.38.28.86 - - [01/Feb/2020:10:28:56 +0900] "GET /home/whoweare/korea.do HTTP/1.1" 200 44336
223.38.28.86 - - [01/Feb/2020:10:28:58 +0900] "GET /home/whoweare/china.do HTTP/1.1" 200 11536
223.38.28.86 - - [01/Feb/2020:10:28:58 +0900] "GET /home/whoweare/korea.do HTTP/1.1" 200 44336
35.229.101.90 - - [01/Feb/2020:10:35:06 +0900] "GET /error/kr/error.jsp HTTP/1.0" 500 3570
35.229.101.90 - - [01/Feb/2020:10:35:06 +0900] "GET /home/en/watwedo/philosophy.do HTTP/1.0" 200 7112
108.170.31.91 - - [01/Feb/2020:10:38:26 +0900] "GET /home/en/whoweare/korea.do HTTP/1.1" 200 30344
35.229.101.90 - - [01/Feb/2020:10:38:42 +0900] "GET /error/kr/error.jsp HTTP/1.0" 500 3570
35.229.101.90 - - [01/Feb/2020:10:38:42 +0900] "GET /home/en/whoweare/korea.do HTTP/1.0" 200 30344
35.229.101.90 - - [01/Feb/2020:10:41:10 +0900] "GET /error/kr/error.jsp HTTP/1.0" 500 3570
35.229.101.90 - - [01/Feb/2020:10:41:10 +0900] "GET /home/en/contact/contact.do HTTP/1.0" 200 5187
35.229.101.90 - - [01/Feb/2020:10:41:59 +0900] "GET /error/kr/error.jsp HTTP/1.0" 500 3570
35.229.101.90 - - [01/Feb/2020:10:42:00 +0900] "GET /home/en/meetourpartners/all.do HTTP/1.0" 200 95227
35.229.101.90 - - [01/Feb/2020:10:42:04 +0900] "GET /error/kr/error.jsp HTTP/1.0" 500 3570
35.229.101.90 - - [01/Feb/2020:10:42:04 +0900] "GET /home/en/watwedo/overview.do HTTP/1.0" 200 6156
35.229.101.90 - - [01/Feb/2020:10:42:06 +0900] "GET /error/kr/error.jsp HTTP/1.0" 500 3570
35.229.101.90 - - [01/Feb/2020:10:42:06 +0900] "GET /home/en/whoweare/korea.do HTTP/1.0" 200 30344
35.229.101.90 - - [01/Feb/2020:10:42:08 +0900] "GET /error/kr/error.jsp HTTP/1.0" 500 3570
35.229.101.90 - - [01/Feb/2020:10:42:08 +0900] "GET /home/en/about/about.do HTTP/1.0" 200 14811
35.229.101.90 - - [01/Feb/2020:10:42:10 +0900] "GET /error/kr/error.jsp HTTP/1.0" 500 3570
35.229.101.90 - - [01/Feb/2020:10:42:10 +0900] "GET /home/en/contact/contact.do HTTP/1.0" 200 5187
35.229.101.90 - - [01/Feb/2020:10:42:11 +0900] "GET /error/kr/error.jsp HTTP/1.0" 500 3570
35.229.101.90 - - [01/Feb/2020:10:42:12 +0900] "GET /home/en/watwedo/philosophy.do HTTP/1.0" 200 7112
35.229.101.90 - - [01/Feb/2020:10:42:13 +0900] "GET /error/kr/error.jsp HTTP/1.0" 500 3570
35.229.101.90 - - [01/Feb/2020:10:42:14 +0900] "GET /home/main/main.do HTTP/1.0" 200 12222
54.74.245.101 - - [01/Feb/2020:10:44:05 +0900] "GET /index.jsp HTTP/1.1" 302 -
54.74.245.101 - - [01/Feb/2020:10:44:05 +0900] "GET /home/main/main.do HTTP/1.1" 200 12222
157.55.39.196 - - [01/Feb/2020:10:49:05 +0900] "GET /error/kr/error.jsp HTTP/1.1" 500 3570
125.209.235.171 - - [01/Feb/2020:10:50:13 +0900] "GET /index.jsp HTTP/1.1" 302 -
125.209.235.171 - - [01/Feb/2020:10:50:13 +0900] "GET /home/main/main.do HTTP/1.1" 302 -
125.209.235.171 - - [01/Feb/2020:10:50:13 +0900] "GET /home/main/main.do HTTP/1.1" 200 8898
125.209.235.169 - - [01/Feb/2020:10:50:13 +0900] "GET /error/kr/error.jsp HTTP/1.1" 500 3762
125.209.235.175 - - [01/Feb/2020:10:50:16 +0900] "GET /index.jsp HTTP/1.1" 302 -
125.209.235.175 - - [01/Feb/2020:10:50:16 +0900] "GET /home/main/main.do HTTP/1.1" 200 12222
34.199.176.251 - - [01/Feb/2020:11:03:01 +0900] "GET /home/news/news/view.do?num=1 HTTP/1.1" 200 8971
34.199.176.251 - - [01/Feb/2020:11:03:20 +0900] "GET /home/news/news/view.do HTTP/1.1" 500 3570
54.242.55.204 - - [01/Feb/2020:11:04:13 +0900] "GET /error/kr/error.jsp HTTP/1.1" 500 3570
54.242.55.204 - - [01/Feb/2020:11:04:15 +0900] "GET /error/kr/error.jsp HTTP/1.1" 500 3570
66.249.64.90 - - [01/Feb/2020:11:08:09 +0900] "GET /error/kr/error.jsp HTTP/1.1" 500 3762
175.223.34.130 - - [01/Feb/2020:11:09:17 +0900] "GET /home/whoweare/china.do HTTP/1.1" 200 11536
157.55.39.187 - - [01/Feb/2020:11:10:40 +0900] "GET /error/kr/error.jsp HTTP/1.1" 500 3570
41.50.80.77 - - [01/Feb/2020:11:16:16 +0900] "GET /index.jsp HTTP/1.1" 302 -
157.55.39.187 - - [01/Feb/2020:11:17:39 +0900] "GET /error/kr/error.jsp HTTP/1.1" 500 3570
193.111.62.163 - - [01/Feb/2020:11:19:21 +0900] "GET /home/news/news/list.do HTTP/1.1" 200 7091
95.163.255.18 - - [01/Feb/2020:11:26:28 +0900] "GET /error/kr/error.jsp HTTP/1.0" 500 3570
40.77.167.131 - - [01/Feb/2020:11:26:30 +0900] "GET /error/kr/error.jsp HTTP/1.1" 500 3570
95.163.255.16 - - [01/Feb/2020:11:26:31 +0900] "GET /home/en/about/about.do HTTP/1.1" 200 14811
66.249.64.94 - - [01/Feb/2020:11:28:28 +0900] "GET /error/kr/error.jsp HTTP/1.1" 500 3762
157.55.39.23 - - [01/Feb/2020:11:36:10 +0900] "GET /error/kr/error.jsp HTTP/1.1" 500 3570
66.249.64.90 - - [01/Feb/2020:11:38:37 +0900] "GET /error/kr/error.jsp HTTP/1.1" 500 3762
66.249.64.210 - - [01/Feb/2020:11:48:30 +0900] "GET /error/kr/error.jsp HTTP/1.1" 500 3570
125.209.235.177 - - [01/Feb/2020:11:51:26 +0900] "GET /error/kr/error.jsp HTTP/1.1" 500 3570
157.55.39.227 - - [01/Feb/2020:11:54:20 +0900] "GET /error/kr/error.jsp HTTP/1.1" 500 3570
119.207.72.74 - - [01/Feb/2020:11:57:41 +0900] "GET /home/news/news/view.do?page=2&num=12 HTTP/1.1" 200 9083
37.202.0.11 - - [01/Feb/2020:12:06:00 +0900] "GET /error/kr/error.jsp HTTP/1.1" 500 3570
37.202.0.11 - - [01/Feb/2020:12:06:01 +0900] "GET /index.jsp HTTP/1.1" 302 -
37.202.0.11 - - [01/Feb/2020:12:06:02 +0900] "GET /home/main/main.do HTTP/1.1" 200 12222
37.202.0.11 - - [01/Feb/2020:12:06:34 +0900] "GET /index.jsp?p=1 HTTP/1.1" 302 -
37.202.0.11 - - [01/Feb/2020:12:06:54 +0900] "GET /error/kr/error.jsp HTTP/1.1" 500 3570
37.202.0.11 - - [01/Feb/2020:12:06:54 +0900] "GET /error/kr/error.jsp HTTP/1.1" 500 3570
37.202.0.11 - - [01/Feb/2020:12:06:56 +0900] "GET /error/kr/error.jsp HTTP/1.1" 500 3570
37.202.0.11 - - [01/Feb/2020:12:07:29 +0900] "GET /index.jsp?author=1 HTTP/1.1" 302 -
37.202.0.11 - - [01/Feb/2020:12:07:32 +0900] "GET /home/main/main.do HTTP/1.1" 200 12222
37.202.0.11 - - [01/Feb/2020:12:07:38 +0900] "GET /index.jsp?author[]=1 HTTP/1.1" 302 -
37.202.0.11 - - [01/Feb/2020:12:07:38 +0900] "GET /home/main/main.do HTTP/1.1" 200 12222
37.202.0.11 - - [01/Feb/2020:12:07:39 +0900] "GET /index.jsp HTTP/1.1" 302 -
37.202.0.11 - - [01/Feb/2020:12:07:54 +0900] "GET /home/main/main.do HTTP/1.1" 200 12222
37.202.0.11 - - [01/Feb/2020:12:07:58 +0900] "GET /error/kr/error.jsp HTTP/1.1" 500 3570
37.202.0.11 - - [01/Feb/2020:12:08:14 +0900] "GET /error/kr/error.jsp HTTP/1.1" 500 3570
37.202.0.11 - - [01/Feb/2020:12:08:15 +0900] "GET /error/kr/error.jsp HTTP/1.1" 500 3570
37.202.0.11 - - [01/Feb/2020:12:08:18 +0900] "GET /error/kr/error.jsp HTTP/1.1" 500 3570
37.202.0.11 - - [01/Feb/2020:12:08:18 +0900] "GET /error/kr/error.jsp HTTP/1.1" 500 3570
37.202.0.11 - - [01/Feb/2020:12:08:20 +0900] "GET /index.jsp HTTP/1.1" 302 -
37.202.0.11 - - [01/Feb/2020:12:08:28 +0900] "GET /home/main/main.do HTTP/1.1" 200 12222
37.202.0.11 - - [01/Feb/2020:12:08:33 +0900] "GET /error/kr/error.jsp HTTP/1.1" 500 3570
37.202.0.11 - - [01/Feb/2020:12:08:48 +0900] "GET /index.jsp HTTP/1.1" 302 -
37.202.0.11 - - [01/Feb/2020:12:08:51 +0900] "GET /home/main/main.do HTTP/1.1" 200 12222
37.202.0.11 - - [01/Feb/2020:12:09:23 +0900] "GET /error/kr/error.jsp HTTP/1.1" 500 3570
37.202.0.11 - - [01/Feb/2020:12:09:26 +0900] "GET /error/kr/error.jsp HTTP/1.1" 500 3570
37.202.0.11 - - [01/Feb/2020:12:09:31 +0900] "GET /error/kr/error.jsp HTTP/1.1" 500 3570
37.202.0.11 - - [01/Feb/2020:12:09:32 +0900] "GET /error/kr/error.jsp HTTP/1.1" 500 3570
37.202.0.11 - - [01/Feb/2020:12:09:40 +0900] "GET /error/kr/error.jsp HTTP/1.1" 500 3570
37.202.0.11 - - [01/Feb/2020:12:09:43 +0900] "GET /error/kr/error.jsp HTTP/1.1" 500 3570
37.202.0.11 - - [01/Feb/2020:12:09:48 +0900] "GET /error/kr/error.jsp HTTP/1.1" 500 3570
37.202.0.11 - - [01/Feb/2020:12:09:50 +0900] "GET /error/kr/error.jsp HTTP/1.1" 500 3570
37.202.0.11 - - [01/Feb/2020:12:09:58 +0900] "GET /error/kr/error.jsp HTTP/1.1" 500 3570
37.202.0.11 - - [01/Feb/2020:12:09:59 +0900] "GET /error/kr/error.jsp HTTP/1.1" 500 3570
37.202.0.11 - - [01/Feb/2020:12:10:01 +0900] "GET /error/kr/error.jsp HTTP/1.1" 500 3570
37.202.0.11 - - [01/Feb/2020:12:10:11 +0900] "GET /error/kr/error.jsp HTTP/1.1" 500 3570
37.202.0.11 - - [01/Feb/2020:12:10:15 +0900] "GET /error/kr/error.jsp HTTP/1.1" 500 3570
37.202.0.11 - - [01/Feb/2020:12:10:23 +0900] "GET /error/kr/error.jsp HTTP/1.1" 500 3570
37.202.0.11 - - [01/Feb/2020:12:10:25 +0900] "GET /error/kr/error.jsp HTTP/1.1" 500 3570
37.202.0.11 - - [01/Feb/2020:12:10:26 +0900] "GET /error/kr/error.jsp HTTP/1.1" 500 3570
37.202.0.11 - - [01/Feb/2020:12:10:28 +0900] "GET /error/kr/error.jsp HTTP/1.1" 500 3570
37.202.0.11 - - [01/Feb/2020:12:10:29 +0900] "GET /error/kr/error.jsp HTTP/1.1" 500 3570
37.202.0.11 - - [01/Feb/2020:12:10:30 +0900] "GET /error/kr/error.jsp HTTP/1.1" 500 3570
37.202.0.11 - - [01/Feb/2020:12:10:30 +0900] "GET /error/kr/error.jsp HTTP/1.1" 500 3570
37.202.0.11 - - [01/Feb/2020:12:10:31 +0900] "GET /error/kr/error.jsp HTTP/1.1" 500 3570
37.202.0.11 - - [01/Feb/2020:12:10:36 +0900] "GET /error/kr/error.jsp HTTP/1.1" 500 3570
37.202.0.11 - - [01/Feb/2020:12:10:38 +0900] "GET /error/kr/error.jsp HTTP/1.1" 500 3570
37.202.0.11 - - [01/Feb/2020:12:10:59 +0900] "GET /error/kr/error.jsp HTTP/1.1" 500 3570
37.202.0.11 - - [01/Feb/2020:12:11:03 +0900] "GET /error/kr/error.jsp HTTP/1.1" 500 3570
37.202.0.11 - - [01/Feb/2020:12:11:04 +0900] "GET /error/kr/error.jsp HTTP/1.1" 500 3570
37.202.0.11 - - [01/Feb/2020:12:11:05 +0900] "GET /error/kr/error.jsp HTTP/1.1" 500 3570
37.202.0.11 - - [01/Feb/2020:12:11:07 +0900] "GET /error/kr/error.jsp HTTP/1.1" 500 3570
37.202.0.11 - - [01/Feb/2020:12:11:08 +0900] "GET /error/kr/error.jsp HTTP/1.1" 500 3570
37.202.0.11 - - [01/Feb/2020:12:11:13 +0900] "GET /error/kr/error.jsp HTTP/1.1" 500 3570
37.202.0.11 - - [01/Feb/2020:12:11:17 +0900] "GET /error/kr/error.jsp HTTP/1.1" 500 3570
37.202.0.11 - - [01/Feb/2020:12:11:20 +0900] "GET /error/kr/error.jsp HTTP/1.1" 500 3570
37.202.0.11 - - [01/Feb/2020:12:11:21 +0900] "GET /error/kr/error.jsp HTTP/1.1" 500 3570
37.202.0.11 - - [01/Feb/2020:12:11:21 +0900] "GET /error/kr/error.jsp HTTP/1.1" 500 3570
37.202.0.11 - - [01/Feb/2020:12:11:22 +0900] "GET /error/kr/error.jsp HTTP/1.1" 500 3570
37.202.0.11 - - [01/Feb/2020:12:11:24 +0900] "GET /error/kr/error.jsp HTTP/1.1" 500 3570
37.202.0.11 - - [01/Feb/2020:12:11:27 +0900] "GET /error/kr/error.jsp HTTP/1.1" 500 3570
37.202.0.11 - - [01/Feb/2020:12:11:28 +0900] "GET /error/kr/error.jsp HTTP/1.1" 500 3570
37.202.0.11 - - [01/Feb/2020:12:11:31 +0900] "GET /error/kr/error.jsp HTTP/1.1" 500 3570
37.202.0.11 - - [01/Feb/2020:12:11:35 +0900] "GET /error/kr/error.jsp HTTP/1.1" 500 3570
37.202.0.11 - - [01/Feb/2020:12:11:38 +0900] "GET /error/kr/error.jsp HTTP/1.1" 500 3570
37.202.0.11 - - [01/Feb/2020:12:12:09 +0900] "GET /error/kr/error.jsp HTTP/1.1" 500 3570
37.202.0.11 - - [01/Feb/2020:12:12:10 +0900] "GET /error/kr/error.jsp HTTP/1.1" 500 3570
37.202.0.11 - - [01/Feb/2020:12:12:12 +0900] "GET /error/kr/error.jsp HTTP/1.1" 500 3570
37.202.0.11 - - [01/Feb/2020:12:12:12 +0900] "GET /error/kr/error.jsp HTTP/1.1" 500 3570
37.202.0.11 - - [01/Feb/2020:12:12:13 +0900] "GET /error/kr/error.jsp HTTP/1.1" 500 3570
37.202.0.11 - - [01/Feb/2020:12:12:13 +0900] "GET /error/kr/error.jsp HTTP/1.1" 500 3570
37.202.0.11 - - [01/Feb/2020:12:12:17 +0900] "GET /error/kr/error.jsp HTTP/1.1" 500 3570
37.202.0.11 - - [01/Feb/2020:12:12:24 +0900] "GET /error/kr/error.jsp HTTP/1.1" 500 3570
37.202.0.11 - - [01/Feb/2020:12:12:25 +0900] "GET /error/kr/error.jsp HTTP/1.1" 500 3570
37.202.0.11 - - [01/Feb/2020:12:12:26 +0900] "GET /error/kr/error.jsp HTTP/1.1" 500 3570
37.202.0.11 - - [01/Feb/2020:12:12:28 +0900] "GET /error/kr/error.jsp HTTP/1.1" 500 3570
37.202.0.11 - - [01/Feb/2020:12:12:30 +0900] "GET /error/kr/error.jsp HTTP/1.1" 500 3570
37.202.0.11 - - [01/Feb/2020:12:12:34 +0900] "GET /error/kr/error.jsp HTTP/1.1" 500 3570
37.202.0.11 - - [01/Feb/2020:12:12:37 +0900] "GET /error/kr/error.jsp HTTP/1.1" 500 3570
37.202.0.11 - - [01/Feb/2020:12:12:37 +0900] "GET /error/kr/error.jsp HTTP/1.1" 500 3570
37.202.0.11 - - [01/Feb/2020:12:12:38 +0900] "GET /error/kr/error.jsp HTTP/1.1" 500 3570
37.202.0.11 - - [01/Feb/2020:12:12:39 +0900] "GET /error/kr/error.jsp HTTP/1.1" 500 3570
37.202.0.11 - - [01/Feb/2020:12:12:39 +0900] "GET /error/kr/error.jsp HTTP/1.1" 500 3570
37.202.0.11 - - [01/Feb/2020:12:12:40 +0900] "GET /error/kr/error.jsp HTTP/1.1" 500 3570
37.202.0.11 - - [01/Feb/2020:12:12:44 +0900] "GET /error/kr/error.jsp HTTP/1.1" 500 3570
37.202.0.11 - - [01/Feb/2020:12:12:45 +0900] "GET /error/kr/error.jsp HTTP/1.1" 500 3570
37.202.0.11 - - [01/Feb/2020:12:12:49 +0900] "GET /error/kr/error.jsp HTTP/1.1" 500 3570
37.202.0.11 - - [01/Feb/2020:12:12:59 +0900] "GET /error/kr/error.jsp HTTP/1.1" 500 3570
37.202.0.11 - - [01/Feb/2020:12:13:02 +0900] "GET /error/kr/error.jsp HTTP/1.1" 500 3570
37.202.0.11 - - [01/Feb/2020:12:13:02 +0900] "GET /error/kr/error.jsp HTTP/1.1" 500 3570
37.202.0.11 - - [01/Feb/2020:12:13:03 +0900] "GET /error/kr/error.jsp HTTP/1.1" 500 3570
37.202.0.11 - - [01/Feb/2020:12:13:05 +0900] "GET /error/kr/error.jsp HTTP/1.1" 500 3570
37.202.0.11 - - [01/Feb/2020:12:13:06 +0900] "GET /error/kr/error.jsp HTTP/1.1" 500 3570
37.202.0.11 - - [01/Feb/2020:12:13:11 +0900] "GET /error/kr/error.jsp HTTP/1.1" 500 3570
37.202.0.11 - - [01/Feb/2020:12:13:12 +0900] "GET /error/kr/error.jsp HTTP/1.1" 500 3570
37.202.0.11 - - [01/Feb/2020:12:13:13 +0900] "GET /error/kr/error.jsp HTTP/1.1" 500 3570
37.202.0.11 - - [01/Feb/2020:12:13:14 +0900] "GET /error/kr/error.jsp HTTP/1.1" 500 3570
37.202.0.11 - - [01/Feb/2020:12:13:15 +0900] "GET /error/kr/error.jsp HTTP/1.1" 500 3570
37.202.0.11 - - [01/Feb/2020:12:13:17 +0900] "GET /error/kr/error.jsp HTTP/1.1" 500 3570
37.202.0.11 - - [01/Feb/2020:12:13:19 +0900] "GET /error/kr/error.jsp HTTP/1.1" 500 3570
54.153.47.164 - - [01/Feb/2020:12:13:31 +0900] "GET /error/kr/error.jsp HTTP/1.1" 500 3570
37.202.0.11 - - [01/Feb/2020:12:13:36 +0900] "GET /error/kr/error.jsp HTTP/1.1" 500 3570
37.202.0.11 - - [01/Feb/2020:12:13:53 +0900] "GET /error/kr/error.jsp HTTP/1.1" 500 3570
37.202.0.11 - - [01/Feb/2020:12:14:10 +0900] "GET /error/kr/error.jsp HTTP/1.1" 500 3570
37.202.0.11 - - [01/Feb/2020:12:14:10 +0900] "GET /error/kr/error.jsp HTTP/1.1" 500 3570
37.202.0.11 - - [01/Feb/2020:12:14:11 +0900] "GET /error/kr/error.jsp HTTP/1.1" 500 3570
37.202.0.11 - - [01/Feb/2020:12:14:15 +0900] "GET /error/kr/error.jsp HTTP/1.1" 500 3570
37.202.0.11 - - [01/Feb/2020:12:14:16 +0900] "GET /error/kr/error.jsp HTTP/1.1" 500 3570
37.202.0.11 - - [01/Feb/2020:12:14:17 +0900] "GET /error/kr/error.jsp HTTP/1.1" 500 3570
37.202.0.11 - - [01/Feb/2020:12:14:17 +0900] "GET /error/kr/error.jsp HTTP/1.1" 500 3570
37.202.0.11 - - [01/Feb/2020:12:14:23 +0900] "GET /error/kr/error.jsp HTTP/1.1" 500 3570
37.202.0.11 - - [01/Feb/2020:12:14:26 +0900] "GET /error/kr/error.jsp HTTP/1.1" 500 3570
37.202.0.11 - - [01/Feb/2020:12:14:43 +0900] "GET /error/kr/error.jsp HTTP/1.1" 500 3570
37.202.0.11 - - [01/Feb/2020:12:14:47 +0900] "GET /error/kr/error.jsp HTTP/1.1" 500 3570
37.202.0.11 - - [01/Feb/2020:12:14:49 +0900] "GET /error/kr/error.jsp HTTP/1.1" 500 3570
37.202.0.11 - - [01/Feb/2020:12:14:50 +0900] "GET /error/kr/error.jsp HTTP/1.1" 500 3570
37.202.0.11 - - [01/Feb/2020:12:14:50 +0900] "GET /error/kr/error.jsp HTTP/1.1" 500 3570
37.202.0.11 - - [01/Feb/2020:12:14:51 +0900] "GET /error/kr/error.jsp HTTP/1.1" 500 3570
37.202.0.11 - - [01/Feb/2020:12:14:55 +0900] "GET /error/kr/error.jsp HTTP/1.1" 500 3570
37.202.0.11 - - [01/Feb/2020:12:14:57 +0900] "GET /error/kr/error.jsp HTTP/1.1" 500 3570
37.202.0.11 - - [01/Feb/2020:12:15:00 +0900] "GET /error/kr/error.jsp HTTP/1.1" 500 3570
37.202.0.11 - - [01/Feb/2020:12:15:04 +0900] "GET /error/kr/error.jsp HTTP/1.1" 500 3570
37.202.0.11 - - [01/Feb/2020:12:15:11 +0900] "GET /error/kr/error.jsp HTTP/1.1" 500 3570
37.202.0.11 - - [01/Feb/2020:12:15:14 +0900] "GET /error/kr/error.jsp HTTP/1.1" 500 3570
37.202.0.11 - - [01/Feb/2020:12:15:19 +0900] "GET /error/kr/error.jsp HTTP/1.1" 500 3570
37.202.0.11 - - [01/Feb/2020:12:15:20 +0900] "GET /error/kr/error.jsp HTTP/1.1" 500 3570
193.111.62.163 - - [01/Feb/2020:12:15:24 +0900] "GET /home/news/news/list.do HTTP/1.1" 200 7091
37.202.0.11 - - [01/Feb/2020:12:15:24 +0900] "GET /error/kr/error.jsp HTTP/1.1" 500 3570
37.202.0.11 - - [01/Feb/2020:12:15:24 +0900] "GET /error/kr/error.jsp HTTP/1.1" 500 3570
37.202.0.11 - - [01/Feb/2020:12:15:25 +0900] "GET /error/kr/error.jsp HTTP/1.1" 500 3570
37.202.0.11 - - [01/Feb/2020:12:15:27 +0900] "GET /error/kr/error.jsp HTTP/1.1" 500 3570
37.202.0.11 - - [01/Feb/2020:12:15:27 +0900] "GET /error/kr/error.jsp HTTP/1.1" 500 3570
37.202.0.11 - - [01/Feb/2020:12:15:31 +0900] "GET /error/kr/error.jsp HTTP/1.1" 500 3570
37.202.0.11 - - [01/Feb/2020:12:15:37 +0900] "GET /error/kr/error.jsp HTTP/1.1" 500 3570
37.202.0.11 - - [01/Feb/2020:12:15:40 +0900] "GET /error/kr/error.jsp HTTP/1.1" 500 3570
37.202.0.11 - - [01/Feb/2020:12:15:44 +0900] "GET /error/kr/error.jsp HTTP/1.1" 500 3570
37.202.0.11 - - [01/Feb/2020:12:15:48 +0900] "GET /error/kr/error.jsp HTTP/1.1" 500 3570
37.202.0.11 - - [01/Feb/2020:12:15:56 +0900] "GET /error/kr/error.jsp HTTP/1.1" 500 3570
37.202.0.11 - - [01/Feb/2020:12:15:57 +0900] "GET /error/kr/error.jsp HTTP/1.1" 500 3570
37.202.0.11 - - [01/Feb/2020:12:16:02 +0900] "GET /error/kr/error.jsp HTTP/1.1" 500 3570
37.202.0.11 - - [01/Feb/2020:12:16:02 +0900] "GET /error/kr/error.jsp HTTP/1.1" 500 3570
37.202.0.11 - - [01/Feb/2020:12:16:04 +0900] "GET /error/kr/error.jsp HTTP/1.1" 500 3570
37.202.0.11 - - [01/Feb/2020:12:16:05 +0900] "GET /error/kr/error.jsp HTTP/1.1" 500 3570
37.202.0.11 - - [01/Feb/2020:12:16:13 +0900] "GET /error/kr/error.jsp HTTP/1.1" 500 3570
37.202.0.11 - - [01/Feb/2020:12:16:44 +0900] "GET /error/kr/error.jsp HTTP/1.1" 500 3570
113.228.230.149 - - [01/Feb/2020:12:22:20 +0900] "GET /error/kr/error.jsp HTTP/1.1" 500 3570
39.7.46.215 - - [01/Feb/2020:12:33:44 +0900] "GET /index.jsp HTTP/1.1" 302 -
39.7.46.215 - - [01/Feb/2020:12:33:44 +0900] "GET /home/main/main.do HTTP/1.1" 302 -
39.7.46.215 - - [01/Feb/2020:12:33:44 +0900] "GET /home/main/main.do HTTP/1.1" 200 8898
39.7.46.215 - - [01/Feb/2020:12:33:45 +0900] "GET /error/kr/error.jsp HTTP/1.1" 500 3762
39.7.46.215 - - [01/Feb/2020:12:34:52 +0900] "GET /home/news/news/view.do?num=1 HTTP/1.1" 200 71892
40.77.167.131 - - [01/Feb/2020:12:37:39 +0900] "GET /error/kr/error.jsp HTTP/1.1" 500 3570
35.170.197.213 - - [01/Feb/2020:12:45:51 +0900] "GET /index.jsp HTTP/1.1" 302 -
35.170.197.213 - - [01/Feb/2020:12:45:52 +0900] "GET /home/main/main.do HTTP/1.1" 200 12222
35.170.33.206 - - [01/Feb/2020:12:45:52 +0900] "GET /index.jsp HTTP/1.1" 302 -
35.170.33.206 - - [01/Feb/2020:12:45:52 +0900] "GET /home/main/main.do HTTP/1.1" 200 12222
35.170.197.213 - - [01/Feb/2020:12:45:52 +0900] "GET /home/main/main.do HTTP/1.1" 200 12222
35.170.197.213 - - [01/Feb/2020:12:45:52 +0900] "GET /home/main/main.do HTTP/1.1" 200 12222
35.170.33.206 - - [01/Feb/2020:12:45:52 +0900] "GET /home/main/main.do HTTP/1.1" 200 12222
35.170.33.206 - - [01/Feb/2020:12:45:53 +0900] "GET /home/main/main.do HTTP/1.1" 200 12222
185.136.159.26 - - [01/Feb/2020:12:47:07 +0900] "GET /index.jsp HTTP/1.0" 302 -
185.136.159.26 - - [01/Feb/2020:12:47:08 +0900] "GET /home/main/main.do HTTP/1.0" 200 12222
138.204.135.82 - - [01/Feb/2020:12:57:17 +0900] "GET /index.jsp HTTP/1.1" 302 -
157.55.39.196 - - [01/Feb/2020:13:13:34 +0900] "GET /error/kr/error.jsp HTTP/1.1" 500 3570
24.72.106.58 - - [01/Feb/2020:13:14:43 +0900] "GET /index.jsp HTTP/1.1" 302 -
24.72.106.58 - - [01/Feb/2020:13:14:43 +0900] "GET /home/main/main.do HTTP/1.1" 200 12222
3.228.219.67 - - [01/Feb/2020:13:16:48 +0900] "GET /index.jsp HTTP/1.1" 302 -
3.228.219.67 - - [01/Feb/2020:13:16:48 +0900] "GET /home/main/main.do HTTP/1.1" 200 12222
3.228.219.67 - - [01/Feb/2020:13:16:48 +0900] "GET /home/main/main.do HTTP/1.1" 200 12222
3.228.219.67 - - [01/Feb/2020:13:16:49 +0900] "GET /home/main/main.do HTTP/1.1" 200 12222
35.182.76.174 - - [01/Feb/2020:13:17:09 +0900] "GET /error/kr/error.jsp HTTP/1.1" 500 3570
193.111.62.163 - - [01/Feb/2020:13:17:59 +0900] "GET /home/news/news/list.do HTTP/1.1" 200 7091
157.55.39.187 - - [01/Feb/2020:13:25:21 +0900] "GET /error/kr/error.jsp HTTP/1.1" 500 3570
157.55.39.187 - - [01/Feb/2020:13:30:49 +0900] "GET /home/meetourpartners/overseas.do HTTP/1.1" 200 32620
125.209.235.167 - - [01/Feb/2020:13:31:26 +0900] "GET /error/kr/error.jsp HTTP/1.1" 500 3570
34.223.244.114 - - [01/Feb/2020:13:37:57 +0900] "GET /error/kr/error.jsp HTTP/1.1" 500 3570
157.55.39.187 - - [01/Feb/2020:13:43:44 +0900] "GET /error/kr/error.jsp HTTP/1.1" 500 3570
40.77.167.131 - - [01/Feb/2020:13:46:20 +0900] "GET /error/kr/error.jsp HTTP/1.1" 500 3570
54.208.102.37 - - [01/Feb/2020:13:53:58 +0900] "GET /index.jsp HTTP/1.1" 302 -
54.208.102.37 - - [01/Feb/2020:13:53:58 +0900] "GET /home/en/main/main.do HTTP/1.1" 200 11080
107.21.1.8 - - [01/Feb/2020:13:54:00 +0900] "GET /index.jsp HTTP/1.1" 302 -
107.21.1.8 - - [01/Feb/2020:13:54:00 +0900] "GET /home/en/main/main.do HTTP/1.1" 200 11080
200.107.18.98 - - [01/Feb/2020:13:56:00 +0900] "GET /index.jsp HTTP/1.1" 302 -
45.33.66.85 - - [01/Feb/2020:13:57:17 +0900] "GET /error/kr/error.jsp HTTP/1.1" 500 3570
104.222.43.129 - - [01/Feb/2020:13:59:25 +0900] "GET /index.jsp HTTP/1.1" 302 -
104.222.43.129 - - [01/Feb/2020:13:59:25 +0900] "GET /home/en/main/main.do HTTP/1.1" 200 11080
103.131.71.50 - - [01/Feb/2020:14:14:54 +0900] "GET /error/kr/error.jsp HTTP/1.1" 500 3570
103.131.71.37 - - [01/Feb/2020:14:14:56 +0900] "GET /error/kr/error.jsp HTTP/1.1" 500 3762
103.131.71.44 - - [01/Feb/2020:14:15:00 +0900] "GET /error/kr/error.jsp HTTP/1.1" 500 3570
193.111.62.163 - - [01/Feb/2020:14:15:27 +0900] "GET /home/news/news/list.do HTTP/1.1" 200 7091
2.187.51.79 - - [01/Feb/2020:14:21:39 +0900] "GET /index.jsp HTTP/1.1" 302 -
66.249.64.94 - - [01/Feb/2020:14:22:47 +0900] "GET /error/kr/error.jsp HTTP/1.1" 500 3762
13.57.220.95 - - [01/Feb/2020:14:27:06 +0900] "GET /error/kr/error.jsp HTTP/1.1" 500 3570
125.209.235.177 - - [01/Feb/2020:14:29:38 +0900] "GET /index.jsp HTTP/1.1" 302 -
125.209.235.177 - - [01/Feb/2020:14:29:39 +0900] "GET /home/main/main.do HTTP/1.1" 200 12222
34.199.176.251 - - [01/Feb/2020:14:39:32 +0900] "GET /home/news/news/view.do?num=1 HTTP/1.1" 200 8971
34.199.176.251 - - [01/Feb/2020:14:39:48 +0900] "GET /home/news/news/view.do HTTP/1.1" 500 3570
17.58.96.164 - - [01/Feb/2020:14:44:18 +0900] "GET /error/kr/error.jsp HTTP/1.1" 500 3570
17.58.96.118 - - [01/Feb/2020:14:44:18 +0900] "GET /error/kr/error.jsp HTTP/1.1" 500 3570
182.229.101.147 - - [01/Feb/2020:14:45:34 +0900] "GET /index.jsp HTTP/1.1" 302 -
182.229.101.147 - - [01/Feb/2020:14:45:35 +0900] "GET /home/main/main.do HTTP/1.1" 200 12222
157.55.39.227 - - [01/Feb/2020:14:45:40 +0900] "GET /home/news/news/view.do?page=2&num=10 HTTP/1.1" 200 6756
182.229.101.147 - - [01/Feb/2020:14:45:43 +0900] "GET /home/watwedo/overview.do HTTP/1.1" 200 6147
182.229.101.147 - - [01/Feb/2020:14:45:47 +0900] "GET /home/meetourpartners/all.do HTTP/1.1" 200 101569
182.229.101.147 - - [01/Feb/2020:14:45:49 +0900] "GET /home/contact/contact.do HTTP/1.1" 200 5224
182.229.101.147 - - [01/Feb/2020:14:46:03 +0900] "GET /home/meetourpartners/all.do HTTP/1.1" 200 101569
182.229.101.147 - - [01/Feb/2020:14:46:05 +0900] "GET /home/whoweare/korea.do HTTP/1.1" 200 30366
182.229.101.147 - - [01/Feb/2020:14:46:19 +0900] "GET /home/about/about.do HTTP/1.1" 200 14216
182.229.101.147 - - [01/Feb/2020:14:46:20 +0900] "GET /home/watwedo/overview.do HTTP/1.1" 200 6147
182.229.101.147 - - [01/Feb/2020:14:46:25 +0900] "GET /home/watwedo/philosophy.do HTTP/1.1" 200 7162
35.181.51.99 - - [01/Feb/2020:14:56:35 +0900] "GET /error/kr/error.jsp HTTP/1.1" 500 3570
38.99.62.91 - - [01/Feb/2020:15:06:49 +0900] "GET /home/meetourpartners/all.do HTTP/1.1" 200 101569
38.99.62.91 - - [01/Feb/2020:15:07:29 +0900] "GET /home/meetourpartners/all.do HTTP/1.1" 200 101569
38.99.62.91 - - [01/Feb/2020:15:08:09 +0900] "GET /home/meetourpartners/overseas.do HTTP/1.1" 200 32620
38.99.62.91 - - [01/Feb/2020:15:09:24 +0900] "GET /home/meetourpartners/all.do HTTP/1.1" 200 101569
38.99.62.91 - - [01/Feb/2020:15:10:04 +0900] "GET /home/meetourpartners/overseas.do HTTP/1.1" 200 32620
38.99.62.91 - - [01/Feb/2020:15:11:23 +0900] "GET /home/meetourpartners/all.do HTTP/1.1" 200 101569
38.99.62.91 - - [01/Feb/2020:15:11:48 +0900] "GET /home/meetourpartners/overseas.do HTTP/1.1" 200 32620
66.249.64.94 - - [01/Feb/2020:15:12:47 +0900] "GET /error/kr/error.jsp HTTP/1.1" 500 3762
38.99.62.91 - - [01/Feb/2020:15:13:46 +0900] "GET /home/meetourpartners/all.do HTTP/1.1" 200 101569
38.99.62.91 - - [01/Feb/2020:15:14:26 +0900] "GET /home/en/meetourpartners/all.do HTTP/1.1" 200 95227
38.99.62.91 - - [01/Feb/2020:15:14:51 +0900] "GET /home/meetourpartners/overseas.do HTTP/1.1" 200 32620
38.99.62.91 - - [01/Feb/2020:15:17:14 +0900] "GET /home/meetourpartners/all.do HTTP/1.1" 200 101569
38.99.62.91 - - [01/Feb/2020:15:17:54 +0900] "GET /home/meetourpartners/overseas.do HTTP/1.1" 200 32620
193.111.62.163 - - [01/Feb/2020:15:18:11 +0900] "GET /home/news/news/list.do HTTP/1.1" 200 7091
38.99.62.91 - - [01/Feb/2020:15:20:31 +0900] "GET /home/en/meetourpartners/all.do HTTP/1.1" 200 95227
38.99.62.91 - - [01/Feb/2020:15:21:10 +0900] "GET /home/meetourpartners/overseas.do HTTP/1.1" 200 32620
38.99.62.91 - - [01/Feb/2020:15:23:19 +0900] "GET /home/meetourpartners/all.do HTTP/1.1" 200 101569
38.99.62.91 - - [01/Feb/2020:15:23:44 +0900] "GET /home/meetourpartners/overseas.do HTTP/1.1" 200 32620
38.99.62.91 - - [01/Feb/2020:15:24:24 +0900] "GET /home/en/meetourpartners/all.do HTTP/1.1" 200 95227
38.99.62.91 - - [01/Feb/2020:15:25:04 +0900] "GET /home/meetourpartners/overseas.do HTTP/1.1" 200 32620
38.99.62.91 - - [01/Feb/2020:15:26:22 +0900] "GET /home/meetourpartners/all.do HTTP/1.1" 200 101569
38.99.62.91 - - [01/Feb/2020:15:27:02 +0900] "GET /home/meetourpartners/overseas.do HTTP/1.1" 200 32620
38.99.62.91 - - [01/Feb/2020:15:28:21 +0900] "GET /home/meetourpartners/all.do HTTP/1.1" 200 101569
38.99.62.91 - - [01/Feb/2020:15:29:00 +0900] "GET /home/en/meetourpartners/all.do HTTP/1.1" 200 95227
38.99.62.91 - - [01/Feb/2020:15:29:40 +0900] "GET /home/meetourpartners/overseas.do HTTP/1.1" 200 32620
38.99.62.91 - - [01/Feb/2020:15:30:45 +0900] "GET /home/news/news/list.do HTTP/1.1" 200 7091
125.209.235.186 - - [01/Feb/2020:15:31:26 +0900] "GET /error/kr/error.jsp HTTP/1.1" 500 3570
38.99.62.91 - - [01/Feb/2020:15:32:42 +0900] "GET /home/contact/contact.do HTTP/1.1" 200 5224
