121.165.138.11 - - [11/Feb/2020:00:12:51 +0900] "GET /index.jsp HTTP/1.1" 302 -
121.165.138.11 - - [11/Feb/2020:00:12:51 +0900] "GET /home/main/main.do HTTP/1.1" 200 12222
121.165.138.11 - - [11/Feb/2020:00:12:53 +0900] "GET /home/whoweare/korea.do HTTP/1.1" 200 30366
121.165.138.11 - - [11/Feb/2020:00:13:12 +0900] "GET /index.jsp HTTP/1.1" 302 -
121.165.138.11 - - [11/Feb/2020:00:13:12 +0900] "GET /home/main/main.do HTTP/1.1" 200 12222
121.165.138.11 - - [11/Feb/2020:00:13:57 +0900] "GET /index.jsp HTTP/1.1" 302 -
121.165.138.11 - - [11/Feb/2020:00:13:57 +0900] "GET /home/main/main.do HTTP/1.1" 200 12222
121.165.138.11 - - [11/Feb/2020:00:13:59 +0900] "GET /home/meetourpartners/all.do HTTP/1.1" 200 101569
121.165.138.11 - - [11/Feb/2020:00:14:02 +0900] "GET /home/whoweare/korea.do HTTP/1.1" 200 30366
121.165.138.11 - - [11/Feb/2020:00:14:04 +0900] "GET /home/whoweare/china.do HTTP/1.1" 200 10340
121.165.138.11 - - [11/Feb/2020:00:17:35 +0900] "GET /home/whoweare/korea.do HTTP/1.1" 200 30366
121.165.138.11 - - [11/Feb/2020:00:17:56 +0900] "GET /home/contact/contact.do HTTP/1.1" 200 5224
121.165.138.11 - - [11/Feb/2020:00:18:06 +0900] "GET /home/meetourpartners/all.do HTTP/1.1" 200 101569
121.165.138.11 - - [11/Feb/2020:00:18:09 +0900] "GET /home/meetourpartners/overseas.do HTTP/1.1" 200 32620
121.165.138.11 - - [11/Feb/2020:00:18:24 +0900] "GET /home/whoweare/korea.do HTTP/1.1" 200 30366
121.165.138.11 - - [11/Feb/2020:00:18:36 +0900] "GET /home/whoweare/china.do HTTP/1.1" 200 10340
121.165.138.11 - - [11/Feb/2020:00:19:51 +0900] "GET /home/main/main.do HTTP/1.1" 200 12222
121.165.138.11 - - [11/Feb/2020:00:20:19 +0900] "GET /home/main/main.do HTTP/1.1" 200 12222
40.77.167.119 - - [11/Feb/2020:00:23:43 +0900] "GET /error/kr/error.jsp HTTP/1.1" 500 3570
151.234.45.72 - - [11/Feb/2020:00:27:37 +0900] "GET /index.jsp HTTP/1.1" 302 -
193.111.62.163 - - [11/Feb/2020:00:28:27 +0900] "GET /home/news/news/list.do HTTP/1.1" 200 7091
157.55.39.165 - - [11/Feb/2020:00:33:48 +0900] "GET /error/kr/error.jsp HTTP/1.1" 500 3570
128.14.134.170 - - [11/Feb/2020:00:34:34 +0900] "GET /index.jsp HTTP/1.1" 302 -
128.14.134.170 - - [11/Feb/2020:00:34:34 +0900] "GET /home/main/main.do HTTP/1.1" 200 12222
207.46.13.231 - - [11/Feb/2020:00:37:48 +0900] "GET /error/kr/error.jsp HTTP/1.1" 500 3570
157.55.39.165 - - [11/Feb/2020:00:39:36 +0900] "GET /index.jsp HTTP/1.1" 302 -
125.209.235.181 - - [11/Feb/2020:00:45:44 +0900] "GET /error/kr/error.jsp HTTP/1.1" 500 3570
125.209.235.174 - - [11/Feb/2020:00:45:46 +0900] "GET /home/whoweare/korea.do HTTP/1.1" 200 30366
157.55.39.165 - - [11/Feb/2020:00:55:21 +0900] "GET /error/kr/error.jsp HTTP/1.1" 500 3570
103.59.50.2 - - [11/Feb/2020:00:57:35 +0900] "GET /error/kr/error.jsp HTTP/1.1" 500 3570
157.55.39.23 - - [11/Feb/2020:01:06:17 +0900] "GET /error/kr/error.jsp HTTP/1.1" 500 3570
207.46.13.231 - - [11/Feb/2020:01:06:21 +0900] "GET /error/kr/error.jsp HTTP/1.1" 500 3570
207.46.13.231 - - [11/Feb/2020:01:17:13 +0900] "GET /error/kr/error.jsp HTTP/1.1" 500 3570
193.111.62.163 - - [11/Feb/2020:01:26:45 +0900] "GET /home/news/news/list.do HTTP/1.1" 200 7091
119.207.72.111 - - [11/Feb/2020:01:51:01 +0900] "GET /home/watwedo/overview.do HTTP/1.1" 200 6147
139.180.219.131 - - [11/Feb/2020:01:54:49 +0900] "GET /home/en/whoweare/korea.do HTTP/1.1" 200 30344
142.79.199.207 - - [11/Feb/2020:01:59:39 +0900] "GET /home/en/whoweare/korea.do HTTP/1.1" 200 44383
142.79.199.207 - - [11/Feb/2020:02:00:47 +0900] "GET /index.jsp HTTP/1.1" 302 -
142.79.199.207 - - [11/Feb/2020:02:00:47 +0900] "GET /home/en/main/main.do HTTP/1.1" 200 11080
142.79.199.207 - - [11/Feb/2020:02:01:00 +0900] "GET /home/en/whoweare/korea.do HTTP/1.1" 200 30344
142.79.199.207 - - [11/Feb/2020:02:01:11 +0900] "GET /home/en/watwedo/overview.do HTTP/1.1" 200 6156
142.79.199.207 - - [11/Feb/2020:02:01:15 +0900] "GET /home/en/watwedo/history.do HTTP/1.1" 200 10541
142.79.199.207 - - [11/Feb/2020:02:01:18 +0900] "GET /home/en/meetourpartners/all.do HTTP/1.1" 200 95227
142.79.199.207 - - [11/Feb/2020:02:01:33 +0900] "GET /home/en/main/main.do HTTP/1.1" 200 11080
119.207.72.142 - - [11/Feb/2020:02:08:16 +0900] "GET /home/about/about.do HTTP/1.1" 200 14216
34.199.176.251 - - [11/Feb/2020:02:10:13 +0900] "GET /home/news/news/view.do?num=3 HTTP/1.1" 200 5573
34.199.176.251 - - [11/Feb/2020:02:10:14 +0900] "GET /home/news/news/view.do HTTP/1.1" 500 3570
34.199.176.251 - - [11/Feb/2020:02:10:25 +0900] "GET /home/news/news/view.do?num=3 HTTP/1.1" 200 5573
34.199.176.251 - - [11/Feb/2020:02:10:25 +0900] "GET /home/news/news/view.do HTTP/1.1" 500 3570
34.199.176.251 - - [11/Feb/2020:02:10:40 +0900] "GET /home/news/news/view.do?num=3 HTTP/1.1" 200 5573
34.199.176.251 - - [11/Feb/2020:02:10:41 +0900] "GET /home/news/news/view.do HTTP/1.1" 500 3570
54.203.178.131 - - [11/Feb/2020:02:16:45 +0900] "GET /index.jsp HTTP/1.1" 302 -
54.203.178.131 - - [11/Feb/2020:02:16:45 +0900] "GET /home/main/main.do HTTP/1.1" 200 12222
157.55.39.165 - - [11/Feb/2020:02:16:57 +0900] "GET /error/kr/error.jsp HTTP/1.1" 500 3570
66.249.75.182 - - [11/Feb/2020:02:17:47 +0900] "GET /error/kr/error.jsp HTTP/1.1" 500 3570
66.249.75.178 - - [11/Feb/2020:02:27:58 +0900] "GET /error/kr/error.jsp HTTP/1.1" 500 3570
119.207.72.72 - - [11/Feb/2020:02:30:15 +0900] "GET /home/news/news/view.do?page=&num=2 HTTP/1.1" 200 6974
193.111.62.163 - - [11/Feb/2020:02:36:48 +0900] "GET /home/news/news/list.do HTTP/1.1" 200 7091
66.249.75.220 - - [11/Feb/2020:02:38:11 +0900] "GET /error/kr/error.jsp HTTP/1.1" 500 3762
51.15.191.180 - - [11/Feb/2020:02:53:04 +0900] "GET /home/news/news/view.do?page=&num=5 HTTP/1.1" 200 9109
51.15.191.180 - - [11/Feb/2020:02:53:25 +0900] "GET /home/news/news/view.do?page=2&num=10 HTTP/1.1" 200 6756
181.177.99.95 - - [11/Feb/2020:02:56:06 +0900] "GET /index.jsp HTTP/1.1" 302 -
181.177.99.95 - - [11/Feb/2020:02:56:06 +0900] "GET /home/en/main/main.do HTTP/1.1" 200 11080
207.46.13.34 - - [11/Feb/2020:02:59:13 +0900] "GET /error/kr/error.jsp HTTP/1.1" 500 3570
101.21.144.12 - - [11/Feb/2020:02:59:25 +0900] "GET /error/kr/error.jsp HTTP/1.1" 500 3570
222.186.19.221 - - [11/Feb/2020:03:00:08 +0900] "CONNECT /index.jsp HTTP/1.1" 405 1105
52.91.47.206 - - [11/Feb/2020:03:00:36 +0900] "GET /error/kr/error.jsp HTTP/1.1" 500 3570
52.91.47.206 - - [11/Feb/2020:03:00:37 +0900] "GET /error/kr/error.jsp HTTP/1.1" 500 3570
39.99.239.247 - - [11/Feb/2020:03:01:24 +0900] "GET /error/kr/error.jsp HTTP/1.1" 500 3570
39.99.239.247 - - [11/Feb/2020:03:01:25 +0900] "GET /error/kr/error.jsp HTTP/1.1" 500 3570
39.99.239.247 - - [11/Feb/2020:03:01:25 +0900] "GET /error/kr/error.jsp HTTP/1.1" 500 3570
39.99.239.247 - - [11/Feb/2020:03:01:25 +0900] "GET /error/kr/error.jsp HTTP/1.1" 500 3570
39.99.239.247 - - [11/Feb/2020:03:01:25 +0900] "GET /error/kr/error.jsp HTTP/1.1" 500 3570
39.99.239.247 - - [11/Feb/2020:03:01:27 +0900] "GET /error/kr/error.jsp HTTP/1.1" 500 3570
157.55.39.217 - - [11/Feb/2020:03:02:48 +0900] "GET /home/whoweare/china.do HTTP/1.1" 200 10340
40.77.167.174 - - [11/Feb/2020:03:21:31 +0900] "GET /home/news/news/list.do HTTP/1.1" 200 7091
66.249.75.218 - - [11/Feb/2020:03:28:33 +0900] "GET /error/kr/error.jsp HTTP/1.1" 500 3762
13.66.139.1 - - [11/Feb/2020:03:30:59 +0900] "GET /error/kr/error.jsp HTTP/1.1" 500 3762
13.66.139.0 - - [11/Feb/2020:03:31:01 +0900] "GET /home/watwedo/overview.do HTTP/1.1" 200 7044
94.158.36.183 - - [11/Feb/2020:03:32:48 +0900] "GET /error/kr/error.jsp HTTP/1.1" 500 3570
94.158.36.183 - - [11/Feb/2020:03:32:49 +0900] "GET /error/kr/error.jsp HTTP/1.1" 500 3570
193.111.62.163 - - [11/Feb/2020:03:34:23 +0900] "GET /home/news/news/list.do HTTP/1.1" 200 7091
103.131.71.130 - - [11/Feb/2020:03:38:00 +0900] "GET /error/kr/error.jsp HTTP/1.1" 500 3570
66.249.75.178 - - [11/Feb/2020:03:38:40 +0900] "GET /error/kr/error.jsp HTTP/1.1" 500 3570
162.243.131.186 - - [11/Feb/2020:03:41:21 +0900] "GET /error/kr/error.jsp HTTP/1.1" 500 3570
45.33.66.85 - - [11/Feb/2020:03:42:24 +0900] "GET /error/kr/error.jsp HTTP/1.1" 500 3570
66.249.75.220 - - [11/Feb/2020:03:48:36 +0900] "GET /error/kr/error.jsp HTTP/1.1" 500 3762
82.117.194.229 - - [11/Feb/2020:03:58:24 +0900] "GET /error/kr/error.jsp HTTP/1.1" 500 3570
66.249.75.218 - - [11/Feb/2020:03:59:00 +0900] "GET /error/kr/error.jsp HTTP/1.1" 500 3762
40.77.167.174 - - [11/Feb/2020:03:59:53 +0900] "GET /error/kr/error.jsp HTTP/1.1" 500 3570
40.77.167.174 - - [11/Feb/2020:03:59:54 +0900] "GET /error/kr/error.jsp HTTP/1.1" 500 3570
23.239.180.55 - - [11/Feb/2020:04:00:26 +0900] "GET /index.jsp HTTP/1.1" 302 -
23.239.180.55 - - [11/Feb/2020:04:00:26 +0900] "GET /home/en/main/main.do HTTP/1.1" 200 11080
66.249.75.218 - - [11/Feb/2020:04:08:59 +0900] "GET /error/kr/error.jsp HTTP/1.1" 500 3762
207.46.13.231 - - [11/Feb/2020:04:11:06 +0900] "GET /error/kr/error.jsp HTTP/1.1" 500 3570
207.46.13.34 - - [11/Feb/2020:04:11:59 +0900] "GET /error/kr/error.jsp HTTP/1.1" 500 3570
111.206.36.11 - - [11/Feb/2020:04:12:52 +0900] "GET /home/en/main/main.do HTTP/1.1" 200 8279
66.249.75.180 - - [11/Feb/2020:04:19:07 +0900] "GET /error/kr/error.jsp HTTP/1.1" 500 3570
207.46.13.34 - - [11/Feb/2020:04:27:30 +0900] "GET /error/kr/error.jsp HTTP/1.1" 500 3570
193.111.62.163 - - [11/Feb/2020:04:29:12 +0900] "GET /home/news/news/list.do HTTP/1.1" 200 7091
66.249.75.218 - - [11/Feb/2020:04:29:13 +0900] "GET /error/kr/error.jsp HTTP/1.1" 500 3762
223.62.216.5 - - [11/Feb/2020:04:31:27 +0900] "GET /home/main/main.do HTTP/1.1" 200 8898
223.62.216.5 - - [11/Feb/2020:04:31:27 +0900] "GET /error/kr/error.jsp HTTP/1.1" 500 3762
66.249.75.178 - - [11/Feb/2020:04:39:20 +0900] "GET /error/kr/error.jsp HTTP/1.1" 500 3570
66.249.75.178 - - [11/Feb/2020:04:49:22 +0900] "GET /error/kr/error.jsp HTTP/1.1" 500 3570
64.233.172.85 - - [11/Feb/2020:04:56:28 +0900] "GET /index.jsp HTTP/1.1" 302 -
64.233.172.83 - - [11/Feb/2020:04:56:28 +0900] "GET /index.jsp HTTP/1.1" 302 -
64.233.172.83 - - [11/Feb/2020:04:56:28 +0900] "GET /home/main/main.do HTTP/1.1" 200 12222
64.233.172.87 - - [11/Feb/2020:04:56:28 +0900] "GET /home/main/main.do HTTP/1.1" 200 12222
49.228.186.199 - - [11/Feb/2020:04:56:36 +0900] "GET /index.jsp HTTP/1.1" 302 -
49.228.186.199 - - [11/Feb/2020:04:56:36 +0900] "GET /home/main/main.do HTTP/1.1" 200 12222
49.228.186.199 - - [11/Feb/2020:04:56:45 +0900] "GET /home/contact/contact.do HTTP/1.1" 200 5224
49.228.186.199 - - [11/Feb/2020:04:56:49 +0900] "GET /home/whoweare/korea.do HTTP/1.1" 200 30366
49.228.186.199 - - [11/Feb/2020:04:56:57 +0900] "GET /home/watwedo/overview.do HTTP/1.1" 200 6147
49.228.186.199 - - [11/Feb/2020:04:56:59 +0900] "GET /home/watwedo/history.do HTTP/1.1" 200 10614
34.222.196.111 - - [11/Feb/2020:04:57:25 +0900] "GET /error/kr/error.jsp HTTP/1.1" 500 3570
35.167.98.222 - - [11/Feb/2020:04:57:27 +0900] "GET /error/kr/error.jsp HTTP/1.1" 500 3570
49.228.186.199 - - [11/Feb/2020:04:59:25 +0900] "GET /home/main/main.do HTTP/1.1" 200 12222
66.249.75.220 - - [11/Feb/2020:04:59:30 +0900] "GET /error/kr/error.jsp HTTP/1.1" 500 3762
49.228.186.199 - - [11/Feb/2020:04:59:35 +0900] "GET /home/about/about.do HTTP/1.1" 200 14216
49.228.186.199 - - [11/Feb/2020:04:59:46 +0900] "GET /home/watwedo/overview.do HTTP/1.1" 200 6147
49.228.186.199 - - [11/Feb/2020:04:59:48 +0900] "GET /home/watwedo/history.do HTTP/1.1" 200 10614
149.28.198.253 - - [11/Feb/2020:05:01:44 +0900] "GET /home/en/whoweare/korea.do HTTP/1.1" 200 30344
42.123.77.121 - - [11/Feb/2020:05:06:56 +0900] "GET /error/kr/error.jsp HTTP/1.1" 500 3570
66.249.75.35 - - [11/Feb/2020:05:09:36 +0900] "GET /error/kr/error.jsp HTTP/1.1" 500 3570
207.46.13.231 - - [11/Feb/2020:05:10:57 +0900] "GET /error/kr/error.jsp HTTP/1.1" 500 3570
207.46.13.176 - - [11/Feb/2020:05:15:08 +0900] "GET /error/kr/error.jsp HTTP/1.1" 500 3570
66.249.75.220 - - [11/Feb/2020:05:19:30 +0900] "GET /error/kr/error.jsp HTTP/1.1" 500 3762
193.111.62.163 - - [11/Feb/2020:05:25:29 +0900] "GET /home/news/news/list.do HTTP/1.1" 200 7091
207.46.13.231 - - [11/Feb/2020:05:25:29 +0900] "GET /error/kr/error.jsp HTTP/1.1" 500 3570
66.249.75.180 - - [11/Feb/2020:05:29:45 +0900] "GET /error/kr/error.jsp HTTP/1.1" 500 3570
157.55.39.23 - - [11/Feb/2020:05:29:57 +0900] "GET /error/kr/error.jsp HTTP/1.1" 500 3570
207.46.13.231 - - [11/Feb/2020:05:30:29 +0900] "GET /home/en/about/about.do HTTP/1.1" 200 14811
157.55.39.23 - - [11/Feb/2020:05:34:38 +0900] "GET /error/kr/error.jsp HTTP/1.1" 500 3762
66.249.75.178 - - [11/Feb/2020:05:39:31 +0900] "GET /error/kr/error.jsp HTTP/1.1" 500 3570
178.62.87.213 - - [11/Feb/2020:05:39:56 +0900] "GET /index.jsp HTTP/1.1" 302 -
167.172.52.188 - - [11/Feb/2020:05:39:58 +0900] "GET /home/main/main.do HTTP/1.1" 200 12222
207.46.13.231 - - [11/Feb/2020:05:40:46 +0900] "GET /error/kr/error.jsp HTTP/1.1" 500 3570
77.75.77.62 - - [11/Feb/2020:05:40:48 +0900] "GET /error/kr/error.jsp HTTP/1.1" 500 3570
77.75.77.62 - - [11/Feb/2020:05:40:54 +0900] "GET /error/kr/error.jsp HTTP/1.1" 500 3570
119.207.72.78 - - [11/Feb/2020:05:43:19 +0900] "GET /home/watwedo/philosophy.do HTTP/1.1" 200 7162
66.249.75.218 - - [11/Feb/2020:05:49:38 +0900] "GET /error/kr/error.jsp HTTP/1.1" 500 3762
66.249.75.32 - - [11/Feb/2020:06:20:08 +0900] "GET /error/kr/error.jsp HTTP/1.1" 500 3570
94.158.36.183 - - [11/Feb/2020:06:25:03 +0900] "GET /error/kr/error.jsp HTTP/1.1" 500 3570
94.158.36.183 - - [11/Feb/2020:06:25:04 +0900] "GET /error/kr/error.jsp HTTP/1.1" 500 3570
123.125.71.110 - - [11/Feb/2020:06:25:54 +0900] "GET /home/en/main/main.do HTTP/1.1" 200 8279
123.125.71.77 - - [11/Feb/2020:06:25:54 +0900] "GET /error/kr/error.jsp HTTP/1.1" 500 3762
111.206.221.49 - - [11/Feb/2020:06:26:13 +0900] "GET /error/kr/error.jsp HTTP/1.1" 500 3762
111.206.221.8 - - [11/Feb/2020:06:26:50 +0900] "GET /error/kr/error.jsp HTTP/1.1" 500 3762
34.213.162.167 - - [11/Feb/2020:06:27:50 +0900] "GET /index.jsp HTTP/1.1" 302 -
34.213.162.167 - - [11/Feb/2020:06:27:50 +0900] "GET /home/main/main.do HTTP/1.1" 200 12222
122.51.154.89 - - [11/Feb/2020:06:28:44 +0900] "HEAD /index.jsp?s=www.ymwears.cn HTTP/1.1" 302 -
122.51.154.89 - - [11/Feb/2020:06:28:44 +0900] "HEAD /home/main/main.do HTTP/1.1" 302 -
122.51.154.89 - - [11/Feb/2020:06:28:45 +0900] "HEAD /home/main/main.do HTTP/1.1" 200 -
122.51.154.89 - - [11/Feb/2020:06:28:45 +0900] "HEAD /index.jsp?s=www.fsymc.cn HTTP/1.1" 302 -
122.51.154.89 - - [11/Feb/2020:06:28:45 +0900] "HEAD /home/main/main.do HTTP/1.1" 302 -
122.51.154.89 - - [11/Feb/2020:06:28:45 +0900] "HEAD /home/main/main.do HTTP/1.1" 200 -
122.51.154.89 - - [11/Feb/2020:06:28:45 +0900] "HEAD /index.jsp?s=www.hesaids.com HTTP/1.1" 302 -
122.51.154.89 - - [11/Feb/2020:06:28:46 +0900] "HEAD /home/main/main.do HTTP/1.1" 302 -
122.51.154.89 - - [11/Feb/2020:06:28:46 +0900] "HEAD /home/main/main.do HTTP/1.1" 200 -
77.75.77.95 - - [11/Feb/2020:06:31:44 +0900] "GET /error/kr/error.jsp HTTP/1.1" 500 3570
193.111.62.163 - - [11/Feb/2020:06:32:12 +0900] "GET /home/news/news/list.do HTTP/1.1" 200 7091
157.55.39.77 - - [11/Feb/2020:06:40:14 +0900] "GET /error/kr/error.jsp HTTP/1.1" 500 3570
157.55.39.77 - - [11/Feb/2020:07:15:41 +0900] "GET /error/kr/error.jsp HTTP/1.1" 500 3570
40.77.167.174 - - [11/Feb/2020:07:17:15 +0900] "GET /error/kr/error.jsp HTTP/1.1" 500 3570
1.214.42.18 - - [11/Feb/2020:07:21:19 +0900] "GET /home/whoweare/korea.do HTTP/1.1" 200 30366
66.249.75.182 - - [11/Feb/2020:07:21:27 +0900] "GET /error/kr/error.jsp HTTP/1.1" 500 3570
193.111.62.163 - - [11/Feb/2020:07:27:19 +0900] "GET /home/news/news/list.do HTTP/1.1" 200 7091
204.246.159.170 - - [11/Feb/2020:07:34:49 +0900] "GET /home/contact/contact.do HTTP/1.1" 200 5224
194.29.137.17 - - [11/Feb/2020:07:35:23 +0900] "GET /index.jsp HTTP/1.1" 302 -
194.29.137.17 - - [11/Feb/2020:07:35:24 +0900] "GET /home/en/main/main.do HTTP/1.1" 200 11080
40.77.167.174 - - [11/Feb/2020:07:39:40 +0900] "GET /error/kr/error.jsp HTTP/1.1" 500 3570
37.143.15.220 - - [11/Feb/2020:07:42:37 +0900] "GET /index.jsp HTTP/1.1" 302 -
66.249.75.220 - - [11/Feb/2020:07:51:43 +0900] "GET /error/kr/error.jsp HTTP/1.1" 500 3762
119.207.72.78 - - [11/Feb/2020:07:53:46 +0900] "GET /home/news/news/list.do HTTP/1.1" 200 7091
61.105.126.134 - - [11/Feb/2020:07:54:22 +0900] "GET /error/kr/error.jsp HTTP/1.1" 500 3762
40.77.167.174 - - [11/Feb/2020:07:54:51 +0900] "GET /error/kr/error.jsp HTTP/1.1" 500 3570
121.254.147.237 - - [11/Feb/2020:07:55:56 +0900] "GET /index.jsp HTTP/1.1" 302 -
121.254.147.237 - - [11/Feb/2020:07:55:56 +0900] "GET /home/en/main/main.do HTTP/1.1" 200 11080
119.207.72.141 - - [11/Feb/2020:08:11:33 +0900] "GET /home/whoweare/korea.do HTTP/1.1" 200 30366
77.75.79.11 - - [11/Feb/2020:08:14:37 +0900] "GET /error/kr/error.jsp HTTP/1.1" 500 3570
157.55.39.74 - - [11/Feb/2020:08:18:11 +0900] "GET /error/kr/error.jsp HTTP/1.1" 500 3570
141.8.142.12 - - [11/Feb/2020:08:22:15 +0900] "GET /error/kr/error.jsp HTTP/1.1" 500 3762
141.8.142.12 - - [11/Feb/2020:08:22:18 +0900] "GET /home/news/news/list.do HTTP/1.1" 200 71778
73.82.130.158 - - [11/Feb/2020:08:33:04 +0900] "GET /index.jsp HTTP/1.1" 302 -
73.82.130.158 - - [11/Feb/2020:08:33:06 +0900] "GET /home/main/main.do HTTP/1.1" 200 8898
103.131.71.49 - - [11/Feb/2020:08:38:17 +0900] "GET /error/kr/error.jsp HTTP/1.1" 500 3570
103.131.71.36 - - [11/Feb/2020:08:38:19 +0900] "GET /error/kr/error.jsp HTTP/1.1" 500 3762
103.131.71.52 - - [11/Feb/2020:08:38:27 +0900] "GET /error/kr/error.jsp HTTP/1.1" 500 3570
211.56.145.140 - - [11/Feb/2020:08:47:31 +0900] "GET /error/kr/error.jsp HTTP/1.1" 500 3570
211.115.6.4 - - [11/Feb/2020:08:50:20 +0900] "GET /index.jsp HTTP/1.1" 302 -
211.188.197.180 - - [11/Feb/2020:08:50:20 +0900] "GET /index.jsp HTTP/1.1" 302 -
211.188.197.180 - - [11/Feb/2020:08:50:20 +0900] "GET /home/main/main.do HTTP/1.1" 200 12222
211.115.6.4 - - [11/Feb/2020:08:50:20 +0900] "GET /home/main/main.do HTTP/1.1" 200 12222
12.190.238.198 - - [11/Feb/2020:08:51:24 +0900] "GET /index.jsp HTTP/1.1" 302 -
12.190.238.198 - - [11/Feb/2020:08:51:24 +0900] "GET /home/en/main/main.do HTTP/1.1" 200 11080
12.190.238.198 - - [11/Feb/2020:08:51:36 +0900] "GET /home/en/contact/contact.do HTTP/1.1" 200 5187
12.190.238.198 - - [11/Feb/2020:08:51:40 +0900] "GET /home/main/main.do HTTP/1.1" 200 12222
12.190.238.198 - - [11/Feb/2020:08:51:44 +0900] "GET /home/contact/contact.do HTTP/1.1" 200 5224
12.190.238.198 - - [11/Feb/2020:09:03:45 +0900] "GET /index.jsp HTTP/1.1" 302 -
12.190.238.198 - - [11/Feb/2020:09:03:46 +0900] "GET /home/en/main/main.do HTTP/1.1" 200 11080
45.33.66.85 - - [11/Feb/2020:09:07:21 +0900] "GET /error/kr/error.jsp HTTP/1.1" 500 3570
222.231.30.115 - - [11/Feb/2020:09:16:41 +0900] "GET /index.jsp HTTP/1.1" 302 -
222.231.30.115 - - [11/Feb/2020:09:16:41 +0900] "GET /home/main/main.do HTTP/1.1" 200 12222
222.231.30.115 - - [11/Feb/2020:09:16:43 +0900] "GET /home/main/main.do HTTP/1.1" 200 12222
222.231.30.115 - - [11/Feb/2020:09:16:43 +0900] "GET /home/main/main.do HTTP/1.1" 200 12222
119.207.72.113 - - [11/Feb/2020:09:19:11 +0900] "GET /index.jsp HTTP/1.1" 302 -
119.207.72.113 - - [11/Feb/2020:09:19:11 +0900] "GET /home/main/main.do HTTP/1.1" 200 12222
157.55.39.74 - - [11/Feb/2020:09:20:08 +0900] "GET /error/kr/error.jsp HTTP/1.1" 500 3570
210.182.168.10 - - [11/Feb/2020:09:28:11 +0900] "GET /index.jsp HTTP/1.1" 302 -
210.182.168.10 - - [11/Feb/2020:09:28:11 +0900] "GET /home/main/main.do HTTP/1.1" 200 12222
210.182.168.10 - - [11/Feb/2020:09:28:15 +0900] "GET /home/whoweare/korea.do HTTP/1.1" 200 30366
104.222.33.22 - - [11/Feb/2020:09:29:06 +0900] "GET /index.jsp HTTP/1.1" 302 -
104.222.33.22 - - [11/Feb/2020:09:29:06 +0900] "GET /home/en/main/main.do HTTP/1.1" 200 11080
210.182.168.10 - - [11/Feb/2020:09:29:15 +0900] "GET /home/whoweare/korea.do HTTP/1.1" 200 30366
210.182.168.10 - - [11/Feb/2020:09:29:24 +0900] "GET /home/meetourpartners/all.do HTTP/1.1" 200 101569
210.182.168.10 - - [11/Feb/2020:09:29:26 +0900] "GET /home/whoweare/korea.do HTTP/1.1" 200 30366
59.6.170.218 - - [11/Feb/2020:09:30:46 +0900] "GET /index.jsp HTTP/1.1" 302 -
59.6.170.218 - - [11/Feb/2020:09:30:46 +0900] "GET /home/main/main.do HTTP/1.1" 200 12222
59.6.170.218 - - [11/Feb/2020:09:30:49 +0900] "GET /home/meetourpartners/all.do HTTP/1.1" 200 101569
59.6.170.218 - - [11/Feb/2020:09:30:52 +0900] "GET /home/whoweare/korea.do HTTP/1.1" 200 30366
59.6.170.218 - - [11/Feb/2020:09:33:06 +0900] "GET /home/whoweare/korea.do HTTP/1.1" 200 30366
51.15.191.180 - - [11/Feb/2020:09:34:47 +0900] "GET /error/kr/error.jsp HTTP/1.1" 500 3570
51.15.191.180 - - [11/Feb/2020:09:35:13 +0900] "GET /home/news/news/view.do?page=1&num=12 HTTP/1.1" 200 9083
157.55.39.23 - - [11/Feb/2020:09:41:53 +0900] "GET /error/kr/error.jsp HTTP/1.1" 500 3570
38.99.62.91 - - [11/Feb/2020:09:42:40 +0900] "GET /home/en/meetourpartners/all.do HTTP/1.1" 200 95227
38.99.62.91 - - [11/Feb/2020:09:45:05 +0900] "GET /home/meetourpartners/all.do HTTP/1.1" 200 101569
66.249.75.180 - - [11/Feb/2020:09:48:50 +0900] "GET /error/kr/error.jsp HTTP/1.1" 500 3570
38.99.62.91 - - [11/Feb/2020:09:51:20 +0900] "GET /home/meetourpartners/all.do HTTP/1.1" 200 101569
160.119.129.62 - - [11/Feb/2020:09:53:57 +0900] "GET /index.jsp HTTP/1.1" 302 -
38.99.62.91 - - [11/Feb/2020:09:56:35 +0900] "GET /home/meetourpartners/all.do HTTP/1.1" 200 101569
193.111.62.163 - - [11/Feb/2020:09:58:17 +0900] "GET /home/news/news/list.do HTTP/1.1" 200 7091
38.99.62.91 - - [11/Feb/2020:10:01:24 +0900] "GET /home/meetourpartners/all.do HTTP/1.1" 200 101569
38.99.62.91 - - [11/Feb/2020:10:03:49 +0900] "GET /home/en/meetourpartners/all.do HTTP/1.1" 200 95227
38.99.62.91 - - [11/Feb/2020:10:06:14 +0900] "GET /home/meetourpartners/all.do HTTP/1.1" 200 101569
49.7.20.138 - - [11/Feb/2020:10:06:18 +0900] "GET /error/kr/error.jsp HTTP/1.1" 500 3570
38.99.62.91 - - [11/Feb/2020:10:08:57 +0900] "GET /home/meetourpartners/domestic.do HTTP/1.1" 200 73451
38.99.62.91 - - [11/Feb/2020:10:11:45 +0900] "GET /home/en/meetourpartners/all.do HTTP/1.1" 200 95227
38.99.62.91 - - [11/Feb/2020:10:12:24 +0900] "GET /home/meetourpartners/domestic.do HTTP/1.1" 200 73451
119.207.72.116 - - [11/Feb/2020:10:13:09 +0900] "GET /home/meetourpartners/all.do HTTP/1.1" 200 101569
119.207.72.78 - - [11/Feb/2020:10:13:10 +0900] "GET /home/meetourpartners/all.do HTTP/1.1" 200 101569
119.207.72.116 - - [11/Feb/2020:10:13:12 +0900] "GET /home/meetourpartners/all.do HTTP/1.1" 200 101569
49.7.20.138 - - [11/Feb/2020:10:13:56 +0900] "GET /index.jsp HTTP/1.1" 302 -
38.99.62.91 - - [11/Feb/2020:10:15:13 +0900] "GET /home/meetourpartners/all.do HTTP/1.1" 200 101569
13.228.6.37 - - [11/Feb/2020:10:15:43 +0900] "GET /home/en/meetourpartners/all.do HTTP/1.1" 200 95227
38.99.62.91 - - [11/Feb/2020:10:15:58 +0900] "GET /home/meetourpartners/domestic.do HTTP/1.1" 200 73451
38.99.62.91 - - [11/Feb/2020:10:16:38 +0900] "GET /home/meetourpartners/all.do HTTP/1.1" 200 101569
38.99.62.91 - - [11/Feb/2020:10:17:18 +0900] "GET /home/meetourpartners/domestic.do HTTP/1.1" 200 73451
141.8.142.12 - - [11/Feb/2020:10:21:52 +0900] "GET /error/kr/error.jsp HTTP/1.1" 500 3762
141.8.142.12 - - [11/Feb/2020:10:21:56 +0900] "GET /home/meetourpartners/all.do HTTP/1.1" 200 105128
138.255.185.52 - - [11/Feb/2020:10:23:33 +0900] "GET /index.jsp HTTP/1.1" 302 -
38.99.62.91 - - [11/Feb/2020:10:23:51 +0900] "GET /home/meetourpartners/all.do HTTP/1.1" 200 101569
173.205.33.24 - - [11/Feb/2020:10:23:58 +0900] "GET /index.jsp HTTP/1.1" 302 -
77.67.54.53 - - [11/Feb/2020:10:23:59 +0900] "GET /index.jsp HTTP/1.1" 302 -
173.205.33.26 - - [11/Feb/2020:10:23:59 +0900] "GET /home/en/main/main.do HTTP/1.1" 200 11080
77.67.54.54 - - [11/Feb/2020:10:23:59 +0900] "GET /home/en/main/main.do HTTP/1.1" 200 11080
34.222.117.168 - - [11/Feb/2020:10:24:00 +0900] "GET /index.jsp HTTP/1.1" 302 -
34.220.62.23 - - [11/Feb/2020:10:24:00 +0900] "GET /index.jsp HTTP/1.1" 302 -
34.222.117.168 - - [11/Feb/2020:10:24:00 +0900] "GET /home/main/main.do HTTP/1.1" 200 12222
34.220.62.23 - - [11/Feb/2020:10:24:00 +0900] "GET /home/main/main.do HTTP/1.1" 200 12222
34.218.81.75 - - [11/Feb/2020:10:24:00 +0900] "GET /index.jsp HTTP/1.1" 302 -
34.221.90.254 - - [11/Feb/2020:10:24:00 +0900] "GET /index.jsp HTTP/1.1" 302 -
34.218.81.75 - - [11/Feb/2020:10:24:00 +0900] "GET /home/main/main.do HTTP/1.1" 200 12222
34.221.90.254 - - [11/Feb/2020:10:24:01 +0900] "GET /home/main/main.do HTTP/1.1" 200 12222
210.205.3.246 - - [11/Feb/2020:10:24:04 +0900] "GET /index.jsp HTTP/1.1" 302 -
210.205.3.246 - - [11/Feb/2020:10:24:04 +0900] "GET /home/main/main.do HTTP/1.1" 200 12222
210.205.3.246 - - [11/Feb/2020:10:24:04 +0900] "GET /index.jsp HTTP/1.1" 302 -
210.205.3.246 - - [11/Feb/2020:10:24:04 +0900] "GET /home/main/main.do HTTP/1.1" 200 12222
38.99.62.91 - - [11/Feb/2020:10:25:10 +0900] "GET /home/meetourpartners/domestic.do HTTP/1.1" 200 73451
207.46.13.109 - - [11/Feb/2020:10:31:52 +0900] "GET /error/kr/error.jsp HTTP/1.1" 500 3570
38.99.62.91 - - [11/Feb/2020:10:34:18 +0900] "GET /home/meetourpartners/all.do HTTP/1.1" 200 101569
38.99.62.91 - - [11/Feb/2020:10:34:58 +0900] "GET /home/meetourpartners/domestic.do HTTP/1.1" 200 73451
38.99.62.91 - - [11/Feb/2020:10:36:17 +0900] "GET /home/en/meetourpartners/all.do HTTP/1.1" 200 95227
38.99.62.91 - - [11/Feb/2020:10:36:57 +0900] "GET /home/meetourpartners/domestic.do HTTP/1.1" 200 73451
207.46.13.159 - - [11/Feb/2020:10:37:14 +0900] "GET /error/kr/error.jsp HTTP/1.1" 500 3570
38.99.62.91 - - [11/Feb/2020:10:38:16 +0900] "GET /home/en/meetourpartners/all.do HTTP/1.1" 200 95227
38.99.62.91 - - [11/Feb/2020:10:38:41 +0900] "GET /home/en/meetourpartners/all.do HTTP/1.1" 200 95227
38.99.62.91 - - [11/Feb/2020:10:39:07 +0900] "GET /home/meetourpartners/domestic.do HTTP/1.1" 200 73451
38.99.62.91 - - [11/Feb/2020:10:40:25 +0900] "GET /home/en/meetourpartners/all.do HTTP/1.1" 200 95227
103.82.235.2 - - [11/Feb/2020:10:40:32 +0900] "GET /error/kr/error.jsp HTTP/1.1" 500 3570
38.99.62.91 - - [11/Feb/2020:10:41:05 +0900] "GET /home/meetourpartners/domestic.do HTTP/1.1" 200 73451
157.55.39.23 - - [11/Feb/2020:10:41:39 +0900] "GET /error/kr/error.jsp HTTP/1.1" 500 3762
210.182.168.10 - - [11/Feb/2020:10:44:45 +0900] "GET /home/whoweare/korea.do HTTP/1.1" 200 30366
210.182.168.10 - - [11/Feb/2020:10:44:45 +0900] "GET /home/main/main.do HTTP/1.1" 200 12222
210.182.168.10 - - [11/Feb/2020:10:44:45 +0900] "GET /error/kr/error.jsp HTTP/1.1" 500 3570
207.46.13.231 - - [11/Feb/2020:10:48:16 +0900] "GET /error/kr/error.jsp HTTP/1.1" 500 3570
98.210.202.182 - - [11/Feb/2020:10:49:05 +0900] "GET /index.jsp HTTP/1.1" 302 -
98.210.202.182 - - [11/Feb/2020:10:49:05 +0900] "GET /home/en/main/main.do HTTP/1.1" 200 11080
98.210.202.182 - - [11/Feb/2020:10:49:10 +0900] "GET /home/en/meetourpartners/all.do HTTP/1.1" 200 95227
157.55.39.23 - - [11/Feb/2020:10:54:06 +0900] "GET /error/kr/error.jsp HTTP/1.1" 500 3570
207.46.13.231 - - [11/Feb/2020:10:54:08 +0900] "GET /error/kr/error.jsp HTTP/1.1" 500 3570
94.140.114.195 - - [11/Feb/2020:10:57:30 +0900] "GET /index.jsp?ko HTTP/1.1" 302 -
94.140.114.195 - - [11/Feb/2020:10:57:31 +0900] "GET /home/main/main.do HTTP/1.1" 200 12222
94.140.114.195 - - [11/Feb/2020:10:57:31 +0900] "GET /index.jsp?ko&QOsZ%3D6956%20AND%201%3D1%20UNION%20ALL%20SELECT%201%2CNULL%2C%27%3Cscript%3Ealert%28%22XSS%22%29%3C%2Fscript%3E%27%2Ctable_name%20FROM%20information_schema.tables%20WHERE%202%3E1--%2F%2A%2A%2F%3B%20EXEC%20xp_cmdshell%28%27cat%20..%2F..%2F..%2Fetc%2Fpasswd%27%29%23 HTTP/1.1" 302 -
94.140.114.195 - - [11/Feb/2020:10:57:32 +0900] "GET /home/main/main.do HTTP/1.1" 200 12222
94.140.114.195 - - [11/Feb/2020:10:57:33 +0900] "HEAD /index.jsp?ko HTTP/1.1" 302 -
94.140.114.195 - - [11/Feb/2020:10:57:33 +0900] "GET /home/main/main.do HTTP/1.1" 200 12222
94.140.114.195 - - [11/Feb/2020:10:57:34 +0900] "GET /index.jsp?ko HTTP/1.1" 302 -
94.140.114.195 - - [11/Feb/2020:10:57:35 +0900] "GET /home/main/main.do HTTP/1.1" 200 12222
94.140.114.195 - - [11/Feb/2020:10:57:35 +0900] "GET /index.jsp?ko HTTP/1.1" 302 -
94.140.114.195 - - [11/Feb/2020:10:57:36 +0900] "GET /home/main/main.do HTTP/1.1" 200 12222
121.134.158.33 - - [11/Feb/2020:11:01:31 +0900] "GET /index.jsp HTTP/1.1" 302 -
121.134.158.33 - - [11/Feb/2020:11:01:31 +0900] "GET /home/main/main.do HTTP/1.1" 200 12222
121.134.158.33 - - [11/Feb/2020:11:01:32 +0900] "GET /home/main/main.do HTTP/1.1" 200 12222
121.134.158.33 - - [11/Feb/2020:11:01:34 +0900] "GET /home/main/main.do HTTP/1.1" 200 12222
112.220.233.27 - - [11/Feb/2020:11:06:06 +0900] "GET /index.jsp HTTP/1.1" 302 -
112.220.233.27 - - [11/Feb/2020:11:06:06 +0900] "GET /home/main/main.do HTTP/1.1" 200 12222
112.220.233.27 - - [11/Feb/2020:11:06:09 +0900] "GET /home/meetourpartners/all.do HTTP/1.1" 200 101569
112.220.233.27 - - [11/Feb/2020:11:06:13 +0900] "GET /home/whoweare/korea.do HTTP/1.1" 200 30366
112.220.233.27 - - [11/Feb/2020:11:06:35 +0900] "GET /home/meetourpartners/all.do HTTP/1.1" 200 101569
112.220.233.27 - - [11/Feb/2020:11:06:59 +0900] "GET /home/watwedo/overview.do HTTP/1.1" 200 6147
112.220.233.27 - - [11/Feb/2020:11:07:15 +0900] "GET /home/watwedo/history.do HTTP/1.1" 200 10614
112.220.233.27 - - [11/Feb/2020:11:08:23 +0900] "GET /home/watwedo/philosophy.do HTTP/1.1" 200 7162
112.220.233.27 - - [11/Feb/2020:11:08:30 +0900] "GET /home/watwedo/overview.do HTTP/1.1" 200 6147
112.220.233.27 - - [11/Feb/2020:11:08:40 +0900] "GET /home/watwedo/philosophy.do HTTP/1.1" 200 7162
112.169.20.180 - - [11/Feb/2020:11:13:40 +0900] "GET /index.jsp HTTP/1.1" 302 -
112.169.20.180 - - [11/Feb/2020:11:13:40 +0900] "GET /home/main/main.do HTTP/1.1" 200 12222
112.169.20.180 - - [11/Feb/2020:11:13:48 +0900] "GET /home/whoweare/korea.do HTTP/1.1" 200 30366
17.58.96.164 - - [11/Feb/2020:11:18:34 +0900] "GET /error/kr/error.jsp HTTP/1.1" 500 3570
17.58.96.118 - - [11/Feb/2020:11:18:34 +0900] "GET /home/en/contact/contact.do HTTP/1.1" 200 5187
193.111.62.163 - - [11/Feb/2020:11:25:28 +0900] "GET /home/news/news/list.do HTTP/1.1" 200 7091
77.75.76.166 - - [11/Feb/2020:11:29:04 +0900] "GET /error/kr/error.jsp HTTP/1.1" 500 3570
3.87.65.70 - - [11/Feb/2020:11:29:48 +0900] "GET /index.jsp HTTP/1.1" 302 -
3.87.65.70 - - [11/Feb/2020:11:29:49 +0900] "GET /home/en/main/main.do HTTP/1.1" 200 11080
3.87.65.70 - - [11/Feb/2020:11:29:49 +0900] "GET /error/kr/error.jsp HTTP/1.1" 500 3570
157.55.39.74 - - [11/Feb/2020:11:34:07 +0900] "GET /error/kr/error.jsp HTTP/1.1" 500 3570
34.199.176.251 - - [11/Feb/2020:11:36:18 +0900] "GET /home/news/news/list.do HTTP/1.1" 200 7091
207.46.13.231 - - [11/Feb/2020:11:41:35 +0900] "GET /error/kr/error.jsp HTTP/1.1" 500 3570
218.234.77.91 - - [11/Feb/2020:11:46:28 +0900] "GET /index.jsp HTTP/1.1" 302 -
218.234.77.91 - - [11/Feb/2020:11:46:28 +0900] "GET /home/main/main.do HTTP/1.1" 200 12222
218.234.77.91 - - [11/Feb/2020:11:46:34 +0900] "GET /home/whoweare/korea.do HTTP/1.1" 200 30366
218.234.77.91 - - [11/Feb/2020:11:46:56 +0900] "GET /home/watwedo/overview.do HTTP/1.1" 200 6147
141.8.142.26 - - [11/Feb/2020:11:47:58 +0900] "GET /error/kr/error.jsp HTTP/1.1" 500 3570
141.8.142.26 - - [11/Feb/2020:11:48:02 +0900] "GET /home/en/meetourpartners/all.do HTTP/1.1" 200 95227
119.207.72.67 - - [11/Feb/2020:11:53:07 +0900] "GET /home/whoweare/korea.do HTTP/1.1" 200 30366
207.46.13.159 - - [11/Feb/2020:12:10:46 +0900] "GET /error/kr/error.jsp HTTP/1.1" 500 3570
207.46.13.109 - - [11/Feb/2020:12:18:21 +0900] "GET /error/kr/error.jsp HTTP/1.1" 500 3570
34.199.176.251 - - [11/Feb/2020:12:18:54 +0900] "GET /home/news/news/view.do?num=2 HTTP/1.1" 200 6974
34.199.176.251 - - [11/Feb/2020:12:18:54 +0900] "GET /home/news/news/view.do HTTP/1.1" 500 3570
66.249.75.222 - - [11/Feb/2020:12:20:18 +0900] "GET /error/kr/error.jsp HTTP/1.1" 500 3762
49.7.20.138 - - [11/Feb/2020:12:23:43 +0900] "GET /error/kr/error.jsp HTTP/1.1" 500 3570
193.111.62.163 - - [11/Feb/2020:12:24:25 +0900] "GET /home/news/news/list.do HTTP/1.1" 200 7091
211.38.144.230 - - [11/Feb/2020:12:33:18 +0900] "GET /error/kr/error.jsp HTTP/1.1" 500 3570
71.14.72.142 - - [11/Feb/2020:12:33:31 +0900] "GET /home/en/main/main.do HTTP/1.1" 200 11080
71.14.72.142 - - [11/Feb/2020:12:33:39 +0900] "GET /home/en/contact/contact.do HTTP/1.1" 200 5187
119.207.72.177 - - [11/Feb/2020:12:36:04 +0900] "GET /home/whoweare/china.do HTTP/1.1" 200 10340
207.46.13.159 - - [11/Feb/2020:12:38:28 +0900] "GET /error/kr/error.jsp HTTP/1.1" 500 3570
119.207.72.113 - - [11/Feb/2020:12:39:53 +0900] "GET /home/en/main/main.do HTTP/1.1" 200 11080
66.249.75.180 - - [11/Feb/2020:12:50:37 +0900] "GET /error/kr/error.jsp HTTP/1.1" 500 3570
219.78.222.181 - - [11/Feb/2020:12:54:57 +0900] "GET /index.jsp HTTP/1.1" 302 -
219.78.222.181 - - [11/Feb/2020:12:54:57 +0900] "GET /home/en/main/main.do HTTP/1.1" 200 11080
119.207.72.76 - - [11/Feb/2020:12:55:04 +0900] "GET /home/meetourpartners/all.do HTTP/1.1" 200 101569
219.78.222.181 - - [11/Feb/2020:12:56:44 +0900] "GET /home/en/about/about.do HTTP/1.1" 200 14811
219.78.222.181 - - [11/Feb/2020:12:57:02 +0900] "GET /index.jsp HTTP/1.1" 302 -
219.78.222.181 - - [11/Feb/2020:12:57:02 +0900] "GET /home/en/main/main.do HTTP/1.1" 200 11080
219.78.222.181 - - [11/Feb/2020:12:57:26 +0900] "GET /home/en/watwedo/overview.do HTTP/1.1" 200 6156
219.78.222.181 - - [11/Feb/2020:12:57:33 +0900] "GET /home/en/watwedo/philosophy.do HTTP/1.1" 200 7112
1.214.61.134 - - [11/Feb/2020:13:00:38 +0900] "GET /index.jsp HTTP/1.1" 302 -
1.214.61.134 - - [11/Feb/2020:13:00:38 +0900] "GET /home/main/main.do HTTP/1.1" 200 12222
66.249.75.178 - - [11/Feb/2020:13:00:50 +0900] "GET /error/kr/error.jsp HTTP/1.1" 500 3570
1.214.61.134 - - [11/Feb/2020:13:00:56 +0900] "GET /home/watwedo/overview.do HTTP/1.1" 200 6147
1.214.61.134 - - [11/Feb/2020:13:01:02 +0900] "GET /home/watwedo/history.do HTTP/1.1" 200 10614
1.214.61.134 - - [11/Feb/2020:13:01:16 +0900] "GET /home/meetourpartners/all.do HTTP/1.1" 200 101569
1.214.61.134 - - [11/Feb/2020:13:01:18 +0900] "GET /home/news/news/list.do HTTP/1.1" 200 7091
223.38.45.231 - - [11/Feb/2020:13:10:31 +0900] "GET /home/whoweare/korea.do HTTP/1.1" 302 -
223.38.45.231 - - [11/Feb/2020:13:10:31 +0900] "GET /home/whoweare/korea.do HTTP/1.1" 200 44336
223.38.45.231 - - [11/Feb/2020:13:11:13 +0900] "GET /home/whoweare/china.do HTTP/1.1" 200 11536
223.38.45.231 - - [11/Feb/2020:13:11:24 +0900] "GET /home/whoweare/korea.do HTTP/1.1" 200 44336
119.207.72.72 - - [11/Feb/2020:13:15:57 +0900] "GET /home/watwedo/overview.do HTTP/1.1" 200 6147
49.7.20.138 - - [11/Feb/2020:13:18:08 +0900] "GET /index.jsp HTTP/1.1" 302 -
223.38.34.131 - - [11/Feb/2020:13:19:11 +0900] "GET /filter/checker.jsp?campaignID=591&email=hskim1703@naver.com&responseEnd=2018-12-23 HTTP/1.1" 404 3570
66.249.75.220 - - [11/Feb/2020:13:21:23 +0900] "GET /error/kr/error.jsp HTTP/1.1" 500 3762
223.38.34.131 - - [11/Feb/2020:13:22:45 +0900] "GET /filter/checker.jsp?campaignID=658&email=hskim1703@naver.com&responseEnd=2018-12-29 HTTP/1.1" 404 3570
193.111.62.163 - - [11/Feb/2020:13:23:40 +0900] "GET /home/news/news/list.do HTTP/1.1" 200 7091
39.101.129.127 - - [11/Feb/2020:13:31:04 +0900] "GET /error/kr/error.jsp HTTP/1.1" 500 3570
66.249.75.32 - - [11/Feb/2020:13:31:44 +0900] "GET /error/kr/error.jsp HTTP/1.1" 500 3570
207.46.13.109 - - [11/Feb/2020:13:32:56 +0900] "GET /error/kr/error.jsp HTTP/1.1" 500 3570
66.249.75.222 - - [11/Feb/2020:13:39:27 +0900] "GET /error/kr/error.jsp HTTP/1.1" 500 3762
1.215.68.43 - - [11/Feb/2020:13:41:36 +0900] "GET /index.jsp HTTP/1.1" 302 -
1.215.68.43 - - [11/Feb/2020:13:41:36 +0900] "GET /home/main/main.do HTTP/1.1" 200 12222
66.249.75.180 - - [11/Feb/2020:13:41:38 +0900] "GET /error/kr/error.jsp HTTP/1.1" 500 3570
1.215.68.43 - - [11/Feb/2020:13:41:52 +0900] "GET /home/watwedo/overview.do HTTP/1.1" 200 6147
1.215.68.43 - - [11/Feb/2020:13:42:20 +0900] "GET /home/whoweare/korea.do HTTP/1.1" 200 30366
1.215.68.43 - - [11/Feb/2020:13:42:46 +0900] "GET /home/whoweare/china.do HTTP/1.1" 200 10340
1.215.68.43 - - [11/Feb/2020:13:43:14 +0900] "GET /home/meetourpartners/all.do HTTP/1.1" 200 101569
1.215.68.43 - - [11/Feb/2020:13:43:20 +0900] "GET /home/meetourpartners/domestic.do HTTP/1.1" 200 73451
1.215.68.43 - - [11/Feb/2020:13:44:20 +0900] "GET /home/watwedo/overview.do HTTP/1.1" 200 6147
35.166.34.23 - - [11/Feb/2020:13:44:33 +0900] "GET /error/kr/error.jsp HTTP/1.1" 500 3570
1.215.68.43 - - [11/Feb/2020:13:44:54 +0900] "GET /home/watwedo/overview.do HTTP/1.1" 200 6147
66.249.75.218 - - [11/Feb/2020:13:52:04 +0900] "GET /error/kr/error.jsp HTTP/1.1" 500 3762
118.130.224.54 - - [11/Feb/2020:13:52:51 +0900] "GET /index.jsp HTTP/1.1" 302 -
118.130.224.54 - - [11/Feb/2020:13:52:51 +0900] "GET /home/main/main.do HTTP/1.1" 200 12222
118.130.224.54 - - [11/Feb/2020:13:52:57 +0900] "GET /home/whoweare/korea.do HTTP/1.1" 200 30366
66.249.75.218 - - [11/Feb/2020:13:59:28 +0900] "GET /error/kr/error.jsp HTTP/1.1" 500 3762
17.58.96.118 - - [11/Feb/2020:14:04:18 +0900] "GET /home/news/news/list.do HTTP/1.1" 200 7091
141.8.183.109 - - [11/Feb/2020:14:04:28 +0900] "GET /error/kr/error.jsp HTTP/1.1" 500 3762
178.154.171.122 - - [11/Feb/2020:14:04:32 +0900] "GET /home/about/about.do HTTP/1.1" 200 15329
188.120.245.234 - - [11/Feb/2020:14:04:46 +0900] "GET /home/en/contact/contact.do HTTP/1.0" 200 5187
188.120.245.234 - - [11/Feb/2020:14:04:46 +0900] "GET /home/en/contact/contact.do HTTP/1.0" 200 5187
66.249.75.218 - - [11/Feb/2020:14:09:20 +0900] "GET /error/kr/error.jsp HTTP/1.1" 500 3762
203.235.72.183 - - [11/Feb/2020:14:11:04 +0900] "GET /index.jsp HTTP/1.1" 302 -
203.235.72.183 - - [11/Feb/2020:14:11:04 +0900] "GET /home/main/main.do HTTP/1.1" 200 12222
203.235.72.183 - - [11/Feb/2020:14:11:06 +0900] "GET /home/whoweare/korea.do HTTP/1.1" 200 30366
54.146.43.69 - - [11/Feb/2020:14:12:02 +0900] "GET /error/kr/error.jsp HTTP/1.0" 500 3570
59.10.147.25 - - [11/Feb/2020:14:13:58 +0900] "GET /index.jsp HTTP/1.1" 302 -
59.10.147.25 - - [11/Feb/2020:14:13:58 +0900] "GET /home/main/main.do HTTP/1.1" 200 12222
59.10.147.25 - - [11/Feb/2020:14:13:59 +0900] "GET /home/main/main.do HTTP/1.1" 200 12222
59.10.147.25 - - [11/Feb/2020:14:14:06 +0900] "GET /home/watwedo/overview.do HTTP/1.1" 200 6147
59.10.147.25 - - [11/Feb/2020:14:14:07 +0900] "GET /home/watwedo/overview.do HTTP/1.1" 200 6147
59.10.147.25 - - [11/Feb/2020:14:14:08 +0900] "GET /home/whoweare/korea.do HTTP/1.1" 200 30366
59.10.147.25 - - [11/Feb/2020:14:14:08 +0900] "GET /home/whoweare/korea.do HTTP/1.1" 200 30366
34.199.176.251 - - [11/Feb/2020:14:15:25 +0900] "GET /home/news/news/view.do?num=1 HTTP/1.1" 200 8971
34.199.176.251 - - [11/Feb/2020:14:15:26 +0900] "GET /home/news/news/view.do HTTP/1.1" 500 3570
34.199.176.251 - - [11/Feb/2020:14:17:29 +0900] "GET /home/news/news/view.do?num=1 HTTP/1.1" 200 8971
34.199.176.251 - - [11/Feb/2020:14:17:30 +0900] "GET /home/news/news/view.do HTTP/1.1" 500 3570
66.249.75.218 - - [11/Feb/2020:14:19:31 +0900] "GET /error/kr/error.jsp HTTP/1.1" 500 3762
64.209.89.103 - - [11/Feb/2020:14:20:05 +0900] "GET /index.jsp HTTP/1.0" 302 -
66.249.75.182 - - [11/Feb/2020:14:21:44 +0900] "GET /error/kr/error.jsp HTTP/1.1" 500 3570
193.111.62.163 - - [11/Feb/2020:14:24:50 +0900] "GET /home/news/news/list.do HTTP/1.1" 200 7091
94.158.36.183 - - [11/Feb/2020:14:25:25 +0900] "GET /error/kr/error.jsp HTTP/1.1" 500 3570
94.158.36.183 - - [11/Feb/2020:14:25:26 +0900] "GET /error/kr/error.jsp HTTP/1.1" 500 3570
73.114.163.207 - - [11/Feb/2020:14:25:54 +0900] "GET /home/en/whoweare/korea.do HTTP/1.1" 200 44383
5.188.210.81 - - [11/Feb/2020:14:26:27 +0900] "GET /index.jsp HTTP/1.0" 302 -
5.188.210.81 - - [11/Feb/2020:14:26:27 +0900] "GET /home/main/main.do HTTP/1.0" 200 12222
73.114.163.207 - - [11/Feb/2020:14:27:22 +0900] "GET /home/en/whoweare/korea.do HTTP/1.1" 200 44383
73.114.163.207 - - [11/Feb/2020:14:27:29 +0900] "GET /home/en/watwedo/overview.do HTTP/1.1" 200 7050
73.114.163.207 - - [11/Feb/2020:14:28:17 +0900] "GET /home/en/watwedo/history.do HTTP/1.1" 200 8791
73.114.163.207 - - [11/Feb/2020:14:28:31 +0900] "GET /home/en/watwedo/philosophy.do HTTP/1.1" 200 7423
73.114.163.207 - - [11/Feb/2020:14:29:17 +0900] "GET /home/en/whoweare/korea.do HTTP/1.1" 200 44383
66.249.75.218 - - [11/Feb/2020:14:31:32 +0900] "GET /error/kr/error.jsp HTTP/1.1" 500 3762
45.33.66.85 - - [11/Feb/2020:14:32:23 +0900] "GET /error/kr/error.jsp HTTP/1.1" 500 3570
66.249.75.218 - - [11/Feb/2020:14:41:37 +0900] "GET /error/kr/error.jsp HTTP/1.1" 500 3762
138.94.137.6 - - [11/Feb/2020:14:43:38 +0900] "GET /index.jsp HTTP/1.1" 302 -
61.103.49.10 - - [11/Feb/2020:14:45:34 +0900] "GET /home/main/main.do HTTP/1.1" 200 12222
61.103.49.10 - - [11/Feb/2020:14:45:36 +0900] "GET /home/whoweare/korea.do HTTP/1.1" 200 30366
61.103.49.10 - - [11/Feb/2020:14:45:54 +0900] "GET /home/whoweare/korea.do HTTP/1.1" 200 30366
61.103.49.10 - - [11/Feb/2020:14:46:07 +0900] "GET /home/whoweare/korea.do HTTP/1.1" 200 30366
77.67.54.55 - - [11/Feb/2020:14:50:11 +0900] "GET /index.jsp HTTP/1.1" 302 -
77.67.54.53 - - [11/Feb/2020:14:50:11 +0900] "GET /home/en/main/main.do HTTP/1.1" 200 11080
66.249.75.218 - - [11/Feb/2020:14:51:39 +0900] "GET /error/kr/error.jsp HTTP/1.1" 500 3762
51.15.191.180 - - [11/Feb/2020:14:57:36 +0900] "GET /home/news/news/view.do?page=&num=6 HTTP/1.1" 200 9118
51.15.191.180 - - [11/Feb/2020:14:58:05 +0900] "GET /home/news/news/view.do?page=2&num=9 HTTP/1.1" 200 9135
49.7.20.138 - - [11/Feb/2020:15:01:36 +0900] "GET /home/en/main/main.do HTTP/1.1" 200 11080
66.249.75.180 - - [11/Feb/2020:15:01:40 +0900] "GET /error/kr/error.jsp HTTP/1.1" 500 3570
128.14.134.170 - - [11/Feb/2020:15:01:55 +0900] "GET /error/kr/error.jsp HTTP/1.1" 500 3570
105.4.1.217 - - [11/Feb/2020:15:07:04 +0900] "GET /home/en/whoweare/korea.do HTTP/1.1" 200 30344
77.75.78.164 - - [11/Feb/2020:15:07:56 +0900] "GET /error/kr/error.jsp HTTP/1.1" 500 3570
77.75.78.164 - - [11/Feb/2020:15:08:03 +0900] "GET /home/en/watwedo/overview.do HTTP/1.1" 200 6156
112.217.209.146 - - [11/Feb/2020:15:09:05 +0900] "GET /filter/checker.jsp?campaignID=533&email=wjd0r@naver.com&responseEnd=2018-12-20 HTTP/1.1" 404 3570
66.249.75.178 - - [11/Feb/2020:15:11:23 +0900] "GET /error/kr/error.jsp HTTP/1.1" 500 3570
49.7.20.138 - - [11/Feb/2020:15:12:11 +0900] "GET /home/en/main/main.do HTTP/1.1" 200 11080
222.237.27.75 - - [11/Feb/2020:15:12:38 +0900] "GET /index.jsp HTTP/1.1" 302 -
222.237.27.75 - - [11/Feb/2020:15:12:38 +0900] "GET /home/main/main.do HTTP/1.1" 200 12222
222.237.27.75 - - [11/Feb/2020:15:12:41 +0900] "GET /home/contact/contact.do HTTP/1.1" 200 5224
222.237.27.75 - - [11/Feb/2020:15:12:43 +0900] "GET /home/whoweare/korea.do HTTP/1.1" 200 30366
112.218.64.244 - - [11/Feb/2020:15:18:16 +0900] "GET /error/kr/error.jsp HTTP/1.1" 500 3570
112.218.64.244 - - [11/Feb/2020:15:18:29 +0900] "GET /home/meetourpartners/all.do HTTP/1.1" 200 101569
112.218.64.244 - - [11/Feb/2020:15:18:30 +0900] "GET /home/whoweare/korea.do HTTP/1.1" 200 30366
34.199.176.251 - - [11/Feb/2020:15:20:09 +0900] "GET /home/news/news/list.do HTTP/1.1" 200 7091
66.249.75.178 - - [11/Feb/2020:15:21:19 +0900] "GET /error/kr/error.jsp HTTP/1.1" 500 3570
34.199.176.251 - - [11/Feb/2020:15:21:58 +0900] "GET /home/news/news/list.do HTTP/1.1" 200 7091
193.111.62.163 - - [11/Feb/2020:15:24:23 +0900] "GET /home/news/news/list.do HTTP/1.1" 200 7091
122.112.177.129 - - [11/Feb/2020:15:25:14 +0900] "GET /index.jsp HTTP/1.1" 302 -
115.144.5.100 - - [11/Feb/2020:15:28:02 +0900] "GET /home/watwedo/overview.do HTTP/1.1" 200 6147
66.249.75.220 - - [11/Feb/2020:15:31:28 +0900] "GET /error/kr/error.jsp HTTP/1.1" 500 3762
52.90.76.63 - - [11/Feb/2020:15:32:18 +0900] "GET /index.jsp HTTP/1.1" 302 -
52.90.76.63 - - [11/Feb/2020:15:32:18 +0900] "GET /home/main/main.do HTTP/1.1" 200 12222
61.103.49.10 - - [11/Feb/2020:15:35:17 +0900] "GET /home/main/main.do HTTP/1.1" 200 12222
61.103.49.10 - - [11/Feb/2020:15:35:19 +0900] "GET /home/whoweare/korea.do HTTP/1.1" 200 30366
61.103.49.10 - - [11/Feb/2020:15:35:24 +0900] "GET /home/whoweare/korea.do HTTP/1.1" 200 30366
113.193.26.170 - - [11/Feb/2020:15:36:07 +0900] "GET /index.jsp HTTP/1.1" 302 -
113.193.26.170 - - [11/Feb/2020:15:36:07 +0900] "GET /home/en/main/main.do HTTP/1.1" 200 11080
113.193.26.170 - - [11/Feb/2020:15:36:13 +0900] "GET /home/en/watwedo/overview.do HTTP/1.1" 200 6156
113.193.26.170 - - [11/Feb/2020:15:36:25 +0900] "GET /home/en/whoweare/korea.do HTTP/1.1" 200 30344
113.193.26.170 - - [11/Feb/2020:15:36:34 +0900] "GET /home/en/watwedo/overview.do HTTP/1.1" 200 6156
113.193.26.170 - - [11/Feb/2020:15:36:47 +0900] "GET /home/en/main/main.do HTTP/1.1" 200 11080
113.193.26.170 - - [11/Feb/2020:15:37:08 +0900] "GET /home/en/watwedo/overview.do HTTP/1.1" 200 6156
113.193.26.170 - - [11/Feb/2020:15:37:11 +0900] "GET /home/en/watwedo/history.do HTTP/1.1" 200 10541
113.193.26.170 - - [11/Feb/2020:15:37:15 +0900] "GET /home/en/watwedo/overview.do HTTP/1.1" 200 6156
59.44.21.158 - - [11/Feb/2020:15:38:48 +0900] "GET /error/kr/error.jsp HTTP/1.1" 500 3570
66.249.75.180 - - [11/Feb/2020:15:41:18 +0900] "GET /error/kr/error.jsp HTTP/1.1" 500 3570
113.193.26.170 - - [11/Feb/2020:15:42:07 +0900] "GET /home/en/main/main.do HTTP/1.1" 200 11080
113.193.26.170 - - [11/Feb/2020:15:42:15 +0900] "GET /home/en/watwedo/overview.do HTTP/1.1" 200 6156
222.96.71.175 - - [11/Feb/2020:15:44:59 +0900] "GET /index.jsp HTTP/1.1" 302 -
222.96.71.175 - - [11/Feb/2020:15:44:59 +0900] "GET /home/main/main.do HTTP/1.1" 200 12222
222.96.71.175 - - [11/Feb/2020:15:45:13 +0900] "GET /home/whoweare/korea.do HTTP/1.1" 200 30366
222.96.71.175 - - [11/Feb/2020:15:45:15 +0900] "GET /home/whoweare/china.do HTTP/1.1" 200 10340
222.96.71.175 - - [11/Feb/2020:15:45:34 +0900] "GET /home/meetourpartners/all.do HTTP/1.1" 200 101569
222.96.71.175 - - [11/Feb/2020:15:45:39 +0900] "GET /home/news/news/list.do HTTP/1.1" 200 7091
222.96.71.175 - - [11/Feb/2020:15:45:41 +0900] "GET /home/news/news/view.do?page=1&num=1 HTTP/1.1" 200 8973
222.96.71.175 - - [11/Feb/2020:15:45:44 +0900] "GET /home/contact/contact.do HTTP/1.1" 200 5224
95.163.255.248 - - [11/Feb/2020:15:47:13 +0900] "GET /error/kr/error.jsp HTTP/1.0" 500 3570
95.163.255.120 - - [11/Feb/2020:15:47:14 +0900] "GET /error/kr/error.jsp HTTP/1.1" 500 3570
66.249.75.178 - - [11/Feb/2020:15:51:26 +0900] "GET /error/kr/error.jsp HTTP/1.1" 500 3570
119.207.72.146 - - [11/Feb/2020:15:55:10 +0900] "GET /home/watwedo/overview.do HTTP/1.1" 200 6147
125.209.235.168 - - [11/Feb/2020:15:57:13 +0900] "GET /index.jsp HTTP/1.1" 302 -
125.209.235.168 - - [11/Feb/2020:15:57:14 +0900] "GET /home/main/main.do HTTP/1.1" 200 12222
103.131.71.135 - - [11/Feb/2020:16:00:33 +0900] "GET /error/kr/error.jsp HTTP/1.1" 500 3570
66.249.75.218 - - [11/Feb/2020:16:01:31 +0900] "GET /error/kr/error.jsp HTTP/1.1" 500 3762
209.17.96.50 - - [11/Feb/2020:16:02:00 +0900] "GET /index.jsp HTTP/1.1" 302 -
5.202.77.146 - - [11/Feb/2020:16:10:31 +0900] "GET /index.jsp HTTP/1.1" 302 -
113.77.193.167 - - [11/Feb/2020:16:11:09 +0900] "GET /error/kr/error.jsp HTTP/1.1" 500 3570
66.249.75.178 - - [11/Feb/2020:16:11:29 +0900] "GET /error/kr/error.jsp HTTP/1.1" 500 3570
222.112.8.157 - - [11/Feb/2020:16:15:33 +0900] "GET /index.jsp HTTP/1.1" 302 -
222.112.8.157 - - [11/Feb/2020:16:15:33 +0900] "GET /home/main/main.do HTTP/1.1" 200 12222
222.112.8.157 - - [11/Feb/2020:16:15:37 +0900] "GET /home/whoweare/korea.do HTTP/1.1" 200 30366
222.112.8.157 - - [11/Feb/2020:16:17:18 +0900] "GET /home/whoweare/china.do HTTP/1.1" 200 10340
222.112.8.157 - - [11/Feb/2020:16:17:45 +0900] "GET /home/meetourpartners/all.do HTTP/1.1" 200 101569
222.112.8.157 - - [11/Feb/2020:16:17:53 +0900] "GET /home/about/about.do HTTP/1.1" 200 14216
66.249.75.220 - - [11/Feb/2020:16:21:40 +0900] "GET /error/kr/error.jsp HTTP/1.1" 500 3762
222.106.177.9 - - [11/Feb/2020:16:23:54 +0900] "GET /index.jsp HTTP/1.1" 302 -
222.106.177.9 - - [11/Feb/2020:16:23:54 +0900] "GET /home/main/main.do HTTP/1.1" 200 12222
18.206.181.91 - - [11/Feb/2020:16:25:08 +0900] "GET /error/kr/error.jsp HTTP/1.1" 500 3570
18.206.181.91 - - [11/Feb/2020:16:25:09 +0900] "GET /error/kr/error.jsp HTTP/1.1" 500 3570
202.30.104.78 - - [11/Feb/2020:16:25:25 +0900] "GET /index.jsp HTTP/1.1" 302 -
202.30.104.78 - - [11/Feb/2020:16:25:25 +0900] "GET /home/main/main.do HTTP/1.1" 200 12222
106.248.225.18 - - [11/Feb/2020:16:25:53 +0900] "GET /index.jsp HTTP/1.1" 302 -
106.248.225.18 - - [11/Feb/2020:16:25:53 +0900] "GET /home/main/main.do HTTP/1.1" 200 12222
106.248.225.18 - - [11/Feb/2020:16:25:55 +0900] "GET /home/whoweare/korea.do HTTP/1.1" 200 30366
106.248.225.18 - - [11/Feb/2020:16:26:20 +0900] "GET /home/whoweare/korea.do HTTP/1.1" 200 30366
193.111.62.163 - - [11/Feb/2020:16:26:30 +0900] "GET /home/news/news/list.do HTTP/1.1" 200 7091
47.254.36.89 - - [11/Feb/2020:16:28:07 +0900] "GET /error/kr/error.jsp HTTP/1.1" 500 3570
66.249.75.35 - - [11/Feb/2020:16:31:28 +0900] "GET /error/kr/error.jsp HTTP/1.1" 500 3570
39.7.58.235 - - [11/Feb/2020:16:35:31 +0900] "GET /index.jsp HTTP/1.1" 302 -
39.7.58.235 - - [11/Feb/2020:16:35:32 +0900] "GET /home/main/main.do HTTP/1.1" 200 12222
121.254.147.237 - - [11/Feb/2020:16:38:50 +0900] "GET /index.jsp HTTP/1.1" 302 -
121.254.147.237 - - [11/Feb/2020:16:38:50 +0900] "GET /home/en/main/main.do HTTP/1.1" 200 11080
66.249.75.220 - - [11/Feb/2020:16:41:10 +0900] "GET /error/kr/error.jsp HTTP/1.1" 500 3762
36.110.199.32 - - [11/Feb/2020:16:43:37 +0900] "GET /home/en/meetourpartners/all.do HTTP/1.1" 200 95227
119.192.209.85 - - [11/Feb/2020:16:45:25 +0900] "GET /home/en/main/main.do HTTP/1.1" 200 11080
66.249.75.218 - - [11/Feb/2020:16:51:06 +0900] "GET /error/kr/error.jsp HTTP/1.1" 500 3762
39.7.58.235 - - [11/Feb/2020:16:53:22 +0900] "GET /home/whoweare/korea.do HTTP/1.1" 200 30366
39.7.58.235 - - [11/Feb/2020:16:53:29 +0900] "GET /index.jsp HTTP/1.1" 302 -
39.7.58.235 - - [11/Feb/2020:16:53:30 +0900] "GET /home/main/main.do HTTP/1.1" 200 12222
222.106.184.11 - - [11/Feb/2020:16:55:04 +0900] "GET /index.jsp HTTP/1.1" 302 -
222.106.184.11 - - [11/Feb/2020:16:55:04 +0900] "GET /home/main/main.do HTTP/1.1" 200 12222
