38.99.62.91 - - [25/Jun/2020:00:00:53 +0900] "GET /home/news/news/view.do?page=1&num=6 HTTP/1.1" 200 9121
38.99.62.91 - - [25/Jun/2020:00:01:18 +0900] "GET /home/en/meetourpartners/all.do HTTP/1.1" 200 95227
103.131.71.143 - - [25/Jun/2020:00:01:19 +0900] "GET /error/kr/error.jsp HTTP/1.1" 500 3570
38.99.62.91 - - [25/Jun/2020:00:01:58 +0900] "GET /home/meetourpartners/all.do HTTP/1.1" 200 101569
38.99.62.91 - - [25/Jun/2020:00:02:37 +0900] "GET /home/news/news/view.do?page=1&num=6 HTTP/1.1" 200 9121
38.99.62.91 - - [25/Jun/2020:00:03:17 +0900] "GET /home/meetourpartners/all.do HTTP/1.1" 200 101569
38.99.62.91 - - [25/Jun/2020:00:03:57 +0900] "GET /home/meetourpartners/all.do HTTP/1.1" 200 101569
38.99.62.91 - - [25/Jun/2020:00:04:36 +0900] "GET /home/news/news/view.do?page=1&num=7 HTTP/1.1" 200 5548
38.99.62.91 - - [25/Jun/2020:00:05:16 +0900] "GET /home/en/meetourpartners/all.do HTTP/1.1" 200 95227
38.99.62.91 - - [25/Jun/2020:00:05:55 +0900] "GET /home/news/news/view.do?page=1&num=7 HTTP/1.1" 200 5548
38.99.62.91 - - [25/Jun/2020:00:06:35 +0900] "GET /home/news/news/list.do?page=2 HTTP/1.1" 200 7127
38.99.62.91 - - [25/Jun/2020:00:07:14 +0900] "GET /home/news/news/view.do?page=2&num=11 HTTP/1.1" 200 5548
38.99.62.91 - - [25/Jun/2020:00:07:40 +0900] "GET /home/news/news/view.do?page=2&num=12 HTTP/1.1" 200 9083
38.99.62.91 - - [25/Jun/2020:00:08:19 +0900] "GET /home/news/news/view.do?page=2&num=13 HTTP/1.1" 200 9159
38.99.62.91 - - [25/Jun/2020:00:08:59 +0900] "GET /home/news/news/view.do?page=2&num=14 HTTP/1.1" 200 6736
38.99.62.91 - - [25/Jun/2020:00:09:39 +0900] "GET /home/news/news/view.do?page=2&num=15 HTTP/1.1" 200 9181
193.111.62.163 - - [25/Jun/2020:00:10:08 +0900] "GET /home/news/news/list.do HTTP/1.1" 200 7100
38.99.62.91 - - [25/Jun/2020:00:10:19 +0900] "GET /home/news/news/view.do?page=2&num=16 HTTP/1.1" 200 5666
38.99.62.91 - - [25/Jun/2020:00:10:58 +0900] "GET /home/en/meetourpartners/all.do HTTP/1.1" 200 95227
38.99.62.91 - - [25/Jun/2020:00:11:38 +0900] "GET /home/news/news/view.do?page=2&num=17 HTTP/1.1" 200 5761
38.99.62.91 - - [25/Jun/2020:00:12:17 +0900] "GET /home/news/news/view.do?page=2&num=18 HTTP/1.1" 200 9137
38.99.62.91 - - [25/Jun/2020:00:12:57 +0900] "GET /home/en/meetourpartners/all.do HTTP/1.1" 200 95227
38.99.62.91 - - [25/Jun/2020:00:13:36 +0900] "GET /home/news/news/view.do?page=2&num=19 HTTP/1.1" 200 6164
38.99.62.91 - - [25/Jun/2020:00:14:16 +0900] "GET /home/news/news/list.do?page=2 HTTP/1.1" 200 7127
38.99.62.91 - - [25/Jun/2020:00:14:55 +0900] "GET /home/news/news/view.do?page=&num=4 HTTP/1.1" 200 9120
38.99.62.91 - - [25/Jun/2020:00:15:36 +0900] "GET /home/news/news/view.do?page=&num=5 HTTP/1.1" 200 9109
38.99.62.91 - - [25/Jun/2020:00:16:15 +0900] "GET /home/news/news/view.do?page=&num=4 HTTP/1.1" 200 9120
38.99.62.91 - - [25/Jun/2020:00:16:55 +0900] "GET /home/en/watwedo/overview.do HTTP/1.1" 200 6218
38.99.62.91 - - [25/Jun/2020:00:17:35 +0900] "GET /home/meetourpartners/all.do HTTP/1.1" 200 101569
38.99.62.91 - - [25/Jun/2020:00:18:15 +0900] "GET /error/kr/error.jsp HTTP/1.1" 500 3570
38.99.62.91 - - [25/Jun/2020:00:20:13 +0900] "GET /home/en/meetourpartners/all.do HTTP/1.1" 200 95227
38.99.62.91 - - [25/Jun/2020:00:20:52 +0900] "GET /home/meetourpartners/all.do HTTP/1.1" 200 101569
38.99.62.91 - - [25/Jun/2020:00:21:32 +0900] "GET /home/en/watwedo/history.do HTTP/1.1" 200 10815
129.204.24.99 - - [25/Jun/2020:00:21:50 +0900] "GET /error/kr/error.jsp HTTP/1.1" 500 3570
129.204.24.99 - - [25/Jun/2020:00:22:20 +0900] "HEAD /index.jsp?s=www.guangdongymca.cn HTTP/1.1" 302 -
129.204.24.99 - - [25/Jun/2020:00:22:21 +0900] "HEAD /home/main/main.do HTTP/1.1" 200 -
38.99.62.91 - - [25/Jun/2020:00:23:30 +0900] "GET /home/en/watwedo/overview.do HTTP/1.1" 200 6218
54.153.80.133 - - [25/Jun/2020:00:23:59 +0900] "GET /index.jsp HTTP/1.1" 302 -
54.153.80.133 - - [25/Jun/2020:00:23:59 +0900] "GET /home/main/main.do HTTP/1.1" 200 12249
38.99.62.91 - - [25/Jun/2020:00:24:09 +0900] "GET /home/en/whoweare/korea.do HTTP/1.1" 200 29641
38.99.62.91 - - [25/Jun/2020:00:24:49 +0900] "GET /home/en/whoweare/china.do HTTP/1.1" 200 10353
38.99.62.91 - - [25/Jun/2020:00:26:33 +0900] "GET /home/en/whoweare/korea.do HTTP/1.1" 200 29641
38.99.62.91 - - [25/Jun/2020:00:27:12 +0900] "GET /home/en/meetourpartners/domestic.do HTTP/1.1" 200 69240
38.99.62.91 - - [25/Jun/2020:00:27:52 +0900] "GET /home/en/meetourpartners/overseas.do HTTP/1.1" 200 31428
38.99.62.91 - - [25/Jun/2020:00:28:32 +0900] "GET /home/meetourpartners/all.do HTTP/1.1" 200 101569
38.99.62.91 - - [25/Jun/2020:00:29:12 +0900] "GET /home/meetourpartners/all.do HTTP/1.1" 200 101569
38.99.62.91 - - [25/Jun/2020:00:29:51 +0900] "GET /home/en/meetourpartners/all.do HTTP/1.1" 200 95227
38.99.62.91 - - [25/Jun/2020:00:33:07 +0900] "GET /home/meetourpartners/all.do HTTP/1.1" 200 101569
38.99.62.91 - - [25/Jun/2020:00:33:47 +0900] "GET /home/en/meetourpartners/all.do HTTP/1.1" 200 95227
38.99.62.91 - - [25/Jun/2020:00:35:45 +0900] "GET /home/meetourpartners/all.do HTTP/1.1" 200 101569
38.99.62.91 - - [25/Jun/2020:00:36:24 +0900] "GET /home/meetourpartners/all.do HTTP/1.1" 200 101569
38.99.62.91 - - [25/Jun/2020:00:37:04 +0900] "GET /home/meetourpartners/all.do HTTP/1.1" 200 101569
38.99.62.91 - - [25/Jun/2020:00:38:23 +0900] "GET /home/en/meetourpartners/all.do HTTP/1.1" 200 95227
38.99.62.91 - - [25/Jun/2020:00:39:42 +0900] "GET /home/en/contact/contact.do HTTP/1.1" 200 5187
38.99.62.91 - - [25/Jun/2020:00:41:03 +0900] "GET /home/en/meetourpartners/all.do HTTP/1.1" 200 95227
38.99.62.91 - - [25/Jun/2020:00:41:28 +0900] "GET /home/en/about/about.do HTTP/1.1" 200 16228
121.131.188.114 - - [25/Jun/2020:00:41:51 +0900] "GET /home/whoweare/korea.do HTTP/1.1" 200 43261
121.131.188.114 - - [25/Jun/2020:00:42:06 +0900] "GET /home/watwedo/overview.do HTTP/1.1" 200 7207
121.131.188.114 - - [25/Jun/2020:00:42:41 +0900] "GET /home/watwedo/philosophy.do HTTP/1.1" 200 7553
121.131.188.114 - - [25/Jun/2020:00:42:45 +0900] "GET /home/main/main.do HTTP/1.1" 200 8866
121.131.188.114 - - [25/Jun/2020:00:42:45 +0900] "GET /error/kr/error.jsp HTTP/1.1" 500 3762
38.99.62.91 - - [25/Jun/2020:00:42:47 +0900] "GET /home/en/meetourpartners/all.do HTTP/1.1" 200 95227
38.99.62.91 - - [25/Jun/2020:00:44:06 +0900] "GET /home/en/watwedo/philosophy.do HTTP/1.1" 200 7112
38.99.62.91 - - [25/Jun/2020:00:45:25 +0900] "GET /home/watwedo/history.do HTTP/1.1" 200 10890
38.99.62.91 - - [25/Jun/2020:00:46:44 +0900] "GET /home/whoweare/china.do HTTP/1.1" 200 10340
38.99.62.91 - - [25/Jun/2020:00:48:02 +0900] "GET /home/news/news/view.do?page=1&num=1 HTTP/1.1" 200 8973
66.249.65.112 - - [25/Jun/2020:00:49:04 +0900] "GET /error/kr/error.jsp HTTP/1.1" 500 3570
119.207.72.68 - - [25/Jun/2020:00:53:03 +0900] "GET /home/news/news/list.do?page=1 HTTP/1.1" 200 7100
205.185.114.231 - - [25/Jun/2020:00:55:35 +0900] "GET /index.jsp HTTP/1.1" 302 -
193.118.53.202 - - [25/Jun/2020:01:08:45 +0900] "GET /index.jsp HTTP/1.1" 302 -
193.118.53.202 - - [25/Jun/2020:01:08:45 +0900] "GET /home/main/main.do HTTP/1.1" 200 12249
157.55.39.126 - - [25/Jun/2020:01:09:46 +0900] "GET /home/news/news/view.do?num=1 HTTP/1.1" 200 8971
66.249.73.247 - - [25/Jun/2020:01:19:26 +0900] "GET /error/kr/error.jsp HTTP/1.1" 500 3762
129.204.24.99 - - [25/Jun/2020:01:20:03 +0900] "GET /error/kr/error.jsp HTTP/1.1" 500 3570
40.77.167.134 - - [25/Jun/2020:01:20:23 +0900] "GET /home/watwedo/philosophy.do HTTP/1.1" 200 7162
129.204.24.99 - - [25/Jun/2020:01:20:31 +0900] "HEAD /index.jsp?s=www.guangdongymcb.cn HTTP/1.1" 302 -
129.204.24.99 - - [25/Jun/2020:01:20:32 +0900] "HEAD /home/main/main.do HTTP/1.1" 200 -
193.111.62.163 - - [25/Jun/2020:01:23:30 +0900] "GET /home/news/news/list.do HTTP/1.1" 200 7100
34.241.152.39 - - [25/Jun/2020:01:24:27 +0900] "GET /index.jsp HTTP/1.1" 302 -
34.241.152.39 - - [25/Jun/2020:01:24:28 +0900] "GET /home/main/main.do HTTP/1.1" 200 12249
66.249.65.114 - - [25/Jun/2020:01:29:34 +0900] "GET /error/kr/error.jsp HTTP/1.1" 500 3570
174.129.169.246 - - [25/Jun/2020:01:36:16 +0900] "GET /home/main/main.do HTTP/1.1" 200 12249
74.208.31.35 - - [25/Jun/2020:01:36:39 +0900] "GET /error/kr/error.jsp HTTP/1.1" 500 3570
106.75.118.223 - - [25/Jun/2020:01:39:17 +0900] "GET /index.jsp HTTP/1.1" 302 -
106.75.118.223 - - [25/Jun/2020:01:39:18 +0900] "GET /home/en/main/main.do HTTP/1.1" 200 11542
66.249.65.110 - - [25/Jun/2020:01:39:25 +0900] "GET /error/kr/error.jsp HTTP/1.1" 500 3570
91.240.109.1 - - [25/Jun/2020:01:41:52 +0900] "GET /index.jsp HTTP/1.1" 302 -
91.240.109.1 - - [25/Jun/2020:01:41:52 +0900] "GET /home/main/main.do HTTP/1.1" 200 12249
157.55.39.126 - - [25/Jun/2020:01:48:30 +0900] "GET /home/en/whoweare/china.do HTTP/1.1" 200 11458
100.24.18.179 - - [25/Jun/2020:01:55:58 +0900] "GET /index.jsp HTTP/1.1" 302 -
100.24.18.179 - - [25/Jun/2020:01:55:58 +0900] "GET /home/main/main.do HTTP/1.1" 200 12249
100.24.18.179 - - [25/Jun/2020:01:55:59 +0900] "GET /home/main/main.do HTTP/1.1" 200 12249
100.24.18.179 - - [25/Jun/2020:01:55:59 +0900] "GET /home/main/main.do HTTP/1.1" 200 12249
34.229.112.125 - - [25/Jun/2020:02:08:09 +0900] "GET /error/kr/error.jsp HTTP/1.1" 500 3570
34.229.112.125 - - [25/Jun/2020:02:08:10 +0900] "GET /error/kr/error.jsp HTTP/1.1" 500 3570
193.111.62.163 - - [25/Jun/2020:02:16:41 +0900] "GET /home/news/news/list.do HTTP/1.1" 200 7100
129.204.24.99 - - [25/Jun/2020:02:18:25 +0900] "GET /error/kr/error.jsp HTTP/1.1" 500 3570
129.204.24.99 - - [25/Jun/2020:02:18:55 +0900] "HEAD /index.jsp?s=www.guangdongymcc.cn HTTP/1.1" 302 -
129.204.24.99 - - [25/Jun/2020:02:18:55 +0900] "HEAD /home/main/main.do HTTP/1.1" 200 -
66.249.65.110 - - [25/Jun/2020:02:29:16 +0900] "GET /error/kr/error.jsp HTTP/1.1" 500 3570
23.100.232.233 - - [25/Jun/2020:02:30:51 +0900] "GET /home/main/main.do HTTP/1.1" 200 12249
23.100.232.233 - - [25/Jun/2020:02:31:07 +0900] "GET /home/en/about/about.do HTTP/1.1" 200 16228
121.254.147.237 - - [25/Jun/2020:02:42:12 +0900] "GET /index.jsp HTTP/1.1" 302 -
121.254.147.237 - - [25/Jun/2020:02:42:12 +0900] "GET /home/en/main/main.do HTTP/1.1" 200 11542
73.239.113.15 - - [25/Jun/2020:02:42:16 +0900] "GET /index.jsp HTTP/1.1" 302 -
66.249.65.110 - - [25/Jun/2020:02:49:23 +0900] "GET /error/kr/error.jsp HTTP/1.1" 500 3570
207.46.13.129 - - [25/Jun/2020:03:01:52 +0900] "GET /home/watwedo/overview.do HTTP/1.1" 200 7207
157.55.39.15 - - [25/Jun/2020:03:01:52 +0900] "GET /error/kr/error.jsp HTTP/1.1" 500 3762
207.46.13.129 - - [25/Jun/2020:03:04:39 +0900] "GET /index.jsp HTTP/1.1" 302 -
193.111.62.163 - - [25/Jun/2020:03:12:47 +0900] "GET /home/news/news/list.do HTTP/1.1" 200 7100
17.58.102.22 - - [25/Jun/2020:03:15:41 +0900] "GET /error/kr/error.jsp HTTP/1.1" 500 3570
17.58.101.93 - - [25/Jun/2020:03:15:41 +0900] "GET /home/whoweare/korea.do HTTP/1.1" 200 29677
129.204.24.99 - - [25/Jun/2020:03:18:08 +0900] "GET /error/kr/error.jsp HTTP/1.1" 500 3570
36.111.152.175 - - [25/Jun/2020:03:25:36 +0900] "GET /error/kr/error.jsp HTTP/1.1" 500 3570
207.46.13.129 - - [25/Jun/2020:03:27:58 +0900] "GET /index.jsp HTTP/1.1" 302 -
66.249.65.114 - - [25/Jun/2020:03:34:11 +0900] "GET /error/kr/error.jsp HTTP/1.1" 500 3570
101.21.148.201 - - [25/Jun/2020:03:39:26 +0900] "GET /error/kr/error.jsp HTTP/1.1" 500 3570
222.122.190.80 - - [25/Jun/2020:03:39:40 +0900] "GET /index.jsp HTTP/1.1" 302 -
222.122.190.80 - - [25/Jun/2020:03:39:40 +0900] "GET /home/main/main.do HTTP/1.1" 200 12249
222.122.190.80 - - [25/Jun/2020:03:39:40 +0900] "GET /index.jsp HTTP/1.1" 302 -
222.122.190.80 - - [25/Jun/2020:03:39:40 +0900] "GET /home/main/main.do HTTP/1.1" 200 12249
222.122.190.80 - - [25/Jun/2020:03:39:40 +0900] "GET /error/kr/error.jsp HTTP/1.1" 500 3570
23.100.232.233 - - [25/Jun/2020:03:41:38 +0900] "GET /home/en/about/about.do HTTP/1.1" 200 16228
54.208.102.37 - - [25/Jun/2020:03:42:58 +0900] "GET /index.jsp HTTP/1.1" 302 -
54.208.102.37 - - [25/Jun/2020:03:42:58 +0900] "GET /home/en/main/main.do HTTP/1.1" 200 11542
107.21.1.8 - - [25/Jun/2020:03:43:00 +0900] "GET /index.jsp HTTP/1.1" 302 -
107.21.1.8 - - [25/Jun/2020:03:43:00 +0900] "GET /home/en/main/main.do HTTP/1.1" 200 11542
54.167.104.194 - - [25/Jun/2020:03:43:16 +0900] "GET /index.jsp HTTP/1.1" 302 -
54.167.104.194 - - [25/Jun/2020:03:43:17 +0900] "GET /home/en/main/main.do HTTP/1.1" 200 11542
66.249.65.110 - - [25/Jun/2020:03:44:03 +0900] "GET /error/kr/error.jsp HTTP/1.1" 500 3570
192.241.223.191 - - [25/Jun/2020:03:53:00 +0900] "GET /error/kr/error.jsp HTTP/1.1" 500 3570
66.249.73.142 - - [25/Jun/2020:03:54:12 +0900] "GET /error/kr/error.jsp HTTP/1.1" 500 3570
207.46.13.129 - - [25/Jun/2020:03:57:20 +0900] "GET /home/meetourpartners/overseas.do HTTP/1.1" 200 34535
66.249.73.245 - - [25/Jun/2020:04:13:57 +0900] "GET /error/kr/error.jsp HTTP/1.1" 500 3762
193.111.62.163 - - [25/Jun/2020:04:17:09 +0900] "GET /home/news/news/list.do HTTP/1.1" 200 7100
129.204.24.99 - - [25/Jun/2020:04:19:07 +0900] "GET /error/kr/error.jsp HTTP/1.1" 500 3570
129.204.24.99 - - [25/Jun/2020:04:19:40 +0900] "HEAD /index.jsp?s=www.guangdongymce.cn HTTP/1.1" 302 -
129.204.24.99 - - [25/Jun/2020:04:19:41 +0900] "HEAD /home/main/main.do HTTP/1.1" 200 -
66.249.65.110 - - [25/Jun/2020:04:24:04 +0900] "GET /error/kr/error.jsp HTTP/1.1" 500 3570
66.249.65.110 - - [25/Jun/2020:04:34:33 +0900] "GET /error/kr/error.jsp HTTP/1.1" 500 3570
66.249.73.247 - - [25/Jun/2020:04:44:11 +0900] "GET /error/kr/error.jsp HTTP/1.1" 500 3762
23.100.232.233 - - [25/Jun/2020:04:53:08 +0900] "GET /home/main/main.do HTTP/1.1" 200 12249
66.249.73.243 - - [25/Jun/2020:04:54:13 +0900] "GET /error/kr/error.jsp HTTP/1.1" 500 3762
23.100.232.233 - - [25/Jun/2020:05:02:04 +0900] "GET /home/en/about/about.do HTTP/1.1" 200 16228
193.111.62.163 - - [25/Jun/2020:05:11:06 +0900] "GET /home/news/news/list.do HTTP/1.1" 200 7100
66.249.73.35 - - [25/Jun/2020:05:16:11 +0900] "GET /error/kr/error.jsp HTTP/1.1" 500 3570
129.204.24.99 - - [25/Jun/2020:05:19:46 +0900] "GET /error/kr/error.jsp HTTP/1.1" 500 3570
129.204.24.99 - - [25/Jun/2020:05:20:17 +0900] "HEAD /index.jsp?s=www.guangdongymcf.cn HTTP/1.1" 302 -
129.204.24.99 - - [25/Jun/2020:05:20:17 +0900] "HEAD /home/main/main.do HTTP/1.1" 200 -
66.249.73.245 - - [25/Jun/2020:05:24:16 +0900] "GET /error/kr/error.jsp HTTP/1.1" 500 3762
66.249.73.243 - - [25/Jun/2020:05:27:59 +0900] "GET /error/kr/error.jsp HTTP/1.1" 500 3762
66.249.73.243 - - [25/Jun/2020:05:34:25 +0900] "GET /error/kr/error.jsp HTTP/1.1" 500 3762
66.249.73.243 - - [25/Jun/2020:05:43:01 +0900] "GET /error/kr/error.jsp HTTP/1.1" 500 3762
66.249.65.110 - - [25/Jun/2020:05:44:37 +0900] "GET /error/kr/error.jsp HTTP/1.1" 500 3570
35.231.236.180 - - [25/Jun/2020:05:54:39 +0900] "GET /error/kr/error.jsp HTTP/1.0" 500 3570
35.231.236.180 - - [25/Jun/2020:05:54:39 +0900] "GET /home/en/about/about.do HTTP/1.0" 200 16228
66.249.65.110 - - [25/Jun/2020:05:57:56 +0900] "GET /error/kr/error.jsp HTTP/1.1" 500 3570
35.231.236.180 - - [25/Jun/2020:06:00:36 +0900] "GET /error/kr/error.jsp HTTP/1.0" 500 3570
35.231.236.180 - - [25/Jun/2020:06:00:36 +0900] "GET /home/en/watwedo/overview.do HTTP/1.0" 200 6218
35.231.236.180 - - [25/Jun/2020:06:01:36 +0900] "GET /error/kr/error.jsp HTTP/1.0" 500 3570
35.231.236.180 - - [25/Jun/2020:06:01:37 +0900] "GET /home/main/main.do HTTP/1.0" 200 12249
66.249.65.110 - - [25/Jun/2020:06:05:16 +0900] "GET /error/kr/error.jsp HTTP/1.1" 500 3570
35.231.236.180 - - [25/Jun/2020:06:07:00 +0900] "GET /error/kr/error.jsp HTTP/1.0" 500 3570
35.231.236.180 - - [25/Jun/2020:06:07:00 +0900] "GET /home/en/meetourpartners/all.do HTTP/1.0" 200 95227
193.111.62.163 - - [25/Jun/2020:06:09:33 +0900] "GET /home/news/news/list.do HTTP/1.1" 200 7100
95.163.255.183 - - [25/Jun/2020:06:13:33 +0900] "GET /error/kr/error.jsp HTTP/1.0" 500 3570
95.163.255.164 - - [25/Jun/2020:06:13:44 +0900] "GET /error/kr/error.jsp HTTP/1.1" 500 3570
66.249.65.110 - - [25/Jun/2020:06:14:55 +0900] "GET /error/kr/error.jsp HTTP/1.1" 500 3570
35.231.236.180 - - [25/Jun/2020:06:16:34 +0900] "GET /error/kr/error.jsp HTTP/1.0" 500 3570
35.231.236.180 - - [25/Jun/2020:06:16:34 +0900] "GET /home/en/watwedo/philosophy.do HTTP/1.0" 200 7112
129.204.24.99 - - [25/Jun/2020:06:20:28 +0900] "GET /error/kr/error.jsp HTTP/1.1" 500 3570
35.231.236.180 - - [25/Jun/2020:06:20:57 +0900] "GET /error/kr/error.jsp HTTP/1.0" 500 3570
35.231.236.180 - - [25/Jun/2020:06:20:57 +0900] "GET /home/en/whoweare/korea.do HTTP/1.0" 200 29641
129.204.24.99 - - [25/Jun/2020:06:20:58 +0900] "HEAD /index.jsp?s=www.guangdongymcg.cn HTTP/1.1" 302 -
129.204.24.99 - - [25/Jun/2020:06:20:59 +0900] "HEAD /home/main/main.do HTTP/1.1" 200 -
35.231.236.180 - - [25/Jun/2020:06:23:58 +0900] "GET /error/kr/error.jsp HTTP/1.0" 500 3570
35.231.236.180 - - [25/Jun/2020:06:23:58 +0900] "GET /home/en/contact/contact.do HTTP/1.0" 200 5187
35.231.236.180 - - [25/Jun/2020:06:24:43 +0900] "GET /error/kr/error.jsp HTTP/1.0" 500 3570
35.231.236.180 - - [25/Jun/2020:06:24:43 +0900] "GET /home/en/meetourpartners/all.do HTTP/1.0" 200 95227
35.231.236.180 - - [25/Jun/2020:06:24:46 +0900] "GET /error/kr/error.jsp HTTP/1.0" 500 3570
35.231.236.180 - - [25/Jun/2020:06:24:46 +0900] "GET /home/en/watwedo/overview.do HTTP/1.0" 200 6218
35.231.236.180 - - [25/Jun/2020:06:24:48 +0900] "GET /error/kr/error.jsp HTTP/1.0" 500 3570
35.231.236.180 - - [25/Jun/2020:06:24:48 +0900] "GET /home/en/whoweare/korea.do HTTP/1.0" 200 29641
35.231.236.180 - - [25/Jun/2020:06:24:50 +0900] "GET /error/kr/error.jsp HTTP/1.0" 500 3570
35.231.236.180 - - [25/Jun/2020:06:24:50 +0900] "GET /home/en/about/about.do HTTP/1.0" 200 16228
35.231.236.180 - - [25/Jun/2020:06:24:52 +0900] "GET /error/kr/error.jsp HTTP/1.0" 500 3570
35.231.236.180 - - [25/Jun/2020:06:24:52 +0900] "GET /home/en/contact/contact.do HTTP/1.0" 200 5187
35.231.236.180 - - [25/Jun/2020:06:24:53 +0900] "GET /error/kr/error.jsp HTTP/1.0" 500 3570
35.231.236.180 - - [25/Jun/2020:06:24:54 +0900] "GET /home/en/watwedo/philosophy.do HTTP/1.0" 200 7112
35.231.236.180 - - [25/Jun/2020:06:24:56 +0900] "GET /error/kr/error.jsp HTTP/1.0" 500 3570
35.231.236.180 - - [25/Jun/2020:06:24:57 +0900] "GET /home/main/main.do HTTP/1.0" 200 12249
66.249.65.110 - - [25/Jun/2020:06:25:51 +0900] "GET /error/kr/error.jsp HTTP/1.1" 500 3570
66.249.65.110 - - [25/Jun/2020:06:34:44 +0900] "GET /error/kr/error.jsp HTTP/1.1" 500 3570
128.14.209.250 - - [25/Jun/2020:06:34:59 +0900] "GET /index.jsp HTTP/1.1" 302 -
128.14.209.250 - - [25/Jun/2020:06:34:59 +0900] "GET /home/main/main.do HTTP/1.1" 200 12249
23.100.232.233 - - [25/Jun/2020:06:38:33 +0900] "GET /home/about/about.do HTTP/1.1" 200 14667
66.249.65.110 - - [25/Jun/2020:06:52:27 +0900] "GET /error/kr/error.jsp HTTP/1.1" 500 3570
66.249.73.247 - - [25/Jun/2020:06:57:13 +0900] "GET /error/kr/error.jsp HTTP/1.1" 500 3762
66.249.65.110 - - [25/Jun/2020:07:04:43 +0900] "GET /error/kr/error.jsp HTTP/1.1" 500 3570
79.156.41.116 - - [25/Jun/2020:07:09:26 +0900] "GET /index.jsp HTTP/1.1" 302 -
193.111.62.163 - - [25/Jun/2020:07:14:18 +0900] "GET /home/news/news/list.do HTTP/1.1" 200 7100
66.249.65.110 - - [25/Jun/2020:07:14:59 +0900] "GET /error/kr/error.jsp HTTP/1.1" 500 3570
211.56.145.140 - - [25/Jun/2020:07:20:11 +0900] "GET /index.jsp HTTP/1.1" 302 -
211.56.145.140 - - [25/Jun/2020:07:20:11 +0900] "GET /home/main/main.do HTTP/1.1" 302 -
211.56.145.140 - - [25/Jun/2020:07:20:11 +0900] "GET /home/main/main.do HTTP/1.1" 200 8866
129.204.24.99 - - [25/Jun/2020:07:21:07 +0900] "GET /error/kr/error.jsp HTTP/1.1" 500 3570
129.204.24.99 - - [25/Jun/2020:07:21:38 +0900] "HEAD /index.jsp?s=www.guangdongymch.cn HTTP/1.1" 302 -
129.204.24.99 - - [25/Jun/2020:07:21:38 +0900] "HEAD /home/main/main.do HTTP/1.1" 200 -
89.40.73.228 - - [25/Jun/2020:07:25:11 +0900] "GET /index.jsp HTTP/1.1" 302 -
121.140.109.11 - - [25/Jun/2020:07:26:32 +0900] "GET /index.jsp HTTP/1.1" 302 -
121.140.109.11 - - [25/Jun/2020:07:26:32 +0900] "GET /home/main/main.do HTTP/1.1" 200 8866
121.140.109.11 - - [25/Jun/2020:07:26:38 +0900] "GET /error/kr/error.jsp HTTP/1.1" 500 3762
121.140.109.11 - - [25/Jun/2020:07:26:47 +0900] "GET /index.jsp HTTP/1.1" 302 -
121.140.109.11 - - [25/Jun/2020:07:26:47 +0900] "GET /home/main/main.do HTTP/1.1" 200 8866
83.97.20.21 - - [25/Jun/2020:07:28:28 +0900] "GET /index.jsp HTTP/1.0" 302 -
66.249.65.110 - - [25/Jun/2020:07:35:07 +0900] "GET /error/kr/error.jsp HTTP/1.1" 500 3570
223.39.219.67 - - [25/Jun/2020:07:36:09 +0900] "GET /index.jsp HTTP/1.1" 302 -
223.39.219.67 - - [25/Jun/2020:07:36:09 +0900] "GET /home/main/main.do HTTP/1.1" 200 8866
223.39.219.67 - - [25/Jun/2020:07:36:09 +0900] "GET /error/kr/error.jsp HTTP/1.1" 500 3762
223.39.219.67 - - [25/Jun/2020:07:36:15 +0900] "GET /home/whoweare/korea.do HTTP/1.1" 200 43261
223.39.219.67 - - [25/Jun/2020:07:36:35 +0900] "GET /index.jsp HTTP/1.1" 302 -
223.39.219.67 - - [25/Jun/2020:07:36:36 +0900] "GET /home/main/main.do HTTP/1.1" 200 8866
223.39.219.67 - - [25/Jun/2020:07:36:36 +0900] "GET /error/kr/error.jsp HTTP/1.1" 500 3762
223.39.219.67 - - [25/Jun/2020:07:37:19 +0900] "GET /home/whoweare/korea.do HTTP/1.1" 200 43261
223.39.219.67 - - [25/Jun/2020:07:37:41 +0900] "GET /home/meetourpartners/all.do HTTP/1.1" 200 105128
223.39.219.67 - - [25/Jun/2020:07:37:45 +0900] "GET /home/meetourpartners/domestic.do HTTP/1.1" 200 76259
223.39.219.67 - - [25/Jun/2020:07:37:47 +0900] "GET /home/meetourpartners/overseas.do HTTP/1.1" 200 34535
223.39.219.67 - - [25/Jun/2020:07:37:58 +0900] "GET /home/meetourpartners/domestic.do HTTP/1.1" 200 76259
223.39.219.67 - - [25/Jun/2020:07:39:06 +0900] "GET /home/meetourpartners/all.do HTTP/1.1" 200 105128
66.249.73.243 - - [25/Jun/2020:07:45:03 +0900] "GET /error/kr/error.jsp HTTP/1.1" 500 3762
66.249.65.114 - - [25/Jun/2020:07:52:52 +0900] "GET /error/kr/error.jsp HTTP/1.1" 500 3570
23.100.232.233 - - [25/Jun/2020:07:53:11 +0900] "GET /home/main/main.do HTTP/1.1" 200 12249
203.217.242.11 - - [25/Jun/2020:07:55:10 +0900] "GET /home/en/about/about.do HTTP/1.1" 200 16228
66.249.65.110 - - [25/Jun/2020:08:04:37 +0900] "GET /error/kr/error.jsp HTTP/1.1" 500 3570
193.111.62.163 - - [25/Jun/2020:08:09:49 +0900] "GET /home/news/news/list.do HTTP/1.1" 200 7100
66.249.65.110 - - [25/Jun/2020:08:10:33 +0900] "GET /error/kr/error.jsp HTTP/1.1" 500 3570
223.62.212.72 - - [25/Jun/2020:08:21:12 +0900] "GET /home/main/main.do HTTP/1.1" 302 -
223.62.212.72 - - [25/Jun/2020:08:21:12 +0900] "GET /home/main/main.do HTTP/1.1" 200 8866
223.62.212.72 - - [25/Jun/2020:08:21:13 +0900] "GET /error/kr/error.jsp HTTP/1.1" 500 3762
223.62.212.72 - - [25/Jun/2020:08:21:14 +0900] "GET /error/kr/error.jsp HTTP/1.1" 500 3762
223.62.212.72 - - [25/Jun/2020:08:21:14 +0900] "GET /error/kr/error.jsp HTTP/1.1" 500 3762
223.62.212.72 - - [25/Jun/2020:08:21:17 +0900] "GET /home/whoweare/korea.do HTTP/1.1" 200 43261
223.62.212.72 - - [25/Jun/2020:08:21:21 +0900] "GET /home/whoweare/china.do HTTP/1.1" 200 11536
66.249.65.110 - - [25/Jun/2020:08:21:22 +0900] "GET /error/kr/error.jsp HTTP/1.1" 500 3570
129.204.24.99 - - [25/Jun/2020:08:21:46 +0900] "GET /error/kr/error.jsp HTTP/1.1" 500 3570
129.204.24.99 - - [25/Jun/2020:08:22:15 +0900] "HEAD /index.jsp?s=www.guangdongymci.cn HTTP/1.1" 302 -
129.204.24.99 - - [25/Jun/2020:08:22:15 +0900] "HEAD /home/main/main.do HTTP/1.1" 200 -
101.21.148.201 - - [25/Jun/2020:08:25:13 +0900] "GET /error/kr/error.jsp HTTP/1.1" 500 3762
114.119.162.240 - - [25/Jun/2020:08:26:51 +0900] "GET /error/kr/error.jsp HTTP/1.1" 500 3570
120.84.9.47 - - [25/Jun/2020:08:32:25 +0900] "GET /error/kr/error.jsp HTTP/1.1" 500 3570
73.189.127.172 - - [25/Jun/2020:08:32:56 +0900] "GET /index.jsp HTTP/1.1" 302 -
73.189.127.172 - - [25/Jun/2020:08:32:56 +0900] "GET /home/en/main/main.do HTTP/1.1" 200 11542
207.46.13.129 - - [25/Jun/2020:08:38:21 +0900] "GET /index.jsp HTTP/1.1" 302 -
66.249.73.245 - - [25/Jun/2020:08:40:11 +0900] "GET /error/kr/error.jsp HTTP/1.1" 500 3762
194.61.24.102 - - [25/Jun/2020:08:43:02 +0900] "GET /index.jsp HTTP/1.1" 302 -
194.61.24.102 - - [25/Jun/2020:08:43:02 +0900] "GET /index.jsp HTTP/1.1" 302 -
194.61.24.102 - - [25/Jun/2020:08:43:02 +0900] "GET /error/kr/error.jsp HTTP/1.1" 500 3570
194.61.24.102 - - [25/Jun/2020:08:43:03 +0900] "GET /error/kr/error.jsp HTTP/1.1" 500 3570
194.61.24.102 - - [25/Jun/2020:08:43:03 +0900] "GET /index.jsp HTTP/1.1" 302 -
194.61.24.102 - - [25/Jun/2020:08:43:04 +0900] "GET /error/kr/error.jsp HTTP/1.1" 500 3570
194.61.24.102 - - [25/Jun/2020:08:43:04 +0900] "GET /error/kr/error.jsp HTTP/1.1" 500 3570
194.61.24.102 - - [25/Jun/2020:08:43:05 +0900] "GET /error/kr/error.jsp HTTP/1.1" 500 3570
194.61.24.102 - - [25/Jun/2020:08:43:05 +0900] "GET /error/kr/error.jsp HTTP/1.1" 500 3570
194.61.24.102 - - [25/Jun/2020:08:43:06 +0900] "GET /error/kr/error.jsp HTTP/1.1" 500 3570
194.61.24.102 - - [25/Jun/2020:08:43:06 +0900] "GET /error/kr/error.jsp HTTP/1.1" 500 3570
194.61.24.102 - - [25/Jun/2020:08:43:07 +0900] "GET /error/kr/error.jsp HTTP/1.1" 500 3570
194.61.24.102 - - [25/Jun/2020:08:43:08 +0900] "GET /error/kr/error.jsp HTTP/1.1" 500 3570
194.61.24.102 - - [25/Jun/2020:08:43:08 +0900] "GET /error/kr/error.jsp HTTP/1.1" 500 3570
194.61.24.102 - - [25/Jun/2020:08:43:09 +0900] "GET /error/kr/error.jsp HTTP/1.1" 500 3570
194.61.24.102 - - [25/Jun/2020:08:43:09 +0900] "GET /error/kr/error.jsp HTTP/1.1" 500 3570
194.61.24.102 - - [25/Jun/2020:08:43:10 +0900] "GET /error/kr/error.jsp HTTP/1.1" 500 3570
194.61.24.102 - - [25/Jun/2020:08:43:10 +0900] "GET /error/kr/error.jsp HTTP/1.1" 500 3570
194.61.24.102 - - [25/Jun/2020:08:43:11 +0900] "GET /error/kr/error.jsp HTTP/1.1" 500 3570
194.61.24.102 - - [25/Jun/2020:08:43:11 +0900] "GET /error/kr/error.jsp HTTP/1.1" 500 3570
194.61.24.102 - - [25/Jun/2020:08:43:12 +0900] "GET /error/kr/error.jsp HTTP/1.1" 500 3570
114.119.165.145 - - [25/Jun/2020:08:43:31 +0900] "GET /error/kr/error.jsp HTTP/1.1" 500 3570
23.100.232.233 - - [25/Jun/2020:08:45:22 +0900] "GET /home/about/about.do HTTP/1.1" 200 14667
180.83.19.91 - - [25/Jun/2020:08:47:51 +0900] "GET /index.jsp HTTP/1.1" 302 -
180.83.19.91 - - [25/Jun/2020:08:47:51 +0900] "GET /home/main/main.do HTTP/1.1" 200 12249
74.125.210.19 - - [25/Jun/2020:08:47:56 +0900] "GET /index.jsp HTTP/1.1" 302 -
74.125.210.15 - - [25/Jun/2020:08:47:56 +0900] "GET /index.jsp HTTP/1.1" 302 -
74.125.210.17 - - [25/Jun/2020:08:47:56 +0900] "GET /home/en/main/main.do HTTP/1.1" 200 11542
74.125.210.19 - - [25/Jun/2020:08:47:56 +0900] "GET /home/en/main/main.do HTTP/1.1" 200 11542
74.125.210.19 - - [25/Jun/2020:08:47:58 +0900] "GET /home/en/watwedo/philosophy.do HTTP/1.1" 200 7112
66.249.65.110 - - [25/Jun/2020:08:50:11 +0900] "GET /error/kr/error.jsp HTTP/1.1" 500 3570
207.46.13.129 - - [25/Jun/2020:08:52:25 +0900] "GET /home/about/about.do HTTP/1.1" 200 14667
18.237.81.173 - - [25/Jun/2020:08:54:12 +0900] "GET /error/kr/error.jsp HTTP/1.1" 500 3570
18.236.172.233 - - [25/Jun/2020:08:54:14 +0900] "GET /error/kr/error.jsp HTTP/1.1" 500 3570
54.68.40.102 - - [25/Jun/2020:08:54:17 +0900] "GET /error/kr/error.jsp HTTP/1.1" 500 3570
66.249.65.110 - - [25/Jun/2020:09:00:24 +0900] "GET /error/kr/error.jsp HTTP/1.1" 500 3570
193.111.62.163 - - [25/Jun/2020:09:08:58 +0900] "GET /home/news/news/list.do HTTP/1.1" 200 7100
66.249.65.110 - - [25/Jun/2020:09:10:36 +0900] "GET /error/kr/error.jsp HTTP/1.1" 500 3570
125.131.17.135 - - [25/Jun/2020:09:18:38 +0900] "GET /index.jsp HTTP/1.1" 302 -
125.131.17.135 - - [25/Jun/2020:09:18:38 +0900] "GET /home/main/main.do HTTP/1.1" 200 8866
125.131.17.135 - - [25/Jun/2020:09:18:40 +0900] "GET /error/kr/error.jsp HTTP/1.1" 500 3762
125.131.17.135 - - [25/Jun/2020:09:18:49 +0900] "GET /home/watwedo/overview.do HTTP/1.1" 200 7207
125.131.17.135 - - [25/Jun/2020:09:18:57 +0900] "GET /home/watwedo/history.do HTTP/1.1" 200 9064
125.131.17.135 - - [25/Jun/2020:09:19:06 +0900] "GET /home/watwedo/philosophy.do HTTP/1.1" 200 7553
211.222.154.141 - - [25/Jun/2020:09:20:04 +0900] "GET /index.jsp HTTP/1.1" 302 -
211.222.154.141 - - [25/Jun/2020:09:20:04 +0900] "GET /home/main/main.do HTTP/1.1" 200 12249
66.249.73.245 - - [25/Jun/2020:09:20:33 +0900] "GET /error/kr/error.jsp HTTP/1.1" 500 3762
152.99.253.12 - - [25/Jun/2020:09:22:31 +0900] "GET /home/main/main.do HTTP/1.1" 200 12249
129.204.24.99 - - [25/Jun/2020:09:22:59 +0900] "HEAD /index.jsp?s=www.guangdongymcj.cn HTTP/1.1" 302 -
129.204.24.99 - - [25/Jun/2020:09:22:59 +0900] "HEAD /home/main/main.do HTTP/1.1" 200 -
211.222.154.141 - - [25/Jun/2020:09:24:30 +0900] "GET /home/watwedo/overview.do HTTP/1.1" 200 6276
211.222.154.141 - - [25/Jun/2020:09:24:43 +0900] "GET /home/whoweare/korea.do HTTP/1.1" 200 29677
211.222.154.141 - - [25/Jun/2020:09:27:20 +0900] "GET /home/watwedo/overview.do HTTP/1.1" 200 6276
211.222.154.141 - - [25/Jun/2020:09:27:36 +0900] "GET /home/meetourpartners/all.do HTTP/1.1" 200 101569
211.222.154.141 - - [25/Jun/2020:09:27:48 +0900] "GET /home/contact/contact.do HTTP/1.1" 200 5224
211.222.154.141 - - [25/Jun/2020:09:27:55 +0900] "GET /home/about/about.do HTTP/1.1" 200 14667
66.249.73.62 - - [25/Jun/2020:09:30:35 +0900] "GET /error/kr/error.jsp HTTP/1.1" 500 3570
95.163.255.176 - - [25/Jun/2020:09:31:04 +0900] "GET /error/kr/error.jsp HTTP/1.0" 500 3570
95.163.255.159 - - [25/Jun/2020:09:31:13 +0900] "GET /error/kr/error.jsp HTTP/1.1" 500 3570
211.222.154.141 - - [25/Jun/2020:09:31:58 +0900] "GET /index.jsp HTTP/1.1" 302 -
211.222.154.141 - - [25/Jun/2020:09:31:58 +0900] "GET /home/main/main.do HTTP/1.1" 200 12249
211.222.154.141 - - [25/Jun/2020:09:32:09 +0900] "GET /home/watwedo/overview.do HTTP/1.1" 200 6276
157.55.39.213 - - [25/Jun/2020:09:32:31 +0900] "GET /home/whoweare/korea.do HTTP/1.1" 200 29677
207.46.13.129 - - [25/Jun/2020:09:39:24 +0900] "GET /error/kr/error.jsp HTTP/1.1" 500 3570
175.114.25.16 - - [25/Jun/2020:09:43:52 +0900] "GET /filter/checker.jsp?campaignID=626&email=joyalice70@naver.com&responseEnd=2018-12-25 HTTP/1.1" 404 3570
115.91.180.19 - - [25/Jun/2020:09:45:16 +0900] "GET /index.jsp HTTP/1.1" 302 -
115.91.180.19 - - [25/Jun/2020:09:45:16 +0900] "GET /home/main/main.do HTTP/1.1" 200 8866
66.249.73.245 - - [25/Jun/2020:09:50:28 +0900] "GET /error/kr/error.jsp HTTP/1.1" 500 3762
207.46.13.129 - - [25/Jun/2020:09:53:08 +0900] "GET /home/watwedo/history.do HTTP/1.1" 200 9064
14.7.14.45 - - [25/Jun/2020:09:56:07 +0900] "GET /index.jsp HTTP/1.1" 302 -
14.7.14.45 - - [25/Jun/2020:09:56:07 +0900] "GET /home/main/main.do HTTP/1.1" 200 8866
14.7.14.45 - - [25/Jun/2020:09:56:08 +0900] "GET /error/kr/error.jsp HTTP/1.1" 500 3762
66.249.65.112 - - [25/Jun/2020:10:00:34 +0900] "GET /error/kr/error.jsp HTTP/1.1" 500 3570
203.217.247.13 - - [25/Jun/2020:10:08:32 +0900] "GET /home/meetourpartners/all.do HTTP/1.1" 200 101569
61.73.105.184 - - [25/Jun/2020:10:08:57 +0900] "GET /index.jsp HTTP/1.1" 302 -
61.73.105.184 - - [25/Jun/2020:10:08:57 +0900] "GET /home/main/main.do HTTP/1.1" 200 12249
61.73.105.184 - - [25/Jun/2020:10:09:01 +0900] "GET /home/meetourpartners/all.do HTTP/1.1" 200 101569
61.73.105.184 - - [25/Jun/2020:10:09:58 +0900] "GET /home/meetourpartners/domestic.do HTTP/1.1" 200 73451
61.73.105.184 - - [25/Jun/2020:10:10:01 +0900] "GET /home/meetourpartners/domestic.do HTTP/1.1" 200 73451
61.73.105.184 - - [25/Jun/2020:10:10:02 +0900] "GET /error/kr/error.jsp HTTP/1.1" 500 3570
193.111.62.163 - - [25/Jun/2020:10:10:10 +0900] "GET /home/news/news/list.do HTTP/1.1" 200 7100
66.249.73.35 - - [25/Jun/2020:10:10:44 +0900] "GET /error/kr/error.jsp HTTP/1.1" 500 3570
13.228.6.37 - - [25/Jun/2020:10:11:23 +0900] "GET /home/en/meetourpartners/all.do HTTP/1.1" 200 95227
37.235.206.200 - - [25/Jun/2020:10:13:23 +0900] "GET /index.jsp HTTP/1.1" 302 -
211.249.201.132 - - [25/Jun/2020:10:16:37 +0900] "GET /home/meetourpartners/all.do HTTP/1.1" 200 101569
121.53.81.11 - - [25/Jun/2020:10:16:38 +0900] "GET /home/watwedo/overview.do HTTP/1.1" 200 7207
66.249.73.247 - - [25/Jun/2020:10:21:04 +0900] "GET /error/kr/error.jsp HTTP/1.1" 500 3762
129.204.24.99 - - [25/Jun/2020:10:23:59 +0900] "GET /error/kr/error.jsp HTTP/1.1" 500 3570
129.204.24.99 - - [25/Jun/2020:10:24:30 +0900] "HEAD /index.jsp?s=www.guangdongymck.cn HTTP/1.1" 302 -
129.204.24.99 - - [25/Jun/2020:10:24:30 +0900] "HEAD /home/main/main.do HTTP/1.1" 200 -
23.100.232.233 - - [25/Jun/2020:10:26:40 +0900] "GET /home/main/main.do HTTP/1.1" 200 12249
23.100.232.233 - - [25/Jun/2020:10:28:15 +0900] "GET /home/whoweare/korea.do HTTP/1.1" 200 29677
116.125.60.125 - - [25/Jun/2020:10:33:40 +0900] "GET /home/whoweare/korea.do HTTP/1.1" 200 43261
39.98.124.123 - - [25/Jun/2020:10:37:31 +0900] "GET /error/kr/error.jsp HTTP/1.1" 500 3762
178.93.48.140 - - [25/Jun/2020:10:39:13 +0900] "GET /index.jsp HTTP/1.1" 302 -
66.249.73.32 - - [25/Jun/2020:10:41:30 +0900] "GET /error/kr/error.jsp HTTP/1.1" 500 3570
205.185.114.231 - - [25/Jun/2020:10:42:14 +0900] "GET /error/kr/error.jsp HTTP/1.1" 500 3570
193.118.53.138 - - [25/Jun/2020:10:48:06 +0900] "GET /index.jsp HTTP/1.1" 302 -
193.118.53.138 - - [25/Jun/2020:10:48:06 +0900] "GET /home/main/main.do HTTP/1.1" 200 12249
23.100.232.233 - - [25/Jun/2020:10:48:43 +0900] "GET /home/about/about.do HTTP/1.1" 200 14667
66.249.73.245 - - [25/Jun/2020:10:51:02 +0900] "GET /error/kr/error.jsp HTTP/1.1" 500 3762
121.254.147.237 - - [25/Jun/2020:10:54:49 +0900] "GET /index.jsp HTTP/1.1" 302 -
121.254.147.237 - - [25/Jun/2020:10:54:49 +0900] "GET /home/en/main/main.do HTTP/1.1" 200 11542
61.72.255.33 - - [25/Jun/2020:10:55:08 +0900] "GET /index.jsp HTTP/1.1" 302 -
61.72.255.33 - - [25/Jun/2020:10:55:08 +0900] "GET /home/en/main/main.do HTTP/1.1" 200 8565
61.72.255.33 - - [25/Jun/2020:10:55:10 +0900] "GET /error/kr/error.jsp HTTP/1.1" 500 3762
61.72.255.33 - - [25/Jun/2020:10:55:14 +0900] "GET /home/en/whoweare/korea.do HTTP/1.1" 200 43296
114.119.162.240 - - [25/Jun/2020:10:56:50 +0900] "GET /error/kr/error.jsp HTTP/1.1" 500 3762
58.234.115.190 - - [25/Jun/2020:11:00:33 +0900] "GET /index.jsp HTTP/1.1" 302 -
58.234.115.190 - - [25/Jun/2020:11:00:33 +0900] "GET /home/main/main.do HTTP/1.1" 200 12249
58.234.115.190 - - [25/Jun/2020:11:00:40 +0900] "GET /home/whoweare/korea.do HTTP/1.1" 200 29677
66.249.73.243 - - [25/Jun/2020:11:00:53 +0900] "GET /error/kr/error.jsp HTTP/1.1" 500 3762
35.243.137.4 - - [25/Jun/2020:11:02:24 +0900] "GET /error/kr/error.jsp HTTP/1.0" 500 3570
35.243.137.4 - - [25/Jun/2020:11:02:25 +0900] "GET /home/en/about/about.do HTTP/1.0" 200 16228
35.243.137.4 - - [25/Jun/2020:11:07:47 +0900] "GET /error/kr/error.jsp HTTP/1.0" 500 3570
35.243.137.4 - - [25/Jun/2020:11:07:48 +0900] "GET /home/en/watwedo/overview.do HTTP/1.0" 200 6218
35.243.137.4 - - [25/Jun/2020:11:08:36 +0900] "GET /error/kr/error.jsp HTTP/1.0" 500 3570
35.243.137.4 - - [25/Jun/2020:11:08:37 +0900] "GET /home/main/main.do HTTP/1.0" 200 12249
66.249.65.114 - - [25/Jun/2020:11:10:59 +0900] "GET /error/kr/error.jsp HTTP/1.1" 500 3570
47.89.192.12 - - [25/Jun/2020:11:10:59 +0900] "GET /index.jsp HTTP/1.1" 302 -
193.111.62.163 - - [25/Jun/2020:11:11:04 +0900] "GET /home/news/news/list.do HTTP/1.1" 200 7100
35.243.137.4 - - [25/Jun/2020:11:13:22 +0900] "GET /error/kr/error.jsp HTTP/1.0" 500 3570
35.243.137.4 - - [25/Jun/2020:11:13:22 +0900] "GET /home/en/meetourpartners/all.do HTTP/1.0" 200 95227
23.100.232.233 - - [25/Jun/2020:11:15:02 +0900] "GET /home/whoweare/korea.do HTTP/1.1" 200 29677
35.243.137.4 - - [25/Jun/2020:11:21:34 +0900] "GET /error/kr/error.jsp HTTP/1.0" 500 3570
35.243.137.4 - - [25/Jun/2020:11:21:35 +0900] "GET /home/en/watwedo/philosophy.do HTTP/1.0" 200 7112
129.204.24.99 - - [25/Jun/2020:11:25:16 +0900] "GET /error/kr/error.jsp HTTP/1.1" 500 3570
35.243.137.4 - - [25/Jun/2020:11:25:23 +0900] "GET /error/kr/error.jsp HTTP/1.0" 500 3570
35.243.137.4 - - [25/Jun/2020:11:25:24 +0900] "GET /home/en/whoweare/korea.do HTTP/1.0" 200 29641
42.123.77.121 - - [25/Jun/2020:11:25:32 +0900] "GET /error/kr/error.jsp HTTP/1.1" 500 3570
35.243.137.4 - - [25/Jun/2020:11:27:38 +0900] "GET /error/kr/error.jsp HTTP/1.0" 500 3570
35.243.137.4 - - [25/Jun/2020:11:27:39 +0900] "GET /home/en/contact/contact.do HTTP/1.0" 200 5187
35.243.137.4 - - [25/Jun/2020:11:28:11 +0900] "GET /error/kr/error.jsp HTTP/1.0" 500 3570
35.243.137.4 - - [25/Jun/2020:11:28:12 +0900] "GET /home/en/meetourpartners/all.do HTTP/1.0" 200 95227
35.243.137.4 - - [25/Jun/2020:11:28:15 +0900] "GET /error/kr/error.jsp HTTP/1.0" 500 3570
35.243.137.4 - - [25/Jun/2020:11:28:16 +0900] "GET /home/en/watwedo/overview.do HTTP/1.0" 200 6218
35.243.137.4 - - [25/Jun/2020:11:28:17 +0900] "GET /error/kr/error.jsp HTTP/1.0" 500 3570
35.243.137.4 - - [25/Jun/2020:11:28:17 +0900] "GET /home/en/whoweare/korea.do HTTP/1.0" 200 29641
35.243.137.4 - - [25/Jun/2020:11:28:19 +0900] "GET /error/kr/error.jsp HTTP/1.0" 500 3570
35.243.137.4 - - [25/Jun/2020:11:28:19 +0900] "GET /home/en/about/about.do HTTP/1.0" 200 16228
35.243.137.4 - - [25/Jun/2020:11:28:21 +0900] "GET /error/kr/error.jsp HTTP/1.0" 500 3570
35.243.137.4 - - [25/Jun/2020:11:28:21 +0900] "GET /home/en/contact/contact.do HTTP/1.0" 200 5187
35.243.137.4 - - [25/Jun/2020:11:28:23 +0900] "GET /error/kr/error.jsp HTTP/1.0" 500 3570
35.243.137.4 - - [25/Jun/2020:11:28:23 +0900] "GET /home/en/watwedo/philosophy.do HTTP/1.0" 200 7112
35.243.137.4 - - [25/Jun/2020:11:28:25 +0900] "GET /error/kr/error.jsp HTTP/1.0" 500 3570
35.243.137.4 - - [25/Jun/2020:11:28:25 +0900] "GET /home/main/main.do HTTP/1.0" 200 12249
54.236.1.18 - - [25/Jun/2020:11:33:04 +0900] "GET /error/kr/error.jsp HTTP/1.1" 500 3570
54.236.1.18 - - [25/Jun/2020:11:33:04 +0900] "GET /index.jsp?ko HTTP/1.1" 302 -
54.236.1.18 - - [25/Jun/2020:11:33:04 +0900] "GET /home/main/main.do HTTP/1.1" 200 12249
119.207.72.111 - - [25/Jun/2020:11:33:24 +0900] "GET /home/watwedo/overview.do HTTP/1.1" 200 6276
119.207.72.67 - - [25/Jun/2020:11:33:24 +0900] "GET /home/watwedo/overview.do HTTP/1.1" 200 6276
54.236.1.18 - - [25/Jun/2020:11:33:35 +0900] "GET /index.jsp?ko HTTP/1.1" 302 -
54.236.1.18 - - [25/Jun/2020:11:33:35 +0900] "GET /home/main/main.do HTTP/1.1" 200 12249
54.236.1.18 - - [25/Jun/2020:11:33:36 +0900] "GET /error/kr/error.jsp HTTP/1.1" 500 3570
157.55.39.36 - - [25/Jun/2020:11:39:49 +0900] "GET /error/kr/error.jsp HTTP/1.1" 500 3570
66.249.65.110 - - [25/Jun/2020:11:41:49 +0900] "GET /error/kr/error.jsp HTTP/1.1" 500 3570
207.46.13.129 - - [25/Jun/2020:11:47:59 +0900] "GET /home/meetourpartners/domestic.do HTTP/1.1" 200 73451
112.145.171.105 - - [25/Jun/2020:11:48:26 +0900] "GET /index.jsp HTTP/1.1" 302 -
112.145.171.105 - - [25/Jun/2020:11:48:26 +0900] "GET /home/main/main.do HTTP/1.1" 200 8866
112.145.171.105 - - [25/Jun/2020:11:48:27 +0900] "GET /error/kr/error.jsp HTTP/1.1" 500 3762
112.145.171.105 - - [25/Jun/2020:11:48:40 +0900] "GET /home/meetourpartners/all.do HTTP/1.1" 200 105128
112.145.171.105 - - [25/Jun/2020:11:48:46 +0900] "GET /home/contact/contact.do HTTP/1.1" 200 7487
5.182.210.16 - - [25/Jun/2020:11:51:04 +0900] "GET /error/kr/error.jsp HTTP/1.1" 500 3570
66.249.65.110 - - [25/Jun/2020:11:51:15 +0900] "GET /error/kr/error.jsp HTTP/1.1" 500 3570
157.55.39.213 - - [25/Jun/2020:11:57:37 +0900] "GET /home/main/main.do HTTP/1.1" 200 12249
211.109.75.152 - - [25/Jun/2020:11:57:54 +0900] "GET /home/main/main.do HTTP/1.1" 200 12249
66.249.65.110 - - [25/Jun/2020:12:01:02 +0900] "GET /error/kr/error.jsp HTTP/1.1" 500 3570
195.54.160.135 - - [25/Jun/2020:12:02:27 +0900] "GET /error/kr/error.jsp HTTP/1.1" 500 3570
193.111.62.163 - - [25/Jun/2020:12:07:06 +0900] "GET /home/news/news/list.do HTTP/1.1" 200 7100
103.131.71.143 - - [25/Jun/2020:12:10:15 +0900] "GET /error/kr/error.jsp HTTP/1.1" 500 3570
66.249.65.110 - - [25/Jun/2020:12:11:04 +0900] "GET /error/kr/error.jsp HTTP/1.1" 500 3570
121.53.242.13 - - [25/Jun/2020:12:13:54 +0900] "GET /home/meetourpartners/all.do HTTP/1.1" 200 101569
121.53.241.13 - - [25/Jun/2020:12:13:56 +0900] "GET /home/watwedo/overview.do HTTP/1.1" 200 7207
66.249.65.110 - - [25/Jun/2020:12:15:31 +0900] "GET /error/kr/error.jsp HTTP/1.1" 500 3570
195.54.160.135 - - [25/Jun/2020:12:16:36 +0900] "GET /index.jsp?a=fetch&content=<php>die(@md5(HelloThinkCMF))</php> HTTP/1.1" 302 -
195.54.160.135 - - [25/Jun/2020:12:16:36 +0900] "GET /index.jsp?XDEBUG_SESSION_START=phpstorm HTTP/1.1" 302 -
195.54.160.135 - - [25/Jun/2020:12:16:37 +0900] "GET /home/main/main.do HTTP/1.1" 200 12249
195.54.160.135 - - [25/Jun/2020:12:16:37 +0900] "GET /home/main/main.do HTTP/1.1" 200 12249
192.71.3.26 - - [25/Jun/2020:12:17:56 +0900] "GET /error/kr/error.jsp HTTP/1.1" 500 3570
192.71.2.171 - - [25/Jun/2020:12:17:56 +0900] "GET /error/kr/error.jsp HTTP/1.1" 500 3570
192.71.42.108 - - [25/Jun/2020:12:17:57 +0900] "GET /error/kr/error.jsp HTTP/1.1" 500 3570
192.36.52.37 - - [25/Jun/2020:12:18:13 +0900] "GET /index.jsp HTTP/1.1" 302 -
192.71.10.105 - - [25/Jun/2020:12:18:13 +0900] "GET /home/main/main.do HTTP/1.1" 200 12249
193.118.53.202 - - [25/Jun/2020:12:19:42 +0900] "GET /index.jsp HTTP/1.1" 302 -
193.118.53.202 - - [25/Jun/2020:12:19:42 +0900] "GET /home/main/main.do HTTP/1.1" 200 12249
129.204.24.99 - - [25/Jun/2020:12:26:06 +0900] "GET /error/kr/error.jsp HTTP/1.1" 500 3570
129.204.24.99 - - [25/Jun/2020:12:26:32 +0900] "HEAD /index.jsp?s=www.guangdongymcn.cn HTTP/1.1" 302 -
129.204.24.99 - - [25/Jun/2020:12:26:32 +0900] "HEAD /home/main/main.do HTTP/1.1" 200 -
66.249.65.114 - - [25/Jun/2020:12:31:09 +0900] "GET /error/kr/error.jsp HTTP/1.1" 500 3570
119.207.72.68 - - [25/Jun/2020:12:31:12 +0900] "GET /home/news/news/list.do HTTP/1.1" 200 7100
119.207.72.72 - - [25/Jun/2020:12:31:13 +0900] "GET /home/news/news/list.do?page=2 HTTP/1.1" 200 7127
157.55.39.213 - - [25/Jun/2020:12:33:44 +0900] "GET /home/en/main/main.do HTTP/1.1" 200 11542
207.46.13.129 - - [25/Jun/2020:12:37:23 +0900] "GET /home/news/news/view.do?num=3 HTTP/1.1" 200 75163
206.219.7.87 - - [25/Jun/2020:12:38:41 +0900] "GET /index.jsp HTTP/1.1" 302 -
206.219.7.87 - - [25/Jun/2020:12:38:41 +0900] "GET /home/main/main.do HTTP/1.1" 200 8866
125.141.31.65 - - [25/Jun/2020:12:41:30 +0900] "GET /index.jsp HTTP/1.1" 302 -
125.141.31.65 - - [25/Jun/2020:12:41:30 +0900] "GET /home/main/main.do HTTP/1.1" 200 8866
125.141.31.65 - - [25/Jun/2020:12:41:31 +0900] "GET /error/kr/error.jsp HTTP/1.1" 500 3762
125.141.31.65 - - [25/Jun/2020:12:41:38 +0900] "GET /home/main/main.do HTTP/1.1" 200 12249
125.141.31.65 - - [25/Jun/2020:12:41:45 +0900] "GET /home/meetourpartners/all.do HTTP/1.1" 200 101569
125.141.31.65 - - [25/Jun/2020:12:41:48 +0900] "GET /home/meetourpartners/overseas.do HTTP/1.1" 200 32620
195.54.160.135 - - [25/Jun/2020:12:42:25 +0900] "GET /error/kr/error.jsp HTTP/1.1" 500 3570
211.40.191.188 - - [25/Jun/2020:12:46:40 +0900] "GET /index.jsp HTTP/1.1" 302 -
211.40.191.188 - - [25/Jun/2020:12:46:40 +0900] "GET /home/main/main.do HTTP/1.1" 200 8866
211.40.191.188 - - [25/Jun/2020:12:46:42 +0900] "GET /error/kr/error.jsp HTTP/1.1" 500 3762
211.40.191.188 - - [25/Jun/2020:12:46:45 +0900] "GET /home/watwedo/overview.do HTTP/1.1" 200 7207
211.40.191.188 - - [25/Jun/2020:12:46:52 +0900] "GET /home/watwedo/history.do HTTP/1.1" 200 9064
211.40.191.188 - - [25/Jun/2020:12:46:57 +0900] "GET /home/watwedo/philosophy.do HTTP/1.1" 200 7553
211.40.191.188 - - [25/Jun/2020:12:47:05 +0900] "GET /home/meetourpartners/all.do HTTP/1.1" 200 105128
211.40.191.188 - - [25/Jun/2020:12:47:16 +0900] "GET /home/meetourpartners/domestic.do HTTP/1.1" 200 76259
211.40.191.188 - - [25/Jun/2020:12:47:35 +0900] "GET /home/about/about.do HTTP/1.1" 200 15757
38.99.62.91 - - [25/Jun/2020:12:48:17 +0900] "GET /home/news/news/view.do?page=1&num=2 HTTP/1.1" 200 6977
38.99.62.91 - - [25/Jun/2020:12:49:37 +0900] "GET /home/meetourpartners/all.do HTTP/1.1" 200 101569
38.99.62.91 - - [25/Jun/2020:12:50:17 +0900] "GET /home/news/news/view.do?page=1&num=3 HTTP/1.1" 200 5576
38.99.62.91 - - [25/Jun/2020:12:51:22 +0900] "GET /home/en/meetourpartners/all.do HTTP/1.1" 200 95227
38.99.62.91 - - [25/Jun/2020:12:51:47 +0900] "GET /home/news/news/view.do?page=1&num=4 HTTP/1.1" 200 9123
184.154.74.66 - - [25/Jun/2020:12:52:41 +0900] "GET /index.jsp HTTP/1.1" 302 -
184.154.74.66 - - [25/Jun/2020:12:52:41 +0900] "GET /home/main/main.do HTTP/1.1" 200 12249
38.99.62.91 - - [25/Jun/2020:12:52:52 +0900] "GET /home/meetourpartners/all.do HTTP/1.1" 200 101569
38.99.62.91 - - [25/Jun/2020:12:53:17 +0900] "GET /home/news/news/view.do?page=1&num=5 HTTP/1.1" 200 9112
38.99.62.91 - - [25/Jun/2020:12:54:42 +0900] "GET /home/en/meetourpartners/all.do HTTP/1.1" 200 95227
38.99.62.91 - - [25/Jun/2020:12:55:26 +0900] "GET /home/news/news/view.do?page=1&num=6 HTTP/1.1" 200 9121
38.99.62.91 - - [25/Jun/2020:12:56:47 +0900] "GET /home/news/news/view.do?page=1&num=7 HTTP/1.1" 200 5548
38.99.62.91 - - [25/Jun/2020:12:58:07 +0900] "GET /home/news/news/view.do?page=1&num=8 HTTP/1.1" 200 9169
38.99.62.91 - - [25/Jun/2020:12:59:31 +0900] "GET /home/en/meetourpartners/all.do HTTP/1.1" 200 95227
38.99.62.91 - - [25/Jun/2020:13:00:11 +0900] "GET /home/news/news/view.do?page=1&num=9 HTTP/1.1" 200 9135
38.99.62.91 - - [25/Jun/2020:13:01:02 +0900] "GET /home/news/news/view.do?page=1&num=10 HTTP/1.1" 200 6756
47.56.227.92 - - [25/Jun/2020:13:01:14 +0900] "GET /error/kr/error.jsp HTTP/1.1" 500 3570
38.99.62.91 - - [25/Jun/2020:13:01:43 +0900] "GET /home/en/meetourpartners/all.do HTTP/1.1" 200 95227
38.99.62.91 - - [25/Jun/2020:13:02:22 +0900] "GET /home/news/news/view.do?page=1&num=11 HTTP/1.1" 200 5548
23.100.232.233 - - [25/Jun/2020:13:02:37 +0900] "GET /home/about/about.do HTTP/1.1" 200 14667
38.99.62.91 - - [25/Jun/2020:13:02:48 +0900] "GET /home/news/news/view.do?page=1&num=10 HTTP/1.1" 200 6756
38.99.62.91 - - [25/Jun/2020:13:03:13 +0900] "GET /home/news/news/list.do?page=1 HTTP/1.1" 200 7100
38.99.62.91 - - [25/Jun/2020:13:04:18 +0900] "GET /home/news/news/list.do?page=2 HTTP/1.1" 200 7127
38.99.62.91 - - [25/Jun/2020:13:04:44 +0900] "GET /home/meetourpartners/all.do HTTP/1.1" 200 101569
77.75.79.72 - - [25/Jun/2020:13:05:12 +0900] "GET /error/kr/error.jsp HTTP/1.1" 500 3570
64.233.172.3 - - [25/Jun/2020:13:05:13 +0900] "GET /index.jsp HTTP/1.1" 302 -
64.233.172.31 - - [25/Jun/2020:13:05:13 +0900] "GET /home/main/main.do HTTP/1.1" 200 12249
77.75.79.72 - - [25/Jun/2020:13:05:14 +0900] "GET /home/watwedo/philosophy.do HTTP/1.1" 200 7162
38.99.62.91 - - [25/Jun/2020:13:05:24 +0900] "GET /home/news/news/view.do?page=2&num=11 HTTP/1.1" 200 5548
38.99.62.91 - - [25/Jun/2020:13:05:49 +0900] "GET /home/news/news/view.do?page=2&num=12 HTTP/1.1" 200 9083
38.99.62.91 - - [25/Jun/2020:13:06:38 +0900] "GET /home/en/meetourpartners/all.do HTTP/1.1" 200 95227
38.99.62.91 - - [25/Jun/2020:13:07:17 +0900] "GET /home/news/news/view.do?page=2&num=13 HTTP/1.1" 200 9159
38.99.62.91 - - [25/Jun/2020:13:08:00 +0900] "GET /home/en/meetourpartners/all.do HTTP/1.1" 200 95227
38.99.62.91 - - [25/Jun/2020:13:08:40 +0900] "GET /home/news/news/view.do?page=2&num=14 HTTP/1.1" 200 6736
38.99.62.91 - - [25/Jun/2020:13:09:05 +0900] "GET /home/news/news/view.do?page=2&num=15 HTTP/1.1" 200 9181
38.99.62.91 - - [25/Jun/2020:13:09:46 +0900] "GET /home/en/meetourpartners/all.do HTTP/1.1" 200 95227
193.111.62.163 - - [25/Jun/2020:13:10:17 +0900] "GET /home/news/news/list.do HTTP/1.1" 200 7100
38.99.62.91 - - [25/Jun/2020:13:10:26 +0900] "GET /home/news/news/view.do?page=2&num=16 HTTP/1.1" 200 5666
38.99.62.91 - - [25/Jun/2020:13:11:05 +0900] "GET /home/news/news/view.do?page=2&num=17 HTTP/1.1" 200 5761
38.99.62.91 - - [25/Jun/2020:13:11:45 +0900] "GET /home/news/news/view.do?page=2&num=18 HTTP/1.1" 200 9137
66.249.73.247 - - [25/Jun/2020:13:11:46 +0900] "GET /error/kr/error.jsp HTTP/1.1" 500 3762
38.99.62.91 - - [25/Jun/2020:13:12:24 +0900] "GET /home/news/news/view.do?page=2&num=19 HTTP/1.1" 200 6164
38.99.62.91 - - [25/Jun/2020:13:13:04 +0900] "GET /home/news/news/list.do?page=2 HTTP/1.1" 200 7127
38.99.62.91 - - [25/Jun/2020:13:13:44 +0900] "GET /home/news/news/view.do?page=&num=2 HTTP/1.1" 200 6974
38.99.62.91 - - [25/Jun/2020:13:14:24 +0900] "GET /home/en/meetourpartners/all.do HTTP/1.1" 200 95227
38.99.62.91 - - [25/Jun/2020:13:15:04 +0900] "GET /home/meetourpartners/all.do HTTP/1.1" 200 101569
38.99.62.91 - - [25/Jun/2020:13:15:30 +0900] "GET /home/news/news/view.do?page=&num=2 HTTP/1.1" 200 6974
38.99.62.91 - - [25/Jun/2020:13:16:10 +0900] "GET /home/news/news/list.do?page= HTTP/1.1" 200 7100
38.99.62.91 - - [25/Jun/2020:13:17:29 +0900] "GET /home/news/news/view.do?page=&num=4 HTTP/1.1" 200 9120
38.99.62.91 - - [25/Jun/2020:13:18:11 +0900] "GET /home/meetourpartners/all.do HTTP/1.1" 200 101569
38.99.62.91 - - [25/Jun/2020:13:18:37 +0900] "GET /home/news/news/view.do?page=&num=5 HTTP/1.1" 200 9109
38.99.62.91 - - [25/Jun/2020:13:19:02 +0900] "GET /home/news/news/view.do?page=&num=4 HTTP/1.1" 200 9120
38.99.62.91 - - [25/Jun/2020:13:19:47 +0900] "GET /home/news/news/view.do?page=&num=3 HTTP/1.1" 200 5573
38.99.62.91 - - [25/Jun/2020:13:21:06 +0900] "GET /home/news/news/view.do?page=&num=1 HTTP/1.1" 200 8971
66.249.65.112 - - [25/Jun/2020:13:21:48 +0900] "GET /error/kr/error.jsp HTTP/1.1" 500 3570
38.99.62.91 - - [25/Jun/2020:13:22:24 +0900] "GET /home/news/news/view.do?page=2&num=11 HTTP/1.1" 200 5548
173.252.83.11 - - [25/Jun/2020:13:23:01 +0900] "GET /index.jsp HTTP/1.1" 302 -
173.252.83.11 - - [25/Jun/2020:13:23:02 +0900] "GET /home/main/main.do HTTP/1.1" 200 12249
38.99.62.91 - - [25/Jun/2020:13:23:05 +0900] "GET /home/news/news/view.do?page=2&num=10 HTTP/1.1" 200 6756
66.220.149.113 - - [25/Jun/2020:13:24:09 +0900] "GET /home/main/main.do HTTP/1.1" 200 12249
38.99.62.91 - - [25/Jun/2020:13:24:43 +0900] "GET /home/news/news/view.do?page=2&num=11 HTTP/1.1" 200 5548
38.99.62.91 - - [25/Jun/2020:13:25:22 +0900] "GET /home/meetourpartners/all.do HTTP/1.1" 200 101569
38.99.62.91 - - [25/Jun/2020:13:26:04 +0900] "GET /home/news/news/view.do?page=2&num=12 HTTP/1.1" 200 9083
38.99.62.91 - - [25/Jun/2020:13:26:48 +0900] "GET /home/meetourpartners/all.do HTTP/1.1" 200 101569
129.204.24.99 - - [25/Jun/2020:13:27:08 +0900] "GET /error/kr/error.jsp HTTP/1.1" 500 3570
