122.35.167.125 - - [14/Jan/2020:00:00:19 +0900] "GET /index.jsp HTTP/1.1" 302 -
122.35.167.125 - - [14/Jan/2020:00:00:19 +0900] "GET /home/main/main.do HTTP/1.1" 200 12222
38.99.62.91 - - [14/Jan/2020:00:00:26 +0900] "GET /home/meetourpartners/all.do HTTP/1.1" 200 101569
122.35.167.125 - - [14/Jan/2020:00:00:47 +0900] "GET /home/meetourpartners/all.do HTTP/1.1" 200 101569
38.99.62.91 - - [14/Jan/2020:00:01:06 +0900] "GET /home/news/news/view.do?page=&num=3 HTTP/1.1" 200 5573
122.35.167.125 - - [14/Jan/2020:00:01:12 +0900] "GET /home/meetourpartners/domestic.do HTTP/1.1" 200 73451
122.35.167.125 - - [14/Jan/2020:00:01:13 +0900] "GET /home/meetourpartners/overseas.do HTTP/1.1" 200 32620
122.35.167.125 - - [14/Jan/2020:00:01:15 +0900] "GET /home/meetourpartners/all.do HTTP/1.1" 200 101569
122.35.167.125 - - [14/Jan/2020:00:01:15 +0900] "GET /home/whoweare/korea.do HTTP/1.1" 200 30366
38.99.62.91 - - [14/Jan/2020:00:01:45 +0900] "GET /home/news/news/view.do?page=&num=1 HTTP/1.1" 200 8971
122.35.167.125 - - [14/Jan/2020:00:01:56 +0900] "GET /home/whoweare/china.do HTTP/1.1" 200 10340
38.99.62.91 - - [14/Jan/2020:00:02:11 +0900] "GET /home/news/news/view.do?num=2 HTTP/1.1" 200 6974
122.35.167.125 - - [14/Jan/2020:00:02:19 +0900] "GET /home/about/about.do HTTP/1.1" 200 14216
38.99.62.91 - - [14/Jan/2020:00:02:50 +0900] "GET /home/news/news/view.do?page=1&num=1 HTTP/1.1" 200 8973
38.99.62.91 - - [14/Jan/2020:00:04:09 +0900] "GET /home/news/news/view.do?page=1&num=2 HTTP/1.1" 200 6977
38.99.62.91 - - [14/Jan/2020:00:05:13 +0900] "GET /home/news/news/view.do?page=1&num=3 HTTP/1.1" 200 5576
38.99.62.91 - - [14/Jan/2020:00:06:32 +0900] "GET /home/meetourpartners/all.do HTTP/1.1" 200 101569
38.99.62.91 - - [14/Jan/2020:00:07:11 +0900] "GET /home/news/news/view.do?page=1&num=4 HTTP/1.1" 200 9123
45.33.66.85 - - [14/Jan/2020:00:07:15 +0900] "GET /error/kr/error.jsp HTTP/1.1" 500 3570
38.99.62.91 - - [14/Jan/2020:00:08:16 +0900] "GET /home/news/news/view.do?page=1&num=5 HTTP/1.1" 200 9112
38.99.62.91 - - [14/Jan/2020:00:09:35 +0900] "GET /home/news/news/view.do?page=1&num=6 HTTP/1.1" 200 9121
38.99.62.91 - - [14/Jan/2020:00:10:53 +0900] "GET /home/news/news/view.do?page=1&num=7 HTTP/1.1" 200 5548
125.209.235.171 - - [14/Jan/2020:00:11:16 +0900] "GET /error/kr/error.jsp HTTP/1.1" 500 3570
125.209.235.173 - - [14/Jan/2020:00:11:19 +0900] "GET /home/watwedo/overview.do HTTP/1.1" 200 6147
38.99.62.91 - - [14/Jan/2020:00:12:13 +0900] "GET /home/en/meetourpartners/all.do HTTP/1.1" 200 95227
38.99.62.91 - - [14/Jan/2020:00:12:52 +0900] "GET /home/news/news/list.do?page=2 HTTP/1.1" 200 6849
157.55.39.176 - - [14/Jan/2020:00:13:26 +0900] "GET /error/kr/error.jsp HTTP/1.1" 500 3570
38.99.62.91 - - [14/Jan/2020:00:13:32 +0900] "GET /home/news/news/view.do?page=2&num=11 HTTP/1.1" 200 5548
38.99.62.91 - - [14/Jan/2020:00:14:11 +0900] "GET /home/news/news/view.do?page=2&num=12 HTTP/1.1" 200 9083
193.111.62.163 - - [14/Jan/2020:00:14:24 +0900] "GET /home/news/news/list.do HTTP/1.1" 200 7091
38.99.62.91 - - [14/Jan/2020:00:14:56 +0900] "GET /home/en/meetourpartners/all.do HTTP/1.1" 200 95227
38.99.62.91 - - [14/Jan/2020:00:15:21 +0900] "GET /home/news/news/view.do?page=2&num=13 HTTP/1.1" 200 9159
38.99.62.91 - - [14/Jan/2020:00:16:01 +0900] "GET /home/news/news/view.do?page=2&num=14 HTTP/1.1" 200 6736
38.99.62.91 - - [14/Jan/2020:00:16:40 +0900] "GET /home/en/meetourpartners/all.do HTTP/1.1" 200 95227
38.99.62.91 - - [14/Jan/2020:00:17:20 +0900] "GET /home/news/news/view.do?page=2&num=15 HTTP/1.1" 200 9181
38.99.62.91 - - [14/Jan/2020:00:17:45 +0900] "GET /home/news/news/view.do?page=2&num=16 HTTP/1.1" 200 5666
38.99.62.91 - - [14/Jan/2020:00:18:25 +0900] "GET /home/news/news/view.do?page=2&num=17 HTTP/1.1" 200 5761
38.99.62.91 - - [14/Jan/2020:00:18:50 +0900] "GET /home/news/news/view.do?page=2&num=18 HTTP/1.1" 200 9137
38.99.62.91 - - [14/Jan/2020:00:19:30 +0900] "GET /home/news/news/view.do?page=2&num=19 HTTP/1.1" 200 6164
38.99.62.91 - - [14/Jan/2020:00:20:10 +0900] "GET /home/news/news/list.do?page=2 HTTP/1.1" 200 6849
38.99.62.91 - - [14/Jan/2020:00:20:49 +0900] "GET /home/news/news/view.do?page=&num=4 HTTP/1.1" 200 9120
38.99.62.91 - - [14/Jan/2020:00:21:28 +0900] "GET /home/news/news/view.do?page=&num=5 HTTP/1.1" 200 9109
38.99.62.91 - - [14/Jan/2020:00:22:08 +0900] "GET /home/news/news/view.do?page=&num=4 HTTP/1.1" 200 9120
38.99.62.91 - - [14/Jan/2020:00:22:47 +0900] "GET /home/en/watwedo/overview.do HTTP/1.1" 200 6156
38.99.62.91 - - [14/Jan/2020:00:23:27 +0900] "GET /error/kr/error.jsp HTTP/1.1" 500 3570
38.99.62.91 - - [14/Jan/2020:00:24:57 +0900] "GET /home/en/watwedo/history.do HTTP/1.1" 200 10541
38.99.62.91 - - [14/Jan/2020:00:26:55 +0900] "GET /home/en/watwedo/overview.do HTTP/1.1" 200 6156
38.99.62.91 - - [14/Jan/2020:00:27:35 +0900] "GET /home/en/whoweare/korea.do HTTP/1.1" 200 30344
38.99.62.91 - - [14/Jan/2020:00:28:00 +0900] "GET /home/en/whoweare/china.do HTTP/1.1" 200 10353
38.99.62.91 - - [14/Jan/2020:00:29:44 +0900] "GET /home/en/whoweare/korea.do HTTP/1.1" 200 30344
38.99.62.91 - - [14/Jan/2020:00:30:24 +0900] "GET /home/en/meetourpartners/domestic.do HTTP/1.1" 200 69240
38.99.62.91 - - [14/Jan/2020:00:31:04 +0900] "GET /home/en/meetourpartners/overseas.do HTTP/1.1" 200 31428
119.207.72.111 - - [14/Jan/2020:00:31:14 +0900] "GET /home/en/watwedo/history.do HTTP/1.1" 200 10541
38.99.62.91 - - [14/Jan/2020:00:31:43 +0900] "GET /home/meetourpartners/all.do HTTP/1.1" 200 101569
38.99.62.91 - - [14/Jan/2020:00:32:23 +0900] "GET /home/en/meetourpartners/all.do HTTP/1.1" 200 95227
34.199.176.251 - - [14/Jan/2020:00:41:10 +0900] "GET /home/news/news/view.do?num=1 HTTP/1.1" 200 8971
34.199.176.251 - - [14/Jan/2020:00:41:10 +0900] "GET /home/news/news/view.do HTTP/1.1" 500 3570
182.227.203.6 - - [14/Jan/2020:00:47:13 +0900] "GET /filter/checker.jsp?campaignID=267&email=mk5298@naver.com&responseEnd=2018-12-03 HTTP/1.1" 404 3570
78.24.216.188 - - [14/Jan/2020:00:47:30 +0900] "GET /home/en/contact/contact.do HTTP/1.0" 200 5187
78.24.216.188 - - [14/Jan/2020:00:47:30 +0900] "GET /home/en/contact/contact.do HTTP/1.0" 200 5187
125.209.235.179 - - [14/Jan/2020:00:51:18 +0900] "GET /home/whoweare/korea.do HTTP/1.1" 200 30366
157.55.39.119 - - [14/Jan/2020:00:55:02 +0900] "GET /error/kr/error.jsp HTTP/1.1" 500 3570
37.49.231.120 - - [14/Jan/2020:00:57:08 +0900] "GET /error/kr/error.jsp HTTP/1.1" 500 3570
110.93.226.131 - - [14/Jan/2020:01:09:27 +0900] "GET /error/kr/error.jsp HTTP/1.1" 500 3570
157.55.39.119 - - [14/Jan/2020:01:10:51 +0900] "GET /error/kr/error.jsp HTTP/1.1" 500 3570
157.55.39.119 - - [14/Jan/2020:01:11:15 +0900] "GET /error/kr/error.jsp HTTP/1.1" 500 3570
40.77.167.103 - - [14/Jan/2020:01:18:41 +0900] "GET /error/kr/error.jsp HTTP/1.1" 500 3570
40.77.167.103 - - [14/Jan/2020:01:19:02 +0900] "GET /error/kr/error.jsp HTTP/1.1" 500 3570
40.77.167.103 - - [14/Jan/2020:01:24:02 +0900] "GET /error/kr/error.jsp HTTP/1.1" 500 3570
157.55.39.36 - - [14/Jan/2020:01:24:20 +0900] "GET /error/kr/error.jsp HTTP/1.1" 500 3570
40.77.167.103 - - [14/Jan/2020:01:24:44 +0900] "GET /error/kr/error.jsp HTTP/1.1" 500 3570
193.111.62.163 - - [14/Jan/2020:01:27:32 +0900] "GET /home/news/news/list.do HTTP/1.1" 200 7091
66.249.73.84 - - [14/Jan/2020:01:27:48 +0900] "GET /error/kr/error.jsp HTTP/1.1" 500 3570
125.209.235.179 - - [14/Jan/2020:01:31:19 +0900] "GET /error/kr/error.jsp HTTP/1.1" 500 3570
157.55.39.157 - - [14/Jan/2020:01:32:39 +0900] "GET /error/kr/error.jsp HTTP/1.1" 500 3570
157.55.39.157 - - [14/Jan/2020:01:33:05 +0900] "GET /error/kr/error.jsp HTTP/1.1" 500 3570
217.112.129.1 - - [14/Jan/2020:01:42:11 +0900] "GET /index.jsp HTTP/1.1" 302 -
157.55.39.157 - - [14/Jan/2020:01:45:40 +0900] "GET /error/kr/error.jsp HTTP/1.1" 500 3570
157.55.39.157 - - [14/Jan/2020:01:46:20 +0900] "GET /error/kr/error.jsp HTTP/1.1" 500 3570
77.75.76.167 - - [14/Jan/2020:01:54:03 +0900] "GET /error/kr/error.jsp HTTP/1.1" 500 3570
77.75.76.167 - - [14/Jan/2020:01:54:06 +0900] "GET /home/contact/contact.do HTTP/1.1" 200 5224
182.32.179.219 - - [14/Jan/2020:01:54:22 +0900] "GET /index.jsp HTTP/1.1" 302 -
182.32.179.219 - - [14/Jan/2020:01:54:22 +0900] "GET /index.jsp?_t=b1578934334 HTTP/1.1" 302 -
182.32.179.219 - - [14/Jan/2020:01:54:22 +0900] "GET /error/kr/error.jsp HTTP/1.1" 500 3570
182.32.179.219 - - [14/Jan/2020:01:54:22 +0900] "GET /home/en/main/main.do HTTP/1.1" 302 -
182.32.179.219 - - [14/Jan/2020:01:54:23 +0900] "GET /index.jsp?_t=b1578934335 HTTP/1.1" 302 -
182.32.179.219 - - [14/Jan/2020:01:54:23 +0900] "GET /home/en/main/main.do HTTP/1.1" 302 -
182.32.179.219 - - [14/Jan/2020:01:54:25 +0900] "GET /home/en/main/main.do HTTP/1.1" 200 8279
182.32.179.219 - - [14/Jan/2020:01:54:25 +0900] "GET /index.jsp?_t=b1578934337 HTTP/1.1" 302 -
182.32.179.219 - - [14/Jan/2020:01:54:25 +0900] "GET /home/en/main/main.do HTTP/1.1" 302 -
182.32.179.219 - - [14/Jan/2020:01:54:26 +0900] "GET /home/en/main/main.do HTTP/1.1" 200 8279
182.32.179.219 - - [14/Jan/2020:01:54:33 +0900] "GET /error/kr/error.jsp HTTP/1.1" 500 3762
167.114.65.240 - - [14/Jan/2020:01:55:33 +0900] "GET /index.jsp HTTP/1.1" 302 -
167.114.65.240 - - [14/Jan/2020:01:55:33 +0900] "GET /home/main/main.do HTTP/1.1" 200 12222
167.114.65.240 - - [14/Jan/2020:01:55:36 +0900] "GET /error/kr/error.jsp HTTP/1.1" 500 3570
167.114.65.240 - - [14/Jan/2020:01:55:36 +0900] "GET /error/kr/error.jsp HTTP/1.1" 500 3570
167.114.65.240 - - [14/Jan/2020:01:55:37 +0900] "GET /home/main/main.do HTTP/1.1" 200 12222
167.114.65.240 - - [14/Jan/2020:01:55:38 +0900] "GET /home/contact/contact.do HTTP/1.1" 200 5224
167.114.65.240 - - [14/Jan/2020:01:55:39 +0900] "GET /home/news/news/view.do?num=2 HTTP/1.1" 200 6974
167.114.65.240 - - [14/Jan/2020:01:55:40 +0900] "GET /home/about/about.do HTTP/1.1" 200 14216
167.114.65.240 - - [14/Jan/2020:01:55:41 +0900] "GET /home/meetourpartners/all.do HTTP/1.1" 200 101569
167.114.65.240 - - [14/Jan/2020:01:55:44 +0900] "GET /home/watwedo/overview.do HTTP/1.1" 200 6147
167.114.65.240 - - [14/Jan/2020:01:55:45 +0900] "GET /home/news/news/list.do HTTP/1.1" 200 7091
167.114.65.240 - - [14/Jan/2020:01:55:46 +0900] "GET /home/whoweare/korea.do HTTP/1.1" 200 30366
167.114.65.240 - - [14/Jan/2020:01:55:47 +0900] "GET /home/en/main/main.do HTTP/1.1" 200 11080
167.114.65.240 - - [14/Jan/2020:01:55:48 +0900] "GET /home/en/contact/contact.do HTTP/1.1" 200 5187
167.114.65.240 - - [14/Jan/2020:01:55:49 +0900] "GET /error/kr/error.jsp HTTP/1.1" 500 3570
167.114.65.240 - - [14/Jan/2020:01:55:49 +0900] "GET /home/main/main.do HTTP/1.1" 302 -
51.91.107.55 - - [14/Jan/2020:01:56:01 +0900] "GET /index.jsp HTTP/1.1" 302 -
51.91.107.55 - - [14/Jan/2020:01:56:01 +0900] "GET /home/main/main.do HTTP/1.1" 200 12222
125.179.52.50 - - [14/Jan/2020:02:03:21 +0900] "GET /filter/checker.jsp?campaignID=712&email=project01c@naver.com&responseEnd=2018-12-28 HTTP/1.1" 404 3570
216.245.212.202 - - [14/Jan/2020:02:03:39 +0900] "GET /index.jsp HTTP/1.0" 302 -
157.55.39.157 - - [14/Jan/2020:02:05:28 +0900] "GET /error/kr/error.jsp HTTP/1.1" 500 3570
157.55.39.157 - - [14/Jan/2020:02:06:29 +0900] "GET /error/kr/error.jsp HTTP/1.1" 500 3570
78.158.161.230 - - [14/Jan/2020:02:09:25 +0900] "GET /index.jsp HTTP/1.1" 302 -
157.55.39.176 - - [14/Jan/2020:02:09:51 +0900] "GET /error/kr/error.jsp HTTP/1.1" 500 3570
157.55.39.176 - - [14/Jan/2020:02:13:28 +0900] "GET /error/kr/error.jsp HTTP/1.1" 500 3570
34.219.207.55 - - [14/Jan/2020:02:15:10 +0900] "GET /index.jsp HTTP/1.1" 302 -
34.219.207.55 - - [14/Jan/2020:02:15:10 +0900] "GET /home/main/main.do HTTP/1.1" 200 12222
157.55.39.176 - - [14/Jan/2020:02:16:42 +0900] "GET /error/kr/error.jsp HTTP/1.1" 500 3570
39.99.137.196 - - [14/Jan/2020:02:17:12 +0900] "GET /error/kr/error.jsp HTTP/1.1" 500 3570
39.99.137.196 - - [14/Jan/2020:02:17:13 +0900] "GET /error/kr/error.jsp HTTP/1.1" 500 3570
157.55.39.176 - - [14/Jan/2020:02:20:09 +0900] "GET /error/kr/error.jsp HTTP/1.1" 500 3570
193.111.62.163 - - [14/Jan/2020:02:20:53 +0900] "GET /home/news/news/list.do HTTP/1.1" 200 7091
89.34.165.127 - - [14/Jan/2020:02:33:20 +0900] "GET /home/en/whoweare/korea.do HTTP/1.1" 200 44383
89.34.165.127 - - [14/Jan/2020:02:33:46 +0900] "GET /home/en/whoweare/korea.do HTTP/1.1" 200 44383
89.34.165.127 - - [14/Jan/2020:02:33:55 +0900] "GET /home/en/whoweare/korea.do HTTP/1.1" 200 44383
89.34.165.127 - - [14/Jan/2020:02:34:01 +0900] "GET /home/en/whoweare/korea.do HTTP/1.1" 200 44383
89.34.165.127 - - [14/Jan/2020:02:34:08 +0900] "GET /home/en/watwedo/overview.do HTTP/1.1" 200 7050
112.97.56.4 - - [14/Jan/2020:02:44:06 +0900] "GET /error/kr/error.jsp HTTP/1.1" 500 3570
119.207.72.111 - - [14/Jan/2020:02:49:28 +0900] "GET /index.jsp HTTP/1.1" 302 -
119.207.72.111 - - [14/Jan/2020:02:49:28 +0900] "GET /home/main/main.do HTTP/1.1" 200 12222
157.55.39.119 - - [14/Jan/2020:02:50:41 +0900] "GET /error/kr/error.jsp HTTP/1.1" 500 3570
157.55.39.119 - - [14/Jan/2020:02:54:35 +0900] "GET /error/kr/error.jsp HTTP/1.1" 500 3570
54.198.165.136 - - [14/Jan/2020:02:55:35 +0900] "GET /error/kr/error.jsp HTTP/1.1" 500 3570
54.198.165.136 - - [14/Jan/2020:02:55:37 +0900] "GET /error/kr/error.jsp HTTP/1.1" 500 3570
66.249.73.86 - - [14/Jan/2020:03:00:34 +0900] "GET /error/kr/error.jsp HTTP/1.1" 500 3570
34.199.176.251 - - [14/Jan/2020:03:02:52 +0900] "GET /home/news/news/view.do?num=2 HTTP/1.1" 200 6974
34.199.176.251 - - [14/Jan/2020:03:02:53 +0900] "GET /home/news/news/view.do HTTP/1.1" 500 3570
34.199.176.251 - - [14/Jan/2020:03:02:55 +0900] "GET /home/news/news/view.do?num=2 HTTP/1.1" 200 6974
34.199.176.251 - - [14/Jan/2020:03:02:55 +0900] "GET /home/news/news/view.do HTTP/1.1" 500 3570
34.199.176.251 - - [14/Jan/2020:03:04:11 +0900] "GET /home/news/news/view.do?num=2 HTTP/1.1" 200 6974
34.199.176.251 - - [14/Jan/2020:03:04:12 +0900] "GET /home/news/news/view.do HTTP/1.1" 500 3570
157.55.39.157 - - [14/Jan/2020:03:05:22 +0900] "GET /error/kr/error.jsp HTTP/1.1" 500 3570
34.199.176.251 - - [14/Jan/2020:03:05:28 +0900] "GET /home/news/news/view.do?num=2 HTTP/1.1" 200 6974
34.199.176.251 - - [14/Jan/2020:03:05:28 +0900] "GET /home/news/news/view.do HTTP/1.1" 500 3570
216.244.66.242 - - [14/Jan/2020:03:08:10 +0900] "GET /error/kr/error.jsp HTTP/1.1" 500 3570
104.222.33.186 - - [14/Jan/2020:03:08:44 +0900] "GET /index.jsp HTTP/1.1" 302 -
104.222.33.186 - - [14/Jan/2020:03:08:44 +0900] "GET /home/en/main/main.do HTTP/1.1" 200 11080
157.55.39.157 - - [14/Jan/2020:03:09:30 +0900] "GET /error/kr/error.jsp HTTP/1.1" 500 3570
157.55.39.119 - - [14/Jan/2020:03:13:34 +0900] "GET /error/kr/error.jsp HTTP/1.1" 500 3570
157.55.39.157 - - [14/Jan/2020:03:17:53 +0900] "GET /error/kr/error.jsp HTTP/1.1" 500 3570
157.55.39.119 - - [14/Jan/2020:03:18:43 +0900] "GET /error/kr/error.jsp HTTP/1.1" 500 3570
119.153.159.26 - - [14/Jan/2020:03:19:51 +0900] "GET /index.jsp HTTP/1.1" 302 -
193.111.62.163 - - [14/Jan/2020:03:20:30 +0900] "GET /home/news/news/list.do HTTP/1.1" 200 7091
157.55.39.119 - - [14/Jan/2020:03:22:02 +0900] "GET /error/kr/error.jsp HTTP/1.1" 500 3570
157.55.39.157 - - [14/Jan/2020:03:22:53 +0900] "GET /error/kr/error.jsp HTTP/1.1" 500 3570
109.94.117.31 - - [14/Jan/2020:03:25:29 +0900] "GET /index.jsp HTTP/1.1" 302 -
157.55.39.119 - - [14/Jan/2020:03:28:15 +0900] "GET /error/kr/error.jsp HTTP/1.1" 500 3570
125.209.235.169 - - [14/Jan/2020:03:31:18 +0900] "GET /error/kr/error.jsp HTTP/1.1" 500 3570
193.238.46.18 - - [14/Jan/2020:03:31:29 +0900] "GET /error/kr/error.jsp HTTP/1.1" 500 3570
103.131.71.49 - - [14/Jan/2020:03:48:08 +0900] "GET /error/kr/error.jsp HTTP/1.1" 500 3570
103.131.71.48 - - [14/Jan/2020:03:48:10 +0900] "GET /error/kr/error.jsp HTTP/1.1" 500 3762
103.131.71.50 - - [14/Jan/2020:03:48:17 +0900] "GET /error/kr/error.jsp HTTP/1.1" 500 3570
139.9.61.200 - - [14/Jan/2020:03:55:22 +0900] "GET /error/kr/error.jsp HTTP/1.1" 500 3570
157.55.39.119 - - [14/Jan/2020:04:08:27 +0900] "GET /error/kr/error.jsp HTTP/1.1" 500 3570
5.232.219.204 - - [14/Jan/2020:04:09:40 +0900] "GET /index.jsp HTTP/1.1" 302 -
207.46.13.193 - - [14/Jan/2020:04:13:21 +0900] "GET /error/kr/error.jsp HTTP/1.1" 500 3570
157.55.39.119 - - [14/Jan/2020:04:13:38 +0900] "GET /error/kr/error.jsp HTTP/1.1" 500 3570
157.55.39.119 - - [14/Jan/2020:04:19:03 +0900] "GET /error/kr/error.jsp HTTP/1.1" 500 3570
207.46.13.193 - - [14/Jan/2020:04:19:37 +0900] "GET /error/kr/error.jsp HTTP/1.1" 500 3570
193.111.62.163 - - [14/Jan/2020:04:20:00 +0900] "GET /home/news/news/list.do HTTP/1.1" 200 7091
51.79.143.221 - - [14/Jan/2020:04:20:08 +0900] "GET /error/kr/error.jsp HTTP/1.1" 500 3570
51.79.143.221 - - [14/Jan/2020:04:20:23 +0900] "GET /index.jsp HTTP/1.1" 302 -
51.79.143.221 - - [14/Jan/2020:04:20:23 +0900] "GET /home/main/main.do HTTP/1.1" 200 12222
157.55.39.119 - - [14/Jan/2020:04:24:01 +0900] "GET /error/kr/error.jsp HTTP/1.1" 500 3570
66.249.73.86 - - [14/Jan/2020:04:31:28 +0900] "GET /error/kr/error.jsp HTTP/1.1" 500 3570
112.171.240.98 - - [14/Jan/2020:04:41:23 +0900] "GET /index.jsp?ko HTTP/1.1" 302 -
112.171.240.98 - - [14/Jan/2020:04:41:23 +0900] "GET /home/main/main.do HTTP/1.1" 200 12222
207.46.13.193 - - [14/Jan/2020:04:42:58 +0900] "GET /error/kr/error.jsp HTTP/1.1" 500 3570
157.55.39.176 - - [14/Jan/2020:04:43:40 +0900] "GET /error/kr/error.jsp HTTP/1.1" 500 3570
207.46.13.193 - - [14/Jan/2020:04:45:44 +0900] "GET /home/news/news/view.do?num=3 HTTP/1.1" 200 71892
207.46.13.193 - - [14/Jan/2020:04:50:00 +0900] "GET /error/kr/error.jsp HTTP/1.1" 500 3570
157.55.39.176 - - [14/Jan/2020:04:50:45 +0900] "GET /error/kr/error.jsp HTTP/1.1" 500 3570
34.222.133.162 - - [14/Jan/2020:04:56:31 +0900] "GET /index.jsp HTTP/1.1" 302 -
34.222.133.162 - - [14/Jan/2020:04:56:31 +0900] "GET /home/main/main.do HTTP/1.1" 200 12222
77.75.78.169 - - [14/Jan/2020:05:07:34 +0900] "GET /error/kr/error.jsp HTTP/1.1" 500 3570
77.75.78.169 - - [14/Jan/2020:05:07:43 +0900] "GET /home/about/about.do HTTP/1.1" 200 14216
157.55.39.157 - - [14/Jan/2020:05:08:12 +0900] "GET /error/kr/error.jsp HTTP/1.1" 500 3570
45.33.66.85 - - [14/Jan/2020:05:12:16 +0900] "GET /error/kr/error.jsp HTTP/1.1" 500 3570
157.55.39.157 - - [14/Jan/2020:05:15:58 +0900] "GET /error/kr/error.jsp HTTP/1.1" 500 3570
193.111.62.163 - - [14/Jan/2020:05:17:23 +0900] "GET /home/news/news/list.do HTTP/1.1" 200 7091
157.55.39.157 - - [14/Jan/2020:05:25:09 +0900] "GET /error/kr/error.jsp HTTP/1.1" 500 3570
223.196.116.106 - - [14/Jan/2020:05:25:36 +0900] "GET /home/en/whoweare/china.do HTTP/1.1" 200 11458
49.44.66.196 - - [14/Jan/2020:05:25:38 +0900] "GET /home/en/main/main.do HTTP/1.1" 200 8279
49.44.66.196 - - [14/Jan/2020:05:25:42 +0900] "GET /error/kr/error.jsp HTTP/1.1" 500 3762
157.55.39.115 - - [14/Jan/2020:05:29:36 +0900] "GET /error/kr/error.jsp HTTP/1.1" 500 3570
125.209.235.185 - - [14/Jan/2020:05:31:19 +0900] "GET /error/kr/error.jsp HTTP/1.1" 500 3570
104.248.83.118 - - [14/Jan/2020:05:36:37 +0900] "GET /index.jsp HTTP/1.1" 302 -
157.55.39.115 - - [14/Jan/2020:05:38:00 +0900] "GET /error/kr/error.jsp HTTP/1.1" 500 3570
66.249.73.86 - - [14/Jan/2020:05:39:37 +0900] "GET /error/kr/error.jsp HTTP/1.1" 500 3570
109.102.111.15 - - [14/Jan/2020:05:41:25 +0900] "GET /index.jsp HTTP/1.1" 302 -
109.102.111.15 - - [14/Jan/2020:05:41:26 +0900] "GET /home/main/main.do HTTP/1.1" 200 12222
109.102.111.15 - - [14/Jan/2020:05:41:26 +0900] "GET /home/about/about.do HTTP/1.1" 200 14216
109.102.111.15 - - [14/Jan/2020:05:41:26 +0900] "GET /home/contact/contact.do HTTP/1.1" 200 5224
109.102.111.15 - - [14/Jan/2020:05:41:27 +0900] "GET /home/main/main.do HTTP/1.1" 200 12222
109.102.111.15 - - [14/Jan/2020:05:41:27 +0900] "GET /home/meetourpartners/all.do HTTP/1.1" 200 101569
109.102.111.15 - - [14/Jan/2020:05:41:28 +0900] "GET /home/watwedo/overview.do HTTP/1.1" 200 6147
109.102.111.15 - - [14/Jan/2020:05:41:28 +0900] "GET /home/watwedo/philosophy.do HTTP/1.1" 200 7162
109.102.111.15 - - [14/Jan/2020:05:41:29 +0900] "GET /home/whoweare/korea.do HTTP/1.1" 200 30366
109.102.111.15 - - [14/Jan/2020:05:41:29 +0900] "GET /home/meetourpartners/domestic.do HTTP/1.1" 200 73451
109.102.111.15 - - [14/Jan/2020:05:41:30 +0900] "GET /home/meetourpartners/overseas.do HTTP/1.1" 200 32620
109.102.111.15 - - [14/Jan/2020:05:41:31 +0900] "GET /home/watwedo/history.do HTTP/1.1" 200 10614
109.102.111.15 - - [14/Jan/2020:05:41:31 +0900] "GET /home/whoweare/china.do HTTP/1.1" 200 10340
109.102.111.15 - - [14/Jan/2020:05:41:31 +0900] "GET /home/en/main/main.do HTTP/1.1" 200 11080
109.102.111.15 - - [14/Jan/2020:05:41:31 +0900] "GET /home/news/news/list.do HTTP/1.1" 200 7091
109.102.111.15 - - [14/Jan/2020:05:41:32 +0900] "GET /home/news/news/view.do?num=1 HTTP/1.1" 200 8971
109.102.111.15 - - [14/Jan/2020:05:41:32 +0900] "GET /https://www.ktb.co.kr/top.jsp HTTP/1.1" 404 3570
109.102.111.15 - - [14/Jan/2020:05:41:33 +0900] "GET /error/kr/error.jsp HTTP/1.1" 500 3570
109.102.111.15 - - [14/Jan/2020:05:41:33 +0900] "GET /home/en/about/about.do HTTP/1.1" 200 14811
109.102.111.15 - - [14/Jan/2020:05:41:34 +0900] "GET /home/en/contact/contact.do HTTP/1.1" 200 5187
109.102.111.15 - - [14/Jan/2020:05:41:34 +0900] "GET /home/en/meetourpartners/all.do HTTP/1.1" 200 95227
109.102.111.15 - - [14/Jan/2020:05:41:35 +0900] "GET /home/en/watwedo/overview.do HTTP/1.1" 200 6156
109.102.111.15 - - [14/Jan/2020:05:41:35 +0900] "GET /home/en/watwedo/philosophy.do HTTP/1.1" 200 7112
109.102.111.15 - - [14/Jan/2020:05:41:35 +0900] "GET /home/en/whoweare/korea.do HTTP/1.1" 200 30344
109.102.111.15 - - [14/Jan/2020:05:41:36 +0900] "GET /home/en/meetourpartners/domestic.do HTTP/1.1" 200 69240
109.102.111.15 - - [14/Jan/2020:05:41:36 +0900] "GET /home/en/meetourpartners/overseas.do HTTP/1.1" 200 31428
109.102.111.15 - - [14/Jan/2020:05:41:37 +0900] "GET /home/en/watwedo/history.do HTTP/1.1" 200 10541
109.102.111.15 - - [14/Jan/2020:05:41:37 +0900] "GET /home/en/whoweare/china.do HTTP/1.1" 200 10353
109.102.111.15 - - [14/Jan/2020:05:41:40 +0900] "GET /error/kr/error.jsp HTTP/1.1" 500 3570
109.102.111.15 - - [14/Jan/2020:05:41:40 +0900] "GET /error/kr/error.jsp HTTP/1.1" 500 3570
109.102.111.15 - - [14/Jan/2020:05:41:41 +0900] "GET /error/kr/error.jsp HTTP/1.1" 500 3570
109.102.111.15 - - [14/Jan/2020:05:41:41 +0900] "GET /error/kr/error.jsp HTTP/1.1" 500 3570
109.102.111.15 - - [14/Jan/2020:05:41:42 +0900] "GET /error/kr/error.jsp HTTP/1.1" 500 3570
109.102.111.15 - - [14/Jan/2020:05:41:42 +0900] "GET /error/kr/error.jsp HTTP/1.1" 500 3570
109.102.111.15 - - [14/Jan/2020:05:41:43 +0900] "GET /error/kr/error.jsp HTTP/1.1" 500 3570
109.102.111.15 - - [14/Jan/2020:05:41:43 +0900] "GET /error/kr/error.jsp HTTP/1.1" 500 3570
109.102.111.15 - - [14/Jan/2020:05:41:44 +0900] "GET /error/kr/error.jsp HTTP/1.1" 500 3570
109.102.111.15 - - [14/Jan/2020:05:41:45 +0900] "GET /error/kr/error.jsp HTTP/1.1" 500 3570
109.102.111.15 - - [14/Jan/2020:05:41:48 +0900] "GET /error/kr/error.jsp HTTP/1.1" 500 3570
109.102.111.15 - - [14/Jan/2020:05:41:49 +0900] "GET /error/kr/error.jsp HTTP/1.1" 500 3570
109.102.111.15 - - [14/Jan/2020:05:41:49 +0900] "GET /error/kr/error.jsp HTTP/1.1" 500 3570
109.102.111.15 - - [14/Jan/2020:05:41:51 +0900] "GET /error/kr/error.jsp HTTP/1.1" 500 3570
109.102.111.15 - - [14/Jan/2020:05:41:51 +0900] "GET /error/kr/error.jsp HTTP/1.1" 500 3570
109.102.111.15 - - [14/Jan/2020:05:41:52 +0900] "GET /error/kr/error.jsp HTTP/1.1" 500 3570
109.102.111.15 - - [14/Jan/2020:05:41:52 +0900] "GET /error/kr/error.jsp HTTP/1.1" 500 3570
109.102.111.15 - - [14/Jan/2020:05:41:53 +0900] "GET /error/kr/error.jsp HTTP/1.1" 500 3570
109.102.111.15 - - [14/Jan/2020:05:41:54 +0900] "GET /error/kr/error.jsp HTTP/1.1" 500 3570
109.102.111.15 - - [14/Jan/2020:05:41:55 +0900] "GET /error/kr/error.jsp HTTP/1.1" 500 3570
109.102.111.15 - - [14/Jan/2020:05:41:55 +0900] "GET /static/home/kr/js/.jsp HTTP/1.1" 404 3570
109.102.111.15 - - [14/Jan/2020:05:41:56 +0900] "GET /error/kr/error.jsp HTTP/1.1" 500 3570
157.55.39.115 - - [14/Jan/2020:05:53:59 +0900] "GET /error/kr/error.jsp HTTP/1.1" 500 3570
157.55.39.115 - - [14/Jan/2020:06:02:45 +0900] "GET /error/kr/error.jsp HTTP/1.1" 500 3570
66.249.65.186 - - [14/Jan/2020:06:12:03 +0900] "GET /error/kr/error.jsp HTTP/1.1" 500 3762
66.249.65.186 - - [14/Jan/2020:06:15:29 +0900] "GET /error/kr/error.jsp HTTP/1.1" 500 3762
34.199.176.251 - - [14/Jan/2020:06:18:35 +0900] "GET /home/news/news/view.do?num=3 HTTP/1.1" 200 5573
34.199.176.251 - - [14/Jan/2020:06:18:36 +0900] "GET /home/news/news/view.do HTTP/1.1" 500 3570
193.111.62.163 - - [14/Jan/2020:06:19:53 +0900] "GET /home/news/news/list.do HTTP/1.1" 200 7091
188.213.49.210 - - [14/Jan/2020:06:28:05 +0900] "GET /error/kr/error.jsp HTTP/1.1" 500 3570
188.213.49.210 - - [14/Jan/2020:06:28:06 +0900] "GET /error/kr/error.jsp HTTP/1.1" 500 3570
197.210.84.219 - - [14/Jan/2020:06:35:26 +0900] "GET /home/en/whoweare/korea.do HTTP/1.1" 200 30344
104.222.43.133 - - [14/Jan/2020:06:37:43 +0900] "GET /index.jsp HTTP/1.1" 302 -
104.222.43.133 - - [14/Jan/2020:06:37:44 +0900] "GET /home/en/main/main.do HTTP/1.1" 200 11080
119.207.72.110 - - [14/Jan/2020:06:38:53 +0900] "GET /home/contact/contact.do HTTP/1.1" 200 5224
157.55.39.66 - - [14/Jan/2020:06:39:42 +0900] "GET /error/kr/error.jsp HTTP/1.1" 500 3570
207.46.13.243 - - [14/Jan/2020:06:42:05 +0900] "GET /error/kr/error.jsp HTTP/1.1" 500 3570
34.199.176.251 - - [14/Jan/2020:06:42:32 +0900] "GET /home/news/news/view.do?num=2 HTTP/1.1" 200 6974
34.199.176.251 - - [14/Jan/2020:06:42:32 +0900] "GET /home/news/news/view.do HTTP/1.1" 500 3570
66.249.73.82 - - [14/Jan/2020:06:45:58 +0900] "GET /error/kr/error.jsp HTTP/1.1" 500 3570
66.249.65.249 - - [14/Jan/2020:06:45:59 +0900] "GET /error/kr/error.jsp HTTP/1.1" 500 3570
212.85.193.46 - - [14/Jan/2020:06:48:18 +0900] "GET /index.jsp HTTP/1.1" 302 -
157.55.39.66 - - [14/Jan/2020:06:49:37 +0900] "GET /error/kr/error.jsp HTTP/1.1" 500 3570
207.46.13.243 - - [14/Jan/2020:06:51:47 +0900] "GET /error/kr/error.jsp HTTP/1.1" 500 3570
39.105.172.178 - - [14/Jan/2020:06:51:49 +0900] "GET /error/kr/error.jsp HTTP/1.1" 500 3570
46.255.98.110 - - [14/Jan/2020:06:55:47 +0900] "GET /index.jsp HTTP/1.1" 302 -
206.253.224.75 - - [14/Jan/2020:06:57:08 +0900] "GET /error/kr/error.jsp HTTP/1.1" 500 3570
206.253.224.75 - - [14/Jan/2020:06:57:09 +0900] "GET /index.jsp HTTP/1.1" 302 -
206.253.224.75 - - [14/Jan/2020:06:57:09 +0900] "GET /home/main/main.do HTTP/1.1" 200 12222
206.253.224.75 - - [14/Jan/2020:06:57:10 +0900] "GET /error/kr/error.jsp HTTP/1.1" 500 3570
206.253.224.75 - - [14/Jan/2020:06:57:11 +0900] "HEAD /index.jsp HTTP/1.1" 302 -
206.253.224.75 - - [14/Jan/2020:06:57:11 +0900] "HEAD /home/main/main.do HTTP/1.1" 200 -
206.253.224.75 - - [14/Jan/2020:06:57:11 +0900] "GET /index.jsp HTTP/1.1" 302 -
206.253.224.75 - - [14/Jan/2020:06:57:12 +0900] "GET /home/main/main.do HTTP/1.1" 200 12222
206.253.224.75 - - [14/Jan/2020:06:57:14 +0900] "GET /error/kr/error.jsp HTTP/1.1" 500 3570
206.253.224.75 - - [14/Jan/2020:06:57:15 +0900] "GET /index.jsp HTTP/1.1" 302 -
206.253.224.75 - - [14/Jan/2020:06:57:15 +0900] "GET /home/main/main.do HTTP/1.1" 200 12222
207.46.13.243 - - [14/Jan/2020:07:05:11 +0900] "GET /error/kr/error.jsp HTTP/1.1" 500 3570
138.68.60.27 - - [14/Jan/2020:07:05:39 +0900] "GET /index.jsp HTTP/1.0" 302 -
138.68.60.27 - - [14/Jan/2020:07:05:39 +0900] "GET /home/main/main.do HTTP/1.0" 200 12222
138.68.60.27 - - [14/Jan/2020:07:06:10 +0900] "GET /index.jsp HTTP/1.0" 302 -
138.68.60.27 - - [14/Jan/2020:07:06:10 +0900] "GET /home/main/main.do HTTP/1.0" 200 12222
206.189.131.213 - - [14/Jan/2020:07:06:11 +0900] "GET /index.jsp HTTP/1.0" 302 -
206.189.131.213 - - [14/Jan/2020:07:06:11 +0900] "GET /home/main/main.do HTTP/1.0" 200 12222
207.46.13.243 - - [14/Jan/2020:07:14:21 +0900] "GET /error/kr/error.jsp HTTP/1.1" 500 3570
193.111.62.163 - - [14/Jan/2020:07:15:27 +0900] "GET /home/news/news/list.do HTTP/1.1" 200 7091
119.207.72.185 - - [14/Jan/2020:07:29:12 +0900] "GET /home/watwedo/overview.do HTTP/1.1" 200 6147
119.207.72.110 - - [14/Jan/2020:07:29:24 +0900] "GET /home/watwedo/history.do HTTP/1.1" 200 10614
125.209.235.169 - - [14/Jan/2020:07:31:19 +0900] "GET /error/kr/error.jsp HTTP/1.1" 500 3570
207.46.13.118 - - [14/Jan/2020:07:35:28 +0900] "GET /error/kr/error.jsp HTTP/1.1" 500 3570
54.206.104.155 - - [14/Jan/2020:07:37:26 +0900] "GET /index.jsp HTTP/1.1" 302 -
54.206.104.155 - - [14/Jan/2020:07:37:27 +0900] "GET /home/main/main.do HTTP/1.1" 200 12222
157.55.39.66 - - [14/Jan/2020:07:39:57 +0900] "GET /home/main/main.do HTTP/1.1" 200 12222
40.77.167.82 - - [14/Jan/2020:07:44:07 +0900] "GET /error/kr/error.jsp HTTP/1.1" 500 3570
194.60.254.128 - - [14/Jan/2020:07:44:34 +0900] "GET /error/kr/error.jsp HTTP/1.1" 500 3570
121.254.147.237 - - [14/Jan/2020:07:52:49 +0900] "GET /index.jsp HTTP/1.1" 302 -
121.254.147.237 - - [14/Jan/2020:07:52:49 +0900] "GET /home/en/main/main.do HTTP/1.1" 200 11080
66.249.73.82 - - [14/Jan/2020:07:59:44 +0900] "GET /error/kr/error.jsp HTTP/1.1" 500 3570
66.249.65.249 - - [14/Jan/2020:08:09:00 +0900] "GET /error/kr/error.jsp HTTP/1.1" 500 3570
193.111.62.163 - - [14/Jan/2020:08:16:01 +0900] "GET /home/news/news/list.do HTTP/1.1" 200 7091
179.228.244.226 - - [14/Jan/2020:08:26:52 +0900] "GET /index.jsp HTTP/1.1" 302 -
40.77.167.82 - - [14/Jan/2020:08:32:10 +0900] "GET /error/kr/error.jsp HTTP/1.1" 500 3570
207.46.13.243 - - [14/Jan/2020:08:33:26 +0900] "GET /error/kr/error.jsp HTTP/1.1" 500 3570
157.55.39.0 - - [14/Jan/2020:08:36:03 +0900] "GET /error/kr/error.jsp HTTP/1.1" 500 3570
40.77.167.82 - - [14/Jan/2020:08:36:17 +0900] "GET /index.jsp HTTP/1.1" 302 -
66.249.73.84 - - [14/Jan/2020:08:37:10 +0900] "GET /error/kr/error.jsp HTTP/1.1" 500 3570
61.103.49.10 - - [14/Jan/2020:08:38:58 +0900] "GET /home/main/main.do HTTP/1.1" 200 12222
40.77.167.82 - - [14/Jan/2020:08:41:51 +0900] "GET /error/kr/error.jsp HTTP/1.1" 500 3570
207.46.13.243 - - [14/Jan/2020:08:43:08 +0900] "GET /error/kr/error.jsp HTTP/1.1" 500 3570
66.249.65.188 - - [14/Jan/2020:08:47:18 +0900] "GET /error/kr/error.jsp HTTP/1.1" 500 3762
61.103.49.10 - - [14/Jan/2020:08:48:19 +0900] "GET /home/main/main.do HTTP/1.1" 200 12222
119.207.72.71 - - [14/Jan/2020:08:48:21 +0900] "GET /home/news/news/list.do HTTP/1.1" 200 7091
119.207.72.70 - - [14/Jan/2020:08:48:25 +0900] "GET /home/news/news/list.do HTTP/1.1" 200 7091
40.77.167.82 - - [14/Jan/2020:08:50:39 +0900] "GET /index.jsp HTTP/1.1" 302 -
157.55.39.20 - - [14/Jan/2020:08:57:51 +0900] "GET /error/kr/error.jsp HTTP/1.1" 500 3762
207.46.13.243 - - [14/Jan/2020:08:57:57 +0900] "GET /home/whoweare/china.do HTTP/1.1" 200 11536
66.249.65.186 - - [14/Jan/2020:08:59:23 +0900] "GET /error/kr/error.jsp HTTP/1.1" 500 3762
40.127.111.29 - - [14/Jan/2020:08:59:41 +0900] "GET /index.jsp HTTP/1.1" 302 -
40.127.111.29 - - [14/Jan/2020:08:59:42 +0900] "GET /home/en/main/main.do HTTP/1.1" 200 11080
77.75.79.109 - - [14/Jan/2020:08:59:43 +0900] "GET /error/kr/error.jsp HTTP/1.1" 500 3570
77.75.79.109 - - [14/Jan/2020:09:00:21 +0900] "GET /home/about/about.do HTTP/1.1" 200 14216
40.127.111.29 - - [14/Jan/2020:09:01:08 +0900] "GET /home/en/contact/contact.do HTTP/1.1" 200 5187
104.41.228.253 - - [14/Jan/2020:09:02:15 +0900] "GET /home/en/about/about.do HTTP/1.1" 200 14811
121.136.8.61 - - [14/Jan/2020:09:09:07 +0900] "GET /home/meetourpartners/domestic.do HTTP/1.1" 200 76259
35.198.191.97 - - [14/Jan/2020:09:11:35 +0900] "GET /home/en/watwedo/overview.do HTTP/1.1" 200 6156
157.55.39.20 - - [14/Jan/2020:09:14:05 +0900] "GET /error/kr/error.jsp HTTP/1.1" 500 3762
157.55.39.66 - - [14/Jan/2020:09:14:07 +0900] "GET /home/en/watwedo/overview.do HTTP/1.1" 200 7050
66.249.65.186 - - [14/Jan/2020:09:17:15 +0900] "GET /error/kr/error.jsp HTTP/1.1" 500 3762
193.111.62.163 - - [14/Jan/2020:09:17:50 +0900] "GET /home/news/news/list.do HTTP/1.1" 200 7091
61.33.184.229 - - [14/Jan/2020:09:22:48 +0900] "GET /index.jsp HTTP/1.1" 302 -
61.33.184.229 - - [14/Jan/2020:09:22:49 +0900] "GET /home/main/main.do HTTP/1.1" 200 12222
61.33.184.229 - - [14/Jan/2020:09:22:51 +0900] "GET /home/news/news/list.do HTTP/1.1" 200 7091
36.110.199.27 - - [14/Jan/2020:09:26:32 +0900] "GET /home/en/whoweare/korea.do HTTP/1.0" 302 -
112.34.110.156 - - [14/Jan/2020:09:26:33 +0900] "GET /home/en/whoweare/korea.do HTTP/1.0" 200 44383
66.249.65.186 - - [14/Jan/2020:09:27:29 +0900] "GET /error/kr/error.jsp HTTP/1.1" 500 3762
40.77.167.82 - - [14/Jan/2020:09:30:09 +0900] "GET /error/kr/error.jsp HTTP/1.1" 500 3570
125.209.235.169 - - [14/Jan/2020:09:31:19 +0900] "GET /error/kr/error.jsp HTTP/1.1" 500 3570
157.55.39.66 - - [14/Jan/2020:09:36:47 +0900] "GET /error/kr/error.jsp HTTP/1.1" 500 3570
66.249.65.186 - - [14/Jan/2020:09:37:18 +0900] "GET /error/kr/error.jsp HTTP/1.1" 500 3762
40.77.167.82 - - [14/Jan/2020:09:39:02 +0900] "GET /error/kr/error.jsp HTTP/1.1" 500 3570
157.55.39.74 - - [14/Jan/2020:09:42:14 +0900] "GET /error/kr/error.jsp HTTP/1.1" 500 3570
167.71.7.64 - - [14/Jan/2020:09:42:16 +0900] "GET /index.jsp HTTP/1.1" 302 -
157.55.39.66 - - [14/Jan/2020:09:45:02 +0900] "GET /error/kr/error.jsp HTTP/1.1" 500 3570
64.233.172.181 - - [14/Jan/2020:09:48:34 +0900] "GET /index.jsp HTTP/1.1" 302 -
64.233.172.183 - - [14/Jan/2020:09:48:34 +0900] "GET /home/main/main.do HTTP/1.1" 200 12222
157.55.39.74 - - [14/Jan/2020:09:50:48 +0900] "GET /error/kr/error.jsp HTTP/1.1" 500 3570
61.103.49.10 - - [14/Jan/2020:09:51:25 +0900] "GET /index.jsp HTTP/1.1" 302 -
61.103.49.10 - - [14/Jan/2020:09:51:25 +0900] "GET /home/main/main.do HTTP/1.1" 200 12222
61.103.49.10 - - [14/Jan/2020:09:51:50 +0900] "GET /home/meetourpartners/all.do HTTP/1.1" 200 101569
34.210.222.208 - - [14/Jan/2020:09:53:54 +0900] "GET /error/kr/error.jsp HTTP/1.1" 500 3570
61.103.49.10 - - [14/Jan/2020:09:54:25 +0900] "GET /home/whoweare/korea.do HTTP/1.1" 200 30366
207.46.13.243 - - [14/Jan/2020:09:55:47 +0900] "GET /home/news/news/view.do?page=1&num=14 HTTP/1.1" 200 6736
34.199.176.251 - - [14/Jan/2020:09:56:57 +0900] "GET /home/news/news/view.do?num=3 HTTP/1.1" 200 5573
34.199.176.251 - - [14/Jan/2020:09:56:57 +0900] "GET /home/news/news/view.do HTTP/1.1" 500 3570
66.249.65.188 - - [14/Jan/2020:09:57:10 +0900] "GET /error/kr/error.jsp HTTP/1.1" 500 3762
157.55.39.66 - - [14/Jan/2020:09:58:36 +0900] "GET /error/kr/error.jsp HTTP/1.1" 500 3570
106.240.33.118 - - [14/Jan/2020:10:00:46 +0900] "GET /index.jsp HTTP/1.1" 302 -
106.240.33.118 - - [14/Jan/2020:10:00:46 +0900] "GET /home/en/main/main.do HTTP/1.1" 200 11080
157.55.39.66 - - [14/Jan/2020:10:08:32 +0900] "GET /error/kr/error.jsp HTTP/1.1" 500 3570
112.222.4.203 - - [14/Jan/2020:10:12:00 +0900] "GET /index.jsp HTTP/1.1" 302 -
112.222.4.203 - - [14/Jan/2020:10:12:00 +0900] "GET /home/en/main/main.do HTTP/1.1" 200 11080
207.46.13.243 - - [14/Jan/2020:10:12:55 +0900] "GET /error/kr/error.jsp HTTP/1.1" 500 3570
112.222.4.203 - - [14/Jan/2020:10:16:04 +0900] "GET /home/en/whoweare/korea.do HTTP/1.1" 200 30344
112.222.4.203 - - [14/Jan/2020:10:16:12 +0900] "GET /home/en/whoweare/china.do HTTP/1.1" 200 10353
112.222.4.203 - - [14/Jan/2020:10:16:17 +0900] "GET /home/en/meetourpartners/all.do HTTP/1.1" 200 95227
45.33.66.85 - - [14/Jan/2020:10:17:14 +0900] "GET /error/kr/error.jsp HTTP/1.1" 500 3570
66.249.65.186 - - [14/Jan/2020:10:17:23 +0900] "GET /error/kr/error.jsp HTTP/1.1" 500 3762
13.228.6.37 - - [14/Jan/2020:10:18:09 +0900] "GET /home/en/meetourpartners/all.do HTTP/1.1" 200 95227
112.222.4.203 - - [14/Jan/2020:10:18:34 +0900] "GET /home/en/meetourpartners/domestic.do HTTP/1.1" 200 69240
119.149.3.95 - - [14/Jan/2020:10:20:49 +0900] "GET /index.jsp HTTP/1.1" 302 -
119.149.3.95 - - [14/Jan/2020:10:20:49 +0900] "GET /home/main/main.do HTTP/1.1" 302 -
119.149.3.95 - - [14/Jan/2020:10:20:49 +0900] "GET /home/main/main.do HTTP/1.1" 200 8898
119.149.3.95 - - [14/Jan/2020:10:20:50 +0900] "GET /error/kr/error.jsp HTTP/1.1" 500 3762
119.149.3.95 - - [14/Jan/2020:10:20:56 +0900] "GET /home/whoweare/korea.do HTTP/1.1" 200 44336
193.111.62.163 - - [14/Jan/2020:10:21:08 +0900] "GET /home/news/news/list.do HTTP/1.1" 200 7091
220.87.142.228 - - [14/Jan/2020:10:23:39 +0900] "GET /index.jsp HTTP/1.1" 302 -
220.87.142.228 - - [14/Jan/2020:10:23:39 +0900] "GET /home/main/main.do HTTP/1.1" 200 12222
207.46.13.243 - - [14/Jan/2020:10:23:55 +0900] "GET /error/kr/error.jsp HTTP/1.1" 500 3570
103.131.71.128 - - [14/Jan/2020:10:25:44 +0900] "GET /error/kr/error.jsp HTTP/1.1" 500 3570
112.222.4.203 - - [14/Jan/2020:10:29:01 +0900] "GET /home/en/meetourpartners/all.do HTTP/1.1" 200 95227
112.222.4.203 - - [14/Jan/2020:10:29:04 +0900] "GET /home/en/contact/contact.do HTTP/1.1" 200 5187
112.222.4.203 - - [14/Jan/2020:10:29:27 +0900] "GET /home/en/meetourpartners/domestic.do HTTP/1.1" 200 69240
112.222.4.203 - - [14/Jan/2020:10:30:23 +0900] "GET /home/en/about/about.do HTTP/1.1" 200 14811
211.232.125.238 - - [14/Jan/2020:10:30:39 +0900] "GET /index.jsp?ko HTTP/1.1" 302 -
211.232.125.238 - - [14/Jan/2020:10:30:39 +0900] "GET /home/main/main.do HTTP/1.1" 200 12222
211.232.125.238 - - [14/Jan/2020:10:30:46 +0900] "GET /home/watwedo/overview.do HTTP/1.1" 200 6147
211.232.125.238 - - [14/Jan/2020:10:30:48 +0900] "GET /home/whoweare/korea.do HTTP/1.1" 200 30366
211.232.125.238 - - [14/Jan/2020:10:30:56 +0900] "GET /home/meetourpartners/all.do HTTP/1.1" 200 101569
118.33.90.240 - - [14/Jan/2020:10:32:33 +0900] "GET /index.jsp HTTP/1.1" 302 -
118.33.90.240 - - [14/Jan/2020:10:32:33 +0900] "GET /home/en/main/main.do HTTP/1.1" 200 11080
118.33.90.240 - - [14/Jan/2020:10:32:38 +0900] "GET /home/en/meetourpartners/all.do HTTP/1.1" 200 95227
118.33.90.240 - - [14/Jan/2020:10:32:39 +0900] "GET /home/en/whoweare/korea.do HTTP/1.1" 200 30344
203.247.149.6 - - [14/Jan/2020:10:33:25 +0900] "GET /index.jsp HTTP/1.1" 302 -
203.247.149.6 - - [14/Jan/2020:10:33:25 +0900] "GET /home/main/main.do HTTP/1.1" 200 12222
203.247.149.6 - - [14/Jan/2020:10:33:28 +0900] "GET /home/watwedo/overview.do HTTP/1.1" 200 6147
203.247.149.6 - - [14/Jan/2020:10:33:34 +0900] "GET /home/whoweare/korea.do HTTP/1.1" 200 30366
203.247.149.6 - - [14/Jan/2020:10:33:36 +0900] "GET /home/watwedo/overview.do HTTP/1.1" 200 6147
203.247.149.6 - - [14/Jan/2020:10:33:41 +0900] "GET /home/whoweare/korea.do HTTP/1.1" 200 30366
110.44.124.165 - - [14/Jan/2020:10:38:48 +0900] "GET /index.jsp HTTP/1.1" 302 -
112.222.4.203 - - [14/Jan/2020:10:41:18 +0900] "GET /home/en/whoweare/korea.do HTTP/1.1" 200 30344
112.222.4.203 - - [14/Jan/2020:10:42:33 +0900] "GET /home/en/about/about.do HTTP/1.1" 200 14811
61.103.49.10 - - [14/Jan/2020:10:44:27 +0900] "GET /home/main/main.do HTTP/1.1" 200 12222
136.24.243.138 - - [14/Jan/2020:10:51:49 +0900] "GET /home/en/whoweare/korea.do HTTP/1.1" 200 30344
136.24.243.138 - - [14/Jan/2020:10:51:59 +0900] "GET /home/en/watwedo/overview.do HTTP/1.1" 200 6156
136.24.243.138 - - [14/Jan/2020:10:52:04 +0900] "GET /home/en/whoweare/korea.do HTTP/1.1" 200 30344
136.24.243.138 - - [14/Jan/2020:10:52:06 +0900] "GET /home/en/about/about.do HTTP/1.1" 200 14811
136.24.243.138 - - [14/Jan/2020:10:52:08 +0900] "GET /home/en/meetourpartners/all.do HTTP/1.1" 200 95227
136.24.243.138 - - [14/Jan/2020:10:52:10 +0900] "GET /home/en/meetourpartners/overseas.do HTTP/1.1" 200 31428
136.24.243.138 - - [14/Jan/2020:10:52:16 +0900] "GET /home/en/about/about.do HTTP/1.1" 200 14811
136.24.243.138 - - [14/Jan/2020:10:52:50 +0900] "GET /home/en/watwedo/overview.do HTTP/1.1" 200 6156
113.77.195.162 - - [14/Jan/2020:10:58:20 +0900] "GET /error/kr/error.jsp HTTP/1.1" 500 3570
35.198.127.180 - - [14/Jan/2020:10:58:24 +0900] "GET /home/en/whoweare/korea.do HTTP/1.1" 200 30344
113.215.38.12 - - [14/Jan/2020:10:59:42 +0900] "GET /error/kr/error.jsp HTTP/1.1" 500 3570
220.181.108.90 - - [14/Jan/2020:11:00:08 +0900] "GET /home/en/main/main.do HTTP/1.1" 200 8279
220.181.108.96 - - [14/Jan/2020:11:00:08 +0900] "GET /error/kr/error.jsp HTTP/1.1" 500 3762
111.206.198.77 - - [14/Jan/2020:11:00:09 +0900] "GET /error/kr/error.jsp HTTP/1.1" 500 3762
111.206.198.37 - - [14/Jan/2020:11:00:10 +0900] "GET /error/kr/error.jsp HTTP/1.1" 500 3762
77.75.77.72 - - [14/Jan/2020:11:01:30 +0900] "GET /error/kr/error.jsp HTTP/1.1" 500 3570
34.216.175.253 - - [14/Jan/2020:11:08:54 +0900] "GET /index.jsp HTTP/1.1" 302 -
34.216.175.253 - - [14/Jan/2020:11:08:54 +0900] "GET /home/main/main.do HTTP/1.1" 200 12222
34.216.175.253 - - [14/Jan/2020:11:08:55 +0900] "GET /home/watwedo/overview.do HTTP/1.1" 200 6147
34.216.175.253 - - [14/Jan/2020:11:08:55 +0900] "GET /home/meetourpartners/all.do HTTP/1.1" 200 101569
34.216.175.253 - - [14/Jan/2020:11:08:55 +0900] "GET /home/watwedo/philosophy.do HTTP/1.1" 200 7162
34.216.175.253 - - [14/Jan/2020:11:08:55 +0900] "GET /home/en/main/main.do HTTP/1.1" 200 11080
34.216.175.253 - - [14/Jan/2020:11:08:55 +0900] "GET /home/about/about.do HTTP/1.1" 200 14216
34.216.175.253 - - [14/Jan/2020:11:08:55 +0900] "GET /home/whoweare/korea.do HTTP/1.1" 200 30366
61.103.49.10 - - [14/Jan/2020:11:09:20 +0900] "GET /home/main/main.do HTTP/1.1" 200 12222
193.111.62.163 - - [14/Jan/2020:11:12:32 +0900] "GET /home/news/news/list.do HTTP/1.1" 200 7091
61.103.49.10 - - [14/Jan/2020:11:14:45 +0900] "GET /index.jsp HTTP/1.1" 302 -
61.103.49.10 - - [14/Jan/2020:11:14:45 +0900] "GET /home/main/main.do HTTP/1.1" 200 12222
61.103.49.10 - - [14/Jan/2020:11:14:47 +0900] "GET /home/whoweare/korea.do HTTP/1.1" 200 30366
61.103.49.10 - - [14/Jan/2020:11:16:50 +0900] "GET /home/main/main.do HTTP/1.1" 200 12222
157.55.39.66 - - [14/Jan/2020:11:21:19 +0900] "GET /error/kr/error.jsp HTTP/1.1" 500 3570
112.221.66.59 - - [14/Jan/2020:11:23:23 +0900] "GET /index.jsp HTTP/1.1" 302 -
112.221.66.59 - - [14/Jan/2020:11:23:23 +0900] "GET /home/main/main.do HTTP/1.1" 200 12222
112.221.66.59 - - [14/Jan/2020:11:23:32 +0900] "GET /home/meetourpartners/all.do HTTP/1.1" 200 101569
139.162.119.197 - - [14/Jan/2020:11:23:40 +0900] "GET /index.jsp HTTP/1.1" 302 -
112.221.66.59 - - [14/Jan/2020:11:23:45 +0900] "GET /home/whoweare/korea.do HTTP/1.1" 200 30366
125.209.235.185 - - [14/Jan/2020:11:31:19 +0900] "GET /error/kr/error.jsp HTTP/1.1" 500 3570
157.55.39.66 - - [14/Jan/2020:11:33:29 +0900] "GET /error/kr/error.jsp HTTP/1.1" 500 3570
1.245.237.72 - - [14/Jan/2020:11:36:05 +0900] "GET /index.jsp HTTP/1.1" 302 -
1.245.237.72 - - [14/Jan/2020:11:36:05 +0900] "GET /home/main/main.do HTTP/1.1" 200 12222
66.249.73.82 - - [14/Jan/2020:11:38:16 +0900] "GET /error/kr/error.jsp HTTP/1.1" 500 3570
173.252.83.1 - - [14/Jan/2020:11:41:54 +0900] "GET /home/main/main.do HTTP/1.1" 200 12222
173.252.83.8 - - [14/Jan/2020:11:41:55 +0900] "GET /home/main/main.do HTTP/1.1" 200 12222
17.58.96.118 - - [14/Jan/2020:11:43:45 +0900] "GET /home/news/news/view.do?num=3 HTTP/1.1" 200 5573
198.240.123.85 - - [14/Jan/2020:11:46:18 +0900] "GET /home/en/whoweare/korea.do HTTP/1.1" 200 44383
66.249.73.82 - - [14/Jan/2020:11:48:14 +0900] "GET /error/kr/error.jsp HTTP/1.1" 500 3570
202.104.183.122 - - [14/Jan/2020:11:49:11 +0900] "GET /error/kr/error.jsp HTTP/1.1" 500 3570
106.51.230.230 - - [14/Jan/2020:11:49:33 +0900] "GET /index.jsp HTTP/1.1" 302 -
106.51.230.230 - - [14/Jan/2020:11:49:34 +0900] "GET /home/en/main/main.do HTTP/1.1" 200 11080
51.79.143.221 - - [14/Jan/2020:11:56:09 +0900] "GET /error/kr/error.jsp HTTP/1.1" 500 3570
51.79.143.221 - - [14/Jan/2020:11:56:23 +0900] "GET /index.jsp HTTP/1.1" 302 -
51.79.143.221 - - [14/Jan/2020:11:56:23 +0900] "GET /home/main/main.do HTTP/1.1" 200 12222
58.150.112.74 - - [14/Jan/2020:11:59:19 +0900] "GET /filter/checker.jsp?campaignID=429&email=kw1961@naver.com&responseEnd=2018-12-14 HTTP/1.1" 404 3570
35.231.41.235 - - [14/Jan/2020:12:02:43 +0900] "GET /error/kr/error.jsp HTTP/1.0" 500 3570
35.231.41.235 - - [14/Jan/2020:12:02:43 +0900] "GET /index.jsp HTTP/1.0" 302 -
35.231.41.235 - - [14/Jan/2020:12:02:44 +0900] "GET /error/kr/error.jsp HTTP/1.0" 500 3570
35.231.41.235 - - [14/Jan/2020:12:02:44 +0900] "GET /home/en/main/main.do HTTP/1.0" 200 11080
61.37.159.138 - - [14/Jan/2020:12:03:37 +0900] "GET /index.jsp HTTP/1.1" 302 -
61.37.159.138 - - [14/Jan/2020:12:03:37 +0900] "GET /home/main/main.do HTTP/1.1" 200 12222
61.37.159.138 - - [14/Jan/2020:12:03:43 +0900] "GET /home/about/about.do HTTP/1.1" 200 14216
61.37.159.138 - - [14/Jan/2020:12:03:48 +0900] "GET /home/contact/contact.do HTTP/1.1" 200 5224
119.207.72.159 - - [14/Jan/2020:12:03:53 +0900] "GET /index.jsp HTTP/1.1" 302 -
119.207.72.159 - - [14/Jan/2020:12:03:53 +0900] "GET /home/main/main.do HTTP/1.1" 200 12222
222.231.30.115 - - [14/Jan/2020:12:06:14 +0900] "GET /index.jsp HTTP/1.1" 302 -
222.231.30.115 - - [14/Jan/2020:12:06:14 +0900] "GET /home/main/main.do HTTP/1.1" 200 12222
222.231.30.115 - - [14/Jan/2020:12:06:16 +0900] "GET /home/main/main.do HTTP/1.1" 200 12222
222.231.30.115 - - [14/Jan/2020:12:06:16 +0900] "GET /home/main/main.do HTTP/1.1" 200 12222
119.207.72.69 - - [14/Jan/2020:12:07:38 +0900] "GET /home/watwedo/overview.do HTTP/1.1" 200 6147
119.207.72.114 - - [14/Jan/2020:12:07:39 +0900] "GET /home/contact/contact.do HTTP/1.1" 200 5224
35.231.41.235 - - [14/Jan/2020:12:10:28 +0900] "GET /error/kr/error.jsp HTTP/1.0" 500 3570
35.231.41.235 - - [14/Jan/2020:12:10:29 +0900] "GET /index.jsp HTTP/1.0" 302 -
35.231.41.235 - - [14/Jan/2020:12:10:29 +0900] "GET /error/kr/error.jsp HTTP/1.0" 500 3570
35.231.41.235 - - [14/Jan/2020:12:10:30 +0900] "GET /home/en/main/main.do HTTP/1.0" 200 11080
183.101.30.19 - - [14/Jan/2020:12:10:55 +0900] "GET /index.jsp HTTP/1.1" 302 -
183.101.30.19 - - [14/Jan/2020:12:10:55 +0900] "GET /home/main/main.do HTTP/1.1" 200 12222
183.101.30.19 - - [14/Jan/2020:12:10:57 +0900] "GET /home/whoweare/korea.do HTTP/1.1" 200 30366
183.101.30.19 - - [14/Jan/2020:12:13:22 +0900] "GET /home/whoweare/korea.do HTTP/1.1" 200 30366
157.45.251.143 - - [14/Jan/2020:12:17:31 +0900] "HEAD /index.jsp HTTP/1.1" 302 -
104.233.233.129 - - [14/Jan/2020:12:18:50 +0900] "GET /error/kr/error.jsp HTTP/1.1" 500 3570
157.45.251.143 - - [14/Jan/2020:12:19:35 +0900] "GET /index.jsp HTTP/1.1" 302 -
157.45.251.143 - - [14/Jan/2020:12:19:36 +0900] "GET /home/en/main/main.do HTTP/1.1" 200 11080
193.111.62.163 - - [14/Jan/2020:12:21:10 +0900] "GET /home/news/news/list.do HTTP/1.1" 200 7091
211.36.145.65 - - [14/Jan/2020:12:25:37 +0900] "GET /index.jsp HTTP/1.1" 302 -
211.36.145.65 - - [14/Jan/2020:12:25:37 +0900] "GET /home/main/main.do HTTP/1.1" 302 -
211.36.145.65 - - [14/Jan/2020:12:25:37 +0900] "GET /home/main/main.do HTTP/1.1" 200 8898
211.36.145.65 - - [14/Jan/2020:12:25:41 +0900] "GET /error/kr/error.jsp HTTP/1.1" 500 3762
211.36.145.65 - - [14/Jan/2020:12:25:50 +0900] "GET /home/contact/contact.do HTTP/1.1" 200 7487
66.249.65.186 - - [14/Jan/2020:12:28:15 +0900] "GET /error/kr/error.jsp HTTP/1.1" 500 3762
77.75.79.11 - - [14/Jan/2020:12:34:58 +0900] "GET /error/kr/error.jsp HTTP/1.1" 500 3570
69.171.251.10 - - [14/Jan/2020:12:38:56 +0900] "GET /index.jsp HTTP/1.1" 302 -
222.72.129.126 - - [14/Jan/2020:12:40:16 +0900] "GET /error/kr/error.jsp HTTP/1.1" 500 3570
222.72.129.126 - - [14/Jan/2020:12:40:24 +0900] "GET /home/contact/contact.do HTTP/1.1" 200 5224
222.72.129.126 - - [14/Jan/2020:12:40:56 +0900] "GET /home/about/about.do HTTP/1.1" 200 14216
27.193.51.102 - - [14/Jan/2020:12:47:15 +0900] "GET /error/kr/error.jsp HTTP/1.1" 500 3570
157.55.39.74 - - [14/Jan/2020:12:53:07 +0900] "GET /error/kr/error.jsp HTTP/1.1" 500 3570
95.142.66.221 - - [14/Jan/2020:13:01:10 +0900] "GET /error/kr/error.jsp HTTP/1.1" 500 3570
119.207.72.108 - - [14/Jan/2020:13:02:05 +0900] "GET /home/news/news/list.do?page=2 HTTP/1.1" 200 6849
119.207.72.75 - - [14/Jan/2020:13:02:09 +0900] "GET /home/news/news/view.do?page=1&num=5 HTTP/1.1" 200 9112
119.207.72.116 - - [14/Jan/2020:13:02:11 +0900] "GET /home/news/news/list.do?page=2 HTTP/1.1" 200 6849
34.80.45.241 - - [14/Jan/2020:13:02:53 +0900] "GET /home/en/whoweare/korea.do HTTP/1.1" 200 44383
183.192.164.85 - - [14/Jan/2020:13:03:52 +0900] "GET /home/en/whoweare/korea.do HTTP/1.1" 200 44383
157.55.39.74 - - [14/Jan/2020:13:05:58 +0900] "GET /error/kr/error.jsp HTTP/1.1" 500 3570
157.55.39.74 - - [14/Jan/2020:13:08:08 +0900] "GET /error/kr/error.jsp HTTP/1.1" 500 3570
34.80.45.241 - - [14/Jan/2020:13:08:20 +0900] "GET /home/en/whoweare/korea.do HTTP/1.1" 200 44383
34.80.45.241 - - [14/Jan/2020:13:08:29 +0900] "GET /home/en/whoweare/korea.do HTTP/1.1" 200 44383
34.80.45.241 - - [14/Jan/2020:13:08:31 +0900] "GET /home/en/whoweare/korea.do HTTP/1.1" 200 44383
34.80.45.241 - - [14/Jan/2020:13:08:34 +0900] "GET /home/en/whoweare/korea.do HTTP/1.1" 200 44383
45.144.2.66 - - [14/Jan/2020:13:08:41 +0900] "GET /index.jsp HTTP/1.1" 302 -
34.80.45.241 - - [14/Jan/2020:13:08:46 +0900] "GET /home/en/whoweare/korea.do HTTP/1.1" 200 44383
34.80.45.241 - - [14/Jan/2020:13:10:27 +0900] "GET /home/en/whoweare/korea.do HTTP/1.1" 200 44383
34.80.45.241 - - [14/Jan/2020:13:11:53 +0900] "GET /home/en/whoweare/korea.do HTTP/1.1" 200 44383
34.80.45.241 - - [14/Jan/2020:13:12:16 +0900] "GET /home/en/whoweare/korea.do HTTP/1.1" 200 44383
193.111.62.163 - - [14/Jan/2020:13:12:23 +0900] "GET /home/news/news/list.do HTTP/1.1" 200 7091
125.141.105.43 - - [14/Jan/2020:13:13:03 +0900] "GET /index.jsp?ko HTTP/1.1" 302 -
125.141.105.43 - - [14/Jan/2020:13:13:03 +0900] "GET /home/main/main.do HTTP/1.1" 200 12222
125.141.105.43 - - [14/Jan/2020:13:13:05 +0900] "GET /home/main/main.do HTTP/1.1" 200 12222
34.80.45.241 - - [14/Jan/2020:13:13:31 +0900] "GET /home/en/whoweare/korea.do HTTP/1.1" 200 44383
34.80.45.241 - - [14/Jan/2020:13:13:47 +0900] "GET /home/en/whoweare/korea.do HTTP/1.1" 200 44383
34.80.45.241 - - [14/Jan/2020:13:13:59 +0900] "GET /home/en/whoweare/korea.do HTTP/1.1" 200 44383
38.99.62.91 - - [14/Jan/2020:13:14:44 +0900] "GET /home/en/meetourpartners/all.do HTTP/1.1" 200 95227
38.99.62.91 - - [14/Jan/2020:13:15:24 +0900] "GET /home/en/meetourpartners/all.do HTTP/1.1" 200 95227
113.249.194.99 - - [14/Jan/2020:13:16:12 +0900] "GET /error/kr/error.jsp HTTP/1.1" 500 3570
38.99.62.91 - - [14/Jan/2020:13:16:54 +0900] "GET /home/meetourpartners/all.do HTTP/1.1" 200 101569
